-------Fetch-------2019-07-31 15:36:32.239495: Tweet filed under "misc":----------Data----------
{ 'contributors': None,
  'coordinates': None,
  'created_at': 'Wed Jul 31 19:36:03 +0000 2019',
  'entities': { 'hashtags': [ {'indices': [71, 74], 'text': 'ad'},
                              {'indices': [75, 79], 'text': 'wsj'},
                              {'indices': [80, 88], 'text': 'nytimes'},
                              {'indices': [89, 97], 'text': 'reuters'},
                              {'indices': [98, 108], 'text': 'bloomberg'}],
                'symbols': [{'indices': [0, 5], 'text': 'BTHR'}],
                'urls': [ { 'display_url': 'bit.ly/2GeVael',
                            'expanded_url': 'http://bit.ly/2GeVael',
                            'indices': [47, 70],
                            'url': 'https://t.co/WZALGnfl0w'},
                          { 'display_url': 'twitter.com/i/web/status/1…',
                            'expanded_url': 'https://twitter.com/i/web/status/1156649745722593281',
                            'indices': [110, 133],
                            'url': 'https://t.co/yQyGhX7ONr'}],
                'user_mentions': []},
  'favorite_count': 0,
  'favorited': False,
  'geo': None,
  'id': 1156649745722593281,
  'id_str': '1156649745722593281',
  'in_reply_to_screen_name': None,
  'in_reply_to_status_id': None,
  'in_reply_to_status_id_str': None,
  'in_reply_to_user_id': None,
  'in_reply_to_user_id_str': None,
  'is_quote_status': False,
  'lang': 'en',
  'metadata': {'iso_language_code': 'en', 'result_type': 'recent'},
  'place': None,
  'possibly_sensitive': False,
  'retweet_count': 0,
  'retweeted': False,
  'source': '<a href="https://sproutsocial.com" rel="nofollow">Sprout '
            'Social</a>',
  'text': '$BTHR has CLOSED its Acquisition of LYSN, Inc.\n'
          'https://t.co/WZALGnfl0w #ad #wsj #nytimes #reuters #bloomberg… '
          'https://t.co/yQyGhX7ONr',
  'truncated': True,
  'user': { 'contributors_enabled': False,
            'created_at': 'Thu Nov 03 07:01:52 +0000 2016',
            'default_profile': True,
            'default_profile_image': False,
            'description': 'We manage your social information you want sent '
                           'out.',
            'entities': {'description': {'urls': []}},
            'favourites_count': 0,
            'follow_request_sent': None,
            'followers_count': 5988,
            'following': None,
            'friends_count': 2542,
            'geo_enabled': False,
            'has_extended_profile': False,
            'id': 794072082665631744,
            'id_str': '794072082665631744',
            'is_translation_enabled': False,
            'is_translator': False,
            'lang': None,
            'listed_count': 25,
            'location': 'United States',
            'name': 'NY Social Send',
            'notifications': None,
            'profile_background_color': 'F5F8FA',
            'profile_background_image_url': None,
            'profile_background_image_url_https': None,
            'profile_background_tile': False,
            'profile_banner_url': 'https://pbs.twimg.com/profile_banners/794072082665631744/1535037937',
            'profile_image_url': 'http://pbs.twimg.com/profile_images/1032650129642119170/TIwj3aS3_normal.jpg',
            'profile_image_url_https': 'https://pbs.twimg.com/profile_images/1032650129642119170/TIwj3aS3_normal.jpg',
            'profile_link_color': '1DA1F2',
            'profile_sidebar_border_color': 'C0DEED',
            'profile_sidebar_fill_color': 'DDEEF6',
            'profile_text_color': '333333',
            'profile_use_background_image': True,
            'protected': False,
            'screen_name': 'NYsocialsend',
            'statuses_count': 7321,
            'time_zone': None,
            'translator_type': 'none',
            'url': None,
            'utc_offset': None,
            'verified': False}}
----------Summary----------
{ 'entities': { 'urls': { 'display_url': 'twitter.com/i/web/status/1…',
                          'expanded_url': 'https://twitter.com/i/web/status/1156649745722593281'}},
  'id_str': '1156649745722593281',
  'text': '$bthr has closed its acquisition of lysn, inc. '
          'https://t.co/wzalgnfl0w #ad #wsj #nytimes #reuters #bloomberg '
          'https://t.co/yqyghx7onr',
  'user': { 'entities': {},
            'id_str': '794072082665631744',
            'twitter_user': 'NYsocialsend'}}
----------Groups----------
-------Fetch-------2019-07-31 15:39:07.638056: Tweet filed under "misc":----------Data----------
{ 'contributors': None,
  'coordinates': None,
  'created_at': 'Wed Jul 31 19:38:20 +0000 2019',
  'entities': { 'hashtags': [],
                'symbols': [],
                'urls': [],
                'user_mentions': [ { 'id': 31544554,
                                     'id_str': '31544554',
                                     'indices': [3, 15],
                                     'name': 'Omar Bham (Crypt0)',
                                     'screen_name': 'crypt0snews'}]},
  'favorite_count': 0,
  'favorited': False,
  'geo': None,
  'id': 1156650318375075842,
  'id_str': '1156650318375075842',
  'in_reply_to_screen_name': None,
  'in_reply_to_status_id': None,
  'in_reply_to_status_id_str': None,
  'in_reply_to_user_id': None,
  'in_reply_to_user_id_str': None,
  'is_quote_status': False,
  'lang': 'en',
  'metadata': {'iso_language_code': 'en', 'result_type': 'recent'},
  'place': None,
  'retweet_count': 3,
  'retweeted': False,
  'retweeted_status': { 'contributors': None,
                        'coordinates': None,
                        'created_at': 'Wed Jul 31 19:36:11 +0000 2019',
                        'entities': { 'hashtags': [],
                                      'symbols': [],
                                      'urls': [ { 'display_url': 'twitter.com/i/web/status/1…',
                                                  'expanded_url': 'https://twitter.com/i/web/status/1156649781126524929',
                                                  'indices': [117, 140],
                                                  'url': 'https://t.co/oNh3j7fHme'}],
                                      'user_mentions': []},
                        'favorite_count': 7,
                        'favorited': False,
                        'geo': None,
                        'id': 1156649781126524929,
                        'id_str': '1156649781126524929',
                        'in_reply_to_screen_name': None,
                        'in_reply_to_status_id': None,
                        'in_reply_to_status_id_str': None,
                        'in_reply_to_user_id': None,
                        'in_reply_to_user_id_str': None,
                        'is_quote_status': False,
                        'lang': 'en',
                        'metadata': { 'iso_language_code': 'en',
                                      'result_type': 'recent'},
                        'place': None,
                        'retweet_count': 3,
                        'retweeted': False,
                        'source': '<a href="https://mobile.twitter.com" '
                                  'rel="nofollow">Twitter Web App</a>',
                        'text': 'Interest rates have just been cut (first in '
                                '10 years!) FUELING free money into BiTC and '
                                'other "risky" assets... unp… '
                                'https://t.co/oNh3j7fHme',
                        'truncated': True,
                        'user': { 'contributors_enabled': False,
                                  'created_at': 'Wed Apr 15 22:32:29 +0000 '
                                                '2009',
                                  'default_profile': False,
                                  'default_profile_image': False,
                                  'description': 'The Latest Cryptocurrency '
                                                 'News, Sentiments, & '
                                                 'Opinions! - YouTube Content '
                                                 'Creator & L.A. based Actor',
                                  'entities': { 'description': {'urls': []},
                                                'url': { 'urls': [ { 'display_url': 'youtube.com/crypt0',
                                                                     'expanded_url': 'https://www.youtube.com/crypt0',
                                                                     'indices': [ 0,
                                                                                  23],
                                                                     'url': 'https://t.co/8FjcqY0KjH'}]}},
                                  'favourites_count': 37703,
                                  'follow_request_sent': None,
                                  'followers_count': 39072,
                                  'following': None,
                                  'friends_count': 99,
                                  'geo_enabled': False,
                                  'has_extended_profile': True,
                                  'id': 31544554,
                                  'id_str': '31544554',
                                  'is_translation_enabled': False,
                                  'is_translator': False,
                                  'lang': None,
                                  'listed_count': 585,
                                  'location': 'Los Angeles, CA',
                                  'name': 'Omar Bham (Crypt0)',
                                  'notifications': None,
                                  'profile_background_color': '000000',
                                  'profile_background_image_url': 'http://abs.twimg.com/images/themes/theme10/bg.gif',
                                  'profile_background_image_url_https': 'https://abs.twimg.com/images/themes/theme10/bg.gif',
                                  'profile_background_tile': False,
                                  'profile_banner_url': 'https://pbs.twimg.com/profile_banners/31544554/1494099859',
                                  'profile_image_url': 'http://pbs.twimg.com/profile_images/1151888075464699904/qrkAYKH5_normal.jpg',
                                  'profile_image_url_https': 'https://pbs.twimg.com/profile_images/1151888075464699904/qrkAYKH5_normal.jpg',
                                  'profile_link_color': '981CEB',
                                  'profile_sidebar_border_color': '000000',
                                  'profile_sidebar_fill_color': '000000',
                                  'profile_text_color': '000000',
                                  'profile_use_background_image': False,
                                  'protected': False,
                                  'screen_name': 'crypt0snews',
                                  'statuses_count': 9657,
                                  'time_zone': None,
                                  'translator_type': 'none',
                                  'url': 'https://t.co/8FjcqY0KjH',
                                  'utc_offset': None,
                                  'verified': False}},
  'source': '<a href="http://twitter.com/download/android" '
            'rel="nofollow">Twitter for Android</a>',
  'text': 'RT @crypt0snews: Interest rates have just been cut (first in 10 '
          'years!) FUELING free money into BiTC and other "risky" assets... '
          'unpreceden…',
  'truncated': False,
  'user': { 'contributors_enabled': False,
            'created_at': 'Tue Jan 29 10:52:12 +0000 2013',
            'default_profile': False,
            'default_profile_image': False,
            'description': 'World Traveller , Philosophy apprentice,  '
                           'Consciousness Explorer , Space + Science '
                           'Enthusiast, History Nut',
            'entities': {'description': {'urls': []}},
            'favourites_count': 15458,
            'follow_request_sent': None,
            'followers_count': 476,
            'following': None,
            'friends_count': 887,
            'geo_enabled': True,
            'has_extended_profile': False,
            'id': 1130699100,
            'id_str': '1130699100',
            'is_translation_enabled': False,
            'is_translator': False,
            'lang': None,
            'listed_count': 29,
            'location': 'Utrecht, The Netherlands',
            'name': 'Tomo',
            'notifications': None,
            'profile_background_color': '000000',
            'profile_background_image_url': 'http://abs.twimg.com/images/themes/theme1/bg.png',
            'profile_background_image_url_https': 'https://abs.twimg.com/images/themes/theme1/bg.png',
            'profile_background_tile': False,
            'profile_banner_url': 'https://pbs.twimg.com/profile_banners/1130699100/1548179868',
            'profile_image_url': 'http://pbs.twimg.com/profile_images/1087770995665133571/yzIDqFbd_normal.jpg',
            'profile_image_url_https': 'https://pbs.twimg.com/profile_images/1087770995665133571/yzIDqFbd_normal.jpg',
            'profile_link_color': '1B95E0',
            'profile_sidebar_border_color': '000000',
            'profile_sidebar_fill_color': '000000',
            'profile_text_color': '000000',
            'profile_use_background_image': False,
            'protected': False,
            'screen_name': 'JaredMcKraken',
            'statuses_count': 12165,
            'time_zone': None,
            'translator_type': 'none',
            'url': None,
            'utc_offset': None,
            'verified': False}}
----------Summary----------
{ 'entities': {},
  'id_str': '1156650318375075842',
  'retweeted_status': { 'entities': { 'urls': { 'display_url': 'twitter.com/i/web/status/1…',
                                                'expanded_url': 'https://twitter.com/i/web/status/1156649781126524929'}},
                        'id_str': '1156649781126524929',
                        'text': 'interest rates have just been cut (first in '
                                '10 years!) fueling free money into bitc and '
                                'other "risky" assets... unp '
                                'https://t.co/onh3j7fhme',
                        'user': { 'entities': {},
                                  'id_str': '31544554',
                                  'twitter_user': 'crypt0snews'}},
  'text': 'rt @crypt0snews: interest rates have just been cut (first in 10 '
          'years!) fueling free money into bitc and other "risky" assets... '
          'unpreceden',
  'user': { 'entities': {},
            'id_str': '1130699100',
            'twitter_user': 'JaredMcKraken'}}
----------Groups----------
{ 'Bitcoin': ['bitcoin', 'Bitcoin', 'btc', 'satoshi nakamoto'],
  'Ethereum': ['ethereum', 'Ethereum', 'eth', 'vitalik buterin'],
  'Litecoin': ['litecoin', 'Litecoin', 'ltc', 'charles lee'],
  'Monero': ['monero', 'Monero', 'xmr', 'riccardo spagni'],
  'Ripple': [ 'ripple',
              'Ripple',
              'xrp',
              'xrapid',
              'xcurrent',
              'chris larsen',
              'jed mccaleb']}
---------------------------Fetch-------2019-07-31 15:39:09.507825: Tweet filed under "misc":----------Data----------
{ 'contributors': None,
  'coordinates': None,
  'created_at': 'Wed Jul 31 19:38:05 +0000 2019',
  'entities': { 'hashtags': [],
                'symbols': [],
                'urls': [],
                'user_mentions': [ { 'id': 31544554,
                                     'id_str': '31544554',
                                     'indices': [3, 15],
                                     'name': 'Omar Bham (Crypt0)',
                                     'screen_name': 'crypt0snews'}]},
  'favorite_count': 0,
  'favorited': False,
  'geo': None,
  'id': 1156650258157301763,
  'id_str': '1156650258157301763',
  'in_reply_to_screen_name': None,
  'in_reply_to_status_id': None,
  'in_reply_to_status_id_str': None,
  'in_reply_to_user_id': None,
  'in_reply_to_user_id_str': None,
  'is_quote_status': False,
  'lang': 'en',
  'metadata': {'iso_language_code': 'en', 'result_type': 'recent'},
  'place': None,
  'retweet_count': 3,
  'retweeted': False,
  'retweeted_status': { 'contributors': None,
                        'coordinates': None,
                        'created_at': 'Wed Jul 31 19:36:11 +0000 2019',
                        'entities': { 'hashtags': [],
                                      'symbols': [],
                                      'urls': [ { 'display_url': 'twitter.com/i/web/status/1…',
                                                  'expanded_url': 'https://twitter.com/i/web/status/1156649781126524929',
                                                  'indices': [117, 140],
                                                  'url': 'https://t.co/oNh3j7fHme'}],
                                      'user_mentions': []},
                        'favorite_count': 7,
                        'favorited': False,
                        'geo': None,
                        'id': 1156649781126524929,
                        'id_str': '1156649781126524929',
                        'in_reply_to_screen_name': None,
                        'in_reply_to_status_id': None,
                        'in_reply_to_status_id_str': None,
                        'in_reply_to_user_id': None,
                        'in_reply_to_user_id_str': None,
                        'is_quote_status': False,
                        'lang': 'en',
                        'metadata': { 'iso_language_code': 'en',
                                      'result_type': 'recent'},
                        'place': None,
                        'retweet_count': 3,
                        'retweeted': False,
                        'source': '<a href="https://mobile.twitter.com" '
                                  'rel="nofollow">Twitter Web App</a>',
                        'text': 'Interest rates have just been cut (first in '
                                '10 years!) FUELING free money into BiTC and '
                                'other "risky" assets... unp… '
                                'https://t.co/oNh3j7fHme',
                        'truncated': True,
                        'user': { 'contributors_enabled': False,
                                  'created_at': 'Wed Apr 15 22:32:29 +0000 '
                                                '2009',
                                  'default_profile': False,
                                  'default_profile_image': False,
                                  'description': 'The Latest Cryptocurrency '
                                                 'News, Sentiments, & '
                                                 'Opinions! - YouTube Content '
                                                 'Creator & L.A. based Actor',
                                  'entities': { 'description': {'urls': []},
                                                'url': { 'urls': [ { 'display_url': 'youtube.com/crypt0',
                                                                     'expanded_url': 'https://www.youtube.com/crypt0',
                                                                     'indices': [ 0,
                                                                                  23],
                                                                     'url': 'https://t.co/8FjcqY0KjH'}]}},
                                  'favourites_count': 37703,
                                  'follow_request_sent': None,
                                  'followers_count': 39072,
                                  'following': None,
                                  'friends_count': 99,
                                  'geo_enabled': False,
                                  'has_extended_profile': True,
                                  'id': 31544554,
                                  'id_str': '31544554',
                                  'is_translation_enabled': False,
                                  'is_translator': False,
                                  'lang': None,
                                  'listed_count': 585,
                                  'location': 'Los Angeles, CA',
                                  'name': 'Omar Bham (Crypt0)',
                                  'notifications': None,
                                  'profile_background_color': '000000',
                                  'profile_background_image_url': 'http://abs.twimg.com/images/themes/theme10/bg.gif',
                                  'profile_background_image_url_https': 'https://abs.twimg.com/images/themes/theme10/bg.gif',
                                  'profile_background_tile': False,
                                  'profile_banner_url': 'https://pbs.twimg.com/profile_banners/31544554/1494099859',
                                  'profile_image_url': 'http://pbs.twimg.com/profile_images/1151888075464699904/qrkAYKH5_normal.jpg',
                                  'profile_image_url_https': 'https://pbs.twimg.com/profile_images/1151888075464699904/qrkAYKH5_normal.jpg',
                                  'profile_link_color': '981CEB',
                                  'profile_sidebar_border_color': '000000',
                                  'profile_sidebar_fill_color': '000000',
                                  'profile_text_color': '000000',
                                  'profile_use_background_image': False,
                                  'protected': False,
                                  'screen_name': 'crypt0snews',
                                  'statuses_count': 9657,
                                  'time_zone': None,
                                  'translator_type': 'none',
                                  'url': 'https://t.co/8FjcqY0KjH',
                                  'utc_offset': None,
                                  'verified': False}},
  'source': '<a href="http://twitter.com/download/android" '
            'rel="nofollow">Twitter for Android</a>',
  'text': 'RT @crypt0snews: Interest rates have just been cut (first in 10 '
          'years!) FUELING free money into BiTC and other "risky" assets... '
          'unpreceden…',
  'truncated': False,
  'user': { 'contributors_enabled': False,
            'created_at': 'Sat May 25 01:05:33 +0000 2013',
            'default_profile': False,
            'default_profile_image': False,
            'description': 'Realtor ®️ Real Estate Agent @RealtyOneGroup '
                           '@RealtyONEnews / Bitcoin 🚀🌙',
            'entities': { 'description': {'urls': []},
                          'url': { 'urls': [ { 'display_url': 'ZaidKamal.com',
                                               'expanded_url': 'http://www.ZaidKamal.com',
                                               'indices': [0, 23],
                                               'url': 'https://t.co/tWIMocLfCh'}]}},
            'favourites_count': 11878,
            'follow_request_sent': None,
            'followers_count': 368,
            'following': None,
            'friends_count': 388,
            'geo_enabled': False,
            'has_extended_profile': True,
            'id': 1455644718,
            'id_str': '1455644718',
            'is_translation_enabled': False,
            'is_translator': False,
            'lang': None,
            'listed_count': 2,
            'location': 'Laguna Niguel, CA',
            'name': 'Zaid K.',
            'notifications': None,
            'profile_background_color': '000000',
            'profile_background_image_url': 'http://abs.twimg.com/images/themes/theme1/bg.png',
            'profile_background_image_url_https': 'https://abs.twimg.com/images/themes/theme1/bg.png',
            'profile_background_tile': False,
            'profile_banner_url': 'https://pbs.twimg.com/profile_banners/1455644718/1513037592',
            'profile_image_url': 'http://pbs.twimg.com/profile_images/1100244350230032385/Z4V-FYMS_normal.jpg',
            'profile_image_url_https': 'https://pbs.twimg.com/profile_images/1100244350230032385/Z4V-FYMS_normal.jpg',
            'profile_link_color': '1B95E0',
            'profile_sidebar_border_color': '000000',
            'profile_sidebar_fill_color': '000000',
            'profile_text_color': '000000',
            'profile_use_background_image': False,
            'protected': False,
            'screen_name': 'ZKamal23',
            'statuses_count': 6559,
            'time_zone': None,
            'translator_type': 'none',
            'url': 'https://t.co/tWIMocLfCh',
            'utc_offset': None,
            'verified': False}}
----------Summary----------
{ 'entities': {},
  'id_str': '1156650258157301763',
  'retweeted_status': { 'entities': { 'urls': { 'display_url': 'twitter.com/i/web/status/1…',
                                                'expanded_url': 'https://twitter.com/i/web/status/1156649781126524929'}},
                        'id_str': '1156649781126524929',
                        'text': 'interest rates have just been cut (first in '
                                '10 years!) fueling free money into bitc and '
                                'other "risky" assets... unp '
                                'https://t.co/onh3j7fhme',
                        'user': { 'entities': {},
                                  'id_str': '31544554',
                                  'twitter_user': 'crypt0snews'}},
  'text': 'rt @crypt0snews: interest rates have just been cut (first in 10 '
          'years!) fueling free money into bitc and other "risky" assets... '
          'unpreceden',
  'user': {'entities': {}, 'id_str': '1455644718', 'twitter_user': 'ZKamal23'}}
----------Groups----------
{ 'Bitcoin': ['bitcoin', 'Bitcoin', 'btc', 'satoshi nakamoto'],
  'Ethereum': ['ethereum', 'Ethereum', 'eth', 'vitalik buterin'],
  'Litecoin': ['litecoin', 'Litecoin', 'ltc', 'charles lee'],
  'Monero': ['monero', 'Monero', 'xmr', 'riccardo spagni'],
  'Ripple': [ 'ripple',
              'Ripple',
              'xrp',
              'xrapid',
              'xcurrent',
              'chris larsen',
              'jed mccaleb']}
---------------------------Fetch-------2019-07-31 15:39:13.018238: Tweet filed under "misc":----------Data----------
{ 'contributors': None,
  'coordinates': None,
  'created_at': 'Wed Jul 31 19:37:52 +0000 2019',
  'entities': { 'hashtags': [],
                'symbols': [],
                'urls': [],
                'user_mentions': [ { 'id': 1027959268354531329,
                                     'id_str': '1027959268354531329',
                                     'indices': [3, 19],
                                     'name': 'The Collective',
                                     'screen_name': 'TheCollectiveGo'}]},
  'favorite_count': 0,
  'favorited': False,
  'geo': None,
  'id': 1156650202616537089,
  'id_str': '1156650202616537089',
  'in_reply_to_screen_name': None,
  'in_reply_to_status_id': None,
  'in_reply_to_status_id_str': None,
  'in_reply_to_user_id': None,
  'in_reply_to_user_id_str': None,
  'is_quote_status': False,
  'lang': 'en',
  'metadata': {'iso_language_code': 'en', 'result_type': 'recent'},
  'place': None,
  'retweet_count': 203,
  'retweeted': False,
  'retweeted_status': { 'contributors': None,
                        'coordinates': None,
                        'created_at': 'Fri Jul 12 21:14:00 +0000 2019',
                        'entities': { 'hashtags': [],
                                      'symbols': [],
                                      'urls': [ { 'display_url': 'twitter.com/i/web/status/1…',
                                                  'expanded_url': 'https://twitter.com/i/web/status/1149789026465001472',
                                                  'indices': [117, 140],
                                                  'url': 'https://t.co/dkikBQiWI1'}],
                                      'user_mentions': []},
                        'favorite_count': 276,
                        'favorited': False,
                        'geo': None,
                        'id': 1149789026465001472,
                        'id_str': '1149789026465001472',
                        'in_reply_to_screen_name': None,
                        'in_reply_to_status_id': None,
                        'in_reply_to_status_id_str': None,
                        'in_reply_to_user_id': None,
                        'in_reply_to_user_id_str': None,
                        'is_quote_status': False,
                        'lang': 'en',
                        'metadata': { 'iso_language_code': 'en',
                                      'result_type': 'recent'},
                        'place': None,
                        'retweet_count': 203,
                        'retweeted': False,
                        'source': '<a '
                                  'href="https://about.twitter.com/products/tweetdeck" '
                                  'rel="nofollow">TweetDeck</a>',
                        'text': 'Has mass adoption already begun without us '
                                'knowing? Some of the biggest institutions and '
                                'Governmental bodies are no… '
                                'https://t.co/dkikBQiWI1',
                        'truncated': True,
                        'user': { 'contributors_enabled': False,
                                  'created_at': 'Fri Aug 10 16:46:02 +0000 '
                                                '2018',
                                  'default_profile': True,
                                  'default_profile_image': False,
                                  'description': 'The premier crypto social '
                                                 'media management company. '
                                                 '#thecollectivego #btc #eth '
                                                 '#crypto Telegram '
                                                 'https://t.co/tDbCgOAWJA',
                                  'entities': { 'description': { 'urls': [ { 'display_url': 't.me/TheCollectiveGO',
                                                                             'expanded_url': 'https://t.me/TheCollectiveGO',
                                                                             'indices': [ 96,
                                                                                          119],
                                                                             'url': 'https://t.co/tDbCgOAWJA'}]},
                                                'url': { 'urls': [ { 'display_url': 'thecollectivegroup.org',
                                                                     'expanded_url': 'https://thecollectivegroup.org',
                                                                     'indices': [ 0,
                                                                                  23],
                                                                     'url': 'https://t.co/8cI5XpIRxv'}]}},
                                  'favourites_count': 635,
                                  'follow_request_sent': None,
                                  'followers_count': 5974,
                                  'following': None,
                                  'friends_count': 166,
                                  'geo_enabled': False,
                                  'has_extended_profile': True,
                                  'id': 1027959268354531329,
                                  'id_str': '1027959268354531329',
                                  'is_translation_enabled': False,
                                  'is_translator': False,
                                  'lang': None,
                                  'listed_count': 26,
                                  'location': 'Guernsey',
                                  'name': 'The Collective',
                                  'notifications': None,
                                  'profile_background_color': 'F5F8FA',
                                  'profile_background_image_url': None,
                                  'profile_background_image_url_https': None,
                                  'profile_background_tile': False,
                                  'profile_banner_url': 'https://pbs.twimg.com/profile_banners/1027959268354531329/1547672437',
                                  'profile_image_url': 'http://pbs.twimg.com/profile_images/1084133190875398144/FQ7ReTfb_normal.jpg',
                                  'profile_image_url_https': 'https://pbs.twimg.com/profile_images/1084133190875398144/FQ7ReTfb_normal.jpg',
                                  'profile_link_color': '1DA1F2',
                                  'profile_sidebar_border_color': 'C0DEED',
                                  'profile_sidebar_fill_color': 'DDEEF6',
                                  'profile_text_color': '333333',
                                  'profile_use_background_image': True,
                                  'protected': False,
                                  'screen_name': 'TheCollectiveGo',
                                  'statuses_count': 670,
                                  'time_zone': None,
                                  'translator_type': 'none',
                                  'url': 'https://t.co/8cI5XpIRxv',
                                  'utc_offset': None,
                                  'verified': False}},
  'source': '<a href="http://twitter.com" rel="nofollow">Twitter Web '
            'Client</a>',
  'text': 'RT @TheCollectiveGo: Has mass adoption already begun without us '
          'knowing? Some of the biggest institutions and Governmental bodies '
          'are now s…',
  'truncated': False,
  'user': { 'contributors_enabled': False,
            'created_at': 'Mon Feb 11 21:20:08 +0000 2019',
            'default_profile': True,
            'default_profile_image': False,
            'description': 'Yaşıyorum merkez',
            'entities': {'description': {'urls': []}},
            'favourites_count': 50,
            'follow_request_sent': None,
            'followers_count': 36,
            'following': None,
            'friends_count': 128,
            'geo_enabled': False,
            'has_extended_profile': False,
            'id': 1095069999088259073,
            'id_str': '1095069999088259073',
            'is_translation_enabled': False,
            'is_translator': False,
            'lang': None,
            'listed_count': 0,
            'location': '',
            'name': 'Ölmedim Merkez',
            'notifications': None,
            'profile_background_color': 'F5F8FA',
            'profile_background_image_url': None,
            'profile_background_image_url_https': None,
            'profile_background_tile': False,
            'profile_banner_url': 'https://pbs.twimg.com/profile_banners/1095069999088259073/1564050675',
            'profile_image_url': 'http://pbs.twimg.com/profile_images/1095092305969721344/fxxLN483_normal.jpg',
            'profile_image_url_https': 'https://pbs.twimg.com/profile_images/1095092305969721344/fxxLN483_normal.jpg',
            'profile_link_color': '1DA1F2',
            'profile_sidebar_border_color': 'C0DEED',
            'profile_sidebar_fill_color': 'DDEEF6',
            'profile_text_color': '333333',
            'profile_use_background_image': True,
            'protected': False,
            'screen_name': 'olmedimerkez',
            'statuses_count': 59,
            'time_zone': None,
            'translator_type': 'none',
            'url': None,
            'utc_offset': None,
            'verified': False}}
----------Summary----------
{ 'entities': {},
  'id_str': '1156650202616537089',
  'retweeted_status': { 'entities': { 'urls': { 'display_url': 'twitter.com/i/web/status/1…',
                                                'expanded_url': 'https://twitter.com/i/web/status/1149789026465001472'}},
                        'id_str': '1149789026465001472',
                        'text': 'has mass adoption already begun without us '
                                'knowing? some of the biggest institutions and '
                                'governmental bodies are no '
                                'https://t.co/dkikbqiwi1',
                        'user': { 'entities': {},
                                  'id_str': '1027959268354531329',
                                  'twitter_user': 'TheCollectiveGo'}},
  'text': 'rt @thecollectivego: has mass adoption already begun without us '
          'knowing? some of the biggest institutions and governmental bodies '
          'are now s',
  'user': { 'entities': {},
            'id_str': '1095069999088259073',
            'twitter_user': 'olmedimerkez'}}
----------Groups----------
{ 'Bitcoin': ['bitcoin', 'Bitcoin', 'btc', 'satoshi nakamoto'],
  'Ethereum': ['ethereum', 'Ethereum', 'eth', 'vitalik buterin'],
  'Litecoin': ['litecoin', 'Litecoin', 'ltc', 'charles lee'],
  'Monero': ['monero', 'Monero', 'xmr', 'riccardo spagni'],
  'Ripple': [ 'ripple',
              'Ripple',
              'xrp',
              'xrapid',
              'xcurrent',
              'chris larsen',
              'jed mccaleb']}
---------------------------Fetch-------2019-07-31 15:39:14.184769: Tweet filed under "misc":----------Data----------
{ 'contributors': None,
  'coordinates': None,
  'created_at': 'Wed Jul 31 19:37:40 +0000 2019',
  'entities': { 'hashtags': [],
                'symbols': [],
                'urls': [ { 'display_url': 'buff.ly/2Ycpbqd',
                            'expanded_url': 'https://buff.ly/2Ycpbqd',
                            'indices': [108, 131],
                            'url': 'https://t.co/8SSd9hc6se'}],
                'user_mentions': [ { 'id': 918922778073620481,
                                     'id_str': '918922778073620481',
                                     'indices': [3, 13],
                                     'name': 'CoinMetro',
                                     'screen_name': 'CoinMetro'}]},
  'favorite_count': 0,
  'favorited': False,
  'geo': None,
  'id': 1156650150892380160,
  'id_str': '1156650150892380160',
  'in_reply_to_screen_name': None,
  'in_reply_to_status_id': None,
  'in_reply_to_status_id_str': None,
  'in_reply_to_user_id': None,
  'in_reply_to_user_id_str': None,
  'is_quote_status': False,
  'lang': 'en',
  'metadata': {'iso_language_code': 'en', 'result_type': 'recent'},
  'place': None,
  'possibly_sensitive': False,
  'retweet_count': 2,
  'retweeted': False,
  'retweeted_status': { 'contributors': None,
                        'coordinates': None,
                        'created_at': 'Wed Jul 31 17:15:05 +0000 2019',
                        'entities': { 'hashtags': [],
                                      'symbols': [],
                                      'urls': [ { 'display_url': 'twitter.com/i/web/status/1…',
                                                  'expanded_url': 'https://twitter.com/i/web/status/1156614271129784320',
                                                  'indices': [94, 117],
                                                  'url': 'https://t.co/eIW6QPNxIf'}],
                                      'user_mentions': []},
                        'favorite_count': 1,
                        'favorited': False,
                        'geo': None,
                        'id': 1156614271129784320,
                        'id_str': '1156614271129784320',
                        'in_reply_to_screen_name': None,
                        'in_reply_to_status_id': None,
                        'in_reply_to_status_id_str': None,
                        'in_reply_to_user_id': None,
                        'in_reply_to_user_id_str': None,
                        'is_quote_status': False,
                        'lang': 'en',
                        'metadata': { 'iso_language_code': 'en',
                                      'result_type': 'recent'},
                        'place': None,
                        'possibly_sensitive': False,
                        'retweet_count': 2,
                        'retweeted': False,
                        'source': '<a href="https://buffer.com" '
                                  'rel="nofollow">Buffer</a>',
                        'text': 'Remember, you can always listen to "This Week '
                                'in Crypto" on-the-go on our SoundCloud '
                                'channel… https://t.co/eIW6QPNxIf',
                        'truncated': True,
                        'user': { 'contributors_enabled': False,
                                  'created_at': 'Fri Oct 13 19:33:57 +0000 '
                                                '2017',
                                  'default_profile': False,
                                  'default_profile_image': False,
                                  'description': 'https://t.co/IzjPxs3hv0 A '
                                                 'one-of-a-kind, fintech '
                                                 'platform fueling the future '
                                                 'of blockchain innovation.',
                                  'entities': { 'description': { 'urls': [ { 'display_url': 't.me/CoinMetro',
                                                                             'expanded_url': 'https://t.me/CoinMetro',
                                                                             'indices': [ 0,
                                                                                          23],
                                                                             'url': 'https://t.co/IzjPxs3hv0'}]},
                                                'url': { 'urls': [ { 'display_url': 'coinmetro.com',
                                                                     'expanded_url': 'http://coinmetro.com',
                                                                     'indices': [ 0,
                                                                                  23],
                                                                     'url': 'https://t.co/3vjC4Wlko6'}]}},
                                  'favourites_count': 221,
                                  'follow_request_sent': None,
                                  'followers_count': 3883,
                                  'following': None,
                                  'friends_count': 93,
                                  'geo_enabled': False,
                                  'has_extended_profile': True,
                                  'id': 918922778073620481,
                                  'id_str': '918922778073620481',
                                  'is_translation_enabled': False,
                                  'is_translator': False,
                                  'lang': None,
                                  'listed_count': 68,
                                  'location': 'Tallinn, Estonia',
                                  'name': 'CoinMetro',
                                  'notifications': None,
                                  'profile_background_color': '000000',
                                  'profile_background_image_url': 'http://abs.twimg.com/images/themes/theme1/bg.png',
                                  'profile_background_image_url_https': 'https://abs.twimg.com/images/themes/theme1/bg.png',
                                  'profile_background_tile': False,
                                  'profile_banner_url': 'https://pbs.twimg.com/profile_banners/918922778073620481/1546414276',
                                  'profile_image_url': 'http://pbs.twimg.com/profile_images/1080365557894078464/SjqY5vrl_normal.jpg',
                                  'profile_image_url_https': 'https://pbs.twimg.com/profile_images/1080365557894078464/SjqY5vrl_normal.jpg',
                                  'profile_link_color': 'FAB81E',
                                  'profile_sidebar_border_color': '000000',
                                  'profile_sidebar_fill_color': '000000',
                                  'profile_text_color': '000000',
                                  'profile_use_background_image': False,
                                  'protected': False,
                                  'screen_name': 'CoinMetro',
                                  'statuses_count': 1433,
                                  'time_zone': None,
                                  'translator_type': 'none',
                                  'url': 'https://t.co/3vjC4Wlko6',
                                  'utc_offset': None,
                                  'verified': False}},
  'source': '<a href="http://twitter.com/download/iphone" '
            'rel="nofollow">Twitter for iPhone</a>',
  'text': 'RT @CoinMetro: Remember, you can always listen to "This Week in '
          'Crypto" on-the-go on our SoundCloud channel '
          'https://t.co/8SSd9hc6se\n'
          '#CoinMe…',
  'truncated': False,
  'user': { 'contributors_enabled': False,
            'created_at': 'Wed May 18 18:35:38 +0000 2016',
            'default_profile': True,
            'default_profile_image': False,
            'description': '#worldtraveling | #stickfigurefan | #FCTwente | '
                           '#cheers on the #everlastingweekend',
            'entities': {'description': {'urls': []}},
            'favourites_count': 992,
            'follow_request_sent': None,
            'followers_count': 70,
            'following': None,
            'friends_count': 201,
            'geo_enabled': False,
            'has_extended_profile': True,
            'id': 733003126203125762,
            'id_str': '733003126203125762',
            'is_translation_enabled': False,
            'is_translator': False,
            'lang': None,
            'listed_count': 0,
            'location': 'Traveling south east asia',
            'name': 'Sander van Eyck',
            'notifications': None,
            'profile_background_color': 'F5F8FA',
            'profile_background_image_url': None,
            'profile_background_image_url_https': None,
            'profile_background_tile': False,
            'profile_banner_url': 'https://pbs.twimg.com/profile_banners/733003126203125762/1463603408',
            'profile_image_url': 'http://pbs.twimg.com/profile_images/733031178823970818/YFarxqte_normal.jpg',
            'profile_image_url_https': 'https://pbs.twimg.com/profile_images/733031178823970818/YFarxqte_normal.jpg',
            'profile_link_color': '1DA1F2',
            'profile_sidebar_border_color': 'C0DEED',
            'profile_sidebar_fill_color': 'DDEEF6',
            'profile_text_color': '333333',
            'profile_use_background_image': True,
            'protected': False,
            'screen_name': 'SanderEyck',
            'statuses_count': 388,
            'time_zone': None,
            'translator_type': 'none',
            'url': None,
            'utc_offset': None,
            'verified': False}}
----------Summary----------
{ 'entities': { 'urls': { 'display_url': 'buff.ly/2Ycpbqd',
                          'expanded_url': 'https://buff.ly/2Ycpbqd'}},
  'id_str': '1156650150892380160',
  'retweeted_status': { 'entities': { 'urls': { 'display_url': 'twitter.com/i/web/status/1…',
                                                'expanded_url': 'https://twitter.com/i/web/status/1156614271129784320'}},
                        'id_str': '1156614271129784320',
                        'text': 'remember, you can always listen to "this week '
                                'in crypto" on-the-go on our soundcloud '
                                'channel https://t.co/eiw6qpnxif',
                        'user': { 'entities': {},
                                  'id_str': '918922778073620481',
                                  'twitter_user': 'CoinMetro'}},
  'text': 'rt @coinmetro: remember, you can always listen to "this week in '
          'crypto" on-the-go on our soundcloud channel https://t.co/8ssd9hc6se '
          '#coinme',
  'user': { 'entities': {},
            'id_str': '733003126203125762',
            'twitter_user': 'SanderEyck'}}
----------Groups----------
{ 'Bitcoin': ['bitcoin', 'Bitcoin', 'btc', 'satoshi nakamoto'],
  'Ethereum': ['ethereum', 'Ethereum', 'eth', 'vitalik buterin'],
  'Litecoin': ['litecoin', 'Litecoin', 'ltc', 'charles lee'],
  'Monero': ['monero', 'Monero', 'xmr', 'riccardo spagni'],
  'Ripple': [ 'ripple',
              'Ripple',
              'xrp',
              'xrapid',
              'xcurrent',
              'chris larsen',
              'jed mccaleb']}
---------------------------Fetch-------2019-07-31 15:39:15.055681: Tweet filed under "misc":----------Data----------
{ 'contributors': None,
  'coordinates': None,
  'created_at': 'Wed Jul 31 19:37:35 +0000 2019',
  'entities': { 'hashtags': [],
                'symbols': [],
                'urls': [ { 'display_url': 'finance.yahoo.com/news/tratok-de…',
                            'expanded_url': 'https://finance.yahoo.com/news/tratok-deploys-blockchain-ecosystem-reinforcing-050000049.html',
                            'indices': [112, 135],
                            'url': 'https://t.co/UZnghm60aj'}],
                'user_mentions': [ { 'id': 1074963749000413184,
                                     'id_str': '1074963749000413184',
                                     'indices': [3, 11],
                                     'name': 'Tratok Token',
                                     'screen_name': 'TratokT'}]},
  'favorite_count': 0,
  'favorited': False,
  'geo': None,
  'id': 1156650132261130240,
  'id_str': '1156650132261130240',
  'in_reply_to_screen_name': None,
  'in_reply_to_status_id': None,
  'in_reply_to_status_id_str': None,
  'in_reply_to_user_id': None,
  'in_reply_to_user_id_str': None,
  'is_quote_status': False,
  'lang': 'en',
  'metadata': {'iso_language_code': 'en', 'result_type': 'recent'},
  'place': None,
  'possibly_sensitive': False,
  'retweet_count': 213,
  'retweeted': False,
  'retweeted_status': { 'contributors': None,
                        'coordinates': None,
                        'created_at': 'Tue Jul 30 07:44:11 +0000 2019',
                        'entities': { 'hashtags': [],
                                      'symbols': [],
                                      'urls': [ { 'display_url': 'twitter.com/i/web/status/1…',
                                                  'expanded_url': 'https://twitter.com/i/web/status/1156108210744508417',
                                                  'indices': [99, 122],
                                                  'url': 'https://t.co/M8mag2tq9L'}],
                                      'user_mentions': []},
                        'favorite_count': 275,
                        'favorited': False,
                        'geo': None,
                        'id': 1156108210744508417,
                        'id_str': '1156108210744508417',
                        'in_reply_to_screen_name': None,
                        'in_reply_to_status_id': None,
                        'in_reply_to_status_id_str': None,
                        'in_reply_to_user_id': None,
                        'in_reply_to_user_id_str': None,
                        'is_quote_status': False,
                        'lang': 'en',
                        'metadata': { 'iso_language_code': 'en',
                                      'result_type': 'recent'},
                        'place': None,
                        'possibly_sensitive': False,
                        'retweet_count': 213,
                        'retweeted': False,
                        'source': '<a href="https://mobile.twitter.com" '
                                  'rel="nofollow">Twitter Web App</a>',
                        'text': 'Tratok deploys a new blockchain ecosystem, '
                                "reinforcing the UAE's position as a tourist "
                                'superpower… https://t.co/M8mag2tq9L',
                        'truncated': True,
                        'user': { 'contributors_enabled': False,
                                  'created_at': 'Tue Dec 18 09:45:04 +0000 '
                                                '2018',
                                  'default_profile': True,
                                  'default_profile_image': False,
                                  'description': 'Welcome to the official '
                                                 'Twitter of the Tratok '
                                                 'Project. Support us while we '
                                                 'disrupt the global travel '
                                                 'and tourism industry and '
                                                 'make travel accessible for '
                                                 'all!',
                                  'entities': { 'description': {'urls': []},
                                                'url': { 'urls': [ { 'display_url': 'tratok.com',
                                                                     'expanded_url': 'https://tratok.com',
                                                                     'indices': [ 0,
                                                                                  23],
                                                                     'url': 'https://t.co/eJMEIzldXB'}]}},
                                  'favourites_count': 572,
                                  'follow_request_sent': None,
                                  'followers_count': 5207,
                                  'following': None,
                                  'friends_count': 52,
                                  'geo_enabled': False,
                                  'has_extended_profile': True,
                                  'id': 1074963749000413184,
                                  'id_str': '1074963749000413184',
                                  'is_translation_enabled': False,
                                  'is_translator': False,
                                  'lang': None,
                                  'listed_count': 9,
                                  'location': 'Dubai, United Arab Emirates',
                                  'name': 'Tratok Token',
                                  'notifications': None,
                                  'profile_background_color': 'F5F8FA',
                                  'profile_background_image_url': None,
                                  'profile_background_image_url_https': None,
                                  'profile_background_tile': False,
                                  'profile_image_url': 'http://pbs.twimg.com/profile_images/1074964571465633797/if0qfkCA_normal.jpg',
                                  'profile_image_url_https': 'https://pbs.twimg.com/profile_images/1074964571465633797/if0qfkCA_normal.jpg',
                                  'profile_link_color': '1DA1F2',
                                  'profile_sidebar_border_color': 'C0DEED',
                                  'profile_sidebar_fill_color': 'DDEEF6',
                                  'profile_text_color': '333333',
                                  'profile_use_background_image': True,
                                  'protected': False,
                                  'screen_name': 'TratokT',
                                  'statuses_count': 60,
                                  'time_zone': None,
                                  'translator_type': 'none',
                                  'url': 'https://t.co/eJMEIzldXB',
                                  'utc_offset': None,
                                  'verified': False}},
  'source': '<a href="https://mobile.twitter.com" rel="nofollow">Twitter Web '
            'App</a>',
  'text': 'RT @TratokT: Tratok deploys a new blockchain ecosystem, reinforcing '
          "the UAE's position as a tourist superpower\n"
          '\n'
          'https://t.co/UZnghm60aj\n'
          '\n'
          '#T…',
  'truncated': False,
  'user': { 'contributors_enabled': False,
            'created_at': 'Tue Jun 04 14:58:59 +0000 2013',
            'default_profile': True,
            'default_profile_image': False,
            'description': 'Gospel recording artiste | song writer, music '
                           'director | praise and worship leader | Gods own '
                           'project | +2348139401341',
            'entities': { 'description': {'urls': []},
                          'url': { 'urls': [ { 'display_url': 'loveworldmusictv.com/baba-much-jayr…',
                                               'expanded_url': 'http://www.loveworldmusictv.com/baba-much-jayrex/',
                                               'indices': [0, 23],
                                               'url': 'https://t.co/bgcvcvLq3N'}]}},
            'favourites_count': 299,
            'follow_request_sent': None,
            'followers_count': 897,
            'following': None,
            'friends_count': 2893,
            'geo_enabled': True,
            'has_extended_profile': True,
            'id': 1482467562,
            'id_str': '1482467562',
            'is_translation_enabled': False,
            'is_translator': False,
            'lang': None,
            'listed_count': 4,
            'location': 'BBM 7B43516F',
            'name': '#Babayoutoomuch',
            'notifications': None,
            'profile_background_color': 'C0DEED',
            'profile_background_image_url': 'http://abs.twimg.com/images/themes/theme1/bg.png',
            'profile_background_image_url_https': 'https://abs.twimg.com/images/themes/theme1/bg.png',
            'profile_background_tile': False,
            'profile_banner_url': 'https://pbs.twimg.com/profile_banners/1482467562/1478957621',
            'profile_image_url': 'http://pbs.twimg.com/profile_images/962024730210353154/Ua3Qe8mR_normal.jpg',
            'profile_image_url_https': 'https://pbs.twimg.com/profile_images/962024730210353154/Ua3Qe8mR_normal.jpg',
            'profile_link_color': '1DA1F2',
            'profile_sidebar_border_color': 'C0DEED',
            'profile_sidebar_fill_color': 'DDEEF6',
            'profile_text_color': '333333',
            'profile_use_background_image': True,
            'protected': False,
            'screen_name': 'IamJayrex',
            'statuses_count': 1534,
            'time_zone': None,
            'translator_type': 'none',
            'url': 'https://t.co/bgcvcvLq3N',
            'utc_offset': None,
            'verified': False}}
----------Summary----------
{ 'entities': { 'urls': { 'display_url': 'finance.yahoo.com/news/tratok-de…',
                          'expanded_url': 'https://finance.yahoo.com/news/tratok-deploys-blockchain-ecosystem-reinforcing-050000049.html'}},
  'id_str': '1156650132261130240',
  'retweeted_status': { 'entities': { 'urls': { 'display_url': 'twitter.com/i/web/status/1…',
                                                'expanded_url': 'https://twitter.com/i/web/status/1156108210744508417'}},
                        'id_str': '1156108210744508417',
                        'text': 'tratok deploys a new blockchain ecosystem, '
                                "reinforcing the uae's position as a tourist "
                                'superpower https://t.co/m8mag2tq9l',
                        'user': { 'entities': {},
                                  'id_str': '1074963749000413184',
                                  'twitter_user': 'TratokT'}},
  'text': 'rt @tratokt: tratok deploys a new blockchain ecosystem, reinforcing '
          "the uae's position as a tourist superpower  "
          'https://t.co/uznghm60aj  #t',
  'user': {'entities': {}, 'id_str': '1482467562', 'twitter_user': 'IamJayrex'}}
----------Groups----------
{ 'Bitcoin': ['bitcoin', 'Bitcoin', 'btc', 'satoshi nakamoto'],
  'Ethereum': ['ethereum', 'Ethereum', 'eth', 'vitalik buterin'],
  'Litecoin': ['litecoin', 'Litecoin', 'ltc', 'charles lee'],
  'Monero': ['monero', 'Monero', 'xmr', 'riccardo spagni'],
  'Ripple': [ 'ripple',
              'Ripple',
              'xrp',
              'xrapid',
              'xcurrent',
              'chris larsen',
              'jed mccaleb']}
---------------------------Fetch-------2019-07-31 15:39:15.364275: Tweet filed under "misc":----------Data----------
{ 'contributors': None,
  'coordinates': None,
  'created_at': 'Wed Jul 31 19:37:34 +0000 2019',
  'entities': { 'hashtags': [],
                'symbols': [],
                'urls': [],
                'user_mentions': [ { 'id': 936336524546920449,
                                     'id_str': '936336524546920449',
                                     'indices': [3, 13],
                                     'name': 'HubrisOne',
                                     'screen_name': 'HubrisOne'}]},
  'favorite_count': 0,
  'favorited': False,
  'geo': None,
  'id': 1156650125294362624,
  'id_str': '1156650125294362624',
  'in_reply_to_screen_name': None,
  'in_reply_to_status_id': None,
  'in_reply_to_status_id_str': None,
  'in_reply_to_user_id': None,
  'in_reply_to_user_id_str': None,
  'is_quote_status': False,
  'lang': 'en',
  'metadata': {'iso_language_code': 'en', 'result_type': 'recent'},
  'place': None,
  'retweet_count': 10,
  'retweeted': False,
  'retweeted_status': { 'contributors': None,
                        'coordinates': None,
                        'created_at': 'Wed Jul 31 13:06:02 +0000 2019',
                        'entities': { 'hashtags': [],
                                      'symbols': [],
                                      'urls': [ { 'display_url': 'twitter.com/i/web/status/1…',
                                                  'expanded_url': 'https://twitter.com/i/web/status/1156551593107628032',
                                                  'indices': [116, 139],
                                                  'url': 'https://t.co/VPzigRYGv5'}],
                                      'user_mentions': []},
                        'favorite_count': 38,
                        'favorited': False,
                        'geo': None,
                        'id': 1156551593107628032,
                        'id_str': '1156551593107628032',
                        'in_reply_to_screen_name': None,
                        'in_reply_to_status_id': None,
                        'in_reply_to_status_id_str': None,
                        'in_reply_to_user_id': None,
                        'in_reply_to_user_id_str': None,
                        'is_quote_status': False,
                        'lang': 'en',
                        'metadata': { 'iso_language_code': 'en',
                                      'result_type': 'recent'},
                        'place': None,
                        'possibly_sensitive': False,
                        'retweet_count': 10,
                        'retweeted': False,
                        'source': '<a href="https://buffer.com" '
                                  'rel="nofollow">Buffer</a>',
                        'text': 'With HubrisOne app it’s super simple to send '
                                'and receive crypto using username or email '
                                'and exchange between 100’s… '
                                'https://t.co/VPzigRYGv5',
                        'truncated': True,
                        'user': { 'contributors_enabled': False,
                                  'created_at': 'Thu Nov 30 20:49:58 +0000 '
                                                '2017',
                                  'default_profile': True,
                                  'default_profile_image': False,
                                  'description': 'We Make It Easy To Buy, '
                                                 'Sell, And Store Crypto & '
                                                 'Fiat Currencies. Fully '
                                                 'Licensed and Regulated - '
                                                 'Powered by the HBRS token 📲',
                                  'entities': { 'description': {'urls': []},
                                                'url': { 'urls': [ { 'display_url': 'hubrisone.com',
                                                                     'expanded_url': 'http://www.hubrisone.com',
                                                                     'indices': [ 0,
                                                                                  23],
                                                                     'url': 'https://t.co/N4Urtd8iGn'}]}},
                                  'favourites_count': 9916,
                                  'follow_request_sent': None,
                                  'followers_count': 7783,
                                  'following': None,
                                  'friends_count': 1562,
                                  'geo_enabled': True,
                                  'has_extended_profile': False,
                                  'id': 936336524546920449,
                                  'id_str': '936336524546920449',
                                  'is_translation_enabled': False,
                                  'is_translator': False,
                                  'lang': None,
                                  'listed_count': 49,
                                  'location': 'London, England',
                                  'name': 'HubrisOne',
                                  'notifications': None,
                                  'profile_background_color': 'F5F8FA',
                                  'profile_background_image_url': None,
                                  'profile_background_image_url_https': None,
                                  'profile_background_tile': False,
                                  'profile_banner_url': 'https://pbs.twimg.com/profile_banners/936336524546920449/1555098019',
                                  'profile_image_url': 'http://pbs.twimg.com/profile_images/1102620008503488512/iGBs5lvS_normal.jpg',
                                  'profile_image_url_https': 'https://pbs.twimg.com/profile_images/1102620008503488512/iGBs5lvS_normal.jpg',
                                  'profile_link_color': '1DA1F2',
                                  'profile_sidebar_border_color': 'C0DEED',
                                  'profile_sidebar_fill_color': 'DDEEF6',
                                  'profile_text_color': '333333',
                                  'profile_use_background_image': True,
                                  'protected': False,
                                  'screen_name': 'HubrisOne',
                                  'statuses_count': 1953,
                                  'time_zone': None,
                                  'translator_type': 'none',
                                  'url': 'https://t.co/N4Urtd8iGn',
                                  'utc_offset': None,
                                  'verified': False}},
  'source': '<a href="http://twitter.com/download/android" '
            'rel="nofollow">Twitter for Android</a>',
  'text': 'RT @HubrisOne: With HubrisOne app it’s super simple to send and '
          'receive crypto using username or email and exchange between 100’s '
          'of crypto…',
  'truncated': False,
  'user': { 'contributors_enabled': False,
            'created_at': 'Thu Apr 12 19:10:27 +0000 2018',
            'default_profile': True,
            'default_profile_image': False,
            'description': '',
            'entities': {'description': {'urls': []}},
            'favourites_count': 33,
            'follow_request_sent': None,
            'followers_count': 752,
            'following': None,
            'friends_count': 4578,
            'geo_enabled': True,
            'has_extended_profile': False,
            'id': 984509066956255233,
            'id_str': '984509066956255233',
            'is_translation_enabled': False,
            'is_translator': False,
            'lang': None,
            'listed_count': 8,
            'location': '',
            'name': 'christopher Anora',
            'notifications': None,
            'profile_background_color': 'F5F8FA',
            'profile_background_image_url': None,
            'profile_background_image_url_https': None,
            'profile_background_tile': False,
            'profile_banner_url': 'https://pbs.twimg.com/profile_banners/984509066956255233/1536964318',
            'profile_image_url': 'http://pbs.twimg.com/profile_images/1084434979734470659/oCBGDHXz_normal.jpg',
            'profile_image_url_https': 'https://pbs.twimg.com/profile_images/1084434979734470659/oCBGDHXz_normal.jpg',
            'profile_link_color': '1DA1F2',
            'profile_sidebar_border_color': 'C0DEED',
            'profile_sidebar_fill_color': 'DDEEF6',
            'profile_text_color': '333333',
            'profile_use_background_image': True,
            'protected': False,
            'screen_name': 'xk85jq',
            'statuses_count': 5314,
            'time_zone': None,
            'translator_type': 'none',
            'url': None,
            'utc_offset': None,
            'verified': False}}
----------Summary----------
{ 'entities': {},
  'id_str': '1156650125294362624',
  'retweeted_status': { 'entities': { 'urls': { 'display_url': 'twitter.com/i/web/status/1…',
                                                'expanded_url': 'https://twitter.com/i/web/status/1156551593107628032'}},
                        'id_str': '1156551593107628032',
                        'text': 'with hubrisone app its super simple to send '
                                'and receive crypto using username or email '
                                'and exchange between 100s '
                                'https://t.co/vpzigrygv5',
                        'user': { 'entities': {},
                                  'id_str': '936336524546920449',
                                  'twitter_user': 'HubrisOne'}},
  'text': 'rt @hubrisone: with hubrisone app its super simple to send and '
          'receive crypto using username or email and exchange between 100s of '
          'crypto',
  'user': { 'entities': {},
            'id_str': '984509066956255233',
            'twitter_user': 'xk85jq'}}
----------Groups----------
{ 'Bitcoin': ['bitcoin', 'Bitcoin', 'btc', 'satoshi nakamoto'],
  'Ethereum': ['ethereum', 'Ethereum', 'eth', 'vitalik buterin'],
  'Litecoin': ['litecoin', 'Litecoin', 'ltc', 'charles lee'],
  'Monero': ['monero', 'Monero', 'xmr', 'riccardo spagni'],
  'Ripple': [ 'ripple',
              'Ripple',
              'xrp',
              'xrapid',
              'xcurrent',
              'chris larsen',
              'jed mccaleb']}
---------------------------Fetch-------2019-07-31 15:39:17.803418: Tweet filed under "misc":----------Data----------
{ 'contributors': None,
  'coordinates': None,
  'created_at': 'Wed Jul 31 19:37:17 +0000 2019',
  'entities': { 'hashtags': [ {'indices': [24, 33], 'text': 'giveaway'},
                              {'indices': [38, 43], 'text': 'metm'}],
                'symbols': [{'indices': [44, 49], 'text': 'METM'}],
                'urls': [],
                'user_mentions': [ { 'id': 1092846538588672003,
                                     'id_str': '1092846538588672003',
                                     'indices': [3, 15],
                                     'name': 'CryptoYeshe',
                                     'screen_name': 'cryptoyeshe'},
                                   { 'id': 1092846538588672003,
                                     'id_str': '1092846538588672003',
                                     'indices': [95, 107],
                                     'name': 'CryptoYeshe',
                                     'screen_name': 'cryptoyeshe'}]},
  'favorite_count': 0,
  'favorited': False,
  'geo': None,
  'id': 1156650053819359232,
  'id_str': '1156650053819359232',
  'in_reply_to_screen_name': None,
  'in_reply_to_status_id': None,
  'in_reply_to_status_id_str': None,
  'in_reply_to_user_id': None,
  'in_reply_to_user_id_str': None,
  'is_quote_status': False,
  'lang': 'en',
  'metadata': {'iso_language_code': 'en', 'result_type': 'recent'},
  'place': None,
  'retweet_count': 4,
  'retweeted': False,
  'retweeted_status': { 'contributors': None,
                        'coordinates': None,
                        'created_at': 'Wed Jul 31 16:58:52 +0000 2019',
                        'entities': { 'hashtags': [ { 'indices': [7, 16],
                                                      'text': 'giveaway'},
                                                    { 'indices': [21, 26],
                                                      'text': 'metm'}],
                                      'symbols': [ { 'indices': [27, 32],
                                                     'text': 'METM'}],
                                      'urls': [ { 'display_url': 'twitter.com/i/web/status/1…',
                                                  'expanded_url': 'https://twitter.com/i/web/status/1156610189916856325',
                                                  'indices': [125, 148],
                                                  'url': 'https://t.co/7jJqtUUrHb'}],
                                      'user_mentions': [ { 'id': 1092846538588672003,
                                                           'id_str': '1092846538588672003',
                                                           'indices': [78, 90],
                                                           'name': 'CryptoYeshe',
                                                           'screen_name': 'cryptoyeshe'}]},
                        'favorite_count': 4,
                        'favorited': False,
                        'geo': None,
                        'id': 1156610189916856325,
                        'id_str': '1156610189916856325',
                        'in_reply_to_screen_name': None,
                        'in_reply_to_status_id': None,
                        'in_reply_to_status_id_str': None,
                        'in_reply_to_user_id': None,
                        'in_reply_to_user_id_str': None,
                        'is_quote_status': False,
                        'lang': 'en',
                        'metadata': { 'iso_language_code': 'en',
                                      'result_type': 'recent'},
                        'place': None,
                        'possibly_sensitive': False,
                        'retweet_count': 4,
                        'retweeted': False,
                        'source': '<a href="https://mobile.twitter.com" '
                                  'rel="nofollow">Twitter Web App</a>',
                        'text': 'Weekly #giveaway 500 #metm $METM! 🤩 for 9 '
                                'weeks😳\n'
                                '✅ Like&amp; Retweet\n'
                                '✅ Follow @cryptoyeshe\n'
                                '✅ Tag 3 friends\n'
                                '✅ Watch&amp; lik… https://t.co/7jJqtUUrHb',
                        'truncated': True,
                        'user': { 'contributors_enabled': False,
                                  'created_at': 'Tue Feb 05 18:04:53 +0000 '
                                                '2019',
                                  'default_profile': False,
                                  'default_profile_image': False,
                                  'description': ". 不作不死。—\xa0If you don't do "
                                                 "stupid things you won't end "
                                                 'up in tragedy 😁 or 😪.\n'
                                                 'All about safety & bringing '
                                                 'back trust in cryptospace. '
                                                 'Spread the word& Safe times!',
                                  'entities': {'description': {'urls': []}},
                                  'favourites_count': 252,
                                  'follow_request_sent': None,
                                  'followers_count': 183,
                                  'following': None,
                                  'friends_count': 156,
                                  'geo_enabled': False,
                                  'has_extended_profile': False,
                                  'id': 1092846538588672003,
                                  'id_str': '1092846538588672003',
                                  'is_translation_enabled': False,
                                  'is_translator': False,
                                  'lang': None,
                                  'listed_count': 0,
                                  'location': 'Cryptopia',
                                  'name': 'CryptoYeshe',
                                  'notifications': None,
                                  'profile_background_color': '000000',
                                  'profile_background_image_url': 'http://abs.twimg.com/images/themes/theme1/bg.png',
                                  'profile_background_image_url_https': 'https://abs.twimg.com/images/themes/theme1/bg.png',
                                  'profile_background_tile': False,
                                  'profile_banner_url': 'https://pbs.twimg.com/profile_banners/1092846538588672003/1549391543',
                                  'profile_image_url': 'http://pbs.twimg.com/profile_images/1092847071575588864/PZtaxxHW_normal.png',
                                  'profile_image_url_https': 'https://pbs.twimg.com/profile_images/1092847071575588864/PZtaxxHW_normal.png',
                                  'profile_link_color': 'ABB8C2',
                                  'profile_sidebar_border_color': '000000',
                                  'profile_sidebar_fill_color': '000000',
                                  'profile_text_color': '000000',
                                  'profile_use_background_image': False,
                                  'protected': False,
                                  'screen_name': 'cryptoyeshe',
                                  'statuses_count': 427,
                                  'time_zone': None,
                                  'translator_type': 'none',
                                  'url': None,
                                  'utc_offset': None,
                                  'verified': False}},
  'source': '<a href="https://google.de" rel="nofollow">MastrTweetr</a>',
  'text': 'RT @cryptoyeshe: Weekly #giveaway 500 #metm $METM! 🤩 for 9 weeks😳\n'
          '✅ Like&amp; Retweet\n'
          '✅ Follow @cryptoyeshe\n'
          '✅ Tag 3 friends\n'
          '✅ Watch&amp; like video…',
  'truncated': False,
  'user': { 'contributors_enabled': False,
            'created_at': 'Thu Jul 25 12:32:15 +0000 2019',
            'default_profile': True,
            'default_profile_image': False,
            'description': 'LvL 19 Fitness-Junkie | Dresden Monarchs all the '
                           'way | #HoodRiesa',
            'entities': {'description': {'urls': []}},
            'favourites_count': 9,
            'follow_request_sent': None,
            'followers_count': 17,
            'following': None,
            'friends_count': 38,
            'geo_enabled': False,
            'has_extended_profile': False,
            'id': 1154368763380342784,
            'id_str': '1154368763380342784',
            'is_translation_enabled': False,
            'is_translator': False,
            'lang': None,
            'listed_count': 0,
            'location': '',
            'name': 'Cyberdr4g0n',
            'notifications': None,
            'profile_background_color': 'F5F8FA',
            'profile_background_image_url': None,
            'profile_background_image_url_https': None,
            'profile_background_tile': False,
            'profile_image_url': 'http://pbs.twimg.com/profile_images/1154371605495275520/R8j_ZbE6_normal.jpg',
            'profile_image_url_https': 'https://pbs.twimg.com/profile_images/1154371605495275520/R8j_ZbE6_normal.jpg',
            'profile_link_color': '1DA1F2',
            'profile_sidebar_border_color': 'C0DEED',
            'profile_sidebar_fill_color': 'DDEEF6',
            'profile_text_color': '333333',
            'profile_use_background_image': True,
            'protected': False,
            'screen_name': 'Cyberdr4g0n1',
            'statuses_count': 27,
            'time_zone': None,
            'translator_type': 'none',
            'url': None,
            'utc_offset': None,
            'verified': False}}
----------Summary----------
{ 'entities': {},
  'id_str': '1156650053819359232',
  'retweeted_status': { 'entities': { 'urls': { 'display_url': 'twitter.com/i/web/status/1…',
                                                'expanded_url': 'https://twitter.com/i/web/status/1156610189916856325'}},
                        'id_str': '1156610189916856325',
                        'text': 'weekly #giveaway 500 #metm $metm!  for 9 '
                                'weeks  like&amp; retweet  follow '
                                '@cryptoyeshe  tag 3 friends  watch&amp; lik '
                                'https://t.co/7jjqtuurhb',
                        'user': { 'entities': {},
                                  'id_str': '1092846538588672003',
                                  'twitter_user': 'cryptoyeshe'}},
  'text': 'rt @cryptoyeshe: weekly #giveaway 500 #metm $metm!  for 9 weeks  '
          'like&amp; retweet  follow @cryptoyeshe  tag 3 friends  watch&amp; '
          'like video',
  'user': { 'entities': {},
            'id_str': '1154368763380342784',
            'twitter_user': 'Cyberdr4g0n1'}}
----------Groups----------
{ 'Bitcoin': ['bitcoin', 'Bitcoin', 'btc', 'satoshi nakamoto'],
  'Ethereum': ['ethereum', 'Ethereum', 'eth', 'vitalik buterin'],
  'Litecoin': ['litecoin', 'Litecoin', 'ltc', 'charles lee'],
  'Monero': ['monero', 'Monero', 'xmr', 'riccardo spagni'],
  'Ripple': [ 'ripple',
              'Ripple',
              'xrp',
              'xrapid',
              'xcurrent',
              'chris larsen',
              'jed mccaleb']}
---------------------------Fetch-------2019-07-31 15:39:19.272422: Tweet filed under "misc":----------Data----------
{ 'contributors': None,
  'coordinates': None,
  'created_at': 'Wed Jul 31 19:37:12 +0000 2019',
  'entities': { 'hashtags': [ {'indices': [17, 25], 'text': 'STOREUM'},
                              {'indices': [80, 94], 'text': 'CoinMarketCap'}],
                'symbols': [{'indices': [26, 30], 'text': 'STO'}],
                'urls': [],
                'user_mentions': [ { 'id': 1124427587009286144,
                                     'id_str': '1124427587009286144',
                                     'indices': [3, 11],
                                     'name': 'storeum',
                                     'screen_name': 'storeum'}]},
  'favorite_count': 0,
  'favorited': False,
  'geo': None,
  'id': 1156650035775455232,
  'id_str': '1156650035775455232',
  'in_reply_to_screen_name': None,
  'in_reply_to_status_id': None,
  'in_reply_to_status_id_str': None,
  'in_reply_to_user_id': None,
  'in_reply_to_user_id_str': None,
  'is_quote_status': False,
  'lang': 'en',
  'metadata': {'iso_language_code': 'en', 'result_type': 'recent'},
  'place': None,
  'retweet_count': 39,
  'retweeted': False,
  'retweeted_status': { 'contributors': None,
                        'coordinates': None,
                        'created_at': 'Sun Jul 28 03:01:00 +0000 2019',
                        'entities': { 'hashtags': [ { 'indices': [4, 12],
                                                      'text': 'STOREUM'},
                                                    { 'indices': [67, 81],
                                                      'text': 'CoinMarketCap'}],
                                      'symbols': [ { 'indices': [13, 17],
                                                     'text': 'STO'}],
                                      'urls': [ { 'display_url': 'twitter.com/i/web/status/1…',
                                                  'expanded_url': 'https://twitter.com/i/web/status/1155312168583217153',
                                                  'indices': [117, 140],
                                                  'url': 'https://t.co/dvaZy1QOHi'}],
                                      'user_mentions': []},
                        'favorite_count': 32,
                        'favorited': False,
                        'geo': None,
                        'id': 1155312168583217153,
                        'id_str': '1155312168583217153',
                        'in_reply_to_screen_name': None,
                        'in_reply_to_status_id': None,
                        'in_reply_to_status_id_str': None,
                        'in_reply_to_user_id': None,
                        'in_reply_to_user_id_str': None,
                        'is_quote_status': False,
                        'lang': 'en',
                        'metadata': { 'iso_language_code': 'en',
                                      'result_type': 'recent'},
                        'place': None,
                        'possibly_sensitive': False,
                        'retweet_count': 39,
                        'retweeted': False,
                        'source': '<a href="https://mobile.twitter.com" '
                                  'rel="nofollow">Twitter Web App</a>',
                        'text': '🔥🔥🔥🔥#STOREUM $STO on fire🔥🔥🔥🔥\n'
                                'we are the biggest gainer project on '
                                '#CoinMarketCap in the last 24h with 173.55% '
                                'incr… https://t.co/dvaZy1QOHi',
                        'truncated': True,
                        'user': { 'contributors_enabled': False,
                                  'created_at': 'Fri May 03 21:36:42 +0000 '
                                                '2019',
                                  'default_profile': True,
                                  'default_profile_image': False,
                                  'description': "the world's first "
                                                 'decentralized,\n'
                                                 'peer-to-peer marketplace',
                                  'entities': { 'description': {'urls': []},
                                                'url': { 'urls': [ { 'display_url': 'storeum.co',
                                                                     'expanded_url': 'http://storeum.co',
                                                                     'indices': [ 0,
                                                                                  23],
                                                                     'url': 'https://t.co/PEZjOgaICf'}]}},
                                  'favourites_count': 37,
                                  'follow_request_sent': None,
                                  'followers_count': 6198,
                                  'following': None,
                                  'friends_count': 76,
                                  'geo_enabled': False,
                                  'has_extended_profile': False,
                                  'id': 1124427587009286144,
                                  'id_str': '1124427587009286144',
                                  'is_translation_enabled': False,
                                  'is_translator': False,
                                  'lang': None,
                                  'listed_count': 2,
                                  'location': '',
                                  'name': 'storeum',
                                  'notifications': None,
                                  'profile_background_color': 'F5F8FA',
                                  'profile_background_image_url': None,
                                  'profile_background_image_url_https': None,
                                  'profile_background_tile': False,
                                  'profile_banner_url': 'https://pbs.twimg.com/profile_banners/1124427587009286144/1556992572',
                                  'profile_image_url': 'http://pbs.twimg.com/profile_images/1124731635386208256/nEVCIeIW_normal.png',
                                  'profile_image_url_https': 'https://pbs.twimg.com/profile_images/1124731635386208256/nEVCIeIW_normal.png',
                                  'profile_link_color': '1DA1F2',
                                  'profile_sidebar_border_color': 'C0DEED',
                                  'profile_sidebar_fill_color': 'DDEEF6',
                                  'profile_text_color': '333333',
                                  'profile_use_background_image': True,
                                  'protected': False,
                                  'screen_name': 'storeum',
                                  'statuses_count': 26,
                                  'time_zone': None,
                                  'translator_type': 'none',
                                  'url': 'https://t.co/PEZjOgaICf',
                                  'utc_offset': None,
                                  'verified': False}},
  'source': '<a href="http://twitter.com/download/android" '
            'rel="nofollow">Twitter for Android</a>',
  'text': 'RT @storeum: 🔥🔥🔥🔥#STOREUM $STO on fire🔥🔥🔥🔥\n'
          'we are the biggest gainer project on #CoinMarketCap in the last 24h '
          'with 173.55% increase , STO…',
  'truncated': False,
  'user': { 'contributors_enabled': False,
            'created_at': 'Tue Apr 02 16:45:31 +0000 2019',
            'default_profile': True,
            'default_profile_image': True,
            'description': 'A humanitarian,political Analyst,pychologist, '
                           'philanthropist',
            'entities': {'description': {'urls': []}},
            'favourites_count': 42,
            'follow_request_sent': None,
            'followers_count': 1,
            'following': None,
            'friends_count': 100,
            'geo_enabled': False,
            'has_extended_profile': False,
            'id': 1113120285174194177,
            'id_str': '1113120285174194177',
            'is_translation_enabled': False,
            'is_translator': False,
            'lang': None,
            'listed_count': 0,
            'location': '',
            'name': 'Donwealth',
            'notifications': None,
            'profile_background_color': 'F5F8FA',
            'profile_background_image_url': None,
            'profile_background_image_url_https': None,
            'profile_background_tile': False,
            'profile_image_url': 'http://abs.twimg.com/sticky/default_profile_images/default_profile_normal.png',
            'profile_image_url_https': 'https://abs.twimg.com/sticky/default_profile_images/default_profile_normal.png',
            'profile_link_color': '1DA1F2',
            'profile_sidebar_border_color': 'C0DEED',
            'profile_sidebar_fill_color': 'DDEEF6',
            'profile_text_color': '333333',
            'profile_use_background_image': True,
            'protected': False,
            'screen_name': 'Donwealth20',
            'statuses_count': 58,
            'time_zone': None,
            'translator_type': 'none',
            'url': None,
            'utc_offset': None,
            'verified': False}}
----------Summary----------
{ 'entities': {},
  'id_str': '1156650035775455232',
  'retweeted_status': { 'entities': { 'urls': { 'display_url': 'twitter.com/i/web/status/1…',
                                                'expanded_url': 'https://twitter.com/i/web/status/1155312168583217153'}},
                        'id_str': '1155312168583217153',
                        'text': '#storeum $sto on fire we are the biggest '
                                'gainer project on #coinmarketcap in the last '
                                '24h with 173.55% incr https://t.co/dvazy1qohi',
                        'user': { 'entities': {},
                                  'id_str': '1124427587009286144',
                                  'twitter_user': 'storeum'}},
  'text': 'rt @storeum: #storeum $sto on fire we are the biggest gainer '
          'project on #coinmarketcap in the last 24h with 173.55% increase , '
          'sto',
  'user': { 'entities': {},
            'id_str': '1113120285174194177',
            'twitter_user': 'Donwealth20'}}
----------Groups----------
{ 'Bitcoin': ['bitcoin', 'Bitcoin', 'btc', 'satoshi nakamoto'],
  'Ethereum': ['ethereum', 'Ethereum', 'eth', 'vitalik buterin'],
  'Litecoin': ['litecoin', 'Litecoin', 'ltc', 'charles lee'],
  'Monero': ['monero', 'Monero', 'xmr', 'riccardo spagni'],
  'Ripple': [ 'ripple',
              'Ripple',
              'xrp',
              'xrapid',
              'xcurrent',
              'chris larsen',
              'jed mccaleb']}
---------------------------Fetch-------2019-07-31 15:39:21.613235: Tweet filed under "misc":----------Data----------
{ 'contributors': None,
  'coordinates': None,
  'created_at': 'Wed Jul 31 19:36:59 +0000 2019',
  'entities': { 'hashtags': [],
                'symbols': [],
                'urls': [ { 'display_url': 'twitter.com/i/web/status/1…',
                            'expanded_url': 'https://twitter.com/i/web/status/1156649980758650880',
                            'indices': [117, 140],
                            'url': 'https://t.co/anKC0STDh6'}],
                'user_mentions': [ { 'id': 967662309412868096,
                                     'id_str': '967662309412868096',
                                     'indices': [0, 14],
                                     'name': 'Rain',
                                     'screen_name': 'rainfinancial'},
                                   { 'id': 304250211,
                                     'id_str': '304250211',
                                     'indices': [15, 24],
                                     'name': 'Central Bank of Bahrain',
                                     'screen_name': 'CBB_News'},
                                   { 'id': 2439495535,
                                     'id_str': '2439495535',
                                     'indices': [25, 38],
                                     'name': 'BitMEX',
                                     'screen_name': 'BitMEXdotcom'},
                                   { 'id': 1125844694129360897,
                                     'id_str': '1125844694129360897',
                                     'indices': [98, 108],
                                     'name': 'Bottle',
                                     'screen_name': 'bottlepay'}]},
  'favorite_count': 1,
  'favorited': False,
  'geo': None,
  'id': 1156649980758650880,
  'id_str': '1156649980758650880',
  'in_reply_to_screen_name': 'rainfinancial',
  'in_reply_to_status_id': 1156467794747232256,
  'in_reply_to_status_id_str': '1156467794747232256',
  'in_reply_to_user_id': 967662309412868096,
  'in_reply_to_user_id_str': '967662309412868096',
  'is_quote_status': False,
  'lang': 'en',
  'metadata': {'iso_language_code': 'en', 'result_type': 'recent'},
  'place': None,
  'retweet_count': 0,
  'retweeted': False,
  'source': '<a href="https://mobile.twitter.com" rel="nofollow">Twitter Web '
            'App</a>',
  'text': '@rainfinancial @CBB_News @BitMEXdotcom this is the best news of the '
          'day. Wish you great success.\n'
          '\n'
          '@bottlepay 100 sa… https://t.co/anKC0STDh6',
  'truncated': True,
  'user': { 'contributors_enabled': False,
            'created_at': 'Thu Jul 04 08:38:01 +0000 2013',
            'default_profile': True,
            'default_profile_image': False,
            'description': 'https://t.co/oQlw1meQNX',
            'entities': { 'description': { 'urls': [ { 'display_url': 'tippin.me/@ravi_hir',
                                                       'expanded_url': 'http://tippin.me/@ravi_hir',
                                                       'indices': [0, 23],
                                                       'url': 'https://t.co/oQlw1meQNX'}]}},
            'favourites_count': 2504,
            'follow_request_sent': None,
            'followers_count': 188,
            'following': None,
            'friends_count': 174,
            'geo_enabled': True,
            'has_extended_profile': False,
            'id': 1567700198,
            'id_str': '1567700198',
            'is_translation_enabled': False,
            'is_translator': False,
            'lang': None,
            'listed_count': 3,
            'location': 'India',
            'name': 'Ravi',
            'notifications': None,
            'profile_background_color': 'C0DEED',
            'profile_background_image_url': 'http://abs.twimg.com/images/themes/theme1/bg.png',
            'profile_background_image_url_https': 'https://abs.twimg.com/images/themes/theme1/bg.png',
            'profile_background_tile': False,
            'profile_banner_url': 'https://pbs.twimg.com/profile_banners/1567700198/1522822884',
            'profile_image_url': 'http://pbs.twimg.com/profile_images/1137286887226335232/0Ue2hN-H_normal.jpg',
            'profile_image_url_https': 'https://pbs.twimg.com/profile_images/1137286887226335232/0Ue2hN-H_normal.jpg',
            'profile_link_color': '1DA1F2',
            'profile_sidebar_border_color': 'C0DEED',
            'profile_sidebar_fill_color': 'DDEEF6',
            'profile_text_color': '333333',
            'profile_use_background_image': True,
            'protected': False,
            'screen_name': 'ravi_hir',
            'statuses_count': 726,
            'time_zone': None,
            'translator_type': 'none',
            'url': None,
            'utc_offset': None,
            'verified': False}}
----------Summary----------
{ 'entities': { 'urls': { 'display_url': 'twitter.com/i/web/status/1…',
                          'expanded_url': 'https://twitter.com/i/web/status/1156649980758650880'}},
  'id_str': '1156649980758650880',
  'text': '@rainfinancial @cbb_news @bitmexdotcom this is the best news of the '
          'day. wish you great success.  @bottlepay 100 sa '
          'https://t.co/ankc0stdh6',
  'user': {'entities': {}, 'id_str': '1567700198', 'twitter_user': 'ravi_hir'}}
----------Groups----------
{ 'Bitcoin': ['bitcoin', 'Bitcoin', 'btc', 'satoshi nakamoto'],
  'Ethereum': ['ethereum', 'Ethereum', 'eth', 'vitalik buterin'],
  'Litecoin': ['litecoin', 'Litecoin', 'ltc', 'charles lee'],
  'Monero': ['monero', 'Monero', 'xmr', 'riccardo spagni'],
  'Ripple': [ 'ripple',
              'Ripple',
              'xrp',
              'xrapid',
              'xcurrent',
              'chris larsen',
              'jed mccaleb']}
---------------------------Fetch-------2019-07-31 15:39:29.818298: Tweet filed under "misc":----------Data----------
{ 'contributors': None,
  'coordinates': None,
  'created_at': 'Wed Jul 31 19:38:20 +0000 2019',
  'entities': { 'hashtags': [],
                'symbols': [],
                'urls': [],
                'user_mentions': [ { 'id': 31544554,
                                     'id_str': '31544554',
                                     'indices': [3, 15],
                                     'name': 'Omar Bham (Crypt0)',
                                     'screen_name': 'crypt0snews'}]},
  'favorite_count': 0,
  'favorited': False,
  'geo': None,
  'id': 1156650318375075842,
  'id_str': '1156650318375075842',
  'in_reply_to_screen_name': None,
  'in_reply_to_status_id': None,
  'in_reply_to_status_id_str': None,
  'in_reply_to_user_id': None,
  'in_reply_to_user_id_str': None,
  'is_quote_status': False,
  'lang': 'en',
  'metadata': {'iso_language_code': 'en', 'result_type': 'recent'},
  'place': None,
  'retweet_count': 3,
  'retweeted': False,
  'retweeted_status': { 'contributors': None,
                        'coordinates': None,
                        'created_at': 'Wed Jul 31 19:36:11 +0000 2019',
                        'entities': { 'hashtags': [],
                                      'symbols': [],
                                      'urls': [ { 'display_url': 'twitter.com/i/web/status/1…',
                                                  'expanded_url': 'https://twitter.com/i/web/status/1156649781126524929',
                                                  'indices': [117, 140],
                                                  'url': 'https://t.co/oNh3j7fHme'}],
                                      'user_mentions': []},
                        'favorite_count': 7,
                        'favorited': False,
                        'geo': None,
                        'id': 1156649781126524929,
                        'id_str': '1156649781126524929',
                        'in_reply_to_screen_name': None,
                        'in_reply_to_status_id': None,
                        'in_reply_to_status_id_str': None,
                        'in_reply_to_user_id': None,
                        'in_reply_to_user_id_str': None,
                        'is_quote_status': False,
                        'lang': 'en',
                        'metadata': { 'iso_language_code': 'en',
                                      'result_type': 'recent'},
                        'place': None,
                        'retweet_count': 3,
                        'retweeted': False,
                        'source': '<a href="https://mobile.twitter.com" '
                                  'rel="nofollow">Twitter Web App</a>',
                        'text': 'Interest rates have just been cut (first in '
                                '10 years!) FUELING free money into BiTC and '
                                'other "risky" assets... unp… '
                                'https://t.co/oNh3j7fHme',
                        'truncated': True,
                        'user': { 'contributors_enabled': False,
                                  'created_at': 'Wed Apr 15 22:32:29 +0000 '
                                                '2009',
                                  'default_profile': False,
                                  'default_profile_image': False,
                                  'description': 'The Latest Cryptocurrency '
                                                 'News, Sentiments, & '
                                                 'Opinions! - YouTube Content '
                                                 'Creator & L.A. based Actor',
                                  'entities': { 'description': {'urls': []},
                                                'url': { 'urls': [ { 'display_url': 'youtube.com/crypt0',
                                                                     'expanded_url': 'https://www.youtube.com/crypt0',
                                                                     'indices': [ 0,
                                                                                  23],
                                                                     'url': 'https://t.co/8FjcqY0KjH'}]}},
                                  'favourites_count': 37703,
                                  'follow_request_sent': None,
                                  'followers_count': 39072,
                                  'following': None,
                                  'friends_count': 99,
                                  'geo_enabled': False,
                                  'has_extended_profile': True,
                                  'id': 31544554,
                                  'id_str': '31544554',
                                  'is_translation_enabled': False,
                                  'is_translator': False,
                                  'lang': None,
                                  'listed_count': 585,
                                  'location': 'Los Angeles, CA',
                                  'name': 'Omar Bham (Crypt0)',
                                  'notifications': None,
                                  'profile_background_color': '000000',
                                  'profile_background_image_url': 'http://abs.twimg.com/images/themes/theme10/bg.gif',
                                  'profile_background_image_url_https': 'https://abs.twimg.com/images/themes/theme10/bg.gif',
                                  'profile_background_tile': False,
                                  'profile_banner_url': 'https://pbs.twimg.com/profile_banners/31544554/1494099859',
                                  'profile_image_url': 'http://pbs.twimg.com/profile_images/1151888075464699904/qrkAYKH5_normal.jpg',
                                  'profile_image_url_https': 'https://pbs.twimg.com/profile_images/1151888075464699904/qrkAYKH5_normal.jpg',
                                  'profile_link_color': '981CEB',
                                  'profile_sidebar_border_color': '000000',
                                  'profile_sidebar_fill_color': '000000',
                                  'profile_text_color': '000000',
                                  'profile_use_background_image': False,
                                  'protected': False,
                                  'screen_name': 'crypt0snews',
                                  'statuses_count': 9657,
                                  'time_zone': None,
                                  'translator_type': 'none',
                                  'url': 'https://t.co/8FjcqY0KjH',
                                  'utc_offset': None,
                                  'verified': False}},
  'source': '<a href="http://twitter.com/download/android" '
            'rel="nofollow">Twitter for Android</a>',
  'text': 'RT @crypt0snews: Interest rates have just been cut (first in 10 '
          'years!) FUELING free money into BiTC and other "risky" assets... '
          'unpreceden…',
  'truncated': False,
  'user': { 'contributors_enabled': False,
            'created_at': 'Tue Jan 29 10:52:12 +0000 2013',
            'default_profile': False,
            'default_profile_image': False,
            'description': 'World Traveller , Philosophy apprentice,  '
                           'Consciousness Explorer , Space + Science '
                           'Enthusiast, History Nut',
            'entities': {'description': {'urls': []}},
            'favourites_count': 15458,
            'follow_request_sent': None,
            'followers_count': 476,
            'following': None,
            'friends_count': 887,
            'geo_enabled': True,
            'has_extended_profile': False,
            'id': 1130699100,
            'id_str': '1130699100',
            'is_translation_enabled': False,
            'is_translator': False,
            'lang': None,
            'listed_count': 29,
            'location': 'Utrecht, The Netherlands',
            'name': 'Tomo',
            'notifications': None,
            'profile_background_color': '000000',
            'profile_background_image_url': 'http://abs.twimg.com/images/themes/theme1/bg.png',
            'profile_background_image_url_https': 'https://abs.twimg.com/images/themes/theme1/bg.png',
            'profile_background_tile': False,
            'profile_banner_url': 'https://pbs.twimg.com/profile_banners/1130699100/1548179868',
            'profile_image_url': 'http://pbs.twimg.com/profile_images/1087770995665133571/yzIDqFbd_normal.jpg',
            'profile_image_url_https': 'https://pbs.twimg.com/profile_images/1087770995665133571/yzIDqFbd_normal.jpg',
            'profile_link_color': '1B95E0',
            'profile_sidebar_border_color': '000000',
            'profile_sidebar_fill_color': '000000',
            'profile_text_color': '000000',
            'profile_use_background_image': False,
            'protected': False,
            'screen_name': 'JaredMcKraken',
            'statuses_count': 12165,
            'time_zone': None,
            'translator_type': 'none',
            'url': None,
            'utc_offset': None,
            'verified': False}}
----------Summary----------
{ 'entities': {},
  'id_str': '1156650318375075842',
  'retweeted_status': { 'entities': { 'urls': { 'display_url': 'twitter.com/i/web/status/1…',
                                                'expanded_url': 'https://twitter.com/i/web/status/1156649781126524929'}},
                        'id_str': '1156649781126524929',
                        'text': 'interest rates have just been cut (first in '
                                '10 years!) fueling free money into bitc and '
                                'other "risky" assets... unp '
                                'https://t.co/onh3j7fhme',
                        'user': { 'entities': {},
                                  'id_str': '31544554',
                                  'twitter_user': 'crypt0snews'}},
  'text': 'rt @crypt0snews: interest rates have just been cut (first in 10 '
          'years!) fueling free money into bitc and other "risky" assets... '
          'unpreceden',
  'user': { 'entities': {},
            'id_str': '1130699100',
            'twitter_user': 'JaredMcKraken'}}
----------Groups----------
{ 'Bitcoin': ['bitcoin', 'Bitcoin', 'btc', 'satoshi nakamoto'],
  'Ethereum': ['ethereum', 'Ethereum', 'eth', 'vitalik buterin'],
  'Litecoin': ['litecoin', 'Litecoin', 'ltc', 'charles lee'],
  'Monero': ['monero', 'Monero', 'xmr', 'riccardo spagni'],
  'Ripple': [ 'ripple',
              'Ripple',
              'xrp',
              'xrapid',
              'xcurrent',
              'chris larsen',
              'jed mccaleb']}
---------------------------Fetch-------2019-07-31 15:39:31.859558: Tweet filed under "misc":----------Data----------
{ 'contributors': None,
  'coordinates': None,
  'created_at': 'Wed Jul 31 19:38:05 +0000 2019',
  'entities': { 'hashtags': [],
                'symbols': [],
                'urls': [],
                'user_mentions': [ { 'id': 31544554,
                                     'id_str': '31544554',
                                     'indices': [3, 15],
                                     'name': 'Omar Bham (Crypt0)',
                                     'screen_name': 'crypt0snews'}]},
  'favorite_count': 0,
  'favorited': False,
  'geo': None,
  'id': 1156650258157301763,
  'id_str': '1156650258157301763',
  'in_reply_to_screen_name': None,
  'in_reply_to_status_id': None,
  'in_reply_to_status_id_str': None,
  'in_reply_to_user_id': None,
  'in_reply_to_user_id_str': None,
  'is_quote_status': False,
  'lang': 'en',
  'metadata': {'iso_language_code': 'en', 'result_type': 'recent'},
  'place': None,
  'retweet_count': 2,
  'retweeted': False,
  'retweeted_status': { 'contributors': None,
                        'coordinates': None,
                        'created_at': 'Wed Jul 31 19:36:11 +0000 2019',
                        'entities': { 'hashtags': [],
                                      'symbols': [],
                                      'urls': [ { 'display_url': 'twitter.com/i/web/status/1…',
                                                  'expanded_url': 'https://twitter.com/i/web/status/1156649781126524929',
                                                  'indices': [117, 140],
                                                  'url': 'https://t.co/oNh3j7fHme'}],
                                      'user_mentions': []},
                        'favorite_count': 4,
                        'favorited': False,
                        'geo': None,
                        'id': 1156649781126524929,
                        'id_str': '1156649781126524929',
                        'in_reply_to_screen_name': None,
                        'in_reply_to_status_id': None,
                        'in_reply_to_status_id_str': None,
                        'in_reply_to_user_id': None,
                        'in_reply_to_user_id_str': None,
                        'is_quote_status': False,
                        'lang': 'en',
                        'metadata': { 'iso_language_code': 'en',
                                      'result_type': 'recent'},
                        'place': None,
                        'retweet_count': 2,
                        'retweeted': False,
                        'source': '<a href="https://mobile.twitter.com" '
                                  'rel="nofollow">Twitter Web App</a>',
                        'text': 'Interest rates have just been cut (first in '
                                '10 years!) FUELING free money into BiTC and '
                                'other "risky" assets... unp… '
                                'https://t.co/oNh3j7fHme',
                        'truncated': True,
                        'user': { 'contributors_enabled': False,
                                  'created_at': 'Wed Apr 15 22:32:29 +0000 '
                                                '2009',
                                  'default_profile': False,
                                  'default_profile_image': False,
                                  'description': 'The Latest Cryptocurrency '
                                                 'News, Sentiments, & '
                                                 'Opinions! - YouTube Content '
                                                 'Creator & L.A. based Actor',
                                  'entities': { 'description': {'urls': []},
                                                'url': { 'urls': [ { 'display_url': 'youtube.com/crypt0',
                                                                     'expanded_url': 'https://www.youtube.com/crypt0',
                                                                     'indices': [ 0,
                                                                                  23],
                                                                     'url': 'https://t.co/8FjcqY0KjH'}]}},
                                  'favourites_count': 37703,
                                  'follow_request_sent': None,
                                  'followers_count': 39072,
                                  'following': None,
                                  'friends_count': 99,
                                  'geo_enabled': False,
                                  'has_extended_profile': True,
                                  'id': 31544554,
                                  'id_str': '31544554',
                                  'is_translation_enabled': False,
                                  'is_translator': False,
                                  'lang': None,
                                  'listed_count': 585,
                                  'location': 'Los Angeles, CA',
                                  'name': 'Omar Bham (Crypt0)',
                                  'notifications': None,
                                  'profile_background_color': '000000',
                                  'profile_background_image_url': 'http://abs.twimg.com/images/themes/theme10/bg.gif',
                                  'profile_background_image_url_https': 'https://abs.twimg.com/images/themes/theme10/bg.gif',
                                  'profile_background_tile': False,
                                  'profile_banner_url': 'https://pbs.twimg.com/profile_banners/31544554/1494099859',
                                  'profile_image_url': 'http://pbs.twimg.com/profile_images/1151888075464699904/qrkAYKH5_normal.jpg',
                                  'profile_image_url_https': 'https://pbs.twimg.com/profile_images/1151888075464699904/qrkAYKH5_normal.jpg',
                                  'profile_link_color': '981CEB',
                                  'profile_sidebar_border_color': '000000',
                                  'profile_sidebar_fill_color': '000000',
                                  'profile_text_color': '000000',
                                  'profile_use_background_image': False,
                                  'protected': False,
                                  'screen_name': 'crypt0snews',
                                  'statuses_count': 9657,
                                  'time_zone': None,
                                  'translator_type': 'none',
                                  'url': 'https://t.co/8FjcqY0KjH',
                                  'utc_offset': None,
                                  'verified': False}},
  'source': '<a href="http://twitter.com/download/android" '
            'rel="nofollow">Twitter for Android</a>',
  'text': 'RT @crypt0snews: Interest rates have just been cut (first in 10 '
          'years!) FUELING free money into BiTC and other "risky" assets... '
          'unpreceden…',
  'truncated': False,
  'user': { 'contributors_enabled': False,
            'created_at': 'Sat May 25 01:05:33 +0000 2013',
            'default_profile': False,
            'default_profile_image': False,
            'description': 'Realtor ®️ Real Estate Agent @RealtyOneGroup '
                           '@RealtyONEnews / Bitcoin 🚀🌙',
            'entities': { 'description': {'urls': []},
                          'url': { 'urls': [ { 'display_url': 'ZaidKamal.com',
                                               'expanded_url': 'http://www.ZaidKamal.com',
                                               'indices': [0, 23],
                                               'url': 'https://t.co/tWIMocLfCh'}]}},
            'favourites_count': 11878,
            'follow_request_sent': None,
            'followers_count': 368,
            'following': None,
            'friends_count': 388,
            'geo_enabled': False,
            'has_extended_profile': True,
            'id': 1455644718,
            'id_str': '1455644718',
            'is_translation_enabled': False,
            'is_translator': False,
            'lang': None,
            'listed_count': 2,
            'location': 'Laguna Niguel, CA',
            'name': 'Zaid K.',
            'notifications': None,
            'profile_background_color': '000000',
            'profile_background_image_url': 'http://abs.twimg.com/images/themes/theme1/bg.png',
            'profile_background_image_url_https': 'https://abs.twimg.com/images/themes/theme1/bg.png',
            'profile_background_tile': False,
            'profile_banner_url': 'https://pbs.twimg.com/profile_banners/1455644718/1513037592',
            'profile_image_url': 'http://pbs.twimg.com/profile_images/1100244350230032385/Z4V-FYMS_normal.jpg',
            'profile_image_url_https': 'https://pbs.twimg.com/profile_images/1100244350230032385/Z4V-FYMS_normal.jpg',
            'profile_link_color': '1B95E0',
            'profile_sidebar_border_color': '000000',
            'profile_sidebar_fill_color': '000000',
            'profile_text_color': '000000',
            'profile_use_background_image': False,
            'protected': False,
            'screen_name': 'ZKamal23',
            'statuses_count': 6559,
            'time_zone': None,
            'translator_type': 'none',
            'url': 'https://t.co/tWIMocLfCh',
            'utc_offset': None,
            'verified': False}}
----------Summary----------
{ 'entities': {},
  'id_str': '1156650258157301763',
  'retweeted_status': { 'entities': { 'urls': { 'display_url': 'twitter.com/i/web/status/1…',
                                                'expanded_url': 'https://twitter.com/i/web/status/1156649781126524929'}},
                        'id_str': '1156649781126524929',
                        'text': 'interest rates have just been cut (first in '
                                '10 years!) fueling free money into bitc and '
                                'other "risky" assets... unp '
                                'https://t.co/onh3j7fhme',
                        'user': { 'entities': {},
                                  'id_str': '31544554',
                                  'twitter_user': 'crypt0snews'}},
  'text': 'rt @crypt0snews: interest rates have just been cut (first in 10 '
          'years!) fueling free money into bitc and other "risky" assets... '
          'unpreceden',
  'user': {'entities': {}, 'id_str': '1455644718', 'twitter_user': 'ZKamal23'}}
----------Groups----------
{ 'Bitcoin': ['bitcoin', 'Bitcoin', 'btc', 'satoshi nakamoto'],
  'Ethereum': ['ethereum', 'Ethereum', 'eth', 'vitalik buterin'],
  'Litecoin': ['litecoin', 'Litecoin', 'ltc', 'charles lee'],
  'Monero': ['monero', 'Monero', 'xmr', 'riccardo spagni'],
  'Ripple': [ 'ripple',
              'Ripple',
              'xrp',
              'xrapid',
              'xcurrent',
              'chris larsen',
              'jed mccaleb']}
---------------------------Fetch-------2019-07-31 15:39:35.721526: Tweet filed under "misc":----------Data----------
{ 'contributors': None,
  'coordinates': None,
  'created_at': 'Wed Jul 31 19:37:52 +0000 2019',
  'entities': { 'hashtags': [],
                'symbols': [],
                'urls': [],
                'user_mentions': [ { 'id': 1027959268354531329,
                                     'id_str': '1027959268354531329',
                                     'indices': [3, 19],
                                     'name': 'The Collective',
                                     'screen_name': 'TheCollectiveGo'}]},
  'favorite_count': 0,
  'favorited': False,
  'geo': None,
  'id': 1156650202616537089,
  'id_str': '1156650202616537089',
  'in_reply_to_screen_name': None,
  'in_reply_to_status_id': None,
  'in_reply_to_status_id_str': None,
  'in_reply_to_user_id': None,
  'in_reply_to_user_id_str': None,
  'is_quote_status': False,
  'lang': 'en',
  'metadata': {'iso_language_code': 'en', 'result_type': 'recent'},
  'place': None,
  'retweet_count': 203,
  'retweeted': False,
  'retweeted_status': { 'contributors': None,
                        'coordinates': None,
                        'created_at': 'Fri Jul 12 21:14:00 +0000 2019',
                        'entities': { 'hashtags': [],
                                      'symbols': [],
                                      'urls': [ { 'display_url': 'twitter.com/i/web/status/1…',
                                                  'expanded_url': 'https://twitter.com/i/web/status/1149789026465001472',
                                                  'indices': [117, 140],
                                                  'url': 'https://t.co/dkikBQiWI1'}],
                                      'user_mentions': []},
                        'favorite_count': 276,
                        'favorited': False,
                        'geo': None,
                        'id': 1149789026465001472,
                        'id_str': '1149789026465001472',
                        'in_reply_to_screen_name': None,
                        'in_reply_to_status_id': None,
                        'in_reply_to_status_id_str': None,
                        'in_reply_to_user_id': None,
                        'in_reply_to_user_id_str': None,
                        'is_quote_status': False,
                        'lang': 'en',
                        'metadata': { 'iso_language_code': 'en',
                                      'result_type': 'recent'},
                        'place': None,
                        'retweet_count': 203,
                        'retweeted': False,
                        'source': '<a '
                                  'href="https://about.twitter.com/products/tweetdeck" '
                                  'rel="nofollow">TweetDeck</a>',
                        'text': 'Has mass adoption already begun without us '
                                'knowing? Some of the biggest institutions and '
                                'Governmental bodies are no… '
                                'https://t.co/dkikBQiWI1',
                        'truncated': True,
                        'user': { 'contributors_enabled': False,
                                  'created_at': 'Fri Aug 10 16:46:02 +0000 '
                                                '2018',
                                  'default_profile': True,
                                  'default_profile_image': False,
                                  'description': 'The premier crypto social '
                                                 'media management company. '
                                                 '#thecollectivego #btc #eth '
                                                 '#crypto Telegram '
                                                 'https://t.co/tDbCgOAWJA',
                                  'entities': { 'description': { 'urls': [ { 'display_url': 't.me/TheCollectiveGO',
                                                                             'expanded_url': 'https://t.me/TheCollectiveGO',
                                                                             'indices': [ 96,
                                                                                          119],
                                                                             'url': 'https://t.co/tDbCgOAWJA'}]},
                                                'url': { 'urls': [ { 'display_url': 'thecollectivegroup.org',
                                                                     'expanded_url': 'https://thecollectivegroup.org',
                                                                     'indices': [ 0,
                                                                                  23],
                                                                     'url': 'https://t.co/8cI5XpIRxv'}]}},
                                  'favourites_count': 635,
                                  'follow_request_sent': None,
                                  'followers_count': 5974,
                                  'following': None,
                                  'friends_count': 166,
                                  'geo_enabled': False,
                                  'has_extended_profile': True,
                                  'id': 1027959268354531329,
                                  'id_str': '1027959268354531329',
                                  'is_translation_enabled': False,
                                  'is_translator': False,
                                  'lang': None,
                                  'listed_count': 26,
                                  'location': 'Guernsey',
                                  'name': 'The Collective',
                                  'notifications': None,
                                  'profile_background_color': 'F5F8FA',
                                  'profile_background_image_url': None,
                                  'profile_background_image_url_https': None,
                                  'profile_background_tile': False,
                                  'profile_banner_url': 'https://pbs.twimg.com/profile_banners/1027959268354531329/1547672437',
                                  'profile_image_url': 'http://pbs.twimg.com/profile_images/1084133190875398144/FQ7ReTfb_normal.jpg',
                                  'profile_image_url_https': 'https://pbs.twimg.com/profile_images/1084133190875398144/FQ7ReTfb_normal.jpg',
                                  'profile_link_color': '1DA1F2',
                                  'profile_sidebar_border_color': 'C0DEED',
                                  'profile_sidebar_fill_color': 'DDEEF6',
                                  'profile_text_color': '333333',
                                  'profile_use_background_image': True,
                                  'protected': False,
                                  'screen_name': 'TheCollectiveGo',
                                  'statuses_count': 670,
                                  'time_zone': None,
                                  'translator_type': 'none',
                                  'url': 'https://t.co/8cI5XpIRxv',
                                  'utc_offset': None,
                                  'verified': False}},
  'source': '<a href="http://twitter.com" rel="nofollow">Twitter Web '
            'Client</a>',
  'text': 'RT @TheCollectiveGo: Has mass adoption already begun without us '
          'knowing? Some of the biggest institutions and Governmental bodies '
          'are now s…',
  'truncated': False,
  'user': { 'contributors_enabled': False,
            'created_at': 'Mon Feb 11 21:20:08 +0000 2019',
            'default_profile': True,
            'default_profile_image': False,
            'description': 'Yaşıyorum merkez',
            'entities': {'description': {'urls': []}},
            'favourites_count': 50,
            'follow_request_sent': None,
            'followers_count': 36,
            'following': None,
            'friends_count': 128,
            'geo_enabled': False,
            'has_extended_profile': False,
            'id': 1095069999088259073,
            'id_str': '1095069999088259073',
            'is_translation_enabled': False,
            'is_translator': False,
            'lang': None,
            'listed_count': 0,
            'location': '',
            'name': 'Ölmedim Merkez',
            'notifications': None,
            'profile_background_color': 'F5F8FA',
            'profile_background_image_url': None,
            'profile_background_image_url_https': None,
            'profile_background_tile': False,
            'profile_banner_url': 'https://pbs.twimg.com/profile_banners/1095069999088259073/1564050675',
            'profile_image_url': 'http://pbs.twimg.com/profile_images/1095092305969721344/fxxLN483_normal.jpg',
            'profile_image_url_https': 'https://pbs.twimg.com/profile_images/1095092305969721344/fxxLN483_normal.jpg',
            'profile_link_color': '1DA1F2',
            'profile_sidebar_border_color': 'C0DEED',
            'profile_sidebar_fill_color': 'DDEEF6',
            'profile_text_color': '333333',
            'profile_use_background_image': True,
            'protected': False,
            'screen_name': 'olmedimerkez',
            'statuses_count': 59,
            'time_zone': None,
            'translator_type': 'none',
            'url': None,
            'utc_offset': None,
            'verified': False}}
----------Summary----------
{ 'entities': {},
  'id_str': '1156650202616537089',
  'retweeted_status': { 'entities': { 'urls': { 'display_url': 'twitter.com/i/web/status/1…',
                                                'expanded_url': 'https://twitter.com/i/web/status/1149789026465001472'}},
                        'id_str': '1149789026465001472',
                        'text': 'has mass adoption already begun without us '
                                'knowing? some of the biggest institutions and '
                                'governmental bodies are no '
                                'https://t.co/dkikbqiwi1',
                        'user': { 'entities': {},
                                  'id_str': '1027959268354531329',
                                  'twitter_user': 'TheCollectiveGo'}},
  'text': 'rt @thecollectivego: has mass adoption already begun without us '
          'knowing? some of the biggest institutions and governmental bodies '
          'are now s',
  'user': { 'entities': {},
            'id_str': '1095069999088259073',
            'twitter_user': 'olmedimerkez'}}
----------Groups----------
{ 'Bitcoin': ['bitcoin', 'Bitcoin', 'btc', 'satoshi nakamoto'],
  'Ethereum': ['ethereum', 'Ethereum', 'eth', 'vitalik buterin'],
  'Litecoin': ['litecoin', 'Litecoin', 'ltc', 'charles lee'],
  'Monero': ['monero', 'Monero', 'xmr', 'riccardo spagni'],
  'Ripple': [ 'ripple',
              'Ripple',
              'xrp',
              'xrapid',
              'xcurrent',
              'chris larsen',
              'jed mccaleb']}
---------------------------Fetch-------2019-07-31 15:39:36.981311: Tweet filed under "misc":----------Data----------
{ 'contributors': None,
  'coordinates': None,
  'created_at': 'Wed Jul 31 19:37:40 +0000 2019',
  'entities': { 'hashtags': [],
                'symbols': [],
                'urls': [ { 'display_url': 'buff.ly/2Ycpbqd',
                            'expanded_url': 'https://buff.ly/2Ycpbqd',
                            'indices': [108, 131],
                            'url': 'https://t.co/8SSd9hc6se'}],
                'user_mentions': [ { 'id': 918922778073620481,
                                     'id_str': '918922778073620481',
                                     'indices': [3, 13],
                                     'name': 'CoinMetro',
                                     'screen_name': 'CoinMetro'}]},
  'favorite_count': 0,
  'favorited': False,
  'geo': None,
  'id': 1156650150892380160,
  'id_str': '1156650150892380160',
  'in_reply_to_screen_name': None,
  'in_reply_to_status_id': None,
  'in_reply_to_status_id_str': None,
  'in_reply_to_user_id': None,
  'in_reply_to_user_id_str': None,
  'is_quote_status': False,
  'lang': 'en',
  'metadata': {'iso_language_code': 'en', 'result_type': 'recent'},
  'place': None,
  'possibly_sensitive': False,
  'retweet_count': 2,
  'retweeted': False,
  'retweeted_status': { 'contributors': None,
                        'coordinates': None,
                        'created_at': 'Wed Jul 31 17:15:05 +0000 2019',
                        'entities': { 'hashtags': [],
                                      'symbols': [],
                                      'urls': [ { 'display_url': 'twitter.com/i/web/status/1…',
                                                  'expanded_url': 'https://twitter.com/i/web/status/1156614271129784320',
                                                  'indices': [94, 117],
                                                  'url': 'https://t.co/eIW6QPNxIf'}],
                                      'user_mentions': []},
                        'favorite_count': 1,
                        'favorited': False,
                        'geo': None,
                        'id': 1156614271129784320,
                        'id_str': '1156614271129784320',
                        'in_reply_to_screen_name': None,
                        'in_reply_to_status_id': None,
                        'in_reply_to_status_id_str': None,
                        'in_reply_to_user_id': None,
                        'in_reply_to_user_id_str': None,
                        'is_quote_status': False,
                        'lang': 'en',
                        'metadata': { 'iso_language_code': 'en',
                                      'result_type': 'recent'},
                        'place': None,
                        'possibly_sensitive': False,
                        'retweet_count': 2,
                        'retweeted': False,
                        'source': '<a href="https://buffer.com" '
                                  'rel="nofollow">Buffer</a>',
                        'text': 'Remember, you can always listen to "This Week '
                                'in Crypto" on-the-go on our SoundCloud '
                                'channel… https://t.co/eIW6QPNxIf',
                        'truncated': True,
                        'user': { 'contributors_enabled': False,
                                  'created_at': 'Fri Oct 13 19:33:57 +0000 '
                                                '2017',
                                  'default_profile': False,
                                  'default_profile_image': False,
                                  'description': 'https://t.co/IzjPxs3hv0 A '
                                                 'one-of-a-kind, fintech '
                                                 'platform fueling the future '
                                                 'of blockchain innovation.',
                                  'entities': { 'description': { 'urls': [ { 'display_url': 't.me/CoinMetro',
                                                                             'expanded_url': 'https://t.me/CoinMetro',
                                                                             'indices': [ 0,
                                                                                          23],
                                                                             'url': 'https://t.co/IzjPxs3hv0'}]},
                                                'url': { 'urls': [ { 'display_url': 'coinmetro.com',
                                                                     'expanded_url': 'http://coinmetro.com',
                                                                     'indices': [ 0,
                                                                                  23],
                                                                     'url': 'https://t.co/3vjC4Wlko6'}]}},
                                  'favourites_count': 221,
                                  'follow_request_sent': None,
                                  'followers_count': 3883,
                                  'following': None,
                                  'friends_count': 93,
                                  'geo_enabled': False,
                                  'has_extended_profile': True,
                                  'id': 918922778073620481,
                                  'id_str': '918922778073620481',
                                  'is_translation_enabled': False,
                                  'is_translator': False,
                                  'lang': None,
                                  'listed_count': 68,
                                  'location': 'Tallinn, Estonia',
                                  'name': 'CoinMetro',
                                  'notifications': None,
                                  'profile_background_color': '000000',
                                  'profile_background_image_url': 'http://abs.twimg.com/images/themes/theme1/bg.png',
                                  'profile_background_image_url_https': 'https://abs.twimg.com/images/themes/theme1/bg.png',
                                  'profile_background_tile': False,
                                  'profile_banner_url': 'https://pbs.twimg.com/profile_banners/918922778073620481/1546414276',
                                  'profile_image_url': 'http://pbs.twimg.com/profile_images/1080365557894078464/SjqY5vrl_normal.jpg',
                                  'profile_image_url_https': 'https://pbs.twimg.com/profile_images/1080365557894078464/SjqY5vrl_normal.jpg',
                                  'profile_link_color': 'FAB81E',
                                  'profile_sidebar_border_color': '000000',
                                  'profile_sidebar_fill_color': '000000',
                                  'profile_text_color': '000000',
                                  'profile_use_background_image': False,
                                  'protected': False,
                                  'screen_name': 'CoinMetro',
                                  'statuses_count': 1433,
                                  'time_zone': None,
                                  'translator_type': 'none',
                                  'url': 'https://t.co/3vjC4Wlko6',
                                  'utc_offset': None,
                                  'verified': False}},
  'source': '<a href="http://twitter.com/download/iphone" '
            'rel="nofollow">Twitter for iPhone</a>',
  'text': 'RT @CoinMetro: Remember, you can always listen to "This Week in '
          'Crypto" on-the-go on our SoundCloud channel '
          'https://t.co/8SSd9hc6se\n'
          '#CoinMe…',
  'truncated': False,
  'user': { 'contributors_enabled': False,
            'created_at': 'Wed May 18 18:35:38 +0000 2016',
            'default_profile': True,
            'default_profile_image': False,
            'description': '#worldtraveling | #stickfigurefan | #FCTwente | '
                           '#cheers on the #everlastingweekend',
            'entities': {'description': {'urls': []}},
            'favourites_count': 992,
            'follow_request_sent': None,
            'followers_count': 70,
            'following': None,
            'friends_count': 201,
            'geo_enabled': False,
            'has_extended_profile': True,
            'id': 733003126203125762,
            'id_str': '733003126203125762',
            'is_translation_enabled': False,
            'is_translator': False,
            'lang': None,
            'listed_count': 0,
            'location': 'Traveling south east asia',
            'name': 'Sander van Eyck',
            'notifications': None,
            'profile_background_color': 'F5F8FA',
            'profile_background_image_url': None,
            'profile_background_image_url_https': None,
            'profile_background_tile': False,
            'profile_banner_url': 'https://pbs.twimg.com/profile_banners/733003126203125762/1463603408',
            'profile_image_url': 'http://pbs.twimg.com/profile_images/733031178823970818/YFarxqte_normal.jpg',
            'profile_image_url_https': 'https://pbs.twimg.com/profile_images/733031178823970818/YFarxqte_normal.jpg',
            'profile_link_color': '1DA1F2',
            'profile_sidebar_border_color': 'C0DEED',
            'profile_sidebar_fill_color': 'DDEEF6',
            'profile_text_color': '333333',
            'profile_use_background_image': True,
            'protected': False,
            'screen_name': 'SanderEyck',
            'statuses_count': 388,
            'time_zone': None,
            'translator_type': 'none',
            'url': None,
            'utc_offset': None,
            'verified': False}}
----------Summary----------
{ 'entities': { 'urls': { 'display_url': 'buff.ly/2Ycpbqd',
                          'expanded_url': 'https://buff.ly/2Ycpbqd'}},
  'id_str': '1156650150892380160',
  'retweeted_status': { 'entities': { 'urls': { 'display_url': 'twitter.com/i/web/status/1…',
                                                'expanded_url': 'https://twitter.com/i/web/status/1156614271129784320'}},
                        'id_str': '1156614271129784320',
                        'text': 'remember, you can always listen to "this week '
                                'in crypto" on-the-go on our soundcloud '
                                'channel https://t.co/eiw6qpnxif',
                        'user': { 'entities': {},
                                  'id_str': '918922778073620481',
                                  'twitter_user': 'CoinMetro'}},
  'text': 'rt @coinmetro: remember, you can always listen to "this week in '
          'crypto" on-the-go on our soundcloud channel https://t.co/8ssd9hc6se '
          '#coinme',
  'user': { 'entities': {},
            'id_str': '733003126203125762',
            'twitter_user': 'SanderEyck'}}
----------Groups----------
{ 'Bitcoin': ['bitcoin', 'Bitcoin', 'btc', 'satoshi nakamoto'],
  'Ethereum': ['ethereum', 'Ethereum', 'eth', 'vitalik buterin'],
  'Litecoin': ['litecoin', 'Litecoin', 'ltc', 'charles lee'],
  'Monero': ['monero', 'Monero', 'xmr', 'riccardo spagni'],
  'Ripple': [ 'ripple',
              'Ripple',
              'xrp',
              'xrapid',
              'xcurrent',
              'chris larsen',
              'jed mccaleb']}
---------------------------Fetch-------2019-07-31 15:39:37.789622: Tweet filed under "misc":----------Data----------
{ 'contributors': None,
  'coordinates': None,
  'created_at': 'Wed Jul 31 19:37:35 +0000 2019',
  'entities': { 'hashtags': [],
                'symbols': [],
                'urls': [ { 'display_url': 'finance.yahoo.com/news/tratok-de…',
                            'expanded_url': 'https://finance.yahoo.com/news/tratok-deploys-blockchain-ecosystem-reinforcing-050000049.html',
                            'indices': [112, 135],
                            'url': 'https://t.co/UZnghm60aj'}],
                'user_mentions': [ { 'id': 1074963749000413184,
                                     'id_str': '1074963749000413184',
                                     'indices': [3, 11],
                                     'name': 'Tratok Token',
                                     'screen_name': 'TratokT'}]},
  'favorite_count': 0,
  'favorited': False,
  'geo': None,
  'id': 1156650132261130240,
  'id_str': '1156650132261130240',
  'in_reply_to_screen_name': None,
  'in_reply_to_status_id': None,
  'in_reply_to_status_id_str': None,
  'in_reply_to_user_id': None,
  'in_reply_to_user_id_str': None,
  'is_quote_status': False,
  'lang': 'en',
  'metadata': {'iso_language_code': 'en', 'result_type': 'recent'},
  'place': None,
  'possibly_sensitive': False,
  'retweet_count': 213,
  'retweeted': False,
  'retweeted_status': { 'contributors': None,
                        'coordinates': None,
                        'created_at': 'Tue Jul 30 07:44:11 +0000 2019',
                        'entities': { 'hashtags': [],
                                      'symbols': [],
                                      'urls': [ { 'display_url': 'twitter.com/i/web/status/1…',
                                                  'expanded_url': 'https://twitter.com/i/web/status/1156108210744508417',
                                                  'indices': [99, 122],
                                                  'url': 'https://t.co/M8mag2tq9L'}],
                                      'user_mentions': []},
                        'favorite_count': 275,
                        'favorited': False,
                        'geo': None,
                        'id': 1156108210744508417,
                        'id_str': '1156108210744508417',
                        'in_reply_to_screen_name': None,
                        'in_reply_to_status_id': None,
                        'in_reply_to_status_id_str': None,
                        'in_reply_to_user_id': None,
                        'in_reply_to_user_id_str': None,
                        'is_quote_status': False,
                        'lang': 'en',
                        'metadata': { 'iso_language_code': 'en',
                                      'result_type': 'recent'},
                        'place': None,
                        'possibly_sensitive': False,
                        'retweet_count': 213,
                        'retweeted': False,
                        'source': '<a href="https://mobile.twitter.com" '
                                  'rel="nofollow">Twitter Web App</a>',
                        'text': 'Tratok deploys a new blockchain ecosystem, '
                                "reinforcing the UAE's position as a tourist "
                                'superpower… https://t.co/M8mag2tq9L',
                        'truncated': True,
                        'user': { 'contributors_enabled': False,
                                  'created_at': 'Tue Dec 18 09:45:04 +0000 '
                                                '2018',
                                  'default_profile': True,
                                  'default_profile_image': False,
                                  'description': 'Welcome to the official '
                                                 'Twitter of the Tratok '
                                                 'Project. Support us while we '
                                                 'disrupt the global travel '
                                                 'and tourism industry and '
                                                 'make travel accessible for '
                                                 'all!',
                                  'entities': { 'description': {'urls': []},
                                                'url': { 'urls': [ { 'display_url': 'tratok.com',
                                                                     'expanded_url': 'https://tratok.com',
                                                                     'indices': [ 0,
                                                                                  23],
                                                                     'url': 'https://t.co/eJMEIzldXB'}]}},
                                  'favourites_count': 572,
                                  'follow_request_sent': None,
                                  'followers_count': 5207,
                                  'following': None,
                                  'friends_count': 52,
                                  'geo_enabled': False,
                                  'has_extended_profile': True,
                                  'id': 1074963749000413184,
                                  'id_str': '1074963749000413184',
                                  'is_translation_enabled': False,
                                  'is_translator': False,
                                  'lang': None,
                                  'listed_count': 9,
                                  'location': 'Dubai, United Arab Emirates',
                                  'name': 'Tratok Token',
                                  'notifications': None,
                                  'profile_background_color': 'F5F8FA',
                                  'profile_background_image_url': None,
                                  'profile_background_image_url_https': None,
                                  'profile_background_tile': False,
                                  'profile_image_url': 'http://pbs.twimg.com/profile_images/1074964571465633797/if0qfkCA_normal.jpg',
                                  'profile_image_url_https': 'https://pbs.twimg.com/profile_images/1074964571465633797/if0qfkCA_normal.jpg',
                                  'profile_link_color': '1DA1F2',
                                  'profile_sidebar_border_color': 'C0DEED',
                                  'profile_sidebar_fill_color': 'DDEEF6',
                                  'profile_text_color': '333333',
                                  'profile_use_background_image': True,
                                  'protected': False,
                                  'screen_name': 'TratokT',
                                  'statuses_count': 60,
                                  'time_zone': None,
                                  'translator_type': 'none',
                                  'url': 'https://t.co/eJMEIzldXB',
                                  'utc_offset': None,
                                  'verified': False}},
  'source': '<a href="https://mobile.twitter.com" rel="nofollow">Twitter Web '
            'App</a>',
  'text': 'RT @TratokT: Tratok deploys a new blockchain ecosystem, reinforcing '
          "the UAE's position as a tourist superpower\n"
          '\n'
          'https://t.co/UZnghm60aj\n'
          '\n'
          '#T…',
  'truncated': False,
  'user': { 'contributors_enabled': False,
            'created_at': 'Tue Jun 04 14:58:59 +0000 2013',
            'default_profile': True,
            'default_profile_image': False,
            'description': 'Gospel recording artiste | song writer, music '
                           'director | praise and worship leader | Gods own '
                           'project | +2348139401341',
            'entities': { 'description': {'urls': []},
                          'url': { 'urls': [ { 'display_url': 'loveworldmusictv.com/baba-much-jayr…',
                                               'expanded_url': 'http://www.loveworldmusictv.com/baba-much-jayrex/',
                                               'indices': [0, 23],
                                               'url': 'https://t.co/bgcvcvLq3N'}]}},
            'favourites_count': 299,
            'follow_request_sent': None,
            'followers_count': 897,
            'following': None,
            'friends_count': 2893,
            'geo_enabled': True,
            'has_extended_profile': True,
            'id': 1482467562,
            'id_str': '1482467562',
            'is_translation_enabled': False,
            'is_translator': False,
            'lang': None,
            'listed_count': 4,
            'location': 'BBM 7B43516F',
            'name': '#Babayoutoomuch',
            'notifications': None,
            'profile_background_color': 'C0DEED',
            'profile_background_image_url': 'http://abs.twimg.com/images/themes/theme1/bg.png',
            'profile_background_image_url_https': 'https://abs.twimg.com/images/themes/theme1/bg.png',
            'profile_background_tile': False,
            'profile_banner_url': 'https://pbs.twimg.com/profile_banners/1482467562/1478957621',
            'profile_image_url': 'http://pbs.twimg.com/profile_images/962024730210353154/Ua3Qe8mR_normal.jpg',
            'profile_image_url_https': 'https://pbs.twimg.com/profile_images/962024730210353154/Ua3Qe8mR_normal.jpg',
            'profile_link_color': '1DA1F2',
            'profile_sidebar_border_color': 'C0DEED',
            'profile_sidebar_fill_color': 'DDEEF6',
            'profile_text_color': '333333',
            'profile_use_background_image': True,
            'protected': False,
            'screen_name': 'IamJayrex',
            'statuses_count': 1534,
            'time_zone': None,
            'translator_type': 'none',
            'url': 'https://t.co/bgcvcvLq3N',
            'utc_offset': None,
            'verified': False}}
----------Summary----------
{ 'entities': { 'urls': { 'display_url': 'finance.yahoo.com/news/tratok-de…',
                          'expanded_url': 'https://finance.yahoo.com/news/tratok-deploys-blockchain-ecosystem-reinforcing-050000049.html'}},
  'id_str': '1156650132261130240',
  'retweeted_status': { 'entities': { 'urls': { 'display_url': 'twitter.com/i/web/status/1…',
                                                'expanded_url': 'https://twitter.com/i/web/status/1156108210744508417'}},
                        'id_str': '1156108210744508417',
                        'text': 'tratok deploys a new blockchain ecosystem, '
                                "reinforcing the uae's position as a tourist "
                                'superpower https://t.co/m8mag2tq9l',
                        'user': { 'entities': {},
                                  'id_str': '1074963749000413184',
                                  'twitter_user': 'TratokT'}},
  'text': 'rt @tratokt: tratok deploys a new blockchain ecosystem, reinforcing '
          "the uae's position as a tourist superpower  "
          'https://t.co/uznghm60aj  #t',
  'user': {'entities': {}, 'id_str': '1482467562', 'twitter_user': 'IamJayrex'}}
----------Groups----------
{ 'Bitcoin': ['bitcoin', 'Bitcoin', 'btc', 'satoshi nakamoto'],
  'Ethereum': ['ethereum', 'Ethereum', 'eth', 'vitalik buterin'],
  'Litecoin': ['litecoin', 'Litecoin', 'ltc', 'charles lee'],
  'Monero': ['monero', 'Monero', 'xmr', 'riccardo spagni'],
  'Ripple': [ 'ripple',
              'Ripple',
              'xrp',
              'xrapid',
              'xcurrent',
              'chris larsen',
              'jed mccaleb']}
---------------------------Fetch-------2019-07-31 15:39:38.096988: Tweet filed under "misc":----------Data----------
{ 'contributors': None,
  'coordinates': None,
  'created_at': 'Wed Jul 31 19:37:34 +0000 2019',
  'entities': { 'hashtags': [],
                'symbols': [],
                'urls': [],
                'user_mentions': [ { 'id': 936336524546920449,
                                     'id_str': '936336524546920449',
                                     'indices': [3, 13],
                                     'name': 'HubrisOne',
                                     'screen_name': 'HubrisOne'}]},
  'favorite_count': 0,
  'favorited': False,
  'geo': None,
  'id': 1156650125294362624,
  'id_str': '1156650125294362624',
  'in_reply_to_screen_name': None,
  'in_reply_to_status_id': None,
  'in_reply_to_status_id_str': None,
  'in_reply_to_user_id': None,
  'in_reply_to_user_id_str': None,
  'is_quote_status': False,
  'lang': 'en',
  'metadata': {'iso_language_code': 'en', 'result_type': 'recent'},
  'place': None,
  'retweet_count': 10,
  'retweeted': False,
  'retweeted_status': { 'contributors': None,
                        'coordinates': None,
                        'created_at': 'Wed Jul 31 13:06:02 +0000 2019',
                        'entities': { 'hashtags': [],
                                      'symbols': [],
                                      'urls': [ { 'display_url': 'twitter.com/i/web/status/1…',
                                                  'expanded_url': 'https://twitter.com/i/web/status/1156551593107628032',
                                                  'indices': [116, 139],
                                                  'url': 'https://t.co/VPzigRYGv5'}],
                                      'user_mentions': []},
                        'favorite_count': 38,
                        'favorited': False,
                        'geo': None,
                        'id': 1156551593107628032,
                        'id_str': '1156551593107628032',
                        'in_reply_to_screen_name': None,
                        'in_reply_to_status_id': None,
                        'in_reply_to_status_id_str': None,
                        'in_reply_to_user_id': None,
                        'in_reply_to_user_id_str': None,
                        'is_quote_status': False,
                        'lang': 'en',
                        'metadata': { 'iso_language_code': 'en',
                                      'result_type': 'recent'},
                        'place': None,
                        'possibly_sensitive': False,
                        'retweet_count': 10,
                        'retweeted': False,
                        'source': '<a href="https://buffer.com" '
                                  'rel="nofollow">Buffer</a>',
                        'text': 'With HubrisOne app it’s super simple to send '
                                'and receive crypto using username or email '
                                'and exchange between 100’s… '
                                'https://t.co/VPzigRYGv5',
                        'truncated': True,
                        'user': { 'contributors_enabled': False,
                                  'created_at': 'Thu Nov 30 20:49:58 +0000 '
                                                '2017',
                                  'default_profile': True,
                                  'default_profile_image': False,
                                  'description': 'We Make It Easy To Buy, '
                                                 'Sell, And Store Crypto & '
                                                 'Fiat Currencies. Fully '
                                                 'Licensed and Regulated - '
                                                 'Powered by the HBRS token 📲',
                                  'entities': { 'description': {'urls': []},
                                                'url': { 'urls': [ { 'display_url': 'hubrisone.com',
                                                                     'expanded_url': 'http://www.hubrisone.com',
                                                                     'indices': [ 0,
                                                                                  23],
                                                                     'url': 'https://t.co/N4Urtd8iGn'}]}},
                                  'favourites_count': 9916,
                                  'follow_request_sent': None,
                                  'followers_count': 7783,
                                  'following': None,
                                  'friends_count': 1562,
                                  'geo_enabled': True,
                                  'has_extended_profile': False,
                                  'id': 936336524546920449,
                                  'id_str': '936336524546920449',
                                  'is_translation_enabled': False,
                                  'is_translator': False,
                                  'lang': None,
                                  'listed_count': 49,
                                  'location': 'London, England',
                                  'name': 'HubrisOne',
                                  'notifications': None,
                                  'profile_background_color': 'F5F8FA',
                                  'profile_background_image_url': None,
                                  'profile_background_image_url_https': None,
                                  'profile_background_tile': False,
                                  'profile_banner_url': 'https://pbs.twimg.com/profile_banners/936336524546920449/1555098019',
                                  'profile_image_url': 'http://pbs.twimg.com/profile_images/1102620008503488512/iGBs5lvS_normal.jpg',
                                  'profile_image_url_https': 'https://pbs.twimg.com/profile_images/1102620008503488512/iGBs5lvS_normal.jpg',
                                  'profile_link_color': '1DA1F2',
                                  'profile_sidebar_border_color': 'C0DEED',
                                  'profile_sidebar_fill_color': 'DDEEF6',
                                  'profile_text_color': '333333',
                                  'profile_use_background_image': True,
                                  'protected': False,
                                  'screen_name': 'HubrisOne',
                                  'statuses_count': 1953,
                                  'time_zone': None,
                                  'translator_type': 'none',
                                  'url': 'https://t.co/N4Urtd8iGn',
                                  'utc_offset': None,
                                  'verified': False}},
  'source': '<a href="http://twitter.com/download/android" '
            'rel="nofollow">Twitter for Android</a>',
  'text': 'RT @HubrisOne: With HubrisOne app it’s super simple to send and '
          'receive crypto using username or email and exchange between 100’s '
          'of crypto…',
  'truncated': False,
  'user': { 'contributors_enabled': False,
            'created_at': 'Thu Apr 12 19:10:27 +0000 2018',
            'default_profile': True,
            'default_profile_image': False,
            'description': '',
            'entities': {'description': {'urls': []}},
            'favourites_count': 33,
            'follow_request_sent': None,
            'followers_count': 752,
            'following': None,
            'friends_count': 4578,
            'geo_enabled': True,
            'has_extended_profile': False,
            'id': 984509066956255233,
            'id_str': '984509066956255233',
            'is_translation_enabled': False,
            'is_translator': False,
            'lang': None,
            'listed_count': 8,
            'location': '',
            'name': 'christopher Anora',
            'notifications': None,
            'profile_background_color': 'F5F8FA',
            'profile_background_image_url': None,
            'profile_background_image_url_https': None,
            'profile_background_tile': False,
            'profile_banner_url': 'https://pbs.twimg.com/profile_banners/984509066956255233/1536964318',
            'profile_image_url': 'http://pbs.twimg.com/profile_images/1084434979734470659/oCBGDHXz_normal.jpg',
            'profile_image_url_https': 'https://pbs.twimg.com/profile_images/1084434979734470659/oCBGDHXz_normal.jpg',
            'profile_link_color': '1DA1F2',
            'profile_sidebar_border_color': 'C0DEED',
            'profile_sidebar_fill_color': 'DDEEF6',
            'profile_text_color': '333333',
            'profile_use_background_image': True,
            'protected': False,
            'screen_name': 'xk85jq',
            'statuses_count': 5314,
            'time_zone': None,
            'translator_type': 'none',
            'url': None,
            'utc_offset': None,
            'verified': False}}
----------Summary----------
{ 'entities': {},
  'id_str': '1156650125294362624',
  'retweeted_status': { 'entities': { 'urls': { 'display_url': 'twitter.com/i/web/status/1…',
                                                'expanded_url': 'https://twitter.com/i/web/status/1156551593107628032'}},
                        'id_str': '1156551593107628032',
                        'text': 'with hubrisone app its super simple to send '
                                'and receive crypto using username or email '
                                'and exchange between 100s '
                                'https://t.co/vpzigrygv5',
                        'user': { 'entities': {},
                                  'id_str': '936336524546920449',
                                  'twitter_user': 'HubrisOne'}},
  'text': 'rt @hubrisone: with hubrisone app its super simple to send and '
          'receive crypto using username or email and exchange between 100s of '
          'crypto',
  'user': { 'entities': {},
            'id_str': '984509066956255233',
            'twitter_user': 'xk85jq'}}
----------Groups----------
{ 'Bitcoin': ['bitcoin', 'Bitcoin', 'btc', 'satoshi nakamoto'],
  'Ethereum': ['ethereum', 'Ethereum', 'eth', 'vitalik buterin'],
  'Litecoin': ['litecoin', 'Litecoin', 'ltc', 'charles lee'],
  'Monero': ['monero', 'Monero', 'xmr', 'riccardo spagni'],
  'Ripple': [ 'ripple',
              'Ripple',
              'xrp',
              'xrapid',
              'xcurrent',
              'chris larsen',
              'jed mccaleb']}
---------------------------Fetch-------2019-07-31 15:39:40.756935: Tweet filed under "misc":----------Data----------
{ 'contributors': None,
  'coordinates': None,
  'created_at': 'Wed Jul 31 19:37:17 +0000 2019',
  'entities': { 'hashtags': [ {'indices': [24, 33], 'text': 'giveaway'},
                              {'indices': [38, 43], 'text': 'metm'}],
                'symbols': [{'indices': [44, 49], 'text': 'METM'}],
                'urls': [],
                'user_mentions': [ { 'id': 1092846538588672003,
                                     'id_str': '1092846538588672003',
                                     'indices': [3, 15],
                                     'name': 'CryptoYeshe',
                                     'screen_name': 'cryptoyeshe'},
                                   { 'id': 1092846538588672003,
                                     'id_str': '1092846538588672003',
                                     'indices': [95, 107],
                                     'name': 'CryptoYeshe',
                                     'screen_name': 'cryptoyeshe'}]},
  'favorite_count': 0,
  'favorited': False,
  'geo': None,
  'id': 1156650053819359232,
  'id_str': '1156650053819359232',
  'in_reply_to_screen_name': None,
  'in_reply_to_status_id': None,
  'in_reply_to_status_id_str': None,
  'in_reply_to_user_id': None,
  'in_reply_to_user_id_str': None,
  'is_quote_status': False,
  'lang': 'en',
  'metadata': {'iso_language_code': 'en', 'result_type': 'recent'},
  'place': None,
  'retweet_count': 4,
  'retweeted': False,
  'retweeted_status': { 'contributors': None,
                        'coordinates': None,
                        'created_at': 'Wed Jul 31 16:58:52 +0000 2019',
                        'entities': { 'hashtags': [ { 'indices': [7, 16],
                                                      'text': 'giveaway'},
                                                    { 'indices': [21, 26],
                                                      'text': 'metm'}],
                                      'symbols': [ { 'indices': [27, 32],
                                                     'text': 'METM'}],
                                      'urls': [ { 'display_url': 'twitter.com/i/web/status/1…',
                                                  'expanded_url': 'https://twitter.com/i/web/status/1156610189916856325',
                                                  'indices': [125, 148],
                                                  'url': 'https://t.co/7jJqtUUrHb'}],
                                      'user_mentions': [ { 'id': 1092846538588672003,
                                                           'id_str': '1092846538588672003',
                                                           'indices': [78, 90],
                                                           'name': 'CryptoYeshe',
                                                           'screen_name': 'cryptoyeshe'}]},
                        'favorite_count': 4,
                        'favorited': False,
                        'geo': None,
                        'id': 1156610189916856325,
                        'id_str': '1156610189916856325',
                        'in_reply_to_screen_name': None,
                        'in_reply_to_status_id': None,
                        'in_reply_to_status_id_str': None,
                        'in_reply_to_user_id': None,
                        'in_reply_to_user_id_str': None,
                        'is_quote_status': False,
                        'lang': 'en',
                        'metadata': { 'iso_language_code': 'en',
                                      'result_type': 'recent'},
                        'place': None,
                        'possibly_sensitive': False,
                        'retweet_count': 4,
                        'retweeted': False,
                        'source': '<a href="https://mobile.twitter.com" '
                                  'rel="nofollow">Twitter Web App</a>',
                        'text': 'Weekly #giveaway 500 #metm $METM! 🤩 for 9 '
                                'weeks😳\n'
                                '✅ Like&amp; Retweet\n'
                                '✅ Follow @cryptoyeshe\n'
                                '✅ Tag 3 friends\n'
                                '✅ Watch&amp; lik… https://t.co/7jJqtUUrHb',
                        'truncated': True,
                        'user': { 'contributors_enabled': False,
                                  'created_at': 'Tue Feb 05 18:04:53 +0000 '
                                                '2019',
                                  'default_profile': False,
                                  'default_profile_image': False,
                                  'description': ". 不作不死。—\xa0If you don't do "
                                                 "stupid things you won't end "
                                                 'up in tragedy 😁 or 😪.\n'
                                                 'All about safety & bringing '
                                                 'back trust in cryptospace. '
                                                 'Spread the word& Safe times!',
                                  'entities': {'description': {'urls': []}},
                                  'favourites_count': 252,
                                  'follow_request_sent': None,
                                  'followers_count': 183,
                                  'following': None,
                                  'friends_count': 156,
                                  'geo_enabled': False,
                                  'has_extended_profile': False,
                                  'id': 1092846538588672003,
                                  'id_str': '1092846538588672003',
                                  'is_translation_enabled': False,
                                  'is_translator': False,
                                  'lang': None,
                                  'listed_count': 0,
                                  'location': 'Cryptopia',
                                  'name': 'CryptoYeshe',
                                  'notifications': None,
                                  'profile_background_color': '000000',
                                  'profile_background_image_url': 'http://abs.twimg.com/images/themes/theme1/bg.png',
                                  'profile_background_image_url_https': 'https://abs.twimg.com/images/themes/theme1/bg.png',
                                  'profile_background_tile': False,
                                  'profile_banner_url': 'https://pbs.twimg.com/profile_banners/1092846538588672003/1549391543',
                                  'profile_image_url': 'http://pbs.twimg.com/profile_images/1092847071575588864/PZtaxxHW_normal.png',
                                  'profile_image_url_https': 'https://pbs.twimg.com/profile_images/1092847071575588864/PZtaxxHW_normal.png',
                                  'profile_link_color': 'ABB8C2',
                                  'profile_sidebar_border_color': '000000',
                                  'profile_sidebar_fill_color': '000000',
                                  'profile_text_color': '000000',
                                  'profile_use_background_image': False,
                                  'protected': False,
                                  'screen_name': 'cryptoyeshe',
                                  'statuses_count': 427,
                                  'time_zone': None,
                                  'translator_type': 'none',
                                  'url': None,
                                  'utc_offset': None,
                                  'verified': False}},
  'source': '<a href="https://google.de" rel="nofollow">MastrTweetr</a>',
  'text': 'RT @cryptoyeshe: Weekly #giveaway 500 #metm $METM! 🤩 for 9 weeks😳\n'
          '✅ Like&amp; Retweet\n'
          '✅ Follow @cryptoyeshe\n'
          '✅ Tag 3 friends\n'
          '✅ Watch&amp; like video…',
  'truncated': False,
  'user': { 'contributors_enabled': False,
            'created_at': 'Thu Jul 25 12:32:15 +0000 2019',
            'default_profile': True,
            'default_profile_image': False,
            'description': 'LvL 19 Fitness-Junkie | Dresden Monarchs all the '
                           'way | #HoodRiesa',
            'entities': {'description': {'urls': []}},
            'favourites_count': 9,
            'follow_request_sent': None,
            'followers_count': 17,
            'following': None,
            'friends_count': 38,
            'geo_enabled': False,
            'has_extended_profile': False,
            'id': 1154368763380342784,
            'id_str': '1154368763380342784',
            'is_translation_enabled': False,
            'is_translator': False,
            'lang': None,
            'listed_count': 0,
            'location': '',
            'name': 'Cyberdr4g0n',
            'notifications': None,
            'profile_background_color': 'F5F8FA',
            'profile_background_image_url': None,
            'profile_background_image_url_https': None,
            'profile_background_tile': False,
            'profile_image_url': 'http://pbs.twimg.com/profile_images/1154371605495275520/R8j_ZbE6_normal.jpg',
            'profile_image_url_https': 'https://pbs.twimg.com/profile_images/1154371605495275520/R8j_ZbE6_normal.jpg',
            'profile_link_color': '1DA1F2',
            'profile_sidebar_border_color': 'C0DEED',
            'profile_sidebar_fill_color': 'DDEEF6',
            'profile_text_color': '333333',
            'profile_use_background_image': True,
            'protected': False,
            'screen_name': 'Cyberdr4g0n1',
            'statuses_count': 27,
            'time_zone': None,
            'translator_type': 'none',
            'url': None,
            'utc_offset': None,
            'verified': False}}
----------Summary----------
{ 'entities': {},
  'id_str': '1156650053819359232',
  'retweeted_status': { 'entities': { 'urls': { 'display_url': 'twitter.com/i/web/status/1…',
                                                'expanded_url': 'https://twitter.com/i/web/status/1156610189916856325'}},
                        'id_str': '1156610189916856325',
                        'text': 'weekly #giveaway 500 #metm $metm!  for 9 '
                                'weeks  like&amp; retweet  follow '
                                '@cryptoyeshe  tag 3 friends  watch&amp; lik '
                                'https://t.co/7jjqtuurhb',
                        'user': { 'entities': {},
                                  'id_str': '1092846538588672003',
                                  'twitter_user': 'cryptoyeshe'}},
  'text': 'rt @cryptoyeshe: weekly #giveaway 500 #metm $metm!  for 9 weeks  '
          'like&amp; retweet  follow @cryptoyeshe  tag 3 friends  watch&amp; '
          'like video',
  'user': { 'entities': {},
            'id_str': '1154368763380342784',
            'twitter_user': 'Cyberdr4g0n1'}}
----------Groups----------
{ 'Bitcoin': ['bitcoin', 'Bitcoin', 'btc', 'satoshi nakamoto'],
  'Ethereum': ['ethereum', 'Ethereum', 'eth', 'vitalik buterin'],
  'Litecoin': ['litecoin', 'Litecoin', 'ltc', 'charles lee'],
  'Monero': ['monero', 'Monero', 'xmr', 'riccardo spagni'],
  'Ripple': [ 'ripple',
              'Ripple',
              'xrp',
              'xrapid',
              'xcurrent',
              'chris larsen',
              'jed mccaleb']}
---------------------------Fetch-------2019-07-31 15:39:42.399150: Tweet filed under "misc":----------Data----------
{ 'contributors': None,
  'coordinates': None,
  'created_at': 'Wed Jul 31 19:37:12 +0000 2019',
  'entities': { 'hashtags': [ {'indices': [17, 25], 'text': 'STOREUM'},
                              {'indices': [80, 94], 'text': 'CoinMarketCap'}],
                'symbols': [{'indices': [26, 30], 'text': 'STO'}],
                'urls': [],
                'user_mentions': [ { 'id': 1124427587009286144,
                                     'id_str': '1124427587009286144',
                                     'indices': [3, 11],
                                     'name': 'storeum',
                                     'screen_name': 'storeum'}]},
  'favorite_count': 0,
  'favorited': False,
  'geo': None,
  'id': 1156650035775455232,
  'id_str': '1156650035775455232',
  'in_reply_to_screen_name': None,
  'in_reply_to_status_id': None,
  'in_reply_to_status_id_str': None,
  'in_reply_to_user_id': None,
  'in_reply_to_user_id_str': None,
  'is_quote_status': False,
  'lang': 'en',
  'metadata': {'iso_language_code': 'en', 'result_type': 'recent'},
  'place': None,
  'retweet_count': 39,
  'retweeted': False,
  'retweeted_status': { 'contributors': None,
                        'coordinates': None,
                        'created_at': 'Sun Jul 28 03:01:00 +0000 2019',
                        'entities': { 'hashtags': [ { 'indices': [4, 12],
                                                      'text': 'STOREUM'},
                                                    { 'indices': [67, 81],
                                                      'text': 'CoinMarketCap'}],
                                      'symbols': [ { 'indices': [13, 17],
                                                     'text': 'STO'}],
                                      'urls': [ { 'display_url': 'twitter.com/i/web/status/1…',
                                                  'expanded_url': 'https://twitter.com/i/web/status/1155312168583217153',
                                                  'indices': [117, 140],
                                                  'url': 'https://t.co/dvaZy1QOHi'}],
                                      'user_mentions': []},
                        'favorite_count': 32,
                        'favorited': False,
                        'geo': None,
                        'id': 1155312168583217153,
                        'id_str': '1155312168583217153',
                        'in_reply_to_screen_name': None,
                        'in_reply_to_status_id': None,
                        'in_reply_to_status_id_str': None,
                        'in_reply_to_user_id': None,
                        'in_reply_to_user_id_str': None,
                        'is_quote_status': False,
                        'lang': 'en',
                        'metadata': { 'iso_language_code': 'en',
                                      'result_type': 'recent'},
                        'place': None,
                        'possibly_sensitive': False,
                        'retweet_count': 39,
                        'retweeted': False,
                        'source': '<a href="https://mobile.twitter.com" '
                                  'rel="nofollow">Twitter Web App</a>',
                        'text': '🔥🔥🔥🔥#STOREUM $STO on fire🔥🔥🔥🔥\n'
                                'we are the biggest gainer project on '
                                '#CoinMarketCap in the last 24h with 173.55% '
                                'incr… https://t.co/dvaZy1QOHi',
                        'truncated': True,
                        'user': { 'contributors_enabled': False,
                                  'created_at': 'Fri May 03 21:36:42 +0000 '
                                                '2019',
                                  'default_profile': True,
                                  'default_profile_image': False,
                                  'description': "the world's first "
                                                 'decentralized,\n'
                                                 'peer-to-peer marketplace',
                                  'entities': { 'description': {'urls': []},
                                                'url': { 'urls': [ { 'display_url': 'storeum.co',
                                                                     'expanded_url': 'http://storeum.co',
                                                                     'indices': [ 0,
                                                                                  23],
                                                                     'url': 'https://t.co/PEZjOgaICf'}]}},
                                  'favourites_count': 37,
                                  'follow_request_sent': None,
                                  'followers_count': 6198,
                                  'following': None,
                                  'friends_count': 76,
                                  'geo_enabled': False,
                                  'has_extended_profile': False,
                                  'id': 1124427587009286144,
                                  'id_str': '1124427587009286144',
                                  'is_translation_enabled': False,
                                  'is_translator': False,
                                  'lang': None,
                                  'listed_count': 2,
                                  'location': '',
                                  'name': 'storeum',
                                  'notifications': None,
                                  'profile_background_color': 'F5F8FA',
                                  'profile_background_image_url': None,
                                  'profile_background_image_url_https': None,
                                  'profile_background_tile': False,
                                  'profile_banner_url': 'https://pbs.twimg.com/profile_banners/1124427587009286144/1556992572',
                                  'profile_image_url': 'http://pbs.twimg.com/profile_images/1124731635386208256/nEVCIeIW_normal.png',
                                  'profile_image_url_https': 'https://pbs.twimg.com/profile_images/1124731635386208256/nEVCIeIW_normal.png',
                                  'profile_link_color': '1DA1F2',
                                  'profile_sidebar_border_color': 'C0DEED',
                                  'profile_sidebar_fill_color': 'DDEEF6',
                                  'profile_text_color': '333333',
                                  'profile_use_background_image': True,
                                  'protected': False,
                                  'screen_name': 'storeum',
                                  'statuses_count': 26,
                                  'time_zone': None,
                                  'translator_type': 'none',
                                  'url': 'https://t.co/PEZjOgaICf',
                                  'utc_offset': None,
                                  'verified': False}},
  'source': '<a href="http://twitter.com/download/android" '
            'rel="nofollow">Twitter for Android</a>',
  'text': 'RT @storeum: 🔥🔥🔥🔥#STOREUM $STO on fire🔥🔥🔥🔥\n'
          'we are the biggest gainer project on #CoinMarketCap in the last 24h '
          'with 173.55% increase , STO…',
  'truncated': False,
  'user': { 'contributors_enabled': False,
            'created_at': 'Tue Apr 02 16:45:31 +0000 2019',
            'default_profile': True,
            'default_profile_image': True,
            'description': 'A humanitarian,political Analyst,pychologist, '
                           'philanthropist',
            'entities': {'description': {'urls': []}},
            'favourites_count': 42,
            'follow_request_sent': None,
            'followers_count': 1,
            'following': None,
            'friends_count': 100,
            'geo_enabled': False,
            'has_extended_profile': False,
            'id': 1113120285174194177,
            'id_str': '1113120285174194177',
            'is_translation_enabled': False,
            'is_translator': False,
            'lang': None,
            'listed_count': 0,
            'location': '',
            'name': 'Donwealth',
            'notifications': None,
            'profile_background_color': 'F5F8FA',
            'profile_background_image_url': None,
            'profile_background_image_url_https': None,
            'profile_background_tile': False,
            'profile_image_url': 'http://abs.twimg.com/sticky/default_profile_images/default_profile_normal.png',
            'profile_image_url_https': 'https://abs.twimg.com/sticky/default_profile_images/default_profile_normal.png',
            'profile_link_color': '1DA1F2',
            'profile_sidebar_border_color': 'C0DEED',
            'profile_sidebar_fill_color': 'DDEEF6',
            'profile_text_color': '333333',
            'profile_use_background_image': True,
            'protected': False,
            'screen_name': 'Donwealth20',
            'statuses_count': 58,
            'time_zone': None,
            'translator_type': 'none',
            'url': None,
            'utc_offset': None,
            'verified': False}}
----------Summary----------
{ 'entities': {},
  'id_str': '1156650035775455232',
  'retweeted_status': { 'entities': { 'urls': { 'display_url': 'twitter.com/i/web/status/1…',
                                                'expanded_url': 'https://twitter.com/i/web/status/1155312168583217153'}},
                        'id_str': '1155312168583217153',
                        'text': '#storeum $sto on fire we are the biggest '
                                'gainer project on #coinmarketcap in the last '
                                '24h with 173.55% incr https://t.co/dvazy1qohi',
                        'user': { 'entities': {},
                                  'id_str': '1124427587009286144',
                                  'twitter_user': 'storeum'}},
  'text': 'rt @storeum: #storeum $sto on fire we are the biggest gainer '
          'project on #coinmarketcap in the last 24h with 173.55% increase , '
          'sto',
  'user': { 'entities': {},
            'id_str': '1113120285174194177',
            'twitter_user': 'Donwealth20'}}
----------Groups----------
{ 'Bitcoin': ['bitcoin', 'Bitcoin', 'btc', 'satoshi nakamoto'],
  'Ethereum': ['ethereum', 'Ethereum', 'eth', 'vitalik buterin'],
  'Litecoin': ['litecoin', 'Litecoin', 'ltc', 'charles lee'],
  'Monero': ['monero', 'Monero', 'xmr', 'riccardo spagni'],
  'Ripple': [ 'ripple',
              'Ripple',
              'xrp',
              'xrapid',
              'xcurrent',
              'chris larsen',
              'jed mccaleb']}
---------------------------Fetch-------2019-07-31 15:39:44.893807: Tweet filed under "misc":----------Data----------
{ 'contributors': None,
  'coordinates': None,
  'created_at': 'Wed Jul 31 19:36:59 +0000 2019',
  'entities': { 'hashtags': [],
                'symbols': [],
                'urls': [ { 'display_url': 'twitter.com/i/web/status/1…',
                            'expanded_url': 'https://twitter.com/i/web/status/1156649980758650880',
                            'indices': [117, 140],
                            'url': 'https://t.co/anKC0STDh6'}],
                'user_mentions': [ { 'id': 967662309412868096,
                                     'id_str': '967662309412868096',
                                     'indices': [0, 14],
                                     'name': 'Rain',
                                     'screen_name': 'rainfinancial'},
                                   { 'id': 304250211,
                                     'id_str': '304250211',
                                     'indices': [15, 24],
                                     'name': 'Central Bank of Bahrain',
                                     'screen_name': 'CBB_News'},
                                   { 'id': 2439495535,
                                     'id_str': '2439495535',
                                     'indices': [25, 38],
                                     'name': 'BitMEX',
                                     'screen_name': 'BitMEXdotcom'},
                                   { 'id': 1125844694129360897,
                                     'id_str': '1125844694129360897',
                                     'indices': [98, 108],
                                     'name': 'Bottle',
                                     'screen_name': 'bottlepay'}]},
  'favorite_count': 1,
  'favorited': False,
  'geo': None,
  'id': 1156649980758650880,
  'id_str': '1156649980758650880',
  'in_reply_to_screen_name': 'rainfinancial',
  'in_reply_to_status_id': 1156467794747232256,
  'in_reply_to_status_id_str': '1156467794747232256',
  'in_reply_to_user_id': 967662309412868096,
  'in_reply_to_user_id_str': '967662309412868096',
  'is_quote_status': False,
  'lang': 'en',
  'metadata': {'iso_language_code': 'en', 'result_type': 'recent'},
  'place': None,
  'retweet_count': 0,
  'retweeted': False,
  'source': '<a href="https://mobile.twitter.com" rel="nofollow">Twitter Web '
            'App</a>',
  'text': '@rainfinancial @CBB_News @BitMEXdotcom this is the best news of the '
          'day. Wish you great success.\n'
          '\n'
          '@bottlepay 100 sa… https://t.co/anKC0STDh6',
  'truncated': True,
  'user': { 'contributors_enabled': False,
            'created_at': 'Thu Jul 04 08:38:01 +0000 2013',
            'default_profile': True,
            'default_profile_image': False,
            'description': 'https://t.co/oQlw1meQNX',
            'entities': { 'description': { 'urls': [ { 'display_url': 'tippin.me/@ravi_hir',
                                                       'expanded_url': 'http://tippin.me/@ravi_hir',
                                                       'indices': [0, 23],
                                                       'url': 'https://t.co/oQlw1meQNX'}]}},
            'favourites_count': 2504,
            'follow_request_sent': None,
            'followers_count': 188,
            'following': None,
            'friends_count': 174,
            'geo_enabled': True,
            'has_extended_profile': False,
            'id': 1567700198,
            'id_str': '1567700198',
            'is_translation_enabled': False,
            'is_translator': False,
            'lang': None,
            'listed_count': 3,
            'location': 'India',
            'name': 'Ravi',
            'notifications': None,
            'profile_background_color': 'C0DEED',
            'profile_background_image_url': 'http://abs.twimg.com/images/themes/theme1/bg.png',
            'profile_background_image_url_https': 'https://abs.twimg.com/images/themes/theme1/bg.png',
            'profile_background_tile': False,
            'profile_banner_url': 'https://pbs.twimg.com/profile_banners/1567700198/1522822884',
            'profile_image_url': 'http://pbs.twimg.com/profile_images/1137286887226335232/0Ue2hN-H_normal.jpg',
            'profile_image_url_https': 'https://pbs.twimg.com/profile_images/1137286887226335232/0Ue2hN-H_normal.jpg',
            'profile_link_color': '1DA1F2',
            'profile_sidebar_border_color': 'C0DEED',
            'profile_sidebar_fill_color': 'DDEEF6',
            'profile_text_color': '333333',
            'profile_use_background_image': True,
            'protected': False,
            'screen_name': 'ravi_hir',
            'statuses_count': 726,
            'time_zone': None,
            'translator_type': 'none',
            'url': None,
            'utc_offset': None,
            'verified': False}}
----------Summary----------
{ 'entities': { 'urls': { 'display_url': 'twitter.com/i/web/status/1…',
                          'expanded_url': 'https://twitter.com/i/web/status/1156649980758650880'}},
  'id_str': '1156649980758650880',
  'text': '@rainfinancial @cbb_news @bitmexdotcom this is the best news of the '
          'day. wish you great success.  @bottlepay 100 sa '
          'https://t.co/ankc0stdh6',
  'user': {'entities': {}, 'id_str': '1567700198', 'twitter_user': 'ravi_hir'}}
----------Groups----------
{ 'Bitcoin': ['bitcoin', 'Bitcoin', 'btc', 'satoshi nakamoto'],
  'Ethereum': ['ethereum', 'Ethereum', 'eth', 'vitalik buterin'],
  'Litecoin': ['litecoin', 'Litecoin', 'ltc', 'charles lee'],
  'Monero': ['monero', 'Monero', 'xmr', 'riccardo spagni'],
  'Ripple': [ 'ripple',
              'Ripple',
              'xrp',
              'xrapid',
              'xcurrent',
              'chris larsen',
              'jed mccaleb']}
---------------------------Fetch-------2019-07-31 15:39:48.140411: Tweet filed under "misc":----------Data----------
{ 'contributors': None,
  'coordinates': None,
  'created_at': 'Wed Jul 31 19:38:31 +0000 2019',
  'entities': { 'hashtags': [],
                'symbols': [],
                'urls': [],
                'user_mentions': [ { 'id': 4189020387,
                                     'id_str': '4189020387',
                                     'indices': [3, 13],
                                     'name': 'ᴀᴘᴇxᴏʀ ☔️ (IKONIK = £10)',
                                     'screen_name': 'apexorlul'}]},
  'favorite_count': 0,
  'favorited': False,
  'geo': None,
  'id': 1156650366257303553,
  'id_str': '1156650366257303553',
  'in_reply_to_screen_name': None,
  'in_reply_to_status_id': None,
  'in_reply_to_status_id_str': None,
  'in_reply_to_user_id': None,
  'in_reply_to_user_id_str': None,
  'is_quote_status': False,
  'lang': 'en',
  'metadata': {'iso_language_code': 'en', 'result_type': 'recent'},
  'place': None,
  'retweet_count': 2,
  'retweeted': False,
  'retweeted_status': { 'contributors': None,
                        'coordinates': None,
                        'created_at': 'Wed Jul 31 19:36:34 +0000 2019',
                        'entities': { 'hashtags': [],
                                      'symbols': [],
                                      'urls': [ { 'display_url': 'twitter.com/i/web/status/1…',
                                                  'expanded_url': 'https://twitter.com/i/web/status/1156649874919763969',
                                                  'indices': [116, 139],
                                                  'url': 'https://t.co/tZjZ77sfgK'}],
                                      'user_mentions': []},
                        'favorite_count': 3,
                        'favorited': False,
                        'geo': None,
                        'id': 1156649874919763969,
                        'id_str': '1156649874919763969',
                        'in_reply_to_screen_name': None,
                        'in_reply_to_status_id': None,
                        'in_reply_to_status_id_str': None,
                        'in_reply_to_user_id': None,
                        'in_reply_to_user_id_str': None,
                        'is_quote_status': False,
                        'lang': 'en',
                        'metadata': { 'iso_language_code': 'en',
                                      'result_type': 'recent'},
                        'place': None,
                        'retweet_count': 2,
                        'retweeted': False,
                        'source': '<a '
                                  'href="http://twitter.com/download/iphone" '
                                  'rel="nofollow">Twitter for iPhone</a>',
                        'text': 'NEXT 20 IKONIK ORDERS WILL ONLY GET IT FOR '
                                '$10 ‼️🔌\n'
                                '\n'
                                '• any info (charge extra $2 for PSN / Xbox '
                                'info) \n'
                                '• 2FA OFF \n'
                                '•… https://t.co/tZjZ77sfgK',
                        'truncated': True,
                        'user': { 'contributors_enabled': False,
                                  'created_at': 'Sat Nov 14 21:04:41 +0000 '
                                                '2015',
                                  'default_profile': True,
                                  'default_profile_image': False,
                                  'description': 'Seller / MM',
                                  'entities': { 'description': {'urls': []},
                                                'url': { 'urls': [ { 'display_url': 'Shoppy.gg/@Apexor',
                                                                     'expanded_url': 'http://Shoppy.gg/@Apexor',
                                                                     'indices': [ 0,
                                                                                  23],
                                                                     'url': 'https://t.co/IICVKzgnRV'}]}},
                                  'favourites_count': 267,
                                  'follow_request_sent': None,
                                  'followers_count': 565,
                                  'following': None,
                                  'friends_count': 26,
                                  'geo_enabled': False,
                                  'has_extended_profile': False,
                                  'id': 4189020387,
                                  'id_str': '4189020387',
                                  'is_translation_enabled': False,
                                  'is_translator': False,
                                  'lang': None,
                                  'listed_count': 0,
                                  'location': 'instagram.com/apexorlul',
                                  'name': 'ᴀᴘᴇxᴏʀ ☔️ (IKONIK = £10)',
                                  'notifications': None,
                                  'profile_background_color': 'C0DEED',
                                  'profile_background_image_url': 'http://abs.twimg.com/images/themes/theme1/bg.png',
                                  'profile_background_image_url_https': 'https://abs.twimg.com/images/themes/theme1/bg.png',
                                  'profile_background_tile': False,
                                  'profile_banner_url': 'https://pbs.twimg.com/profile_banners/4189020387/1563812296',
                                  'profile_image_url': 'http://pbs.twimg.com/profile_images/1154571680360140800/HICL2m5l_normal.jpg',
                                  'profile_image_url_https': 'https://pbs.twimg.com/profile_images/1154571680360140800/HICL2m5l_normal.jpg',
                                  'profile_link_color': '1DA1F2',
                                  'profile_sidebar_border_color': 'C0DEED',
                                  'profile_sidebar_fill_color': 'DDEEF6',
                                  'profile_text_color': '333333',
                                  'profile_use_background_image': True,
                                  'protected': False,
                                  'screen_name': 'apexorlul',
                                  'statuses_count': 104,
                                  'time_zone': None,
                                  'translator_type': 'none',
                                  'url': 'https://t.co/IICVKzgnRV',
                                  'utc_offset': None,
                                  'verified': False}},
  'source': '<a href="http://twitter.com/download/android" '
            'rel="nofollow">Twitter for Android</a>',
  'text': 'RT @apexorlul: NEXT 20 IKONIK ORDERS WILL ONLY GET IT FOR $10 ‼️🔌\n'
          '\n'
          '• any info (charge extra $2 for PSN / Xbox info) \n'
          '• 2FA OFF \n'
          '• Fast Deli…',
  'truncated': False,
  'user': { 'contributors_enabled': False,
            'created_at': 'Sat Aug 11 15:25:17 +0000 2018',
            'default_profile': True,
            'default_profile_image': False,
            'description': 'watch my pinned',
            'entities': {'description': {'urls': []}},
            'favourites_count': 4313,
            'follow_request_sent': None,
            'followers_count': 58,
            'following': None,
            'friends_count': 42,
            'geo_enabled': False,
            'has_extended_profile': False,
            'id': 1028301333634469889,
            'id_str': '1028301333634469889',
            'is_translation_enabled': False,
            'is_translator': False,
            'lang': None,
            'listed_count': 0,
            'location': 'Konohagakure',
            'name': 'Kanjinama',
            'notifications': None,
            'profile_background_color': 'F5F8FA',
            'profile_background_image_url': None,
            'profile_background_image_url_https': None,
            'profile_background_tile': False,
            'profile_banner_url': 'https://pbs.twimg.com/profile_banners/1028301333634469889/1563920536',
            'profile_image_url': 'http://pbs.twimg.com/profile_images/1155973078574174208/L4WxL9dq_normal.jpg',
            'profile_image_url_https': 'https://pbs.twimg.com/profile_images/1155973078574174208/L4WxL9dq_normal.jpg',
            'profile_link_color': '1DA1F2',
            'profile_sidebar_border_color': 'C0DEED',
            'profile_sidebar_fill_color': 'DDEEF6',
            'profile_text_color': '333333',
            'profile_use_background_image': True,
            'protected': False,
            'screen_name': 'twitchnibz',
            'statuses_count': 1124,
            'time_zone': None,
            'translator_type': 'none',
            'url': None,
            'utc_offset': None,
            'verified': False}}
----------Summary----------
{ 'entities': {},
  'id_str': '1156650366257303553',
  'retweeted_status': { 'entities': { 'urls': { 'display_url': 'twitter.com/i/web/status/1…',
                                                'expanded_url': 'https://twitter.com/i/web/status/1156649874919763969'}},
                        'id_str': '1156649874919763969',
                        'text': 'next 20 ikonik orders will only get it for '
                                '$10    any info (charge extra $2 for psn / '
                                'xbox info)   2fa off   '
                                'https://t.co/tzjz77sfgk',
                        'user': { 'entities': {},
                                  'id_str': '4189020387',
                                  'twitter_user': 'apexorlul'}},
  'text': 'rt @apexorlul: next 20 ikonik orders will only get it for $10    '
          'any info (charge extra $2 for psn / xbox info)   2fa off   fast '
          'deli',
  'user': { 'entities': {},
            'id_str': '1028301333634469889',
            'twitter_user': 'twitchnibz'}}
----------Groups----------
{ 'Bitcoin': ['bitcoin', 'Bitcoin', 'btc', 'satoshi nakamoto'],
  'Ethereum': ['ethereum', 'Ethereum', 'eth', 'vitalik buterin'],
  'Litecoin': ['litecoin', 'Litecoin', 'ltc', 'charles lee'],
  'Monero': ['monero', 'Monero', 'xmr', 'riccardo spagni'],
  'Ripple': [ 'ripple',
              'Ripple',
              'xrp',
              'xrapid',
              'xcurrent',
              'chris larsen',
              'jed mccaleb']}
---------------------------Fetch-------2019-07-31 15:39:49.464489: Tweet filed under "misc":----------Data----------
{ 'contributors': None,
  'coordinates': None,
  'created_at': 'Wed Jul 31 19:38:20 +0000 2019',
  'entities': { 'hashtags': [],
                'symbols': [],
                'urls': [],
                'user_mentions': [ { 'id': 31544554,
                                     'id_str': '31544554',
                                     'indices': [3, 15],
                                     'name': 'Omar Bham (Crypt0)',
                                     'screen_name': 'crypt0snews'}]},
  'favorite_count': 0,
  'favorited': False,
  'geo': None,
  'id': 1156650318375075842,
  'id_str': '1156650318375075842',
  'in_reply_to_screen_name': None,
  'in_reply_to_status_id': None,
  'in_reply_to_status_id_str': None,
  'in_reply_to_user_id': None,
  'in_reply_to_user_id_str': None,
  'is_quote_status': False,
  'lang': 'en',
  'metadata': {'iso_language_code': 'en', 'result_type': 'recent'},
  'place': None,
  'retweet_count': 3,
  'retweeted': False,
  'retweeted_status': { 'contributors': None,
                        'coordinates': None,
                        'created_at': 'Wed Jul 31 19:36:11 +0000 2019',
                        'entities': { 'hashtags': [],
                                      'symbols': [],
                                      'urls': [ { 'display_url': 'twitter.com/i/web/status/1…',
                                                  'expanded_url': 'https://twitter.com/i/web/status/1156649781126524929',
                                                  'indices': [117, 140],
                                                  'url': 'https://t.co/oNh3j7fHme'}],
                                      'user_mentions': []},
                        'favorite_count': 7,
                        'favorited': False,
                        'geo': None,
                        'id': 1156649781126524929,
                        'id_str': '1156649781126524929',
                        'in_reply_to_screen_name': None,
                        'in_reply_to_status_id': None,
                        'in_reply_to_status_id_str': None,
                        'in_reply_to_user_id': None,
                        'in_reply_to_user_id_str': None,
                        'is_quote_status': False,
                        'lang': 'en',
                        'metadata': { 'iso_language_code': 'en',
                                      'result_type': 'recent'},
                        'place': None,
                        'retweet_count': 3,
                        'retweeted': False,
                        'source': '<a href="https://mobile.twitter.com" '
                                  'rel="nofollow">Twitter Web App</a>',
                        'text': 'Interest rates have just been cut (first in '
                                '10 years!) FUELING free money into BiTC and '
                                'other "risky" assets... unp… '
                                'https://t.co/oNh3j7fHme',
                        'truncated': True,
                        'user': { 'contributors_enabled': False,
                                  'created_at': 'Wed Apr 15 22:32:29 +0000 '
                                                '2009',
                                  'default_profile': False,
                                  'default_profile_image': False,
                                  'description': 'The Latest Cryptocurrency '
                                                 'News, Sentiments, & '
                                                 'Opinions! - YouTube Content '
                                                 'Creator & L.A. based Actor',
                                  'entities': { 'description': {'urls': []},
                                                'url': { 'urls': [ { 'display_url': 'youtube.com/crypt0',
                                                                     'expanded_url': 'https://www.youtube.com/crypt0',
                                                                     'indices': [ 0,
                                                                                  23],
                                                                     'url': 'https://t.co/8FjcqY0KjH'}]}},
                                  'favourites_count': 37703,
                                  'follow_request_sent': None,
                                  'followers_count': 39072,
                                  'following': None,
                                  'friends_count': 99,
                                  'geo_enabled': False,
                                  'has_extended_profile': True,
                                  'id': 31544554,
                                  'id_str': '31544554',
                                  'is_translation_enabled': False,
                                  'is_translator': False,
                                  'lang': None,
                                  'listed_count': 585,
                                  'location': 'Los Angeles, CA',
                                  'name': 'Omar Bham (Crypt0)',
                                  'notifications': None,
                                  'profile_background_color': '000000',
                                  'profile_background_image_url': 'http://abs.twimg.com/images/themes/theme10/bg.gif',
                                  'profile_background_image_url_https': 'https://abs.twimg.com/images/themes/theme10/bg.gif',
                                  'profile_background_tile': False,
                                  'profile_banner_url': 'https://pbs.twimg.com/profile_banners/31544554/1494099859',
                                  'profile_image_url': 'http://pbs.twimg.com/profile_images/1151888075464699904/qrkAYKH5_normal.jpg',
                                  'profile_image_url_https': 'https://pbs.twimg.com/profile_images/1151888075464699904/qrkAYKH5_normal.jpg',
                                  'profile_link_color': '981CEB',
                                  'profile_sidebar_border_color': '000000',
                                  'profile_sidebar_fill_color': '000000',
                                  'profile_text_color': '000000',
                                  'profile_use_background_image': False,
                                  'protected': False,
                                  'screen_name': 'crypt0snews',
                                  'statuses_count': 9657,
                                  'time_zone': None,
                                  'translator_type': 'none',
                                  'url': 'https://t.co/8FjcqY0KjH',
                                  'utc_offset': None,
                                  'verified': False}},
  'source': '<a href="http://twitter.com/download/android" '
            'rel="nofollow">Twitter for Android</a>',
  'text': 'RT @crypt0snews: Interest rates have just been cut (first in 10 '
          'years!) FUELING free money into BiTC and other "risky" assets... '
          'unpreceden…',
  'truncated': False,
  'user': { 'contributors_enabled': False,
            'created_at': 'Tue Jan 29 10:52:12 +0000 2013',
            'default_profile': False,
            'default_profile_image': False,
            'description': 'World Traveller , Philosophy apprentice,  '
                           'Consciousness Explorer , Space + Science '
                           'Enthusiast, History Nut',
            'entities': {'description': {'urls': []}},
            'favourites_count': 15458,
            'follow_request_sent': None,
            'followers_count': 476,
            'following': None,
            'friends_count': 887,
            'geo_enabled': True,
            'has_extended_profile': False,
            'id': 1130699100,
            'id_str': '1130699100',
            'is_translation_enabled': False,
            'is_translator': False,
            'lang': None,
            'listed_count': 29,
            'location': 'Utrecht, The Netherlands',
            'name': 'Tomo',
            'notifications': None,
            'profile_background_color': '000000',
            'profile_background_image_url': 'http://abs.twimg.com/images/themes/theme1/bg.png',
            'profile_background_image_url_https': 'https://abs.twimg.com/images/themes/theme1/bg.png',
            'profile_background_tile': False,
            'profile_banner_url': 'https://pbs.twimg.com/profile_banners/1130699100/1548179868',
            'profile_image_url': 'http://pbs.twimg.com/profile_images/1087770995665133571/yzIDqFbd_normal.jpg',
            'profile_image_url_https': 'https://pbs.twimg.com/profile_images/1087770995665133571/yzIDqFbd_normal.jpg',
            'profile_link_color': '1B95E0',
            'profile_sidebar_border_color': '000000',
            'profile_sidebar_fill_color': '000000',
            'profile_text_color': '000000',
            'profile_use_background_image': False,
            'protected': False,
            'screen_name': 'JaredMcKraken',
            'statuses_count': 12165,
            'time_zone': None,
            'translator_type': 'none',
            'url': None,
            'utc_offset': None,
            'verified': False}}
----------Summary----------
{ 'entities': {},
  'id_str': '1156650318375075842',
  'retweeted_status': { 'entities': { 'urls': { 'display_url': 'twitter.com/i/web/status/1…',
                                                'expanded_url': 'https://twitter.com/i/web/status/1156649781126524929'}},
                        'id_str': '1156649781126524929',
                        'text': 'interest rates have just been cut (first in '
                                '10 years!) fueling free money into bitc and '
                                'other "risky" assets... unp '
                                'https://t.co/onh3j7fhme',
                        'user': { 'entities': {},
                                  'id_str': '31544554',
                                  'twitter_user': 'crypt0snews'}},
  'text': 'rt @crypt0snews: interest rates have just been cut (first in 10 '
          'years!) fueling free money into bitc and other "risky" assets... '
          'unpreceden',
  'user': { 'entities': {},
            'id_str': '1130699100',
            'twitter_user': 'JaredMcKraken'}}
----------Groups----------
{ 'Bitcoin': ['bitcoin', 'Bitcoin', 'btc', 'satoshi nakamoto'],
  'Ethereum': ['ethereum', 'Ethereum', 'eth', 'vitalik buterin'],
  'Litecoin': ['litecoin', 'Litecoin', 'ltc', 'charles lee'],
  'Monero': ['monero', 'Monero', 'xmr', 'riccardo spagni'],
  'Ripple': [ 'ripple',
              'Ripple',
              'xrp',
              'xrapid',
              'xcurrent',
              'chris larsen',
              'jed mccaleb']}
---------------------------Fetch-------2019-07-31 15:39:49.975601: Tweet filed under "misc":----------Data----------
{ 'contributors': None,
  'coordinates': None,
  'created_at': 'Wed Jul 31 19:38:05 +0000 2019',
  'entities': { 'hashtags': [],
                'symbols': [],
                'urls': [],
                'user_mentions': [ { 'id': 31544554,
                                     'id_str': '31544554',
                                     'indices': [3, 15],
                                     'name': 'Omar Bham (Crypt0)',
                                     'screen_name': 'crypt0snews'}]},
  'favorite_count': 0,
  'favorited': False,
  'geo': None,
  'id': 1156650258157301763,
  'id_str': '1156650258157301763',
  'in_reply_to_screen_name': None,
  'in_reply_to_status_id': None,
  'in_reply_to_status_id_str': None,
  'in_reply_to_user_id': None,
  'in_reply_to_user_id_str': None,
  'is_quote_status': False,
  'lang': 'en',
  'metadata': {'iso_language_code': 'en', 'result_type': 'recent'},
  'place': None,
  'retweet_count': 3,
  'retweeted': False,
  'retweeted_status': { 'contributors': None,
                        'coordinates': None,
                        'created_at': 'Wed Jul 31 19:36:11 +0000 2019',
                        'entities': { 'hashtags': [],
                                      'symbols': [],
                                      'urls': [ { 'display_url': 'twitter.com/i/web/status/1…',
                                                  'expanded_url': 'https://twitter.com/i/web/status/1156649781126524929',
                                                  'indices': [117, 140],
                                                  'url': 'https://t.co/oNh3j7fHme'}],
                                      'user_mentions': []},
                        'favorite_count': 7,
                        'favorited': False,
                        'geo': None,
                        'id': 1156649781126524929,
                        'id_str': '1156649781126524929',
                        'in_reply_to_screen_name': None,
                        'in_reply_to_status_id': None,
                        'in_reply_to_status_id_str': None,
                        'in_reply_to_user_id': None,
                        'in_reply_to_user_id_str': None,
                        'is_quote_status': False,
                        'lang': 'en',
                        'metadata': { 'iso_language_code': 'en',
                                      'result_type': 'recent'},
                        'place': None,
                        'retweet_count': 3,
                        'retweeted': False,
                        'source': '<a href="https://mobile.twitter.com" '
                                  'rel="nofollow">Twitter Web App</a>',
                        'text': 'Interest rates have just been cut (first in '
                                '10 years!) FUELING free money into BiTC and '
                                'other "risky" assets... unp… '
                                'https://t.co/oNh3j7fHme',
                        'truncated': True,
                        'user': { 'contributors_enabled': False,
                                  'created_at': 'Wed Apr 15 22:32:29 +0000 '
                                                '2009',
                                  'default_profile': False,
                                  'default_profile_image': False,
                                  'description': 'The Latest Cryptocurrency '
                                                 'News, Sentiments, & '
                                                 'Opinions! - YouTube Content '
                                                 'Creator & L.A. based Actor',
                                  'entities': { 'description': {'urls': []},
                                                'url': { 'urls': [ { 'display_url': 'youtube.com/crypt0',
                                                                     'expanded_url': 'https://www.youtube.com/crypt0',
                                                                     'indices': [ 0,
                                                                                  23],
                                                                     'url': 'https://t.co/8FjcqY0KjH'}]}},
                                  'favourites_count': 37703,
                                  'follow_request_sent': None,
                                  'followers_count': 39072,
                                  'following': None,
                                  'friends_count': 99,
                                  'geo_enabled': False,
                                  'has_extended_profile': True,
                                  'id': 31544554,
                                  'id_str': '31544554',
                                  'is_translation_enabled': False,
                                  'is_translator': False,
                                  'lang': None,
                                  'listed_count': 585,
                                  'location': 'Los Angeles, CA',
                                  'name': 'Omar Bham (Crypt0)',
                                  'notifications': None,
                                  'profile_background_color': '000000',
                                  'profile_background_image_url': 'http://abs.twimg.com/images/themes/theme10/bg.gif',
                                  'profile_background_image_url_https': 'https://abs.twimg.com/images/themes/theme10/bg.gif',
                                  'profile_background_tile': False,
                                  'profile_banner_url': 'https://pbs.twimg.com/profile_banners/31544554/1494099859',
                                  'profile_image_url': 'http://pbs.twimg.com/profile_images/1151888075464699904/qrkAYKH5_normal.jpg',
                                  'profile_image_url_https': 'https://pbs.twimg.com/profile_images/1151888075464699904/qrkAYKH5_normal.jpg',
                                  'profile_link_color': '981CEB',
                                  'profile_sidebar_border_color': '000000',
                                  'profile_sidebar_fill_color': '000000',
                                  'profile_text_color': '000000',
                                  'profile_use_background_image': False,
                                  'protected': False,
                                  'screen_name': 'crypt0snews',
                                  'statuses_count': 9657,
                                  'time_zone': None,
                                  'translator_type': 'none',
                                  'url': 'https://t.co/8FjcqY0KjH',
                                  'utc_offset': None,
                                  'verified': False}},
  'source': '<a href="http://twitter.com/download/android" '
            'rel="nofollow">Twitter for Android</a>',
  'text': 'RT @crypt0snews: Interest rates have just been cut (first in 10 '
          'years!) FUELING free money into BiTC and other "risky" assets... '
          'unpreceden…',
  'truncated': False,
  'user': { 'contributors_enabled': False,
            'created_at': 'Sat May 25 01:05:33 +0000 2013',
            'default_profile': False,
            'default_profile_image': False,
            'description': 'Realtor ®️ Real Estate Agent @RealtyOneGroup '
                           '@RealtyONEnews / Bitcoin 🚀🌙',
            'entities': { 'description': {'urls': []},
                          'url': { 'urls': [ { 'display_url': 'ZaidKamal.com',
                                               'expanded_url': 'http://www.ZaidKamal.com',
                                               'indices': [0, 23],
                                               'url': 'https://t.co/tWIMocLfCh'}]}},
            'favourites_count': 11878,
            'follow_request_sent': None,
            'followers_count': 368,
            'following': None,
            'friends_count': 388,
            'geo_enabled': False,
            'has_extended_profile': True,
            'id': 1455644718,
            'id_str': '1455644718',
            'is_translation_enabled': False,
            'is_translator': False,
            'lang': None,
            'listed_count': 2,
            'location': 'Laguna Niguel, CA',
            'name': 'Zaid K.',
            'notifications': None,
            'profile_background_color': '000000',
            'profile_background_image_url': 'http://abs.twimg.com/images/themes/theme1/bg.png',
            'profile_background_image_url_https': 'https://abs.twimg.com/images/themes/theme1/bg.png',
            'profile_background_tile': False,
            'profile_banner_url': 'https://pbs.twimg.com/profile_banners/1455644718/1513037592',
            'profile_image_url': 'http://pbs.twimg.com/profile_images/1100244350230032385/Z4V-FYMS_normal.jpg',
            'profile_image_url_https': 'https://pbs.twimg.com/profile_images/1100244350230032385/Z4V-FYMS_normal.jpg',
            'profile_link_color': '1B95E0',
            'profile_sidebar_border_color': '000000',
            'profile_sidebar_fill_color': '000000',
            'profile_text_color': '000000',
            'profile_use_background_image': False,
            'protected': False,
            'screen_name': 'ZKamal23',
            'statuses_count': 6559,
            'time_zone': None,
            'translator_type': 'none',
            'url': 'https://t.co/tWIMocLfCh',
            'utc_offset': None,
            'verified': False}}
----------Summary----------
{ 'entities': {},
  'id_str': '1156650258157301763',
  'retweeted_status': { 'entities': { 'urls': { 'display_url': 'twitter.com/i/web/status/1…',
                                                'expanded_url': 'https://twitter.com/i/web/status/1156649781126524929'}},
                        'id_str': '1156649781126524929',
                        'text': 'interest rates have just been cut (first in '
                                '10 years!) fueling free money into bitc and '
                                'other "risky" assets... unp '
                                'https://t.co/onh3j7fhme',
                        'user': { 'entities': {},
                                  'id_str': '31544554',
                                  'twitter_user': 'crypt0snews'}},
  'text': 'rt @crypt0snews: interest rates have just been cut (first in 10 '
          'years!) fueling free money into bitc and other "risky" assets... '
          'unpreceden',
  'user': {'entities': {}, 'id_str': '1455644718', 'twitter_user': 'ZKamal23'}}
----------Groups----------
{ 'Bitcoin': ['bitcoin', 'Bitcoin', 'btc', 'satoshi nakamoto'],
  'Ethereum': ['ethereum', 'Ethereum', 'eth', 'vitalik buterin'],
  'Litecoin': ['litecoin', 'Litecoin', 'ltc', 'charles lee'],
  'Monero': ['monero', 'Monero', 'xmr', 'riccardo spagni'],
  'Ripple': [ 'ripple',
              'Ripple',
              'xrp',
              'xrapid',
              'xcurrent',
              'chris larsen',
              'jed mccaleb']}
---------------------------Fetch-------2019-07-31 15:39:50.284038: Tweet filed under "misc":----------Data----------
{ 'contributors': None,
  'coordinates': None,
  'created_at': 'Wed Jul 31 19:38:03 +0000 2019',
  'entities': { 'hashtags': [ {'indices': [30, 42], 'text': 'competition'},
                              {'indices': [84, 88], 'text': 'BNB'}],
                'symbols': [],
                'urls': [],
                'user_mentions': [ { 'id': 1143108958326054912,
                                     'id_str': '1143108958326054912',
                                     'indices': [3, 15],
                                     'name': 'DAO Maker',
                                     'screen_name': 'TheDaoMaker'},
                                   { 'id': 1143108958326054912,
                                     'id_str': '1143108958326054912',
                                     'indices': [114, 126],
                                     'name': 'DAO Maker',
                                     'screen_name': 'TheDaoMaker'}]},
  'favorite_count': 0,
  'favorited': False,
  'geo': None,
  'id': 1156650250775474176,
  'id_str': '1156650250775474176',
  'in_reply_to_screen_name': None,
  'in_reply_to_status_id': None,
  'in_reply_to_status_id_str': None,
  'in_reply_to_user_id': None,
  'in_reply_to_user_id_str': None,
  'is_quote_status': False,
  'lang': 'en',
  'metadata': {'iso_language_code': 'en', 'result_type': 'recent'},
  'place': None,
  'retweet_count': 2,
  'retweeted': False,
  'retweeted_status': { 'contributors': None,
                        'coordinates': None,
                        'created_at': 'Wed Jul 31 19:29:04 +0000 2019',
                        'entities': { 'hashtags': [ { 'indices': [13, 25],
                                                      'text': 'competition'},
                                                    { 'indices': [67, 71],
                                                      'text': 'BNB'}],
                                      'symbols': [],
                                      'urls': [ { 'display_url': 'twitter.com/i/web/status/1…',
                                                  'expanded_url': 'https://twitter.com/i/web/status/1156647987566796800',
                                                  'indices': [117, 140],
                                                  'url': 'https://t.co/i8qMuuozu1'}],
                                      'user_mentions': [ { 'id': 1143108958326054912,
                                                           'id_str': '1143108958326054912',
                                                           'indices': [97, 109],
                                                           'name': 'DAO Maker',
                                                           'screen_name': 'TheDaoMaker'}]},
                        'favorite_count': 1,
                        'favorited': False,
                        'geo': None,
                        'id': 1156647987566796800,
                        'id_str': '1156647987566796800',
                        'in_reply_to_screen_name': None,
                        'in_reply_to_status_id': None,
                        'in_reply_to_status_id_str': None,
                        'in_reply_to_user_id': None,
                        'in_reply_to_user_id_str': None,
                        'is_quote_status': False,
                        'lang': 'en',
                        'metadata': { 'iso_language_code': 'en',
                                      'result_type': 'recent'},
                        'place': None,
                        'possibly_sensitive': False,
                        'retweet_count': 2,
                        'retweeted': False,
                        'source': '<a href="https://mobile.twitter.com" '
                                  'rel="nofollow">Twitter Web App</a>',
                        'text': "📢Do you love #competition's?\n"
                                'We have one for you!\n'
                                '\n'
                                '🎆Win $100 worth #BNB🎆\n'
                                '\n'
                                'What to do for❓\n'
                                'Follow @TheDaoMaker, ♥️li… '
                                'https://t.co/i8qMuuozu1',
                        'truncated': True,
                        'user': { 'contributors_enabled': False,
                                  'created_at': 'Mon Jun 24 10:49:48 +0000 '
                                                '2019',
                                  'default_profile': True,
                                  'default_profile_image': False,
                                  'description': "DAO Maker's Social Mining is "
                                                 'the most advanced resource '
                                                 'for converting any tokenized '
                                                 'ecosystem into a (DAO).\n'
                                                 '\n'
                                                 'https://t.co/qPfYB5dU90',
                                  'entities': { 'description': { 'urls': [ { 'display_url': 't.me/daomaker',
                                                                             'expanded_url': 'https://t.me/daomaker',
                                                                             'indices': [ 110,
                                                                                          133],
                                                                             'url': 'https://t.co/qPfYB5dU90'}]}},
                                  'favourites_count': 33,
                                  'follow_request_sent': None,
                                  'followers_count': 89,
                                  'following': None,
                                  'friends_count': 9,
                                  'geo_enabled': False,
                                  'has_extended_profile': False,
                                  'id': 1143108958326054912,
                                  'id_str': '1143108958326054912',
                                  'is_translation_enabled': False,
                                  'is_translator': False,
                                  'lang': None,
                                  'listed_count': 0,
                                  'location': '',
                                  'name': 'DAO Maker',
                                  'notifications': None,
                                  'profile_background_color': 'F5F8FA',
                                  'profile_background_image_url': None,
                                  'profile_background_image_url_https': None,
                                  'profile_background_tile': False,
                                  'profile_banner_url': 'https://pbs.twimg.com/profile_banners/1143108958326054912/1563545881',
                                  'profile_image_url': 'http://pbs.twimg.com/profile_images/1151617709140058117/5YTPrlCn_normal.jpg',
                                  'profile_image_url_https': 'https://pbs.twimg.com/profile_images/1151617709140058117/5YTPrlCn_normal.jpg',
                                  'profile_link_color': '1DA1F2',
                                  'profile_sidebar_border_color': 'C0DEED',
                                  'profile_sidebar_fill_color': 'DDEEF6',
                                  'profile_text_color': '333333',
                                  'profile_use_background_image': True,
                                  'protected': False,
                                  'screen_name': 'TheDaoMaker',
                                  'statuses_count': 83,
                                  'time_zone': None,
                                  'translator_type': 'none',
                                  'url': None,
                                  'utc_offset': None,
                                  'verified': False}},
  'source': '<a href="https://twitter.com" rel="nofollow">Twitter Mobile App '
            'v8.09.81</a>',
  'text': "RT @TheDaoMaker: 📢Do you love #competition's?\n"
          'We have one for you!\n'
          '\n'
          '🎆Win $100 worth #BNB🎆\n'
          '\n'
          'What to do for❓\n'
          'Follow @TheDaoMaker, ♥️like and…',
  'truncated': False,
  'user': { 'contributors_enabled': False,
            'created_at': 'Wed Jun 20 23:47:41 +0000 2018',
            'default_profile': False,
            'default_profile_image': False,
            'description': '🇺🇸 Tech nerd - Mom - Wife - Foodie -   You miss '
                           "100% of the shots you don't take 🌈",
            'entities': {'description': {'urls': []}},
            'favourites_count': 52878,
            'follow_request_sent': None,
            'followers_count': 2168,
            'following': None,
            'friends_count': 58,
            'geo_enabled': False,
            'has_extended_profile': False,
            'id': 1009583596980654080,
            'id_str': '1009583596980654080',
            'is_translation_enabled': False,
            'is_translator': False,
            'lang': None,
            'listed_count': 23,
            'location': 'Pennsylvania, USA',
            'name': 'Michelle',
            'notifications': None,
            'profile_background_color': '000000',
            'profile_background_image_url': 'http://abs.twimg.com/images/themes/theme1/bg.png',
            'profile_background_image_url_https': 'https://abs.twimg.com/images/themes/theme1/bg.png',
            'profile_background_tile': False,
            'profile_banner_url': 'https://pbs.twimg.com/profile_banners/1009583596980654080/1529538535',
            'profile_image_url': 'http://pbs.twimg.com/profile_images/1009583741134606336/Cyzqr8iV_normal.jpg',
            'profile_image_url_https': 'https://pbs.twimg.com/profile_images/1009583741134606336/Cyzqr8iV_normal.jpg',
            'profile_link_color': 'E81C4F',
            'profile_sidebar_border_color': '000000',
            'profile_sidebar_fill_color': '000000',
            'profile_text_color': '000000',
            'profile_use_background_image': False,
            'protected': False,
            'screen_name': 'twoshotgurl',
            'statuses_count': 97589,
            'time_zone': None,
            'translator_type': 'none',
            'url': None,
            'utc_offset': None,
            'verified': False}}
----------Summary----------
{ 'entities': {},
  'id_str': '1156650250775474176',
  'retweeted_status': { 'entities': { 'urls': { 'display_url': 'twitter.com/i/web/status/1…',
                                                'expanded_url': 'https://twitter.com/i/web/status/1156647987566796800'}},
                        'id_str': '1156647987566796800',
                        'text': "do you love #competition's? we have one for "
                                'you!  win $100 worth #bnb  what to do for '
                                'follow @thedaomaker, li '
                                'https://t.co/i8qmuuozu1',
                        'user': { 'entities': {},
                                  'id_str': '1143108958326054912',
                                  'twitter_user': 'TheDaoMaker'}},
  'text': "rt @thedaomaker: do you love #competition's? we have one for you!  "
          'win $100 worth #bnb  what to do for follow @thedaomaker, like and',
  'user': { 'entities': {},
            'id_str': '1009583596980654080',
            'twitter_user': 'twoshotgurl'}}
----------Groups----------
{ 'Bitcoin': ['bitcoin', 'Bitcoin', 'btc', 'satoshi nakamoto'],
  'Ethereum': ['ethereum', 'Ethereum', 'eth', 'vitalik buterin'],
  'Litecoin': ['litecoin', 'Litecoin', 'ltc', 'charles lee'],
  'Monero': ['monero', 'Monero', 'xmr', 'riccardo spagni'],
  'Ripple': [ 'ripple',
              'Ripple',
              'xrp',
              'xrapid',
              'xcurrent',
              'chris larsen',
              'jed mccaleb']}
---------------------------Fetch-------2019-07-31 15:39:51.204926: Tweet filed under "misc":----------Data----------
{ 'contributors': None,
  'coordinates': None,
  'created_at': 'Wed Jul 31 19:37:43 +0000 2019',
  'entities': { 'hashtags': [],
                'symbols': [],
                'urls': [ { 'display_url': 'twitter.com/i/web/status/1…',
                            'expanded_url': 'https://twitter.com/i/web/status/1156650165308145665',
                            'indices': [117, 140],
                            'url': 'https://t.co/H14VGmHkpW'}],
                'user_mentions': [ { 'id': 3149478588,
                                     'id_str': '3149478588',
                                     'indices': [0, 16],
                                     'name': 'Liberty.Crypto.',
                                     'screen_name': 'Orbital_Lexicon'},
                                   { 'id': 1139727183323156480,
                                     'id_str': '1139727183323156480',
                                     'indices': [17, 33],
                                     'name': '₿₿',
                                     'screen_name': 'Michael64567838'},
                                   { 'id': 1046108803836469248,
                                     'id_str': '1046108803836469248',
                                     'indices': [34, 50],
                                     'name': 'Funface 🍭',
                                     'screen_name': 'shitposterchiId'}]},
  'favorite_count': 0,
  'favorited': False,
  'geo': None,
  'id': 1156650165308145665,
  'id_str': '1156650165308145665',
  'in_reply_to_screen_name': 'Orbital_Lexicon',
  'in_reply_to_status_id': 1156644093621129216,
  'in_reply_to_status_id_str': '1156644093621129216',
  'in_reply_to_user_id': 3149478588,
  'in_reply_to_user_id_str': '3149478588',
  'is_quote_status': False,
  'lang': 'en',
  'metadata': {'iso_language_code': 'en', 'result_type': 'recent'},
  'place': None,
  'possibly_sensitive': False,
  'retweet_count': 0,
  'retweeted': False,
  'source': '<a href="https://mobile.twitter.com" rel="nofollow">Twitter Web '
            'App</a>',
  'text': '@Orbital_Lexicon @Michael64567838 @shitposterchiId You tell me '
          'chief.\n'
          '\n'
          'Though it would be logical to feel threatene… '
          'https://t.co/H14VGmHkpW',
  'truncated': True,
  'user': { 'contributors_enabled': False,
            'created_at': 'Sun Dec 03 18:39:23 +0000 2017',
            'default_profile': True,
            'default_profile_image': False,
            'description': 'Get forked.\n\nAll in $BCH and $BSV',
            'entities': {'description': {'urls': []}},
            'favourites_count': 3346,
            'follow_request_sent': None,
            'followers_count': 284,
            'following': None,
            'friends_count': 104,
            'geo_enabled': False,
            'has_extended_profile': False,
            'id': 937390825696264192,
            'id_str': '937390825696264192',
            'is_translation_enabled': False,
            'is_translator': False,
            'lang': None,
            'listed_count': 6,
            'location': 'United States',
            'name': 'Jolly Roger ⚡BTC 300KB UASF⚡',
            'notifications': None,
            'profile_background_color': 'F5F8FA',
            'profile_background_image_url': None,
            'profile_background_image_url_https': None,
            'profile_background_tile': False,
            'profile_banner_url': 'https://pbs.twimg.com/profile_banners/937390825696264192/1537926911',
            'profile_image_url': 'http://pbs.twimg.com/profile_images/950789787480461313/dPdE4E5X_normal.jpg',
            'profile_image_url_https': 'https://pbs.twimg.com/profile_images/950789787480461313/dPdE4E5X_normal.jpg',
            'profile_link_color': '1DA1F2',
            'profile_sidebar_border_color': 'C0DEED',
            'profile_sidebar_fill_color': 'DDEEF6',
            'profile_text_color': '333333',
            'profile_use_background_image': True,
            'protected': False,
            'screen_name': 'CryptoJetHammer',
            'statuses_count': 5542,
            'time_zone': None,
            'translator_type': 'none',
            'url': None,
            'utc_offset': None,
            'verified': False}}
----------Summary----------
{ 'entities': { 'urls': { 'display_url': 'twitter.com/i/web/status/1…',
                          'expanded_url': 'https://twitter.com/i/web/status/1156650165308145665'}},
  'id_str': '1156650165308145665',
  'text': '@orbital_lexicon @michael64567838 @shitposterchiid you tell me '
          'chief.  though it would be logical to feel threatene '
          'https://t.co/h14vgmhkpw',
  'user': { 'entities': {},
            'id_str': '937390825696264192',
            'twitter_user': 'CryptoJetHammer'}}
----------Groups----------
{ 'Bitcoin': ['bitcoin', 'Bitcoin', 'btc', 'satoshi nakamoto'],
  'Ethereum': ['ethereum', 'Ethereum', 'eth', 'vitalik buterin'],
  'Litecoin': ['litecoin', 'Litecoin', 'ltc', 'charles lee'],
  'Monero': ['monero', 'Monero', 'xmr', 'riccardo spagni'],
  'Ripple': [ 'ripple',
              'Ripple',
              'xrp',
              'xrapid',
              'xcurrent',
              'chris larsen',
              'jed mccaleb']}
---------------------------Fetch-------2019-07-31 15:39:52.030668: Tweet filed under "misc":----------Data----------
{ 'contributors': None,
  'coordinates': None,
  'created_at': 'Wed Jul 31 19:37:40 +0000 2019',
  'entities': { 'hashtags': [],
                'symbols': [],
                'urls': [ { 'display_url': 'buff.ly/2Ycpbqd',
                            'expanded_url': 'https://buff.ly/2Ycpbqd',
                            'indices': [108, 131],
                            'url': 'https://t.co/8SSd9hc6se'}],
                'user_mentions': [ { 'id': 918922778073620481,
                                     'id_str': '918922778073620481',
                                     'indices': [3, 13],
                                     'name': 'CoinMetro',
                                     'screen_name': 'CoinMetro'}]},
  'favorite_count': 0,
  'favorited': False,
  'geo': None,
  'id': 1156650150892380160,
  'id_str': '1156650150892380160',
  'in_reply_to_screen_name': None,
  'in_reply_to_status_id': None,
  'in_reply_to_status_id_str': None,
  'in_reply_to_user_id': None,
  'in_reply_to_user_id_str': None,
  'is_quote_status': False,
  'lang': 'en',
  'metadata': {'iso_language_code': 'en', 'result_type': 'recent'},
  'place': None,
  'possibly_sensitive': False,
  'retweet_count': 2,
  'retweeted': False,
  'retweeted_status': { 'contributors': None,
                        'coordinates': None,
                        'created_at': 'Wed Jul 31 17:15:05 +0000 2019',
                        'entities': { 'hashtags': [],
                                      'symbols': [],
                                      'urls': [ { 'display_url': 'twitter.com/i/web/status/1…',
                                                  'expanded_url': 'https://twitter.com/i/web/status/1156614271129784320',
                                                  'indices': [94, 117],
                                                  'url': 'https://t.co/eIW6QPNxIf'}],
                                      'user_mentions': []},
                        'favorite_count': 1,
                        'favorited': False,
                        'geo': None,
                        'id': 1156614271129784320,
                        'id_str': '1156614271129784320',
                        'in_reply_to_screen_name': None,
                        'in_reply_to_status_id': None,
                        'in_reply_to_status_id_str': None,
                        'in_reply_to_user_id': None,
                        'in_reply_to_user_id_str': None,
                        'is_quote_status': False,
                        'lang': 'en',
                        'metadata': { 'iso_language_code': 'en',
                                      'result_type': 'recent'},
                        'place': None,
                        'possibly_sensitive': False,
                        'retweet_count': 2,
                        'retweeted': False,
                        'source': '<a href="https://buffer.com" '
                                  'rel="nofollow">Buffer</a>',
                        'text': 'Remember, you can always listen to "This Week '
                                'in Crypto" on-the-go on our SoundCloud '
                                'channel… https://t.co/eIW6QPNxIf',
                        'truncated': True,
                        'user': { 'contributors_enabled': False,
                                  'created_at': 'Fri Oct 13 19:33:57 +0000 '
                                                '2017',
                                  'default_profile': False,
                                  'default_profile_image': False,
                                  'description': 'https://t.co/IzjPxs3hv0 A '
                                                 'one-of-a-kind, fintech '
                                                 'platform fueling the future '
                                                 'of blockchain innovation.',
                                  'entities': { 'description': { 'urls': [ { 'display_url': 't.me/CoinMetro',
                                                                             'expanded_url': 'https://t.me/CoinMetro',
                                                                             'indices': [ 0,
                                                                                          23],
                                                                             'url': 'https://t.co/IzjPxs3hv0'}]},
                                                'url': { 'urls': [ { 'display_url': 'coinmetro.com',
                                                                     'expanded_url': 'http://coinmetro.com',
                                                                     'indices': [ 0,
                                                                                  23],
                                                                     'url': 'https://t.co/3vjC4Wlko6'}]}},
                                  'favourites_count': 221,
                                  'follow_request_sent': None,
                                  'followers_count': 3883,
                                  'following': None,
                                  'friends_count': 93,
                                  'geo_enabled': False,
                                  'has_extended_profile': True,
                                  'id': 918922778073620481,
                                  'id_str': '918922778073620481',
                                  'is_translation_enabled': False,
                                  'is_translator': False,
                                  'lang': None,
                                  'listed_count': 68,
                                  'location': 'Tallinn, Estonia',
                                  'name': 'CoinMetro',
                                  'notifications': None,
                                  'profile_background_color': '000000',
                                  'profile_background_image_url': 'http://abs.twimg.com/images/themes/theme1/bg.png',
                                  'profile_background_image_url_https': 'https://abs.twimg.com/images/themes/theme1/bg.png',
                                  'profile_background_tile': False,
                                  'profile_banner_url': 'https://pbs.twimg.com/profile_banners/918922778073620481/1546414276',
                                  'profile_image_url': 'http://pbs.twimg.com/profile_images/1080365557894078464/SjqY5vrl_normal.jpg',
                                  'profile_image_url_https': 'https://pbs.twimg.com/profile_images/1080365557894078464/SjqY5vrl_normal.jpg',
                                  'profile_link_color': 'FAB81E',
                                  'profile_sidebar_border_color': '000000',
                                  'profile_sidebar_fill_color': '000000',
                                  'profile_text_color': '000000',
                                  'profile_use_background_image': False,
                                  'protected': False,
                                  'screen_name': 'CoinMetro',
                                  'statuses_count': 1433,
                                  'time_zone': None,
                                  'translator_type': 'none',
                                  'url': 'https://t.co/3vjC4Wlko6',
                                  'utc_offset': None,
                                  'verified': False}},
  'source': '<a href="http://twitter.com/download/iphone" '
            'rel="nofollow">Twitter for iPhone</a>',
  'text': 'RT @CoinMetro: Remember, you can always listen to "This Week in '
          'Crypto" on-the-go on our SoundCloud channel '
          'https://t.co/8SSd9hc6se\n'
          '#CoinMe…',
  'truncated': False,
  'user': { 'contributors_enabled': False,
            'created_at': 'Wed May 18 18:35:38 +0000 2016',
            'default_profile': True,
            'default_profile_image': False,
            'description': '#worldtraveling | #stickfigurefan | #FCTwente | '
                           '#cheers on the #everlastingweekend',
            'entities': {'description': {'urls': []}},
            'favourites_count': 992,
            'follow_request_sent': None,
            'followers_count': 70,
            'following': None,
            'friends_count': 201,
            'geo_enabled': False,
            'has_extended_profile': True,
            'id': 733003126203125762,
            'id_str': '733003126203125762',
            'is_translation_enabled': False,
            'is_translator': False,
            'lang': None,
            'listed_count': 0,
            'location': 'Traveling south east asia',
            'name': 'Sander van Eyck',
            'notifications': None,
            'profile_background_color': 'F5F8FA',
            'profile_background_image_url': None,
            'profile_background_image_url_https': None,
            'profile_background_tile': False,
            'profile_banner_url': 'https://pbs.twimg.com/profile_banners/733003126203125762/1463603408',
            'profile_image_url': 'http://pbs.twimg.com/profile_images/733031178823970818/YFarxqte_normal.jpg',
            'profile_image_url_https': 'https://pbs.twimg.com/profile_images/733031178823970818/YFarxqte_normal.jpg',
            'profile_link_color': '1DA1F2',
            'profile_sidebar_border_color': 'C0DEED',
            'profile_sidebar_fill_color': 'DDEEF6',
            'profile_text_color': '333333',
            'profile_use_background_image': True,
            'protected': False,
            'screen_name': 'SanderEyck',
            'statuses_count': 388,
            'time_zone': None,
            'translator_type': 'none',
            'url': None,
            'utc_offset': None,
            'verified': False}}
----------Summary----------
{ 'entities': { 'urls': { 'display_url': 'buff.ly/2Ycpbqd',
                          'expanded_url': 'https://buff.ly/2Ycpbqd'}},
  'id_str': '1156650150892380160',
  'retweeted_status': { 'entities': { 'urls': { 'display_url': 'twitter.com/i/web/status/1…',
                                                'expanded_url': 'https://twitter.com/i/web/status/1156614271129784320'}},
                        'id_str': '1156614271129784320',
                        'text': 'remember, you can always listen to "this week '
                                'in crypto" on-the-go on our soundcloud '
                                'channel https://t.co/eiw6qpnxif',
                        'user': { 'entities': {},
                                  'id_str': '918922778073620481',
                                  'twitter_user': 'CoinMetro'}},
  'text': 'rt @coinmetro: remember, you can always listen to "this week in '
          'crypto" on-the-go on our soundcloud channel https://t.co/8ssd9hc6se '
          '#coinme',
  'user': { 'entities': {},
            'id_str': '733003126203125762',
            'twitter_user': 'SanderEyck'}}
----------Groups----------
{ 'Bitcoin': ['bitcoin', 'Bitcoin', 'btc', 'satoshi nakamoto'],
  'Ethereum': ['ethereum', 'Ethereum', 'eth', 'vitalik buterin'],
  'Litecoin': ['litecoin', 'Litecoin', 'ltc', 'charles lee'],
  'Monero': ['monero', 'Monero', 'xmr', 'riccardo spagni'],
  'Ripple': [ 'ripple',
              'Ripple',
              'xrp',
              'xrapid',
              'xcurrent',
              'chris larsen',
              'jed mccaleb']}
---------------------------Fetch-------2019-07-31 15:39:52.331396: Tweet filed under "misc":----------Data----------
{ 'contributors': None,
  'coordinates': None,
  'created_at': 'Wed Jul 31 19:37:34 +0000 2019',
  'entities': { 'hashtags': [{'indices': [130, 136], 'text': 'ERC20'}],
                'symbols': [],
                'urls': [],
                'user_mentions': [ { 'id': 1127535168518901762,
                                     'id_str': '1127535168518901762',
                                     'indices': [3, 14],
                                     'name': 'PIXBY - Freelance Marketplace',
                                     'screen_name': 'PixbyToken'}]},
  'favorite_count': 0,
  'favorited': False,
  'geo': None,
  'id': 1156650127274270720,
  'id_str': '1156650127274270720',
  'in_reply_to_screen_name': None,
  'in_reply_to_status_id': None,
  'in_reply_to_status_id_str': None,
  'in_reply_to_user_id': None,
  'in_reply_to_user_id_str': None,
  'is_quote_status': False,
  'lang': 'en',
  'metadata': {'iso_language_code': 'en', 'result_type': 'recent'},
  'place': None,
  'retweet_count': 469,
  'retweeted': False,
  'retweeted_status': { 'contributors': None,
                        'coordinates': None,
                        'created_at': 'Mon Jul 29 19:28:01 +0000 2019',
                        'entities': { 'hashtags': [],
                                      'symbols': [],
                                      'urls': [ { 'display_url': 'twitter.com/i/web/status/1…',
                                                  'expanded_url': 'https://twitter.com/i/web/status/1155922950089953280',
                                                  'indices': [115, 138],
                                                  'url': 'https://t.co/KZk88sDNiu'}],
                                      'user_mentions': []},
                        'favorite_count': 527,
                        'favorited': False,
                        'geo': None,
                        'id': 1155922950089953280,
                        'id_str': '1155922950089953280',
                        'in_reply_to_screen_name': None,
                        'in_reply_to_status_id': None,
                        'in_reply_to_status_id_str': None,
                        'in_reply_to_user_id': None,
                        'in_reply_to_user_id_str': None,
                        'is_quote_status': False,
                        'lang': 'en',
                        'metadata': { 'iso_language_code': 'en',
                                      'result_type': 'recent'},
                        'place': None,
                        'possibly_sensitive': False,
                        'retweet_count': 469,
                        'retweeted': False,
                        'source': '<a '
                                  'href="http://twitter.com/download/android" '
                                  'rel="nofollow">Twitter for Android</a>',
                        'text': 'Win 1,000PXB with a fiat value of $140 USD! '
                                '🎁\n'
                                '\n'
                                'Rules:\n'
                                '1. Like &amp; RT\n'
                                '2. Join our Discord Server\n'
                                '3. Comment your… https://t.co/KZk88sDNiu',
                        'truncated': True,
                        'user': { 'contributors_enabled': False,
                                  'created_at': 'Sun May 12 11:25:07 +0000 '
                                                '2019',
                                  'default_profile': True,
                                  'default_profile_image': False,
                                  'description': 'Where Creativity Is Rewarded '
                                                 '| https://t.co/a8TGFEZMvA | '
                                                 'https://t.co/6SXlrfF37Q\n'
                                                 '\n'
                                                 '#PXB $PXB',
                                  'entities': { 'description': { 'urls': [ { 'display_url': 't.me/pixbytoken',
                                                                             'expanded_url': 'http://t.me/pixbytoken',
                                                                             'indices': [ 31,
                                                                                          54],
                                                                             'url': 'https://t.co/a8TGFEZMvA'},
                                                                           { 'display_url': 'discord.gg/NcmRYCv',
                                                                             'expanded_url': 'https://discord.gg/NcmRYCv',
                                                                             'indices': [ 57,
                                                                                          80],
                                                                             'url': 'https://t.co/6SXlrfF37Q'}]},
                                                'url': { 'urls': [ { 'display_url': 'pixby.io',
                                                                     'expanded_url': 'https://pixby.io',
                                                                     'indices': [ 0,
                                                                                  23],
                                                                     'url': 'https://t.co/YVgDOpbTvf'}]}},
                                  'favourites_count': 60,
                                  'follow_request_sent': None,
                                  'followers_count': 5728,
                                  'following': None,
                                  'friends_count': 14,
                                  'geo_enabled': False,
                                  'has_extended_profile': False,
                                  'id': 1127535168518901762,
                                  'id_str': '1127535168518901762',
                                  'is_translation_enabled': False,
                                  'is_translator': False,
                                  'lang': None,
                                  'listed_count': 1,
                                  'location': 'Global',
                                  'name': 'PIXBY - Freelance Marketplace',
                                  'notifications': None,
                                  'profile_background_color': 'F5F8FA',
                                  'profile_background_image_url': None,
                                  'profile_background_image_url_https': None,
                                  'profile_background_tile': False,
                                  'profile_banner_url': 'https://pbs.twimg.com/profile_banners/1127535168518901762/1562316507',
                                  'profile_image_url': 'http://pbs.twimg.com/profile_images/1147143717595176960/dJRuf4ZY_normal.jpg',
                                  'profile_image_url_https': 'https://pbs.twimg.com/profile_images/1147143717595176960/dJRuf4ZY_normal.jpg',
                                  'profile_link_color': '1DA1F2',
                                  'profile_sidebar_border_color': 'C0DEED',
                                  'profile_sidebar_fill_color': 'DDEEF6',
                                  'profile_text_color': '333333',
                                  'profile_use_background_image': True,
                                  'protected': False,
                                  'screen_name': 'PixbyToken',
                                  'statuses_count': 13,
                                  'time_zone': None,
                                  'translator_type': 'none',
                                  'url': 'https://t.co/YVgDOpbTvf',
                                  'utc_offset': None,
                                  'verified': False}},
  'source': '<a href="https://mobile.twitter.com" rel="nofollow">Twitter Web '
            'App</a>',
  'text': 'RT @PixbyToken: Win 1,000PXB with a fiat value of $140 USD! 🎁\n'
          '\n'
          'Rules:\n'
          '1. Like &amp; RT\n'
          '2. Join our Discord Server\n'
          '3. Comment your #ERC20 wallet…',
  'truncated': False,
  'user': { 'contributors_enabled': False,
            'created_at': 'Tue Oct 10 16:51:26 +0000 2017',
            'default_profile': True,
            'default_profile_image': False,
            'description': '',
            'entities': {'description': {'urls': []}},
            'favourites_count': 362,
            'follow_request_sent': None,
            'followers_count': 813,
            'following': None,
            'friends_count': 3141,
            'geo_enabled': True,
            'has_extended_profile': False,
            'id': 917794714421690368,
            'id_str': '917794714421690368',
            'is_translation_enabled': False,
            'is_translator': False,
            'lang': None,
            'listed_count': 1,
            'location': '',
            'name': 'DAVID DOS SANTOS',
            'notifications': None,
            'profile_background_color': 'F5F8FA',
            'profile_background_image_url': None,
            'profile_background_image_url_https': None,
            'profile_background_tile': False,
            'profile_image_url': 'http://pbs.twimg.com/profile_images/941398959339327488/XLllqRa4_normal.jpg',
            'profile_image_url_https': 'https://pbs.twimg.com/profile_images/941398959339327488/XLllqRa4_normal.jpg',
            'profile_link_color': '1DA1F2',
            'profile_sidebar_border_color': 'C0DEED',
            'profile_sidebar_fill_color': 'DDEEF6',
            'profile_text_color': '333333',
            'profile_use_background_image': True,
            'protected': False,
            'screen_name': 'DODAVIZAO',
            'statuses_count': 5110,
            'time_zone': None,
            'translator_type': 'none',
            'url': None,
            'utc_offset': None,
            'verified': False}}
----------Summary----------
{ 'entities': {},
  'id_str': '1156650127274270720',
  'retweeted_status': { 'entities': { 'urls': { 'display_url': 'twitter.com/i/web/status/1…',
                                                'expanded_url': 'https://twitter.com/i/web/status/1155922950089953280'}},
                        'id_str': '1155922950089953280',
                        'text': 'win 1,000pxb with a fiat value of $140 usd!   '
                                'rules: 1. like &amp; rt 2. join our discord '
                                'server 3. comment your '
                                'https://t.co/kzk88sdniu',
                        'user': { 'entities': {},
                                  'id_str': '1127535168518901762',
                                  'twitter_user': 'PixbyToken'}},
  'text': 'rt @pixbytoken: win 1,000pxb with a fiat value of $140 usd!   '
          'rules: 1. like &amp; rt 2. join our discord server 3. comment your '
          '#erc20 wallet',
  'user': { 'entities': {},
            'id_str': '917794714421690368',
            'twitter_user': 'DODAVIZAO'}}
----------Groups----------
{ 'Bitcoin': ['bitcoin', 'Bitcoin', 'btc', 'satoshi nakamoto'],
  'Ethereum': ['ethereum', 'Ethereum', 'eth', 'vitalik buterin'],
  'Litecoin': ['litecoin', 'Litecoin', 'ltc', 'charles lee'],
  'Monero': ['monero', 'Monero', 'xmr', 'riccardo spagni'],
  'Ripple': [ 'ripple',
              'Ripple',
              'xrp',
              'xrapid',
              'xcurrent',
              'chris larsen',
              'jed mccaleb']}
---------------------------Fetch-------2019-07-31 15:39:52.899602: Tweet filed under "misc":----------Data----------
{ 'contributors': None,
  'coordinates': None,
  'created_at': 'Wed Jul 31 19:37:26 +0000 2019',
  'entities': { 'hashtags': [],
                'symbols': [],
                'urls': [ { 'display_url': 'twitter.com/i/web/status/1…',
                            'expanded_url': 'https://twitter.com/i/web/status/1156650091630870528',
                            'indices': [116, 139],
                            'url': 'https://t.co/3CG8ara2yO'}],
                'user_mentions': [ { 'id': 19052568,
                                     'id_str': '19052568',
                                     'indices': [0, 10],
                                     'name': 'cybercash28',
                                     'screen_name': 'MadMraket'}]},
  'favorite_count': 0,
  'favorited': False,
  'geo': None,
  'id': 1156650091630870528,
  'id_str': '1156650091630870528',
  'in_reply_to_screen_name': 'MadMraket',
  'in_reply_to_status_id': 1156642503979913216,
  'in_reply_to_status_id_str': '1156642503979913216',
  'in_reply_to_user_id': 19052568,
  'in_reply_to_user_id_str': '19052568',
  'is_quote_status': False,
  'lang': 'en',
  'metadata': {'iso_language_code': 'en', 'result_type': 'recent'},
  'place': None,
  'retweet_count': 0,
  'retweeted': False,
  'source': '<a href="https://mobile.twitter.com" rel="nofollow">Twitter Web '
            'App</a>',
  'text': '@MadMraket To sum it all up there are no intelligent or common '
          'sense people in goverment, period. Nowhere. You can… '
          'https://t.co/3CG8ara2yO',
  'truncated': True,
  'user': { 'contributors_enabled': False,
            'created_at': 'Thu Sep 07 15:23:41 +0000 2017',
            'default_profile': True,
            'default_profile_image': False,
            'description': 'Writer, love the arts and strong crypto '
                           'supporter...',
            'entities': {'description': {'urls': []}},
            'favourites_count': 13968,
            'follow_request_sent': None,
            'followers_count': 170,
            'following': None,
            'friends_count': 376,
            'geo_enabled': False,
            'has_extended_profile': False,
            'id': 905813832064368641,
            'id_str': '905813832064368641',
            'is_translation_enabled': False,
            'is_translator': False,
            'lang': None,
            'listed_count': 1,
            'location': 'San Pedro, California',
            'name': 'Jorge schneider',
            'notifications': None,
            'profile_background_color': 'F5F8FA',
            'profile_background_image_url': None,
            'profile_background_image_url_https': None,
            'profile_background_tile': False,
            'profile_banner_url': 'https://pbs.twimg.com/profile_banners/905813832064368641/1561316062',
            'profile_image_url': 'http://pbs.twimg.com/profile_images/1142868355566620672/fe9IBPWa_normal.jpg',
            'profile_image_url_https': 'https://pbs.twimg.com/profile_images/1142868355566620672/fe9IBPWa_normal.jpg',
            'profile_link_color': '1DA1F2',
            'profile_sidebar_border_color': 'C0DEED',
            'profile_sidebar_fill_color': 'DDEEF6',
            'profile_text_color': '333333',
            'profile_use_background_image': True,
            'protected': False,
            'screen_name': 'Jorgeschneide64',
            'statuses_count': 1527,
            'time_zone': None,
            'translator_type': 'none',
            'url': None,
            'utc_offset': None,
            'verified': False}}
----------Summary----------
{ 'entities': { 'urls': { 'display_url': 'twitter.com/i/web/status/1…',
                          'expanded_url': 'https://twitter.com/i/web/status/1156650091630870528'}},
  'id_str': '1156650091630870528',
  'text': '@madmraket to sum it all up there are no intelligent or common '
          'sense people in goverment, period. nowhere. you can '
          'https://t.co/3cg8ara2yo',
  'user': { 'entities': {},
            'id_str': '905813832064368641',
            'twitter_user': 'Jorgeschneide64'}}
----------Groups----------
{ 'Bitcoin': ['bitcoin', 'Bitcoin', 'btc', 'satoshi nakamoto'],
  'Ethereum': ['ethereum', 'Ethereum', 'eth', 'vitalik buterin'],
  'Litecoin': ['litecoin', 'Litecoin', 'ltc', 'charles lee'],
  'Monero': ['monero', 'Monero', 'xmr', 'riccardo spagni'],
  'Ripple': [ 'ripple',
              'Ripple',
              'xrp',
              'xrapid',
              'xcurrent',
              'chris larsen',
              'jed mccaleb']}
---------------------------Fetch-------2019-07-31 15:39:53.150450: Tweet filed under "misc":----------Data----------
{ 'contributors': None,
  'coordinates': None,
  'created_at': 'Wed Jul 31 19:37:24 +0000 2019',
  'entities': { 'hashtags': [],
                'symbols': [],
                'urls': [],
                'user_mentions': [ { 'id': 1017579630578974721,
                                     'id_str': '1017579630578974721',
                                     'indices': [3, 17],
                                     'name': 'TREOS',
                                     'screen_name': 'TreosOfficial'},
                                   { 'id': 10228272,
                                     'id_str': '10228272',
                                     'indices': [45, 53],
                                     'name': 'YouTube',
                                     'screen_name': 'YouTube'}]},
  'favorite_count': 0,
  'favorited': False,
  'geo': None,
  'id': 1156650087294152705,
  'id_str': '1156650087294152705',
  'in_reply_to_screen_name': None,
  'in_reply_to_status_id': None,
  'in_reply_to_status_id_str': None,
  'in_reply_to_user_id': None,
  'in_reply_to_user_id_str': None,
  'is_quote_status': False,
  'lang': 'en',
  'metadata': {'iso_language_code': 'en', 'result_type': 'recent'},
  'place': None,
  'retweet_count': 19,
  'retweeted': False,
  'retweeted_status': { 'contributors': None,
                        'coordinates': None,
                        'created_at': 'Wed Jul 31 17:13:25 +0000 2019',
                        'entities': { 'hashtags': [],
                                      'symbols': [],
                                      'urls': [ { 'display_url': 'twitter.com/i/web/status/1…',
                                                  'expanded_url': 'https://twitter.com/i/web/status/1156613851586027520',
                                                  'indices': [117, 140],
                                                  'url': 'https://t.co/iPITPLaIGh'}],
                                      'user_mentions': [ { 'id': 10228272,
                                                           'id_str': '10228272',
                                                           'indices': [26, 34],
                                                           'name': 'YouTube',
                                                           'screen_name': 'YouTube'}]},
                        'favorite_count': 32,
                        'favorited': False,
                        'geo': None,
                        'id': 1156613851586027520,
                        'id_str': '1156613851586027520',
                        'in_reply_to_screen_name': None,
                        'in_reply_to_status_id': None,
                        'in_reply_to_status_id_str': None,
                        'in_reply_to_user_id': None,
                        'in_reply_to_user_id_str': None,
                        'is_quote_status': False,
                        'lang': 'en',
                        'metadata': { 'iso_language_code': 'en',
                                      'result_type': 'recent'},
                        'place': None,
                        'possibly_sensitive': False,
                        'retweet_count': 19,
                        'retweeted': False,
                        'source': '<a '
                                  'href="http://twitter.com/download/iphone" '
                                  'rel="nofollow">Twitter for iPhone</a>',
                        'text': 'Head over to our official @YouTube channel '
                                'and subscribe to catch all our latest videos '
                                'and tutorials. \n'
                                '\n'
                                'Here’s our… https://t.co/iPITPLaIGh',
                        'truncated': True,
                        'user': { 'contributors_enabled': False,
                                  'created_at': 'Fri Jul 13 01:21:04 +0000 '
                                                '2018',
                                  'default_profile': True,
                                  'default_profile_image': False,
                                  'description': 'TREOS is a global ecosystem '
                                                 'and online marketplace that '
                                                 'uses a stable token to solve '
                                                 'volatility, opening up '
                                                 'cryptocurrency commerce and '
                                                 'adoption to the world.',
                                  'entities': { 'description': {'urls': []},
                                                'url': { 'urls': [ { 'display_url': 'TREOS.com',
                                                                     'expanded_url': 'http://www.TREOS.com',
                                                                     'indices': [ 0,
                                                                                  23],
                                                                     'url': 'https://t.co/Npd3XYfTdT'}]}},
                                  'favourites_count': 5016,
                                  'follow_request_sent': None,
                                  'followers_count': 1733,
                                  'following': None,
                                  'friends_count': 335,
                                  'geo_enabled': True,
                                  'has_extended_profile': False,
                                  'id': 1017579630578974721,
                                  'id_str': '1017579630578974721',
                                  'is_translation_enabled': False,
                                  'is_translator': False,
                                  'lang': None,
                                  'listed_count': 11,
                                  'location': 'Malta',
                                  'name': 'TREOS',
                                  'notifications': None,
                                  'profile_background_color': 'F5F8FA',
                                  'profile_background_image_url': None,
                                  'profile_background_image_url_https': None,
                                  'profile_background_tile': False,
                                  'profile_banner_url': 'https://pbs.twimg.com/profile_banners/1017579630578974721/1539202050',
                                  'profile_image_url': 'http://pbs.twimg.com/profile_images/1050114769607319552/oSHYkwka_normal.jpg',
                                  'profile_image_url_https': 'https://pbs.twimg.com/profile_images/1050114769607319552/oSHYkwka_normal.jpg',
                                  'profile_link_color': '1DA1F2',
                                  'profile_sidebar_border_color': 'C0DEED',
                                  'profile_sidebar_fill_color': 'DDEEF6',
                                  'profile_text_color': '333333',
                                  'profile_use_background_image': True,
                                  'protected': False,
                                  'screen_name': 'TreosOfficial',
                                  'statuses_count': 1506,
                                  'time_zone': None,
                                  'translator_type': 'none',
                                  'url': 'https://t.co/Npd3XYfTdT',
                                  'utc_offset': None,
                                  'verified': False}},
  'source': '<a href="https://mobile.twitter.com" rel="nofollow">Twitter Web '
            'App</a>',
  'text': 'RT @TreosOfficial: Head over to our official @YouTube channel and '
          'subscribe to catch all our latest videos and tutorials. \n'
          '\n'
          'Here’s our late…',
  'truncated': False,
  'user': { 'contributors_enabled': False,
            'created_at': 'Tue Aug 29 01:17:14 +0000 2017',
            'default_profile': True,
            'default_profile_image': False,
            'description': '',
            'entities': {'description': {'urls': []}},
            'favourites_count': 5531,
            'follow_request_sent': None,
            'followers_count': 613,
            'following': None,
            'friends_count': 454,
            'geo_enabled': False,
            'has_extended_profile': False,
            'id': 902339325022568448,
            'id_str': '902339325022568448',
            'is_translation_enabled': False,
            'is_translator': False,
            'lang': None,
            'listed_count': 6,
            'location': '',
            'name': 'CryptoCaine',
            'notifications': None,
            'profile_background_color': 'F5F8FA',
            'profile_background_image_url': None,
            'profile_background_image_url_https': None,
            'profile_background_tile': False,
            'profile_banner_url': 'https://pbs.twimg.com/profile_banners/902339325022568448/1536110541',
            'profile_image_url': 'http://pbs.twimg.com/profile_images/905861660572872704/MHAuXaEd_normal.jpg',
            'profile_image_url_https': 'https://pbs.twimg.com/profile_images/905861660572872704/MHAuXaEd_normal.jpg',
            'profile_link_color': '1DA1F2',
            'profile_sidebar_border_color': 'C0DEED',
            'profile_sidebar_fill_color': 'DDEEF6',
            'profile_text_color': '333333',
            'profile_use_background_image': True,
            'protected': False,
            'screen_name': 'cryptOlearnt',
            'statuses_count': 3954,
            'time_zone': None,
            'translator_type': 'none',
            'url': None,
            'utc_offset': None,
            'verified': False}}
----------Summary----------
{ 'entities': {},
  'id_str': '1156650087294152705',
  'retweeted_status': { 'entities': { 'urls': { 'display_url': 'twitter.com/i/web/status/1…',
                                                'expanded_url': 'https://twitter.com/i/web/status/1156613851586027520'}},
                        'id_str': '1156613851586027520',
                        'text': 'head over to our official @youtube channel '
                                'and subscribe to catch all our latest videos '
                                'and tutorials.   heres our '
                                'https://t.co/ipitplaigh',
                        'user': { 'entities': {},
                                  'id_str': '1017579630578974721',
                                  'twitter_user': 'TreosOfficial'}},
  'text': 'rt @treosofficial: head over to our official @youtube channel and '
          'subscribe to catch all our latest videos and tutorials.   heres our '
          'late',
  'user': { 'entities': {},
            'id_str': '902339325022568448',
            'twitter_user': 'cryptOlearnt'}}
----------Groups----------
{ 'Bitcoin': ['bitcoin', 'Bitcoin', 'btc', 'satoshi nakamoto'],
  'Ethereum': ['ethereum', 'Ethereum', 'eth', 'vitalik buterin'],
  'Litecoin': ['litecoin', 'Litecoin', 'ltc', 'charles lee'],
  'Monero': ['monero', 'Monero', 'xmr', 'riccardo spagni'],
  'Ripple': [ 'ripple',
              'Ripple',
              'xrp',
              'xrapid',
              'xcurrent',
              'chris larsen',
              'jed mccaleb']}
---------------------------Fetch-------2019-07-31 15:39:54.072102: Tweet filed under "misc":----------Data----------
{ 'contributors': None,
  'coordinates': None,
  'created_at': 'Wed Jul 31 19:37:20 +0000 2019',
  'entities': { 'hashtags': [{'indices': [62, 77], 'text': 'Cryptocurrency'}],
                'symbols': [],
                'urls': [],
                'user_mentions': [ { 'id': 1143757787853287424,
                                     'id_str': '1143757787853287424',
                                     'indices': [3, 19],
                                     'name': 'AfterShock',
                                     'screen_name': 'AfterShockToken'}]},
  'favorite_count': 0,
  'favorited': False,
  'geo': None,
  'id': 1156650067689910273,
  'id_str': '1156650067689910273',
  'in_reply_to_screen_name': None,
  'in_reply_to_status_id': None,
  'in_reply_to_status_id_str': None,
  'in_reply_to_user_id': None,
  'in_reply_to_user_id_str': None,
  'is_quote_status': False,
  'lang': 'en',
  'metadata': {'iso_language_code': 'en', 'result_type': 'recent'},
  'place': None,
  'retweet_count': 44,
  'retweeted': False,
  'retweeted_status': { 'contributors': None,
                        'coordinates': None,
                        'created_at': 'Wed Jul 31 05:12:32 +0000 2019',
                        'entities': { 'hashtags': [ { 'indices': [41, 56],
                                                      'text': 'Cryptocurrency'}],
                                      'symbols': [],
                                      'urls': [ { 'display_url': 'twitter.com/i/web/status/1…',
                                                  'expanded_url': 'https://twitter.com/i/web/status/1156432435095035904',
                                                  'indices': [117, 140],
                                                  'url': 'https://t.co/mVKjQjcPF2'}],
                                      'user_mentions': []},
                        'favorite_count': 71,
                        'favorited': False,
                        'geo': None,
                        'id': 1156432435095035904,
                        'id_str': '1156432435095035904',
                        'in_reply_to_screen_name': None,
                        'in_reply_to_status_id': None,
                        'in_reply_to_status_id_str': None,
                        'in_reply_to_user_id': None,
                        'in_reply_to_user_id_str': None,
                        'is_quote_status': False,
                        'lang': 'en',
                        'metadata': { 'iso_language_code': 'en',
                                      'result_type': 'recent'},
                        'place': None,
                        'possibly_sensitive': False,
                        'retweet_count': 44,
                        'retweeted': False,
                        'source': '<a href="https://mobile.twitter.com" '
                                  'rel="nofollow">Twitter Web App</a>',
                        'text': 'Have you ever thought about getting into '
                                '#Cryptocurrency or Proof-Of-Stake but were to '
                                'scared or inexperienced to g… '
                                'https://t.co/mVKjQjcPF2',
                        'truncated': True,
                        'user': { 'contributors_enabled': False,
                                  'created_at': 'Wed Jun 26 05:48:01 +0000 '
                                                '2019',
                                  'default_profile': False,
                                  'default_profile_image': False,
                                  'description': 'With each Wallet to Wallet '
                                                 'SHOCK transaction 3% of the '
                                                 'transferred amount will be '
                                                 'destroyed, and another 3% '
                                                 'will be airdropped to all '
                                                 'SHOCK holders.',
                                  'entities': { 'description': {'urls': []},
                                                'url': { 'urls': [ { 'display_url': 'aftershock.vip',
                                                                     'expanded_url': 'https://aftershock.vip',
                                                                     'indices': [ 0,
                                                                                  23],
                                                                     'url': 'https://t.co/t5MKjSngcS'}]}},
                                  'favourites_count': 133,
                                  'follow_request_sent': None,
                                  'followers_count': 804,
                                  'following': None,
                                  'friends_count': 0,
                                  'geo_enabled': False,
                                  'has_extended_profile': False,
                                  'id': 1143757787853287424,
                                  'id_str': '1143757787853287424',
                                  'is_translation_enabled': False,
                                  'is_translator': False,
                                  'lang': None,
                                  'listed_count': 2,
                                  'location': '',
                                  'name': 'AfterShock',
                                  'notifications': None,
                                  'profile_background_color': '000000',
                                  'profile_background_image_url': 'http://abs.twimg.com/images/themes/theme1/bg.png',
                                  'profile_background_image_url_https': 'https://abs.twimg.com/images/themes/theme1/bg.png',
                                  'profile_background_tile': False,
                                  'profile_image_url': 'http://pbs.twimg.com/profile_images/1144038480185417728/NmQEdych_normal.png',
                                  'profile_image_url_https': 'https://pbs.twimg.com/profile_images/1144038480185417728/NmQEdych_normal.png',
                                  'profile_link_color': '000000',
                                  'profile_sidebar_border_color': '000000',
                                  'profile_sidebar_fill_color': '000000',
                                  'profile_text_color': '000000',
                                  'profile_use_background_image': False,
                                  'protected': False,
                                  'screen_name': 'AfterShockToken',
                                  'statuses_count': 11,
                                  'time_zone': None,
                                  'translator_type': 'none',
                                  'url': 'https://t.co/t5MKjSngcS',
                                  'utc_offset': None,
                                  'verified': False}},
  'source': '<a href="https://mobile.twitter.com" rel="nofollow">Twitter Web '
            'App</a>',
  'text': 'RT @AfterShockToken: Have you ever thought about getting into '
          '#Cryptocurrency or Proof-Of-Stake but were to scared or '
          'inexperienced to get…',
  'truncated': False,
  'user': { 'contributors_enabled': False,
            'created_at': 'Wed Jul 07 16:05:19 +0000 2010',
            'default_profile': True,
            'default_profile_image': False,
            'description': '',
            'entities': {'description': {'urls': []}},
            'favourites_count': 631,
            'follow_request_sent': None,
            'followers_count': 75,
            'following': None,
            'friends_count': 261,
            'geo_enabled': False,
            'has_extended_profile': False,
            'id': 163919125,
            'id_str': '163919125',
            'is_translation_enabled': False,
            'is_translator': False,
            'lang': None,
            'listed_count': 0,
            'location': '',
            'name': 'Giorgos Kazas',
            'notifications': None,
            'profile_background_color': 'C0DEED',
            'profile_background_image_url': 'http://abs.twimg.com/images/themes/theme1/bg.png',
            'profile_background_image_url_https': 'https://abs.twimg.com/images/themes/theme1/bg.png',
            'profile_background_tile': False,
            'profile_image_url': 'http://pbs.twimg.com/profile_images/1090886737767874560/5XGS9mfe_normal.jpg',
            'profile_image_url_https': 'https://pbs.twimg.com/profile_images/1090886737767874560/5XGS9mfe_normal.jpg',
            'profile_link_color': '1DA1F2',
            'profile_sidebar_border_color': 'C0DEED',
            'profile_sidebar_fill_color': 'DDEEF6',
            'profile_text_color': '333333',
            'profile_use_background_image': True,
            'protected': False,
            'screen_name': 'geomadhack',
            'statuses_count': 712,
            'time_zone': None,
            'translator_type': 'none',
            'url': None,
            'utc_offset': None,
            'verified': False}}
----------Summary----------
{ 'entities': {},
  'id_str': '1156650067689910273',
  'retweeted_status': { 'entities': { 'urls': { 'display_url': 'twitter.com/i/web/status/1…',
                                                'expanded_url': 'https://twitter.com/i/web/status/1156432435095035904'}},
                        'id_str': '1156432435095035904',
                        'text': 'have you ever thought about getting into '
                                '#cryptocurrency or proof-of-stake but were to '
                                'scared or inexperienced to g '
                                'https://t.co/mvkjqjcpf2',
                        'user': { 'entities': {},
                                  'id_str': '1143757787853287424',
                                  'twitter_user': 'AfterShockToken'}},
  'text': 'rt @aftershocktoken: have you ever thought about getting into '
          '#cryptocurrency or proof-of-stake but were to scared or '
          'inexperienced to get',
  'user': {'entities': {}, 'id_str': '163919125', 'twitter_user': 'geomadhack'}}
----------Groups----------
{ 'Bitcoin': ['bitcoin', 'Bitcoin', 'btc', 'satoshi nakamoto'],
  'Ethereum': ['ethereum', 'Ethereum', 'eth', 'vitalik buterin'],
  'Litecoin': ['litecoin', 'Litecoin', 'ltc', 'charles lee'],
  'Monero': ['monero', 'Monero', 'xmr', 'riccardo spagni'],
  'Ripple': [ 'ripple',
              'Ripple',
              'xrp',
              'xrapid',
              'xcurrent',
              'chris larsen',
              'jed mccaleb']}
---------------------------Fetch-------2019-07-31 15:39:54.282780: Tweet filed under "misc":----------Data----------
{ 'contributors': None,
  'coordinates': None,
  'created_at': 'Wed Jul 31 19:37:20 +0000 2019',
  'entities': { 'hashtags': [{'indices': [130, 136], 'text': 'ERC20'}],
                'symbols': [],
                'urls': [],
                'user_mentions': [ { 'id': 1127535168518901762,
                                     'id_str': '1127535168518901762',
                                     'indices': [3, 14],
                                     'name': 'PIXBY - Freelance Marketplace',
                                     'screen_name': 'PixbyToken'}]},
  'favorite_count': 0,
  'favorited': False,
  'geo': None,
  'id': 1156650066943381506,
  'id_str': '1156650066943381506',
  'in_reply_to_screen_name': None,
  'in_reply_to_status_id': None,
  'in_reply_to_status_id_str': None,
  'in_reply_to_user_id': None,
  'in_reply_to_user_id_str': None,
  'is_quote_status': False,
  'lang': 'en',
  'metadata': {'iso_language_code': 'en', 'result_type': 'recent'},
  'place': None,
  'retweet_count': 469,
  'retweeted': False,
  'retweeted_status': { 'contributors': None,
                        'coordinates': None,
                        'created_at': 'Mon Jul 29 19:28:01 +0000 2019',
                        'entities': { 'hashtags': [],
                                      'symbols': [],
                                      'urls': [ { 'display_url': 'twitter.com/i/web/status/1…',
                                                  'expanded_url': 'https://twitter.com/i/web/status/1155922950089953280',
                                                  'indices': [115, 138],
                                                  'url': 'https://t.co/KZk88sDNiu'}],
                                      'user_mentions': []},
                        'favorite_count': 527,
                        'favorited': False,
                        'geo': None,
                        'id': 1155922950089953280,
                        'id_str': '1155922950089953280',
                        'in_reply_to_screen_name': None,
                        'in_reply_to_status_id': None,
                        'in_reply_to_status_id_str': None,
                        'in_reply_to_user_id': None,
                        'in_reply_to_user_id_str': None,
                        'is_quote_status': False,
                        'lang': 'en',
                        'metadata': { 'iso_language_code': 'en',
                                      'result_type': 'recent'},
                        'place': None,
                        'possibly_sensitive': False,
                        'retweet_count': 469,
                        'retweeted': False,
                        'source': '<a '
                                  'href="http://twitter.com/download/android" '
                                  'rel="nofollow">Twitter for Android</a>',
                        'text': 'Win 1,000PXB with a fiat value of $140 USD! '
                                '🎁\n'
                                '\n'
                                'Rules:\n'
                                '1. Like &amp; RT\n'
                                '2. Join our Discord Server\n'
                                '3. Comment your… https://t.co/KZk88sDNiu',
                        'truncated': True,
                        'user': { 'contributors_enabled': False,
                                  'created_at': 'Sun May 12 11:25:07 +0000 '
                                                '2019',
                                  'default_profile': True,
                                  'default_profile_image': False,
                                  'description': 'Where Creativity Is Rewarded '
                                                 '| https://t.co/a8TGFEZMvA | '
                                                 'https://t.co/6SXlrfF37Q\n'
                                                 '\n'
                                                 '#PXB $PXB',
                                  'entities': { 'description': { 'urls': [ { 'display_url': 't.me/pixbytoken',
                                                                             'expanded_url': 'http://t.me/pixbytoken',
                                                                             'indices': [ 31,
                                                                                          54],
                                                                             'url': 'https://t.co/a8TGFEZMvA'},
                                                                           { 'display_url': 'discord.gg/NcmRYCv',
                                                                             'expanded_url': 'https://discord.gg/NcmRYCv',
                                                                             'indices': [ 57,
                                                                                          80],
                                                                             'url': 'https://t.co/6SXlrfF37Q'}]},
                                                'url': { 'urls': [ { 'display_url': 'pixby.io',
                                                                     'expanded_url': 'https://pixby.io',
                                                                     'indices': [ 0,
                                                                                  23],
                                                                     'url': 'https://t.co/YVgDOpbTvf'}]}},
                                  'favourites_count': 60,
                                  'follow_request_sent': None,
                                  'followers_count': 5728,
                                  'following': None,
                                  'friends_count': 14,
                                  'geo_enabled': False,
                                  'has_extended_profile': False,
                                  'id': 1127535168518901762,
                                  'id_str': '1127535168518901762',
                                  'is_translation_enabled': False,
                                  'is_translator': False,
                                  'lang': None,
                                  'listed_count': 1,
                                  'location': 'Global',
                                  'name': 'PIXBY - Freelance Marketplace',
                                  'notifications': None,
                                  'profile_background_color': 'F5F8FA',
                                  'profile_background_image_url': None,
                                  'profile_background_image_url_https': None,
                                  'profile_background_tile': False,
                                  'profile_banner_url': 'https://pbs.twimg.com/profile_banners/1127535168518901762/1562316507',
                                  'profile_image_url': 'http://pbs.twimg.com/profile_images/1147143717595176960/dJRuf4ZY_normal.jpg',
                                  'profile_image_url_https': 'https://pbs.twimg.com/profile_images/1147143717595176960/dJRuf4ZY_normal.jpg',
                                  'profile_link_color': '1DA1F2',
                                  'profile_sidebar_border_color': 'C0DEED',
                                  'profile_sidebar_fill_color': 'DDEEF6',
                                  'profile_text_color': '333333',
                                  'profile_use_background_image': True,
                                  'protected': False,
                                  'screen_name': 'PixbyToken',
                                  'statuses_count': 13,
                                  'time_zone': None,
                                  'translator_type': 'none',
                                  'url': 'https://t.co/YVgDOpbTvf',
                                  'utc_offset': None,
                                  'verified': False}},
  'source': '<a href="http://twitter.com/download/android" '
            'rel="nofollow">Twitter for Android</a>',
  'text': 'RT @PixbyToken: Win 1,000PXB with a fiat value of $140 USD! 🎁\n'
          '\n'
          'Rules:\n'
          '1. Like &amp; RT\n'
          '2. Join our Discord Server\n'
          '3. Comment your #ERC20 wallet…',
  'truncated': False,
  'user': { 'contributors_enabled': False,
            'created_at': 'Sun Dec 09 04:36:23 +0000 2018',
            'default_profile': True,
            'default_profile_image': False,
            'description': '',
            'entities': {'description': {'urls': []}},
            'favourites_count': 20,
            'follow_request_sent': None,
            'followers_count': 3,
            'following': None,
            'friends_count': 34,
            'geo_enabled': False,
            'has_extended_profile': False,
            'id': 1071624577665695744,
            'id_str': '1071624577665695744',
            'is_translation_enabled': False,
            'is_translator': False,
            'lang': None,
            'listed_count': 0,
            'location': '',
            'name': 'Gabriel',
            'notifications': None,
            'profile_background_color': 'F5F8FA',
            'profile_background_image_url': None,
            'profile_background_image_url_https': None,
            'profile_background_tile': False,
            'profile_image_url': 'http://pbs.twimg.com/profile_images/1140339214887870464/7B99N1z8_normal.jpg',
            'profile_image_url_https': 'https://pbs.twimg.com/profile_images/1140339214887870464/7B99N1z8_normal.jpg',
            'profile_link_color': '1DA1F2',
            'profile_sidebar_border_color': 'C0DEED',
            'profile_sidebar_fill_color': 'DDEEF6',
            'profile_text_color': '333333',
            'profile_use_background_image': True,
            'protected': False,
            'screen_name': 'Gabriel12240986',
            'statuses_count': 31,
            'time_zone': None,
            'translator_type': 'none',
            'url': None,
            'utc_offset': None,
            'verified': False}}
----------Summary----------
{ 'entities': {},
  'id_str': '1156650066943381506',
  'retweeted_status': { 'entities': { 'urls': { 'display_url': 'twitter.com/i/web/status/1…',
                                                'expanded_url': 'https://twitter.com/i/web/status/1155922950089953280'}},
                        'id_str': '1155922950089953280',
                        'text': 'win 1,000pxb with a fiat value of $140 usd!   '
                                'rules: 1. like &amp; rt 2. join our discord '
                                'server 3. comment your '
                                'https://t.co/kzk88sdniu',
                        'user': { 'entities': {},
                                  'id_str': '1127535168518901762',
                                  'twitter_user': 'PixbyToken'}},
  'text': 'rt @pixbytoken: win 1,000pxb with a fiat value of $140 usd!   '
          'rules: 1. like &amp; rt 2. join our discord server 3. comment your '
          '#erc20 wallet',
  'user': { 'entities': {},
            'id_str': '1071624577665695744',
            'twitter_user': 'Gabriel12240986'}}
----------Groups----------
{ 'Bitcoin': ['bitcoin', 'Bitcoin', 'btc', 'satoshi nakamoto'],
  'Ethereum': ['ethereum', 'Ethereum', 'eth', 'vitalik buterin'],
  'Litecoin': ['litecoin', 'Litecoin', 'ltc', 'charles lee'],
  'Monero': ['monero', 'Monero', 'xmr', 'riccardo spagni'],
  'Ripple': [ 'ripple',
              'Ripple',
              'xrp',
              'xrapid',
              'xcurrent',
              'chris larsen',
              'jed mccaleb']}
---------------------------Fetch-------2019-07-31 15:39:57.065741: Tweet filed under "misc":----------Data----------
{ 'contributors': None,
  'coordinates': None,
  'created_at': 'Wed Jul 31 19:36:58 +0000 2019',
  'entities': { 'hashtags': [{'indices': [130, 136], 'text': 'ERC20'}],
                'symbols': [],
                'urls': [],
                'user_mentions': [ { 'id': 1127535168518901762,
                                     'id_str': '1127535168518901762',
                                     'indices': [3, 14],
                                     'name': 'PIXBY - Freelance Marketplace',
                                     'screen_name': 'PixbyToken'}]},
  'favorite_count': 0,
  'favorited': False,
  'geo': None,
  'id': 1156649974203125762,
  'id_str': '1156649974203125762',
  'in_reply_to_screen_name': None,
  'in_reply_to_status_id': None,
  'in_reply_to_status_id_str': None,
  'in_reply_to_user_id': None,
  'in_reply_to_user_id_str': None,
  'is_quote_status': False,
  'lang': 'en',
  'metadata': {'iso_language_code': 'en', 'result_type': 'recent'},
  'place': None,
  'retweet_count': 469,
  'retweeted': False,
  'retweeted_status': { 'contributors': None,
                        'coordinates': None,
                        'created_at': 'Mon Jul 29 19:28:01 +0000 2019',
                        'entities': { 'hashtags': [],
                                      'symbols': [],
                                      'urls': [ { 'display_url': 'twitter.com/i/web/status/1…',
                                                  'expanded_url': 'https://twitter.com/i/web/status/1155922950089953280',
                                                  'indices': [115, 138],
                                                  'url': 'https://t.co/KZk88sDNiu'}],
                                      'user_mentions': []},
                        'favorite_count': 527,
                        'favorited': False,
                        'geo': None,
                        'id': 1155922950089953280,
                        'id_str': '1155922950089953280',
                        'in_reply_to_screen_name': None,
                        'in_reply_to_status_id': None,
                        'in_reply_to_status_id_str': None,
                        'in_reply_to_user_id': None,
                        'in_reply_to_user_id_str': None,
                        'is_quote_status': False,
                        'lang': 'en',
                        'metadata': { 'iso_language_code': 'en',
                                      'result_type': 'recent'},
                        'place': None,
                        'possibly_sensitive': False,
                        'retweet_count': 469,
                        'retweeted': False,
                        'source': '<a '
                                  'href="http://twitter.com/download/android" '
                                  'rel="nofollow">Twitter for Android</a>',
                        'text': 'Win 1,000PXB with a fiat value of $140 USD! '
                                '🎁\n'
                                '\n'
                                'Rules:\n'
                                '1. Like &amp; RT\n'
                                '2. Join our Discord Server\n'
                                '3. Comment your… https://t.co/KZk88sDNiu',
                        'truncated': True,
                        'user': { 'contributors_enabled': False,
                                  'created_at': 'Sun May 12 11:25:07 +0000 '
                                                '2019',
                                  'default_profile': True,
                                  'default_profile_image': False,
                                  'description': 'Where Creativity Is Rewarded '
                                                 '| https://t.co/a8TGFEZMvA | '
                                                 'https://t.co/6SXlrfF37Q\n'
                                                 '\n'
                                                 '#PXB $PXB',
                                  'entities': { 'description': { 'urls': [ { 'display_url': 't.me/pixbytoken',
                                                                             'expanded_url': 'http://t.me/pixbytoken',
                                                                             'indices': [ 31,
                                                                                          54],
                                                                             'url': 'https://t.co/a8TGFEZMvA'},
                                                                           { 'display_url': 'discord.gg/NcmRYCv',
                                                                             'expanded_url': 'https://discord.gg/NcmRYCv',
                                                                             'indices': [ 57,
                                                                                          80],
                                                                             'url': 'https://t.co/6SXlrfF37Q'}]},
                                                'url': { 'urls': [ { 'display_url': 'pixby.io',
                                                                     'expanded_url': 'https://pixby.io',
                                                                     'indices': [ 0,
                                                                                  23],
                                                                     'url': 'https://t.co/YVgDOpbTvf'}]}},
                                  'favourites_count': 60,
                                  'follow_request_sent': None,
                                  'followers_count': 5728,
                                  'following': None,
                                  'friends_count': 14,
                                  'geo_enabled': False,
                                  'has_extended_profile': False,
                                  'id': 1127535168518901762,
                                  'id_str': '1127535168518901762',
                                  'is_translation_enabled': False,
                                  'is_translator': False,
                                  'lang': None,
                                  'listed_count': 1,
                                  'location': 'Global',
                                  'name': 'PIXBY - Freelance Marketplace',
                                  'notifications': None,
                                  'profile_background_color': 'F5F8FA',
                                  'profile_background_image_url': None,
                                  'profile_background_image_url_https': None,
                                  'profile_background_tile': False,
                                  'profile_banner_url': 'https://pbs.twimg.com/profile_banners/1127535168518901762/1562316507',
                                  'profile_image_url': 'http://pbs.twimg.com/profile_images/1147143717595176960/dJRuf4ZY_normal.jpg',
                                  'profile_image_url_https': 'https://pbs.twimg.com/profile_images/1147143717595176960/dJRuf4ZY_normal.jpg',
                                  'profile_link_color': '1DA1F2',
                                  'profile_sidebar_border_color': 'C0DEED',
                                  'profile_sidebar_fill_color': 'DDEEF6',
                                  'profile_text_color': '333333',
                                  'profile_use_background_image': True,
                                  'protected': False,
                                  'screen_name': 'PixbyToken',
                                  'statuses_count': 13,
                                  'time_zone': None,
                                  'translator_type': 'none',
                                  'url': 'https://t.co/YVgDOpbTvf',
                                  'utc_offset': None,
                                  'verified': False}},
  'source': '<a href="https://mobile.twitter.com" rel="nofollow">Twitter Web '
            'App</a>',
  'text': 'RT @PixbyToken: Win 1,000PXB with a fiat value of $140 USD! 🎁\n'
          '\n'
          'Rules:\n'
          '1. Like &amp; RT\n'
          '2. Join our Discord Server\n'
          '3. Comment your #ERC20 wallet…',
  'truncated': False,
  'user': { 'contributors_enabled': False,
            'created_at': 'Sat Jan 12 15:30:31 +0000 2019',
            'default_profile': False,
            'default_profile_image': False,
            'description': 'happy',
            'entities': {'description': {'urls': []}},
            'favourites_count': 443,
            'follow_request_sent': None,
            'followers_count': 58,
            'following': None,
            'friends_count': 311,
            'geo_enabled': False,
            'has_extended_profile': False,
            'id': 1084110381319155713,
            'id_str': '1084110381319155713',
            'is_translation_enabled': False,
            'is_translator': False,
            'lang': None,
            'listed_count': 0,
            'location': '',
            'name': 'Paulo Oliveira',
            'notifications': None,
            'profile_background_color': '000000',
            'profile_background_image_url': 'http://abs.twimg.com/images/themes/theme1/bg.png',
            'profile_background_image_url_https': 'https://abs.twimg.com/images/themes/theme1/bg.png',
            'profile_background_tile': False,
            'profile_banner_url': 'https://pbs.twimg.com/profile_banners/1084110381319155713/1553894680',
            'profile_image_url': 'http://pbs.twimg.com/profile_images/1107415375921197057/7S_kEFeP_normal.png',
            'profile_image_url_https': 'https://pbs.twimg.com/profile_images/1107415375921197057/7S_kEFeP_normal.png',
            'profile_link_color': 'ABB8C2',
            'profile_sidebar_border_color': '000000',
            'profile_sidebar_fill_color': '000000',
            'profile_text_color': '000000',
            'profile_use_background_image': False,
            'protected': False,
            'screen_name': 'PauloOl27948576',
            'statuses_count': 730,
            'time_zone': None,
            'translator_type': 'none',
            'url': None,
            'utc_offset': None,
            'verified': False}}
----------Summary----------
{ 'entities': {},
  'id_str': '1156649974203125762',
  'retweeted_status': { 'entities': { 'urls': { 'display_url': 'twitter.com/i/web/status/1…',
                                                'expanded_url': 'https://twitter.com/i/web/status/1155922950089953280'}},
                        'id_str': '1155922950089953280',
                        'text': 'win 1,000pxb with a fiat value of $140 usd!   '
                                'rules: 1. like &amp; rt 2. join our discord '
                                'server 3. comment your '
                                'https://t.co/kzk88sdniu',
                        'user': { 'entities': {},
                                  'id_str': '1127535168518901762',
                                  'twitter_user': 'PixbyToken'}},
  'text': 'rt @pixbytoken: win 1,000pxb with a fiat value of $140 usd!   '
          'rules: 1. like &amp; rt 2. join our discord server 3. comment your '
          '#erc20 wallet',
  'user': { 'entities': {},
            'id_str': '1084110381319155713',
            'twitter_user': 'PauloOl27948576'}}
----------Groups----------
{ 'Bitcoin': ['bitcoin', 'Bitcoin', 'btc', 'satoshi nakamoto'],
  'Ethereum': ['ethereum', 'Ethereum', 'eth', 'vitalik buterin'],
  'Litecoin': ['litecoin', 'Litecoin', 'ltc', 'charles lee'],
  'Monero': ['monero', 'Monero', 'xmr', 'riccardo spagni'],
  'Ripple': [ 'ripple',
              'Ripple',
              'xrp',
              'xrapid',
              'xcurrent',
              'chris larsen',
              'jed mccaleb']}
---------------------------Fetch-------2019-07-31 15:43:00.018771: Tweet filed under "misc":----------Data----------
{ 'contributors': None,
  'coordinates': None,
  'created_at': 'Wed Jul 31 19:42:33 +0000 2019',
  'entities': { 'hashtags': [],
                'symbols': [],
                'urls': [],
                'user_mentions': [ { 'id': 1155038537344901121,
                                     'id_str': '1155038537344901121',
                                     'indices': [3, 17],
                                     'name': 'Match365 Official',
                                     'screen_name': 'Match365_Team'}]},
  'favorite_count': 0,
  'favorited': False,
  'geo': None,
  'id': 1156651382985973763,
  'id_str': '1156651382985973763',
  'in_reply_to_screen_name': None,
  'in_reply_to_status_id': None,
  'in_reply_to_status_id_str': None,
  'in_reply_to_user_id': None,
  'in_reply_to_user_id_str': None,
  'is_quote_status': False,
  'lang': 'en',
  'metadata': {'iso_language_code': 'en', 'result_type': 'recent'},
  'place': None,
  'retweet_count': 784,
  'retweeted': False,
  'retweeted_status': { 'contributors': None,
                        'coordinates': None,
                        'created_at': 'Wed Jul 31 06:31:34 +0000 2019',
                        'entities': { 'hashtags': [],
                                      'symbols': [],
                                      'urls': [ { 'display_url': 'twitter.com/i/web/status/1…',
                                                  'expanded_url': 'https://twitter.com/i/web/status/1156452324690149376',
                                                  'indices': [117, 140],
                                                  'url': 'https://t.co/X72pUWMZLE'}],
                                      'user_mentions': []},
                        'favorite_count': 1192,
                        'favorited': False,
                        'geo': None,
                        'id': 1156452324690149376,
                        'id_str': '1156452324690149376',
                        'in_reply_to_screen_name': None,
                        'in_reply_to_status_id': None,
                        'in_reply_to_status_id_str': None,
                        'in_reply_to_user_id': None,
                        'in_reply_to_user_id_str': None,
                        'is_quote_status': False,
                        'lang': 'en',
                        'metadata': { 'iso_language_code': 'en',
                                      'result_type': 'recent'},
                        'place': None,
                        'possibly_sensitive': False,
                        'retweet_count': 784,
                        'retweeted': False,
                        'source': '<a href="https://mobile.twitter.com" '
                                  'rel="nofollow">Twitter Web App</a>',
                        'text': '⚽ Match365 ⚽  is a football community app, '
                                'which can provide: \n'
                                '\n'
                                '1. Community talk, just like in a pub with '
                                'other fa… https://t.co/X72pUWMZLE',
                        'truncated': True,
                        'user': { 'contributors_enabled': False,
                                  'created_at': 'Sat Jul 27 08:53:41 +0000 '
                                                '2019',
                                  'default_profile': True,
                                  'default_profile_image': False,
                                  'description': 'Match365 - An online family '
                                                 'of soccer lovers.\n'
                                                 '\n'
                                                 'App Download: '
                                                 'https://t.co/ZYZ3KnEubf\n'
                                                 '\n'
                                                 'Telegram: '
                                                 'https://t.co/YmOahJMgwK',
                                  'entities': { 'description': { 'urls': [ { 'display_url': 'match365.com',
                                                                             'expanded_url': 'http://match365.com',
                                                                             'indices': [ 61,
                                                                                          84],
                                                                             'url': 'https://t.co/ZYZ3KnEubf'},
                                                                           { 'display_url': 't.me/Match365App',
                                                                             'expanded_url': 'http://t.me/Match365App',
                                                                             'indices': [ 96,
                                                                                          119],
                                                                             'url': 'https://t.co/YmOahJMgwK'}]}},
                                  'favourites_count': 0,
                                  'follow_request_sent': None,
                                  'followers_count': 1370,
                                  'following': None,
                                  'friends_count': 1,
                                  'geo_enabled': False,
                                  'has_extended_profile': False,
                                  'id': 1155038537344901121,
                                  'id_str': '1155038537344901121',
                                  'is_translation_enabled': False,
                                  'is_translator': False,
                                  'lang': None,
                                  'listed_count': 0,
                                  'location': '',
                                  'name': 'Match365 Official',
                                  'notifications': None,
                                  'profile_background_color': 'F5F8FA',
                                  'profile_background_image_url': None,
                                  'profile_background_image_url_https': None,
                                  'profile_background_tile': False,
                                  'profile_banner_url': 'https://pbs.twimg.com/profile_banners/1155038537344901121/1564544214',
                                  'profile_image_url': 'http://pbs.twimg.com/profile_images/1155038750121979911/dXPzQjpQ_normal.jpg',
                                  'profile_image_url_https': 'https://pbs.twimg.com/profile_images/1155038750121979911/dXPzQjpQ_normal.jpg',
                                  'profile_link_color': '1DA1F2',
                                  'profile_sidebar_border_color': 'C0DEED',
                                  'profile_sidebar_fill_color': 'DDEEF6',
                                  'profile_text_color': '333333',
                                  'profile_use_background_image': True,
                                  'protected': False,
                                  'screen_name': 'Match365_Team',
                                  'statuses_count': 2,
                                  'time_zone': None,
                                  'translator_type': 'none',
                                  'url': None,
                                  'utc_offset': None,
                                  'verified': False}},
  'source': '<a href="http://twitter.com/download/android" '
            'rel="nofollow">Twitter for Android</a>',
  'text': 'RT @Match365_Team: ⚽ Match365 ⚽  is a football community app, which '
          'can provide: \n'
          '\n'
          '1. Community talk, just like in a pub with other fans.…',
  'truncated': False,
  'user': { 'contributors_enabled': False,
            'created_at': 'Thu Jun 14 21:12:11 +0000 2018',
            'default_profile': True,
            'default_profile_image': False,
            'description': 'I Am The Wisest Man Alive, For I Know One Thing, '
                           'And That Is That I Know Nothing. Socrates.\n'
                           '\n'
                           '1ELnynDev7yv35zx8vw4nAwFvh28HA3nrB',
            'entities': {'description': {'urls': []}},
            'favourites_count': 32,
            'follow_request_sent': None,
            'followers_count': 520,
            'following': None,
            'friends_count': 1423,
            'geo_enabled': False,
            'has_extended_profile': False,
            'id': 1007370137756987393,
            'id_str': '1007370137756987393',
            'is_translation_enabled': False,
            'is_translator': False,
            'lang': None,
            'listed_count': 1,
            'location': 'neither here nor there! ',
            'name': "Alberto D'block",
            'notifications': None,
            'profile_background_color': 'F5F8FA',
            'profile_background_image_url': None,
            'profile_background_image_url_https': None,
            'profile_background_tile': False,
            'profile_banner_url': 'https://pbs.twimg.com/profile_banners/1007370137756987393/1529013133',
            'profile_image_url': 'http://pbs.twimg.com/profile_images/1007381026421772289/3_c07D2L_normal.jpg',
            'profile_image_url_https': 'https://pbs.twimg.com/profile_images/1007381026421772289/3_c07D2L_normal.jpg',
            'profile_link_color': '1DA1F2',
            'profile_sidebar_border_color': 'C0DEED',
            'profile_sidebar_fill_color': 'DDEEF6',
            'profile_text_color': '333333',
            'profile_use_background_image': True,
            'protected': False,
            'screen_name': 'alberto_block',
            'statuses_count': 323,
            'time_zone': None,
            'translator_type': 'none',
            'url': None,
            'utc_offset': None,
            'verified': False}}
----------Summary----------
{ 'entities': {},
  'id_str': '1156651382985973763',
  'retweeted_status': { 'entities': { 'urls': { 'display_url': 'twitter.com/i/web/status/1…',
                                                'expanded_url': 'https://twitter.com/i/web/status/1156452324690149376'}},
                        'id_str': '1156452324690149376',
                        'text': ' match365   is a football community app, '
                                'which can provide:   1. community talk, just '
                                'like in a pub with other fa '
                                'https://t.co/x72puwmzle',
                        'user': { 'entities': {},
                                  'id_str': '1155038537344901121',
                                  'twitter_user': 'Match365_Team'}},
  'text': 'rt @match365_team:  match365   is a football community app, which '
          'can provide:   1. community talk, just like in a pub with other '
          'fans.',
  'user': { 'entities': {},
            'id_str': '1007370137756987393',
            'twitter_user': 'alberto_block'}}
----------Groups----------
{ 'Bitcoin': ['bitcoin', 'Bitcoin', 'btc', 'satoshi nakamoto'],
  'Ethereum': ['ethereum', 'Ethereum', 'eth', 'vitalik buterin'],
  'Litecoin': ['litecoin', 'Litecoin', 'ltc', 'charles lee'],
  'Monero': ['monero', 'Monero', 'xmr', 'riccardo spagni'],
  'Ripple': [ 'ripple',
              'Ripple',
              'xrp',
              'xrapid',
              'xcurrent',
              'chris larsen',
              'jed mccaleb']}
---------------------------Fetch-------2019-07-31 15:50:33.973749: Tweet filed under "misc":----------Data----------
{ 'contributors': None,
  'coordinates': None,
  'created_at': 'Wed Jul 31 19:50:04 +0000 2019',
  'entities': { 'hashtags': [],
                'symbols': [],
                'urls': [],
                'user_mentions': [ { 'id': 834374677560705024,
                                     'id_str': '834374677560705024',
                                     'indices': [3, 19],
                                     'name': 'Want Marketplaces',
                                     'screen_name': 'wantmarketplace'}]},
  'favorite_count': 0,
  'favorited': False,
  'geo': None,
  'id': 1156653271156551681,
  'id_str': '1156653271156551681',
  'in_reply_to_screen_name': None,
  'in_reply_to_status_id': None,
  'in_reply_to_status_id_str': None,
  'in_reply_to_user_id': None,
  'in_reply_to_user_id_str': None,
  'is_quote_status': False,
  'lang': 'en',
  'metadata': {'iso_language_code': 'en', 'result_type': 'recent'},
  'place': None,
  'retweet_count': 65,
  'retweeted': False,
  'retweeted_status': { 'contributors': None,
                        'coordinates': None,
                        'created_at': 'Mon Jul 15 13:41:21 +0000 2019',
                        'entities': { 'hashtags': [],
                                      'symbols': [],
                                      'urls': [ { 'display_url': 'twitter.com/i/web/status/1…',
                                                  'expanded_url': 'https://twitter.com/i/web/status/1150762276250673152',
                                                  'indices': [117, 140],
                                                  'url': 'https://t.co/HEw8j111YJ'}],
                                      'user_mentions': []},
                        'favorite_count': 212,
                        'favorited': False,
                        'geo': None,
                        'id': 1150762276250673152,
                        'id_str': '1150762276250673152',
                        'in_reply_to_screen_name': None,
                        'in_reply_to_status_id': None,
                        'in_reply_to_status_id_str': None,
                        'in_reply_to_user_id': None,
                        'in_reply_to_user_id_str': None,
                        'is_quote_status': False,
                        'lang': 'en',
                        'metadata': { 'iso_language_code': 'en',
                                      'result_type': 'recent'},
                        'place': None,
                        'possibly_sensitive': False,
                        'retweet_count': 65,
                        'retweeted': False,
                        'source': '<a href="https://mobile.twitter.com" '
                                  'rel="nofollow">Twitter Web App</a>',
                        'text': 'WANT Marketplaces STO - Building our 20 '
                                'TFlops Supercomputer back in 2012 for the '
                                'shopping search engine!\n'
                                'Private S… https://t.co/HEw8j111YJ',
                        'truncated': True,
                        'user': { 'contributors_enabled': False,
                                  'created_at': 'Wed Feb 22 12:09:59 +0000 '
                                                '2017',
                                  'default_profile': True,
                                  'default_profile_image': False,
                                  'description': 'Official Account for WANT '
                                                 'Marketplaces STO Offering',
                                  'entities': { 'description': {'urls': []},
                                                'url': { 'urls': [ { 'display_url': 'benipal.com',
                                                                     'expanded_url': 'https://benipal.com',
                                                                     'indices': [ 0,
                                                                                  23],
                                                                     'url': 'https://t.co/FpJbeDXvVn'}]}},
                                  'favourites_count': 4,
                                  'follow_request_sent': None,
                                  'followers_count': 1600,
                                  'following': None,
                                  'friends_count': 1,
                                  'geo_enabled': False,
                                  'has_extended_profile': False,
                                  'id': 834374677560705024,
                                  'id_str': '834374677560705024',
                                  'is_translation_enabled': False,
                                  'is_translator': False,
                                  'lang': None,
                                  'listed_count': 2,
                                  'location': 'New York, NY',
                                  'name': 'Want Marketplaces',
                                  'notifications': None,
                                  'profile_background_color': 'F5F8FA',
                                  'profile_background_image_url': None,
                                  'profile_background_image_url_https': None,
                                  'profile_background_tile': False,
                                  'profile_banner_url': 'https://pbs.twimg.com/profile_banners/834374677560705024/1559981725',
                                  'profile_image_url': 'http://pbs.twimg.com/profile_images/1137267216955482114/4tG-zMA6_normal.jpg',
                                  'profile_image_url_https': 'https://pbs.twimg.com/profile_images/1137267216955482114/4tG-zMA6_normal.jpg',
                                  'profile_link_color': '1DA1F2',
                                  'profile_sidebar_border_color': 'C0DEED',
                                  'profile_sidebar_fill_color': 'DDEEF6',
                                  'profile_text_color': '333333',
                                  'profile_use_background_image': True,
                                  'protected': False,
                                  'screen_name': 'wantmarketplace',
                                  'statuses_count': 76,
                                  'time_zone': None,
                                  'translator_type': 'none',
                                  'url': 'https://t.co/FpJbeDXvVn',
                                  'utc_offset': None,
                                  'verified': False}},
  'source': '<a href="http://twitter.com/download/android" '
            'rel="nofollow">Twitter for Android</a>',
  'text': 'RT @wantmarketplace: WANT Marketplaces STO - Building our 20 TFlops '
          'Supercomputer back in 2012 for the shopping search engine!\n'
          'Private Sale…',
  'truncated': False,
  'user': { 'contributors_enabled': False,
            'created_at': 'Fri Sep 08 05:49:12 +0000 2017',
            'default_profile': True,
            'default_profile_image': False,
            'description': 'I am Medical student\n'
                           '#****(simple man)\n'
                           '#Follow  back',
            'entities': {'description': {'urls': []}},
            'favourites_count': 4833,
            'follow_request_sent': None,
            'followers_count': 4817,
            'following': None,
            'friends_count': 5295,
            'geo_enabled': False,
            'has_extended_profile': True,
            'id': 906031646884765701,
            'id_str': '906031646884765701',
            'is_translation_enabled': False,
            'is_translator': False,
            'lang': None,
            'listed_count': 14,
            'location': 'Dhaka, Bangladesh',
            'name': 'Md Mostofa kamal',
            'notifications': None,
            'profile_background_color': 'F5F8FA',
            'profile_background_image_url': None,
            'profile_background_image_url_https': None,
            'profile_background_tile': False,
            'profile_banner_url': 'https://pbs.twimg.com/profile_banners/906031646884765701/1543978436',
            'profile_image_url': 'http://pbs.twimg.com/profile_images/1122456466047127552/jObVPMAo_normal.jpg',
            'profile_image_url_https': 'https://pbs.twimg.com/profile_images/1122456466047127552/jObVPMAo_normal.jpg',
            'profile_link_color': '1DA1F2',
            'profile_sidebar_border_color': 'C0DEED',
            'profile_sidebar_fill_color': 'DDEEF6',
            'profile_text_color': '333333',
            'profile_use_background_image': True,
            'protected': False,
            'screen_name': 'Mostofa2020',
            'statuses_count': 5950,
            'time_zone': None,
            'translator_type': 'none',
            'url': None,
            'utc_offset': None,
            'verified': False}}
----------Summary----------
{ 'entities': {},
  'id_str': '1156653271156551681',
  'retweeted_status': { 'entities': { 'urls': { 'display_url': 'twitter.com/i/web/status/1…',
                                                'expanded_url': 'https://twitter.com/i/web/status/1150762276250673152'}},
                        'id_str': '1150762276250673152',
                        'text': 'want marketplaces sto - building our 20 '
                                'tflops supercomputer back in 2012 for the '
                                'shopping search engine! private s '
                                'https://t.co/hew8j111yj',
                        'user': { 'entities': {},
                                  'id_str': '834374677560705024',
                                  'twitter_user': 'wantmarketplace'}},
  'text': 'rt @wantmarketplace: want marketplaces sto - building our 20 tflops '
          'supercomputer back in 2012 for the shopping search engine! private '
          'sale',
  'user': { 'entities': {},
            'id_str': '906031646884765701',
            'twitter_user': 'Mostofa2020'}}
----------Groups----------
{ 'Bitcoin': ['bitcoin', 'Bitcoin', 'btc', 'satoshi nakamoto'],
  'Ethereum': ['ethereum', 'Ethereum', 'eth', 'vitalik buterin'],
  'Litecoin': ['litecoin', 'Litecoin', 'ltc', 'charles lee'],
  'Monero': ['monero', 'Monero', 'xmr', 'riccardo spagni'],
  'Ripple': [ 'ripple',
              'Ripple',
              'xrp',
              'xrapid',
              'xcurrent',
              'chris larsen',
              'jed mccaleb']}
---------------------------Fetch-------2019-07-31 15:50:34.183117: Tweet filed under "misc":----------Data----------
{ 'contributors': None,
  'coordinates': None,
  'created_at': 'Wed Jul 31 19:50:00 +0000 2019',
  'entities': { 'hashtags': [],
                'symbols': [],
                'urls': [],
                'user_mentions': [ { 'id': 834374677560705024,
                                     'id_str': '834374677560705024',
                                     'indices': [3, 19],
                                     'name': 'Want Marketplaces',
                                     'screen_name': 'wantmarketplace'}]},
  'favorite_count': 0,
  'favorited': False,
  'geo': None,
  'id': 1156653255306297344,
  'id_str': '1156653255306297344',
  'in_reply_to_screen_name': None,
  'in_reply_to_status_id': None,
  'in_reply_to_status_id_str': None,
  'in_reply_to_user_id': None,
  'in_reply_to_user_id_str': None,
  'is_quote_status': False,
  'lang': 'en',
  'metadata': {'iso_language_code': 'en', 'result_type': 'recent'},
  'place': None,
  'retweet_count': 68,
  'retweeted': False,
  'retweeted_status': { 'contributors': None,
                        'coordinates': None,
                        'created_at': 'Sun Jul 14 05:21:31 +0000 2019',
                        'entities': { 'hashtags': [],
                                      'symbols': [],
                                      'urls': [ { 'display_url': 'twitter.com/i/web/status/1…',
                                                  'expanded_url': 'https://twitter.com/i/web/status/1150274102566854656',
                                                  'indices': [104, 127],
                                                  'url': 'https://t.co/0Z0FSxc0lQ'}],
                                      'user_mentions': []},
                        'favorite_count': 214,
                        'favorited': False,
                        'geo': None,
                        'id': 1150274102566854656,
                        'id_str': '1150274102566854656',
                        'in_reply_to_screen_name': None,
                        'in_reply_to_status_id': None,
                        'in_reply_to_status_id_str': None,
                        'in_reply_to_user_id': None,
                        'in_reply_to_user_id_str': None,
                        'is_quote_status': False,
                        'lang': 'en',
                        'metadata': { 'iso_language_code': 'en',
                                      'result_type': 'recent'},
                        'place': None,
                        'possibly_sensitive': False,
                        'retweet_count': 68,
                        'retweeted': False,
                        'source': '<a href="https://mobile.twitter.com" '
                                  'rel="nofollow">Twitter Web App</a>',
                        'text': 'AIRDROP! Get Free $4 worth of WNT Tokens PLUS '
                                '3 Tokens for each Referral! No KYC. Unlimited '
                                'referrals.… https://t.co/0Z0FSxc0lQ',
                        'truncated': True,
                        'user': { 'contributors_enabled': False,
                                  'created_at': 'Wed Feb 22 12:09:59 +0000 '
                                                '2017',
                                  'default_profile': True,
                                  'default_profile_image': False,
                                  'description': 'Official Account for WANT '
                                                 'Marketplaces STO Offering',
                                  'entities': { 'description': {'urls': []},
                                                'url': { 'urls': [ { 'display_url': 'benipal.com',
                                                                     'expanded_url': 'https://benipal.com',
                                                                     'indices': [ 0,
                                                                                  23],
                                                                     'url': 'https://t.co/FpJbeDXvVn'}]}},
                                  'favourites_count': 4,
                                  'follow_request_sent': None,
                                  'followers_count': 1600,
                                  'following': None,
                                  'friends_count': 1,
                                  'geo_enabled': False,
                                  'has_extended_profile': False,
                                  'id': 834374677560705024,
                                  'id_str': '834374677560705024',
                                  'is_translation_enabled': False,
                                  'is_translator': False,
                                  'lang': None,
                                  'listed_count': 2,
                                  'location': 'New York, NY',
                                  'name': 'Want Marketplaces',
                                  'notifications': None,
                                  'profile_background_color': 'F5F8FA',
                                  'profile_background_image_url': None,
                                  'profile_background_image_url_https': None,
                                  'profile_background_tile': False,
                                  'profile_banner_url': 'https://pbs.twimg.com/profile_banners/834374677560705024/1559981725',
                                  'profile_image_url': 'http://pbs.twimg.com/profile_images/1137267216955482114/4tG-zMA6_normal.jpg',
                                  'profile_image_url_https': 'https://pbs.twimg.com/profile_images/1137267216955482114/4tG-zMA6_normal.jpg',
                                  'profile_link_color': '1DA1F2',
                                  'profile_sidebar_border_color': 'C0DEED',
                                  'profile_sidebar_fill_color': 'DDEEF6',
                                  'profile_text_color': '333333',
                                  'profile_use_background_image': True,
                                  'protected': False,
                                  'screen_name': 'wantmarketplace',
                                  'statuses_count': 76,
                                  'time_zone': None,
                                  'translator_type': 'none',
                                  'url': 'https://t.co/FpJbeDXvVn',
                                  'utc_offset': None,
                                  'verified': False}},
  'source': '<a href="http://twitter.com/download/android" '
            'rel="nofollow">Twitter for Android</a>',
  'text': 'RT @wantmarketplace: AIRDROP! Get Free $4 worth of WNT Tokens PLUS '
          '3 Tokens for each Referral! No KYC. Unlimited referrals.\n'
          'https://t.co/cq…',
  'truncated': False,
  'user': { 'contributors_enabled': False,
            'created_at': 'Fri Sep 08 05:49:12 +0000 2017',
            'default_profile': True,
            'default_profile_image': False,
            'description': 'I am Medical student\n'
                           '#****(simple man)\n'
                           '#Follow  back',
            'entities': {'description': {'urls': []}},
            'favourites_count': 4833,
            'follow_request_sent': None,
            'followers_count': 4817,
            'following': None,
            'friends_count': 5295,
            'geo_enabled': False,
            'has_extended_profile': True,
            'id': 906031646884765701,
            'id_str': '906031646884765701',
            'is_translation_enabled': False,
            'is_translator': False,
            'lang': None,
            'listed_count': 14,
            'location': 'Dhaka, Bangladesh',
            'name': 'Md Mostofa kamal',
            'notifications': None,
            'profile_background_color': 'F5F8FA',
            'profile_background_image_url': None,
            'profile_background_image_url_https': None,
            'profile_background_tile': False,
            'profile_banner_url': 'https://pbs.twimg.com/profile_banners/906031646884765701/1543978436',
            'profile_image_url': 'http://pbs.twimg.com/profile_images/1122456466047127552/jObVPMAo_normal.jpg',
            'profile_image_url_https': 'https://pbs.twimg.com/profile_images/1122456466047127552/jObVPMAo_normal.jpg',
            'profile_link_color': '1DA1F2',
            'profile_sidebar_border_color': 'C0DEED',
            'profile_sidebar_fill_color': 'DDEEF6',
            'profile_text_color': '333333',
            'profile_use_background_image': True,
            'protected': False,
            'screen_name': 'Mostofa2020',
            'statuses_count': 5950,
            'time_zone': None,
            'translator_type': 'none',
            'url': None,
            'utc_offset': None,
            'verified': False}}
----------Summary----------
{ 'entities': {},
  'id_str': '1156653255306297344',
  'retweeted_status': { 'entities': { 'urls': { 'display_url': 'twitter.com/i/web/status/1…',
                                                'expanded_url': 'https://twitter.com/i/web/status/1150274102566854656'}},
                        'id_str': '1150274102566854656',
                        'text': 'airdrop! get free $4 worth of wnt tokens plus '
                                '3 tokens for each referral! no kyc. unlimited '
                                'referrals. https://t.co/0z0fsxc0lq',
                        'user': { 'entities': {},
                                  'id_str': '834374677560705024',
                                  'twitter_user': 'wantmarketplace'}},
  'text': 'rt @wantmarketplace: airdrop! get free $4 worth of wnt tokens plus '
          '3 tokens for each referral! no kyc. unlimited referrals. '
          'https://t.co/cq',
  'user': { 'entities': {},
            'id_str': '906031646884765701',
            'twitter_user': 'Mostofa2020'}}
----------Groups----------
{ 'Bitcoin': ['bitcoin', 'Bitcoin', 'btc', 'satoshi nakamoto'],
  'Ethereum': ['ethereum', 'Ethereum', 'eth', 'vitalik buterin'],
  'Litecoin': ['litecoin', 'Litecoin', 'ltc', 'charles lee'],
  'Monero': ['monero', 'Monero', 'xmr', 'riccardo spagni'],
  'Ripple': [ 'ripple',
              'Ripple',
              'xrp',
              'xrapid',
              'xcurrent',
              'chris larsen',
              'jed mccaleb']}
---------------------------Fetch-------2019-07-31 15:50:35.220998: Tweet filed under "misc":----------Data----------
{ 'contributors': None,
  'coordinates': None,
  'created_at': 'Wed Jul 31 19:49:48 +0000 2019',
  'entities': { 'hashtags': [],
                'symbols': [],
                'urls': [ { 'display_url': 'twitter.com/i/web/status/1…',
                            'expanded_url': 'https://twitter.com/i/web/status/1156653206291845120',
                            'indices': [117, 140],
                            'url': 'https://t.co/EYY7tTxOI5'}],
                'user_mentions': [ { 'id': 893818632089763840,
                                     'id_str': '893818632089763840',
                                     'indices': [0, 15],
                                     'name': 'Peter McCormack',
                                     'screen_name': 'PeterMcCormack'},
                                   { 'id': 56562803,
                                     'id_str': '56562803',
                                     'indices': [16, 28],
                                     'name': 'Peter Schiff',
                                     'screen_name': 'PeterSchiff'},
                                   { 'id': 339061487,
                                     'id_str': '339061487',
                                     'indices': [29, 40],
                                     'name': 'Pomp 🌪',
                                     'screen_name': 'APompliano'}]},
  'favorite_count': 0,
  'favorited': False,
  'geo': None,
  'id': 1156653206291845120,
  'id_str': '1156653206291845120',
  'in_reply_to_screen_name': 'PeterMcCormack',
  'in_reply_to_status_id': 1156647148454326272,
  'in_reply_to_status_id_str': '1156647148454326272',
  'in_reply_to_user_id': 893818632089763840,
  'in_reply_to_user_id_str': '893818632089763840',
  'is_quote_status': False,
  'lang': 'en',
  'metadata': {'iso_language_code': 'en', 'result_type': 'recent'},
  'place': None,
  'retweet_count': 0,
  'retweeted': False,
  'source': '<a href="http://twitter.com/download/android" '
            'rel="nofollow">Twitter for Android</a>',
  'text': '@PeterMcCormack @PeterSchiff @APompliano Better question - Ask him '
          'to prove that all gold can fit in a swinning poo… '
          'https://t.co/EYY7tTxOI5',
  'truncated': True,
  'user': { 'contributors_enabled': False,
            'created_at': 'Wed Apr 24 18:03:07 +0000 2019',
            'default_profile': True,
            'default_profile_image': False,
            'description': 'Money is Bitcoin, and nothing else.',
            'entities': {'description': {'urls': []}},
            'favourites_count': 198,
            'follow_request_sent': None,
            'followers_count': 54,
            'following': None,
            'friends_count': 99,
            'geo_enabled': False,
            'has_extended_profile': False,
            'id': 1121112348469673984,
            'id_str': '1121112348469673984',
            'is_translation_enabled': False,
            'is_translator': False,
            'lang': None,
            'listed_count': 0,
            'location': '',
            'name': 'Strictly ₿idnezz',
            'notifications': None,
            'profile_background_color': 'F5F8FA',
            'profile_background_image_url': None,
            'profile_background_image_url_https': None,
            'profile_background_tile': False,
            'profile_image_url': 'http://pbs.twimg.com/profile_images/1121116126543601670/3htJdtoT_normal.png',
            'profile_image_url_https': 'https://pbs.twimg.com/profile_images/1121116126543601670/3htJdtoT_normal.png',
            'profile_link_color': '1DA1F2',
            'profile_sidebar_border_color': 'C0DEED',
            'profile_sidebar_fill_color': 'DDEEF6',
            'profile_text_color': '333333',
            'profile_use_background_image': True,
            'protected': False,
            'screen_name': 'StrictlyBidnazz',
            'statuses_count': 775,
            'time_zone': None,
            'translator_type': 'none',
            'url': None,
            'utc_offset': None,
            'verified': False}}
----------Summary----------
{ 'entities': { 'urls': { 'display_url': 'twitter.com/i/web/status/1…',
                          'expanded_url': 'https://twitter.com/i/web/status/1156653206291845120'}},
  'id_str': '1156653206291845120',
  'text': '@petermccormack @peterschiff @apompliano better question - ask him '
          'to prove that all gold can fit in a swinning poo '
          'https://t.co/eyy7ttxoi5',
  'user': { 'entities': {},
            'id_str': '1121112348469673984',
            'twitter_user': 'StrictlyBidnazz'}}
----------Groups----------
{ 'Bitcoin': ['bitcoin', 'Bitcoin', 'btc', 'satoshi nakamoto'],
  'Ethereum': ['ethereum', 'Ethereum', 'eth', 'vitalik buterin'],
  'Litecoin': ['litecoin', 'Litecoin', 'ltc', 'charles lee'],
  'Monero': ['monero', 'Monero', 'xmr', 'riccardo spagni'],
  'Ripple': [ 'ripple',
              'Ripple',
              'xrp',
              'xrapid',
              'xcurrent',
              'chris larsen',
              'jed mccaleb']}
---------------------------Fetch-------2019-07-31 15:50:35.426696: Tweet filed under "misc":----------Data----------
{ 'contributors': None,
  'coordinates': None,
  'created_at': 'Wed Jul 31 19:49:47 +0000 2019',
  'entities': { 'hashtags': [],
                'symbols': [],
                'urls': [],
                'user_mentions': [ { 'id': 965701116863369216,
                                     'id_str': '965701116863369216',
                                     'indices': [3, 18],
                                     'name': 'Bryan Blaevoet',
                                     'screen_name': 'Bryan_Blaevoet'}]},
  'favorite_count': 0,
  'favorited': False,
  'geo': None,
  'id': 1156653202713923584,
  'id_str': '1156653202713923584',
  'in_reply_to_screen_name': None,
  'in_reply_to_status_id': None,
  'in_reply_to_status_id_str': None,
  'in_reply_to_user_id': None,
  'in_reply_to_user_id_str': None,
  'is_quote_status': False,
  'lang': 'en',
  'metadata': {'iso_language_code': 'en', 'result_type': 'recent'},
  'place': None,
  'retweet_count': 80,
  'retweeted': False,
  'retweeted_status': { 'contributors': None,
                        'coordinates': None,
                        'created_at': 'Fri Jun 28 11:39:23 +0000 2019',
                        'entities': { 'hashtags': [],
                                      'symbols': [],
                                      'urls': [ { 'display_url': 'twitter.com/i/web/status/1…',
                                                  'expanded_url': 'https://twitter.com/i/web/status/1144570987872161792',
                                                  'indices': [116, 139],
                                                  'url': 'https://t.co/GeHkuFgdPo'}],
                                      'user_mentions': []},
                        'favorite_count': 120,
                        'favorited': False,
                        'geo': None,
                        'id': 1144570987872161792,
                        'id_str': '1144570987872161792',
                        'in_reply_to_screen_name': None,
                        'in_reply_to_status_id': None,
                        'in_reply_to_status_id_str': None,
                        'in_reply_to_user_id': None,
                        'in_reply_to_user_id_str': None,
                        'is_quote_status': False,
                        'lang': 'en',
                        'metadata': { 'iso_language_code': 'en',
                                      'result_type': 'recent'},
                        'place': None,
                        'possibly_sensitive': False,
                        'retweet_count': 80,
                        'retweeted': False,
                        'source': '<a href="http://twitter.com" '
                                  'rel="nofollow">Twitter Web Client</a>',
                        'text': 'We are delighted to introduce you to our new '
                                'crypto news &amp; tutorials website, the '
                                'Crypto Intelligence Agency 👉… '
                                'https://t.co/GeHkuFgdPo',
                        'truncated': True,
                        'user': { 'contributors_enabled': False,
                                  'created_at': 'Mon Feb 19 21:34:22 +0000 '
                                                '2018',
                                  'default_profile': True,
                                  'default_profile_image': False,
                                  'description': 'ICO Advisor | Growth Hacker '
                                                 '| Tech Addict | Specialised '
                                                 'in  #ICO #IEO #Crypto '
                                                 '#Technology   #Airdrop | How '
                                                 'to launch and manage your '
                                                 'dream ? 👉 @CIA_News',
                                  'entities': { 'description': {'urls': []},
                                                'url': { 'urls': [ { 'display_url': 'cia.news/en/homepage/',
                                                                     'expanded_url': 'https://cia.news/en/homepage/',
                                                                     'indices': [ 0,
                                                                                  23],
                                                                     'url': 'https://t.co/lwZTTsvErI'}]}},
                                  'favourites_count': 177,
                                  'follow_request_sent': None,
                                  'followers_count': 20858,
                                  'following': None,
                                  'friends_count': 15,
                                  'geo_enabled': False,
                                  'has_extended_profile': True,
                                  'id': 965701116863369216,
                                  'id_str': '965701116863369216',
                                  'is_translation_enabled': False,
                                  'is_translator': False,
                                  'lang': None,
                                  'listed_count': 28,
                                  'location': 'Paris, France',
                                  'name': 'Bryan Blaevoet',
                                  'notifications': None,
                                  'profile_background_color': 'F5F8FA',
                                  'profile_background_image_url': None,
                                  'profile_background_image_url_https': None,
                                  'profile_background_tile': False,
                                  'profile_banner_url': 'https://pbs.twimg.com/profile_banners/965701116863369216/1562080257',
                                  'profile_image_url': 'http://pbs.twimg.com/profile_images/1056274275932487680/IFpF-VUZ_normal.jpg',
                                  'profile_image_url_https': 'https://pbs.twimg.com/profile_images/1056274275932487680/IFpF-VUZ_normal.jpg',
                                  'profile_link_color': '1DA1F2',
                                  'profile_sidebar_border_color': 'C0DEED',
                                  'profile_sidebar_fill_color': 'DDEEF6',
                                  'profile_text_color': '333333',
                                  'profile_use_background_image': True,
                                  'protected': False,
                                  'screen_name': 'Bryan_Blaevoet',
                                  'statuses_count': 3641,
                                  'time_zone': None,
                                  'translator_type': 'none',
                                  'url': 'https://t.co/lwZTTsvErI',
                                  'utc_offset': None,
                                  'verified': False}},
  'source': '<a href="https://mobile.twitter.com" rel="nofollow">Twitter Web '
            'App</a>',
  'text': 'RT @Bryan_Blaevoet: We are delighted to introduce you to our new '
          'crypto news &amp; tutorials website, the Crypto Intelligence Agency '
          '👉 https://…',
  'truncated': False,
  'user': { 'contributors_enabled': False,
            'created_at': 'Wed Jul 10 10:20:40 +0000 2019',
            'default_profile': True,
            'default_profile_image': True,
            'description': '',
            'entities': {'description': {'urls': []}},
            'favourites_count': 56,
            'follow_request_sent': None,
            'followers_count': 17,
            'following': None,
            'friends_count': 85,
            'geo_enabled': False,
            'has_extended_profile': False,
            'id': 1148899831085068288,
            'id_str': '1148899831085068288',
            'is_translation_enabled': False,
            'is_translator': False,
            'lang': None,
            'listed_count': 0,
            'location': '',
            'name': 'rpunzdahsva',
            'notifications': None,
            'profile_background_color': 'F5F8FA',
            'profile_background_image_url': None,
            'profile_background_image_url_https': None,
            'profile_background_tile': False,
            'profile_image_url': 'http://abs.twimg.com/sticky/default_profile_images/default_profile_normal.png',
            'profile_image_url_https': 'https://abs.twimg.com/sticky/default_profile_images/default_profile_normal.png',
            'profile_link_color': '1DA1F2',
            'profile_sidebar_border_color': 'C0DEED',
            'profile_sidebar_fill_color': 'DDEEF6',
            'profile_text_color': '333333',
            'profile_use_background_image': True,
            'protected': False,
            'screen_name': 'rpunzdahsva',
            'statuses_count': 78,
            'time_zone': None,
            'translator_type': 'none',
            'url': None,
            'utc_offset': None,
            'verified': False}}
----------Summary----------
{ 'entities': {},
  'id_str': '1156653202713923584',
  'retweeted_status': { 'entities': { 'urls': { 'display_url': 'twitter.com/i/web/status/1…',
                                                'expanded_url': 'https://twitter.com/i/web/status/1144570987872161792'}},
                        'id_str': '1144570987872161792',
                        'text': 'we are delighted to introduce you to our new '
                                'crypto news &amp; tutorials website, the '
                                'crypto intelligence agency  '
                                'https://t.co/gehkufgdpo',
                        'user': { 'entities': {},
                                  'id_str': '965701116863369216',
                                  'twitter_user': 'Bryan_Blaevoet'}},
  'text': 'rt @bryan_blaevoet: we are delighted to introduce you to our new '
          'crypto news &amp; tutorials website, the crypto intelligence '
          'agency  https://',
  'user': { 'entities': {},
            'id_str': '1148899831085068288',
            'twitter_user': 'rpunzdahsva'}}
----------Groups----------
{ 'Bitcoin': ['bitcoin', 'Bitcoin', 'btc', 'satoshi nakamoto'],
  'Ethereum': ['ethereum', 'Ethereum', 'eth', 'vitalik buterin'],
  'Litecoin': ['litecoin', 'Litecoin', 'ltc', 'charles lee'],
  'Monero': ['monero', 'Monero', 'xmr', 'riccardo spagni'],
  'Ripple': [ 'ripple',
              'Ripple',
              'xrp',
              'xrapid',
              'xcurrent',
              'chris larsen',
              'jed mccaleb']}
---------------------------Fetch-------2019-07-31 15:53:18.073629: Tweet filed under "misc":----------Data----------
{ 'contributors': None,
  'coordinates': None,
  'created_at': 'Wed Jul 31 19:52:53 +0000 2019',
  'entities': { 'hashtags': [],
                'symbols': [],
                'urls': [],
                'user_mentions': [ { 'id': 724823746729644033,
                                     'id_str': '724823746729644033',
                                     'indices': [3, 19],
                                     'name': 'JoseLuis🇧🇷noticia1jl4com',
                                     'screen_name': 'joseluisintwite'},
                                   { 'id': 724823746729644033,
                                     'id_str': '724823746729644033',
                                     'indices': [85, 101],
                                     'name': 'JoseLuis🇧🇷noticia1jl4com',
                                     'screen_name': 'joseluisintwite'}]},
  'favorite_count': 0,
  'favorited': False,
  'geo': None,
  'id': 1156653983261442049,
  'id_str': '1156653983261442049',
  'in_reply_to_screen_name': None,
  'in_reply_to_status_id': None,
  'in_reply_to_status_id_str': None,
  'in_reply_to_user_id': None,
  'in_reply_to_user_id_str': None,
  'is_quote_status': False,
  'lang': 'en',
  'metadata': {'iso_language_code': 'en', 'result_type': 'recent'},
  'place': None,
  'retweet_count': 1,
  'retweeted': False,
  'retweeted_status': { 'contributors': None,
                        'coordinates': None,
                        'created_at': 'Wed Jul 31 19:51:33 +0000 2019',
                        'entities': { 'hashtags': [],
                                      'symbols': [],
                                      'urls': [ { 'display_url': 'twitter.com/i/web/status/1…',
                                                  'expanded_url': 'https://twitter.com/i/web/status/1156653644894408704',
                                                  'indices': [116, 139],
                                                  'url': 'https://t.co/FEd293JWkC'}],
                                      'user_mentions': [ { 'id': 724823746729644033,
                                                           'id_str': '724823746729644033',
                                                           'indices': [64, 80],
                                                           'name': 'JoseLuis🇧🇷noticia1jl4com',
                                                           'screen_name': 'joseluisintwite'}]},
                        'favorite_count': 0,
                        'favorited': False,
                        'geo': None,
                        'id': 1156653644894408704,
                        'id_str': '1156653644894408704',
                        'in_reply_to_screen_name': None,
                        'in_reply_to_status_id': None,
                        'in_reply_to_status_id_str': None,
                        'in_reply_to_user_id': None,
                        'in_reply_to_user_id_str': None,
                        'is_quote_status': False,
                        'lang': 'en',
                        'metadata': { 'iso_language_code': 'en',
                                      'result_type': 'recent'},
                        'place': None,
                        'possibly_sensitive': False,
                        'retweet_count': 1,
                        'retweeted': False,
                        'source': '<a '
                                  'href="https://www.1jl4soft.co.technology" '
                                  'rel="nofollow">1Jl4Soft</a>',
                        'text': 'Hong Kong police have faced protester anger. '
                                'Some would rath.. \n'
                                '@joseluisintwite - Washingtonpost - Twitter - '
                                'News… https://t.co/FEd293JWkC',
                        'truncated': True,
                        'user': { 'contributors_enabled': False,
                                  'created_at': 'Tue Apr 26 04:53:42 +0000 '
                                                '2016',
                                  'default_profile': False,
                                  'default_profile_image': False,
                                  'description': '#News #Noticias #Twitter '
                                                 '#Bitcoin #CryptoCurreny '
                                                 '#Investment '
                                                 '#World🌐https://t.co/iMotcOabE8💯https://t.co/dWNytSOZ9m💯https://t.co/CB8S0j1j5R💯@joseluisintwite🇧🇷',
                                  'entities': { 'description': { 'urls': [ { 'display_url': 'noticias.1jl4.com',
                                                                             'expanded_url': 'http://noticias.1jl4.com',
                                                                             'indices': [ 68,
                                                                                          91],
                                                                             'url': 'https://t.co/iMotcOabE8'},
                                                                           { 'display_url': 'bitcoin.1jl4.com',
                                                                             'expanded_url': 'http://bitcoin.1jl4.com',
                                                                             'indices': [ 92,
                                                                                          115],
                                                                             'url': 'https://t.co/dWNytSOZ9m'},
                                                                           { 'display_url': 'cryptocurrency.1jl4.com',
                                                                             'expanded_url': 'http://cryptocurrency.1jl4.com',
                                                                             'indices': [ 116,
                                                                                          139],
                                                                             'url': 'https://t.co/CB8S0j1j5R'}]},
                                                'url': { 'urls': [ { 'display_url': 'hospedagemdominiojl.com/?1jl4.com',
                                                                     'expanded_url': 'https://hospedagemdominiojl.com/?1jl4.com',
                                                                     'indices': [ 0,
                                                                                  23],
                                                                     'url': 'https://t.co/7limO8Y8XJ'}]}},
                                  'favourites_count': 27,
                                  'follow_request_sent': None,
                                  'followers_count': 3424,
                                  'following': None,
                                  'friends_count': 4877,
                                  'geo_enabled': False,
                                  'has_extended_profile': True,
                                  'id': 724823746729644033,
                                  'id_str': '724823746729644033',
                                  'is_translation_enabled': False,
                                  'is_translator': False,
                                  'lang': None,
                                  'listed_count': 10,
                                  'location': 'BRASIL🇧🇷🌐noticias.1jl4.com🌐🇧🇷',
                                  'name': 'JoseLuis🇧🇷noticia1jl4com',
                                  'notifications': None,
                                  'profile_background_color': 'C0DEED',
                                  'profile_background_image_url': 'http://abs.twimg.com/images/themes/theme1/bg.png',
                                  'profile_background_image_url_https': 'https://abs.twimg.com/images/themes/theme1/bg.png',
                                  'profile_background_tile': True,
                                  'profile_banner_url': 'https://pbs.twimg.com/profile_banners/724823746729644033/1557000837',
                                  'profile_image_url': 'http://pbs.twimg.com/profile_images/1154891071144505349/RpKpCwFV_normal.jpg',
                                  'profile_image_url_https': 'https://pbs.twimg.com/profile_images/1154891071144505349/RpKpCwFV_normal.jpg',
                                  'profile_link_color': 'FF691F',
                                  'profile_sidebar_border_color': '000000',
                                  'profile_sidebar_fill_color': '000000',
                                  'profile_text_color': '000000',
                                  'profile_use_background_image': True,
                                  'protected': False,
                                  'screen_name': 'joseluisintwite',
                                  'statuses_count': 35142,
                                  'time_zone': None,
                                  'translator_type': 'none',
                                  'url': 'https://t.co/7limO8Y8XJ',
                                  'utc_offset': None,
                                  'verified': False}},
  'source': '<a href="https://mobile.twitter.com" rel="nofollow">Twitter Web '
            'App</a>',
  'text': 'RT @joseluisintwite: Hong Kong police have faced protester anger. '
          'Some would rath.. \n'
          '@joseluisintwite - Washingtonpost - Twitter - News - N…',
  'truncated': False,
  'user': { 'contributors_enabled': False,
            'created_at': 'Thu Jul 11 03:18:01 +0000 2019',
            'default_profile': True,
            'default_profile_image': False,
            'description': 'trabaja duró y tendrás lo q deseas .',
            'entities': {'description': {'urls': []}},
            'favourites_count': 23,
            'follow_request_sent': None,
            'followers_count': 156,
            'following': None,
            'friends_count': 251,
            'geo_enabled': False,
            'has_extended_profile': False,
            'id': 1149155858166796289,
            'id_str': '1149155858166796289',
            'is_translation_enabled': False,
            'is_translator': False,
            'lang': None,
            'listed_count': 3,
            'location': 'Ecuador',
            'name': 'Luci Vivas',
            'notifications': None,
            'profile_background_color': 'F5F8FA',
            'profile_background_image_url': None,
            'profile_background_image_url_https': None,
            'profile_background_tile': False,
            'profile_banner_url': 'https://pbs.twimg.com/profile_banners/1149155858166796289/1563343091',
            'profile_image_url': 'http://pbs.twimg.com/profile_images/1151370502654611456/bPt0EIci_normal.jpg',
            'profile_image_url_https': 'https://pbs.twimg.com/profile_images/1151370502654611456/bPt0EIci_normal.jpg',
            'profile_link_color': '1DA1F2',
            'profile_sidebar_border_color': 'C0DEED',
            'profile_sidebar_fill_color': 'DDEEF6',
            'profile_text_color': '333333',
            'profile_use_background_image': True,
            'protected': False,
            'screen_name': 'lucivivass',
            'statuses_count': 85,
            'time_zone': None,
            'translator_type': 'none',
            'url': None,
            'utc_offset': None,
            'verified': False}}
----------Summary----------
{ 'entities': {},
  'id_str': '1156653983261442049',
  'retweeted_status': { 'entities': { 'urls': { 'display_url': 'twitter.com/i/web/status/1…',
                                                'expanded_url': 'https://twitter.com/i/web/status/1156653644894408704'}},
                        'id_str': '1156653644894408704',
                        'text': 'hong kong police have faced protester anger. '
                                'some would rath..  @joseluisintwite - '
                                'washingtonpost - twitter - news '
                                'https://t.co/fed293jwkc',
                        'user': { 'entities': {},
                                  'id_str': '724823746729644033',
                                  'twitter_user': 'joseluisintwite'}},
  'text': 'rt @joseluisintwite: hong kong police have faced protester anger. '
          'some would rath..  @joseluisintwite - washingtonpost - twitter - '
          'news - n',
  'user': { 'entities': {},
            'id_str': '1149155858166796289',
            'twitter_user': 'lucivivass'}}
----------Groups----------
{ 'Bitcoin': ['bitcoin', 'Bitcoin', 'btc', 'satoshi nakamoto'],
  'Ethereum': ['ethereum', 'Ethereum', 'eth', 'vitalik buterin'],
  'Litecoin': ['litecoin', 'Litecoin', 'ltc', 'charles lee'],
  'Monero': ['monero', 'Monero', 'xmr', 'riccardo spagni'],
  'Ripple': [ 'ripple',
              'Ripple',
              'xrp',
              'xrapid',
              'xcurrent',
              'chris larsen',
              'jed mccaleb']}
---------------------------Fetch-------2019-07-31 15:53:19.874981: Tweet filed under "misc":----------Data----------
{ 'contributors': None,
  'coordinates': None,
  'created_at': 'Wed Jul 31 19:52:48 +0000 2019',
  'entities': { 'hashtags': [ {'indices': [0, 7], 'text': 'XAUUSD'},
                              {'indices': [13, 18], 'text': 'pips'},
                              {'indices': [64, 77], 'text': 'forextrading'},
                              {'indices': [79, 83], 'text': 'mt4'},
                              {'indices': [84, 91], 'text': 'Stocks'},
                              {'indices': [92, 104], 'text': 'forextrader'},
                              {'indices': [105, 113], 'text': 'ForexEA'}],
                'symbols': [],
                'urls': [ { 'display_url': 'buff.ly/2ROFkv3',
                            'expanded_url': 'https://buff.ly/2ROFkv3',
                            'indices': [39, 62],
                            'url': 'https://t.co/0j2wqX1ux6'},
                          { 'display_url': 'twitter.com/i/web/status/1…',
                            'expanded_url': 'https://twitter.com/i/web/status/1156653958720643072',
                            'indices': [115, 138],
                            'url': 'https://t.co/7VTzBxg7MO'}],
                'user_mentions': []},
  'favorite_count': 0,
  'favorited': False,
  'geo': None,
  'id': 1156653958720643072,
  'id_str': '1156653958720643072',
  'in_reply_to_screen_name': None,
  'in_reply_to_status_id': None,
  'in_reply_to_status_id_str': None,
  'in_reply_to_user_id': None,
  'in_reply_to_user_id_str': None,
  'is_quote_status': False,
  'lang': 'en',
  'metadata': {'iso_language_code': 'en', 'result_type': 'recent'},
  'place': None,
  'possibly_sensitive': False,
  'retweet_count': 0,
  'retweeted': False,
  'source': '<a href="http://twitter.com/download/android" '
            'rel="nofollow">Twitter for Android</a>',
  'text': '#XAUUSD +156 #pips\n'
          '\n'
          'Trade Like a pro👇👇\n'
          'https://t.co/0j2wqX1ux6\n'
          '\n'
          '#forextrading  #mt4 #Stocks #forextrader #ForexEA… '
          'https://t.co/7VTzBxg7MO',
  'truncated': True,
  'user': { 'contributors_enabled': False,
            'created_at': 'Thu Oct 11 09:04:40 +0000 2018',
            'default_profile': True,
            'default_profile_image': False,
            'description': '🔊 Forex Signals 95% Accuracy \n'
                           '💿 Education Materials \n'
                           '❄ 700- 1200 Pips / Week \n'
                           '👇Join Us To Make Money 👇\n'
                           'https://t.co/D6EXi7VORy',
            'entities': { 'description': { 'urls': [ { 'display_url': 't.me/MMFxsignals',
                                                       'expanded_url': 'http://t.me/MMFxsignals',
                                                       'indices': [103, 126],
                                                       'url': 'https://t.co/D6EXi7VORy'}]},
                          'url': { 'urls': [ { 'display_url': 't.me/MMFxsignals',
                                               'expanded_url': 'http://t.me/MMFxsignals',
                                               'indices': [0, 23],
                                               'url': 'https://t.co/D6EXi7VORy'}]}},
            'favourites_count': 1020,
            'follow_request_sent': None,
            'followers_count': 1272,
            'following': None,
            'friends_count': 75,
            'geo_enabled': False,
            'has_extended_profile': False,
            'id': 1050311207696130048,
            'id_str': '1050311207696130048',
            'is_translation_enabled': False,
            'is_translator': False,
            'lang': None,
            'listed_count': 7,
            'location': 'London, England',
            'name': 'MMFX signals',
            'notifications': None,
            'profile_background_color': 'F5F8FA',
            'profile_background_image_url': None,
            'profile_background_image_url_https': None,
            'profile_background_tile': False,
            'profile_banner_url': 'https://pbs.twimg.com/profile_banners/1050311207696130048/1564009479',
            'profile_image_url': 'http://pbs.twimg.com/profile_images/1154165526958096386/xdYJvEnF_normal.jpg',
            'profile_image_url_https': 'https://pbs.twimg.com/profile_images/1154165526958096386/xdYJvEnF_normal.jpg',
            'profile_link_color': '1DA1F2',
            'profile_sidebar_border_color': 'C0DEED',
            'profile_sidebar_fill_color': 'DDEEF6',
            'profile_text_color': '333333',
            'profile_use_background_image': True,
            'protected': False,
            'screen_name': 'MoneyMakerFx1',
            'statuses_count': 477,
            'time_zone': None,
            'translator_type': 'none',
            'url': 'https://t.co/D6EXi7VORy',
            'utc_offset': None,
            'verified': False}}
----------Summary----------
{ 'entities': { 'urls': { 'display_url': 'twitter.com/i/web/status/1…',
                          'expanded_url': 'https://twitter.com/i/web/status/1156653958720643072'}},
  'id_str': '1156653958720643072',
  'text': '#xauusd +156 #pips  trade like a pro https://t.co/0j2wqx1ux6  '
          '#forextrading  #mt4 #stocks #forextrader #forexea '
          'https://t.co/7vtzbxg7mo',
  'user': { 'entities': {},
            'id_str': '1050311207696130048',
            'twitter_user': 'MoneyMakerFx1'}}
----------Groups----------
{ 'Bitcoin': ['bitcoin', 'Bitcoin', 'btc', 'satoshi nakamoto'],
  'Ethereum': ['ethereum', 'Ethereum', 'eth', 'vitalik buterin'],
  'Litecoin': ['litecoin', 'Litecoin', 'ltc', 'charles lee'],
  'Monero': ['monero', 'Monero', 'xmr', 'riccardo spagni'],
  'Ripple': [ 'ripple',
              'Ripple',
              'xrp',
              'xrapid',
              'xcurrent',
              'chris larsen',
              'jed mccaleb']}
---------------------------Fetch-------2019-07-31 15:53:20.683097: Tweet filed under "misc":----------Data----------
{ 'contributors': None,
  'coordinates': None,
  'created_at': 'Wed Jul 31 19:52:46 +0000 2019',
  'entities': { 'hashtags': [],
                'symbols': [],
                'urls': [ { 'display_url': 'twitter.com/i/web/status/1…',
                            'expanded_url': 'https://twitter.com/i/web/status/1156653954287198209',
                            'indices': [117, 140],
                            'url': 'https://t.co/ZRtOdyV1Yn'}],
                'user_mentions': [ { 'id': 339061487,
                                     'id_str': '339061487',
                                     'indices': [13, 24],
                                     'name': 'Pomp 🌪',
                                     'screen_name': 'APompliano'}]},
  'favorite_count': 0,
  'favorited': False,
  'geo': None,
  'id': 1156653954287198209,
  'id_str': '1156653954287198209',
  'in_reply_to_screen_name': 'JohnLombela',
  'in_reply_to_status_id': 1156652976376877057,
  'in_reply_to_status_id_str': '1156652976376877057',
  'in_reply_to_user_id': 108433648,
  'in_reply_to_user_id_str': '108433648',
  'is_quote_status': False,
  'lang': 'en',
  'metadata': {'iso_language_code': 'en', 'result_type': 'recent'},
  'place': None,
  'retweet_count': 0,
  'retweeted': False,
  'source': '<a href="http://twitter.com/download/android" '
            'rel="nofollow">Twitter for Android</a>',
  'text': 'Great debate @APompliano and would be great to engage with you soon '
          "to discuss what we're doing in South Africa and… "
          'https://t.co/ZRtOdyV1Yn',
  'truncated': True,
  'user': { 'contributors_enabled': False,
            'created_at': 'Mon Jan 25 23:00:42 +0000 2010',
            'default_profile': False,
            'default_profile_image': False,
            'description': 'Entrepreneur and Founder of Innovecs Consulting, '
                           'and @Cryptovecs. Blockchain Evangelist and Crypto '
                           'Fund Manager. Views are my own.',
            'entities': { 'description': {'urls': []},
                          'url': { 'urls': [ { 'display_url': 'cryptovecs.com',
                                               'expanded_url': 'http://www.cryptovecs.com',
                                               'indices': [0, 23],
                                               'url': 'https://t.co/ya47To3qd7'}]}},
            'favourites_count': 2127,
            'follow_request_sent': None,
            'followers_count': 407,
            'following': None,
            'friends_count': 327,
            'geo_enabled': True,
            'has_extended_profile': True,
            'id': 108433648,
            'id_str': '108433648',
            'is_translation_enabled': False,
            'is_translator': False,
            'lang': None,
            'listed_count': 17,
            'location': 'Johannesburg, South Africa',
            'name': 'John Lombela',
            'notifications': None,
            'profile_background_color': 'C7C7C7',
            'profile_background_image_url': 'http://abs.twimg.com/images/themes/theme7/bg.gif',
            'profile_background_image_url_https': 'https://abs.twimg.com/images/themes/theme7/bg.gif',
            'profile_background_tile': False,
            'profile_banner_url': 'https://pbs.twimg.com/profile_banners/108433648/1555589133',
            'profile_image_url': 'http://pbs.twimg.com/profile_images/799584183442141184/lvgy2Nt3_normal.jpg',
            'profile_image_url_https': 'https://pbs.twimg.com/profile_images/799584183442141184/lvgy2Nt3_normal.jpg',
            'profile_link_color': 'FAB81E',
            'profile_sidebar_border_color': 'FFFFFF',
            'profile_sidebar_fill_color': 'F3F3F3',
            'profile_text_color': '333333',
            'profile_use_background_image': False,
            'protected': False,
            'screen_name': 'JohnLombela',
            'statuses_count': 1181,
            'time_zone': None,
            'translator_type': 'none',
            'url': 'https://t.co/ya47To3qd7',
            'utc_offset': None,
            'verified': False}}
----------Summary----------
{ 'entities': { 'urls': { 'display_url': 'twitter.com/i/web/status/1…',
                          'expanded_url': 'https://twitter.com/i/web/status/1156653954287198209'}},
  'id_str': '1156653954287198209',
  'text': 'great debate @apompliano and would be great to engage with you soon '
          "to discuss what we're doing in south africa and "
          'https://t.co/zrtodyv1yn',
  'user': { 'entities': {},
            'id_str': '108433648',
            'twitter_user': 'JohnLombela'}}
----------Groups----------
{ 'Bitcoin': ['bitcoin', 'Bitcoin', 'btc', 'satoshi nakamoto'],
  'Ethereum': ['ethereum', 'Ethereum', 'eth', 'vitalik buterin'],
  'Litecoin': ['litecoin', 'Litecoin', 'ltc', 'charles lee'],
  'Monero': ['monero', 'Monero', 'xmr', 'riccardo spagni'],
  'Ripple': [ 'ripple',
              'Ripple',
              'xrp',
              'xrapid',
              'xcurrent',
              'chris larsen',
              'jed mccaleb']}
---------------------------Fetch-------2019-07-31 15:53:21.435946: Tweet filed under "misc":----------Data----------
{ 'contributors': None,
  'coordinates': None,
  'created_at': 'Wed Jul 31 19:52:44 +0000 2019',
  'entities': { 'hashtags': [],
                'symbols': [],
                'urls': [ { 'display_url': 'youtu.be/ALmakgKrhJE',
                            'expanded_url': 'https://youtu.be/ALmakgKrhJE',
                            'indices': [43, 66],
                            'url': 'https://t.co/Y697kwnw87'},
                          { 'display_url': 'twitter.com/i/web/status/1…',
                            'expanded_url': 'https://twitter.com/i/web/status/1156653944854044673',
                            'indices': [117, 140],
                            'url': 'https://t.co/9DF2Iqzc0U'}],
                'user_mentions': []},
  'favorite_count': 0,
  'favorited': False,
  'geo': None,
  'id': 1156653944854044673,
  'id_str': '1156653944854044673',
  'in_reply_to_screen_name': None,
  'in_reply_to_status_id': None,
  'in_reply_to_status_id_str': None,
  'in_reply_to_user_id': None,
  'in_reply_to_user_id_str': None,
  'is_quote_status': False,
  'lang': 'en',
  'metadata': {'iso_language_code': 'en', 'result_type': 'recent'},
  'place': None,
  'possibly_sensitive': False,
  'retweet_count': 0,
  'retweeted': False,
  'source': '<a href="http://twitter.com" rel="nofollow">Twitter Web '
            'Client</a>',
  'text': 'Building Litrides on the Lightning Network https://t.co/Y697kwnw87 '
          '- My lightning talk a the SF Lightning Developer… '
          'https://t.co/9DF2Iqzc0U',
  'truncated': True,
  'user': { 'contributors_enabled': False,
            'created_at': 'Fri Sep 02 08:43:06 +0000 2011',
            'default_profile': False,
            'default_profile_image': False,
            'description': 'Blockchain Software Engineer | Chief Technology '
                           'Officer @techtraphouse',
            'entities': { 'description': {'urls': []},
                          'url': { 'urls': [ { 'display_url': 'techtrap.house',
                                               'expanded_url': 'https://techtrap.house',
                                               'indices': [0, 23],
                                               'url': 'https://t.co/pGvDto6QZp'}]}},
            'favourites_count': 2152,
            'follow_request_sent': None,
            'followers_count': 905,
            'following': None,
            'friends_count': 2695,
            'geo_enabled': False,
            'has_extended_profile': False,
            'id': 366498199,
            'id_str': '366498199',
            'is_translation_enabled': False,
            'is_translator': False,
            'lang': None,
            'listed_count': 82,
            'location': 'San Francisco, CA',
            'name': 'Fodé Diop 🇸🇳',
            'notifications': None,
            'profile_background_color': '131516',
            'profile_background_image_url': 'http://abs.twimg.com/images/themes/theme14/bg.gif',
            'profile_background_image_url_https': 'https://abs.twimg.com/images/themes/theme14/bg.gif',
            'profile_background_tile': True,
            'profile_banner_url': 'https://pbs.twimg.com/profile_banners/366498199/1504227415',
            'profile_image_url': 'http://pbs.twimg.com/profile_images/909685229891104768/zyG2fCEj_normal.jpg',
            'profile_image_url_https': 'https://pbs.twimg.com/profile_images/909685229891104768/zyG2fCEj_normal.jpg',
            'profile_link_color': '009999',
            'profile_sidebar_border_color': 'EEEEEE',
            'profile_sidebar_fill_color': 'EFEFEF',
            'profile_text_color': '333333',
            'profile_use_background_image': True,
            'protected': False,
            'screen_name': 'diopfode',
            'statuses_count': 704,
            'time_zone': None,
            'translator_type': 'none',
            'url': 'https://t.co/pGvDto6QZp',
            'utc_offset': None,
            'verified': False}}
----------Summary----------
{ 'entities': { 'urls': { 'display_url': 'twitter.com/i/web/status/1…',
                          'expanded_url': 'https://twitter.com/i/web/status/1156653944854044673'}},
  'id_str': '1156653944854044673',
  'text': 'building litrides on the lightning network https://t.co/y697kwnw87 '
          '- my lightning talk a the sf lightning developer '
          'https://t.co/9df2iqzc0u',
  'user': {'entities': {}, 'id_str': '366498199', 'twitter_user': 'diopfode'}}
----------Groups----------
{ 'Bitcoin': ['bitcoin', 'Bitcoin', 'btc', 'satoshi nakamoto'],
  'Ethereum': ['ethereum', 'Ethereum', 'eth', 'vitalik buterin'],
  'Litecoin': ['litecoin', 'Litecoin', 'ltc', 'charles lee'],
  'Monero': ['monero', 'Monero', 'xmr', 'riccardo spagni'],
  'Ripple': [ 'ripple',
              'Ripple',
              'xrp',
              'xrapid',
              'xcurrent',
              'chris larsen',
              'jed mccaleb']}
---------------------------Fetch-------2019-07-31 15:53:21.704653: Tweet filed under "misc":----------Data----------
{ 'contributors': None,
  'coordinates': None,
  'created_at': 'Wed Jul 31 19:52:44 +0000 2019',
  'entities': { 'hashtags': [],
                'symbols': [],
                'urls': [ { 'display_url': 'twitter.com/i/web/status/1…',
                            'expanded_url': 'https://twitter.com/i/web/status/1156653944443215872',
                            'indices': [115, 138],
                            'url': 'https://t.co/0zLe4w772s'}],
                'user_mentions': []},
  'favorite_count': 0,
  'favorited': False,
  'geo': None,
  'id': 1156653944443215872,
  'id_str': '1156653944443215872',
  'in_reply_to_screen_name': None,
  'in_reply_to_status_id': None,
  'in_reply_to_status_id_str': None,
  'in_reply_to_user_id': None,
  'in_reply_to_user_id_str': None,
  'is_quote_status': False,
  'lang': 'en',
  'metadata': {'iso_language_code': 'en', 'result_type': 'recent'},
  'place': None,
  'possibly_sensitive': False,
  'retweet_count': 0,
  'retweeted': False,
  'source': '<a href="https://mobile.twitter.com" rel="nofollow">Twitter Web '
            'App</a>',
  'text': '♣️ New Listing ♣️\n'
          '\n'
          'We are glad to announce that we will add MotaCoin (MOTA) to AIO '
          'Casino.\n'
          '\n'
          'Join AIO Casino here:… https://t.co/0zLe4w772s',
  'truncated': True,
  'user': { 'contributors_enabled': False,
            'created_at': 'Tue Apr 09 14:23:11 +0000 2019',
            'default_profile': False,
            'default_profile_image': False,
            'description': 'AIO Casino is a cryptocurrency casino, which aims '
                           'to connect all possible games in the gambling '
                           'industry on one platform.',
            'entities': { 'description': {'urls': []},
                          'url': { 'urls': [ { 'display_url': 'aiocasino.com',
                                               'expanded_url': 'http://www.aiocasino.com',
                                               'indices': [0, 23],
                                               'url': 'https://t.co/ilzffCUZlS'}]}},
            'favourites_count': 3,
            'follow_request_sent': None,
            'followers_count': 1521,
            'following': None,
            'friends_count': 10,
            'geo_enabled': False,
            'has_extended_profile': False,
            'id': 1115621181472686080,
            'id_str': '1115621181472686080',
            'is_translation_enabled': False,
            'is_translator': False,
            'lang': None,
            'listed_count': 0,
            'location': 'Blockchain',
            'name': 'AIO Casino',
            'notifications': None,
            'profile_background_color': '000000',
            'profile_background_image_url': 'http://abs.twimg.com/images/themes/theme1/bg.png',
            'profile_background_image_url_https': 'https://abs.twimg.com/images/themes/theme1/bg.png',
            'profile_background_tile': False,
            'profile_banner_url': 'https://pbs.twimg.com/profile_banners/1115621181472686080/1555011542',
            'profile_image_url': 'http://pbs.twimg.com/profile_images/1116419292973678593/-huZ59dZ_normal.png',
            'profile_image_url_https': 'https://pbs.twimg.com/profile_images/1116419292973678593/-huZ59dZ_normal.png',
            'profile_link_color': '15244C',
            'profile_sidebar_border_color': '000000',
            'profile_sidebar_fill_color': '000000',
            'profile_text_color': '000000',
            'profile_use_background_image': False,
            'protected': False,
            'screen_name': 'AioCasino',
            'statuses_count': 44,
            'time_zone': None,
            'translator_type': 'none',
            'url': 'https://t.co/ilzffCUZlS',
            'utc_offset': None,
            'verified': False}}
----------Summary----------
{ 'entities': { 'urls': { 'display_url': 'twitter.com/i/web/status/1…',
                          'expanded_url': 'https://twitter.com/i/web/status/1156653944443215872'}},
  'id_str': '1156653944443215872',
  'text': ' new listing   we are glad to announce that we will add motacoin '
          '(mota) to aio casino.  join aio casino here: '
          'https://t.co/0zle4w772s',
  'user': { 'entities': {},
            'id_str': '1115621181472686080',
            'twitter_user': 'AioCasino'}}
----------Groups----------
{ 'Bitcoin': ['bitcoin', 'Bitcoin', 'btc', 'satoshi nakamoto'],
  'Ethereum': ['ethereum', 'Ethereum', 'eth', 'vitalik buterin'],
  'Litecoin': ['litecoin', 'Litecoin', 'ltc', 'charles lee'],
  'Monero': ['monero', 'Monero', 'xmr', 'riccardo spagni'],
  'Ripple': [ 'ripple',
              'Ripple',
              'xrp',
              'xrapid',
              'xcurrent',
              'chris larsen',
              'jed mccaleb']}
---------------------------Fetch-------2019-07-31 15:53:24.875381: Tweet filed under "misc":----------Data----------
{ 'contributors': None,
  'coordinates': None,
  'created_at': 'Wed Jul 31 19:52:31 +0000 2019',
  'entities': { 'hashtags': [],
                'symbols': [],
                'urls': [ { 'display_url': 'twitter.com/i/web/status/1…',
                            'expanded_url': 'https://twitter.com/i/web/status/1156653888025399296',
                            'indices': [117, 140],
                            'url': 'https://t.co/UOaozKfSf8'}],
                'user_mentions': [ { 'id': 975959575944769536,
                                     'id_str': '975959575944769536',
                                     'indices': [0, 11],
                                     'name': 'Michael Policar',
                                     'screen_name': '15MinuteFA'}]},
  'favorite_count': 1,
  'favorited': False,
  'geo': None,
  'id': 1156653888025399296,
  'id_str': '1156653888025399296',
  'in_reply_to_screen_name': '15MinuteFA',
  'in_reply_to_status_id': 1156645330592518144,
  'in_reply_to_status_id_str': '1156645330592518144',
  'in_reply_to_user_id': 975959575944769536,
  'in_reply_to_user_id_str': '975959575944769536',
  'is_quote_status': False,
  'lang': 'en',
  'metadata': {'iso_language_code': 'en', 'result_type': 'recent'},
  'place': None,
  'retweet_count': 0,
  'retweeted': False,
  'source': '<a href="https://about.twitter.com/products/tweetdeck" '
            'rel="nofollow">TweetDeck</a>',
  'text': "@15MinuteFA This is a fair point, but at this point I don't think "
          "it's really an apt comparison. Crypto often not a… "
          'https://t.co/UOaozKfSf8',
  'truncated': True,
  'user': { 'contributors_enabled': False,
            'created_at': 'Mon May 02 03:03:10 +0000 2011',
            'default_profile': False,
            'default_profile_image': False,
            'description': 'Fintech reporter and columnist @newsfromIN. Also '
                           'tweets Star Wars, sports, music & other nerdiness. '
                           'DMs open for story tips or email '
                           'rneal@investmentnews.com',
            'entities': {'description': {'urls': []}},
            'favourites_count': 10853,
            'follow_request_sent': None,
            'followers_count': 3309,
            'following': None,
            'friends_count': 620,
            'geo_enabled': True,
            'has_extended_profile': True,
            'id': 291483371,
            'id_str': '291483371',
            'is_translation_enabled': False,
            'is_translator': False,
            'lang': None,
            'listed_count': 257,
            'location': 'New York, NY',
            'name': 'Ryan W. Neal',
            'notifications': None,
            'profile_background_color': '000000',
            'profile_background_image_url': 'http://abs.twimg.com/images/themes/theme4/bg.gif',
            'profile_background_image_url_https': 'https://abs.twimg.com/images/themes/theme4/bg.gif',
            'profile_background_tile': False,
            'profile_banner_url': 'https://pbs.twimg.com/profile_banners/291483371/1476502044',
            'profile_image_url': 'http://pbs.twimg.com/profile_images/1099376346004897792/AaXQ8VIi_normal.png',
            'profile_image_url_https': 'https://pbs.twimg.com/profile_images/1099376346004897792/AaXQ8VIi_normal.png',
            'profile_link_color': '7FDBB6',
            'profile_sidebar_border_color': '000000',
            'profile_sidebar_fill_color': '000000',
            'profile_text_color': '000000',
            'profile_use_background_image': False,
            'protected': False,
            'screen_name': 'ryanWneal',
            'statuses_count': 28848,
            'time_zone': None,
            'translator_type': 'none',
            'url': None,
            'utc_offset': None,
            'verified': False}}
----------Summary----------
{ 'entities': { 'urls': { 'display_url': 'twitter.com/i/web/status/1…',
                          'expanded_url': 'https://twitter.com/i/web/status/1156653888025399296'}},
  'id_str': '1156653888025399296',
  'text': "@15minutefa this is a fair point, but at this point i don't think "
          "it's really an apt comparison. crypto often not a "
          'https://t.co/uoaozkfsf8',
  'user': {'entities': {}, 'id_str': '291483371', 'twitter_user': 'ryanWneal'}}
----------Groups----------
{ 'Bitcoin': ['bitcoin', 'Bitcoin', 'btc', 'satoshi nakamoto'],
  'Ethereum': ['ethereum', 'Ethereum', 'eth', 'vitalik buterin'],
  'Litecoin': ['litecoin', 'Litecoin', 'ltc', 'charles lee'],
  'Monero': ['monero', 'Monero', 'xmr', 'riccardo spagni'],
  'Ripple': [ 'ripple',
              'Ripple',
              'xrp',
              'xrapid',
              'xcurrent',
              'chris larsen',
              'jed mccaleb']}
---------------------------Fetch-------2019-07-31 15:53:28.323740: Tweet filed under "misc":----------Data----------
{ 'contributors': None,
  'coordinates': None,
  'created_at': 'Wed Jul 31 19:52:06 +0000 2019',
  'entities': { 'hashtags': [ {'indices': [0, 7], 'text': 'NZDUSD'},
                              {'indices': [12, 17], 'text': 'pips'},
                              {'indices': [63, 76], 'text': 'forextrading'},
                              {'indices': [78, 82], 'text': 'mt4'},
                              {'indices': [83, 90], 'text': 'Stocks'},
                              {'indices': [91, 103], 'text': 'forextrader'},
                              {'indices': [104, 115], 'text': 'ForexAlert'}],
                'symbols': [],
                'urls': [ { 'display_url': 'buff.ly/2ROFkv3',
                            'expanded_url': 'https://buff.ly/2ROFkv3',
                            'indices': [38, 61],
                            'url': 'https://t.co/0j2wqX1ux6'},
                          { 'display_url': 'twitter.com/i/web/status/1…',
                            'expanded_url': 'https://twitter.com/i/web/status/1156653785709780998',
                            'indices': [117, 140],
                            'url': 'https://t.co/PfGlKC59Ef'}],
                'user_mentions': []},
  'favorite_count': 0,
  'favorited': False,
  'geo': None,
  'id': 1156653785709780998,
  'id_str': '1156653785709780998',
  'in_reply_to_screen_name': None,
  'in_reply_to_status_id': None,
  'in_reply_to_status_id_str': None,
  'in_reply_to_user_id': None,
  'in_reply_to_user_id_str': None,
  'is_quote_status': False,
  'lang': 'en',
  'metadata': {'iso_language_code': 'en', 'result_type': 'recent'},
  'place': None,
  'possibly_sensitive': False,
  'retweet_count': 0,
  'retweeted': False,
  'source': '<a href="http://twitter.com/download/android" '
            'rel="nofollow">Twitter for Android</a>',
  'text': '#NZDUSD +52 #pips\n'
          '\n'
          'Trade Like a pro👇👇\n'
          'https://t.co/0j2wqX1ux6\n'
          '\n'
          '#forextrading  #mt4 #Stocks #forextrader #ForexAlert… '
          'https://t.co/PfGlKC59Ef',
  'truncated': True,
  'user': { 'contributors_enabled': False,
            'created_at': 'Thu Oct 11 09:04:40 +0000 2018',
            'default_profile': True,
            'default_profile_image': False,
            'description': '🔊 Forex Signals 95% Accuracy \n'
                           '💿 Education Materials \n'
                           '❄ 700- 1200 Pips / Week \n'
                           '👇Join Us To Make Money 👇\n'
                           'https://t.co/D6EXi7VORy',
            'entities': { 'description': { 'urls': [ { 'display_url': 't.me/MMFxsignals',
                                                       'expanded_url': 'http://t.me/MMFxsignals',
                                                       'indices': [103, 126],
                                                       'url': 'https://t.co/D6EXi7VORy'}]},
                          'url': { 'urls': [ { 'display_url': 't.me/MMFxsignals',
                                               'expanded_url': 'http://t.me/MMFxsignals',
                                               'indices': [0, 23],
                                               'url': 'https://t.co/D6EXi7VORy'}]}},
            'favourites_count': 1020,
            'follow_request_sent': None,
            'followers_count': 1272,
            'following': None,
            'friends_count': 75,
            'geo_enabled': False,
            'has_extended_profile': False,
            'id': 1050311207696130048,
            'id_str': '1050311207696130048',
            'is_translation_enabled': False,
            'is_translator': False,
            'lang': None,
            'listed_count': 7,
            'location': 'London, England',
            'name': 'MMFX signals',
            'notifications': None,
            'profile_background_color': 'F5F8FA',
            'profile_background_image_url': None,
            'profile_background_image_url_https': None,
            'profile_background_tile': False,
            'profile_banner_url': 'https://pbs.twimg.com/profile_banners/1050311207696130048/1564009479',
            'profile_image_url': 'http://pbs.twimg.com/profile_images/1154165526958096386/xdYJvEnF_normal.jpg',
            'profile_image_url_https': 'https://pbs.twimg.com/profile_images/1154165526958096386/xdYJvEnF_normal.jpg',
            'profile_link_color': '1DA1F2',
            'profile_sidebar_border_color': 'C0DEED',
            'profile_sidebar_fill_color': 'DDEEF6',
            'profile_text_color': '333333',
            'profile_use_background_image': True,
            'protected': False,
            'screen_name': 'MoneyMakerFx1',
            'statuses_count': 477,
            'time_zone': None,
            'translator_type': 'none',
            'url': 'https://t.co/D6EXi7VORy',
            'utc_offset': None,
            'verified': False}}
----------Summary----------
{ 'entities': { 'urls': { 'display_url': 'twitter.com/i/web/status/1…',
                          'expanded_url': 'https://twitter.com/i/web/status/1156653785709780998'}},
  'id_str': '1156653785709780998',
  'text': '#nzdusd +52 #pips  trade like a pro https://t.co/0j2wqx1ux6  '
          '#forextrading  #mt4 #stocks #forextrader #forexalert '
          'https://t.co/pfglkc59ef',
  'user': { 'entities': {},
            'id_str': '1050311207696130048',
            'twitter_user': 'MoneyMakerFx1'}}
----------Groups----------
{ 'Bitcoin': ['bitcoin', 'Bitcoin', 'btc', 'satoshi nakamoto'],
  'Ethereum': ['ethereum', 'Ethereum', 'eth', 'vitalik buterin'],
  'Litecoin': ['litecoin', 'Litecoin', 'ltc', 'charles lee'],
  'Monero': ['monero', 'Monero', 'xmr', 'riccardo spagni'],
  'Ripple': [ 'ripple',
              'Ripple',
              'xrp',
              'xrapid',
              'xcurrent',
              'chris larsen',
              'jed mccaleb']}
---------------------------Fetch-------2019-07-31 15:53:28.564484: Tweet filed under "misc":----------Data----------
{ 'contributors': None,
  'coordinates': None,
  'created_at': 'Wed Jul 31 19:52:04 +0000 2019',
  'entities': { 'hashtags': [{'indices': [26, 39], 'text': 'CSGOGIVEAWAY'}],
                'symbols': [],
                'urls': [],
                'user_mentions': [ { 'id': 999383379043930112,
                                     'id_str': '999383379043930112',
                                     'indices': [3, 18],
                                     'name': '🎁 GiveawaysMemme | CS:GO / VGO '
                                             'Giveaways! 🎁',
                                     'screen_name': 'GiveawaysMemme'},
                                   { 'id': 999383379043930112,
                                     'id_str': '999383379043930112',
                                     'indices': [107, 122],
                                     'name': '🎁 GiveawaysMemme | CS:GO / VGO '
                                             'Giveaways! 🎁',
                                     'screen_name': 'GiveawaysMemme'}]},
  'favorite_count': 0,
  'favorited': False,
  'geo': None,
  'id': 1156653776280936449,
  'id_str': '1156653776280936449',
  'in_reply_to_screen_name': None,
  'in_reply_to_status_id': None,
  'in_reply_to_status_id_str': None,
  'in_reply_to_user_id': None,
  'in_reply_to_user_id_str': None,
  'is_quote_status': False,
  'lang': 'en',
  'metadata': {'iso_language_code': 'en', 'result_type': 'recent'},
  'place': None,
  'retweet_count': 89,
  'retweeted': False,
  'retweeted_status': { 'contributors': None,
                        'coordinates': None,
                        'created_at': 'Wed Jul 31 11:49:15 +0000 2019',
                        'entities': { 'hashtags': [ { 'indices': [6, 19],
                                                      'text': 'CSGOGIVEAWAY'}],
                                      'symbols': [],
                                      'urls': [ { 'display_url': 'twitter.com/i/web/status/1…',
                                                  'expanded_url': 'https://twitter.com/i/web/status/1156532269483515904',
                                                  'indices': [115, 138],
                                                  'url': 'https://t.co/5gqG9OwFjo'}],
                                      'user_mentions': [ { 'id': 999383379043930112,
                                                           'id_str': '999383379043930112',
                                                           'indices': [87, 102],
                                                           'name': '🎁 '
                                                                   'GiveawaysMemme '
                                                                   '| CS:GO / '
                                                                   'VGO '
                                                                   'Giveaways! '
                                                                   '🎁',
                                                           'screen_name': 'GiveawaysMemme'}]},
                        'favorite_count': 65,
                        'favorited': False,
                        'geo': None,
                        'id': 1156532269483515904,
                        'id_str': '1156532269483515904',
                        'in_reply_to_screen_name': None,
                        'in_reply_to_status_id': None,
                        'in_reply_to_status_id_str': None,
                        'in_reply_to_user_id': None,
                        'in_reply_to_user_id_str': None,
                        'is_quote_status': False,
                        'lang': 'en',
                        'metadata': { 'iso_language_code': 'en',
                                      'result_type': 'recent'},
                        'place': None,
                        'possibly_sensitive': False,
                        'retweet_count': 89,
                        'retweeted': False,
                        'source': '<a '
                                  'href="http://twitter.com/download/android" '
                                  'rel="nofollow">Twitter for Android</a>',
                        'text': '🔥 NEW #CSGOGIVEAWAY 🔥\n'
                                '🎁 ($1.30) GALIL AR ROCKET POP MW 🎁\n'
                                '🌍 To enter:\n'
                                '✔ - RT\n'
                                '✔ - Follow @GiveawaysMemme\n'
                                '✔ - Follow… https://t.co/5gqG9OwFjo',
                        'truncated': True,
                        'user': { 'contributors_enabled': False,
                                  'created_at': 'Wed May 23 20:15:40 +0000 '
                                                '2018',
                                  'default_profile': False,
                                  'default_profile_image': False,
                                  'description': '🔶️ Trustable CS:GO / VGO '
                                                 'giveaway platform 🔶️ Proof: '
                                                 '#MemmeLegit 🔶️ Stay tuned '
                                                 'for flash giveaways! 🔶️  DM '
                                                 'us for business! 🔶',
                                  'entities': { 'description': {'urls': []},
                                                'url': { 'urls': [ { 'display_url': 'free.gg/invite/turbo',
                                                                     'expanded_url': 'https://free.gg/invite/turbo',
                                                                     'indices': [ 0,
                                                                                  23],
                                                                     'url': 'https://t.co/4Df4hZCAPc'}]}},
                                  'favourites_count': 877,
                                  'follow_request_sent': None,
                                  'followers_count': 2321,
                                  'following': None,
                                  'friends_count': 602,
                                  'geo_enabled': False,
                                  'has_extended_profile': True,
                                  'id': 999383379043930112,
                                  'id_str': '999383379043930112',
                                  'is_translation_enabled': False,
                                  'is_translator': False,
                                  'lang': None,
                                  'listed_count': 0,
                                  'location': 'DM us to sponsor a giveaway!',
                                  'name': '🎁 GiveawaysMemme | CS:GO / VGO '
                                          'Giveaways! 🎁',
                                  'notifications': None,
                                  'profile_background_color': '000000',
                                  'profile_background_image_url': 'http://abs.twimg.com/images/themes/theme1/bg.png',
                                  'profile_background_image_url_https': 'https://abs.twimg.com/images/themes/theme1/bg.png',
                                  'profile_background_tile': False,
                                  'profile_banner_url': 'https://pbs.twimg.com/profile_banners/999383379043930112/1547134492',
                                  'profile_image_url': 'http://pbs.twimg.com/profile_images/1083386610320846848/Qys3iSNl_normal.jpg',
                                  'profile_image_url_https': 'https://pbs.twimg.com/profile_images/1083386610320846848/Qys3iSNl_normal.jpg',
                                  'profile_link_color': 'FAB81E',
                                  'profile_sidebar_border_color': '000000',
                                  'profile_sidebar_fill_color': '000000',
                                  'profile_text_color': '000000',
                                  'profile_use_background_image': False,
                                  'protected': False,
                                  'screen_name': 'GiveawaysMemme',
                                  'statuses_count': 3911,
                                  'time_zone': None,
                                  'translator_type': 'none',
                                  'url': 'https://t.co/4Df4hZCAPc',
                                  'utc_offset': None,
                                  'verified': False}},
  'source': '<a href="http://twitter.com/download/android" '
            'rel="nofollow">Twitter for Android</a>',
  'text': 'RT @GiveawaysMemme: 🔥 NEW #CSGOGIVEAWAY 🔥\n'
          '🎁 ($1.30) GALIL AR ROCKET POP MW 🎁\n'
          '🌍 To enter:\n'
          '✔ - RT\n'
          '✔ - Follow @GiveawaysMemme\n'
          '✔ - Follow @ninj…',
  'truncated': False,
  'user': { 'contributors_enabled': False,
            'created_at': 'Fri May 03 13:56:05 +0000 2019',
            'default_profile': True,
            'default_profile_image': False,
            'description': '@SkilluPlayz my best bruh / wish I could change my '
                           '@',
            'entities': {'description': {'urls': []}},
            'favourites_count': 1190,
            'follow_request_sent': None,
            'followers_count': 15,
            'following': None,
            'friends_count': 541,
            'geo_enabled': False,
            'has_extended_profile': False,
            'id': 1124311669071589377,
            'id_str': '1124311669071589377',
            'is_translation_enabled': False,
            'is_translator': False,
            'lang': None,
            'listed_count': 0,
            'location': '',
            'name': 'Iks De',
            'notifications': None,
            'profile_background_color': 'F5F8FA',
            'profile_background_image_url': None,
            'profile_background_image_url_https': None,
            'profile_background_tile': False,
            'profile_banner_url': 'https://pbs.twimg.com/profile_banners/1124311669071589377/1558107213',
            'profile_image_url': 'http://pbs.twimg.com/profile_images/1129473578813014016/36AMK6bd_normal.jpg',
            'profile_image_url_https': 'https://pbs.twimg.com/profile_images/1129473578813014016/36AMK6bd_normal.jpg',
            'profile_link_color': '1DA1F2',
            'profile_sidebar_border_color': 'C0DEED',
            'profile_sidebar_fill_color': 'DDEEF6',
            'profile_text_color': '333333',
            'profile_use_background_image': True,
            'protected': False,
            'screen_name': 'Iks53147837',
            'statuses_count': 1979,
            'time_zone': None,
            'translator_type': 'none',
            'url': None,
            'utc_offset': None,
            'verified': False}}
----------Summary----------
{ 'entities': {},
  'id_str': '1156653776280936449',
  'retweeted_status': { 'entities': { 'urls': { 'display_url': 'twitter.com/i/web/status/1…',
                                                'expanded_url': 'https://twitter.com/i/web/status/1156532269483515904'}},
                        'id_str': '1156532269483515904',
                        'text': ' new #csgogiveaway   ($1.30) galil ar rocket '
                                'pop mw   to enter:  - rt  - follow '
                                '@giveawaysmemme  - follow '
                                'https://t.co/5gqg9owfjo',
                        'user': { 'entities': {},
                                  'id_str': '999383379043930112',
                                  'twitter_user': 'GiveawaysMemme'}},
  'text': 'rt @giveawaysmemme:  new #csgogiveaway   ($1.30) galil ar rocket '
          'pop mw   to enter:  - rt  - follow @giveawaysmemme  - follow @ninj',
  'user': { 'entities': {},
            'id_str': '1124311669071589377',
            'twitter_user': 'Iks53147837'}}
----------Groups----------
{ 'Bitcoin': ['bitcoin', 'Bitcoin', 'btc', 'satoshi nakamoto'],
  'Ethereum': ['ethereum', 'Ethereum', 'eth', 'vitalik buterin'],
  'Litecoin': ['litecoin', 'Litecoin', 'ltc', 'charles lee'],
  'Monero': ['monero', 'Monero', 'xmr', 'riccardo spagni'],
  'Ripple': [ 'ripple',
              'Ripple',
              'xrp',
              'xrapid',
              'xcurrent',
              'chris larsen',
              'jed mccaleb']}
---------------------------Fetch-------2019-07-31 15:53:29.614176: Tweet filed under "misc":----------Data----------
{ 'contributors': None,
  'coordinates': None,
  'created_at': 'Wed Jul 31 19:51:57 +0000 2019',
  'entities': { 'hashtags': [{'indices': [37, 52], 'text': 'cryptocurrency'}],
                'symbols': [],
                'urls': [ { 'display_url': 'twitter.com/i/web/status/1…',
                            'expanded_url': 'https://twitter.com/i/web/status/1156653747784699904',
                            'indices': [110, 133],
                            'url': 'https://t.co/Pcbfynp2zJ'}],
                'user_mentions': []},
  'favorite_count': 0,
  'favorited': False,
  'geo': None,
  'id': 1156653747784699904,
  'id_str': '1156653747784699904',
  'in_reply_to_screen_name': None,
  'in_reply_to_status_id': None,
  'in_reply_to_status_id_str': None,
  'in_reply_to_user_id': None,
  'in_reply_to_user_id_str': None,
  'is_quote_status': False,
  'lang': 'en',
  'metadata': {'iso_language_code': 'en', 'result_type': 'recent'},
  'place': None,
  'possibly_sensitive': False,
  'retweet_count': 0,
  'retweeted': False,
  'source': '<a href="http://twitter.com/download/android" '
            'rel="nofollow">Twitter for Android</a>',
  'text': "If u didn't full up your wallet with #cryptocurrency in the last 3 "
          'weeks u missed out as biggest bull run in… https://t.co/Pcbfynp2zJ',
  'truncated': True,
  'user': { 'contributors_enabled': False,
            'created_at': 'Tue Nov 19 10:30:15 +0000 2013',
            'default_profile': True,
            'default_profile_image': False,
            'description': 'Parent company of Dream Music Group Australia, '
                           'http://t.co/CX6hQpq2SV and several other projects '
                           'to be announced',
            'entities': { 'description': { 'urls': [ { 'display_url': 'hotpkm.com',
                                                       'expanded_url': 'http://hotpkm.com',
                                                       'indices': [47, 69],
                                                       'url': 'http://t.co/CX6hQpq2SV'}]},
                          'url': { 'urls': [ { 'display_url': 'facebook.com/pages/Dream-Me…',
                                               'expanded_url': 'https://www.facebook.com/pages/Dream-Media-Group-Australia/166537203441532?ref=hl',
                                               'indices': [0, 23],
                                               'url': 'https://t.co/MJTF18h0wQ'}]}},
            'favourites_count': 1354,
            'follow_request_sent': None,
            'followers_count': 181,
            'following': None,
            'friends_count': 538,
            'geo_enabled': True,
            'has_extended_profile': False,
            'id': 2202873727,
            'id_str': '2202873727',
            'is_translation_enabled': False,
            'is_translator': False,
            'lang': None,
            'listed_count': 5,
            'location': 'Brisbane, Australia',
            'name': 'Dream Media Group Au',
            'notifications': None,
            'profile_background_color': 'C0DEED',
            'profile_background_image_url': 'http://abs.twimg.com/images/themes/theme1/bg.png',
            'profile_background_image_url_https': 'https://abs.twimg.com/images/themes/theme1/bg.png',
            'profile_background_tile': False,
            'profile_banner_url': 'https://pbs.twimg.com/profile_banners/2202873727/1385951823',
            'profile_image_url': 'http://pbs.twimg.com/profile_images/417920568084537345/ODaufs8C_normal.jpeg',
            'profile_image_url_https': 'https://pbs.twimg.com/profile_images/417920568084537345/ODaufs8C_normal.jpeg',
            'profile_link_color': '1DA1F2',
            'profile_sidebar_border_color': 'C0DEED',
            'profile_sidebar_fill_color': 'DDEEF6',
            'profile_text_color': '333333',
            'profile_use_background_image': True,
            'protected': False,
            'screen_name': 'dmediagau',
            'statuses_count': 3623,
            'time_zone': None,
            'translator_type': 'none',
            'url': 'https://t.co/MJTF18h0wQ',
            'utc_offset': None,
            'verified': False}}
----------Summary----------
{ 'entities': { 'urls': { 'display_url': 'twitter.com/i/web/status/1…',
                          'expanded_url': 'https://twitter.com/i/web/status/1156653747784699904'}},
  'id_str': '1156653747784699904',
  'text': "if u didn't full up your wallet with #cryptocurrency in the last 3 "
          'weeks u missed out as biggest bull run in https://t.co/pcbfynp2zj',
  'user': {'entities': {}, 'id_str': '2202873727', 'twitter_user': 'dmediagau'}}
----------Groups----------
{ 'Bitcoin': ['bitcoin', 'Bitcoin', 'btc', 'satoshi nakamoto'],
  'Ethereum': ['ethereum', 'Ethereum', 'eth', 'vitalik buterin'],
  'Litecoin': ['litecoin', 'Litecoin', 'ltc', 'charles lee'],
  'Monero': ['monero', 'Monero', 'xmr', 'riccardo spagni'],
  'Ripple': [ 'ripple',
              'Ripple',
              'xrp',
              'xrapid',
              'xcurrent',
              'chris larsen',
              'jed mccaleb']}
---------------------------Fetch-------2019-07-31 15:53:29.846021: Tweet filed under "misc":----------Data----------
{ 'contributors': None,
  'coordinates': None,
  'created_at': 'Wed Jul 31 19:51:57 +0000 2019',
  'entities': { 'hashtags': [{'indices': [74, 85], 'text': 'blockchain'}],
                'symbols': [],
                'urls': [ { 'display_url': 'twitter.com/i/web/status/1…',
                            'expanded_url': 'https://twitter.com/i/web/status/1156653747000336384',
                            'indices': [125, 148],
                            'url': 'https://t.co/s3nSbDqMA4'}],
                'user_mentions': []},
  'favorite_count': 0,
  'favorited': False,
  'geo': None,
  'id': 1156653747000336384,
  'id_str': '1156653747000336384',
  'in_reply_to_screen_name': None,
  'in_reply_to_status_id': None,
  'in_reply_to_status_id_str': None,
  'in_reply_to_user_id': None,
  'in_reply_to_user_id_str': None,
  'is_quote_status': False,
  'lang': 'en',
  'metadata': {'iso_language_code': 'en', 'result_type': 'recent'},
  'place': None,
  'possibly_sensitive': False,
  'retweet_count': 0,
  'retweeted': False,
  'source': '<a href="https://mobile.twitter.com" rel="nofollow">Twitter Web '
            'App</a>',
  'text': '🔗 Released monthly, our "Blockchain &amp; Alert Signal Analysis" '
          'provides #blockchain transaction statistics &amp; in-depth… '
          'https://t.co/s3nSbDqMA4',
  'truncated': True,
  'user': { 'contributors_enabled': False,
            'created_at': 'Wed Mar 07 19:57:24 +0000 2018',
            'default_profile': False,
            'default_profile_image': False,
            'description': 'Crypto Data, Insights & Solutions For Your Success',
            'entities': { 'description': {'urls': []},
                          'url': { 'urls': [ { 'display_url': 'coinscious.io',
                                               'expanded_url': 'https://coinscious.io',
                                               'indices': [0, 23],
                                               'url': 'https://t.co/75ZcUnmjbi'}]}},
            'favourites_count': 11,
            'follow_request_sent': None,
            'followers_count': 299,
            'following': None,
            'friends_count': 93,
            'geo_enabled': True,
            'has_extended_profile': False,
            'id': 971474918973100032,
            'id_str': '971474918973100032',
            'is_translation_enabled': False,
            'is_translator': False,
            'lang': None,
            'listed_count': 5,
            'location': '',
            'name': 'Coinscious',
            'notifications': None,
            'profile_background_color': '000000',
            'profile_background_image_url': 'http://abs.twimg.com/images/themes/theme1/bg.png',
            'profile_background_image_url_https': 'https://abs.twimg.com/images/themes/theme1/bg.png',
            'profile_background_tile': False,
            'profile_banner_url': 'https://pbs.twimg.com/profile_banners/971474918973100032/1559324184',
            'profile_image_url': 'http://pbs.twimg.com/profile_images/992415143509323776/SrC0ynXw_normal.jpg',
            'profile_image_url_https': 'https://pbs.twimg.com/profile_images/992415143509323776/SrC0ynXw_normal.jpg',
            'profile_link_color': 'ABB8C2',
            'profile_sidebar_border_color': '000000',
            'profile_sidebar_fill_color': '000000',
            'profile_text_color': '000000',
            'profile_use_background_image': False,
            'protected': False,
            'screen_name': 'coinscious_io',
            'statuses_count': 198,
            'time_zone': None,
            'translator_type': 'none',
            'url': 'https://t.co/75ZcUnmjbi',
            'utc_offset': None,
            'verified': False}}
----------Summary----------
{ 'entities': { 'urls': { 'display_url': 'twitter.com/i/web/status/1…',
                          'expanded_url': 'https://twitter.com/i/web/status/1156653747000336384'}},
  'id_str': '1156653747000336384',
  'text': ' released monthly, our "blockchain &amp; alert signal analysis" '
          'provides #blockchain transaction statistics &amp; in-depth '
          'https://t.co/s3nsbdqma4',
  'user': { 'entities': {},
            'id_str': '971474918973100032',
            'twitter_user': 'coinscious_io'}}
----------Groups----------
{ 'Bitcoin': ['bitcoin', 'Bitcoin', 'btc', 'satoshi nakamoto'],
  'Ethereum': ['ethereum', 'Ethereum', 'eth', 'vitalik buterin'],
  'Litecoin': ['litecoin', 'Litecoin', 'ltc', 'charles lee'],
  'Monero': ['monero', 'Monero', 'xmr', 'riccardo spagni'],
  'Ripple': [ 'ripple',
              'Ripple',
              'xrp',
              'xrapid',
              'xcurrent',
              'chris larsen',
              'jed mccaleb']}
---------------------------Fetch-------2019-07-31 15:53:30.848202: Tweet filed under "misc":----------Data----------
{ 'contributors': None,
  'coordinates': None,
  'created_at': 'Wed Jul 31 19:51:51 +0000 2019',
  'entities': { 'hashtags': [],
                'symbols': [],
                'urls': [],
                'user_mentions': [ { 'id': 1017449724016840712,
                                     'id_str': '1017449724016840712',
                                     'indices': [3, 10],
                                     'name': 'EUCX | European Cryptocurrency '
                                             'Exchange',
                                     'screen_name': 'eucxio'},
                                   { 'id': 169431716,
                                     'id_str': '169431716',
                                     'indices': [47, 54],
                                     'name': 'FCA - follow #FCAsprint for this '
                                             "week's TechSprint",
                                     'screen_name': 'TheFCA'}]},
  'favorite_count': 0,
  'favorited': False,
  'geo': None,
  'id': 1156653721666932742,
  'id_str': '1156653721666932742',
  'in_reply_to_screen_name': None,
  'in_reply_to_status_id': None,
  'in_reply_to_status_id_str': None,
  'in_reply_to_user_id': None,
  'in_reply_to_user_id_str': None,
  'is_quote_status': False,
  'lang': 'en',
  'metadata': {'iso_language_code': 'en', 'result_type': 'recent'},
  'place': None,
  'retweet_count': 2,
  'retweeted': False,
  'retweeted_status': { 'contributors': None,
                        'coordinates': None,
                        'created_at': 'Wed Jul 31 19:07:06 +0000 2019',
                        'entities': { 'hashtags': [],
                                      'symbols': [],
                                      'urls': [ { 'display_url': 'twitter.com/i/web/status/1…',
                                                  'expanded_url': 'https://twitter.com/i/web/status/1156642460774174720',
                                                  'indices': [117, 140],
                                                  'url': 'https://t.co/F9jHlP9D9E'}],
                                      'user_mentions': [ { 'id': 169431716,
                                                           'id_str': '169431716',
                                                           'indices': [35, 42],
                                                           'name': 'FCA - '
                                                                   'follow '
                                                                   '#FCAsprint '
                                                                   'for this '
                                                                   "week's "
                                                                   'TechSprint',
                                                           'screen_name': 'TheFCA'}]},
                        'favorite_count': 3,
                        'favorited': False,
                        'geo': None,
                        'id': 1156642460774174720,
                        'id_str': '1156642460774174720',
                        'in_reply_to_screen_name': None,
                        'in_reply_to_status_id': None,
                        'in_reply_to_status_id_str': None,
                        'in_reply_to_user_id': None,
                        'in_reply_to_user_id_str': None,
                        'is_quote_status': False,
                        'lang': 'en',
                        'metadata': { 'iso_language_code': 'en',
                                      'result_type': 'recent'},
                        'place': None,
                        'possibly_sensitive': False,
                        'retweet_count': 2,
                        'retweeted': False,
                        'source': '<a '
                                  'href="https://about.twitter.com/products/tweetdeck" '
                                  'rel="nofollow">TweetDeck</a>',
                        'text': 'The UK Financial Conduct Authority @TheFCA '
                                'released a statement which sets out to define '
                                'the details on where diffe… '
                                'https://t.co/F9jHlP9D9E',
                        'truncated': True,
                        'user': { 'contributors_enabled': False,
                                  'created_at': 'Thu Jul 12 16:44:52 +0000 '
                                                '2018',
                                  'default_profile': True,
                                  'default_profile_image': False,
                                  'description': 'Curated for sophisticated '
                                                 'traders.',
                                  'entities': { 'description': {'urls': []},
                                                'url': { 'urls': [ { 'display_url': 'eucx.io',
                                                                     'expanded_url': 'https://eucx.io',
                                                                     'indices': [ 0,
                                                                                  23],
                                                                     'url': 'https://t.co/DmocH5e448'}]}},
                                  'favourites_count': 100,
                                  'follow_request_sent': None,
                                  'followers_count': 4824,
                                  'following': None,
                                  'friends_count': 146,
                                  'geo_enabled': False,
                                  'has_extended_profile': True,
                                  'id': 1017449724016840712,
                                  'id_str': '1017449724016840712',
                                  'is_translation_enabled': False,
                                  'is_translator': False,
                                  'lang': None,
                                  'listed_count': 6,
                                  'location': 'https://t.me/eucx_community',
                                  'name': 'EUCX | European Cryptocurrency '
                                          'Exchange',
                                  'notifications': None,
                                  'profile_background_color': 'F5F8FA',
                                  'profile_background_image_url': None,
                                  'profile_background_image_url_https': None,
                                  'profile_background_tile': False,
                                  'profile_banner_url': 'https://pbs.twimg.com/profile_banners/1017449724016840712/1561801655',
                                  'profile_image_url': 'http://pbs.twimg.com/profile_images/1144504178229817344/0P6NN9lz_normal.png',
                                  'profile_image_url_https': 'https://pbs.twimg.com/profile_images/1144504178229817344/0P6NN9lz_normal.png',
                                  'profile_link_color': '1DA1F2',
                                  'profile_sidebar_border_color': 'C0DEED',
                                  'profile_sidebar_fill_color': 'DDEEF6',
                                  'profile_text_color': '333333',
                                  'profile_use_background_image': True,
                                  'protected': False,
                                  'screen_name': 'eucxio',
                                  'statuses_count': 308,
                                  'time_zone': None,
                                  'translator_type': 'none',
                                  'url': 'https://t.co/DmocH5e448',
                                  'utc_offset': None,
                                  'verified': False}},
  'source': '<a href="http://twitter.com/download/android" '
            'rel="nofollow">Twitter for Android</a>',
  'text': 'RT @eucxio: The UK Financial Conduct Authority @TheFCA released a '
          'statement which sets out to define the details on where different '
          'types o…',
  'truncated': False,
  'user': { 'contributors_enabled': False,
            'created_at': 'Thu Mar 14 06:02:22 +0000 2019',
            'default_profile': True,
            'default_profile_image': True,
            'description': '',
            'entities': {'description': {'urls': []}},
            'favourites_count': 47645,
            'follow_request_sent': None,
            'followers_count': 363,
            'following': None,
            'friends_count': 1520,
            'geo_enabled': False,
            'has_extended_profile': False,
            'id': 1106073063324614656,
            'id_str': '1106073063324614656',
            'is_translation_enabled': False,
            'is_translator': False,
            'lang': None,
            'listed_count': 3,
            'location': '',
            'name': 'Bg',
            'notifications': None,
            'profile_background_color': 'F5F8FA',
            'profile_background_image_url': None,
            'profile_background_image_url_https': None,
            'profile_background_tile': False,
            'profile_banner_url': 'https://pbs.twimg.com/profile_banners/1106073063324614656/1559536190',
            'profile_image_url': 'http://abs.twimg.com/sticky/default_profile_images/default_profile_normal.png',
            'profile_image_url_https': 'https://abs.twimg.com/sticky/default_profile_images/default_profile_normal.png',
            'profile_link_color': '1DA1F2',
            'profile_sidebar_border_color': 'C0DEED',
            'profile_sidebar_fill_color': 'DDEEF6',
            'profile_text_color': '333333',
            'profile_use_background_image': True,
            'protected': False,
            'screen_name': 'Bg11815865',
            'statuses_count': 16740,
            'time_zone': None,
            'translator_type': 'none',
            'url': None,
            'utc_offset': None,
            'verified': False}}
----------Summary----------
{ 'entities': {},
  'id_str': '1156653721666932742',
  'retweeted_status': { 'entities': { 'urls': { 'display_url': 'twitter.com/i/web/status/1…',
                                                'expanded_url': 'https://twitter.com/i/web/status/1156642460774174720'}},
                        'id_str': '1156642460774174720',
                        'text': 'the uk financial conduct authority @thefca '
                                'released a statement which sets out to define '
                                'the details on where diffe '
                                'https://t.co/f9jhlp9d9e',
                        'user': { 'entities': {},
                                  'id_str': '1017449724016840712',
                                  'twitter_user': 'eucxio'}},
  'text': 'rt @eucxio: the uk financial conduct authority @thefca released a '
          'statement which sets out to define the details on where different '
          'types o',
  'user': { 'entities': {},
            'id_str': '1106073063324614656',
            'twitter_user': 'Bg11815865'}}
----------Groups----------
{ 'Bitcoin': ['bitcoin', 'Bitcoin', 'btc', 'satoshi nakamoto'],
  'Ethereum': ['ethereum', 'Ethereum', 'eth', 'vitalik buterin'],
  'Litecoin': ['litecoin', 'Litecoin', 'ltc', 'charles lee'],
  'Monero': ['monero', 'Monero', 'xmr', 'riccardo spagni'],
  'Ripple': [ 'ripple',
              'Ripple',
              'xrp',
              'xrapid',
              'xcurrent',
              'chris larsen',
              'jed mccaleb']}
---------------------------Fetch-------2019-07-31 15:53:33.748038: Tweet filed under "misc":----------Data----------
{ 'contributors': None,
  'coordinates': None,
  'created_at': 'Wed Jul 31 19:51:36 +0000 2019',
  'entities': { 'hashtags': [],
                'symbols': [],
                'urls': [ { 'display_url': 'twitter.com/i/web/status/1…',
                            'expanded_url': 'https://twitter.com/i/web/status/1156653660765642753',
                            'indices': [117, 140],
                            'url': 'https://t.co/MzFQ1UVgJK'}],
                'user_mentions': []},
  'favorite_count': 0,
  'favorited': False,
  'geo': None,
  'id': 1156653660765642753,
  'id_str': '1156653660765642753',
  'in_reply_to_screen_name': None,
  'in_reply_to_status_id': None,
  'in_reply_to_status_id_str': None,
  'in_reply_to_user_id': None,
  'in_reply_to_user_id_str': None,
  'is_quote_status': False,
  'lang': 'en',
  'metadata': {'iso_language_code': 'en', 'result_type': 'recent'},
  'place': None,
  'possibly_sensitive': False,
  'retweet_count': 0,
  'retweeted': False,
  'source': '<a href="http://twitter.com/download/android" '
            'rel="nofollow">Twitter for Android</a>',
  'text': 'To cut rates, the Fed will\xa0increase the supply of US dollars, '
          'thus cannibalizing its value.\n'
          'This policy shift is ga… https://t.co/MzFQ1UVgJK',
  'truncated': True,
  'user': { 'contributors_enabled': False,
            'created_at': 'Sat Jul 09 22:26:19 +0000 2011',
            'default_profile': False,
            'default_profile_image': False,
            'description': 'digital $ analylst/advisor & trader/ ambsdr '
                           '@bitmari_ #btc wallet/ cisco CCNA/ drupal dev/ '
                           '@ascap publshr/ @NCCU #hbcu/ truskool/fitness/✊🏾',
            'entities': { 'description': {'urls': []},
                          'url': { 'urls': [ { 'display_url': 'facebook.com/FinesseTechno/',
                                               'expanded_url': 'https://www.facebook.com/FinesseTechno/',
                                               'indices': [0, 23],
                                               'url': 'https://t.co/79wmxDA9C6'}]}},
            'favourites_count': 16723,
            'follow_request_sent': None,
            'followers_count': 956,
            'following': None,
            'friends_count': 1301,
            'geo_enabled': True,
            'has_extended_profile': False,
            'id': 332492176,
            'id_str': '332492176',
            'is_translation_enabled': False,
            'is_translator': False,
            'lang': None,
            'listed_count': 14,
            'location': 'Queens, NY',
            'name': 'Finesse Tech',
            'notifications': None,
            'profile_background_color': '8A2D2D',
            'profile_background_image_url': 'http://abs.twimg.com/images/themes/theme14/bg.gif',
            'profile_background_image_url_https': 'https://abs.twimg.com/images/themes/theme14/bg.gif',
            'profile_background_tile': True,
            'profile_banner_url': 'https://pbs.twimg.com/profile_banners/332492176/1558945695',
            'profile_image_url': 'http://pbs.twimg.com/profile_images/1094957085375320064/vvKmpJXg_normal.jpg',
            'profile_image_url_https': 'https://pbs.twimg.com/profile_images/1094957085375320064/vvKmpJXg_normal.jpg',
            'profile_link_color': '91D2FA',
            'profile_sidebar_border_color': '000000',
            'profile_sidebar_fill_color': '7AC3EE',
            'profile_text_color': '3D1957',
            'profile_use_background_image': True,
            'protected': False,
            'screen_name': 'RichardDunlop',
            'statuses_count': 9564,
            'time_zone': None,
            'translator_type': 'none',
            'url': 'https://t.co/79wmxDA9C6',
            'utc_offset': None,
            'verified': False}}
----------Summary----------
{ 'entities': { 'urls': { 'display_url': 'twitter.com/i/web/status/1…',
                          'expanded_url': 'https://twitter.com/i/web/status/1156653660765642753'}},
  'id_str': '1156653660765642753',
  'text': 'to cut rates, the fed willincrease the supply of us dollars, thus '
          'cannibalizing its value. this policy shift is ga '
          'https://t.co/mzfq1uvgjk',
  'user': { 'entities': {},
            'id_str': '332492176',
            'twitter_user': 'RichardDunlop'}}
----------Groups----------
{ 'Bitcoin': ['bitcoin', 'Bitcoin', 'btc', 'satoshi nakamoto'],
  'Ethereum': ['ethereum', 'Ethereum', 'eth', 'vitalik buterin'],
  'Litecoin': ['litecoin', 'Litecoin', 'ltc', 'charles lee'],
  'Monero': ['monero', 'Monero', 'xmr', 'riccardo spagni'],
  'Ripple': [ 'ripple',
              'Ripple',
              'xrp',
              'xrapid',
              'xcurrent',
              'chris larsen',
              'jed mccaleb']}
---------------------------Fetch-------2019-07-31 15:53:33.956489: Tweet filed under "misc":----------Data----------
{ 'contributors': None,
  'coordinates': None,
  'created_at': 'Wed Jul 31 19:51:33 +0000 2019',
  'entities': { 'hashtags': [],
                'symbols': [],
                'urls': [ { 'display_url': 'twitter.com/i/web/status/1…',
                            'expanded_url': 'https://twitter.com/i/web/status/1156653644894408704',
                            'indices': [116, 139],
                            'url': 'https://t.co/FEd293JWkC'}],
                'user_mentions': [ { 'id': 724823746729644033,
                                     'id_str': '724823746729644033',
                                     'indices': [64, 80],
                                     'name': 'JoseLuis🇧🇷noticia1jl4com',
                                     'screen_name': 'joseluisintwite'}]},
  'favorite_count': 0,
  'favorited': False,
  'geo': None,
  'id': 1156653644894408704,
  'id_str': '1156653644894408704',
  'in_reply_to_screen_name': None,
  'in_reply_to_status_id': None,
  'in_reply_to_status_id_str': None,
  'in_reply_to_user_id': None,
  'in_reply_to_user_id_str': None,
  'is_quote_status': False,
  'lang': 'en',
  'metadata': {'iso_language_code': 'en', 'result_type': 'recent'},
  'place': None,
  'possibly_sensitive': False,
  'retweet_count': 1,
  'retweeted': False,
  'source': '<a href="https://www.1jl4soft.co.technology" '
            'rel="nofollow">1Jl4Soft</a>',
  'text': 'Hong Kong police have faced protester anger. Some would rath.. \n'
          '@joseluisintwite - Washingtonpost - Twitter - News… '
          'https://t.co/FEd293JWkC',
  'truncated': True,
  'user': { 'contributors_enabled': False,
            'created_at': 'Tue Apr 26 04:53:42 +0000 2016',
            'default_profile': False,
            'default_profile_image': False,
            'description': '#News #Noticias #Twitter #Bitcoin #CryptoCurreny '
                           '#Investment '
                           '#World🌐https://t.co/iMotcOabE8💯https://t.co/dWNytSOZ9m💯https://t.co/CB8S0j1j5R💯@joseluisintwite🇧🇷',
            'entities': { 'description': { 'urls': [ { 'display_url': 'noticias.1jl4.com',
                                                       'expanded_url': 'http://noticias.1jl4.com',
                                                       'indices': [68, 91],
                                                       'url': 'https://t.co/iMotcOabE8'},
                                                     { 'display_url': 'bitcoin.1jl4.com',
                                                       'expanded_url': 'http://bitcoin.1jl4.com',
                                                       'indices': [92, 115],
                                                       'url': 'https://t.co/dWNytSOZ9m'},
                                                     { 'display_url': 'cryptocurrency.1jl4.com',
                                                       'expanded_url': 'http://cryptocurrency.1jl4.com',
                                                       'indices': [116, 139],
                                                       'url': 'https://t.co/CB8S0j1j5R'}]},
                          'url': { 'urls': [ { 'display_url': 'hospedagemdominiojl.com/?1jl4.com',
                                               'expanded_url': 'https://hospedagemdominiojl.com/?1jl4.com',
                                               'indices': [0, 23],
                                               'url': 'https://t.co/7limO8Y8XJ'}]}},
            'favourites_count': 27,
            'follow_request_sent': None,
            'followers_count': 3424,
            'following': None,
            'friends_count': 4877,
            'geo_enabled': False,
            'has_extended_profile': True,
            'id': 724823746729644033,
            'id_str': '724823746729644033',
            'is_translation_enabled': False,
            'is_translator': False,
            'lang': None,
            'listed_count': 10,
            'location': 'BRASIL🇧🇷🌐noticias.1jl4.com🌐🇧🇷',
            'name': 'JoseLuis🇧🇷noticia1jl4com',
            'notifications': None,
            'profile_background_color': 'C0DEED',
            'profile_background_image_url': 'http://abs.twimg.com/images/themes/theme1/bg.png',
            'profile_background_image_url_https': 'https://abs.twimg.com/images/themes/theme1/bg.png',
            'profile_background_tile': True,
            'profile_banner_url': 'https://pbs.twimg.com/profile_banners/724823746729644033/1557000837',
            'profile_image_url': 'http://pbs.twimg.com/profile_images/1154891071144505349/RpKpCwFV_normal.jpg',
            'profile_image_url_https': 'https://pbs.twimg.com/profile_images/1154891071144505349/RpKpCwFV_normal.jpg',
            'profile_link_color': 'FF691F',
            'profile_sidebar_border_color': '000000',
            'profile_sidebar_fill_color': '000000',
            'profile_text_color': '000000',
            'profile_use_background_image': True,
            'protected': False,
            'screen_name': 'joseluisintwite',
            'statuses_count': 35142,
            'time_zone': None,
            'translator_type': 'none',
            'url': 'https://t.co/7limO8Y8XJ',
            'utc_offset': None,
            'verified': False}}
----------Summary----------
{ 'entities': { 'urls': { 'display_url': 'twitter.com/i/web/status/1…',
                          'expanded_url': 'https://twitter.com/i/web/status/1156653644894408704'}},
  'id_str': '1156653644894408704',
  'text': 'hong kong police have faced protester anger. some would rath..  '
          '@joseluisintwite - washingtonpost - twitter - news '
          'https://t.co/fed293jwkc',
  'user': { 'entities': {},
            'id_str': '724823746729644033',
            'twitter_user': 'joseluisintwite'}}
----------Groups----------
{ 'Bitcoin': ['bitcoin', 'Bitcoin', 'btc', 'satoshi nakamoto'],
  'Ethereum': ['ethereum', 'Ethereum', 'eth', 'vitalik buterin'],
  'Litecoin': ['litecoin', 'Litecoin', 'ltc', 'charles lee'],
  'Monero': ['monero', 'Monero', 'xmr', 'riccardo spagni'],
  'Ripple': [ 'ripple',
              'Ripple',
              'xrp',
              'xrapid',
              'xcurrent',
              'chris larsen',
              'jed mccaleb']}
---------------------------Fetch-------2019-07-31 15:53:35.733587: Tweet filed under "misc":----------Data----------
{ 'contributors': None,
  'coordinates': None,
  'created_at': 'Wed Jul 31 19:51:21 +0000 2019',
  'entities': {'hashtags': [], 'symbols': [], 'urls': [], 'user_mentions': []},
  'favorite_count': 9,
  'favorited': False,
  'geo': None,
  'id': 1156653595955224577,
  'id_str': '1156653595955224577',
  'in_reply_to_screen_name': None,
  'in_reply_to_status_id': None,
  'in_reply_to_status_id_str': None,
  'in_reply_to_user_id': None,
  'in_reply_to_user_id_str': None,
  'is_quote_status': False,
  'lang': 'en',
  'metadata': {'iso_language_code': 'en', 'result_type': 'recent'},
  'place': None,
  'retweet_count': 2,
  'retweeted': False,
  'source': '<a href="https://ifttt.com" rel="nofollow">IFTTT</a>',
  'text': 'follow everyone that retweets this. ☀️',
  'truncated': False,
  'user': { 'contributors_enabled': False,
            'created_at': 'Thu Sep 28 07:17:31 +0000 2017',
            'default_profile': True,
            'default_profile_image': False,
            'description': 'Follow for daily gain tweets :)',
            'entities': { 'description': {'urls': []},
                          'url': { 'urls': [ { 'display_url': 'patreon.com/bePatron?u=209…',
                                               'expanded_url': 'https://www.patreon.com/bePatron?u=20928579',
                                               'indices': [0, 23],
                                               'url': 'https://t.co/vvZYkeGksN'}]}},
            'favourites_count': 40220,
            'follow_request_sent': None,
            'followers_count': 26158,
            'following': None,
            'friends_count': 18146,
            'geo_enabled': False,
            'has_extended_profile': True,
            'id': 913301629285302272,
            'id_str': '913301629285302272',
            'is_translation_enabled': False,
            'is_translator': False,
            'lang': None,
            'listed_count': 332,
            'location': '',
            'name': 'Follow Help🌀',
            'notifications': None,
            'profile_background_color': 'F5F8FA',
            'profile_background_image_url': None,
            'profile_background_image_url_https': None,
            'profile_background_tile': False,
            'profile_banner_url': 'https://pbs.twimg.com/profile_banners/913301629285302272/1506584414',
            'profile_image_url': 'http://pbs.twimg.com/profile_images/913307262982254592/S1QtLI55_normal.jpg',
            'profile_image_url_https': 'https://pbs.twimg.com/profile_images/913307262982254592/S1QtLI55_normal.jpg',
            'profile_link_color': '1DA1F2',
            'profile_sidebar_border_color': 'C0DEED',
            'profile_sidebar_fill_color': 'DDEEF6',
            'profile_text_color': '333333',
            'profile_use_background_image': True,
            'protected': False,
            'screen_name': 'BitCoin_Invest_',
            'statuses_count': 42351,
            'time_zone': None,
            'translator_type': 'none',
            'url': 'https://t.co/vvZYkeGksN',
            'utc_offset': None,
            'verified': False}}
----------Summary----------
{ 'entities': {},
  'id_str': '1156653595955224577',
  'text': 'follow everyone that retweets this. ',
  'user': { 'entities': {},
            'id_str': '913301629285302272',
            'twitter_user': 'BitCoin_Invest_'}}
----------Groups----------
{ 'Bitcoin': ['bitcoin', 'Bitcoin', 'btc', 'satoshi nakamoto'],
  'Ethereum': ['ethereum', 'Ethereum', 'eth', 'vitalik buterin'],
  'Litecoin': ['litecoin', 'Litecoin', 'ltc', 'charles lee'],
  'Monero': ['monero', 'Monero', 'xmr', 'riccardo spagni'],
  'Ripple': [ 'ripple',
              'Ripple',
              'xrp',
              'xrapid',
              'xcurrent',
              'chris larsen',
              'jed mccaleb']}
---------------------------Fetch-------2019-07-31 15:53:36.961916: Tweet filed under "misc":----------Data----------
{ 'contributors': None,
  'coordinates': None,
  'created_at': 'Wed Jul 31 19:51:17 +0000 2019',
  'entities': { 'hashtags': [],
                'symbols': [],
                'urls': [ { 'display_url': 'twitter.com/i/web/status/1…',
                            'expanded_url': 'https://twitter.com/i/web/status/1156653578095927296',
                            'indices': [121, 144],
                            'url': 'https://t.co/WNw5CrxCYU'}],
                'user_mentions': [ { 'id': 909794221267341312,
                                     'id_str': '909794221267341312',
                                     'indices': [0, 11],
                                     'name': 'Token State (Tokenize the World)',
                                     'screen_name': 'tokenstate'},
                                   { 'id': 233318165,
                                     'id_str': '233318165',
                                     'indices': [12, 23],
                                     'name': 'Kyle Torpey',
                                     'screen_name': 'kyletorpey'},
                                   { 'id': 863083003081359362,
                                     'id_str': '863083003081359362',
                                     'indices': [24, 37],
                                     'name': 'antiprosynthesis',
                                     'screen_name': 'antiprosynth'},
                                   { 'id': 1074139125232459776,
                                     'id_str': '1074139125232459776',
                                     'indices': [38, 54],
                                     'name': 'musa',
                                     'screen_name': 'musatheredguard'},
                                   { 'id': 3306210644,
                                     'id_str': '3306210644',
                                     'indices': [55, 66],
                                     'name': 'grubles',
                                     'screen_name': 'notgrubles'},
                                   { 'id': 40742821,
                                     'id_str': '40742821',
                                     'indices': [67, 81],
                                     'name': 'Tuur Demeester',
                                     'screen_name': 'TuurDemeester'}]},
  'favorite_count': 0,
  'favorited': False,
  'geo': None,
  'id': 1156653578095927296,
  'id_str': '1156653578095927296',
  'in_reply_to_screen_name': 'tokenstate',
  'in_reply_to_status_id': 1156622062397644800,
  'in_reply_to_status_id_str': '1156622062397644800',
  'in_reply_to_user_id': 909794221267341312,
  'in_reply_to_user_id_str': '909794221267341312',
  'is_quote_status': False,
  'lang': 'en',
  'metadata': {'iso_language_code': 'en', 'result_type': 'recent'},
  'place': None,
  'retweet_count': 0,
  'retweeted': False,
  'source': '<a href="http://twitter.com/download/android" '
            'rel="nofollow">Twitter for Android</a>',
  'text': '@tokenstate @kyletorpey @antiprosynth @musatheredguard @notgrubles '
          '@TuurDemeester "Myspace" &amp; "Blackberry" are comp… '
          'https://t.co/WNw5CrxCYU',
  'truncated': True,
  'user': { 'contributors_enabled': False,
            'created_at': 'Sat Jun 01 15:50:11 +0000 2013',
            'default_profile': False,
            'default_profile_image': False,
            'description': 'Host of @btcmrkts, economist, maximalist, altcoin '
                           'skeptic. Do your own research.',
            'entities': { 'description': {'urls': []},
                          'url': { 'urls': [ { 'display_url': 'bitcoinandmarkets.com',
                                               'expanded_url': 'https://bitcoinandmarkets.com',
                                               'indices': [0, 23],
                                               'url': 'https://t.co/XEm33hzhcy'}]}},
            'favourites_count': 29722,
            'follow_request_sent': None,
            'followers_count': 18467,
            'following': None,
            'friends_count': 650,
            'geo_enabled': False,
            'has_extended_profile': False,
            'id': 1475038004,
            'id_str': '1475038004',
            'is_translation_enabled': False,
            'is_translator': False,
            'lang': None,
            'listed_count': 764,
            'location': 'twitter',
            'name': 'bitcoiner',
            'notifications': None,
            'profile_background_color': '000000',
            'profile_background_image_url': 'http://abs.twimg.com/images/themes/theme1/bg.png',
            'profile_background_image_url_https': 'https://abs.twimg.com/images/themes/theme1/bg.png',
            'profile_background_tile': False,
            'profile_banner_url': 'https://pbs.twimg.com/profile_banners/1475038004/1483306684',
            'profile_image_url': 'http://pbs.twimg.com/profile_images/815670919460859904/N7_JQzOU_normal.jpg',
            'profile_image_url_https': 'https://pbs.twimg.com/profile_images/815670919460859904/N7_JQzOU_normal.jpg',
            'profile_link_color': 'ABB8C2',
            'profile_sidebar_border_color': '000000',
            'profile_sidebar_fill_color': '000000',
            'profile_text_color': '000000',
            'profile_use_background_image': False,
            'protected': False,
            'screen_name': 'AnselLindner',
            'statuses_count': 26032,
            'time_zone': None,
            'translator_type': 'none',
            'url': 'https://t.co/XEm33hzhcy',
            'utc_offset': None,
            'verified': False}}
----------Summary----------
{ 'entities': { 'urls': { 'display_url': 'twitter.com/i/web/status/1…',
                          'expanded_url': 'https://twitter.com/i/web/status/1156653578095927296'}},
  'id_str': '1156653578095927296',
  'text': '@tokenstate @kyletorpey @antiprosynth @musatheredguard @notgrubles '
          '@tuurdemeester "myspace" &amp; "blackberry" are comp '
          'https://t.co/wnw5crxcyu',
  'user': { 'entities': {},
            'id_str': '1475038004',
            'twitter_user': 'AnselLindner'}}
----------Groups----------
{ 'Bitcoin': ['bitcoin', 'Bitcoin', 'btc', 'satoshi nakamoto'],
  'Ethereum': ['ethereum', 'Ethereum', 'eth', 'vitalik buterin'],
  'Litecoin': ['litecoin', 'Litecoin', 'ltc', 'charles lee'],
  'Monero': ['monero', 'Monero', 'xmr', 'riccardo spagni'],
  'Ripple': [ 'ripple',
              'Ripple',
              'xrp',
              'xrapid',
              'xcurrent',
              'chris larsen',
              'jed mccaleb']}
---------------------------Fetch-------2019-07-31 15:53:37.491730: Tweet filed under "misc":----------Data----------
{ 'contributors': None,
  'coordinates': None,
  'created_at': 'Wed Jul 31 19:51:16 +0000 2019',
  'entities': { 'hashtags': [],
                'symbols': [],
                'urls': [ { 'display_url': 'ift.tt/2OFysmm',
                            'expanded_url': 'https://ift.tt/2OFysmm',
                            'indices': [88, 111],
                            'url': 'https://t.co/v8T7c2eD9o'},
                          { 'display_url': 'twitter.com/i/web/status/1…',
                            'expanded_url': 'https://twitter.com/i/web/status/1156653573465395201',
                            'indices': [117, 140],
                            'url': 'https://t.co/SL9RycdnUA'}],
                'user_mentions': []},
  'favorite_count': 0,
  'favorited': False,
  'geo': None,
  'id': 1156653573465395201,
  'id_str': '1156653573465395201',
  'in_reply_to_screen_name': None,
  'in_reply_to_status_id': None,
  'in_reply_to_status_id_str': None,
  'in_reply_to_user_id': None,
  'in_reply_to_user_id_str': None,
  'is_quote_status': False,
  'lang': 'en',
  'metadata': {'iso_language_code': 'en', 'result_type': 'recent'},
  'place': None,
  'possibly_sensitive': False,
  'retweet_count': 0,
  'retweeted': False,
  'source': '<a href="https://ifttt.com" rel="nofollow">IFTTT</a>',
  'text': 'New Tumblr post: "QuadrigaCX Judge Approves $1.6 Million in '
          'Expenses for EY, Law Firms" https://t.co/v8T7c2eD9o eos… '
          'https://t.co/SL9RycdnUA',
  'truncated': True,
  'user': { 'contributors_enabled': False,
            'created_at': 'Mon Jan 20 17:13:22 +0000 2014',
            'default_profile': False,
            'default_profile_image': False,
            'description': 'https://t.co/AknQVIXTr2 All Cryptocurrencies Sites '
                           'in One Place',
            'entities': { 'description': { 'urls': [ { 'display_url': 'bit-sites.com',
                                                       'expanded_url': 'http://www.bit-sites.com',
                                                       'indices': [0, 23],
                                                       'url': 'https://t.co/AknQVIXTr2'}]},
                          'url': { 'urls': [ { 'display_url': 'bit-sites.com',
                                               'expanded_url': 'http://www.bit-sites.com',
                                               'indices': [0, 23],
                                               'url': 'https://t.co/AknQVIXTr2'}]}},
            'favourites_count': 684,
            'follow_request_sent': None,
            'followers_count': 387,
            'following': None,
            'friends_count': 84,
            'geo_enabled': False,
            'has_extended_profile': False,
            'id': 2301728670,
            'id_str': '2301728670',
            'is_translation_enabled': False,
            'is_translator': False,
            'lang': None,
            'listed_count': 6,
            'location': '',
            'name': 'Bit-Sites.com',
            'notifications': None,
            'profile_background_color': '000000',
            'profile_background_image_url': 'http://abs.twimg.com/images/themes/theme1/bg.png',
            'profile_background_image_url_https': 'https://abs.twimg.com/images/themes/theme1/bg.png',
            'profile_background_tile': False,
            'profile_banner_url': 'https://pbs.twimg.com/profile_banners/2301728670/1506682405',
            'profile_image_url': 'http://pbs.twimg.com/profile_images/913190180403769344/rC6qLtxY_normal.jpg',
            'profile_image_url_https': 'https://pbs.twimg.com/profile_images/913190180403769344/rC6qLtxY_normal.jpg',
            'profile_link_color': '5D728A',
            'profile_sidebar_border_color': '000000',
            'profile_sidebar_fill_color': '000000',
            'profile_text_color': '000000',
            'profile_use_background_image': False,
            'protected': False,
            'screen_name': 'bitsites',
            'statuses_count': 7631,
            'time_zone': None,
            'translator_type': 'none',
            'url': 'https://t.co/AknQVIXTr2',
            'utc_offset': None,
            'verified': False}}
----------Summary----------
{ 'entities': { 'urls': { 'display_url': 'twitter.com/i/web/status/1…',
                          'expanded_url': 'https://twitter.com/i/web/status/1156653573465395201'}},
  'id_str': '1156653573465395201',
  'text': 'new tumblr post: "quadrigacx judge approves $1.6 million in '
          'expenses for ey, law firms" https://t.co/v8t7c2ed9o eos '
          'https://t.co/sl9rycdnua',
  'user': {'entities': {}, 'id_str': '2301728670', 'twitter_user': 'bitsites'}}
----------Groups----------
{ 'Bitcoin': ['bitcoin', 'Bitcoin', 'btc', 'satoshi nakamoto'],
  'Ethereum': ['ethereum', 'Ethereum', 'eth', 'vitalik buterin'],
  'Litecoin': ['litecoin', 'Litecoin', 'ltc', 'charles lee'],
  'Monero': ['monero', 'Monero', 'xmr', 'riccardo spagni'],
  'Ripple': [ 'ripple',
              'Ripple',
              'xrp',
              'xrapid',
              'xcurrent',
              'chris larsen',
              'jed mccaleb']}
---------------------------Fetch-------2019-07-31 15:53:38.624492: Tweet filed under "misc":----------Data----------
{ 'contributors': None,
  'coordinates': None,
  'created_at': 'Wed Jul 31 19:51:13 +0000 2019',
  'entities': { 'hashtags': [],
                'symbols': [],
                'urls': [ { 'display_url': 'twitter.com/i/web/status/1…',
                            'expanded_url': 'https://twitter.com/i/web/status/1156653560618246149',
                            'indices': [117, 140],
                            'url': 'https://t.co/Z5rH2SzcUO'}],
                'user_mentions': [ { 'id': 724823746729644033,
                                     'id_str': '724823746729644033',
                                     'indices': [64, 80],
                                     'name': 'JoseLuis🇧🇷noticia1jl4com',
                                     'screen_name': 'joseluisintwite'}]},
  'favorite_count': 0,
  'favorited': False,
  'geo': None,
  'id': 1156653560618246149,
  'id_str': '1156653560618246149',
  'in_reply_to_screen_name': None,
  'in_reply_to_status_id': None,
  'in_reply_to_status_id_str': None,
  'in_reply_to_user_id': None,
  'in_reply_to_user_id_str': None,
  'is_quote_status': False,
  'lang': 'en',
  'metadata': {'iso_language_code': 'en', 'result_type': 'recent'},
  'place': None,
  'possibly_sensitive': False,
  'retweet_count': 0,
  'retweeted': False,
  'source': '<a href="https://www.1jl4soft.co.technology" '
            'rel="nofollow">1Jl4Soft</a>',
  'text': 'U.N. Agency for Palestinian Refugees Faces Accusations of Mi.. \n'
          '@joseluisintwite - nytimes - Twitter - News - Notic… '
          'https://t.co/Z5rH2SzcUO',
  'truncated': True,
  'user': { 'contributors_enabled': False,
            'created_at': 'Tue Apr 26 04:53:42 +0000 2016',
            'default_profile': False,
            'default_profile_image': False,
            'description': '#News #Noticias #Twitter #Bitcoin #CryptoCurreny '
                           '#Investment '
                           '#World🌐https://t.co/iMotcOabE8💯https://t.co/dWNytSOZ9m💯https://t.co/CB8S0j1j5R💯@joseluisintwite🇧🇷',
            'entities': { 'description': { 'urls': [ { 'display_url': 'noticias.1jl4.com',
                                                       'expanded_url': 'http://noticias.1jl4.com',
                                                       'indices': [68, 91],
                                                       'url': 'https://t.co/iMotcOabE8'},
                                                     { 'display_url': 'bitcoin.1jl4.com',
                                                       'expanded_url': 'http://bitcoin.1jl4.com',
                                                       'indices': [92, 115],
                                                       'url': 'https://t.co/dWNytSOZ9m'},
                                                     { 'display_url': 'cryptocurrency.1jl4.com',
                                                       'expanded_url': 'http://cryptocurrency.1jl4.com',
                                                       'indices': [116, 139],
                                                       'url': 'https://t.co/CB8S0j1j5R'}]},
                          'url': { 'urls': [ { 'display_url': 'hospedagemdominiojl.com/?1jl4.com',
                                               'expanded_url': 'https://hospedagemdominiojl.com/?1jl4.com',
                                               'indices': [0, 23],
                                               'url': 'https://t.co/7limO8Y8XJ'}]}},
            'favourites_count': 27,
            'follow_request_sent': None,
            'followers_count': 3424,
            'following': None,
            'friends_count': 4877,
            'geo_enabled': False,
            'has_extended_profile': True,
            'id': 724823746729644033,
            'id_str': '724823746729644033',
            'is_translation_enabled': False,
            'is_translator': False,
            'lang': None,
            'listed_count': 10,
            'location': 'BRASIL🇧🇷🌐noticias.1jl4.com🌐🇧🇷',
            'name': 'JoseLuis🇧🇷noticia1jl4com',
            'notifications': None,
            'profile_background_color': 'C0DEED',
            'profile_background_image_url': 'http://abs.twimg.com/images/themes/theme1/bg.png',
            'profile_background_image_url_https': 'https://abs.twimg.com/images/themes/theme1/bg.png',
            'profile_background_tile': True,
            'profile_banner_url': 'https://pbs.twimg.com/profile_banners/724823746729644033/1557000837',
            'profile_image_url': 'http://pbs.twimg.com/profile_images/1154891071144505349/RpKpCwFV_normal.jpg',
            'profile_image_url_https': 'https://pbs.twimg.com/profile_images/1154891071144505349/RpKpCwFV_normal.jpg',
            'profile_link_color': 'FF691F',
            'profile_sidebar_border_color': '000000',
            'profile_sidebar_fill_color': '000000',
            'profile_text_color': '000000',
            'profile_use_background_image': True,
            'protected': False,
            'screen_name': 'joseluisintwite',
            'statuses_count': 35142,
            'time_zone': None,
            'translator_type': 'none',
            'url': 'https://t.co/7limO8Y8XJ',
            'utc_offset': None,
            'verified': False}}
----------Summary----------
{ 'entities': { 'urls': { 'display_url': 'twitter.com/i/web/status/1…',
                          'expanded_url': 'https://twitter.com/i/web/status/1156653560618246149'}},
  'id_str': '1156653560618246149',
  'text': 'u.n. agency for palestinian refugees faces accusations of mi..  '
          '@joseluisintwite - nytimes - twitter - news - notic '
          'https://t.co/z5rh2szcuo',
  'user': { 'entities': {},
            'id_str': '724823746729644033',
            'twitter_user': 'joseluisintwite'}}
----------Groups----------
{ 'Bitcoin': ['bitcoin', 'Bitcoin', 'btc', 'satoshi nakamoto'],
  'Ethereum': ['ethereum', 'Ethereum', 'eth', 'vitalik buterin'],
  'Litecoin': ['litecoin', 'Litecoin', 'ltc', 'charles lee'],
  'Monero': ['monero', 'Monero', 'xmr', 'riccardo spagni'],
  'Ripple': [ 'ripple',
              'Ripple',
              'xrp',
              'xrapid',
              'xcurrent',
              'chris larsen',
              'jed mccaleb']}
---------------------------Fetch-------2019-07-31 15:53:38.826362: Tweet filed under "misc":----------Data----------
{ 'contributors': None,
  'coordinates': None,
  'created_at': 'Wed Jul 31 19:51:12 +0000 2019',
  'entities': { 'hashtags': [],
                'symbols': [],
                'urls': [ { 'display_url': 'twitter.com/i/web/status/1…',
                            'expanded_url': 'https://twitter.com/i/web/status/1156653557908725760',
                            'indices': [117, 140],
                            'url': 'https://t.co/nHFYdWIr1H'}],
                'user_mentions': [ { 'id': 724823746729644033,
                                     'id_str': '724823746729644033',
                                     'indices': [64, 80],
                                     'name': 'JoseLuis🇧🇷noticia1jl4com',
                                     'screen_name': 'joseluisintwite'}]},
  'favorite_count': 0,
  'favorited': False,
  'geo': None,
  'id': 1156653557908725760,
  'id_str': '1156653557908725760',
  'in_reply_to_screen_name': None,
  'in_reply_to_status_id': None,
  'in_reply_to_status_id_str': None,
  'in_reply_to_user_id': None,
  'in_reply_to_user_id_str': None,
  'is_quote_status': False,
  'lang': 'en',
  'metadata': {'iso_language_code': 'en', 'result_type': 'recent'},
  'place': None,
  'possibly_sensitive': False,
  'retweet_count': 0,
  'retweeted': False,
  'source': '<a href="https://www.1jl4soft.co.technology" '
            'rel="nofollow">1Jl4Soft</a>',
  'text': "Johnson will use Brexit to cement elitist control. It's up t.. \n"
          '@joseluisintwite - Guardian - Twitter - News - Noti… '
          'https://t.co/nHFYdWIr1H',
  'truncated': True,
  'user': { 'contributors_enabled': False,
            'created_at': 'Tue Apr 26 04:53:42 +0000 2016',
            'default_profile': False,
            'default_profile_image': False,
            'description': '#News #Noticias #Twitter #Bitcoin #CryptoCurreny '
                           '#Investment '
                           '#World🌐https://t.co/iMotcOabE8💯https://t.co/dWNytSOZ9m💯https://t.co/CB8S0j1j5R💯@joseluisintwite🇧🇷',
            'entities': { 'description': { 'urls': [ { 'display_url': 'noticias.1jl4.com',
                                                       'expanded_url': 'http://noticias.1jl4.com',
                                                       'indices': [68, 91],
                                                       'url': 'https://t.co/iMotcOabE8'},
                                                     { 'display_url': 'bitcoin.1jl4.com',
                                                       'expanded_url': 'http://bitcoin.1jl4.com',
                                                       'indices': [92, 115],
                                                       'url': 'https://t.co/dWNytSOZ9m'},
                                                     { 'display_url': 'cryptocurrency.1jl4.com',
                                                       'expanded_url': 'http://cryptocurrency.1jl4.com',
                                                       'indices': [116, 139],
                                                       'url': 'https://t.co/CB8S0j1j5R'}]},
                          'url': { 'urls': [ { 'display_url': 'hospedagemdominiojl.com/?1jl4.com',
                                               'expanded_url': 'https://hospedagemdominiojl.com/?1jl4.com',
                                               'indices': [0, 23],
                                               'url': 'https://t.co/7limO8Y8XJ'}]}},
            'favourites_count': 27,
            'follow_request_sent': None,
            'followers_count': 3424,
            'following': None,
            'friends_count': 4877,
            'geo_enabled': False,
            'has_extended_profile': True,
            'id': 724823746729644033,
            'id_str': '724823746729644033',
            'is_translation_enabled': False,
            'is_translator': False,
            'lang': None,
            'listed_count': 10,
            'location': 'BRASIL🇧🇷🌐noticias.1jl4.com🌐🇧🇷',
            'name': 'JoseLuis🇧🇷noticia1jl4com',
            'notifications': None,
            'profile_background_color': 'C0DEED',
            'profile_background_image_url': 'http://abs.twimg.com/images/themes/theme1/bg.png',
            'profile_background_image_url_https': 'https://abs.twimg.com/images/themes/theme1/bg.png',
            'profile_background_tile': True,
            'profile_banner_url': 'https://pbs.twimg.com/profile_banners/724823746729644033/1557000837',
            'profile_image_url': 'http://pbs.twimg.com/profile_images/1154891071144505349/RpKpCwFV_normal.jpg',
            'profile_image_url_https': 'https://pbs.twimg.com/profile_images/1154891071144505349/RpKpCwFV_normal.jpg',
            'profile_link_color': 'FF691F',
            'profile_sidebar_border_color': '000000',
            'profile_sidebar_fill_color': '000000',
            'profile_text_color': '000000',
            'profile_use_background_image': True,
            'protected': False,
            'screen_name': 'joseluisintwite',
            'statuses_count': 35142,
            'time_zone': None,
            'translator_type': 'none',
            'url': 'https://t.co/7limO8Y8XJ',
            'utc_offset': None,
            'verified': False}}
----------Summary----------
{ 'entities': { 'urls': { 'display_url': 'twitter.com/i/web/status/1…',
                          'expanded_url': 'https://twitter.com/i/web/status/1156653557908725760'}},
  'id_str': '1156653557908725760',
  'text': "johnson will use brexit to cement elitist control. it's up t..  "
          '@joseluisintwite - guardian - twitter - news - noti '
          'https://t.co/nhfydwir1h',
  'user': { 'entities': {},
            'id_str': '724823746729644033',
            'twitter_user': 'joseluisintwite'}}
----------Groups----------
{ 'Bitcoin': ['bitcoin', 'Bitcoin', 'btc', 'satoshi nakamoto'],
  'Ethereum': ['ethereum', 'Ethereum', 'eth', 'vitalik buterin'],
  'Litecoin': ['litecoin', 'Litecoin', 'ltc', 'charles lee'],
  'Monero': ['monero', 'Monero', 'xmr', 'riccardo spagni'],
  'Ripple': [ 'ripple',
              'Ripple',
              'xrp',
              'xrapid',
              'xcurrent',
              'chris larsen',
              'jed mccaleb']}
---------------------------Fetch-------2019-07-31 15:53:39.868801: Tweet filed under "misc":----------Data----------
{ 'contributors': None,
  'coordinates': None,
  'created_at': 'Wed Jul 31 19:51:11 +0000 2019',
  'entities': { 'hashtags': [],
                'symbols': [],
                'urls': [ { 'display_url': 'twitter.com/i/web/status/1…',
                            'expanded_url': 'https://twitter.com/i/web/status/1156653554985263104',
                            'indices': [117, 140],
                            'url': 'https://t.co/qdtN7CCKOS'}],
                'user_mentions': [ { 'id': 724823746729644033,
                                     'id_str': '724823746729644033',
                                     'indices': [60, 76],
                                     'name': 'JoseLuis🇧🇷noticia1jl4com',
                                     'screen_name': 'joseluisintwite'}]},
  'favorite_count': 0,
  'favorited': False,
  'geo': None,
  'id': 1156653554985263104,
  'id_str': '1156653554985263104',
  'in_reply_to_screen_name': None,
  'in_reply_to_status_id': None,
  'in_reply_to_status_id_str': None,
  'in_reply_to_user_id': None,
  'in_reply_to_user_id_str': None,
  'is_quote_status': False,
  'lang': 'en',
  'metadata': {'iso_language_code': 'en', 'result_type': 'recent'},
  'place': None,
  'possibly_sensitive': False,
  'retweet_count': 0,
  'retweeted': False,
  'source': '<a href="https://www.1jl4soft.co.technology" '
            'rel="nofollow">1Jl4Soft</a>',
  'text': 'Months before Canada’s election, Justin Trudeau’s colorf.. \n'
          '@joseluisintwite - Washingtonpost - Twitter - News - No… '
          'https://t.co/qdtN7CCKOS',
  'truncated': True,
  'user': { 'contributors_enabled': False,
            'created_at': 'Tue Apr 26 04:53:42 +0000 2016',
            'default_profile': False,
            'default_profile_image': False,
            'description': '#News #Noticias #Twitter #Bitcoin #CryptoCurreny '
                           '#Investment '
                           '#World🌐https://t.co/iMotcOabE8💯https://t.co/dWNytSOZ9m💯https://t.co/CB8S0j1j5R💯@joseluisintwite🇧🇷',
            'entities': { 'description': { 'urls': [ { 'display_url': 'noticias.1jl4.com',
                                                       'expanded_url': 'http://noticias.1jl4.com',
                                                       'indices': [68, 91],
                                                       'url': 'https://t.co/iMotcOabE8'},
                                                     { 'display_url': 'bitcoin.1jl4.com',
                                                       'expanded_url': 'http://bitcoin.1jl4.com',
                                                       'indices': [92, 115],
                                                       'url': 'https://t.co/dWNytSOZ9m'},
                                                     { 'display_url': 'cryptocurrency.1jl4.com',
                                                       'expanded_url': 'http://cryptocurrency.1jl4.com',
                                                       'indices': [116, 139],
                                                       'url': 'https://t.co/CB8S0j1j5R'}]},
                          'url': { 'urls': [ { 'display_url': 'hospedagemdominiojl.com/?1jl4.com',
                                               'expanded_url': 'https://hospedagemdominiojl.com/?1jl4.com',
                                               'indices': [0, 23],
                                               'url': 'https://t.co/7limO8Y8XJ'}]}},
            'favourites_count': 27,
            'follow_request_sent': None,
            'followers_count': 3424,
            'following': None,
            'friends_count': 4877,
            'geo_enabled': False,
            'has_extended_profile': True,
            'id': 724823746729644033,
            'id_str': '724823746729644033',
            'is_translation_enabled': False,
            'is_translator': False,
            'lang': None,
            'listed_count': 10,
            'location': 'BRASIL🇧🇷🌐noticias.1jl4.com🌐🇧🇷',
            'name': 'JoseLuis🇧🇷noticia1jl4com',
            'notifications': None,
            'profile_background_color': 'C0DEED',
            'profile_background_image_url': 'http://abs.twimg.com/images/themes/theme1/bg.png',
            'profile_background_image_url_https': 'https://abs.twimg.com/images/themes/theme1/bg.png',
            'profile_background_tile': True,
            'profile_banner_url': 'https://pbs.twimg.com/profile_banners/724823746729644033/1557000837',
            'profile_image_url': 'http://pbs.twimg.com/profile_images/1154891071144505349/RpKpCwFV_normal.jpg',
            'profile_image_url_https': 'https://pbs.twimg.com/profile_images/1154891071144505349/RpKpCwFV_normal.jpg',
            'profile_link_color': 'FF691F',
            'profile_sidebar_border_color': '000000',
            'profile_sidebar_fill_color': '000000',
            'profile_text_color': '000000',
            'profile_use_background_image': True,
            'protected': False,
            'screen_name': 'joseluisintwite',
            'statuses_count': 35142,
            'time_zone': None,
            'translator_type': 'none',
            'url': 'https://t.co/7limO8Y8XJ',
            'utc_offset': None,
            'verified': False}}
----------Summary----------
{ 'entities': { 'urls': { 'display_url': 'twitter.com/i/web/status/1…',
                          'expanded_url': 'https://twitter.com/i/web/status/1156653554985263104'}},
  'id_str': '1156653554985263104',
  'text': 'months before canadas election, justin trudeaus colorf..  '
          '@joseluisintwite - washingtonpost - twitter - news - no '
          'https://t.co/qdtn7cckos',
  'user': { 'entities': {},
            'id_str': '724823746729644033',
            'twitter_user': 'joseluisintwite'}}
----------Groups----------
{ 'Bitcoin': ['bitcoin', 'Bitcoin', 'btc', 'satoshi nakamoto'],
  'Ethereum': ['ethereum', 'Ethereum', 'eth', 'vitalik buterin'],
  'Litecoin': ['litecoin', 'Litecoin', 'ltc', 'charles lee'],
  'Monero': ['monero', 'Monero', 'xmr', 'riccardo spagni'],
  'Ripple': [ 'ripple',
              'Ripple',
              'xrp',
              'xrapid',
              'xcurrent',
              'chris larsen',
              'jed mccaleb']}
---------------------------Fetch-------2019-07-31 15:53:40.646816: Tweet filed under "misc":----------Data----------
{ 'contributors': None,
  'coordinates': None,
  'created_at': 'Wed Jul 31 19:51:10 +0000 2019',
  'entities': { 'hashtags': [{'indices': [15, 19], 'text': 'DXY'}],
                'symbols': [],
                'urls': [],
                'user_mentions': [ { 'id': 966446693066698752,
                                     'id_str': '966446693066698752',
                                     'indices': [3, 13],
                                     'name': 'Lord Ray',
                                     'screen_name': 'LordRay23'}]},
  'favorite_count': 0,
  'favorited': False,
  'geo': None,
  'id': 1156653547901116417,
  'id_str': '1156653547901116417',
  'in_reply_to_screen_name': None,
  'in_reply_to_status_id': None,
  'in_reply_to_status_id_str': None,
  'in_reply_to_user_id': None,
  'in_reply_to_user_id_str': None,
  'is_quote_status': False,
  'lang': 'en',
  'metadata': {'iso_language_code': 'en', 'result_type': 'recent'},
  'place': None,
  'retweet_count': 3,
  'retweeted': False,
  'retweeted_status': { 'contributors': None,
                        'coordinates': None,
                        'created_at': 'Wed Jul 31 19:18:55 +0000 2019',
                        'entities': { 'hashtags': [ { 'indices': [0, 4],
                                                      'text': 'DXY'}],
                                      'symbols': [],
                                      'urls': [ { 'display_url': 'twitter.com/i/web/status/1…',
                                                  'expanded_url': 'https://twitter.com/i/web/status/1156645432606568449',
                                                  'indices': [116, 139],
                                                  'url': 'https://t.co/kr5vPi6y1V'}],
                                      'user_mentions': []},
                        'favorite_count': 4,
                        'favorited': False,
                        'geo': None,
                        'id': 1156645432606568449,
                        'id_str': '1156645432606568449',
                        'in_reply_to_screen_name': None,
                        'in_reply_to_status_id': None,
                        'in_reply_to_status_id_str': None,
                        'in_reply_to_user_id': None,
                        'in_reply_to_user_id_str': None,
                        'is_quote_status': False,
                        'lang': 'en',
                        'metadata': { 'iso_language_code': 'en',
                                      'result_type': 'recent'},
                        'place': None,
                        'possibly_sensitive': False,
                        'retweet_count': 3,
                        'retweeted': False,
                        'source': '<a href="https://mobile.twitter.com" '
                                  'rel="nofollow">Twitter Web App</a>',
                        'text': '#DXY the US Dollar is at its highest level '
                                'since May of 2017. This move has to do with '
                                'the Federal Reserve cutting… '
                                'https://t.co/kr5vPi6y1V',
                        'truncated': True,
                        'user': { 'contributors_enabled': False,
                                  'created_at': 'Wed Feb 21 22:57:02 +0000 '
                                                '2018',
                                  'default_profile': False,
                                  'default_profile_image': False,
                                  'description': 'Technical Analyst. My '
                                                 'greatest fulfillment is '
                                                 'educating all fellow market '
                                                 'participants in charting.',
                                  'entities': { 'description': {'urls': []},
                                                'url': { 'urls': [ { 'display_url': 'youtube.com/mitchrayta',
                                                                     'expanded_url': 'https://www.youtube.com/mitchrayta',
                                                                     'indices': [ 0,
                                                                                  23],
                                                                     'url': 'https://t.co/TFQIXPcUum'}]}},
                                  'favourites_count': 973,
                                  'follow_request_sent': None,
                                  'followers_count': 2929,
                                  'following': None,
                                  'friends_count': 49,
                                  'geo_enabled': False,
                                  'has_extended_profile': False,
                                  'id': 966446693066698752,
                                  'id_str': '966446693066698752',
                                  'is_translation_enabled': False,
                                  'is_translator': False,
                                  'lang': None,
                                  'listed_count': 33,
                                  'location': '',
                                  'name': 'Lord Ray',
                                  'notifications': None,
                                  'profile_background_color': '000000',
                                  'profile_background_image_url': 'http://abs.twimg.com/images/themes/theme1/bg.png',
                                  'profile_background_image_url_https': 'https://abs.twimg.com/images/themes/theme1/bg.png',
                                  'profile_background_tile': False,
                                  'profile_banner_url': 'https://pbs.twimg.com/profile_banners/966446693066698752/1543872035',
                                  'profile_image_url': 'http://pbs.twimg.com/profile_images/1105344756274642944/Zt_PhWEp_normal.jpg',
                                  'profile_image_url_https': 'https://pbs.twimg.com/profile_images/1105344756274642944/Zt_PhWEp_normal.jpg',
                                  'profile_link_color': 'ABB8C2',
                                  'profile_sidebar_border_color': '000000',
                                  'profile_sidebar_fill_color': '000000',
                                  'profile_text_color': '000000',
                                  'profile_use_background_image': False,
                                  'protected': False,
                                  'screen_name': 'LordRay23',
                                  'statuses_count': 492,
                                  'time_zone': None,
                                  'translator_type': 'none',
                                  'url': 'https://t.co/TFQIXPcUum',
                                  'utc_offset': None,
                                  'verified': False}},
  'source': '<a href="http://twitter.com/download/iphone" '
            'rel="nofollow">Twitter for iPhone</a>',
  'text': 'RT @LordRay23: #DXY the US Dollar is at its highest level since May '
          'of 2017. This move has to do with the Federal Reserve cutting '
          'interest…',
  'truncated': False,
  'user': { 'contributors_enabled': False,
            'created_at': 'Sun Nov 08 23:47:22 +0000 2009',
            'default_profile': True,
            'default_profile_image': False,
            'description': 'Altair Assault 2369 Groupie [Retro Gear VR Space '
                           'Shooter] from @Vegaware Studios '
                           '#TheSingularityTrials',
            'entities': {'description': {'urls': []}},
            'favourites_count': 181,
            'follow_request_sent': None,
            'followers_count': 36,
            'following': None,
            'friends_count': 205,
            'geo_enabled': False,
            'has_extended_profile': False,
            'id': 88541894,
            'id_str': '88541894',
            'is_translation_enabled': False,
            'is_translator': False,
            'lang': None,
            'listed_count': 0,
            'location': '',
            'name': 'Matt',
            'notifications': None,
            'profile_background_color': 'C0DEED',
            'profile_background_image_url': 'http://abs.twimg.com/images/themes/theme1/bg.png',
            'profile_background_image_url_https': 'https://abs.twimg.com/images/themes/theme1/bg.png',
            'profile_background_tile': False,
            'profile_banner_url': 'https://pbs.twimg.com/profile_banners/88541894/1563908767',
            'profile_image_url': 'http://pbs.twimg.com/profile_images/1152381074607136774/W7ARggdS_normal.jpg',
            'profile_image_url_https': 'https://pbs.twimg.com/profile_images/1152381074607136774/W7ARggdS_normal.jpg',
            'profile_link_color': '1DA1F2',
            'profile_sidebar_border_color': 'C0DEED',
            'profile_sidebar_fill_color': 'DDEEF6',
            'profile_text_color': '333333',
            'profile_use_background_image': True,
            'protected': False,
            'screen_name': 'Peckham27',
            'statuses_count': 1614,
            'time_zone': None,
            'translator_type': 'none',
            'url': None,
            'utc_offset': None,
            'verified': False}}
----------Summary----------
{ 'entities': {},
  'id_str': '1156653547901116417',
  'retweeted_status': { 'entities': { 'urls': { 'display_url': 'twitter.com/i/web/status/1…',
                                                'expanded_url': 'https://twitter.com/i/web/status/1156645432606568449'}},
                        'id_str': '1156645432606568449',
                        'text': '#dxy the us dollar is at its highest level '
                                'since may of 2017. this move has to do with '
                                'the federal reserve cutting '
                                'https://t.co/kr5vpi6y1v',
                        'user': { 'entities': {},
                                  'id_str': '966446693066698752',
                                  'twitter_user': 'LordRay23'}},
  'text': 'rt @lordray23: #dxy the us dollar is at its highest level since may '
          'of 2017. this move has to do with the federal reserve cutting '
          'interest',
  'user': {'entities': {}, 'id_str': '88541894', 'twitter_user': 'Peckham27'}}
----------Groups----------
{ 'Bitcoin': ['bitcoin', 'Bitcoin', 'btc', 'satoshi nakamoto'],
  'Ethereum': ['ethereum', 'Ethereum', 'eth', 'vitalik buterin'],
  'Litecoin': ['litecoin', 'Litecoin', 'ltc', 'charles lee'],
  'Monero': ['monero', 'Monero', 'xmr', 'riccardo spagni'],
  'Ripple': [ 'ripple',
              'Ripple',
              'xrp',
              'xrapid',
              'xcurrent',
              'chris larsen',
              'jed mccaleb']}
---------------------------Fetch-------2019-07-31 15:53:40.921225: Tweet filed under "misc":----------Data----------
{ 'contributors': None,
  'coordinates': None,
  'created_at': 'Wed Jul 31 19:51:09 +0000 2019',
  'entities': { 'hashtags': [],
                'media': [ { 'display_url': 'pic.twitter.com/mddXALbEun',
                             'expanded_url': 'https://twitter.com/Jessica40291906/status/1156653545162067968/photo/1',
                             'id': 1156653541206843393,
                             'id_str': '1156653541206843393',
                             'indices': [67, 90],
                             'media_url': 'http://pbs.twimg.com/media/EA1CRHvU4AEYmll.jpg',
                             'media_url_https': 'https://pbs.twimg.com/media/EA1CRHvU4AEYmll.jpg',
                             'sizes': { 'large': { 'h': 1080,
                                                   'resize': 'fit',
                                                   'w': 1920},
                                        'medium': { 'h': 675,
                                                    'resize': 'fit',
                                                    'w': 1200},
                                        'small': { 'h': 383,
                                                   'resize': 'fit',
                                                   'w': 680},
                                        'thumb': { 'h': 150,
                                                   'resize': 'crop',
                                                   'w': 150}},
                             'type': 'photo',
                             'url': 'https://t.co/mddXALbEun'}],
                'symbols': [],
                'urls': [ { 'display_url': 'dlvr.it/R9R87K',
                            'expanded_url': 'http://dlvr.it/R9R87K',
                            'indices': [43, 66],
                            'url': 'https://t.co/UZTvoQdp3W'}],
                'user_mentions': []},
  'extended_entities': { 'media': [ { 'display_url': 'pic.twitter.com/mddXALbEun',
                                      'expanded_url': 'https://twitter.com/Jessica40291906/status/1156653545162067968/photo/1',
                                      'id': 1156653541206843393,
                                      'id_str': '1156653541206843393',
                                      'indices': [67, 90],
                                      'media_url': 'http://pbs.twimg.com/media/EA1CRHvU4AEYmll.jpg',
                                      'media_url_https': 'https://pbs.twimg.com/media/EA1CRHvU4AEYmll.jpg',
                                      'sizes': { 'large': { 'h': 1080,
                                                            'resize': 'fit',
                                                            'w': 1920},
                                                 'medium': { 'h': 675,
                                                             'resize': 'fit',
                                                             'w': 1200},
                                                 'small': { 'h': 383,
                                                            'resize': 'fit',
                                                            'w': 680},
                                                 'thumb': { 'h': 150,
                                                            'resize': 'crop',
                                                            'w': 150}},
                                      'type': 'photo',
                                      'url': 'https://t.co/mddXALbEun'}]},
  'favorite_count': 0,
  'favorited': False,
  'geo': None,
  'id': 1156653545162067968,
  'id_str': '1156653545162067968',
  'in_reply_to_screen_name': None,
  'in_reply_to_status_id': None,
  'in_reply_to_status_id_str': None,
  'in_reply_to_user_id': None,
  'in_reply_to_user_id_str': None,
  'is_quote_status': False,
  'lang': 'en',
  'metadata': {'iso_language_code': 'en', 'result_type': 'recent'},
  'place': None,
  'possibly_sensitive': False,
  'retweet_count': 0,
  'retweeted': False,
  'source': '<a href="https://dlvrit.com/" rel="nofollow">dlvr.it</a>',
  'text': 'PR: EO Coin Volume Surges on July Listings https://t.co/UZTvoQdp3W '
          'https://t.co/mddXALbEun',
  'truncated': False,
  'user': { 'contributors_enabled': False,
            'created_at': 'Fri Mar 01 02:37:50 +0000 2019',
            'default_profile': False,
            'default_profile_image': False,
            'description': '',
            'entities': { 'description': {'urls': []},
                          'url': { 'urls': [ { 'display_url': 'cryptoccrystals.blogspot.com',
                                               'expanded_url': 'https://cryptoccrystals.blogspot.com/',
                                               'indices': [0, 23],
                                               'url': 'https://t.co/MGIiybiEMI'}]}},
            'favourites_count': 1375,
            'follow_request_sent': None,
            'followers_count': 111,
            'following': None,
            'friends_count': 112,
            'geo_enabled': False,
            'has_extended_profile': False,
            'id': 1101310547843338240,
            'id_str': '1101310547843338240',
            'is_translation_enabled': False,
            'is_translator': False,
            'lang': None,
            'listed_count': 0,
            'location': '',
            'name': 'Jessica',
            'notifications': None,
            'profile_background_color': '000000',
            'profile_background_image_url': 'http://abs.twimg.com/images/themes/theme1/bg.png',
            'profile_background_image_url_https': 'https://abs.twimg.com/images/themes/theme1/bg.png',
            'profile_background_tile': False,
            'profile_banner_url': 'https://pbs.twimg.com/profile_banners/1101310547843338240/1551409336',
            'profile_image_url': 'http://pbs.twimg.com/profile_images/1101311395302395904/cn1iWQpP_normal.png',
            'profile_image_url_https': 'https://pbs.twimg.com/profile_images/1101311395302395904/cn1iWQpP_normal.png',
            'profile_link_color': '7FDBB6',
            'profile_sidebar_border_color': '000000',
            'profile_sidebar_fill_color': '000000',
            'profile_text_color': '000000',
            'profile_use_background_image': False,
            'protected': False,
            'screen_name': 'Jessica40291906',
            'statuses_count': 1500,
            'time_zone': None,
            'translator_type': 'none',
            'url': 'https://t.co/MGIiybiEMI',
            'utc_offset': None,
            'verified': False}}
----------Summary----------
{ 'entities': { 'urls': { 'display_url': 'dlvr.it/R9R87K',
                          'expanded_url': 'http://dlvr.it/R9R87K'}},
  'id_str': '1156653545162067968',
  'text': 'pr: eo coin volume surges on july listings https://t.co/uztvoqdp3w '
          'https://t.co/mddxalbeun',
  'user': { 'entities': {},
            'id_str': '1101310547843338240',
            'twitter_user': 'Jessica40291906'}}
----------Groups----------
{ 'Bitcoin': ['bitcoin', 'Bitcoin', 'btc', 'satoshi nakamoto'],
  'Ethereum': ['ethereum', 'Ethereum', 'eth', 'vitalik buterin'],
  'Litecoin': ['litecoin', 'Litecoin', 'ltc', 'charles lee'],
  'Monero': ['monero', 'Monero', 'xmr', 'riccardo spagni'],
  'Ripple': [ 'ripple',
              'Ripple',
              'xrp',
              'xrapid',
              'xcurrent',
              'chris larsen',
              'jed mccaleb']}
---------------------------Fetch-------2019-07-31 15:53:42.226376: Tweet filed under "misc":----------Data----------
{ 'contributors': None,
  'coordinates': None,
  'created_at': 'Wed Jul 31 19:51:01 +0000 2019',
  'entities': { 'hashtags': [],
                'symbols': [],
                'urls': [ { 'display_url': 'play.google.com/store/apps/det…',
                            'expanded_url': 'https://play.google.com/store/apps/details?id=com.wantapp',
                            'indices': [73, 96],
                            'url': 'https://t.co/Tf18NvlG7x'}],
                'user_mentions': [ { 'id': 834374677560705024,
                                     'id_str': '834374677560705024',
                                     'indices': [3, 19],
                                     'name': 'Want Marketplaces',
                                     'screen_name': 'wantmarketplace'}]},
  'favorite_count': 0,
  'favorited': False,
  'geo': None,
  'id': 1156653513167892480,
  'id_str': '1156653513167892480',
  'in_reply_to_screen_name': None,
  'in_reply_to_status_id': None,
  'in_reply_to_status_id_str': None,
  'in_reply_to_user_id': None,
  'in_reply_to_user_id_str': None,
  'is_quote_status': False,
  'lang': 'en',
  'metadata': {'iso_language_code': 'en', 'result_type': 'recent'},
  'place': None,
  'possibly_sensitive': False,
  'retweet_count': 40,
  'retweeted': False,
  'retweeted_status': { 'contributors': None,
                        'coordinates': None,
                        'created_at': 'Fri Jul 05 03:53:12 +0000 2019',
                        'entities': { 'hashtags': [],
                                      'symbols': [],
                                      'urls': [ { 'display_url': 'play.google.com/store/apps/det…',
                                                  'expanded_url': 'https://play.google.com/store/apps/details?id=com.wantapp',
                                                  'indices': [52, 75],
                                                  'url': 'https://t.co/Tf18NvlG7x'},
                                                { 'display_url': 'twitter.com/i/web/status/1…',
                                                  'expanded_url': 'https://twitter.com/i/web/status/1146990382942572544',
                                                  'indices': [114, 137],
                                                  'url': 'https://t.co/WOeH0qaFCA'}],
                                      'user_mentions': []},
                        'favorite_count': 116,
                        'favorited': False,
                        'geo': None,
                        'id': 1146990382942572544,
                        'id_str': '1146990382942572544',
                        'in_reply_to_screen_name': None,
                        'in_reply_to_status_id': None,
                        'in_reply_to_status_id_str': None,
                        'in_reply_to_user_id': None,
                        'in_reply_to_user_id_str': None,
                        'is_quote_status': False,
                        'lang': 'en',
                        'metadata': { 'iso_language_code': 'en',
                                      'result_type': 'recent'},
                        'place': None,
                        'possibly_sensitive': False,
                        'retweet_count': 40,
                        'retweeted': False,
                        'source': '<a href="https://mobile.twitter.com" '
                                  'rel="nofollow">Twitter Web App</a>',
                        'text': 'WANT Marketplaces - Download our B2B '
                                'Marketplace at https://t.co/Tf18NvlG7x\n'
                                '\n'
                                'STO Private Sale open Now @ $0.18 -… '
                                'https://t.co/WOeH0qaFCA',
                        'truncated': True,
                        'user': { 'contributors_enabled': False,
                                  'created_at': 'Wed Feb 22 12:09:59 +0000 '
                                                '2017',
                                  'default_profile': True,
                                  'default_profile_image': False,
                                  'description': 'Official Account for WANT '
                                                 'Marketplaces STO Offering',
                                  'entities': { 'description': {'urls': []},
                                                'url': { 'urls': [ { 'display_url': 'benipal.com',
                                                                     'expanded_url': 'https://benipal.com',
                                                                     'indices': [ 0,
                                                                                  23],
                                                                     'url': 'https://t.co/FpJbeDXvVn'}]}},
                                  'favourites_count': 4,
                                  'follow_request_sent': None,
                                  'followers_count': 1600,
                                  'following': None,
                                  'friends_count': 1,
                                  'geo_enabled': False,
                                  'has_extended_profile': False,
                                  'id': 834374677560705024,
                                  'id_str': '834374677560705024',
                                  'is_translation_enabled': False,
                                  'is_translator': False,
                                  'lang': None,
                                  'listed_count': 2,
                                  'location': 'New York, NY',
                                  'name': 'Want Marketplaces',
                                  'notifications': None,
                                  'profile_background_color': 'F5F8FA',
                                  'profile_background_image_url': None,
                                  'profile_background_image_url_https': None,
                                  'profile_background_tile': False,
                                  'profile_banner_url': 'https://pbs.twimg.com/profile_banners/834374677560705024/1559981725',
                                  'profile_image_url': 'http://pbs.twimg.com/profile_images/1137267216955482114/4tG-zMA6_normal.jpg',
                                  'profile_image_url_https': 'https://pbs.twimg.com/profile_images/1137267216955482114/4tG-zMA6_normal.jpg',
                                  'profile_link_color': '1DA1F2',
                                  'profile_sidebar_border_color': 'C0DEED',
                                  'profile_sidebar_fill_color': 'DDEEF6',
                                  'profile_text_color': '333333',
                                  'profile_use_background_image': True,
                                  'protected': False,
                                  'screen_name': 'wantmarketplace',
                                  'statuses_count': 76,
                                  'time_zone': None,
                                  'translator_type': 'none',
                                  'url': 'https://t.co/FpJbeDXvVn',
                                  'utc_offset': None,
                                  'verified': False}},
  'source': '<a href="http://twitter.com/download/android" '
            'rel="nofollow">Twitter for Android</a>',
  'text': 'RT @wantmarketplace: WANT Marketplaces - Download our B2B '
          'Marketplace at https://t.co/Tf18NvlG7x\n'
          '\n'
          'STO Private Sale open Now @ $0.18 - https…',
  'truncated': False,
  'user': { 'contributors_enabled': False,
            'created_at': 'Fri Sep 08 05:49:12 +0000 2017',
            'default_profile': True,
            'default_profile_image': False,
            'description': 'I am Medical student\n'
                           '#****(simple man)\n'
                           '#Follow  back',
            'entities': {'description': {'urls': []}},
            'favourites_count': 4843,
            'follow_request_sent': None,
            'followers_count': 4817,
            'following': None,
            'friends_count': 5295,
            'geo_enabled': False,
            'has_extended_profile': True,
            'id': 906031646884765701,
            'id_str': '906031646884765701',
            'is_translation_enabled': False,
            'is_translator': False,
            'lang': None,
            'listed_count': 14,
            'location': 'Dhaka, Bangladesh',
            'name': 'Md Mostofa kamal',
            'notifications': None,
            'profile_background_color': 'F5F8FA',
            'profile_background_image_url': None,
            'profile_background_image_url_https': None,
            'profile_background_tile': False,
            'profile_banner_url': 'https://pbs.twimg.com/profile_banners/906031646884765701/1543978436',
            'profile_image_url': 'http://pbs.twimg.com/profile_images/1122456466047127552/jObVPMAo_normal.jpg',
            'profile_image_url_https': 'https://pbs.twimg.com/profile_images/1122456466047127552/jObVPMAo_normal.jpg',
            'profile_link_color': '1DA1F2',
            'profile_sidebar_border_color': 'C0DEED',
            'profile_sidebar_fill_color': 'DDEEF6',
            'profile_text_color': '333333',
            'profile_use_background_image': True,
            'protected': False,
            'screen_name': 'Mostofa2020',
            'statuses_count': 5960,
            'time_zone': None,
            'translator_type': 'none',
            'url': None,
            'utc_offset': None,
            'verified': False}}
----------Summary----------
{ 'entities': { 'urls': { 'display_url': 'play.google.com/store/apps/det…',
                          'expanded_url': 'https://play.google.com/store/apps/details?id=com.wantapp'}},
  'id_str': '1156653513167892480',
  'retweeted_status': { 'entities': { 'urls': { 'display_url': 'twitter.com/i/web/status/1…',
                                                'expanded_url': 'https://twitter.com/i/web/status/1146990382942572544'}},
                        'id_str': '1146990382942572544',
                        'text': 'want marketplaces - download our b2b '
                                'marketplace at https://t.co/tf18nvlg7x  sto '
                                'private sale open now @ $0.18 - '
                                'https://t.co/woeh0qafca',
                        'user': { 'entities': {},
                                  'id_str': '834374677560705024',
                                  'twitter_user': 'wantmarketplace'}},
  'text': 'rt @wantmarketplace: want marketplaces - download our b2b '
          'marketplace at https://t.co/tf18nvlg7x  sto private sale open now @ '
          '$0.18 - https',
  'user': { 'entities': {},
            'id_str': '906031646884765701',
            'twitter_user': 'Mostofa2020'}}
----------Groups----------
{ 'Bitcoin': ['bitcoin', 'Bitcoin', 'btc', 'satoshi nakamoto'],
  'Ethereum': ['ethereum', 'Ethereum', 'eth', 'vitalik buterin'],
  'Litecoin': ['litecoin', 'Litecoin', 'ltc', 'charles lee'],
  'Monero': ['monero', 'Monero', 'xmr', 'riccardo spagni'],
  'Ripple': [ 'ripple',
              'Ripple',
              'xrp',
              'xrapid',
              'xcurrent',
              'chris larsen',
              'jed mccaleb']}
---------------------------Fetch-------2019-07-31 15:53:42.489322: Tweet filed under "misc":----------Data----------
{ 'contributors': None,
  'coordinates': None,
  'created_at': 'Wed Jul 31 19:51:00 +0000 2019',
  'entities': { 'hashtags': [ {'indices': [14, 23], 'text': 'BitValve'},
                              {'indices': [24, 39], 'text': 'Cryptocurrency'},
                              {'indices': [49, 53], 'text': 'ICO'},
                              {'indices': [78, 82], 'text': 'ICO'},
                              {'indices': [125, 129], 'text': 'MVP'}],
                'symbols': [],
                'urls': [],
                'user_mentions': [ { 'id': 1064475558329937926,
                                     'id_str': '1064475558329937926',
                                     'indices': [3, 12],
                                     'name': 'BitValve Cryptocurrency Exchange',
                                     'screen_name': 'bitvalve'},
                                   { 'id': 764788651872096256,
                                     'id_str': '764788651872096256',
                                     'indices': [95, 108],
                                     'name': 'CoinSchedule',
                                     'screen_name': 'coinschedule'}]},
  'favorite_count': 0,
  'favorited': False,
  'geo': None,
  'id': 1156653508357062656,
  'id_str': '1156653508357062656',
  'in_reply_to_screen_name': None,
  'in_reply_to_status_id': None,
  'in_reply_to_status_id_str': None,
  'in_reply_to_user_id': None,
  'in_reply_to_user_id_str': None,
  'is_quote_status': False,
  'lang': 'en',
  'metadata': {'iso_language_code': 'en', 'result_type': 'recent'},
  'place': None,
  'retweet_count': 306,
  'retweeted': False,
  'retweeted_status': { 'contributors': None,
                        'coordinates': None,
                        'created_at': 'Wed Jul 31 11:58:57 +0000 2019',
                        'entities': { 'hashtags': [ { 'indices': [0, 9],
                                                      'text': 'BitValve'},
                                                    { 'indices': [10, 25],
                                                      'text': 'Cryptocurrency'},
                                                    { 'indices': [35, 39],
                                                      'text': 'ICO'},
                                                    { 'indices': [64, 68],
                                                      'text': 'ICO'},
                                                    { 'indices': [111, 115],
                                                      'text': 'MVP'}],
                                      'symbols': [],
                                      'urls': [ { 'display_url': 'twitter.com/i/web/status/1…',
                                                  'expanded_url': 'https://twitter.com/i/web/status/1156534713856724992',
                                                  'indices': [117, 140],
                                                  'url': 'https://t.co/aRoDetDZB2'}],
                                      'user_mentions': [ { 'id': 764788651872096256,
                                                           'id_str': '764788651872096256',
                                                           'indices': [81, 94],
                                                           'name': 'CoinSchedule',
                                                           'screen_name': 'coinschedule'}]},
                        'favorite_count': 238,
                        'favorited': False,
                        'geo': None,
                        'id': 1156534713856724992,
                        'id_str': '1156534713856724992',
                        'in_reply_to_screen_name': None,
                        'in_reply_to_status_id': None,
                        'in_reply_to_status_id_str': None,
                        'in_reply_to_user_id': None,
                        'in_reply_to_user_id_str': None,
                        'is_quote_status': False,
                        'lang': 'en',
                        'metadata': { 'iso_language_code': 'en',
                                      'result_type': 'recent'},
                        'place': None,
                        'possibly_sensitive': False,
                        'retweet_count': 306,
                        'retweeted': False,
                        'source': '<a href="https://mobile.twitter.com" '
                                  'rel="nofollow">Twitter Web App</a>',
                        'text': '#BitValve #Cryptocurrency Exchange #ICO is '
                                'rated among the best #ICO projects on '
                                '@coinschedule!\n'
                                '\n'
                                'Check out our #MVP… https://t.co/aRoDetDZB2',
                        'truncated': True,
                        'user': { 'contributors_enabled': False,
                                  'created_at': 'Mon Nov 19 11:08:44 +0000 '
                                                '2018',
                                  'default_profile': False,
                                  'default_profile_image': False,
                                  'description': 'Buy, Sell and Trade your '
                                                 'favorite Cryptocurrency '
                                                 'using any payment method '
                                                 'available!',
                                  'entities': { 'description': {'urls': []},
                                                'url': { 'urls': [ { 'display_url': 'bitvalve.com',
                                                                     'expanded_url': 'https://www.bitvalve.com/',
                                                                     'indices': [ 0,
                                                                                  23],
                                                                     'url': 'https://t.co/LZzpLQkNMY'}]}},
                                  'favourites_count': 25,
                                  'follow_request_sent': None,
                                  'followers_count': 5834,
                                  'following': None,
                                  'friends_count': 11,
                                  'geo_enabled': False,
                                  'has_extended_profile': True,
                                  'id': 1064475558329937926,
                                  'id_str': '1064475558329937926',
                                  'is_translation_enabled': False,
                                  'is_translator': False,
                                  'lang': None,
                                  'listed_count': 12,
                                  'location': 'Cyprus',
                                  'name': 'BitValve Cryptocurrency Exchange',
                                  'notifications': None,
                                  'profile_background_color': '000000',
                                  'profile_background_image_url': 'http://abs.twimg.com/images/themes/theme1/bg.png',
                                  'profile_background_image_url_https': 'https://abs.twimg.com/images/themes/theme1/bg.png',
                                  'profile_background_tile': False,
                                  'profile_banner_url': 'https://pbs.twimg.com/profile_banners/1064475558329937926/1549939623',
                                  'profile_image_url': 'http://pbs.twimg.com/profile_images/1095152392176324608/CTvAkgJ4_normal.jpg',
                                  'profile_image_url_https': 'https://pbs.twimg.com/profile_images/1095152392176324608/CTvAkgJ4_normal.jpg',
                                  'profile_link_color': '7FDBB6',
                                  'profile_sidebar_border_color': '000000',
                                  'profile_sidebar_fill_color': '000000',
                                  'profile_text_color': '000000',
                                  'profile_use_background_image': False,
                                  'protected': False,
                                  'screen_name': 'bitvalve',
                                  'statuses_count': 97,
                                  'time_zone': None,
                                  'translator_type': 'none',
                                  'url': 'https://t.co/LZzpLQkNMY',
                                  'utc_offset': None,
                                  'verified': False}},
  'source': '<a href="http://twitter.com/download/android" '
            'rel="nofollow">Twitter for Android</a>',
  'text': 'RT @bitvalve: #BitValve #Cryptocurrency Exchange #ICO is rated '
          'among the best #ICO projects on @coinschedule!\n'
          '\n'
          'Check out our #MVP at https:…',
  'truncated': False,
  'user': { 'contributors_enabled': False,
            'created_at': 'Mon Mar 18 15:42:43 +0000 2019',
            'default_profile': True,
            'default_profile_image': False,
            'description': 'yang penting yakin',
            'entities': {'description': {'urls': []}},
            'favourites_count': 116,
            'follow_request_sent': None,
            'followers_count': 19,
            'following': None,
            'friends_count': 208,
            'geo_enabled': False,
            'has_extended_profile': False,
            'id': 1107668662125617152,
            'id_str': '1107668662125617152',
            'is_translation_enabled': False,
            'is_translator': False,
            'lang': None,
            'listed_count': 1,
            'location': 'Jawa Timur, Indonesia',
            'name': 'sinyo',
            'notifications': None,
            'profile_background_color': 'F5F8FA',
            'profile_background_image_url': None,
            'profile_background_image_url_https': None,
            'profile_background_tile': False,
            'profile_image_url': 'http://pbs.twimg.com/profile_images/1107669490760712194/nXPZW3Mo_normal.jpg',
            'profile_image_url_https': 'https://pbs.twimg.com/profile_images/1107669490760712194/nXPZW3Mo_normal.jpg',
            'profile_link_color': '1DA1F2',
            'profile_sidebar_border_color': 'C0DEED',
            'profile_sidebar_fill_color': 'DDEEF6',
            'profile_text_color': '333333',
            'profile_use_background_image': True,
            'protected': False,
            'screen_name': 'sinnyo87',
            'statuses_count': 376,
            'time_zone': None,
            'translator_type': 'none',
            'url': None,
            'utc_offset': None,
            'verified': False}}
----------Summary----------
{ 'entities': {},
  'id_str': '1156653508357062656',
  'retweeted_status': { 'entities': { 'urls': { 'display_url': 'twitter.com/i/web/status/1…',
                                                'expanded_url': 'https://twitter.com/i/web/status/1156534713856724992'}},
                        'id_str': '1156534713856724992',
                        'text': '#bitvalve #cryptocurrency exchange #ico is '
                                'rated among the best #ico projects on '
                                '@coinschedule!  check out our #mvp '
                                'https://t.co/arodetdzb2',
                        'user': { 'entities': {},
                                  'id_str': '1064475558329937926',
                                  'twitter_user': 'bitvalve'}},
  'text': 'rt @bitvalve: #bitvalve #cryptocurrency exchange #ico is rated '
          'among the best #ico projects on @coinschedule!  check out our #mvp '
          'at https:',
  'user': { 'entities': {},
            'id_str': '1107668662125617152',
            'twitter_user': 'sinnyo87'}}
----------Groups----------
{ 'Bitcoin': ['bitcoin', 'Bitcoin', 'btc', 'satoshi nakamoto'],
  'Ethereum': ['ethereum', 'Ethereum', 'eth', 'vitalik buterin'],
  'Litecoin': ['litecoin', 'Litecoin', 'ltc', 'charles lee'],
  'Monero': ['monero', 'Monero', 'xmr', 'riccardo spagni'],
  'Ripple': [ 'ripple',
              'Ripple',
              'xrp',
              'xrapid',
              'xcurrent',
              'chris larsen',
              'jed mccaleb']}
---------------------------Fetch-------2019-07-31 15:53:42.799801: Tweet filed under "misc":----------Data----------
{ 'contributors': None,
  'coordinates': None,
  'created_at': 'Wed Jul 31 19:52:53 +0000 2019',
  'entities': { 'hashtags': [],
                'symbols': [],
                'urls': [],
                'user_mentions': [ { 'id': 724823746729644033,
                                     'id_str': '724823746729644033',
                                     'indices': [3, 19],
                                     'name': 'JoseLuis🇧🇷noticia1jl4com',
                                     'screen_name': 'joseluisintwite'},
                                   { 'id': 724823746729644033,
                                     'id_str': '724823746729644033',
                                     'indices': [85, 101],
                                     'name': 'JoseLuis🇧🇷noticia1jl4com',
                                     'screen_name': 'joseluisintwite'}]},
  'favorite_count': 0,
  'favorited': False,
  'geo': None,
  'id': 1156653983261442049,
  'id_str': '1156653983261442049',
  'in_reply_to_screen_name': None,
  'in_reply_to_status_id': None,
  'in_reply_to_status_id_str': None,
  'in_reply_to_user_id': None,
  'in_reply_to_user_id_str': None,
  'is_quote_status': False,
  'lang': 'en',
  'metadata': {'iso_language_code': 'en', 'result_type': 'recent'},
  'place': None,
  'retweet_count': 1,
  'retweeted': False,
  'retweeted_status': { 'contributors': None,
                        'coordinates': None,
                        'created_at': 'Wed Jul 31 19:51:33 +0000 2019',
                        'entities': { 'hashtags': [],
                                      'symbols': [],
                                      'urls': [ { 'display_url': 'twitter.com/i/web/status/1…',
                                                  'expanded_url': 'https://twitter.com/i/web/status/1156653644894408704',
                                                  'indices': [116, 139],
                                                  'url': 'https://t.co/FEd293JWkC'}],
                                      'user_mentions': [ { 'id': 724823746729644033,
                                                           'id_str': '724823746729644033',
                                                           'indices': [64, 80],
                                                           'name': 'JoseLuis🇧🇷noticia1jl4com',
                                                           'screen_name': 'joseluisintwite'}]},
                        'favorite_count': 0,
                        'favorited': False,
                        'geo': None,
                        'id': 1156653644894408704,
                        'id_str': '1156653644894408704',
                        'in_reply_to_screen_name': None,
                        'in_reply_to_status_id': None,
                        'in_reply_to_status_id_str': None,
                        'in_reply_to_user_id': None,
                        'in_reply_to_user_id_str': None,
                        'is_quote_status': False,
                        'lang': 'en',
                        'metadata': { 'iso_language_code': 'en',
                                      'result_type': 'recent'},
                        'place': None,
                        'possibly_sensitive': False,
                        'retweet_count': 1,
                        'retweeted': False,
                        'source': '<a '
                                  'href="https://www.1jl4soft.co.technology" '
                                  'rel="nofollow">1Jl4Soft</a>',
                        'text': 'Hong Kong police have faced protester anger. '
                                'Some would rath.. \n'
                                '@joseluisintwite - Washingtonpost - Twitter - '
                                'News… https://t.co/FEd293JWkC',
                        'truncated': True,
                        'user': { 'contributors_enabled': False,
                                  'created_at': 'Tue Apr 26 04:53:42 +0000 '
                                                '2016',
                                  'default_profile': False,
                                  'default_profile_image': False,
                                  'description': '#News #Noticias #Twitter '
                                                 '#Bitcoin #CryptoCurreny '
                                                 '#Investment '
                                                 '#World🌐https://t.co/iMotcOabE8💯https://t.co/dWNytSOZ9m💯https://t.co/CB8S0j1j5R💯@joseluisintwite🇧🇷',
                                  'entities': { 'description': { 'urls': [ { 'display_url': 'noticias.1jl4.com',
                                                                             'expanded_url': 'http://noticias.1jl4.com',
                                                                             'indices': [ 68,
                                                                                          91],
                                                                             'url': 'https://t.co/iMotcOabE8'},
                                                                           { 'display_url': 'bitcoin.1jl4.com',
                                                                             'expanded_url': 'http://bitcoin.1jl4.com',
                                                                             'indices': [ 92,
                                                                                          115],
                                                                             'url': 'https://t.co/dWNytSOZ9m'},
                                                                           { 'display_url': 'cryptocurrency.1jl4.com',
                                                                             'expanded_url': 'http://cryptocurrency.1jl4.com',
                                                                             'indices': [ 116,
                                                                                          139],
                                                                             'url': 'https://t.co/CB8S0j1j5R'}]},
                                                'url': { 'urls': [ { 'display_url': 'hospedagemdominiojl.com/?1jl4.com',
                                                                     'expanded_url': 'https://hospedagemdominiojl.com/?1jl4.com',
                                                                     'indices': [ 0,
                                                                                  23],
                                                                     'url': 'https://t.co/7limO8Y8XJ'}]}},
                                  'favourites_count': 27,
                                  'follow_request_sent': None,
                                  'followers_count': 3424,
                                  'following': None,
                                  'friends_count': 4877,
                                  'geo_enabled': False,
                                  'has_extended_profile': True,
                                  'id': 724823746729644033,
                                  'id_str': '724823746729644033',
                                  'is_translation_enabled': False,
                                  'is_translator': False,
                                  'lang': None,
                                  'listed_count': 10,
                                  'location': 'BRASIL🇧🇷🌐noticias.1jl4.com🌐🇧🇷',
                                  'name': 'JoseLuis🇧🇷noticia1jl4com',
                                  'notifications': None,
                                  'profile_background_color': 'C0DEED',
                                  'profile_background_image_url': 'http://abs.twimg.com/images/themes/theme1/bg.png',
                                  'profile_background_image_url_https': 'https://abs.twimg.com/images/themes/theme1/bg.png',
                                  'profile_background_tile': True,
                                  'profile_banner_url': 'https://pbs.twimg.com/profile_banners/724823746729644033/1557000837',
                                  'profile_image_url': 'http://pbs.twimg.com/profile_images/1154891071144505349/RpKpCwFV_normal.jpg',
                                  'profile_image_url_https': 'https://pbs.twimg.com/profile_images/1154891071144505349/RpKpCwFV_normal.jpg',
                                  'profile_link_color': 'FF691F',
                                  'profile_sidebar_border_color': '000000',
                                  'profile_sidebar_fill_color': '000000',
                                  'profile_text_color': '000000',
                                  'profile_use_background_image': True,
                                  'protected': False,
                                  'screen_name': 'joseluisintwite',
                                  'statuses_count': 35142,
                                  'time_zone': None,
                                  'translator_type': 'none',
                                  'url': 'https://t.co/7limO8Y8XJ',
                                  'utc_offset': None,
                                  'verified': False}},
  'source': '<a href="https://mobile.twitter.com" rel="nofollow">Twitter Web '
            'App</a>',
  'text': 'RT @joseluisintwite: Hong Kong police have faced protester anger. '
          'Some would rath.. \n'
          '@joseluisintwite - Washingtonpost - Twitter - News - N…',
  'truncated': False,
  'user': { 'contributors_enabled': False,
            'created_at': 'Thu Jul 11 03:18:01 +0000 2019',
            'default_profile': True,
            'default_profile_image': False,
            'description': 'trabaja duró y tendrás lo q deseas .',
            'entities': {'description': {'urls': []}},
            'favourites_count': 23,
            'follow_request_sent': None,
            'followers_count': 156,
            'following': None,
            'friends_count': 251,
            'geo_enabled': False,
            'has_extended_profile': False,
            'id': 1149155858166796289,
            'id_str': '1149155858166796289',
            'is_translation_enabled': False,
            'is_translator': False,
            'lang': None,
            'listed_count': 3,
            'location': 'Ecuador',
            'name': 'Luci Vivas',
            'notifications': None,
            'profile_background_color': 'F5F8FA',
            'profile_background_image_url': None,
            'profile_background_image_url_https': None,
            'profile_background_tile': False,
            'profile_banner_url': 'https://pbs.twimg.com/profile_banners/1149155858166796289/1563343091',
            'profile_image_url': 'http://pbs.twimg.com/profile_images/1151370502654611456/bPt0EIci_normal.jpg',
            'profile_image_url_https': 'https://pbs.twimg.com/profile_images/1151370502654611456/bPt0EIci_normal.jpg',
            'profile_link_color': '1DA1F2',
            'profile_sidebar_border_color': 'C0DEED',
            'profile_sidebar_fill_color': 'DDEEF6',
            'profile_text_color': '333333',
            'profile_use_background_image': True,
            'protected': False,
            'screen_name': 'lucivivass',
            'statuses_count': 85,
            'time_zone': None,
            'translator_type': 'none',
            'url': None,
            'utc_offset': None,
            'verified': False}}
----------Summary----------
{ 'entities': {},
  'id_str': '1156653983261442049',
  'retweeted_status': { 'entities': { 'urls': { 'display_url': 'twitter.com/i/web/status/1…',
                                                'expanded_url': 'https://twitter.com/i/web/status/1156653644894408704'}},
                        'id_str': '1156653644894408704',
                        'text': 'hong kong police have faced protester anger. '
                                'some would rath..  @joseluisintwite - '
                                'washingtonpost - twitter - news '
                                'https://t.co/fed293jwkc',
                        'user': { 'entities': {},
                                  'id_str': '724823746729644033',
                                  'twitter_user': 'joseluisintwite'}},
  'text': 'rt @joseluisintwite: hong kong police have faced protester anger. '
          'some would rath..  @joseluisintwite - washingtonpost - twitter - '
          'news - n',
  'user': { 'entities': {},
            'id_str': '1149155858166796289',
            'twitter_user': 'lucivivass'}}
----------Groups----------
{ 'Bitcoin': ['bitcoin', 'Bitcoin', 'btc', 'satoshi nakamoto'],
  'Ethereum': ['ethereum', 'Ethereum', 'eth', 'vitalik buterin'],
  'Litecoin': ['litecoin', 'Litecoin', 'ltc', 'charles lee'],
  'Monero': ['monero', 'Monero', 'xmr', 'riccardo spagni'],
  'Ripple': [ 'ripple',
              'Ripple',
              'xrp',
              'xrapid',
              'xcurrent',
              'chris larsen',
              'jed mccaleb']}
---------------------------Fetch-------2019-07-31 15:53:44.741501: Tweet filed under "misc":----------Data----------
{ 'contributors': None,
  'coordinates': None,
  'created_at': 'Wed Jul 31 19:52:48 +0000 2019',
  'entities': { 'hashtags': [ {'indices': [0, 7], 'text': 'XAUUSD'},
                              {'indices': [13, 18], 'text': 'pips'},
                              {'indices': [64, 77], 'text': 'forextrading'},
                              {'indices': [79, 83], 'text': 'mt4'},
                              {'indices': [84, 91], 'text': 'Stocks'},
                              {'indices': [92, 104], 'text': 'forextrader'},
                              {'indices': [105, 113], 'text': 'ForexEA'}],
                'symbols': [],
                'urls': [ { 'display_url': 'buff.ly/2ROFkv3',
                            'expanded_url': 'https://buff.ly/2ROFkv3',
                            'indices': [39, 62],
                            'url': 'https://t.co/0j2wqX1ux6'},
                          { 'display_url': 'twitter.com/i/web/status/1…',
                            'expanded_url': 'https://twitter.com/i/web/status/1156653958720643072',
                            'indices': [115, 138],
                            'url': 'https://t.co/7VTzBxg7MO'}],
                'user_mentions': []},
  'favorite_count': 0,
  'favorited': False,
  'geo': None,
  'id': 1156653958720643072,
  'id_str': '1156653958720643072',
  'in_reply_to_screen_name': None,
  'in_reply_to_status_id': None,
  'in_reply_to_status_id_str': None,
  'in_reply_to_user_id': None,
  'in_reply_to_user_id_str': None,
  'is_quote_status': False,
  'lang': 'en',
  'metadata': {'iso_language_code': 'en', 'result_type': 'recent'},
  'place': None,
  'possibly_sensitive': False,
  'retweet_count': 0,
  'retweeted': False,
  'source': '<a href="http://twitter.com/download/android" '
            'rel="nofollow">Twitter for Android</a>',
  'text': '#XAUUSD +156 #pips\n'
          '\n'
          'Trade Like a pro👇👇\n'
          'https://t.co/0j2wqX1ux6\n'
          '\n'
          '#forextrading  #mt4 #Stocks #forextrader #ForexEA… '
          'https://t.co/7VTzBxg7MO',
  'truncated': True,
  'user': { 'contributors_enabled': False,
            'created_at': 'Thu Oct 11 09:04:40 +0000 2018',
            'default_profile': True,
            'default_profile_image': False,
            'description': '🔊 Forex Signals 95% Accuracy \n'
                           '💿 Education Materials \n'
                           '❄ 700- 1200 Pips / Week \n'
                           '👇Join Us To Make Money 👇\n'
                           'https://t.co/D6EXi7VORy',
            'entities': { 'description': { 'urls': [ { 'display_url': 't.me/MMFxsignals',
                                                       'expanded_url': 'http://t.me/MMFxsignals',
                                                       'indices': [103, 126],
                                                       'url': 'https://t.co/D6EXi7VORy'}]},
                          'url': { 'urls': [ { 'display_url': 't.me/MMFxsignals',
                                               'expanded_url': 'http://t.me/MMFxsignals',
                                               'indices': [0, 23],
                                               'url': 'https://t.co/D6EXi7VORy'}]}},
            'favourites_count': 1020,
            'follow_request_sent': None,
            'followers_count': 1272,
            'following': None,
            'friends_count': 75,
            'geo_enabled': False,
            'has_extended_profile': False,
            'id': 1050311207696130048,
            'id_str': '1050311207696130048',
            'is_translation_enabled': False,
            'is_translator': False,
            'lang': None,
            'listed_count': 7,
            'location': 'London, England',
            'name': 'MMFX signals',
            'notifications': None,
            'profile_background_color': 'F5F8FA',
            'profile_background_image_url': None,
            'profile_background_image_url_https': None,
            'profile_background_tile': False,
            'profile_banner_url': 'https://pbs.twimg.com/profile_banners/1050311207696130048/1564009479',
            'profile_image_url': 'http://pbs.twimg.com/profile_images/1154165526958096386/xdYJvEnF_normal.jpg',
            'profile_image_url_https': 'https://pbs.twimg.com/profile_images/1154165526958096386/xdYJvEnF_normal.jpg',
            'profile_link_color': '1DA1F2',
            'profile_sidebar_border_color': 'C0DEED',
            'profile_sidebar_fill_color': 'DDEEF6',
            'profile_text_color': '333333',
            'profile_use_background_image': True,
            'protected': False,
            'screen_name': 'MoneyMakerFx1',
            'statuses_count': 477,
            'time_zone': None,
            'translator_type': 'none',
            'url': 'https://t.co/D6EXi7VORy',
            'utc_offset': None,
            'verified': False}}
----------Summary----------
{ 'entities': { 'urls': { 'display_url': 'twitter.com/i/web/status/1…',
                          'expanded_url': 'https://twitter.com/i/web/status/1156653958720643072'}},
  'id_str': '1156653958720643072',
  'text': '#xauusd +156 #pips  trade like a pro https://t.co/0j2wqx1ux6  '
          '#forextrading  #mt4 #stocks #forextrader #forexea '
          'https://t.co/7vtzbxg7mo',
  'user': { 'entities': {},
            'id_str': '1050311207696130048',
            'twitter_user': 'MoneyMakerFx1'}}
----------Groups----------
{ 'Bitcoin': ['bitcoin', 'Bitcoin', 'btc', 'satoshi nakamoto'],
  'Ethereum': ['ethereum', 'Ethereum', 'eth', 'vitalik buterin'],
  'Litecoin': ['litecoin', 'Litecoin', 'ltc', 'charles lee'],
  'Monero': ['monero', 'Monero', 'xmr', 'riccardo spagni'],
  'Ripple': [ 'ripple',
              'Ripple',
              'xrp',
              'xrapid',
              'xcurrent',
              'chris larsen',
              'jed mccaleb']}
---------------------------Fetch-------2019-07-31 15:53:45.666118: Tweet filed under "misc":----------Data----------
{ 'contributors': None,
  'coordinates': None,
  'created_at': 'Wed Jul 31 19:52:46 +0000 2019',
  'entities': { 'hashtags': [],
                'symbols': [],
                'urls': [ { 'display_url': 'twitter.com/i/web/status/1…',
                            'expanded_url': 'https://twitter.com/i/web/status/1156653954287198209',
                            'indices': [117, 140],
                            'url': 'https://t.co/ZRtOdyV1Yn'}],
                'user_mentions': [ { 'id': 339061487,
                                     'id_str': '339061487',
                                     'indices': [13, 24],
                                     'name': 'Pomp 🌪',
                                     'screen_name': 'APompliano'}]},
  'favorite_count': 0,
  'favorited': False,
  'geo': None,
  'id': 1156653954287198209,
  'id_str': '1156653954287198209',
  'in_reply_to_screen_name': 'JohnLombela',
  'in_reply_to_status_id': 1156652976376877057,
  'in_reply_to_status_id_str': '1156652976376877057',
  'in_reply_to_user_id': 108433648,
  'in_reply_to_user_id_str': '108433648',
  'is_quote_status': False,
  'lang': 'en',
  'metadata': {'iso_language_code': 'en', 'result_type': 'recent'},
  'place': None,
  'retweet_count': 0,
  'retweeted': False,
  'source': '<a href="http://twitter.com/download/android" '
            'rel="nofollow">Twitter for Android</a>',
  'text': 'Great debate @APompliano and would be great to engage with you soon '
          "to discuss what we're doing in South Africa and… "
          'https://t.co/ZRtOdyV1Yn',
  'truncated': True,
  'user': { 'contributors_enabled': False,
            'created_at': 'Mon Jan 25 23:00:42 +0000 2010',
            'default_profile': False,
            'default_profile_image': False,
            'description': 'Entrepreneur and Founder of Innovecs Consulting, '
                           'and @Cryptovecs. Blockchain Evangelist and Crypto '
                           'Fund Manager. Views are my own.',
            'entities': { 'description': {'urls': []},
                          'url': { 'urls': [ { 'display_url': 'cryptovecs.com',
                                               'expanded_url': 'http://www.cryptovecs.com',
                                               'indices': [0, 23],
                                               'url': 'https://t.co/ya47To3qd7'}]}},
            'favourites_count': 2127,
            'follow_request_sent': None,
            'followers_count': 407,
            'following': None,
            'friends_count': 327,
            'geo_enabled': True,
            'has_extended_profile': True,
            'id': 108433648,
            'id_str': '108433648',
            'is_translation_enabled': False,
            'is_translator': False,
            'lang': None,
            'listed_count': 17,
            'location': 'Johannesburg, South Africa',
            'name': 'John Lombela',
            'notifications': None,
            'profile_background_color': 'C7C7C7',
            'profile_background_image_url': 'http://abs.twimg.com/images/themes/theme7/bg.gif',
            'profile_background_image_url_https': 'https://abs.twimg.com/images/themes/theme7/bg.gif',
            'profile_background_tile': False,
            'profile_banner_url': 'https://pbs.twimg.com/profile_banners/108433648/1555589133',
            'profile_image_url': 'http://pbs.twimg.com/profile_images/799584183442141184/lvgy2Nt3_normal.jpg',
            'profile_image_url_https': 'https://pbs.twimg.com/profile_images/799584183442141184/lvgy2Nt3_normal.jpg',
            'profile_link_color': 'FAB81E',
            'profile_sidebar_border_color': 'FFFFFF',
            'profile_sidebar_fill_color': 'F3F3F3',
            'profile_text_color': '333333',
            'profile_use_background_image': False,
            'protected': False,
            'screen_name': 'JohnLombela',
            'statuses_count': 1181,
            'time_zone': None,
            'translator_type': 'none',
            'url': 'https://t.co/ya47To3qd7',
            'utc_offset': None,
            'verified': False}}
----------Summary----------
{ 'entities': { 'urls': { 'display_url': 'twitter.com/i/web/status/1…',
                          'expanded_url': 'https://twitter.com/i/web/status/1156653954287198209'}},
  'id_str': '1156653954287198209',
  'text': 'great debate @apompliano and would be great to engage with you soon '
          "to discuss what we're doing in south africa and "
          'https://t.co/zrtodyv1yn',
  'user': { 'entities': {},
            'id_str': '108433648',
            'twitter_user': 'JohnLombela'}}
----------Groups----------
{ 'Bitcoin': ['bitcoin', 'Bitcoin', 'btc', 'satoshi nakamoto'],
  'Ethereum': ['ethereum', 'Ethereum', 'eth', 'vitalik buterin'],
  'Litecoin': ['litecoin', 'Litecoin', 'ltc', 'charles lee'],
  'Monero': ['monero', 'Monero', 'xmr', 'riccardo spagni'],
  'Ripple': [ 'ripple',
              'Ripple',
              'xrp',
              'xrapid',
              'xcurrent',
              'chris larsen',
              'jed mccaleb']}
---------------------------Fetch-------2019-07-31 15:53:46.586911: Tweet filed under "misc":----------Data----------
{ 'contributors': None,
  'coordinates': None,
  'created_at': 'Wed Jul 31 19:52:44 +0000 2019',
  'entities': { 'hashtags': [],
                'symbols': [],
                'urls': [ { 'display_url': 'youtu.be/ALmakgKrhJE',
                            'expanded_url': 'https://youtu.be/ALmakgKrhJE',
                            'indices': [43, 66],
                            'url': 'https://t.co/Y697kwnw87'},
                          { 'display_url': 'twitter.com/i/web/status/1…',
                            'expanded_url': 'https://twitter.com/i/web/status/1156653944854044673',
                            'indices': [117, 140],
                            'url': 'https://t.co/9DF2Iqzc0U'}],
                'user_mentions': []},
  'favorite_count': 0,
  'favorited': False,
  'geo': None,
  'id': 1156653944854044673,
  'id_str': '1156653944854044673',
  'in_reply_to_screen_name': None,
  'in_reply_to_status_id': None,
  'in_reply_to_status_id_str': None,
  'in_reply_to_user_id': None,
  'in_reply_to_user_id_str': None,
  'is_quote_status': False,
  'lang': 'en',
  'metadata': {'iso_language_code': 'en', 'result_type': 'recent'},
  'place': None,
  'possibly_sensitive': False,
  'retweet_count': 0,
  'retweeted': False,
  'source': '<a href="http://twitter.com" rel="nofollow">Twitter Web '
            'Client</a>',
  'text': 'Building Litrides on the Lightning Network https://t.co/Y697kwnw87 '
          '- My lightning talk a the SF Lightning Developer… '
          'https://t.co/9DF2Iqzc0U',
  'truncated': True,
  'user': { 'contributors_enabled': False,
            'created_at': 'Fri Sep 02 08:43:06 +0000 2011',
            'default_profile': False,
            'default_profile_image': False,
            'description': 'Blockchain Software Engineer | Chief Technology '
                           'Officer @techtraphouse',
            'entities': { 'description': {'urls': []},
                          'url': { 'urls': [ { 'display_url': 'techtrap.house',
                                               'expanded_url': 'https://techtrap.house',
                                               'indices': [0, 23],
                                               'url': 'https://t.co/pGvDto6QZp'}]}},
            'favourites_count': 2152,
            'follow_request_sent': None,
            'followers_count': 905,
            'following': None,
            'friends_count': 2695,
            'geo_enabled': False,
            'has_extended_profile': False,
            'id': 366498199,
            'id_str': '366498199',
            'is_translation_enabled': False,
            'is_translator': False,
            'lang': None,
            'listed_count': 82,
            'location': 'San Francisco, CA',
            'name': 'Fodé Diop 🇸🇳',
            'notifications': None,
            'profile_background_color': '131516',
            'profile_background_image_url': 'http://abs.twimg.com/images/themes/theme14/bg.gif',
            'profile_background_image_url_https': 'https://abs.twimg.com/images/themes/theme14/bg.gif',
            'profile_background_tile': True,
            'profile_banner_url': 'https://pbs.twimg.com/profile_banners/366498199/1504227415',
            'profile_image_url': 'http://pbs.twimg.com/profile_images/909685229891104768/zyG2fCEj_normal.jpg',
            'profile_image_url_https': 'https://pbs.twimg.com/profile_images/909685229891104768/zyG2fCEj_normal.jpg',
            'profile_link_color': '009999',
            'profile_sidebar_border_color': 'EEEEEE',
            'profile_sidebar_fill_color': 'EFEFEF',
            'profile_text_color': '333333',
            'profile_use_background_image': True,
            'protected': False,
            'screen_name': 'diopfode',
            'statuses_count': 704,
            'time_zone': None,
            'translator_type': 'none',
            'url': 'https://t.co/pGvDto6QZp',
            'utc_offset': None,
            'verified': False}}
----------Summary----------
{ 'entities': { 'urls': { 'display_url': 'twitter.com/i/web/status/1…',
                          'expanded_url': 'https://twitter.com/i/web/status/1156653944854044673'}},
  'id_str': '1156653944854044673',
  'text': 'building litrides on the lightning network https://t.co/y697kwnw87 '
          '- my lightning talk a the sf lightning developer '
          'https://t.co/9df2iqzc0u',
  'user': {'entities': {}, 'id_str': '366498199', 'twitter_user': 'diopfode'}}
----------Groups----------
{ 'Bitcoin': ['bitcoin', 'Bitcoin', 'btc', 'satoshi nakamoto'],
  'Ethereum': ['ethereum', 'Ethereum', 'eth', 'vitalik buterin'],
  'Litecoin': ['litecoin', 'Litecoin', 'ltc', 'charles lee'],
  'Monero': ['monero', 'Monero', 'xmr', 'riccardo spagni'],
  'Ripple': [ 'ripple',
              'Ripple',
              'xrp',
              'xrapid',
              'xcurrent',
              'chris larsen',
              'jed mccaleb']}
---------------------------Fetch-------2019-07-31 15:53:46.797673: Tweet filed under "misc":----------Data----------
{ 'contributors': None,
  'coordinates': None,
  'created_at': 'Wed Jul 31 19:52:44 +0000 2019',
  'entities': { 'hashtags': [],
                'symbols': [],
                'urls': [ { 'display_url': 'twitter.com/i/web/status/1…',
                            'expanded_url': 'https://twitter.com/i/web/status/1156653944443215872',
                            'indices': [115, 138],
                            'url': 'https://t.co/0zLe4w772s'}],
                'user_mentions': []},
  'favorite_count': 0,
  'favorited': False,
  'geo': None,
  'id': 1156653944443215872,
  'id_str': '1156653944443215872',
  'in_reply_to_screen_name': None,
  'in_reply_to_status_id': None,
  'in_reply_to_status_id_str': None,
  'in_reply_to_user_id': None,
  'in_reply_to_user_id_str': None,
  'is_quote_status': False,
  'lang': 'en',
  'metadata': {'iso_language_code': 'en', 'result_type': 'recent'},
  'place': None,
  'possibly_sensitive': False,
  'retweet_count': 0,
  'retweeted': False,
  'source': '<a href="https://mobile.twitter.com" rel="nofollow">Twitter Web '
            'App</a>',
  'text': '♣️ New Listing ♣️\n'
          '\n'
          'We are glad to announce that we will add MotaCoin (MOTA) to AIO '
          'Casino.\n'
          '\n'
          'Join AIO Casino here:… https://t.co/0zLe4w772s',
  'truncated': True,
  'user': { 'contributors_enabled': False,
            'created_at': 'Tue Apr 09 14:23:11 +0000 2019',
            'default_profile': False,
            'default_profile_image': False,
            'description': 'AIO Casino is a cryptocurrency casino, which aims '
                           'to connect all possible games in the gambling '
                           'industry on one platform.',
            'entities': { 'description': {'urls': []},
                          'url': { 'urls': [ { 'display_url': 'aiocasino.com',
                                               'expanded_url': 'http://www.aiocasino.com',
                                               'indices': [0, 23],
                                               'url': 'https://t.co/ilzffCUZlS'}]}},
            'favourites_count': 3,
            'follow_request_sent': None,
            'followers_count': 1521,
            'following': None,
            'friends_count': 10,
            'geo_enabled': False,
            'has_extended_profile': False,
            'id': 1115621181472686080,
            'id_str': '1115621181472686080',
            'is_translation_enabled': False,
            'is_translator': False,
            'lang': None,
            'listed_count': 0,
            'location': 'Blockchain',
            'name': 'AIO Casino',
            'notifications': None,
            'profile_background_color': '000000',
            'profile_background_image_url': 'http://abs.twimg.com/images/themes/theme1/bg.png',
            'profile_background_image_url_https': 'https://abs.twimg.com/images/themes/theme1/bg.png',
            'profile_background_tile': False,
            'profile_banner_url': 'https://pbs.twimg.com/profile_banners/1115621181472686080/1555011542',
            'profile_image_url': 'http://pbs.twimg.com/profile_images/1116419292973678593/-huZ59dZ_normal.png',
            'profile_image_url_https': 'https://pbs.twimg.com/profile_images/1116419292973678593/-huZ59dZ_normal.png',
            'profile_link_color': '15244C',
            'profile_sidebar_border_color': '000000',
            'profile_sidebar_fill_color': '000000',
            'profile_text_color': '000000',
            'profile_use_background_image': False,
            'protected': False,
            'screen_name': 'AioCasino',
            'statuses_count': 44,
            'time_zone': None,
            'translator_type': 'none',
            'url': 'https://t.co/ilzffCUZlS',
            'utc_offset': None,
            'verified': False}}
----------Summary----------
{ 'entities': { 'urls': { 'display_url': 'twitter.com/i/web/status/1…',
                          'expanded_url': 'https://twitter.com/i/web/status/1156653944443215872'}},
  'id_str': '1156653944443215872',
  'text': ' new listing   we are glad to announce that we will add motacoin '
          '(mota) to aio casino.  join aio casino here: '
          'https://t.co/0zle4w772s',
  'user': { 'entities': {},
            'id_str': '1115621181472686080',
            'twitter_user': 'AioCasino'}}
----------Groups----------
{ 'Bitcoin': ['bitcoin', 'Bitcoin', 'btc', 'satoshi nakamoto'],
  'Ethereum': ['ethereum', 'Ethereum', 'eth', 'vitalik buterin'],
  'Litecoin': ['litecoin', 'Litecoin', 'ltc', 'charles lee'],
  'Monero': ['monero', 'Monero', 'xmr', 'riccardo spagni'],
  'Ripple': [ 'ripple',
              'Ripple',
              'xrp',
              'xrapid',
              'xcurrent',
              'chris larsen',
              'jed mccaleb']}
---------------------------Fetch-------2019-07-31 15:53:49.685765: Tweet filed under "misc":----------Data----------
{ 'contributors': None,
  'coordinates': None,
  'created_at': 'Wed Jul 31 19:52:31 +0000 2019',
  'entities': { 'hashtags': [],
                'symbols': [],
                'urls': [ { 'display_url': 'twitter.com/i/web/status/1…',
                            'expanded_url': 'https://twitter.com/i/web/status/1156653888025399296',
                            'indices': [117, 140],
                            'url': 'https://t.co/UOaozKfSf8'}],
                'user_mentions': [ { 'id': 975959575944769536,
                                     'id_str': '975959575944769536',
                                     'indices': [0, 11],
                                     'name': 'Michael Policar',
                                     'screen_name': '15MinuteFA'}]},
  'favorite_count': 1,
  'favorited': False,
  'geo': None,
  'id': 1156653888025399296,
  'id_str': '1156653888025399296',
  'in_reply_to_screen_name': '15MinuteFA',
  'in_reply_to_status_id': 1156645330592518144,
  'in_reply_to_status_id_str': '1156645330592518144',
  'in_reply_to_user_id': 975959575944769536,
  'in_reply_to_user_id_str': '975959575944769536',
  'is_quote_status': False,
  'lang': 'en',
  'metadata': {'iso_language_code': 'en', 'result_type': 'recent'},
  'place': None,
  'retweet_count': 0,
  'retweeted': False,
  'source': '<a href="https://about.twitter.com/products/tweetdeck" '
            'rel="nofollow">TweetDeck</a>',
  'text': "@15MinuteFA This is a fair point, but at this point I don't think "
          "it's really an apt comparison. Crypto often not a… "
          'https://t.co/UOaozKfSf8',
  'truncated': True,
  'user': { 'contributors_enabled': False,
            'created_at': 'Mon May 02 03:03:10 +0000 2011',
            'default_profile': False,
            'default_profile_image': False,
            'description': 'Fintech reporter and columnist @newsfromIN. Also '
                           'tweets Star Wars, sports, music & other nerdiness. '
                           'DMs open for story tips or email '
                           'rneal@investmentnews.com',
            'entities': {'description': {'urls': []}},
            'favourites_count': 10853,
            'follow_request_sent': None,
            'followers_count': 3309,
            'following': None,
            'friends_count': 620,
            'geo_enabled': True,
            'has_extended_profile': True,
            'id': 291483371,
            'id_str': '291483371',
            'is_translation_enabled': False,
            'is_translator': False,
            'lang': None,
            'listed_count': 257,
            'location': 'New York, NY',
            'name': 'Ryan W. Neal',
            'notifications': None,
            'profile_background_color': '000000',
            'profile_background_image_url': 'http://abs.twimg.com/images/themes/theme4/bg.gif',
            'profile_background_image_url_https': 'https://abs.twimg.com/images/themes/theme4/bg.gif',
            'profile_background_tile': False,
            'profile_banner_url': 'https://pbs.twimg.com/profile_banners/291483371/1476502044',
            'profile_image_url': 'http://pbs.twimg.com/profile_images/1099376346004897792/AaXQ8VIi_normal.png',
            'profile_image_url_https': 'https://pbs.twimg.com/profile_images/1099376346004897792/AaXQ8VIi_normal.png',
            'profile_link_color': '7FDBB6',
            'profile_sidebar_border_color': '000000',
            'profile_sidebar_fill_color': '000000',
            'profile_text_color': '000000',
            'profile_use_background_image': False,
            'protected': False,
            'screen_name': 'ryanWneal',
            'statuses_count': 28848,
            'time_zone': None,
            'translator_type': 'none',
            'url': None,
            'utc_offset': None,
            'verified': False}}
----------Summary----------
{ 'entities': { 'urls': { 'display_url': 'twitter.com/i/web/status/1…',
                          'expanded_url': 'https://twitter.com/i/web/status/1156653888025399296'}},
  'id_str': '1156653888025399296',
  'text': "@15minutefa this is a fair point, but at this point i don't think "
          "it's really an apt comparison. crypto often not a "
          'https://t.co/uoaozkfsf8',
  'user': {'entities': {}, 'id_str': '291483371', 'twitter_user': 'ryanWneal'}}
----------Groups----------
{ 'Bitcoin': ['bitcoin', 'Bitcoin', 'btc', 'satoshi nakamoto'],
  'Ethereum': ['ethereum', 'Ethereum', 'eth', 'vitalik buterin'],
  'Litecoin': ['litecoin', 'Litecoin', 'ltc', 'charles lee'],
  'Monero': ['monero', 'Monero', 'xmr', 'riccardo spagni'],
  'Ripple': [ 'ripple',
              'Ripple',
              'xrp',
              'xrapid',
              'xcurrent',
              'chris larsen',
              'jed mccaleb']}
---------------------------Fetch-------2019-07-31 15:53:53.242897: Tweet filed under "misc":----------Data----------
{ 'contributors': None,
  'coordinates': None,
  'created_at': 'Wed Jul 31 19:52:06 +0000 2019',
  'entities': { 'hashtags': [ {'indices': [0, 7], 'text': 'NZDUSD'},
                              {'indices': [12, 17], 'text': 'pips'},
                              {'indices': [63, 76], 'text': 'forextrading'},
                              {'indices': [78, 82], 'text': 'mt4'},
                              {'indices': [83, 90], 'text': 'Stocks'},
                              {'indices': [91, 103], 'text': 'forextrader'},
                              {'indices': [104, 115], 'text': 'ForexAlert'}],
                'symbols': [],
                'urls': [ { 'display_url': 'buff.ly/2ROFkv3',
                            'expanded_url': 'https://buff.ly/2ROFkv3',
                            'indices': [38, 61],
                            'url': 'https://t.co/0j2wqX1ux6'},
                          { 'display_url': 'twitter.com/i/web/status/1…',
                            'expanded_url': 'https://twitter.com/i/web/status/1156653785709780998',
                            'indices': [117, 140],
                            'url': 'https://t.co/PfGlKC59Ef'}],
                'user_mentions': []},
  'favorite_count': 0,
  'favorited': False,
  'geo': None,
  'id': 1156653785709780998,
  'id_str': '1156653785709780998',
  'in_reply_to_screen_name': None,
  'in_reply_to_status_id': None,
  'in_reply_to_status_id_str': None,
  'in_reply_to_user_id': None,
  'in_reply_to_user_id_str': None,
  'is_quote_status': False,
  'lang': 'en',
  'metadata': {'iso_language_code': 'en', 'result_type': 'recent'},
  'place': None,
  'possibly_sensitive': False,
  'retweet_count': 0,
  'retweeted': False,
  'source': '<a href="http://twitter.com/download/android" '
            'rel="nofollow">Twitter for Android</a>',
  'text': '#NZDUSD +52 #pips\n'
          '\n'
          'Trade Like a pro👇👇\n'
          'https://t.co/0j2wqX1ux6\n'
          '\n'
          '#forextrading  #mt4 #Stocks #forextrader #ForexAlert… '
          'https://t.co/PfGlKC59Ef',
  'truncated': True,
  'user': { 'contributors_enabled': False,
            'created_at': 'Thu Oct 11 09:04:40 +0000 2018',
            'default_profile': True,
            'default_profile_image': False,
            'description': '🔊 Forex Signals 95% Accuracy \n'
                           '💿 Education Materials \n'
                           '❄ 700- 1200 Pips / Week \n'
                           '👇Join Us To Make Money 👇\n'
                           'https://t.co/D6EXi7VORy',
            'entities': { 'description': { 'urls': [ { 'display_url': 't.me/MMFxsignals',
                                                       'expanded_url': 'http://t.me/MMFxsignals',
                                                       'indices': [103, 126],
                                                       'url': 'https://t.co/D6EXi7VORy'}]},
                          'url': { 'urls': [ { 'display_url': 't.me/MMFxsignals',
                                               'expanded_url': 'http://t.me/MMFxsignals',
                                               'indices': [0, 23],
                                               'url': 'https://t.co/D6EXi7VORy'}]}},
            'favourites_count': 1020,
            'follow_request_sent': None,
            'followers_count': 1272,
            'following': None,
            'friends_count': 75,
            'geo_enabled': False,
            'has_extended_profile': False,
            'id': 1050311207696130048,
            'id_str': '1050311207696130048',
            'is_translation_enabled': False,
            'is_translator': False,
            'lang': None,
            'listed_count': 7,
            'location': 'London, England',
            'name': 'MMFX signals',
            'notifications': None,
            'profile_background_color': 'F5F8FA',
            'profile_background_image_url': None,
            'profile_background_image_url_https': None,
            'profile_background_tile': False,
            'profile_banner_url': 'https://pbs.twimg.com/profile_banners/1050311207696130048/1564009479',
            'profile_image_url': 'http://pbs.twimg.com/profile_images/1154165526958096386/xdYJvEnF_normal.jpg',
            'profile_image_url_https': 'https://pbs.twimg.com/profile_images/1154165526958096386/xdYJvEnF_normal.jpg',
            'profile_link_color': '1DA1F2',
            'profile_sidebar_border_color': 'C0DEED',
            'profile_sidebar_fill_color': 'DDEEF6',
            'profile_text_color': '333333',
            'profile_use_background_image': True,
            'protected': False,
            'screen_name': 'MoneyMakerFx1',
            'statuses_count': 477,
            'time_zone': None,
            'translator_type': 'none',
            'url': 'https://t.co/D6EXi7VORy',
            'utc_offset': None,
            'verified': False}}
----------Summary----------
{ 'entities': { 'urls': { 'display_url': 'twitter.com/i/web/status/1…',
                          'expanded_url': 'https://twitter.com/i/web/status/1156653785709780998'}},
  'id_str': '1156653785709780998',
  'text': '#nzdusd +52 #pips  trade like a pro https://t.co/0j2wqx1ux6  '
          '#forextrading  #mt4 #stocks #forextrader #forexalert '
          'https://t.co/pfglkc59ef',
  'user': { 'entities': {},
            'id_str': '1050311207696130048',
            'twitter_user': 'MoneyMakerFx1'}}
----------Groups----------
{ 'Bitcoin': ['bitcoin', 'Bitcoin', 'btc', 'satoshi nakamoto'],
  'Ethereum': ['ethereum', 'Ethereum', 'eth', 'vitalik buterin'],
  'Litecoin': ['litecoin', 'Litecoin', 'ltc', 'charles lee'],
  'Monero': ['monero', 'Monero', 'xmr', 'riccardo spagni'],
  'Ripple': [ 'ripple',
              'Ripple',
              'xrp',
              'xrapid',
              'xcurrent',
              'chris larsen',
              'jed mccaleb']}
---------------------------Fetch-------2019-07-31 15:53:53.449392: Tweet filed under "misc":----------Data----------
{ 'contributors': None,
  'coordinates': None,
  'created_at': 'Wed Jul 31 19:52:04 +0000 2019',
  'entities': { 'hashtags': [{'indices': [26, 39], 'text': 'CSGOGIVEAWAY'}],
                'symbols': [],
                'urls': [],
                'user_mentions': [ { 'id': 999383379043930112,
                                     'id_str': '999383379043930112',
                                     'indices': [3, 18],
                                     'name': '🎁 GiveawaysMemme | CS:GO / VGO '
                                             'Giveaways! 🎁',
                                     'screen_name': 'GiveawaysMemme'},
                                   { 'id': 999383379043930112,
                                     'id_str': '999383379043930112',
                                     'indices': [107, 122],
                                     'name': '🎁 GiveawaysMemme | CS:GO / VGO '
                                             'Giveaways! 🎁',
                                     'screen_name': 'GiveawaysMemme'}]},
  'favorite_count': 0,
  'favorited': False,
  'geo': None,
  'id': 1156653776280936449,
  'id_str': '1156653776280936449',
  'in_reply_to_screen_name': None,
  'in_reply_to_status_id': None,
  'in_reply_to_status_id_str': None,
  'in_reply_to_user_id': None,
  'in_reply_to_user_id_str': None,
  'is_quote_status': False,
  'lang': 'en',
  'metadata': {'iso_language_code': 'en', 'result_type': 'recent'},
  'place': None,
  'retweet_count': 89,
  'retweeted': False,
  'retweeted_status': { 'contributors': None,
                        'coordinates': None,
                        'created_at': 'Wed Jul 31 11:49:15 +0000 2019',
                        'entities': { 'hashtags': [ { 'indices': [6, 19],
                                                      'text': 'CSGOGIVEAWAY'}],
                                      'symbols': [],
                                      'urls': [ { 'display_url': 'twitter.com/i/web/status/1…',
                                                  'expanded_url': 'https://twitter.com/i/web/status/1156532269483515904',
                                                  'indices': [115, 138],
                                                  'url': 'https://t.co/5gqG9OwFjo'}],
                                      'user_mentions': [ { 'id': 999383379043930112,
                                                           'id_str': '999383379043930112',
                                                           'indices': [87, 102],
                                                           'name': '🎁 '
                                                                   'GiveawaysMemme '
                                                                   '| CS:GO / '
                                                                   'VGO '
                                                                   'Giveaways! '
                                                                   '🎁',
                                                           'screen_name': 'GiveawaysMemme'}]},
                        'favorite_count': 65,
                        'favorited': False,
                        'geo': None,
                        'id': 1156532269483515904,
                        'id_str': '1156532269483515904',
                        'in_reply_to_screen_name': None,
                        'in_reply_to_status_id': None,
                        'in_reply_to_status_id_str': None,
                        'in_reply_to_user_id': None,
                        'in_reply_to_user_id_str': None,
                        'is_quote_status': False,
                        'lang': 'en',
                        'metadata': { 'iso_language_code': 'en',
                                      'result_type': 'recent'},
                        'place': None,
                        'possibly_sensitive': False,
                        'retweet_count': 89,
                        'retweeted': False,
                        'source': '<a '
                                  'href="http://twitter.com/download/android" '
                                  'rel="nofollow">Twitter for Android</a>',
                        'text': '🔥 NEW #CSGOGIVEAWAY 🔥\n'
                                '🎁 ($1.30) GALIL AR ROCKET POP MW 🎁\n'
                                '🌍 To enter:\n'
                                '✔ - RT\n'
                                '✔ - Follow @GiveawaysMemme\n'
                                '✔ - Follow… https://t.co/5gqG9OwFjo',
                        'truncated': True,
                        'user': { 'contributors_enabled': False,
                                  'created_at': 'Wed May 23 20:15:40 +0000 '
                                                '2018',
                                  'default_profile': False,
                                  'default_profile_image': False,
                                  'description': '🔶️ Trustable CS:GO / VGO '
                                                 'giveaway platform 🔶️ Proof: '
                                                 '#MemmeLegit 🔶️ Stay tuned '
                                                 'for flash giveaways! 🔶️  DM '
                                                 'us for business! 🔶',
                                  'entities': { 'description': {'urls': []},
                                                'url': { 'urls': [ { 'display_url': 'free.gg/invite/turbo',
                                                                     'expanded_url': 'https://free.gg/invite/turbo',
                                                                     'indices': [ 0,
                                                                                  23],
                                                                     'url': 'https://t.co/4Df4hZCAPc'}]}},
                                  'favourites_count': 877,
                                  'follow_request_sent': None,
                                  'followers_count': 2321,
                                  'following': None,
                                  'friends_count': 602,
                                  'geo_enabled': False,
                                  'has_extended_profile': True,
                                  'id': 999383379043930112,
                                  'id_str': '999383379043930112',
                                  'is_translation_enabled': False,
                                  'is_translator': False,
                                  'lang': None,
                                  'listed_count': 0,
                                  'location': 'DM us to sponsor a giveaway!',
                                  'name': '🎁 GiveawaysMemme | CS:GO / VGO '
                                          'Giveaways! 🎁',
                                  'notifications': None,
                                  'profile_background_color': '000000',
                                  'profile_background_image_url': 'http://abs.twimg.com/images/themes/theme1/bg.png',
                                  'profile_background_image_url_https': 'https://abs.twimg.com/images/themes/theme1/bg.png',
                                  'profile_background_tile': False,
                                  'profile_banner_url': 'https://pbs.twimg.com/profile_banners/999383379043930112/1547134492',
                                  'profile_image_url': 'http://pbs.twimg.com/profile_images/1083386610320846848/Qys3iSNl_normal.jpg',
                                  'profile_image_url_https': 'https://pbs.twimg.com/profile_images/1083386610320846848/Qys3iSNl_normal.jpg',
                                  'profile_link_color': 'FAB81E',
                                  'profile_sidebar_border_color': '000000',
                                  'profile_sidebar_fill_color': '000000',
                                  'profile_text_color': '000000',
                                  'profile_use_background_image': False,
                                  'protected': False,
                                  'screen_name': 'GiveawaysMemme',
                                  'statuses_count': 3911,
                                  'time_zone': None,
                                  'translator_type': 'none',
                                  'url': 'https://t.co/4Df4hZCAPc',
                                  'utc_offset': None,
                                  'verified': False}},
  'source': '<a href="http://twitter.com/download/android" '
            'rel="nofollow">Twitter for Android</a>',
  'text': 'RT @GiveawaysMemme: 🔥 NEW #CSGOGIVEAWAY 🔥\n'
          '🎁 ($1.30) GALIL AR ROCKET POP MW 🎁\n'
          '🌍 To enter:\n'
          '✔ - RT\n'
          '✔ - Follow @GiveawaysMemme\n'
          '✔ - Follow @ninj…',
  'truncated': False,
  'user': { 'contributors_enabled': False,
            'created_at': 'Fri May 03 13:56:05 +0000 2019',
            'default_profile': True,
            'default_profile_image': False,
            'description': '@SkilluPlayz my best bruh / wish I could change my '
                           '@',
            'entities': {'description': {'urls': []}},
            'favourites_count': 1190,
            'follow_request_sent': None,
            'followers_count': 15,
            'following': None,
            'friends_count': 541,
            'geo_enabled': False,
            'has_extended_profile': False,
            'id': 1124311669071589377,
            'id_str': '1124311669071589377',
            'is_translation_enabled': False,
            'is_translator': False,
            'lang': None,
            'listed_count': 0,
            'location': '',
            'name': 'Iks De',
            'notifications': None,
            'profile_background_color': 'F5F8FA',
            'profile_background_image_url': None,
            'profile_background_image_url_https': None,
            'profile_background_tile': False,
            'profile_banner_url': 'https://pbs.twimg.com/profile_banners/1124311669071589377/1558107213',
            'profile_image_url': 'http://pbs.twimg.com/profile_images/1129473578813014016/36AMK6bd_normal.jpg',
            'profile_image_url_https': 'https://pbs.twimg.com/profile_images/1129473578813014016/36AMK6bd_normal.jpg',
            'profile_link_color': '1DA1F2',
            'profile_sidebar_border_color': 'C0DEED',
            'profile_sidebar_fill_color': 'DDEEF6',
            'profile_text_color': '333333',
            'profile_use_background_image': True,
            'protected': False,
            'screen_name': 'Iks53147837',
            'statuses_count': 1979,
            'time_zone': None,
            'translator_type': 'none',
            'url': None,
            'utc_offset': None,
            'verified': False}}
----------Summary----------
{ 'entities': {},
  'id_str': '1156653776280936449',
  'retweeted_status': { 'entities': { 'urls': { 'display_url': 'twitter.com/i/web/status/1…',
                                                'expanded_url': 'https://twitter.com/i/web/status/1156532269483515904'}},
                        'id_str': '1156532269483515904',
                        'text': ' new #csgogiveaway   ($1.30) galil ar rocket '
                                'pop mw   to enter:  - rt  - follow '
                                '@giveawaysmemme  - follow '
                                'https://t.co/5gqg9owfjo',
                        'user': { 'entities': {},
                                  'id_str': '999383379043930112',
                                  'twitter_user': 'GiveawaysMemme'}},
  'text': 'rt @giveawaysmemme:  new #csgogiveaway   ($1.30) galil ar rocket '
          'pop mw   to enter:  - rt  - follow @giveawaysmemme  - follow @ninj',
  'user': { 'entities': {},
            'id_str': '1124311669071589377',
            'twitter_user': 'Iks53147837'}}
----------Groups----------
{ 'Bitcoin': ['bitcoin', 'Bitcoin', 'btc', 'satoshi nakamoto'],
  'Ethereum': ['ethereum', 'Ethereum', 'eth', 'vitalik buterin'],
  'Litecoin': ['litecoin', 'Litecoin', 'ltc', 'charles lee'],
  'Monero': ['monero', 'Monero', 'xmr', 'riccardo spagni'],
  'Ripple': [ 'ripple',
              'Ripple',
              'xrp',
              'xrapid',
              'xcurrent',
              'chris larsen',
              'jed mccaleb']}
---------------------------Fetch-------2019-07-31 15:53:54.676772: Tweet filed under "misc":----------Data----------
{ 'contributors': None,
  'coordinates': None,
  'created_at': 'Wed Jul 31 19:51:57 +0000 2019',
  'entities': { 'hashtags': [{'indices': [37, 52], 'text': 'cryptocurrency'}],
                'symbols': [],
                'urls': [ { 'display_url': 'twitter.com/i/web/status/1…',
                            'expanded_url': 'https://twitter.com/i/web/status/1156653747784699904',
                            'indices': [110, 133],
                            'url': 'https://t.co/Pcbfynp2zJ'}],
                'user_mentions': []},
  'favorite_count': 0,
  'favorited': False,
  'geo': None,
  'id': 1156653747784699904,
  'id_str': '1156653747784699904',
  'in_reply_to_screen_name': None,
  'in_reply_to_status_id': None,
  'in_reply_to_status_id_str': None,
  'in_reply_to_user_id': None,
  'in_reply_to_user_id_str': None,
  'is_quote_status': False,
  'lang': 'en',
  'metadata': {'iso_language_code': 'en', 'result_type': 'recent'},
  'place': None,
  'possibly_sensitive': False,
  'retweet_count': 0,
  'retweeted': False,
  'source': '<a href="http://twitter.com/download/android" '
            'rel="nofollow">Twitter for Android</a>',
  'text': "If u didn't full up your wallet with #cryptocurrency in the last 3 "
          'weeks u missed out as biggest bull run in… https://t.co/Pcbfynp2zJ',
  'truncated': True,
  'user': { 'contributors_enabled': False,
            'created_at': 'Tue Nov 19 10:30:15 +0000 2013',
            'default_profile': True,
            'default_profile_image': False,
            'description': 'Parent company of Dream Music Group Australia, '
                           'http://t.co/CX6hQpq2SV and several other projects '
                           'to be announced',
            'entities': { 'description': { 'urls': [ { 'display_url': 'hotpkm.com',
                                                       'expanded_url': 'http://hotpkm.com',
                                                       'indices': [47, 69],
                                                       'url': 'http://t.co/CX6hQpq2SV'}]},
                          'url': { 'urls': [ { 'display_url': 'facebook.com/pages/Dream-Me…',
                                               'expanded_url': 'https://www.facebook.com/pages/Dream-Media-Group-Australia/166537203441532?ref=hl',
                                               'indices': [0, 23],
                                               'url': 'https://t.co/MJTF18h0wQ'}]}},
            'favourites_count': 1354,
            'follow_request_sent': None,
            'followers_count': 181,
            'following': None,
            'friends_count': 538,
            'geo_enabled': True,
            'has_extended_profile': False,
            'id': 2202873727,
            'id_str': '2202873727',
            'is_translation_enabled': False,
            'is_translator': False,
            'lang': None,
            'listed_count': 5,
            'location': 'Brisbane, Australia',
            'name': 'Dream Media Group Au',
            'notifications': None,
            'profile_background_color': 'C0DEED',
            'profile_background_image_url': 'http://abs.twimg.com/images/themes/theme1/bg.png',
            'profile_background_image_url_https': 'https://abs.twimg.com/images/themes/theme1/bg.png',
            'profile_background_tile': False,
            'profile_banner_url': 'https://pbs.twimg.com/profile_banners/2202873727/1385951823',
            'profile_image_url': 'http://pbs.twimg.com/profile_images/417920568084537345/ODaufs8C_normal.jpeg',
            'profile_image_url_https': 'https://pbs.twimg.com/profile_images/417920568084537345/ODaufs8C_normal.jpeg',
            'profile_link_color': '1DA1F2',
            'profile_sidebar_border_color': 'C0DEED',
            'profile_sidebar_fill_color': 'DDEEF6',
            'profile_text_color': '333333',
            'profile_use_background_image': True,
            'protected': False,
            'screen_name': 'dmediagau',
            'statuses_count': 3623,
            'time_zone': None,
            'translator_type': 'none',
            'url': 'https://t.co/MJTF18h0wQ',
            'utc_offset': None,
            'verified': False}}
----------Summary----------
{ 'entities': { 'urls': { 'display_url': 'twitter.com/i/web/status/1…',
                          'expanded_url': 'https://twitter.com/i/web/status/1156653747784699904'}},
  'id_str': '1156653747784699904',
  'text': "if u didn't full up your wallet with #cryptocurrency in the last 3 "
          'weeks u missed out as biggest bull run in https://t.co/pcbfynp2zj',
  'user': {'entities': {}, 'id_str': '2202873727', 'twitter_user': 'dmediagau'}}
----------Groups----------
{ 'Bitcoin': ['bitcoin', 'Bitcoin', 'btc', 'satoshi nakamoto'],
  'Ethereum': ['ethereum', 'Ethereum', 'eth', 'vitalik buterin'],
  'Litecoin': ['litecoin', 'Litecoin', 'ltc', 'charles lee'],
  'Monero': ['monero', 'Monero', 'xmr', 'riccardo spagni'],
  'Ripple': [ 'ripple',
              'Ripple',
              'xrp',
              'xrapid',
              'xcurrent',
              'chris larsen',
              'jed mccaleb']}
---------------------------Fetch-------2019-07-31 15:53:54.983025: Tweet filed under "misc":----------Data----------
{ 'contributors': None,
  'coordinates': None,
  'created_at': 'Wed Jul 31 19:51:57 +0000 2019',
  'entities': { 'hashtags': [{'indices': [74, 85], 'text': 'blockchain'}],
                'symbols': [],
                'urls': [ { 'display_url': 'twitter.com/i/web/status/1…',
                            'expanded_url': 'https://twitter.com/i/web/status/1156653747000336384',
                            'indices': [125, 148],
                            'url': 'https://t.co/s3nSbDqMA4'}],
                'user_mentions': []},
  'favorite_count': 0,
  'favorited': False,
  'geo': None,
  'id': 1156653747000336384,
  'id_str': '1156653747000336384',
  'in_reply_to_screen_name': None,
  'in_reply_to_status_id': None,
  'in_reply_to_status_id_str': None,
  'in_reply_to_user_id': None,
  'in_reply_to_user_id_str': None,
  'is_quote_status': False,
  'lang': 'en',
  'metadata': {'iso_language_code': 'en', 'result_type': 'recent'},
  'place': None,
  'possibly_sensitive': False,
  'retweet_count': 0,
  'retweeted': False,
  'source': '<a href="https://mobile.twitter.com" rel="nofollow">Twitter Web '
            'App</a>',
  'text': '🔗 Released monthly, our "Blockchain &amp; Alert Signal Analysis" '
          'provides #blockchain transaction statistics &amp; in-depth… '
          'https://t.co/s3nSbDqMA4',
  'truncated': True,
  'user': { 'contributors_enabled': False,
            'created_at': 'Wed Mar 07 19:57:24 +0000 2018',
            'default_profile': False,
            'default_profile_image': False,
            'description': 'Crypto Data, Insights & Solutions For Your Success',
            'entities': { 'description': {'urls': []},
                          'url': { 'urls': [ { 'display_url': 'coinscious.io',
                                               'expanded_url': 'https://coinscious.io',
                                               'indices': [0, 23],
                                               'url': 'https://t.co/75ZcUnmjbi'}]}},
            'favourites_count': 11,
            'follow_request_sent': None,
            'followers_count': 299,
            'following': None,
            'friends_count': 93,
            'geo_enabled': True,
            'has_extended_profile': False,
            'id': 971474918973100032,
            'id_str': '971474918973100032',
            'is_translation_enabled': False,
            'is_translator': False,
            'lang': None,
            'listed_count': 5,
            'location': '',
            'name': 'Coinscious',
            'notifications': None,
            'profile_background_color': '000000',
            'profile_background_image_url': 'http://abs.twimg.com/images/themes/theme1/bg.png',
            'profile_background_image_url_https': 'https://abs.twimg.com/images/themes/theme1/bg.png',
            'profile_background_tile': False,
            'profile_banner_url': 'https://pbs.twimg.com/profile_banners/971474918973100032/1559324184',
            'profile_image_url': 'http://pbs.twimg.com/profile_images/992415143509323776/SrC0ynXw_normal.jpg',
            'profile_image_url_https': 'https://pbs.twimg.com/profile_images/992415143509323776/SrC0ynXw_normal.jpg',
            'profile_link_color': 'ABB8C2',
            'profile_sidebar_border_color': '000000',
            'profile_sidebar_fill_color': '000000',
            'profile_text_color': '000000',
            'profile_use_background_image': False,
            'protected': False,
            'screen_name': 'coinscious_io',
            'statuses_count': 198,
            'time_zone': None,
            'translator_type': 'none',
            'url': 'https://t.co/75ZcUnmjbi',
            'utc_offset': None,
            'verified': False}}
----------Summary----------
{ 'entities': { 'urls': { 'display_url': 'twitter.com/i/web/status/1…',
                          'expanded_url': 'https://twitter.com/i/web/status/1156653747000336384'}},
  'id_str': '1156653747000336384',
  'text': ' released monthly, our "blockchain &amp; alert signal analysis" '
          'provides #blockchain transaction statistics &amp; in-depth '
          'https://t.co/s3nsbdqma4',
  'user': { 'entities': {},
            'id_str': '971474918973100032',
            'twitter_user': 'coinscious_io'}}
----------Groups----------
{ 'Bitcoin': ['bitcoin', 'Bitcoin', 'btc', 'satoshi nakamoto'],
  'Ethereum': ['ethereum', 'Ethereum', 'eth', 'vitalik buterin'],
  'Litecoin': ['litecoin', 'Litecoin', 'ltc', 'charles lee'],
  'Monero': ['monero', 'Monero', 'xmr', 'riccardo spagni'],
  'Ripple': [ 'ripple',
              'Ripple',
              'xrp',
              'xrapid',
              'xcurrent',
              'chris larsen',
              'jed mccaleb']}
---------------------------Fetch-------2019-07-31 15:53:56.212112: Tweet filed under "misc":----------Data----------
{ 'contributors': None,
  'coordinates': None,
  'created_at': 'Wed Jul 31 19:51:51 +0000 2019',
  'entities': { 'hashtags': [],
                'symbols': [],
                'urls': [],
                'user_mentions': [ { 'id': 1017449724016840712,
                                     'id_str': '1017449724016840712',
                                     'indices': [3, 10],
                                     'name': 'EUCX | European Cryptocurrency '
                                             'Exchange',
                                     'screen_name': 'eucxio'},
                                   { 'id': 169431716,
                                     'id_str': '169431716',
                                     'indices': [47, 54],
                                     'name': 'FCA - follow #FCAsprint for this '
                                             "week's TechSprint",
                                     'screen_name': 'TheFCA'}]},
  'favorite_count': 0,
  'favorited': False,
  'geo': None,
  'id': 1156653721666932742,
  'id_str': '1156653721666932742',
  'in_reply_to_screen_name': None,
  'in_reply_to_status_id': None,
  'in_reply_to_status_id_str': None,
  'in_reply_to_user_id': None,
  'in_reply_to_user_id_str': None,
  'is_quote_status': False,
  'lang': 'en',
  'metadata': {'iso_language_code': 'en', 'result_type': 'recent'},
  'place': None,
  'retweet_count': 2,
  'retweeted': False,
  'retweeted_status': { 'contributors': None,
                        'coordinates': None,
                        'created_at': 'Wed Jul 31 19:07:06 +0000 2019',
                        'entities': { 'hashtags': [],
                                      'symbols': [],
                                      'urls': [ { 'display_url': 'twitter.com/i/web/status/1…',
                                                  'expanded_url': 'https://twitter.com/i/web/status/1156642460774174720',
                                                  'indices': [117, 140],
                                                  'url': 'https://t.co/F9jHlP9D9E'}],
                                      'user_mentions': [ { 'id': 169431716,
                                                           'id_str': '169431716',
                                                           'indices': [35, 42],
                                                           'name': 'FCA - '
                                                                   'follow '
                                                                   '#FCAsprint '
                                                                   'for this '
                                                                   "week's "
                                                                   'TechSprint',
                                                           'screen_name': 'TheFCA'}]},
                        'favorite_count': 3,
                        'favorited': False,
                        'geo': None,
                        'id': 1156642460774174720,
                        'id_str': '1156642460774174720',
                        'in_reply_to_screen_name': None,
                        'in_reply_to_status_id': None,
                        'in_reply_to_status_id_str': None,
                        'in_reply_to_user_id': None,
                        'in_reply_to_user_id_str': None,
                        'is_quote_status': False,
                        'lang': 'en',
                        'metadata': { 'iso_language_code': 'en',
                                      'result_type': 'recent'},
                        'place': None,
                        'possibly_sensitive': False,
                        'retweet_count': 2,
                        'retweeted': False,
                        'source': '<a '
                                  'href="https://about.twitter.com/products/tweetdeck" '
                                  'rel="nofollow">TweetDeck</a>',
                        'text': 'The UK Financial Conduct Authority @TheFCA '
                                'released a statement which sets out to define '
                                'the details on where diffe… '
                                'https://t.co/F9jHlP9D9E',
                        'truncated': True,
                        'user': { 'contributors_enabled': False,
                                  'created_at': 'Thu Jul 12 16:44:52 +0000 '
                                                '2018',
                                  'default_profile': True,
                                  'default_profile_image': False,
                                  'description': 'Curated for sophisticated '
                                                 'traders.',
                                  'entities': { 'description': {'urls': []},
                                                'url': { 'urls': [ { 'display_url': 'eucx.io',
                                                                     'expanded_url': 'https://eucx.io',
                                                                     'indices': [ 0,
                                                                                  23],
                                                                     'url': 'https://t.co/DmocH5e448'}]}},
                                  'favourites_count': 100,
                                  'follow_request_sent': None,
                                  'followers_count': 4824,
                                  'following': None,
                                  'friends_count': 146,
                                  'geo_enabled': False,
                                  'has_extended_profile': True,
                                  'id': 1017449724016840712,
                                  'id_str': '1017449724016840712',
                                  'is_translation_enabled': False,
                                  'is_translator': False,
                                  'lang': None,
                                  'listed_count': 6,
                                  'location': 'https://t.me/eucx_community',
                                  'name': 'EUCX | European Cryptocurrency '
                                          'Exchange',
                                  'notifications': None,
                                  'profile_background_color': 'F5F8FA',
                                  'profile_background_image_url': None,
                                  'profile_background_image_url_https': None,
                                  'profile_background_tile': False,
                                  'profile_banner_url': 'https://pbs.twimg.com/profile_banners/1017449724016840712/1561801655',
                                  'profile_image_url': 'http://pbs.twimg.com/profile_images/1144504178229817344/0P6NN9lz_normal.png',
                                  'profile_image_url_https': 'https://pbs.twimg.com/profile_images/1144504178229817344/0P6NN9lz_normal.png',
                                  'profile_link_color': '1DA1F2',
                                  'profile_sidebar_border_color': 'C0DEED',
                                  'profile_sidebar_fill_color': 'DDEEF6',
                                  'profile_text_color': '333333',
                                  'profile_use_background_image': True,
                                  'protected': False,
                                  'screen_name': 'eucxio',
                                  'statuses_count': 308,
                                  'time_zone': None,
                                  'translator_type': 'none',
                                  'url': 'https://t.co/DmocH5e448',
                                  'utc_offset': None,
                                  'verified': False}},
  'source': '<a href="http://twitter.com/download/android" '
            'rel="nofollow">Twitter for Android</a>',
  'text': 'RT @eucxio: The UK Financial Conduct Authority @TheFCA released a '
          'statement which sets out to define the details on where different '
          'types o…',
  'truncated': False,
  'user': { 'contributors_enabled': False,
            'created_at': 'Thu Mar 14 06:02:22 +0000 2019',
            'default_profile': True,
            'default_profile_image': True,
            'description': '',
            'entities': {'description': {'urls': []}},
            'favourites_count': 47645,
            'follow_request_sent': None,
            'followers_count': 363,
            'following': None,
            'friends_count': 1520,
            'geo_enabled': False,
            'has_extended_profile': False,
            'id': 1106073063324614656,
            'id_str': '1106073063324614656',
            'is_translation_enabled': False,
            'is_translator': False,
            'lang': None,
            'listed_count': 3,
            'location': '',
            'name': 'Bg',
            'notifications': None,
            'profile_background_color': 'F5F8FA',
            'profile_background_image_url': None,
            'profile_background_image_url_https': None,
            'profile_background_tile': False,
            'profile_banner_url': 'https://pbs.twimg.com/profile_banners/1106073063324614656/1559536190',
            'profile_image_url': 'http://abs.twimg.com/sticky/default_profile_images/default_profile_normal.png',
            'profile_image_url_https': 'https://abs.twimg.com/sticky/default_profile_images/default_profile_normal.png',
            'profile_link_color': '1DA1F2',
            'profile_sidebar_border_color': 'C0DEED',
            'profile_sidebar_fill_color': 'DDEEF6',
            'profile_text_color': '333333',
            'profile_use_background_image': True,
            'protected': False,
            'screen_name': 'Bg11815865',
            'statuses_count': 16740,
            'time_zone': None,
            'translator_type': 'none',
            'url': None,
            'utc_offset': None,
            'verified': False}}
----------Summary----------
{ 'entities': {},
  'id_str': '1156653721666932742',
  'retweeted_status': { 'entities': { 'urls': { 'display_url': 'twitter.com/i/web/status/1…',
                                                'expanded_url': 'https://twitter.com/i/web/status/1156642460774174720'}},
                        'id_str': '1156642460774174720',
                        'text': 'the uk financial conduct authority @thefca '
                                'released a statement which sets out to define '
                                'the details on where diffe '
                                'https://t.co/f9jhlp9d9e',
                        'user': { 'entities': {},
                                  'id_str': '1017449724016840712',
                                  'twitter_user': 'eucxio'}},
  'text': 'rt @eucxio: the uk financial conduct authority @thefca released a '
          'statement which sets out to define the details on where different '
          'types o',
  'user': { 'entities': {},
            'id_str': '1106073063324614656',
            'twitter_user': 'Bg11815865'}}
----------Groups----------
{ 'Bitcoin': ['bitcoin', 'Bitcoin', 'btc', 'satoshi nakamoto'],
  'Ethereum': ['ethereum', 'Ethereum', 'eth', 'vitalik buterin'],
  'Litecoin': ['litecoin', 'Litecoin', 'ltc', 'charles lee'],
  'Monero': ['monero', 'Monero', 'xmr', 'riccardo spagni'],
  'Ripple': [ 'ripple',
              'Ripple',
              'xrp',
              'xrapid',
              'xcurrent',
              'chris larsen',
              'jed mccaleb']}
---------------------------Fetch-------2019-07-31 15:53:58.976801: Tweet filed under "misc":----------Data----------
{ 'contributors': None,
  'coordinates': None,
  'created_at': 'Wed Jul 31 19:51:36 +0000 2019',
  'entities': { 'hashtags': [],
                'symbols': [],
                'urls': [ { 'display_url': 'twitter.com/i/web/status/1…',
                            'expanded_url': 'https://twitter.com/i/web/status/1156653660765642753',
                            'indices': [117, 140],
                            'url': 'https://t.co/MzFQ1UVgJK'}],
                'user_mentions': []},
  'favorite_count': 0,
  'favorited': False,
  'geo': None,
  'id': 1156653660765642753,
  'id_str': '1156653660765642753',
  'in_reply_to_screen_name': None,
  'in_reply_to_status_id': None,
  'in_reply_to_status_id_str': None,
  'in_reply_to_user_id': None,
  'in_reply_to_user_id_str': None,
  'is_quote_status': False,
  'lang': 'en',
  'metadata': {'iso_language_code': 'en', 'result_type': 'recent'},
  'place': None,
  'possibly_sensitive': False,
  'retweet_count': 0,
  'retweeted': False,
  'source': '<a href="http://twitter.com/download/android" '
            'rel="nofollow">Twitter for Android</a>',
  'text': 'To cut rates, the Fed will\xa0increase the supply of US dollars, '
          'thus cannibalizing its value.\n'
          'This policy shift is ga… https://t.co/MzFQ1UVgJK',
  'truncated': True,
  'user': { 'contributors_enabled': False,
            'created_at': 'Sat Jul 09 22:26:19 +0000 2011',
            'default_profile': False,
            'default_profile_image': False,
            'description': 'digital $ analylst/advisor & trader/ ambsdr '
                           '@bitmari_ #btc wallet/ cisco CCNA/ drupal dev/ '
                           '@ascap publshr/ @NCCU #hbcu/ truskool/fitness/✊🏾',
            'entities': { 'description': {'urls': []},
                          'url': { 'urls': [ { 'display_url': 'facebook.com/FinesseTechno/',
                                               'expanded_url': 'https://www.facebook.com/FinesseTechno/',
                                               'indices': [0, 23],
                                               'url': 'https://t.co/79wmxDA9C6'}]}},
            'favourites_count': 16723,
            'follow_request_sent': None,
            'followers_count': 956,
            'following': None,
            'friends_count': 1301,
            'geo_enabled': True,
            'has_extended_profile': False,
            'id': 332492176,
            'id_str': '332492176',
            'is_translation_enabled': False,
            'is_translator': False,
            'lang': None,
            'listed_count': 14,
            'location': 'Queens, NY',
            'name': 'Finesse Tech',
            'notifications': None,
            'profile_background_color': '8A2D2D',
            'profile_background_image_url': 'http://abs.twimg.com/images/themes/theme14/bg.gif',
            'profile_background_image_url_https': 'https://abs.twimg.com/images/themes/theme14/bg.gif',
            'profile_background_tile': True,
            'profile_banner_url': 'https://pbs.twimg.com/profile_banners/332492176/1558945695',
            'profile_image_url': 'http://pbs.twimg.com/profile_images/1094957085375320064/vvKmpJXg_normal.jpg',
            'profile_image_url_https': 'https://pbs.twimg.com/profile_images/1094957085375320064/vvKmpJXg_normal.jpg',
            'profile_link_color': '91D2FA',
            'profile_sidebar_border_color': '000000',
            'profile_sidebar_fill_color': '7AC3EE',
            'profile_text_color': '3D1957',
            'profile_use_background_image': True,
            'protected': False,
            'screen_name': 'RichardDunlop',
            'statuses_count': 9564,
            'time_zone': None,
            'translator_type': 'none',
            'url': 'https://t.co/79wmxDA9C6',
            'utc_offset': None,
            'verified': False}}
----------Summary----------
{ 'entities': { 'urls': { 'display_url': 'twitter.com/i/web/status/1…',
                          'expanded_url': 'https://twitter.com/i/web/status/1156653660765642753'}},
  'id_str': '1156653660765642753',
  'text': 'to cut rates, the fed willincrease the supply of us dollars, thus '
          'cannibalizing its value. this policy shift is ga '
          'https://t.co/mzfq1uvgjk',
  'user': { 'entities': {},
            'id_str': '332492176',
            'twitter_user': 'RichardDunlop'}}
----------Groups----------
{ 'Bitcoin': ['bitcoin', 'Bitcoin', 'btc', 'satoshi nakamoto'],
  'Ethereum': ['ethereum', 'Ethereum', 'eth', 'vitalik buterin'],
  'Litecoin': ['litecoin', 'Litecoin', 'ltc', 'charles lee'],
  'Monero': ['monero', 'Monero', 'xmr', 'riccardo spagni'],
  'Ripple': [ 'ripple',
              'Ripple',
              'xrp',
              'xrapid',
              'xcurrent',
              'chris larsen',
              'jed mccaleb']}
---------------------------Fetch-------2019-07-31 15:53:59.284663: Tweet filed under "misc":----------Data----------
{ 'contributors': None,
  'coordinates': None,
  'created_at': 'Wed Jul 31 19:51:33 +0000 2019',
  'entities': { 'hashtags': [],
                'symbols': [],
                'urls': [ { 'display_url': 'twitter.com/i/web/status/1…',
                            'expanded_url': 'https://twitter.com/i/web/status/1156653644894408704',
                            'indices': [116, 139],
                            'url': 'https://t.co/FEd293JWkC'}],
                'user_mentions': [ { 'id': 724823746729644033,
                                     'id_str': '724823746729644033',
                                     'indices': [64, 80],
                                     'name': 'JoseLuis🇧🇷noticia1jl4com',
                                     'screen_name': 'joseluisintwite'}]},
  'favorite_count': 0,
  'favorited': False,
  'geo': None,
  'id': 1156653644894408704,
  'id_str': '1156653644894408704',
  'in_reply_to_screen_name': None,
  'in_reply_to_status_id': None,
  'in_reply_to_status_id_str': None,
  'in_reply_to_user_id': None,
  'in_reply_to_user_id_str': None,
  'is_quote_status': False,
  'lang': 'en',
  'metadata': {'iso_language_code': 'en', 'result_type': 'recent'},
  'place': None,
  'possibly_sensitive': False,
  'retweet_count': 1,
  'retweeted': False,
  'source': '<a href="https://www.1jl4soft.co.technology" '
            'rel="nofollow">1Jl4Soft</a>',
  'text': 'Hong Kong police have faced protester anger. Some would rath.. \n'
          '@joseluisintwite - Washingtonpost - Twitter - News… '
          'https://t.co/FEd293JWkC',
  'truncated': True,
  'user': { 'contributors_enabled': False,
            'created_at': 'Tue Apr 26 04:53:42 +0000 2016',
            'default_profile': False,
            'default_profile_image': False,
            'description': '#News #Noticias #Twitter #Bitcoin #CryptoCurreny '
                           '#Investment '
                           '#World🌐https://t.co/iMotcOabE8💯https://t.co/dWNytSOZ9m💯https://t.co/CB8S0j1j5R💯@joseluisintwite🇧🇷',
            'entities': { 'description': { 'urls': [ { 'display_url': 'noticias.1jl4.com',
                                                       'expanded_url': 'http://noticias.1jl4.com',
                                                       'indices': [68, 91],
                                                       'url': 'https://t.co/iMotcOabE8'},
                                                     { 'display_url': 'bitcoin.1jl4.com',
                                                       'expanded_url': 'http://bitcoin.1jl4.com',
                                                       'indices': [92, 115],
                                                       'url': 'https://t.co/dWNytSOZ9m'},
                                                     { 'display_url': 'cryptocurrency.1jl4.com',
                                                       'expanded_url': 'http://cryptocurrency.1jl4.com',
                                                       'indices': [116, 139],
                                                       'url': 'https://t.co/CB8S0j1j5R'}]},
                          'url': { 'urls': [ { 'display_url': 'hospedagemdominiojl.com/?1jl4.com',
                                               'expanded_url': 'https://hospedagemdominiojl.com/?1jl4.com',
                                               'indices': [0, 23],
                                               'url': 'https://t.co/7limO8Y8XJ'}]}},
            'favourites_count': 27,
            'follow_request_sent': None,
            'followers_count': 3424,
            'following': None,
            'friends_count': 4877,
            'geo_enabled': False,
            'has_extended_profile': True,
            'id': 724823746729644033,
            'id_str': '724823746729644033',
            'is_translation_enabled': False,
            'is_translator': False,
            'lang': None,
            'listed_count': 10,
            'location': 'BRASIL🇧🇷🌐noticias.1jl4.com🌐🇧🇷',
            'name': 'JoseLuis🇧🇷noticia1jl4com',
            'notifications': None,
            'profile_background_color': 'C0DEED',
            'profile_background_image_url': 'http://abs.twimg.com/images/themes/theme1/bg.png',
            'profile_background_image_url_https': 'https://abs.twimg.com/images/themes/theme1/bg.png',
            'profile_background_tile': True,
            'profile_banner_url': 'https://pbs.twimg.com/profile_banners/724823746729644033/1557000837',
            'profile_image_url': 'http://pbs.twimg.com/profile_images/1154891071144505349/RpKpCwFV_normal.jpg',
            'profile_image_url_https': 'https://pbs.twimg.com/profile_images/1154891071144505349/RpKpCwFV_normal.jpg',
            'profile_link_color': 'FF691F',
            'profile_sidebar_border_color': '000000',
            'profile_sidebar_fill_color': '000000',
            'profile_text_color': '000000',
            'profile_use_background_image': True,
            'protected': False,
            'screen_name': 'joseluisintwite',
            'statuses_count': 35142,
            'time_zone': None,
            'translator_type': 'none',
            'url': 'https://t.co/7limO8Y8XJ',
            'utc_offset': None,
            'verified': False}}
----------Summary----------
{ 'entities': { 'urls': { 'display_url': 'twitter.com/i/web/status/1…',
                          'expanded_url': 'https://twitter.com/i/web/status/1156653644894408704'}},
  'id_str': '1156653644894408704',
  'text': 'hong kong police have faced protester anger. some would rath..  '
          '@joseluisintwite - washingtonpost - twitter - news '
          'https://t.co/fed293jwkc',
  'user': { 'entities': {},
            'id_str': '724823746729644033',
            'twitter_user': 'joseluisintwite'}}
----------Groups----------
{ 'Bitcoin': ['bitcoin', 'Bitcoin', 'btc', 'satoshi nakamoto'],
  'Ethereum': ['ethereum', 'Ethereum', 'eth', 'vitalik buterin'],
  'Litecoin': ['litecoin', 'Litecoin', 'ltc', 'charles lee'],
  'Monero': ['monero', 'Monero', 'xmr', 'riccardo spagni'],
  'Ripple': [ 'ripple',
              'Ripple',
              'xrp',
              'xrapid',
              'xcurrent',
              'chris larsen',
              'jed mccaleb']}
---------------------------Fetch-------2019-07-31 15:54:00.796091: Tweet filed under "misc":----------Data----------
{ 'contributors': None,
  'coordinates': None,
  'created_at': 'Wed Jul 31 19:51:21 +0000 2019',
  'entities': {'hashtags': [], 'symbols': [], 'urls': [], 'user_mentions': []},
  'favorite_count': 9,
  'favorited': False,
  'geo': None,
  'id': 1156653595955224577,
  'id_str': '1156653595955224577',
  'in_reply_to_screen_name': None,
  'in_reply_to_status_id': None,
  'in_reply_to_status_id_str': None,
  'in_reply_to_user_id': None,
  'in_reply_to_user_id_str': None,
  'is_quote_status': False,
  'lang': 'en',
  'metadata': {'iso_language_code': 'en', 'result_type': 'recent'},
  'place': None,
  'retweet_count': 2,
  'retweeted': False,
  'source': '<a href="https://ifttt.com" rel="nofollow">IFTTT</a>',
  'text': 'follow everyone that retweets this. ☀️',
  'truncated': False,
  'user': { 'contributors_enabled': False,
            'created_at': 'Thu Sep 28 07:17:31 +0000 2017',
            'default_profile': True,
            'default_profile_image': False,
            'description': 'Follow for daily gain tweets :)',
            'entities': { 'description': {'urls': []},
                          'url': { 'urls': [ { 'display_url': 'patreon.com/bePatron?u=209…',
                                               'expanded_url': 'https://www.patreon.com/bePatron?u=20928579',
                                               'indices': [0, 23],
                                               'url': 'https://t.co/vvZYkeGksN'}]}},
            'favourites_count': 40220,
            'follow_request_sent': None,
            'followers_count': 26158,
            'following': None,
            'friends_count': 18146,
            'geo_enabled': False,
            'has_extended_profile': True,
            'id': 913301629285302272,
            'id_str': '913301629285302272',
            'is_translation_enabled': False,
            'is_translator': False,
            'lang': None,
            'listed_count': 332,
            'location': '',
            'name': 'Follow Help🌀',
            'notifications': None,
            'profile_background_color': 'F5F8FA',
            'profile_background_image_url': None,
            'profile_background_image_url_https': None,
            'profile_background_tile': False,
            'profile_banner_url': 'https://pbs.twimg.com/profile_banners/913301629285302272/1506584414',
            'profile_image_url': 'http://pbs.twimg.com/profile_images/913307262982254592/S1QtLI55_normal.jpg',
            'profile_image_url_https': 'https://pbs.twimg.com/profile_images/913307262982254592/S1QtLI55_normal.jpg',
            'profile_link_color': '1DA1F2',
            'profile_sidebar_border_color': 'C0DEED',
            'profile_sidebar_fill_color': 'DDEEF6',
            'profile_text_color': '333333',
            'profile_use_background_image': True,
            'protected': False,
            'screen_name': 'BitCoin_Invest_',
            'statuses_count': 42351,
            'time_zone': None,
            'translator_type': 'none',
            'url': 'https://t.co/vvZYkeGksN',
            'utc_offset': None,
            'verified': False}}
----------Summary----------
{ 'entities': {},
  'id_str': '1156653595955224577',
  'text': 'follow everyone that retweets this. ',
  'user': { 'entities': {},
            'id_str': '913301629285302272',
            'twitter_user': 'BitCoin_Invest_'}}
----------Groups----------
{ 'Bitcoin': ['bitcoin', 'Bitcoin', 'btc', 'satoshi nakamoto'],
  'Ethereum': ['ethereum', 'Ethereum', 'eth', 'vitalik buterin'],
  'Litecoin': ['litecoin', 'Litecoin', 'ltc', 'charles lee'],
  'Monero': ['monero', 'Monero', 'xmr', 'riccardo spagni'],
  'Ripple': [ 'ripple',
              'Ripple',
              'xrp',
              'xrapid',
              'xcurrent',
              'chris larsen',
              'jed mccaleb']}
---------------------------Fetch-------2019-07-31 15:54:01.784079: Tweet filed under "misc":----------Data----------
{ 'contributors': None,
  'coordinates': None,
  'created_at': 'Wed Jul 31 19:51:17 +0000 2019',
  'entities': { 'hashtags': [],
                'symbols': [],
                'urls': [ { 'display_url': 'twitter.com/i/web/status/1…',
                            'expanded_url': 'https://twitter.com/i/web/status/1156653578095927296',
                            'indices': [121, 144],
                            'url': 'https://t.co/WNw5CrxCYU'}],
                'user_mentions': [ { 'id': 909794221267341312,
                                     'id_str': '909794221267341312',
                                     'indices': [0, 11],
                                     'name': 'Token State (Tokenize the World)',
                                     'screen_name': 'tokenstate'},
                                   { 'id': 233318165,
                                     'id_str': '233318165',
                                     'indices': [12, 23],
                                     'name': 'Kyle Torpey',
                                     'screen_name': 'kyletorpey'},
                                   { 'id': 863083003081359362,
                                     'id_str': '863083003081359362',
                                     'indices': [24, 37],
                                     'name': 'antiprosynthesis',
                                     'screen_name': 'antiprosynth'},
                                   { 'id': 1074139125232459776,
                                     'id_str': '1074139125232459776',
                                     'indices': [38, 54],
                                     'name': 'musa',
                                     'screen_name': 'musatheredguard'},
                                   { 'id': 3306210644,
                                     'id_str': '3306210644',
                                     'indices': [55, 66],
                                     'name': 'grubles',
                                     'screen_name': 'notgrubles'},
                                   { 'id': 40742821,
                                     'id_str': '40742821',
                                     'indices': [67, 81],
                                     'name': 'Tuur Demeester',
                                     'screen_name': 'TuurDemeester'}]},
  'favorite_count': 0,
  'favorited': False,
  'geo': None,
  'id': 1156653578095927296,
  'id_str': '1156653578095927296',
  'in_reply_to_screen_name': 'tokenstate',
  'in_reply_to_status_id': 1156622062397644800,
  'in_reply_to_status_id_str': '1156622062397644800',
  'in_reply_to_user_id': 909794221267341312,
  'in_reply_to_user_id_str': '909794221267341312',
  'is_quote_status': False,
  'lang': 'en',
  'metadata': {'iso_language_code': 'en', 'result_type': 'recent'},
  'place': None,
  'retweet_count': 0,
  'retweeted': False,
  'source': '<a href="http://twitter.com/download/android" '
            'rel="nofollow">Twitter for Android</a>',
  'text': '@tokenstate @kyletorpey @antiprosynth @musatheredguard @notgrubles '
          '@TuurDemeester "Myspace" &amp; "Blackberry" are comp… '
          'https://t.co/WNw5CrxCYU',
  'truncated': True,
  'user': { 'contributors_enabled': False,
            'created_at': 'Sat Jun 01 15:50:11 +0000 2013',
            'default_profile': False,
            'default_profile_image': False,
            'description': 'Host of @btcmrkts, economist, maximalist, altcoin '
                           'skeptic. Do your own research.',
            'entities': { 'description': {'urls': []},
                          'url': { 'urls': [ { 'display_url': 'bitcoinandmarkets.com',
                                               'expanded_url': 'https://bitcoinandmarkets.com',
                                               'indices': [0, 23],
                                               'url': 'https://t.co/XEm33hzhcy'}]}},
            'favourites_count': 29722,
            'follow_request_sent': None,
            'followers_count': 18467,
            'following': None,
            'friends_count': 650,
            'geo_enabled': False,
            'has_extended_profile': False,
            'id': 1475038004,
            'id_str': '1475038004',
            'is_translation_enabled': False,
            'is_translator': False,
            'lang': None,
            'listed_count': 764,
            'location': 'twitter',
            'name': 'bitcoiner',
            'notifications': None,
            'profile_background_color': '000000',
            'profile_background_image_url': 'http://abs.twimg.com/images/themes/theme1/bg.png',
            'profile_background_image_url_https': 'https://abs.twimg.com/images/themes/theme1/bg.png',
            'profile_background_tile': False,
            'profile_banner_url': 'https://pbs.twimg.com/profile_banners/1475038004/1483306684',
            'profile_image_url': 'http://pbs.twimg.com/profile_images/815670919460859904/N7_JQzOU_normal.jpg',
            'profile_image_url_https': 'https://pbs.twimg.com/profile_images/815670919460859904/N7_JQzOU_normal.jpg',
            'profile_link_color': 'ABB8C2',
            'profile_sidebar_border_color': '000000',
            'profile_sidebar_fill_color': '000000',
            'profile_text_color': '000000',
            'profile_use_background_image': False,
            'protected': False,
            'screen_name': 'AnselLindner',
            'statuses_count': 26032,
            'time_zone': None,
            'translator_type': 'none',
            'url': 'https://t.co/XEm33hzhcy',
            'utc_offset': None,
            'verified': False}}
----------Summary----------
{ 'entities': { 'urls': { 'display_url': 'twitter.com/i/web/status/1…',
                          'expanded_url': 'https://twitter.com/i/web/status/1156653578095927296'}},
  'id_str': '1156653578095927296',
  'text': '@tokenstate @kyletorpey @antiprosynth @musatheredguard @notgrubles '
          '@tuurdemeester "myspace" &amp; "blackberry" are comp '
          'https://t.co/wnw5crxcyu',
  'user': { 'entities': {},
            'id_str': '1475038004',
            'twitter_user': 'AnselLindner'}}
----------Groups----------
{ 'Bitcoin': ['bitcoin', 'Bitcoin', 'btc', 'satoshi nakamoto'],
  'Ethereum': ['ethereum', 'Ethereum', 'eth', 'vitalik buterin'],
  'Litecoin': ['litecoin', 'Litecoin', 'ltc', 'charles lee'],
  'Monero': ['monero', 'Monero', 'xmr', 'riccardo spagni'],
  'Ripple': [ 'ripple',
              'Ripple',
              'xrp',
              'xrapid',
              'xcurrent',
              'chris larsen',
              'jed mccaleb']}
---------------------------Fetch-------2019-07-31 15:54:02.322334: Tweet filed under "misc":----------Data----------
{ 'contributors': None,
  'coordinates': None,
  'created_at': 'Wed Jul 31 19:51:16 +0000 2019',
  'entities': { 'hashtags': [],
                'symbols': [],
                'urls': [ { 'display_url': 'ift.tt/2OFysmm',
                            'expanded_url': 'https://ift.tt/2OFysmm',
                            'indices': [88, 111],
                            'url': 'https://t.co/v8T7c2eD9o'},
                          { 'display_url': 'twitter.com/i/web/status/1…',
                            'expanded_url': 'https://twitter.com/i/web/status/1156653573465395201',
                            'indices': [117, 140],
                            'url': 'https://t.co/SL9RycdnUA'}],
                'user_mentions': []},
  'favorite_count': 0,
  'favorited': False,
  'geo': None,
  'id': 1156653573465395201,
  'id_str': '1156653573465395201',
  'in_reply_to_screen_name': None,
  'in_reply_to_status_id': None,
  'in_reply_to_status_id_str': None,
  'in_reply_to_user_id': None,
  'in_reply_to_user_id_str': None,
  'is_quote_status': False,
  'lang': 'en',
  'metadata': {'iso_language_code': 'en', 'result_type': 'recent'},
  'place': None,
  'possibly_sensitive': False,
  'retweet_count': 0,
  'retweeted': False,
  'source': '<a href="https://ifttt.com" rel="nofollow">IFTTT</a>',
  'text': 'New Tumblr post: "QuadrigaCX Judge Approves $1.6 Million in '
          'Expenses for EY, Law Firms" https://t.co/v8T7c2eD9o eos… '
          'https://t.co/SL9RycdnUA',
  'truncated': True,
  'user': { 'contributors_enabled': False,
            'created_at': 'Mon Jan 20 17:13:22 +0000 2014',
            'default_profile': False,
            'default_profile_image': False,
            'description': 'https://t.co/AknQVIXTr2 All Cryptocurrencies Sites '
                           'in One Place',
            'entities': { 'description': { 'urls': [ { 'display_url': 'bit-sites.com',
                                                       'expanded_url': 'http://www.bit-sites.com',
                                                       'indices': [0, 23],
                                                       'url': 'https://t.co/AknQVIXTr2'}]},
                          'url': { 'urls': [ { 'display_url': 'bit-sites.com',
                                               'expanded_url': 'http://www.bit-sites.com',
                                               'indices': [0, 23],
                                               'url': 'https://t.co/AknQVIXTr2'}]}},
            'favourites_count': 684,
            'follow_request_sent': None,
            'followers_count': 387,
            'following': None,
            'friends_count': 84,
            'geo_enabled': False,
            'has_extended_profile': False,
            'id': 2301728670,
            'id_str': '2301728670',
            'is_translation_enabled': False,
            'is_translator': False,
            'lang': None,
            'listed_count': 6,
            'location': '',
            'name': 'Bit-Sites.com',
            'notifications': None,
            'profile_background_color': '000000',
            'profile_background_image_url': 'http://abs.twimg.com/images/themes/theme1/bg.png',
            'profile_background_image_url_https': 'https://abs.twimg.com/images/themes/theme1/bg.png',
            'profile_background_tile': False,
            'profile_banner_url': 'https://pbs.twimg.com/profile_banners/2301728670/1506682405',
            'profile_image_url': 'http://pbs.twimg.com/profile_images/913190180403769344/rC6qLtxY_normal.jpg',
            'profile_image_url_https': 'https://pbs.twimg.com/profile_images/913190180403769344/rC6qLtxY_normal.jpg',
            'profile_link_color': '5D728A',
            'profile_sidebar_border_color': '000000',
            'profile_sidebar_fill_color': '000000',
            'profile_text_color': '000000',
            'profile_use_background_image': False,
            'protected': False,
            'screen_name': 'bitsites',
            'statuses_count': 7631,
            'time_zone': None,
            'translator_type': 'none',
            'url': 'https://t.co/AknQVIXTr2',
            'utc_offset': None,
            'verified': False}}
----------Summary----------
{ 'entities': { 'urls': { 'display_url': 'twitter.com/i/web/status/1…',
                          'expanded_url': 'https://twitter.com/i/web/status/1156653573465395201'}},
  'id_str': '1156653573465395201',
  'text': 'new tumblr post: "quadrigacx judge approves $1.6 million in '
          'expenses for ey, law firms" https://t.co/v8t7c2ed9o eos '
          'https://t.co/sl9rycdnua',
  'user': {'entities': {}, 'id_str': '2301728670', 'twitter_user': 'bitsites'}}
----------Groups----------
{ 'Bitcoin': ['bitcoin', 'Bitcoin', 'btc', 'satoshi nakamoto'],
  'Ethereum': ['ethereum', 'Ethereum', 'eth', 'vitalik buterin'],
  'Litecoin': ['litecoin', 'Litecoin', 'ltc', 'charles lee'],
  'Monero': ['monero', 'Monero', 'xmr', 'riccardo spagni'],
  'Ripple': [ 'ripple',
              'Ripple',
              'xrp',
              'xrapid',
              'xcurrent',
              'chris larsen',
              'jed mccaleb']}
---------------------------Fetch-------2019-07-31 15:54:03.280694: Tweet filed under "misc":----------Data----------
{ 'contributors': None,
  'coordinates': None,
  'created_at': 'Wed Jul 31 19:51:13 +0000 2019',
  'entities': { 'hashtags': [],
                'symbols': [],
                'urls': [ { 'display_url': 'twitter.com/i/web/status/1…',
                            'expanded_url': 'https://twitter.com/i/web/status/1156653560618246149',
                            'indices': [117, 140],
                            'url': 'https://t.co/Z5rH2SzcUO'}],
                'user_mentions': [ { 'id': 724823746729644033,
                                     'id_str': '724823746729644033',
                                     'indices': [64, 80],
                                     'name': 'JoseLuis🇧🇷noticia1jl4com',
                                     'screen_name': 'joseluisintwite'}]},
  'favorite_count': 0,
  'favorited': False,
  'geo': None,
  'id': 1156653560618246149,
  'id_str': '1156653560618246149',
  'in_reply_to_screen_name': None,
  'in_reply_to_status_id': None,
  'in_reply_to_status_id_str': None,
  'in_reply_to_user_id': None,
  'in_reply_to_user_id_str': None,
  'is_quote_status': False,
  'lang': 'en',
  'metadata': {'iso_language_code': 'en', 'result_type': 'recent'},
  'place': None,
  'possibly_sensitive': False,
  'retweet_count': 0,
  'retweeted': False,
  'source': '<a href="https://www.1jl4soft.co.technology" '
            'rel="nofollow">1Jl4Soft</a>',
  'text': 'U.N. Agency for Palestinian Refugees Faces Accusations of Mi.. \n'
          '@joseluisintwite - nytimes - Twitter - News - Notic… '
          'https://t.co/Z5rH2SzcUO',
  'truncated': True,
  'user': { 'contributors_enabled': False,
            'created_at': 'Tue Apr 26 04:53:42 +0000 2016',
            'default_profile': False,
            'default_profile_image': False,
            'description': '#News #Noticias #Twitter #Bitcoin #CryptoCurreny '
                           '#Investment '
                           '#World🌐https://t.co/iMotcOabE8💯https://t.co/dWNytSOZ9m💯https://t.co/CB8S0j1j5R💯@joseluisintwite🇧🇷',
            'entities': { 'description': { 'urls': [ { 'display_url': 'noticias.1jl4.com',
                                                       'expanded_url': 'http://noticias.1jl4.com',
                                                       'indices': [68, 91],
                                                       'url': 'https://t.co/iMotcOabE8'},
                                                     { 'display_url': 'bitcoin.1jl4.com',
                                                       'expanded_url': 'http://bitcoin.1jl4.com',
                                                       'indices': [92, 115],
                                                       'url': 'https://t.co/dWNytSOZ9m'},
                                                     { 'display_url': 'cryptocurrency.1jl4.com',
                                                       'expanded_url': 'http://cryptocurrency.1jl4.com',
                                                       'indices': [116, 139],
                                                       'url': 'https://t.co/CB8S0j1j5R'}]},
                          'url': { 'urls': [ { 'display_url': 'hospedagemdominiojl.com/?1jl4.com',
                                               'expanded_url': 'https://hospedagemdominiojl.com/?1jl4.com',
                                               'indices': [0, 23],
                                               'url': 'https://t.co/7limO8Y8XJ'}]}},
            'favourites_count': 27,
            'follow_request_sent': None,
            'followers_count': 3424,
            'following': None,
            'friends_count': 4877,
            'geo_enabled': False,
            'has_extended_profile': True,
            'id': 724823746729644033,
            'id_str': '724823746729644033',
            'is_translation_enabled': False,
            'is_translator': False,
            'lang': None,
            'listed_count': 10,
            'location': 'BRASIL🇧🇷🌐noticias.1jl4.com🌐🇧🇷',
            'name': 'JoseLuis🇧🇷noticia1jl4com',
            'notifications': None,
            'profile_background_color': 'C0DEED',
            'profile_background_image_url': 'http://abs.twimg.com/images/themes/theme1/bg.png',
            'profile_background_image_url_https': 'https://abs.twimg.com/images/themes/theme1/bg.png',
            'profile_background_tile': True,
            'profile_banner_url': 'https://pbs.twimg.com/profile_banners/724823746729644033/1557000837',
            'profile_image_url': 'http://pbs.twimg.com/profile_images/1154891071144505349/RpKpCwFV_normal.jpg',
            'profile_image_url_https': 'https://pbs.twimg.com/profile_images/1154891071144505349/RpKpCwFV_normal.jpg',
            'profile_link_color': 'FF691F',
            'profile_sidebar_border_color': '000000',
            'profile_sidebar_fill_color': '000000',
            'profile_text_color': '000000',
            'profile_use_background_image': True,
            'protected': False,
            'screen_name': 'joseluisintwite',
            'statuses_count': 35142,
            'time_zone': None,
            'translator_type': 'none',
            'url': 'https://t.co/7limO8Y8XJ',
            'utc_offset': None,
            'verified': False}}
----------Summary----------
{ 'entities': { 'urls': { 'display_url': 'twitter.com/i/web/status/1…',
                          'expanded_url': 'https://twitter.com/i/web/status/1156653560618246149'}},
  'id_str': '1156653560618246149',
  'text': 'u.n. agency for palestinian refugees faces accusations of mi..  '
          '@joseluisintwite - nytimes - twitter - news - notic '
          'https://t.co/z5rh2szcuo',
  'user': { 'entities': {},
            'id_str': '724823746729644033',
            'twitter_user': 'joseluisintwite'}}
----------Groups----------
{ 'Bitcoin': ['bitcoin', 'Bitcoin', 'btc', 'satoshi nakamoto'],
  'Ethereum': ['ethereum', 'Ethereum', 'eth', 'vitalik buterin'],
  'Litecoin': ['litecoin', 'Litecoin', 'ltc', 'charles lee'],
  'Monero': ['monero', 'Monero', 'xmr', 'riccardo spagni'],
  'Ripple': [ 'ripple',
              'Ripple',
              'xrp',
              'xrapid',
              'xcurrent',
              'chris larsen',
              'jed mccaleb']}
---------------------------Fetch-------2019-07-31 15:54:03.496295: Tweet filed under "misc":----------Data----------
{ 'contributors': None,
  'coordinates': None,
  'created_at': 'Wed Jul 31 19:51:12 +0000 2019',
  'entities': { 'hashtags': [],
                'symbols': [],
                'urls': [ { 'display_url': 'twitter.com/i/web/status/1…',
                            'expanded_url': 'https://twitter.com/i/web/status/1156653557908725760',
                            'indices': [117, 140],
                            'url': 'https://t.co/nHFYdWIr1H'}],
                'user_mentions': [ { 'id': 724823746729644033,
                                     'id_str': '724823746729644033',
                                     'indices': [64, 80],
                                     'name': 'JoseLuis🇧🇷noticia1jl4com',
                                     'screen_name': 'joseluisintwite'}]},
  'favorite_count': 0,
  'favorited': False,
  'geo': None,
  'id': 1156653557908725760,
  'id_str': '1156653557908725760',
  'in_reply_to_screen_name': None,
  'in_reply_to_status_id': None,
  'in_reply_to_status_id_str': None,
  'in_reply_to_user_id': None,
  'in_reply_to_user_id_str': None,
  'is_quote_status': False,
  'lang': 'en',
  'metadata': {'iso_language_code': 'en', 'result_type': 'recent'},
  'place': None,
  'possibly_sensitive': False,
  'retweet_count': 0,
  'retweeted': False,
  'source': '<a href="https://www.1jl4soft.co.technology" '
            'rel="nofollow">1Jl4Soft</a>',
  'text': "Johnson will use Brexit to cement elitist control. It's up t.. \n"
          '@joseluisintwite - Guardian - Twitter - News - Noti… '
          'https://t.co/nHFYdWIr1H',
  'truncated': True,
  'user': { 'contributors_enabled': False,
            'created_at': 'Tue Apr 26 04:53:42 +0000 2016',
            'default_profile': False,
            'default_profile_image': False,
            'description': '#News #Noticias #Twitter #Bitcoin #CryptoCurreny '
                           '#Investment '
                           '#World🌐https://t.co/iMotcOabE8💯https://t.co/dWNytSOZ9m💯https://t.co/CB8S0j1j5R💯@joseluisintwite🇧🇷',
            'entities': { 'description': { 'urls': [ { 'display_url': 'noticias.1jl4.com',
                                                       'expanded_url': 'http://noticias.1jl4.com',
                                                       'indices': [68, 91],
                                                       'url': 'https://t.co/iMotcOabE8'},
                                                     { 'display_url': 'bitcoin.1jl4.com',
                                                       'expanded_url': 'http://bitcoin.1jl4.com',
                                                       'indices': [92, 115],
                                                       'url': 'https://t.co/dWNytSOZ9m'},
                                                     { 'display_url': 'cryptocurrency.1jl4.com',
                                                       'expanded_url': 'http://cryptocurrency.1jl4.com',
                                                       'indices': [116, 139],
                                                       'url': 'https://t.co/CB8S0j1j5R'}]},
                          'url': { 'urls': [ { 'display_url': 'hospedagemdominiojl.com/?1jl4.com',
                                               'expanded_url': 'https://hospedagemdominiojl.com/?1jl4.com',
                                               'indices': [0, 23],
                                               'url': 'https://t.co/7limO8Y8XJ'}]}},
            'favourites_count': 27,
            'follow_request_sent': None,
            'followers_count': 3424,
            'following': None,
            'friends_count': 4877,
            'geo_enabled': False,
            'has_extended_profile': True,
            'id': 724823746729644033,
            'id_str': '724823746729644033',
            'is_translation_enabled': False,
            'is_translator': False,
            'lang': None,
            'listed_count': 10,
            'location': 'BRASIL🇧🇷🌐noticias.1jl4.com🌐🇧🇷',
            'name': 'JoseLuis🇧🇷noticia1jl4com',
            'notifications': None,
            'profile_background_color': 'C0DEED',
            'profile_background_image_url': 'http://abs.twimg.com/images/themes/theme1/bg.png',
            'profile_background_image_url_https': 'https://abs.twimg.com/images/themes/theme1/bg.png',
            'profile_background_tile': True,
            'profile_banner_url': 'https://pbs.twimg.com/profile_banners/724823746729644033/1557000837',
            'profile_image_url': 'http://pbs.twimg.com/profile_images/1154891071144505349/RpKpCwFV_normal.jpg',
            'profile_image_url_https': 'https://pbs.twimg.com/profile_images/1154891071144505349/RpKpCwFV_normal.jpg',
            'profile_link_color': 'FF691F',
            'profile_sidebar_border_color': '000000',
            'profile_sidebar_fill_color': '000000',
            'profile_text_color': '000000',
            'profile_use_background_image': True,
            'protected': False,
            'screen_name': 'joseluisintwite',
            'statuses_count': 35142,
            'time_zone': None,
            'translator_type': 'none',
            'url': 'https://t.co/7limO8Y8XJ',
            'utc_offset': None,
            'verified': False}}
----------Summary----------
{ 'entities': { 'urls': { 'display_url': 'twitter.com/i/web/status/1…',
                          'expanded_url': 'https://twitter.com/i/web/status/1156653557908725760'}},
  'id_str': '1156653557908725760',
  'text': "johnson will use brexit to cement elitist control. it's up t..  "
          '@joseluisintwite - guardian - twitter - news - noti '
          'https://t.co/nhfydwir1h',
  'user': { 'entities': {},
            'id_str': '724823746729644033',
            'twitter_user': 'joseluisintwite'}}
----------Groups----------
{ 'Bitcoin': ['bitcoin', 'Bitcoin', 'btc', 'satoshi nakamoto'],
  'Ethereum': ['ethereum', 'Ethereum', 'eth', 'vitalik buterin'],
  'Litecoin': ['litecoin', 'Litecoin', 'ltc', 'charles lee'],
  'Monero': ['monero', 'Monero', 'xmr', 'riccardo spagni'],
  'Ripple': [ 'ripple',
              'Ripple',
              'xrp',
              'xrapid',
              'xcurrent',
              'chris larsen',
              'jed mccaleb']}
---------------------------Fetch-------2019-07-31 15:54:04.607861: Tweet filed under "misc":----------Data----------
{ 'contributors': None,
  'coordinates': None,
  'created_at': 'Wed Jul 31 19:51:11 +0000 2019',
  'entities': { 'hashtags': [],
                'symbols': [],
                'urls': [ { 'display_url': 'twitter.com/i/web/status/1…',
                            'expanded_url': 'https://twitter.com/i/web/status/1156653554985263104',
                            'indices': [117, 140],
                            'url': 'https://t.co/qdtN7CCKOS'}],
                'user_mentions': [ { 'id': 724823746729644033,
                                     'id_str': '724823746729644033',
                                     'indices': [60, 76],
                                     'name': 'JoseLuis🇧🇷noticia1jl4com',
                                     'screen_name': 'joseluisintwite'}]},
  'favorite_count': 0,
  'favorited': False,
  'geo': None,
  'id': 1156653554985263104,
  'id_str': '1156653554985263104',
  'in_reply_to_screen_name': None,
  'in_reply_to_status_id': None,
  'in_reply_to_status_id_str': None,
  'in_reply_to_user_id': None,
  'in_reply_to_user_id_str': None,
  'is_quote_status': False,
  'lang': 'en',
  'metadata': {'iso_language_code': 'en', 'result_type': 'recent'},
  'place': None,
  'possibly_sensitive': False,
  'retweet_count': 0,
  'retweeted': False,
  'source': '<a href="https://www.1jl4soft.co.technology" '
            'rel="nofollow">1Jl4Soft</a>',
  'text': 'Months before Canada’s election, Justin Trudeau’s colorf.. \n'
          '@joseluisintwite - Washingtonpost - Twitter - News - No… '
          'https://t.co/qdtN7CCKOS',
  'truncated': True,
  'user': { 'contributors_enabled': False,
            'created_at': 'Tue Apr 26 04:53:42 +0000 2016',
            'default_profile': False,
            'default_profile_image': False,
            'description': '#News #Noticias #Twitter #Bitcoin #CryptoCurreny '
                           '#Investment '
                           '#World🌐https://t.co/iMotcOabE8💯https://t.co/dWNytSOZ9m💯https://t.co/CB8S0j1j5R💯@joseluisintwite🇧🇷',
            'entities': { 'description': { 'urls': [ { 'display_url': 'noticias.1jl4.com',
                                                       'expanded_url': 'http://noticias.1jl4.com',
                                                       'indices': [68, 91],
                                                       'url': 'https://t.co/iMotcOabE8'},
                                                     { 'display_url': 'bitcoin.1jl4.com',
                                                       'expanded_url': 'http://bitcoin.1jl4.com',
                                                       'indices': [92, 115],
                                                       'url': 'https://t.co/dWNytSOZ9m'},
                                                     { 'display_url': 'cryptocurrency.1jl4.com',
                                                       'expanded_url': 'http://cryptocurrency.1jl4.com',
                                                       'indices': [116, 139],
                                                       'url': 'https://t.co/CB8S0j1j5R'}]},
                          'url': { 'urls': [ { 'display_url': 'hospedagemdominiojl.com/?1jl4.com',
                                               'expanded_url': 'https://hospedagemdominiojl.com/?1jl4.com',
                                               'indices': [0, 23],
                                               'url': 'https://t.co/7limO8Y8XJ'}]}},
            'favourites_count': 27,
            'follow_request_sent': None,
            'followers_count': 3424,
            'following': None,
            'friends_count': 4877,
            'geo_enabled': False,
            'has_extended_profile': True,
            'id': 724823746729644033,
            'id_str': '724823746729644033',
            'is_translation_enabled': False,
            'is_translator': False,
            'lang': None,
            'listed_count': 10,
            'location': 'BRASIL🇧🇷🌐noticias.1jl4.com🌐🇧🇷',
            'name': 'JoseLuis🇧🇷noticia1jl4com',
            'notifications': None,
            'profile_background_color': 'C0DEED',
            'profile_background_image_url': 'http://abs.twimg.com/images/themes/theme1/bg.png',
            'profile_background_image_url_https': 'https://abs.twimg.com/images/themes/theme1/bg.png',
            'profile_background_tile': True,
            'profile_banner_url': 'https://pbs.twimg.com/profile_banners/724823746729644033/1557000837',
            'profile_image_url': 'http://pbs.twimg.com/profile_images/1154891071144505349/RpKpCwFV_normal.jpg',
            'profile_image_url_https': 'https://pbs.twimg.com/profile_images/1154891071144505349/RpKpCwFV_normal.jpg',
            'profile_link_color': 'FF691F',
            'profile_sidebar_border_color': '000000',
            'profile_sidebar_fill_color': '000000',
            'profile_text_color': '000000',
            'profile_use_background_image': True,
            'protected': False,
            'screen_name': 'joseluisintwite',
            'statuses_count': 35142,
            'time_zone': None,
            'translator_type': 'none',
            'url': 'https://t.co/7limO8Y8XJ',
            'utc_offset': None,
            'verified': False}}
----------Summary----------
{ 'entities': { 'urls': { 'display_url': 'twitter.com/i/web/status/1…',
                          'expanded_url': 'https://twitter.com/i/web/status/1156653554985263104'}},
  'id_str': '1156653554985263104',
  'text': 'months before canadas election, justin trudeaus colorf..  '
          '@joseluisintwite - washingtonpost - twitter - news - no '
          'https://t.co/qdtn7cckos',
  'user': { 'entities': {},
            'id_str': '724823746729644033',
            'twitter_user': 'joseluisintwite'}}
----------Groups----------
{ 'Bitcoin': ['bitcoin', 'Bitcoin', 'btc', 'satoshi nakamoto'],
  'Ethereum': ['ethereum', 'Ethereum', 'eth', 'vitalik buterin'],
  'Litecoin': ['litecoin', 'Litecoin', 'ltc', 'charles lee'],
  'Monero': ['monero', 'Monero', 'xmr', 'riccardo spagni'],
  'Ripple': [ 'ripple',
              'Ripple',
              'xrp',
              'xrapid',
              'xcurrent',
              'chris larsen',
              'jed mccaleb']}
---------------------------Fetch-------2019-07-31 15:54:05.427785: Tweet filed under "misc":----------Data----------
{ 'contributors': None,
  'coordinates': None,
  'created_at': 'Wed Jul 31 19:51:10 +0000 2019',
  'entities': { 'hashtags': [{'indices': [15, 19], 'text': 'DXY'}],
                'symbols': [],
                'urls': [],
                'user_mentions': [ { 'id': 966446693066698752,
                                     'id_str': '966446693066698752',
                                     'indices': [3, 13],
                                     'name': 'Lord Ray',
                                     'screen_name': 'LordRay23'}]},
  'favorite_count': 0,
  'favorited': False,
  'geo': None,
  'id': 1156653547901116417,
  'id_str': '1156653547901116417',
  'in_reply_to_screen_name': None,
  'in_reply_to_status_id': None,
  'in_reply_to_status_id_str': None,
  'in_reply_to_user_id': None,
  'in_reply_to_user_id_str': None,
  'is_quote_status': False,
  'lang': 'en',
  'metadata': {'iso_language_code': 'en', 'result_type': 'recent'},
  'place': None,
  'retweet_count': 3,
  'retweeted': False,
  'retweeted_status': { 'contributors': None,
                        'coordinates': None,
                        'created_at': 'Wed Jul 31 19:18:55 +0000 2019',
                        'entities': { 'hashtags': [ { 'indices': [0, 4],
                                                      'text': 'DXY'}],
                                      'symbols': [],
                                      'urls': [ { 'display_url': 'twitter.com/i/web/status/1…',
                                                  'expanded_url': 'https://twitter.com/i/web/status/1156645432606568449',
                                                  'indices': [116, 139],
                                                  'url': 'https://t.co/kr5vPi6y1V'}],
                                      'user_mentions': []},
                        'favorite_count': 4,
                        'favorited': False,
                        'geo': None,
                        'id': 1156645432606568449,
                        'id_str': '1156645432606568449',
                        'in_reply_to_screen_name': None,
                        'in_reply_to_status_id': None,
                        'in_reply_to_status_id_str': None,
                        'in_reply_to_user_id': None,
                        'in_reply_to_user_id_str': None,
                        'is_quote_status': False,
                        'lang': 'en',
                        'metadata': { 'iso_language_code': 'en',
                                      'result_type': 'recent'},
                        'place': None,
                        'possibly_sensitive': False,
                        'retweet_count': 3,
                        'retweeted': False,
                        'source': '<a href="https://mobile.twitter.com" '
                                  'rel="nofollow">Twitter Web App</a>',
                        'text': '#DXY the US Dollar is at its highest level '
                                'since May of 2017. This move has to do with '
                                'the Federal Reserve cutting… '
                                'https://t.co/kr5vPi6y1V',
                        'truncated': True,
                        'user': { 'contributors_enabled': False,
                                  'created_at': 'Wed Feb 21 22:57:02 +0000 '
                                                '2018',
                                  'default_profile': False,
                                  'default_profile_image': False,
                                  'description': 'Technical Analyst. My '
                                                 'greatest fulfillment is '
                                                 'educating all fellow market '
                                                 'participants in charting.',
                                  'entities': { 'description': {'urls': []},
                                                'url': { 'urls': [ { 'display_url': 'youtube.com/mitchrayta',
                                                                     'expanded_url': 'https://www.youtube.com/mitchrayta',
                                                                     'indices': [ 0,
                                                                                  23],
                                                                     'url': 'https://t.co/TFQIXPcUum'}]}},
                                  'favourites_count': 973,
                                  'follow_request_sent': None,
                                  'followers_count': 2929,
                                  'following': None,
                                  'friends_count': 49,
                                  'geo_enabled': False,
                                  'has_extended_profile': False,
                                  'id': 966446693066698752,
                                  'id_str': '966446693066698752',
                                  'is_translation_enabled': False,
                                  'is_translator': False,
                                  'lang': None,
                                  'listed_count': 33,
                                  'location': '',
                                  'name': 'Lord Ray',
                                  'notifications': None,
                                  'profile_background_color': '000000',
                                  'profile_background_image_url': 'http://abs.twimg.com/images/themes/theme1/bg.png',
                                  'profile_background_image_url_https': 'https://abs.twimg.com/images/themes/theme1/bg.png',
                                  'profile_background_tile': False,
                                  'profile_banner_url': 'https://pbs.twimg.com/profile_banners/966446693066698752/1543872035',
                                  'profile_image_url': 'http://pbs.twimg.com/profile_images/1105344756274642944/Zt_PhWEp_normal.jpg',
                                  'profile_image_url_https': 'https://pbs.twimg.com/profile_images/1105344756274642944/Zt_PhWEp_normal.jpg',
                                  'profile_link_color': 'ABB8C2',
                                  'profile_sidebar_border_color': '000000',
                                  'profile_sidebar_fill_color': '000000',
                                  'profile_text_color': '000000',
                                  'profile_use_background_image': False,
                                  'protected': False,
                                  'screen_name': 'LordRay23',
                                  'statuses_count': 492,
                                  'time_zone': None,
                                  'translator_type': 'none',
                                  'url': 'https://t.co/TFQIXPcUum',
                                  'utc_offset': None,
                                  'verified': False}},
  'source': '<a href="http://twitter.com/download/iphone" '
            'rel="nofollow">Twitter for iPhone</a>',
  'text': 'RT @LordRay23: #DXY the US Dollar is at its highest level since May '
          'of 2017. This move has to do with the Federal Reserve cutting '
          'interest…',
  'truncated': False,
  'user': { 'contributors_enabled': False,
            'created_at': 'Sun Nov 08 23:47:22 +0000 2009',
            'default_profile': True,
            'default_profile_image': False,
            'description': 'Altair Assault 2369 Groupie [Retro Gear VR Space '
                           'Shooter] from @Vegaware Studios '
                           '#TheSingularityTrials',
            'entities': {'description': {'urls': []}},
            'favourites_count': 181,
            'follow_request_sent': None,
            'followers_count': 36,
            'following': None,
            'friends_count': 205,
            'geo_enabled': False,
            'has_extended_profile': False,
            'id': 88541894,
            'id_str': '88541894',
            'is_translation_enabled': False,
            'is_translator': False,
            'lang': None,
            'listed_count': 0,
            'location': '',
            'name': 'Matt',
            'notifications': None,
            'profile_background_color': 'C0DEED',
            'profile_background_image_url': 'http://abs.twimg.com/images/themes/theme1/bg.png',
            'profile_background_image_url_https': 'https://abs.twimg.com/images/themes/theme1/bg.png',
            'profile_background_tile': False,
            'profile_banner_url': 'https://pbs.twimg.com/profile_banners/88541894/1563908767',
            'profile_image_url': 'http://pbs.twimg.com/profile_images/1152381074607136774/W7ARggdS_normal.jpg',
            'profile_image_url_https': 'https://pbs.twimg.com/profile_images/1152381074607136774/W7ARggdS_normal.jpg',
            'profile_link_color': '1DA1F2',
            'profile_sidebar_border_color': 'C0DEED',
            'profile_sidebar_fill_color': 'DDEEF6',
            'profile_text_color': '333333',
            'profile_use_background_image': True,
            'protected': False,
            'screen_name': 'Peckham27',
            'statuses_count': 1614,
            'time_zone': None,
            'translator_type': 'none',
            'url': None,
            'utc_offset': None,
            'verified': False}}
----------Summary----------
{ 'entities': {},
  'id_str': '1156653547901116417',
  'retweeted_status': { 'entities': { 'urls': { 'display_url': 'twitter.com/i/web/status/1…',
                                                'expanded_url': 'https://twitter.com/i/web/status/1156645432606568449'}},
                        'id_str': '1156645432606568449',
                        'text': '#dxy the us dollar is at its highest level '
                                'since may of 2017. this move has to do with '
                                'the federal reserve cutting '
                                'https://t.co/kr5vpi6y1v',
                        'user': { 'entities': {},
                                  'id_str': '966446693066698752',
                                  'twitter_user': 'LordRay23'}},
  'text': 'rt @lordray23: #dxy the us dollar is at its highest level since may '
          'of 2017. this move has to do with the federal reserve cutting '
          'interest',
  'user': {'entities': {}, 'id_str': '88541894', 'twitter_user': 'Peckham27'}}
----------Groups----------
{ 'Bitcoin': ['bitcoin', 'Bitcoin', 'btc', 'satoshi nakamoto'],
  'Ethereum': ['ethereum', 'Ethereum', 'eth', 'vitalik buterin'],
  'Litecoin': ['litecoin', 'Litecoin', 'ltc', 'charles lee'],
  'Monero': ['monero', 'Monero', 'xmr', 'riccardo spagni'],
  'Ripple': [ 'ripple',
              'Ripple',
              'xrp',
              'xrapid',
              'xcurrent',
              'chris larsen',
              'jed mccaleb']}
---------------------------Fetch-------2019-07-31 15:54:05.636877: Tweet filed under "misc":----------Data----------
{ 'contributors': None,
  'coordinates': None,
  'created_at': 'Wed Jul 31 19:51:09 +0000 2019',
  'entities': { 'hashtags': [],
                'media': [ { 'display_url': 'pic.twitter.com/mddXALbEun',
                             'expanded_url': 'https://twitter.com/Jessica40291906/status/1156653545162067968/photo/1',
                             'id': 1156653541206843393,
                             'id_str': '1156653541206843393',
                             'indices': [67, 90],
                             'media_url': 'http://pbs.twimg.com/media/EA1CRHvU4AEYmll.jpg',
                             'media_url_https': 'https://pbs.twimg.com/media/EA1CRHvU4AEYmll.jpg',
                             'sizes': { 'large': { 'h': 1080,
                                                   'resize': 'fit',
                                                   'w': 1920},
                                        'medium': { 'h': 675,
                                                    'resize': 'fit',
                                                    'w': 1200},
                                        'small': { 'h': 383,
                                                   'resize': 'fit',
                                                   'w': 680},
                                        'thumb': { 'h': 150,
                                                   'resize': 'crop',
                                                   'w': 150}},
                             'type': 'photo',
                             'url': 'https://t.co/mddXALbEun'}],
                'symbols': [],
                'urls': [ { 'display_url': 'dlvr.it/R9R87K',
                            'expanded_url': 'http://dlvr.it/R9R87K',
                            'indices': [43, 66],
                            'url': 'https://t.co/UZTvoQdp3W'}],
                'user_mentions': []},
  'extended_entities': { 'media': [ { 'display_url': 'pic.twitter.com/mddXALbEun',
                                      'expanded_url': 'https://twitter.com/Jessica40291906/status/1156653545162067968/photo/1',
                                      'id': 1156653541206843393,
                                      'id_str': '1156653541206843393',
                                      'indices': [67, 90],
                                      'media_url': 'http://pbs.twimg.com/media/EA1CRHvU4AEYmll.jpg',
                                      'media_url_https': 'https://pbs.twimg.com/media/EA1CRHvU4AEYmll.jpg',
                                      'sizes': { 'large': { 'h': 1080,
                                                            'resize': 'fit',
                                                            'w': 1920},
                                                 'medium': { 'h': 675,
                                                             'resize': 'fit',
                                                             'w': 1200},
                                                 'small': { 'h': 383,
                                                            'resize': 'fit',
                                                            'w': 680},
                                                 'thumb': { 'h': 150,
                                                            'resize': 'crop',
                                                            'w': 150}},
                                      'type': 'photo',
                                      'url': 'https://t.co/mddXALbEun'}]},
  'favorite_count': 0,
  'favorited': False,
  'geo': None,
  'id': 1156653545162067968,
  'id_str': '1156653545162067968',
  'in_reply_to_screen_name': None,
  'in_reply_to_status_id': None,
  'in_reply_to_status_id_str': None,
  'in_reply_to_user_id': None,
  'in_reply_to_user_id_str': None,
  'is_quote_status': False,
  'lang': 'en',
  'metadata': {'iso_language_code': 'en', 'result_type': 'recent'},
  'place': None,
  'possibly_sensitive': False,
  'retweet_count': 0,
  'retweeted': False,
  'source': '<a href="https://dlvrit.com/" rel="nofollow">dlvr.it</a>',
  'text': 'PR: EO Coin Volume Surges on July Listings https://t.co/UZTvoQdp3W '
          'https://t.co/mddXALbEun',
  'truncated': False,
  'user': { 'contributors_enabled': False,
            'created_at': 'Fri Mar 01 02:37:50 +0000 2019',
            'default_profile': False,
            'default_profile_image': False,
            'description': '',
            'entities': { 'description': {'urls': []},
                          'url': { 'urls': [ { 'display_url': 'cryptoccrystals.blogspot.com',
                                               'expanded_url': 'https://cryptoccrystals.blogspot.com/',
                                               'indices': [0, 23],
                                               'url': 'https://t.co/MGIiybiEMI'}]}},
            'favourites_count': 1375,
            'follow_request_sent': None,
            'followers_count': 111,
            'following': None,
            'friends_count': 112,
            'geo_enabled': False,
            'has_extended_profile': False,
            'id': 1101310547843338240,
            'id_str': '1101310547843338240',
            'is_translation_enabled': False,
            'is_translator': False,
            'lang': None,
            'listed_count': 0,
            'location': '',
            'name': 'Jessica',
            'notifications': None,
            'profile_background_color': '000000',
            'profile_background_image_url': 'http://abs.twimg.com/images/themes/theme1/bg.png',
            'profile_background_image_url_https': 'https://abs.twimg.com/images/themes/theme1/bg.png',
            'profile_background_tile': False,
            'profile_banner_url': 'https://pbs.twimg.com/profile_banners/1101310547843338240/1551409336',
            'profile_image_url': 'http://pbs.twimg.com/profile_images/1101311395302395904/cn1iWQpP_normal.png',
            'profile_image_url_https': 'https://pbs.twimg.com/profile_images/1101311395302395904/cn1iWQpP_normal.png',
            'profile_link_color': '7FDBB6',
            'profile_sidebar_border_color': '000000',
            'profile_sidebar_fill_color': '000000',
            'profile_text_color': '000000',
            'profile_use_background_image': False,
            'protected': False,
            'screen_name': 'Jessica40291906',
            'statuses_count': 1500,
            'time_zone': None,
            'translator_type': 'none',
            'url': 'https://t.co/MGIiybiEMI',
            'utc_offset': None,
            'verified': False}}
----------Summary----------
{ 'entities': { 'urls': { 'display_url': 'dlvr.it/R9R87K',
                          'expanded_url': 'http://dlvr.it/R9R87K'}},
  'id_str': '1156653545162067968',
  'text': 'pr: eo coin volume surges on july listings https://t.co/uztvoqdp3w '
          'https://t.co/mddxalbeun',
  'user': { 'entities': {},
            'id_str': '1101310547843338240',
            'twitter_user': 'Jessica40291906'}}
----------Groups----------
{ 'Bitcoin': ['bitcoin', 'Bitcoin', 'btc', 'satoshi nakamoto'],
  'Ethereum': ['ethereum', 'Ethereum', 'eth', 'vitalik buterin'],
  'Litecoin': ['litecoin', 'Litecoin', 'ltc', 'charles lee'],
  'Monero': ['monero', 'Monero', 'xmr', 'riccardo spagni'],
  'Ripple': [ 'ripple',
              'Ripple',
              'xrp',
              'xrapid',
              'xcurrent',
              'chris larsen',
              'jed mccaleb']}
---------------------------Fetch-------2019-07-31 15:54:07.065874: Tweet filed under "misc":----------Data----------
{ 'contributors': None,
  'coordinates': None,
  'created_at': 'Wed Jul 31 19:51:01 +0000 2019',
  'entities': { 'hashtags': [],
                'symbols': [],
                'urls': [ { 'display_url': 'play.google.com/store/apps/det…',
                            'expanded_url': 'https://play.google.com/store/apps/details?id=com.wantapp',
                            'indices': [73, 96],
                            'url': 'https://t.co/Tf18NvlG7x'}],
                'user_mentions': [ { 'id': 834374677560705024,
                                     'id_str': '834374677560705024',
                                     'indices': [3, 19],
                                     'name': 'Want Marketplaces',
                                     'screen_name': 'wantmarketplace'}]},
  'favorite_count': 0,
  'favorited': False,
  'geo': None,
  'id': 1156653513167892480,
  'id_str': '1156653513167892480',
  'in_reply_to_screen_name': None,
  'in_reply_to_status_id': None,
  'in_reply_to_status_id_str': None,
  'in_reply_to_user_id': None,
  'in_reply_to_user_id_str': None,
  'is_quote_status': False,
  'lang': 'en',
  'metadata': {'iso_language_code': 'en', 'result_type': 'recent'},
  'place': None,
  'possibly_sensitive': False,
  'retweet_count': 40,
  'retweeted': False,
  'retweeted_status': { 'contributors': None,
                        'coordinates': None,
                        'created_at': 'Fri Jul 05 03:53:12 +0000 2019',
                        'entities': { 'hashtags': [],
                                      'symbols': [],
                                      'urls': [ { 'display_url': 'play.google.com/store/apps/det…',
                                                  'expanded_url': 'https://play.google.com/store/apps/details?id=com.wantapp',
                                                  'indices': [52, 75],
                                                  'url': 'https://t.co/Tf18NvlG7x'},
                                                { 'display_url': 'twitter.com/i/web/status/1…',
                                                  'expanded_url': 'https://twitter.com/i/web/status/1146990382942572544',
                                                  'indices': [114, 137],
                                                  'url': 'https://t.co/WOeH0qaFCA'}],
                                      'user_mentions': []},
                        'favorite_count': 116,
                        'favorited': False,
                        'geo': None,
                        'id': 1146990382942572544,
                        'id_str': '1146990382942572544',
                        'in_reply_to_screen_name': None,
                        'in_reply_to_status_id': None,
                        'in_reply_to_status_id_str': None,
                        'in_reply_to_user_id': None,
                        'in_reply_to_user_id_str': None,
                        'is_quote_status': False,
                        'lang': 'en',
                        'metadata': { 'iso_language_code': 'en',
                                      'result_type': 'recent'},
                        'place': None,
                        'possibly_sensitive': False,
                        'retweet_count': 40,
                        'retweeted': False,
                        'source': '<a href="https://mobile.twitter.com" '
                                  'rel="nofollow">Twitter Web App</a>',
                        'text': 'WANT Marketplaces - Download our B2B '
                                'Marketplace at https://t.co/Tf18NvlG7x\n'
                                '\n'
                                'STO Private Sale open Now @ $0.18 -… '
                                'https://t.co/WOeH0qaFCA',
                        'truncated': True,
                        'user': { 'contributors_enabled': False,
                                  'created_at': 'Wed Feb 22 12:09:59 +0000 '
                                                '2017',
                                  'default_profile': True,
                                  'default_profile_image': False,
                                  'description': 'Official Account for WANT '
                                                 'Marketplaces STO Offering',
                                  'entities': { 'description': {'urls': []},
                                                'url': { 'urls': [ { 'display_url': 'benipal.com',
                                                                     'expanded_url': 'https://benipal.com',
                                                                     'indices': [ 0,
                                                                                  23],
                                                                     'url': 'https://t.co/FpJbeDXvVn'}]}},
                                  'favourites_count': 4,
                                  'follow_request_sent': None,
                                  'followers_count': 1600,
                                  'following': None,
                                  'friends_count': 1,
                                  'geo_enabled': False,
                                  'has_extended_profile': False,
                                  'id': 834374677560705024,
                                  'id_str': '834374677560705024',
                                  'is_translation_enabled': False,
                                  'is_translator': False,
                                  'lang': None,
                                  'listed_count': 2,
                                  'location': 'New York, NY',
                                  'name': 'Want Marketplaces',
                                  'notifications': None,
                                  'profile_background_color': 'F5F8FA',
                                  'profile_background_image_url': None,
                                  'profile_background_image_url_https': None,
                                  'profile_background_tile': False,
                                  'profile_banner_url': 'https://pbs.twimg.com/profile_banners/834374677560705024/1559981725',
                                  'profile_image_url': 'http://pbs.twimg.com/profile_images/1137267216955482114/4tG-zMA6_normal.jpg',
                                  'profile_image_url_https': 'https://pbs.twimg.com/profile_images/1137267216955482114/4tG-zMA6_normal.jpg',
                                  'profile_link_color': '1DA1F2',
                                  'profile_sidebar_border_color': 'C0DEED',
                                  'profile_sidebar_fill_color': 'DDEEF6',
                                  'profile_text_color': '333333',
                                  'profile_use_background_image': True,
                                  'protected': False,
                                  'screen_name': 'wantmarketplace',
                                  'statuses_count': 76,
                                  'time_zone': None,
                                  'translator_type': 'none',
                                  'url': 'https://t.co/FpJbeDXvVn',
                                  'utc_offset': None,
                                  'verified': False}},
  'source': '<a href="http://twitter.com/download/android" '
            'rel="nofollow">Twitter for Android</a>',
  'text': 'RT @wantmarketplace: WANT Marketplaces - Download our B2B '
          'Marketplace at https://t.co/Tf18NvlG7x\n'
          '\n'
          'STO Private Sale open Now @ $0.18 - https…',
  'truncated': False,
  'user': { 'contributors_enabled': False,
            'created_at': 'Fri Sep 08 05:49:12 +0000 2017',
            'default_profile': True,
            'default_profile_image': False,
            'description': 'I am Medical student\n'
                           '#****(simple man)\n'
                           '#Follow  back',
            'entities': {'description': {'urls': []}},
            'favourites_count': 4843,
            'follow_request_sent': None,
            'followers_count': 4817,
            'following': None,
            'friends_count': 5295,
            'geo_enabled': False,
            'has_extended_profile': True,
            'id': 906031646884765701,
            'id_str': '906031646884765701',
            'is_translation_enabled': False,
            'is_translator': False,
            'lang': None,
            'listed_count': 14,
            'location': 'Dhaka, Bangladesh',
            'name': 'Md Mostofa kamal',
            'notifications': None,
            'profile_background_color': 'F5F8FA',
            'profile_background_image_url': None,
            'profile_background_image_url_https': None,
            'profile_background_tile': False,
            'profile_banner_url': 'https://pbs.twimg.com/profile_banners/906031646884765701/1543978436',
            'profile_image_url': 'http://pbs.twimg.com/profile_images/1122456466047127552/jObVPMAo_normal.jpg',
            'profile_image_url_https': 'https://pbs.twimg.com/profile_images/1122456466047127552/jObVPMAo_normal.jpg',
            'profile_link_color': '1DA1F2',
            'profile_sidebar_border_color': 'C0DEED',
            'profile_sidebar_fill_color': 'DDEEF6',
            'profile_text_color': '333333',
            'profile_use_background_image': True,
            'protected': False,
            'screen_name': 'Mostofa2020',
            'statuses_count': 5960,
            'time_zone': None,
            'translator_type': 'none',
            'url': None,
            'utc_offset': None,
            'verified': False}}
----------Summary----------
{ 'entities': { 'urls': { 'display_url': 'play.google.com/store/apps/det…',
                          'expanded_url': 'https://play.google.com/store/apps/details?id=com.wantapp'}},
  'id_str': '1156653513167892480',
  'retweeted_status': { 'entities': { 'urls': { 'display_url': 'twitter.com/i/web/status/1…',
                                                'expanded_url': 'https://twitter.com/i/web/status/1146990382942572544'}},
                        'id_str': '1146990382942572544',
                        'text': 'want marketplaces - download our b2b '
                                'marketplace at https://t.co/tf18nvlg7x  sto '
                                'private sale open now @ $0.18 - '
                                'https://t.co/woeh0qafca',
                        'user': { 'entities': {},
                                  'id_str': '834374677560705024',
                                  'twitter_user': 'wantmarketplace'}},
  'text': 'rt @wantmarketplace: want marketplaces - download our b2b '
          'marketplace at https://t.co/tf18nvlg7x  sto private sale open now @ '
          '$0.18 - https',
  'user': { 'entities': {},
            'id_str': '906031646884765701',
            'twitter_user': 'Mostofa2020'}}
----------Groups----------
{ 'Bitcoin': ['bitcoin', 'Bitcoin', 'btc', 'satoshi nakamoto'],
  'Ethereum': ['ethereum', 'Ethereum', 'eth', 'vitalik buterin'],
  'Litecoin': ['litecoin', 'Litecoin', 'ltc', 'charles lee'],
  'Monero': ['monero', 'Monero', 'xmr', 'riccardo spagni'],
  'Ripple': [ 'ripple',
              'Ripple',
              'xrp',
              'xrapid',
              'xcurrent',
              'chris larsen',
              'jed mccaleb']}
---------------------------Fetch-------2019-07-31 15:54:07.342143: Tweet filed under "misc":----------Data----------
{ 'contributors': None,
  'coordinates': None,
  'created_at': 'Wed Jul 31 19:51:00 +0000 2019',
  'entities': { 'hashtags': [ {'indices': [14, 23], 'text': 'BitValve'},
                              {'indices': [24, 39], 'text': 'Cryptocurrency'},
                              {'indices': [49, 53], 'text': 'ICO'},
                              {'indices': [78, 82], 'text': 'ICO'},
                              {'indices': [125, 129], 'text': 'MVP'}],
                'symbols': [],
                'urls': [],
                'user_mentions': [ { 'id': 1064475558329937926,
                                     'id_str': '1064475558329937926',
                                     'indices': [3, 12],
                                     'name': 'BitValve Cryptocurrency Exchange',
                                     'screen_name': 'bitvalve'},
                                   { 'id': 764788651872096256,
                                     'id_str': '764788651872096256',
                                     'indices': [95, 108],
                                     'name': 'CoinSchedule',
                                     'screen_name': 'coinschedule'}]},
  'favorite_count': 0,
  'favorited': False,
  'geo': None,
  'id': 1156653508357062656,
  'id_str': '1156653508357062656',
  'in_reply_to_screen_name': None,
  'in_reply_to_status_id': None,
  'in_reply_to_status_id_str': None,
  'in_reply_to_user_id': None,
  'in_reply_to_user_id_str': None,
  'is_quote_status': False,
  'lang': 'en',
  'metadata': {'iso_language_code': 'en', 'result_type': 'recent'},
  'place': None,
  'retweet_count': 306,
  'retweeted': False,
  'retweeted_status': { 'contributors': None,
                        'coordinates': None,
                        'created_at': 'Wed Jul 31 11:58:57 +0000 2019',
                        'entities': { 'hashtags': [ { 'indices': [0, 9],
                                                      'text': 'BitValve'},
                                                    { 'indices': [10, 25],
                                                      'text': 'Cryptocurrency'},
                                                    { 'indices': [35, 39],
                                                      'text': 'ICO'},
                                                    { 'indices': [64, 68],
                                                      'text': 'ICO'},
                                                    { 'indices': [111, 115],
                                                      'text': 'MVP'}],
                                      'symbols': [],
                                      'urls': [ { 'display_url': 'twitter.com/i/web/status/1…',
                                                  'expanded_url': 'https://twitter.com/i/web/status/1156534713856724992',
                                                  'indices': [117, 140],
                                                  'url': 'https://t.co/aRoDetDZB2'}],
                                      'user_mentions': [ { 'id': 764788651872096256,
                                                           'id_str': '764788651872096256',
                                                           'indices': [81, 94],
                                                           'name': 'CoinSchedule',
                                                           'screen_name': 'coinschedule'}]},
                        'favorite_count': 238,
                        'favorited': False,
                        'geo': None,
                        'id': 1156534713856724992,
                        'id_str': '1156534713856724992',
                        'in_reply_to_screen_name': None,
                        'in_reply_to_status_id': None,
                        'in_reply_to_status_id_str': None,
                        'in_reply_to_user_id': None,
                        'in_reply_to_user_id_str': None,
                        'is_quote_status': False,
                        'lang': 'en',
                        'metadata': { 'iso_language_code': 'en',
                                      'result_type': 'recent'},
                        'place': None,
                        'possibly_sensitive': False,
                        'retweet_count': 306,
                        'retweeted': False,
                        'source': '<a href="https://mobile.twitter.com" '
                                  'rel="nofollow">Twitter Web App</a>',
                        'text': '#BitValve #Cryptocurrency Exchange #ICO is '
                                'rated among the best #ICO projects on '
                                '@coinschedule!\n'
                                '\n'
                                'Check out our #MVP… https://t.co/aRoDetDZB2',
                        'truncated': True,
                        'user': { 'contributors_enabled': False,
                                  'created_at': 'Mon Nov 19 11:08:44 +0000 '
                                                '2018',
                                  'default_profile': False,
                                  'default_profile_image': False,
                                  'description': 'Buy, Sell and Trade your '
                                                 'favorite Cryptocurrency '
                                                 'using any payment method '
                                                 'available!',
                                  'entities': { 'description': {'urls': []},
                                                'url': { 'urls': [ { 'display_url': 'bitvalve.com',
                                                                     'expanded_url': 'https://www.bitvalve.com/',
                                                                     'indices': [ 0,
                                                                                  23],
                                                                     'url': 'https://t.co/LZzpLQkNMY'}]}},
                                  'favourites_count': 25,
                                  'follow_request_sent': None,
                                  'followers_count': 5834,
                                  'following': None,
                                  'friends_count': 11,
                                  'geo_enabled': False,
                                  'has_extended_profile': True,
                                  'id': 1064475558329937926,
                                  'id_str': '1064475558329937926',
                                  'is_translation_enabled': False,
                                  'is_translator': False,
                                  'lang': None,
                                  'listed_count': 12,
                                  'location': 'Cyprus',
                                  'name': 'BitValve Cryptocurrency Exchange',
                                  'notifications': None,
                                  'profile_background_color': '000000',
                                  'profile_background_image_url': 'http://abs.twimg.com/images/themes/theme1/bg.png',
                                  'profile_background_image_url_https': 'https://abs.twimg.com/images/themes/theme1/bg.png',
                                  'profile_background_tile': False,
                                  'profile_banner_url': 'https://pbs.twimg.com/profile_banners/1064475558329937926/1549939623',
                                  'profile_image_url': 'http://pbs.twimg.com/profile_images/1095152392176324608/CTvAkgJ4_normal.jpg',
                                  'profile_image_url_https': 'https://pbs.twimg.com/profile_images/1095152392176324608/CTvAkgJ4_normal.jpg',
                                  'profile_link_color': '7FDBB6',
                                  'profile_sidebar_border_color': '000000',
                                  'profile_sidebar_fill_color': '000000',
                                  'profile_text_color': '000000',
                                  'profile_use_background_image': False,
                                  'protected': False,
                                  'screen_name': 'bitvalve',
                                  'statuses_count': 97,
                                  'time_zone': None,
                                  'translator_type': 'none',
                                  'url': 'https://t.co/LZzpLQkNMY',
                                  'utc_offset': None,
                                  'verified': False}},
  'source': '<a href="http://twitter.com/download/android" '
            'rel="nofollow">Twitter for Android</a>',
  'text': 'RT @bitvalve: #BitValve #Cryptocurrency Exchange #ICO is rated '
          'among the best #ICO projects on @coinschedule!\n'
          '\n'
          'Check out our #MVP at https:…',
  'truncated': False,
  'user': { 'contributors_enabled': False,
            'created_at': 'Mon Mar 18 15:42:43 +0000 2019',
            'default_profile': True,
            'default_profile_image': False,
            'description': 'yang penting yakin',
            'entities': {'description': {'urls': []}},
            'favourites_count': 116,
            'follow_request_sent': None,
            'followers_count': 19,
            'following': None,
            'friends_count': 208,
            'geo_enabled': False,
            'has_extended_profile': False,
            'id': 1107668662125617152,
            'id_str': '1107668662125617152',
            'is_translation_enabled': False,
            'is_translator': False,
            'lang': None,
            'listed_count': 1,
            'location': 'Jawa Timur, Indonesia',
            'name': 'sinyo',
            'notifications': None,
            'profile_background_color': 'F5F8FA',
            'profile_background_image_url': None,
            'profile_background_image_url_https': None,
            'profile_background_tile': False,
            'profile_image_url': 'http://pbs.twimg.com/profile_images/1107669490760712194/nXPZW3Mo_normal.jpg',
            'profile_image_url_https': 'https://pbs.twimg.com/profile_images/1107669490760712194/nXPZW3Mo_normal.jpg',
            'profile_link_color': '1DA1F2',
            'profile_sidebar_border_color': 'C0DEED',
            'profile_sidebar_fill_color': 'DDEEF6',
            'profile_text_color': '333333',
            'profile_use_background_image': True,
            'protected': False,
            'screen_name': 'sinnyo87',
            'statuses_count': 376,
            'time_zone': None,
            'translator_type': 'none',
            'url': None,
            'utc_offset': None,
            'verified': False}}
----------Summary----------
{ 'entities': {},
  'id_str': '1156653508357062656',
  'retweeted_status': { 'entities': { 'urls': { 'display_url': 'twitter.com/i/web/status/1…',
                                                'expanded_url': 'https://twitter.com/i/web/status/1156534713856724992'}},
                        'id_str': '1156534713856724992',
                        'text': '#bitvalve #cryptocurrency exchange #ico is '
                                'rated among the best #ico projects on '
                                '@coinschedule!  check out our #mvp '
                                'https://t.co/arodetdzb2',
                        'user': { 'entities': {},
                                  'id_str': '1064475558329937926',
                                  'twitter_user': 'bitvalve'}},
  'text': 'rt @bitvalve: #bitvalve #cryptocurrency exchange #ico is rated '
          'among the best #ico projects on @coinschedule!  check out our #mvp '
          'at https:',
  'user': { 'entities': {},
            'id_str': '1107668662125617152',
            'twitter_user': 'sinnyo87'}}
----------Groups----------
{ 'Bitcoin': ['bitcoin', 'Bitcoin', 'btc', 'satoshi nakamoto'],
  'Ethereum': ['ethereum', 'Ethereum', 'eth', 'vitalik buterin'],
  'Litecoin': ['litecoin', 'Litecoin', 'ltc', 'charles lee'],
  'Monero': ['monero', 'Monero', 'xmr', 'riccardo spagni'],
  'Ripple': [ 'ripple',
              'Ripple',
              'xrp',
              'xrapid',
              'xcurrent',
              'chris larsen',
              'jed mccaleb']}
---------------------------Fetch-------2019-07-31 15:54:07.888457: Tweet filed under "misc":----------Data----------
{ 'contributors': None,
  'coordinates': None,
  'created_at': 'Wed Jul 31 19:52:52 +0000 2019',
  'entities': { 'hashtags': [],
                'symbols': [],
                'urls': [ { 'display_url': 'twitter.com/i/web/status/1…',
                            'expanded_url': 'https://twitter.com/i/web/status/1156653975854309377',
                            'indices': [117, 140],
                            'url': 'https://t.co/CQ2yPn13VA'}],
                'user_mentions': []},
  'favorite_count': 0,
  'favorited': False,
  'geo': None,
  'id': 1156653975854309377,
  'id_str': '1156653975854309377',
  'in_reply_to_screen_name': None,
  'in_reply_to_status_id': None,
  'in_reply_to_status_id_str': None,
  'in_reply_to_user_id': None,
  'in_reply_to_user_id_str': None,
  'is_quote_status': False,
  'lang': 'en',
  'metadata': {'iso_language_code': 'en', 'result_type': 'recent'},
  'place': None,
  'possibly_sensitive': False,
  'retweet_count': 0,
  'retweeted': False,
  'source': '<a href="https://ifttt.com" rel="nofollow">IFTTT</a>',
  'text': 'The Supreme Court of Nova Scotia approved the activities, fees and '
          'disbursements incurred by firms in the ongoing p… '
          'https://t.co/CQ2yPn13VA',
  'truncated': True,
  'user': { 'contributors_enabled': False,
            'created_at': 'Fri Jul 26 21:20:25 +0000 2013',
            'default_profile': True,
            'default_profile_image': False,
            'description': 'How many millionaires do you know who have become '
                           'wealthy by investing in savings accounts?\xa0\n'
                           '4 years and counting! #bitcoin #btc $btc',
            'entities': {'description': {'urls': []}},
            'favourites_count': 766,
            'follow_request_sent': None,
            'followers_count': 433,
            'following': None,
            'friends_count': 79,
            'geo_enabled': False,
            'has_extended_profile': False,
            'id': 1623913573,
            'id_str': '1623913573',
            'is_translation_enabled': False,
            'is_translator': False,
            'lang': None,
            'listed_count': 0,
            'location': 'Canada',
            'name': 'CryptoGryphon',
            'notifications': None,
            'profile_background_color': 'C0DEED',
            'profile_background_image_url': 'http://abs.twimg.com/images/themes/theme1/bg.png',
            'profile_background_image_url_https': 'https://abs.twimg.com/images/themes/theme1/bg.png',
            'profile_background_tile': False,
            'profile_banner_url': 'https://pbs.twimg.com/profile_banners/1623913573/1552504621',
            'profile_image_url': 'http://pbs.twimg.com/profile_images/1105909904408117248/ykxqaMQK_normal.jpg',
            'profile_image_url_https': 'https://pbs.twimg.com/profile_images/1105909904408117248/ykxqaMQK_normal.jpg',
            'profile_link_color': '1DA1F2',
            'profile_sidebar_border_color': 'C0DEED',
            'profile_sidebar_fill_color': 'DDEEF6',
            'profile_text_color': '333333',
            'profile_use_background_image': True,
            'protected': False,
            'screen_name': 'cryptogryphon',
            'statuses_count': 2130,
            'time_zone': None,
            'translator_type': 'none',
            'url': None,
            'utc_offset': None,
            'verified': False}}
----------Summary----------
{ 'entities': { 'urls': { 'display_url': 'twitter.com/i/web/status/1…',
                          'expanded_url': 'https://twitter.com/i/web/status/1156653975854309377'}},
  'id_str': '1156653975854309377',
  'text': 'the supreme court of nova scotia approved the activities, fees and '
          'disbursements incurred by firms in the ongoing p '
          'https://t.co/cq2ypn13va',
  'user': { 'entities': {},
            'id_str': '1623913573',
            'twitter_user': 'cryptogryphon'}}
----------Groups----------
{ 'Bitcoin': ['bitcoin', 'Bitcoin', 'btc', 'satoshi nakamoto'],
  'Ethereum': ['ethereum', 'Ethereum', 'eth', 'vitalik buterin'],
  'Litecoin': ['litecoin', 'Litecoin', 'ltc', 'charles lee'],
  'Monero': ['monero', 'Monero', 'xmr', 'riccardo spagni'],
  'Ripple': [ 'ripple',
              'Ripple',
              'xrp',
              'xrapid',
              'xcurrent',
              'chris larsen',
              'jed mccaleb']}
---------------------------Fetch-------2019-07-31 15:54:08.500976: Tweet filed under "misc":----------Data----------
{ 'contributors': None,
  'coordinates': None,
  'created_at': 'Wed Jul 31 19:52:44 +0000 2019',
  'entities': { 'hashtags': [],
                'symbols': [],
                'urls': [ { 'display_url': 'twitter.com/i/web/status/1…',
                            'expanded_url': 'https://twitter.com/i/web/status/1156653944443215872',
                            'indices': [115, 138],
                            'url': 'https://t.co/0zLe4w772s'}],
                'user_mentions': []},
  'favorite_count': 0,
  'favorited': False,
  'geo': None,
  'id': 1156653944443215872,
  'id_str': '1156653944443215872',
  'in_reply_to_screen_name': None,
  'in_reply_to_status_id': None,
  'in_reply_to_status_id_str': None,
  'in_reply_to_user_id': None,
  'in_reply_to_user_id_str': None,
  'is_quote_status': False,
  'lang': 'en',
  'metadata': {'iso_language_code': 'en', 'result_type': 'recent'},
  'place': None,
  'possibly_sensitive': False,
  'retweet_count': 0,
  'retweeted': False,
  'source': '<a href="https://mobile.twitter.com" rel="nofollow">Twitter Web '
            'App</a>',
  'text': '♣️ New Listing ♣️\n'
          '\n'
          'We are glad to announce that we will add MotaCoin (MOTA) to AIO '
          'Casino.\n'
          '\n'
          'Join AIO Casino here:… https://t.co/0zLe4w772s',
  'truncated': True,
  'user': { 'contributors_enabled': False,
            'created_at': 'Tue Apr 09 14:23:11 +0000 2019',
            'default_profile': False,
            'default_profile_image': False,
            'description': 'AIO Casino is a cryptocurrency casino, which aims '
                           'to connect all possible games in the gambling '
                           'industry on one platform.',
            'entities': { 'description': {'urls': []},
                          'url': { 'urls': [ { 'display_url': 'aiocasino.com',
                                               'expanded_url': 'http://www.aiocasino.com',
                                               'indices': [0, 23],
                                               'url': 'https://t.co/ilzffCUZlS'}]}},
            'favourites_count': 3,
            'follow_request_sent': None,
            'followers_count': 1521,
            'following': None,
            'friends_count': 10,
            'geo_enabled': False,
            'has_extended_profile': False,
            'id': 1115621181472686080,
            'id_str': '1115621181472686080',
            'is_translation_enabled': False,
            'is_translator': False,
            'lang': None,
            'listed_count': 0,
            'location': 'Blockchain',
            'name': 'AIO Casino',
            'notifications': None,
            'profile_background_color': '000000',
            'profile_background_image_url': 'http://abs.twimg.com/images/themes/theme1/bg.png',
            'profile_background_image_url_https': 'https://abs.twimg.com/images/themes/theme1/bg.png',
            'profile_background_tile': False,
            'profile_banner_url': 'https://pbs.twimg.com/profile_banners/1115621181472686080/1555011542',
            'profile_image_url': 'http://pbs.twimg.com/profile_images/1116419292973678593/-huZ59dZ_normal.png',
            'profile_image_url_https': 'https://pbs.twimg.com/profile_images/1116419292973678593/-huZ59dZ_normal.png',
            'profile_link_color': '15244C',
            'profile_sidebar_border_color': '000000',
            'profile_sidebar_fill_color': '000000',
            'profile_text_color': '000000',
            'profile_use_background_image': False,
            'protected': False,
            'screen_name': 'AioCasino',
            'statuses_count': 44,
            'time_zone': None,
            'translator_type': 'none',
            'url': 'https://t.co/ilzffCUZlS',
            'utc_offset': None,
            'verified': False}}
----------Summary----------
{ 'entities': { 'urls': { 'display_url': 'twitter.com/i/web/status/1…',
                          'expanded_url': 'https://twitter.com/i/web/status/1156653944443215872'}},
  'id_str': '1156653944443215872',
  'text': ' new listing   we are glad to announce that we will add motacoin '
          '(mota) to aio casino.  join aio casino here: '
          'https://t.co/0zle4w772s',
  'user': { 'entities': {},
            'id_str': '1115621181472686080',
            'twitter_user': 'AioCasino'}}
----------Groups----------
{ 'Bitcoin': ['bitcoin', 'Bitcoin', 'btc', 'satoshi nakamoto'],
  'Ethereum': ['ethereum', 'Ethereum', 'eth', 'vitalik buterin'],
  'Litecoin': ['litecoin', 'Litecoin', 'ltc', 'charles lee'],
  'Monero': ['monero', 'Monero', 'xmr', 'riccardo spagni'],
  'Ripple': [ 'ripple',
              'Ripple',
              'xrp',
              'xrapid',
              'xcurrent',
              'chris larsen',
              'jed mccaleb']}
---------------------------Fetch-------2019-07-31 15:54:08.810437: Tweet filed under "misc":----------Data----------
{ 'contributors': None,
  'coordinates': None,
  'created_at': 'Wed Jul 31 19:52:44 +0000 2019',
  'entities': { 'hashtags': [],
                'symbols': [{'indices': [51, 55], 'text': 'XVG'}],
                'urls': [],
                'user_mentions': [ { 'id': 1102270056568766466,
                                     'id_str': '1102270056568766466',
                                     'indices': [3, 19],
                                     'name': 'Angelita E. McCrory',
                                     'screen_name': 'MccroryAngelita'}]},
  'favorite_count': 0,
  'favorited': False,
  'geo': None,
  'id': 1156653942325071872,
  'id_str': '1156653942325071872',
  'in_reply_to_screen_name': None,
  'in_reply_to_status_id': None,
  'in_reply_to_status_id_str': None,
  'in_reply_to_user_id': None,
  'in_reply_to_user_id_str': None,
  'is_quote_status': False,
  'lang': 'en',
  'metadata': {'iso_language_code': 'en', 'result_type': 'recent'},
  'place': None,
  'retweet_count': 207,
  'retweeted': False,
  'retweeted_status': { 'contributors': None,
                        'coordinates': None,
                        'created_at': 'Wed Jul 31 06:17:13 +0000 2019',
                        'entities': { 'hashtags': [],
                                      'symbols': [ { 'indices': [30, 34],
                                                     'text': 'XVG'}],
                                      'urls': [ { 'display_url': 'twitter.com/i/web/status/1…',
                                                  'expanded_url': 'https://twitter.com/i/web/status/1156448712425525248',
                                                  'indices': [116, 139],
                                                  'url': 'https://t.co/kPUaJL4ZZW'}],
                                      'user_mentions': []},
                        'favorite_count': 238,
                        'favorited': False,
                        'geo': None,
                        'id': 1156448712425525248,
                        'id_str': '1156448712425525248',
                        'in_reply_to_screen_name': None,
                        'in_reply_to_status_id': None,
                        'in_reply_to_status_id_str': None,
                        'in_reply_to_user_id': None,
                        'in_reply_to_user_id_str': None,
                        'is_quote_status': False,
                        'lang': 'en',
                        'metadata': { 'iso_language_code': 'en',
                                      'result_type': 'recent'},
                        'place': None,
                        'retweet_count': 207,
                        'retweeted': False,
                        'source': '<a href="https://mobile.twitter.com" '
                                  'rel="nofollow">Twitter Web App</a>',
                        'text': 'I decided to give away 50,000 $XVG to someone '
                                'at the end of August 10\n'
                                'All you have to do to win is:\n'
                                '\n'
                                '-Be following… https://t.co/kPUaJL4ZZW',
                        'truncated': True,
                        'user': { 'contributors_enabled': False,
                                  'created_at': 'Sun Mar 03 18:10:35 +0000 '
                                                '2019',
                                  'default_profile': True,
                                  'default_profile_image': False,
                                  'description': 'My name is Angelita E. '
                                                 'McCrory, my favorite hobby '
                                                 'is travelling. I’m '
                                                 'interested in seeing new '
                                                 'sights, exploring different '
                                                 'cultures and else.',
                                  'entities': {'description': {'urls': []}},
                                  'favourites_count': 23,
                                  'follow_request_sent': None,
                                  'followers_count': 3906,
                                  'following': None,
                                  'friends_count': 300,
                                  'geo_enabled': False,
                                  'has_extended_profile': True,
                                  'id': 1102270056568766466,
                                  'id_str': '1102270056568766466',
                                  'is_translation_enabled': False,
                                  'is_translator': False,
                                  'lang': None,
                                  'listed_count': 7,
                                  'location': 'NYC',
                                  'name': 'Angelita E. McCrory',
                                  'notifications': None,
                                  'profile_background_color': 'F5F8FA',
                                  'profile_background_image_url': None,
                                  'profile_background_image_url_https': None,
                                  'profile_background_tile': False,
                                  'profile_banner_url': 'https://pbs.twimg.com/profile_banners/1102270056568766466/1551638208',
                                  'profile_image_url': 'http://pbs.twimg.com/profile_images/1110228722257297413/nTZSt0Xz_normal.png',
                                  'profile_image_url_https': 'https://pbs.twimg.com/profile_images/1110228722257297413/nTZSt0Xz_normal.png',
                                  'profile_link_color': '1DA1F2',
                                  'profile_sidebar_border_color': 'C0DEED',
                                  'profile_sidebar_fill_color': 'DDEEF6',
                                  'profile_text_color': '333333',
                                  'profile_use_background_image': True,
                                  'protected': False,
                                  'screen_name': 'MccroryAngelita',
                                  'statuses_count': 79,
                                  'time_zone': None,
                                  'translator_type': 'none',
                                  'url': None,
                                  'utc_offset': None,
                                  'verified': False}},
  'source': '<a href="http://twitter.com/download/android" '
            'rel="nofollow">Twitter for Android</a>',
  'text': 'RT @MccroryAngelita: I decided to give away 50,000 $XVG to someone '
          'at the end of August 10\n'
          'All you have to do to win is:\n'
          '\n'
          '-Be following me…',
  'truncated': False,
  'user': { 'contributors_enabled': False,
            'created_at': 'Wed Jun 26 21:09:08 +0000 2019',
            'default_profile': True,
            'default_profile_image': False,
            'description': 'just a broke guy trying to ride a crypto wave to '
                           'financial freedom.',
            'entities': {'description': {'urls': []}},
            'favourites_count': 30,
            'follow_request_sent': None,
            'followers_count': 7,
            'following': None,
            'friends_count': 45,
            'geo_enabled': False,
            'has_extended_profile': False,
            'id': 1143989596558172167,
            'id_str': '1143989596558172167',
            'is_translation_enabled': False,
            'is_translator': False,
            'lang': None,
            'listed_count': 0,
            'location': 'United States',
            'name': 'Ryan Alpha',
            'notifications': None,
            'profile_background_color': 'F5F8FA',
            'profile_background_image_url': None,
            'profile_background_image_url_https': None,
            'profile_background_tile': False,
            'profile_banner_url': 'https://pbs.twimg.com/profile_banners/1143989596558172167/1561764608',
            'profile_image_url': 'http://pbs.twimg.com/profile_images/1144749858450038785/hp0keyz3_normal.jpg',
            'profile_image_url_https': 'https://pbs.twimg.com/profile_images/1144749858450038785/hp0keyz3_normal.jpg',
            'profile_link_color': '1DA1F2',
            'profile_sidebar_border_color': 'C0DEED',
            'profile_sidebar_fill_color': 'DDEEF6',
            'profile_text_color': '333333',
            'profile_use_background_image': True,
            'protected': False,
            'screen_name': 'RyanAlpha9',
            'statuses_count': 14,
            'time_zone': None,
            'translator_type': 'none',
            'url': None,
            'utc_offset': None,
            'verified': False}}
----------Summary----------
{ 'entities': {},
  'id_str': '1156653942325071872',
  'retweeted_status': { 'entities': { 'urls': { 'display_url': 'twitter.com/i/web/status/1…',
                                                'expanded_url': 'https://twitter.com/i/web/status/1156448712425525248'}},
                        'id_str': '1156448712425525248',
                        'text': 'i decided to give away 50,000 $xvg to someone '
                                'at the end of august 10 all you have to do to '
                                'win is:  -be following '
                                'https://t.co/kpuajl4zzw',
                        'user': { 'entities': {},
                                  'id_str': '1102270056568766466',
                                  'twitter_user': 'MccroryAngelita'}},
  'text': 'rt @mccroryangelita: i decided to give away 50,000 $xvg to someone '
          'at the end of august 10 all you have to do to win is:  -be '
          'following me',
  'user': { 'entities': {},
            'id_str': '1143989596558172167',
            'twitter_user': 'RyanAlpha9'}}
----------Groups----------
{ 'Bitcoin': ['bitcoin', 'Bitcoin', 'btc', 'satoshi nakamoto'],
  'Ethereum': ['ethereum', 'Ethereum', 'eth', 'vitalik buterin'],
  'Litecoin': ['litecoin', 'Litecoin', 'ltc', 'charles lee'],
  'Monero': ['monero', 'Monero', 'xmr', 'riccardo spagni'],
  'Ripple': [ 'ripple',
              'Ripple',
              'xrp',
              'xrapid',
              'xcurrent',
              'chris larsen',
              'jed mccaleb']}
---------------------------Fetch-------2019-07-31 15:54:09.020290: Tweet filed under "misc":----------Data----------
{ 'contributors': None,
  'coordinates': None,
  'created_at': 'Wed Jul 31 19:52:21 +0000 2019',
  'entities': { 'hashtags': [{'indices': [17, 24], 'text': 'Rapids'}],
                'symbols': [ {'indices': [25, 29], 'text': 'RPD'},
                             {'indices': [83, 87], 'text': 'RPD'}],
                'urls': [],
                'user_mentions': [ { 'id': 1032295660568170496,
                                     'id_str': '1032295660568170496',
                                     'indices': [3, 13],
                                     'name': 'Rapids Network',
                                     'screen_name': 'RapidsRPD'}]},
  'favorite_count': 0,
  'favorited': False,
  'geo': None,
  'id': 1156653846002839553,
  'id_str': '1156653846002839553',
  'in_reply_to_screen_name': None,
  'in_reply_to_status_id': None,
  'in_reply_to_status_id_str': None,
  'in_reply_to_user_id': None,
  'in_reply_to_user_id_str': None,
  'is_quote_status': False,
  'lang': 'en',
  'metadata': {'iso_language_code': 'en', 'result_type': 'recent'},
  'place': None,
  'retweet_count': 106,
  'retweeted': False,
  'retweeted_status': { 'contributors': None,
                        'coordinates': None,
                        'created_at': 'Thu Jul 18 11:54:07 +0000 2019',
                        'entities': { 'hashtags': [ { 'indices': [2, 9],
                                                      'text': 'Rapids'}],
                                      'symbols': [ { 'indices': [10, 14],
                                                     'text': 'RPD'},
                                                   { 'indices': [68, 72],
                                                     'text': 'RPD'}],
                                      'urls': [ { 'display_url': 'twitter.com/i/web/status/1…',
                                                  'expanded_url': 'https://twitter.com/i/web/status/1151822453838098437',
                                                  'indices': [117, 140],
                                                  'url': 'https://t.co/Ph9UpURVsG'}],
                                      'user_mentions': []},
                        'favorite_count': 164,
                        'favorited': False,
                        'geo': None,
                        'id': 1151822453838098437,
                        'id_str': '1151822453838098437',
                        'in_reply_to_screen_name': None,
                        'in_reply_to_status_id': None,
                        'in_reply_to_status_id_str': None,
                        'in_reply_to_user_id': None,
                        'in_reply_to_user_id_str': None,
                        'is_quote_status': False,
                        'lang': 'en',
                        'metadata': { 'iso_language_code': 'en',
                                      'result_type': 'recent'},
                        'place': None,
                        'possibly_sensitive': False,
                        'retweet_count': 106,
                        'retweeted': False,
                        'source': '<a '
                                  'href="http://twitter.com/download/iphone" '
                                  'rel="nofollow">Twitter for iPhone</a>',
                        'text': '⚙️#Rapids $RPD Wallet Update!\n'
                                '\n'
                                '👀Sneak peak anyone..\n'
                                '\n'
                                'Testing of the $RPD Multi Wallet is looking '
                                'solid and we are n… https://t.co/Ph9UpURVsG',
                        'truncated': True,
                        'user': { 'contributors_enabled': False,
                                  'created_at': 'Wed Aug 22 15:57:19 +0000 '
                                                '2018',
                                  'default_profile': False,
                                  'default_profile_image': False,
                                  'description': 'POS & Masternode '
                                                 'Cryptocurrency Project '
                                                 'facilitating use of RPD '
                                                 'through Web Browser & Social '
                                                 'Media-enabled Widgets. '
                                                 'Bringing Value To Social '
                                                 'Interactions!',
                                  'entities': { 'description': {'urls': []},
                                                'url': { 'urls': [ { 'display_url': 'Rapidsnetwork.io',
                                                                     'expanded_url': 'https://Rapidsnetwork.io',
                                                                     'indices': [ 0,
                                                                                  23],
                                                                     'url': 'https://t.co/WKaFNfbUwL'}]}},
                                  'favourites_count': 36453,
                                  'follow_request_sent': None,
                                  'followers_count': 10185,
                                  'following': None,
                                  'friends_count': 127,
                                  'geo_enabled': False,
                                  'has_extended_profile': False,
                                  'id': 1032295660568170496,
                                  'id_str': '1032295660568170496',
                                  'is_translation_enabled': False,
                                  'is_translator': False,
                                  'lang': None,
                                  'listed_count': 31,
                                  'location': '',
                                  'name': 'Rapids Network',
                                  'notifications': None,
                                  'profile_background_color': '000000',
                                  'profile_background_image_url': 'http://abs.twimg.com/images/themes/theme1/bg.png',
                                  'profile_background_image_url_https': 'https://abs.twimg.com/images/themes/theme1/bg.png',
                                  'profile_background_tile': False,
                                  'profile_banner_url': 'https://pbs.twimg.com/profile_banners/1032295660568170496/1542543179',
                                  'profile_image_url': 'http://pbs.twimg.com/profile_images/1063931374313398273/sBbYSJUf_normal.jpg',
                                  'profile_image_url_https': 'https://pbs.twimg.com/profile_images/1063931374313398273/sBbYSJUf_normal.jpg',
                                  'profile_link_color': '19CF86',
                                  'profile_sidebar_border_color': '000000',
                                  'profile_sidebar_fill_color': '000000',
                                  'profile_text_color': '000000',
                                  'profile_use_background_image': False,
                                  'protected': False,
                                  'screen_name': 'RapidsRPD',
                                  'statuses_count': 1393,
                                  'time_zone': None,
                                  'translator_type': 'none',
                                  'url': 'https://t.co/WKaFNfbUwL',
                                  'utc_offset': None,
                                  'verified': False}},
  'source': '<a href="https://mobile.twitter.com" rel="nofollow">Twitter Web '
            'App</a>',
  'text': 'RT @RapidsRPD: ⚙️#Rapids $RPD Wallet Update!\n'
          '\n'
          '👀Sneak peak anyone..\n'
          '\n'
          'Testing of the $RPD Multi Wallet is looking solid and we are now '
          'testin…',
  'truncated': False,
  'user': { 'contributors_enabled': False,
            'created_at': 'Wed Oct 09 19:37:21 +0000 2013',
            'default_profile': True,
            'default_profile_image': False,
            'description': 'Follow for TWEETS about different coins on the '
                           'market. \n'
                           '\n'
                           '#crypto #cryptocoin #cryptotweets \n'
                           '#cryptocurrency #altcoin #bitcoin $BTC $ETH $LTC '
                           '$BCH #bitcoincash',
            'entities': { 'description': {'urls': []},
                          'url': { 'urls': [ { 'display_url': 'Blockolo.com',
                                               'expanded_url': 'http://www.Blockolo.com',
                                               'indices': [0, 23],
                                               'url': 'https://t.co/0YfaJbWCqF'}]}},
            'favourites_count': 39322,
            'follow_request_sent': None,
            'followers_count': 2507,
            'following': None,
            'friends_count': 4782,
            'geo_enabled': False,
            'has_extended_profile': False,
            'id': 1949984965,
            'id_str': '1949984965',
            'is_translation_enabled': False,
            'is_translator': False,
            'lang': None,
            'listed_count': 17,
            'location': '',
            'name': 'Crypto Coin TWEETS',
            'notifications': None,
            'profile_background_color': 'C0DEED',
            'profile_background_image_url': 'http://abs.twimg.com/images/themes/theme1/bg.png',
            'profile_background_image_url_https': 'https://abs.twimg.com/images/themes/theme1/bg.png',
            'profile_background_tile': False,
            'profile_banner_url': 'https://pbs.twimg.com/profile_banners/1949984965/1518724184',
            'profile_image_url': 'http://pbs.twimg.com/profile_images/1018987591490723841/tnHbUKUd_normal.jpg',
            'profile_image_url_https': 'https://pbs.twimg.com/profile_images/1018987591490723841/tnHbUKUd_normal.jpg',
            'profile_link_color': '1DA1F2',
            'profile_sidebar_border_color': 'C0DEED',
            'profile_sidebar_fill_color': 'DDEEF6',
            'profile_text_color': '333333',
            'profile_use_background_image': True,
            'protected': False,
            'screen_name': 'cryptocointweet',
            'statuses_count': 4166,
            'time_zone': None,
            'translator_type': 'none',
            'url': 'https://t.co/0YfaJbWCqF',
            'utc_offset': None,
            'verified': False}}
----------Summary----------
{ 'entities': {},
  'id_str': '1156653846002839553',
  'retweeted_status': { 'entities': { 'urls': { 'display_url': 'twitter.com/i/web/status/1…',
                                                'expanded_url': 'https://twitter.com/i/web/status/1151822453838098437'}},
                        'id_str': '1151822453838098437',
                        'text': '#rapids $rpd wallet update!  sneak peak '
                                'anyone..  testing of the $rpd multi wallet is '
                                'looking solid and we are n '
                                'https://t.co/ph9upurvsg',
                        'user': { 'entities': {},
                                  'id_str': '1032295660568170496',
                                  'twitter_user': 'RapidsRPD'}},
  'text': 'rt @rapidsrpd: #rapids $rpd wallet update!  sneak peak anyone..  '
          'testing of the $rpd multi wallet is looking solid and we are now '
          'testin',
  'user': { 'entities': {},
            'id_str': '1949984965',
            'twitter_user': 'cryptocointweet'}}
----------Groups----------
{ 'Bitcoin': ['bitcoin', 'Bitcoin', 'btc', 'satoshi nakamoto'],
  'Ethereum': ['ethereum', 'Ethereum', 'eth', 'vitalik buterin'],
  'Litecoin': ['litecoin', 'Litecoin', 'ltc', 'charles lee'],
  'Monero': ['monero', 'Monero', 'xmr', 'riccardo spagni'],
  'Ripple': [ 'ripple',
              'Ripple',
              'xrp',
              'xrapid',
              'xcurrent',
              'chris larsen',
              'jed mccaleb']}
---------------------------Fetch-------2019-07-31 15:54:09.448808: Tweet filed under "misc":----------Data----------
{ 'contributors': None,
  'coordinates': None,
  'created_at': 'Wed Jul 31 19:52:14 +0000 2019',
  'entities': { 'hashtags': [],
                'symbols': [],
                'urls': [ { 'display_url': 'twitter.com/i/web/status/1…',
                            'expanded_url': 'https://twitter.com/i/web/status/1156653818991583234',
                            'indices': [116, 139],
                            'url': 'https://t.co/JQ6igmdebH'}],
                'user_mentions': []},
  'favorite_count': 0,
  'favorited': False,
  'geo': None,
  'id': 1156653818991583234,
  'id_str': '1156653818991583234',
  'in_reply_to_screen_name': None,
  'in_reply_to_status_id': None,
  'in_reply_to_status_id_str': None,
  'in_reply_to_user_id': None,
  'in_reply_to_user_id_str': None,
  'is_quote_status': False,
  'lang': 'en',
  'metadata': {'iso_language_code': 'en', 'result_type': 'recent'},
  'place': None,
  'possibly_sensitive': False,
  'retweet_count': 0,
  'retweeted': False,
  'source': '<a href="https://mobile.twitter.com" rel="nofollow">Twitter Web '
            'App</a>',
  'text': 'If you would like to see a true Token burn, check out our first 1 '
          'billion token burn! We successfully burned 12.5%… '
          'https://t.co/JQ6igmdebH',
  'truncated': True,
  'user': { 'contributors_enabled': False,
            'created_at': 'Fri Aug 10 16:46:02 +0000 2018',
            'default_profile': True,
            'default_profile_image': False,
            'description': 'The premier crypto social media management '
                           'company. #thecollectivego #btc #eth #crypto '
                           'Telegram https://t.co/tDbCgOAWJA',
            'entities': { 'description': { 'urls': [ { 'display_url': 't.me/TheCollectiveGO',
                                                       'expanded_url': 'https://t.me/TheCollectiveGO',
                                                       'indices': [96, 119],
                                                       'url': 'https://t.co/tDbCgOAWJA'}]},
                          'url': { 'urls': [ { 'display_url': 'thecollectivegroup.org',
                                               'expanded_url': 'https://thecollectivegroup.org',
                                               'indices': [0, 23],
                                               'url': 'https://t.co/8cI5XpIRxv'}]}},
            'favourites_count': 635,
            'follow_request_sent': None,
            'followers_count': 5966,
            'following': None,
            'friends_count': 166,
            'geo_enabled': False,
            'has_extended_profile': True,
            'id': 1027959268354531329,
            'id_str': '1027959268354531329',
            'is_translation_enabled': False,
            'is_translator': False,
            'lang': None,
            'listed_count': 26,
            'location': 'Guernsey',
            'name': 'The Collective',
            'notifications': None,
            'profile_background_color': 'F5F8FA',
            'profile_background_image_url': None,
            'profile_background_image_url_https': None,
            'profile_background_tile': False,
            'profile_banner_url': 'https://pbs.twimg.com/profile_banners/1027959268354531329/1547672437',
            'profile_image_url': 'http://pbs.twimg.com/profile_images/1084133190875398144/FQ7ReTfb_normal.jpg',
            'profile_image_url_https': 'https://pbs.twimg.com/profile_images/1084133190875398144/FQ7ReTfb_normal.jpg',
            'profile_link_color': '1DA1F2',
            'profile_sidebar_border_color': 'C0DEED',
            'profile_sidebar_fill_color': 'DDEEF6',
            'profile_text_color': '333333',
            'profile_use_background_image': True,
            'protected': False,
            'screen_name': 'TheCollectiveGo',
            'statuses_count': 671,
            'time_zone': None,
            'translator_type': 'none',
            'url': 'https://t.co/8cI5XpIRxv',
            'utc_offset': None,
            'verified': False}}
----------Summary----------
{ 'entities': { 'urls': { 'display_url': 'twitter.com/i/web/status/1…',
                          'expanded_url': 'https://twitter.com/i/web/status/1156653818991583234'}},
  'id_str': '1156653818991583234',
  'text': 'if you would like to see a true token burn, check out our first 1 '
          'billion token burn! we successfully burned 12.5% '
          'https://t.co/jq6igmdebh',
  'user': { 'entities': {},
            'id_str': '1027959268354531329',
            'twitter_user': 'TheCollectiveGo'}}
----------Groups----------
{ 'Bitcoin': ['bitcoin', 'Bitcoin', 'btc', 'satoshi nakamoto'],
  'Ethereum': ['ethereum', 'Ethereum', 'eth', 'vitalik buterin'],
  'Litecoin': ['litecoin', 'Litecoin', 'ltc', 'charles lee'],
  'Monero': ['monero', 'Monero', 'xmr', 'riccardo spagni'],
  'Ripple': [ 'ripple',
              'Ripple',
              'xrp',
              'xrapid',
              'xcurrent',
              'chris larsen',
              'jed mccaleb']}
---------------------------Fetch-------2019-07-31 15:54:10.447838: Tweet filed under "misc":----------Data----------
{ 'contributors': None,
  'coordinates': None,
  'created_at': 'Wed Jul 31 19:52:02 +0000 2019',
  'entities': { 'hashtags': [],
                'symbols': [ {'indices': [17, 22], 'text': 'DAPS'},
                             {'indices': [114, 119], 'text': 'alts'}],
                'urls': [],
                'user_mentions': [ { 'id': 1086388736508735488,
                                     'id_str': '1086388736508735488',
                                     'indices': [3, 15],
                                     'name': 'Trader Joe',
                                     'screen_name': 'TATraderJoe'}]},
  'favorite_count': 0,
  'favorited': False,
  'geo': None,
  'id': 1156653766726365184,
  'id_str': '1156653766726365184',
  'in_reply_to_screen_name': None,
  'in_reply_to_status_id': None,
  'in_reply_to_status_id_str': None,
  'in_reply_to_user_id': None,
  'in_reply_to_user_id_str': None,
  'is_quote_status': False,
  'lang': 'en',
  'metadata': {'iso_language_code': 'en', 'result_type': 'recent'},
  'place': None,
  'retweet_count': 3,
  'retweeted': False,
  'retweeted_status': { 'contributors': None,
                        'coordinates': None,
                        'created_at': 'Wed Jul 31 17:19:22 +0000 2019',
                        'entities': { 'hashtags': [],
                                      'symbols': [ { 'indices': [0, 5],
                                                     'text': 'DAPS'},
                                                   { 'indices': [97, 102],
                                                     'text': 'alts'}],
                                      'urls': [ { 'display_url': 'twitter.com/i/web/status/1…',
                                                  'expanded_url': 'https://twitter.com/i/web/status/1156615348826910722',
                                                  'indices': [117, 140],
                                                  'url': 'https://t.co/UpXQC8gRXY'}],
                                      'user_mentions': []},
                        'favorite_count': 11,
                        'favorited': False,
                        'geo': None,
                        'id': 1156615348826910722,
                        'id_str': '1156615348826910722',
                        'in_reply_to_screen_name': None,
                        'in_reply_to_status_id': None,
                        'in_reply_to_status_id_str': None,
                        'in_reply_to_user_id': None,
                        'in_reply_to_user_id_str': None,
                        'is_quote_status': False,
                        'lang': 'en',
                        'metadata': { 'iso_language_code': 'en',
                                      'result_type': 'recent'},
                        'place': None,
                        'possibly_sensitive': False,
                        'retweet_count': 3,
                        'retweeted': False,
                        'source': '<a '
                                  'href="http://twitter.com/download/iphone" '
                                  'rel="nofollow">Twitter for iPhone</a>',
                        'text': '$DAPS has been creeping but I’m expecting a '
                                'decent move to the upside very soon, I’m '
                                'exiting all $alts and moving i… '
                                'https://t.co/UpXQC8gRXY',
                        'truncated': True,
                        'user': { 'contributors_enabled': False,
                                  'created_at': 'Fri Jan 18 22:23:53 +0000 '
                                                '2019',
                                  'default_profile': True,
                                  'default_profile_image': False,
                                  'description': 'Crypto Everyday. TA. $LTC '
                                                 '$DAPS  Privacy Coins Are The '
                                                 'Future 🚀',
                                  'entities': {'description': {'urls': []}},
                                  'favourites_count': 547,
                                  'follow_request_sent': None,
                                  'followers_count': 48,
                                  'following': None,
                                  'friends_count': 119,
                                  'geo_enabled': False,
                                  'has_extended_profile': False,
                                  'id': 1086388736508735488,
                                  'id_str': '1086388736508735488',
                                  'is_translation_enabled': False,
                                  'is_translator': False,
                                  'lang': None,
                                  'listed_count': 0,
                                  'location': 'The moon ',
                                  'name': 'Trader Joe',
                                  'notifications': None,
                                  'profile_background_color': 'F5F8FA',
                                  'profile_background_image_url': None,
                                  'profile_background_image_url_https': None,
                                  'profile_background_tile': False,
                                  'profile_banner_url': 'https://pbs.twimg.com/profile_banners/1086388736508735488/1558977473',
                                  'profile_image_url': 'http://pbs.twimg.com/profile_images/1122224853879336962/fpBXRScE_normal.jpg',
                                  'profile_image_url_https': 'https://pbs.twimg.com/profile_images/1122224853879336962/fpBXRScE_normal.jpg',
                                  'profile_link_color': '1DA1F2',
                                  'profile_sidebar_border_color': 'C0DEED',
                                  'profile_sidebar_fill_color': 'DDEEF6',
                                  'profile_text_color': '333333',
                                  'profile_use_background_image': True,
                                  'protected': False,
                                  'screen_name': 'TATraderJoe',
                                  'statuses_count': 342,
                                  'time_zone': None,
                                  'translator_type': 'none',
                                  'url': None,
                                  'utc_offset': None,
                                  'verified': False}},
  'source': '<a href="http://twitter.com/download/iphone" '
            'rel="nofollow">Twitter for iPhone</a>',
  'text': 'RT @TATraderJoe: $DAPS has been creeping but I’m expecting a decent '
          'move to the upside very soon, I’m exiting all $alts and moving into '
          '$da…',
  'truncated': False,
  'user': { 'contributors_enabled': False,
            'created_at': 'Thu May 07 00:22:56 +0000 2009',
            'default_profile': False,
            'default_profile_image': False,
            'description': 'Keller Williams Realtor 🏡',
            'entities': {'description': {'urls': []}},
            'favourites_count': 16165,
            'follow_request_sent': None,
            'followers_count': 1274,
            'following': None,
            'friends_count': 1009,
            'geo_enabled': True,
            'has_extended_profile': True,
            'id': 38318556,
            'id_str': '38318556',
            'is_translation_enabled': False,
            'is_translator': False,
            'lang': None,
            'listed_count': 15,
            'location': 'Atlanta, Georgia',
            'name': 'IG: RobtheRealtor_',
            'notifications': None,
            'profile_background_color': '000000',
            'profile_background_image_url': 'http://abs.twimg.com/images/themes/theme1/bg.png',
            'profile_background_image_url_https': 'https://abs.twimg.com/images/themes/theme1/bg.png',
            'profile_background_tile': False,
            'profile_banner_url': 'https://pbs.twimg.com/profile_banners/38318556/1470103580',
            'profile_image_url': 'http://pbs.twimg.com/profile_images/1148650830708584449/_G6WK0DR_normal.jpg',
            'profile_image_url_https': 'https://pbs.twimg.com/profile_images/1148650830708584449/_G6WK0DR_normal.jpg',
            'profile_link_color': 'FF691F',
            'profile_sidebar_border_color': '000000',
            'profile_sidebar_fill_color': '000000',
            'profile_text_color': '000000',
            'profile_use_background_image': False,
            'protected': False,
            'screen_name': 'Smitty2292',
            'statuses_count': 21741,
            'time_zone': None,
            'translator_type': 'none',
            'url': None,
            'utc_offset': None,
            'verified': False}}
----------Summary----------
{ 'entities': {},
  'id_str': '1156653766726365184',
  'retweeted_status': { 'entities': { 'urls': { 'display_url': 'twitter.com/i/web/status/1…',
                                                'expanded_url': 'https://twitter.com/i/web/status/1156615348826910722'}},
                        'id_str': '1156615348826910722',
                        'text': '$daps has been creeping but im expecting a '
                                'decent move to the upside very soon, im '
                                'exiting all $alts and moving i '
                                'https://t.co/upxqc8grxy',
                        'user': { 'entities': {},
                                  'id_str': '1086388736508735488',
                                  'twitter_user': 'TATraderJoe'}},
  'text': 'rt @tatraderjoe: $daps has been creeping but im expecting a decent '
          'move to the upside very soon, im exiting all $alts and moving into '
          '$da',
  'user': {'entities': {}, 'id_str': '38318556', 'twitter_user': 'Smitty2292'}}
----------Groups----------
{ 'Bitcoin': ['bitcoin', 'Bitcoin', 'btc', 'satoshi nakamoto'],
  'Ethereum': ['ethereum', 'Ethereum', 'eth', 'vitalik buterin'],
  'Litecoin': ['litecoin', 'Litecoin', 'ltc', 'charles lee'],
  'Monero': ['monero', 'Monero', 'xmr', 'riccardo spagni'],
  'Ripple': [ 'ripple',
              'Ripple',
              'xrp',
              'xrapid',
              'xcurrent',
              'chris larsen',
              'jed mccaleb']}
---------------------------Fetch-------2019-07-31 15:54:10.962361: Tweet filed under "misc":----------Data----------
{ 'contributors': None,
  'coordinates': None,
  'created_at': 'Wed Jul 31 19:51:57 +0000 2019',
  'entities': { 'hashtags': [],
                'symbols': [],
                'urls': [],
                'user_mentions': [ { 'id': 4189020387,
                                     'id_str': '4189020387',
                                     'indices': [3, 13],
                                     'name': 'ᴀᴘᴇxᴏʀ ☔️ (IKONIK = £10)',
                                     'screen_name': 'apexorlul'}]},
  'favorite_count': 0,
  'favorited': False,
  'geo': None,
  'id': 1156653747898081280,
  'id_str': '1156653747898081280',
  'in_reply_to_screen_name': None,
  'in_reply_to_status_id': None,
  'in_reply_to_status_id_str': None,
  'in_reply_to_user_id': None,
  'in_reply_to_user_id_str': None,
  'is_quote_status': False,
  'lang': 'en',
  'metadata': {'iso_language_code': 'en', 'result_type': 'recent'},
  'place': None,
  'retweet_count': 9,
  'retweeted': False,
  'retweeted_status': { 'contributors': None,
                        'coordinates': None,
                        'created_at': 'Wed Jul 31 19:36:34 +0000 2019',
                        'entities': { 'hashtags': [],
                                      'symbols': [],
                                      'urls': [ { 'display_url': 'twitter.com/i/web/status/1…',
                                                  'expanded_url': 'https://twitter.com/i/web/status/1156649874919763969',
                                                  'indices': [116, 139],
                                                  'url': 'https://t.co/tZjZ77sfgK'}],
                                      'user_mentions': []},
                        'favorite_count': 11,
                        'favorited': False,
                        'geo': None,
                        'id': 1156649874919763969,
                        'id_str': '1156649874919763969',
                        'in_reply_to_screen_name': None,
                        'in_reply_to_status_id': None,
                        'in_reply_to_status_id_str': None,
                        'in_reply_to_user_id': None,
                        'in_reply_to_user_id_str': None,
                        'is_quote_status': False,
                        'lang': 'en',
                        'metadata': { 'iso_language_code': 'en',
                                      'result_type': 'recent'},
                        'place': None,
                        'retweet_count': 9,
                        'retweeted': False,
                        'source': '<a '
                                  'href="http://twitter.com/download/iphone" '
                                  'rel="nofollow">Twitter for iPhone</a>',
                        'text': 'NEXT 20 IKONIK ORDERS WILL ONLY GET IT FOR '
                                '$10 ‼️🔌\n'
                                '\n'
                                '• any info (charge extra $2 for PSN / Xbox '
                                'info) \n'
                                '• 2FA OFF \n'
                                '•… https://t.co/tZjZ77sfgK',
                        'truncated': True,
                        'user': { 'contributors_enabled': False,
                                  'created_at': 'Sat Nov 14 21:04:41 +0000 '
                                                '2015',
                                  'default_profile': True,
                                  'default_profile_image': False,
                                  'description': 'Seller / MM',
                                  'entities': { 'description': {'urls': []},
                                                'url': { 'urls': [ { 'display_url': 'Shoppy.gg/@Apexor',
                                                                     'expanded_url': 'http://Shoppy.gg/@Apexor',
                                                                     'indices': [ 0,
                                                                                  23],
                                                                     'url': 'https://t.co/IICVKzgnRV'}]}},
                                  'favourites_count': 268,
                                  'follow_request_sent': None,
                                  'followers_count': 566,
                                  'following': None,
                                  'friends_count': 26,
                                  'geo_enabled': False,
                                  'has_extended_profile': False,
                                  'id': 4189020387,
                                  'id_str': '4189020387',
                                  'is_translation_enabled': False,
                                  'is_translator': False,
                                  'lang': None,
                                  'listed_count': 0,
                                  'location': 'instagram.com/apexorlul',
                                  'name': 'ᴀᴘᴇxᴏʀ ☔️ (IKONIK = £10)',
                                  'notifications': None,
                                  'profile_background_color': 'C0DEED',
                                  'profile_background_image_url': 'http://abs.twimg.com/images/themes/theme1/bg.png',
                                  'profile_background_image_url_https': 'https://abs.twimg.com/images/themes/theme1/bg.png',
                                  'profile_background_tile': False,
                                  'profile_banner_url': 'https://pbs.twimg.com/profile_banners/4189020387/1563812296',
                                  'profile_image_url': 'http://pbs.twimg.com/profile_images/1154571680360140800/HICL2m5l_normal.jpg',
                                  'profile_image_url_https': 'https://pbs.twimg.com/profile_images/1154571680360140800/HICL2m5l_normal.jpg',
                                  'profile_link_color': '1DA1F2',
                                  'profile_sidebar_border_color': 'C0DEED',
                                  'profile_sidebar_fill_color': 'DDEEF6',
                                  'profile_text_color': '333333',
                                  'profile_use_background_image': True,
                                  'protected': False,
                                  'screen_name': 'apexorlul',
                                  'statuses_count': 105,
                                  'time_zone': None,
                                  'translator_type': 'none',
                                  'url': 'https://t.co/IICVKzgnRV',
                                  'utc_offset': None,
                                  'verified': False}},
  'source': '<a href="http://twitter.com/download/iphone" '
            'rel="nofollow">Twitter for iPhone</a>',
  'text': 'RT @apexorlul: NEXT 20 IKONIK ORDERS WILL ONLY GET IT FOR $10 ‼️🔌\n'
          '\n'
          '• any info (charge extra $2 for PSN / Xbox info) \n'
          '• 2FA OFF \n'
          '• Fast Deli…',
  'truncated': False,
  'user': { 'contributors_enabled': False,
            'created_at': 'Tue May 28 05:26:28 +0000 2019',
            'default_profile': True,
            'default_profile_image': False,
            'description': 'Love skull trooper dm me to buy cheap exclusive '
                           'skins method and Fortnite account methods Grinding '
                           'for Riot #RiotOnTop #gowturgang',
            'entities': {'description': {'urls': []}},
            'favourites_count': 9204,
            'follow_request_sent': None,
            'followers_count': 275,
            'following': None,
            'friends_count': 1259,
            'geo_enabled': False,
            'has_extended_profile': False,
            'id': 1133243117778419713,
            'id_str': '1133243117778419713',
            'is_translation_enabled': False,
            'is_translator': False,
            'lang': None,
            'listed_count': 0,
            'location': 'Haunted Hills',
            'name': '&9054 xert',
            'notifications': None,
            'profile_background_color': 'F5F8FA',
            'profile_background_image_url': None,
            'profile_background_image_url_https': None,
            'profile_background_tile': False,
            'profile_banner_url': 'https://pbs.twimg.com/profile_banners/1133243117778419713/1561846551',
            'profile_image_url': 'http://pbs.twimg.com/profile_images/1152663474763419649/9ZTYtKIZ_normal.jpg',
            'profile_image_url_https': 'https://pbs.twimg.com/profile_images/1152663474763419649/9ZTYtKIZ_normal.jpg',
            'profile_link_color': '1DA1F2',
            'profile_sidebar_border_color': 'C0DEED',
            'profile_sidebar_fill_color': 'DDEEF6',
            'profile_text_color': '333333',
            'profile_use_background_image': True,
            'protected': False,
            'screen_name': 'ZertGrinding247',
            'statuses_count': 8228,
            'time_zone': None,
            'translator_type': 'none',
            'url': None,
            'utc_offset': None,
            'verified': False}}
----------Summary----------
{ 'entities': {},
  'id_str': '1156653747898081280',
  'retweeted_status': { 'entities': { 'urls': { 'display_url': 'twitter.com/i/web/status/1…',
                                                'expanded_url': 'https://twitter.com/i/web/status/1156649874919763969'}},
                        'id_str': '1156649874919763969',
                        'text': 'next 20 ikonik orders will only get it for '
                                '$10    any info (charge extra $2 for psn / '
                                'xbox info)   2fa off   '
                                'https://t.co/tzjz77sfgk',
                        'user': { 'entities': {},
                                  'id_str': '4189020387',
                                  'twitter_user': 'apexorlul'}},
  'text': 'rt @apexorlul: next 20 ikonik orders will only get it for $10    '
          'any info (charge extra $2 for psn / xbox info)   2fa off   fast '
          'deli',
  'user': { 'entities': {},
            'id_str': '1133243117778419713',
            'twitter_user': 'ZertGrinding247'}}
----------Groups----------
{ 'Bitcoin': ['bitcoin', 'Bitcoin', 'btc', 'satoshi nakamoto'],
  'Ethereum': ['ethereum', 'Ethereum', 'eth', 'vitalik buterin'],
  'Litecoin': ['litecoin', 'Litecoin', 'ltc', 'charles lee'],
  'Monero': ['monero', 'Monero', 'xmr', 'riccardo spagni'],
  'Ripple': [ 'ripple',
              'Ripple',
              'xrp',
              'xrapid',
              'xcurrent',
              'chris larsen',
              'jed mccaleb']}
---------------------------Fetch-------2019-07-31 15:54:12.597640: Tweet filed under "misc":----------Data----------
{ 'contributors': None,
  'coordinates': None,
  'created_at': 'Wed Jul 31 19:51:33 +0000 2019',
  'entities': { 'hashtags': [],
                'symbols': [],
                'urls': [],
                'user_mentions': [ { 'id': 4189020387,
                                     'id_str': '4189020387',
                                     'indices': [3, 13],
                                     'name': 'ᴀᴘᴇxᴏʀ ☔️ (IKONIK = £10)',
                                     'screen_name': 'apexorlul'}]},
  'favorite_count': 0,
  'favorited': False,
  'geo': None,
  'id': 1156653646337024000,
  'id_str': '1156653646337024000',
  'in_reply_to_screen_name': None,
  'in_reply_to_status_id': None,
  'in_reply_to_status_id_str': None,
  'in_reply_to_user_id': None,
  'in_reply_to_user_id_str': None,
  'is_quote_status': False,
  'lang': 'en',
  'metadata': {'iso_language_code': 'en', 'result_type': 'recent'},
  'place': None,
  'retweet_count': 9,
  'retweeted': False,
  'retweeted_status': { 'contributors': None,
                        'coordinates': None,
                        'created_at': 'Wed Jul 31 19:36:34 +0000 2019',
                        'entities': { 'hashtags': [],
                                      'symbols': [],
                                      'urls': [ { 'display_url': 'twitter.com/i/web/status/1…',
                                                  'expanded_url': 'https://twitter.com/i/web/status/1156649874919763969',
                                                  'indices': [116, 139],
                                                  'url': 'https://t.co/tZjZ77sfgK'}],
                                      'user_mentions': []},
                        'favorite_count': 11,
                        'favorited': False,
                        'geo': None,
                        'id': 1156649874919763969,
                        'id_str': '1156649874919763969',
                        'in_reply_to_screen_name': None,
                        'in_reply_to_status_id': None,
                        'in_reply_to_status_id_str': None,
                        'in_reply_to_user_id': None,
                        'in_reply_to_user_id_str': None,
                        'is_quote_status': False,
                        'lang': 'en',
                        'metadata': { 'iso_language_code': 'en',
                                      'result_type': 'recent'},
                        'place': None,
                        'retweet_count': 9,
                        'retweeted': False,
                        'source': '<a '
                                  'href="http://twitter.com/download/iphone" '
                                  'rel="nofollow">Twitter for iPhone</a>',
                        'text': 'NEXT 20 IKONIK ORDERS WILL ONLY GET IT FOR '
                                '$10 ‼️🔌\n'
                                '\n'
                                '• any info (charge extra $2 for PSN / Xbox '
                                'info) \n'
                                '• 2FA OFF \n'
                                '•… https://t.co/tZjZ77sfgK',
                        'truncated': True,
                        'user': { 'contributors_enabled': False,
                                  'created_at': 'Sat Nov 14 21:04:41 +0000 '
                                                '2015',
                                  'default_profile': True,
                                  'default_profile_image': False,
                                  'description': 'Seller / MM',
                                  'entities': { 'description': {'urls': []},
                                                'url': { 'urls': [ { 'display_url': 'Shoppy.gg/@Apexor',
                                                                     'expanded_url': 'http://Shoppy.gg/@Apexor',
                                                                     'indices': [ 0,
                                                                                  23],
                                                                     'url': 'https://t.co/IICVKzgnRV'}]}},
                                  'favourites_count': 268,
                                  'follow_request_sent': None,
                                  'followers_count': 566,
                                  'following': None,
                                  'friends_count': 26,
                                  'geo_enabled': False,
                                  'has_extended_profile': False,
                                  'id': 4189020387,
                                  'id_str': '4189020387',
                                  'is_translation_enabled': False,
                                  'is_translator': False,
                                  'lang': None,
                                  'listed_count': 0,
                                  'location': 'instagram.com/apexorlul',
                                  'name': 'ᴀᴘᴇxᴏʀ ☔️ (IKONIK = £10)',
                                  'notifications': None,
                                  'profile_background_color': 'C0DEED',
                                  'profile_background_image_url': 'http://abs.twimg.com/images/themes/theme1/bg.png',
                                  'profile_background_image_url_https': 'https://abs.twimg.com/images/themes/theme1/bg.png',
                                  'profile_background_tile': False,
                                  'profile_banner_url': 'https://pbs.twimg.com/profile_banners/4189020387/1563812296',
                                  'profile_image_url': 'http://pbs.twimg.com/profile_images/1154571680360140800/HICL2m5l_normal.jpg',
                                  'profile_image_url_https': 'https://pbs.twimg.com/profile_images/1154571680360140800/HICL2m5l_normal.jpg',
                                  'profile_link_color': '1DA1F2',
                                  'profile_sidebar_border_color': 'C0DEED',
                                  'profile_sidebar_fill_color': 'DDEEF6',
                                  'profile_text_color': '333333',
                                  'profile_use_background_image': True,
                                  'protected': False,
                                  'screen_name': 'apexorlul',
                                  'statuses_count': 105,
                                  'time_zone': None,
                                  'translator_type': 'none',
                                  'url': 'https://t.co/IICVKzgnRV',
                                  'utc_offset': None,
                                  'verified': False}},
  'source': '<a href="http://twitter.com/download/iphone" '
            'rel="nofollow">Twitter for iPhone</a>',
  'text': 'RT @apexorlul: NEXT 20 IKONIK ORDERS WILL ONLY GET IT FOR $10 ‼️🔌\n'
          '\n'
          '• any info (charge extra $2 for PSN / Xbox info) \n'
          '• 2FA OFF \n'
          '• Fast Deli…',
  'truncated': False,
  'user': { 'contributors_enabled': False,
            'created_at': 'Mon Jul 22 07:54:51 +0000 2019',
            'default_profile': True,
            'default_profile_image': False,
            'description': 'IF I DONT RESPOND I AM SLEEPING 😴',
            'entities': {'description': {'urls': []}},
            'favourites_count': 991,
            'follow_request_sent': None,
            'followers_count': 43,
            'following': None,
            'friends_count': 195,
            'geo_enabled': False,
            'has_extended_profile': True,
            'id': 1153211789871472641,
            'id_str': '1153211789871472641',
            'is_translation_enabled': False,
            'is_translator': False,
            'lang': None,
            'listed_count': 0,
            'location': '',
            'name': 'KamoITG',
            'notifications': None,
            'profile_background_color': 'F5F8FA',
            'profile_background_image_url': None,
            'profile_background_image_url_https': None,
            'profile_background_tile': False,
            'profile_image_url': 'http://pbs.twimg.com/profile_images/1156292762053963777/iOsaMPAk_normal.jpg',
            'profile_image_url_https': 'https://pbs.twimg.com/profile_images/1156292762053963777/iOsaMPAk_normal.jpg',
            'profile_link_color': '1DA1F2',
            'profile_sidebar_border_color': 'C0DEED',
            'profile_sidebar_fill_color': 'DDEEF6',
            'profile_text_color': '333333',
            'profile_use_background_image': True,
            'protected': False,
            'screen_name': 'YTKamoITG',
            'statuses_count': 503,
            'time_zone': None,
            'translator_type': 'none',
            'url': None,
            'utc_offset': None,
            'verified': False}}
----------Summary----------
{ 'entities': {},
  'id_str': '1156653646337024000',
  'retweeted_status': { 'entities': { 'urls': { 'display_url': 'twitter.com/i/web/status/1…',
                                                'expanded_url': 'https://twitter.com/i/web/status/1156649874919763969'}},
                        'id_str': '1156649874919763969',
                        'text': 'next 20 ikonik orders will only get it for '
                                '$10    any info (charge extra $2 for psn / '
                                'xbox info)   2fa off   '
                                'https://t.co/tzjz77sfgk',
                        'user': { 'entities': {},
                                  'id_str': '4189020387',
                                  'twitter_user': 'apexorlul'}},
  'text': 'rt @apexorlul: next 20 ikonik orders will only get it for $10    '
          'any info (charge extra $2 for psn / xbox info)   2fa off   fast '
          'deli',
  'user': { 'entities': {},
            'id_str': '1153211789871472641',
            'twitter_user': 'YTKamoITG'}}
----------Groups----------
{ 'Bitcoin': ['bitcoin', 'Bitcoin', 'btc', 'satoshi nakamoto'],
  'Ethereum': ['ethereum', 'Ethereum', 'eth', 'vitalik buterin'],
  'Litecoin': ['litecoin', 'Litecoin', 'ltc', 'charles lee'],
  'Monero': ['monero', 'Monero', 'xmr', 'riccardo spagni'],
  'Ripple': [ 'ripple',
              'Ripple',
              'xrp',
              'xrapid',
              'xcurrent',
              'chris larsen',
              'jed mccaleb']}
---------------------------Fetch-------2019-07-31 15:54:16.829569: Tweet filed under "misc":----------Data----------
{ 'contributors': None,
  'coordinates': None,
  'created_at': 'Wed Jul 31 19:51:02 +0000 2019',
  'entities': { 'hashtags': [],
                'symbols': [],
                'urls': [],
                'user_mentions': [ { 'id': 455188462,
                                     'id_str': '455188462',
                                     'indices': [3, 10],
                                     'name': 'John Paul Faour',
                                     'screen_name': 'olejpf'}]},
  'favorite_count': 0,
  'favorited': False,
  'geo': None,
  'id': 1156653517664378880,
  'id_str': '1156653517664378880',
  'in_reply_to_screen_name': None,
  'in_reply_to_status_id': None,
  'in_reply_to_status_id_str': None,
  'in_reply_to_user_id': None,
  'in_reply_to_user_id_str': None,
  'is_quote_status': True,
  'lang': 'en',
  'metadata': {'iso_language_code': 'en', 'result_type': 'recent'},
  'place': None,
  'quoted_status_id': 1156521946441494528,
  'quoted_status_id_str': '1156521946441494528',
  'retweet_count': 2,
  'retweeted': False,
  'retweeted_status': { 'contributors': None,
                        'coordinates': None,
                        'created_at': 'Wed Jul 31 18:08:26 +0000 2019',
                        'entities': { 'hashtags': [],
                                      'symbols': [],
                                      'urls': [ { 'display_url': 'twitter.com/i/web/status/1…',
                                                  'expanded_url': 'https://twitter.com/i/web/status/1156627694739775488',
                                                  'indices': [121, 144],
                                                  'url': 'https://t.co/6JLTjOsgqs'}],
                                      'user_mentions': []},
                        'favorite_count': 2,
                        'favorited': False,
                        'geo': None,
                        'id': 1156627694739775488,
                        'id_str': '1156627694739775488',
                        'in_reply_to_screen_name': None,
                        'in_reply_to_status_id': None,
                        'in_reply_to_status_id_str': None,
                        'in_reply_to_user_id': None,
                        'in_reply_to_user_id_str': None,
                        'is_quote_status': True,
                        'lang': 'en',
                        'metadata': { 'iso_language_code': 'en',
                                      'result_type': 'recent'},
                        'place': None,
                        'possibly_sensitive': False,
                        'quoted_status': { 'contributors': None,
                                           'coordinates': None,
                                           'created_at': 'Wed Jul 31 11:08:13 '
                                                         '+0000 2019',
                                           'entities': { 'hashtags': [],
                                                         'media': [ { 'display_url': 'pic.twitter.com/Vr7aL2cM8H',
                                                                      'expanded_url': 'https://twitter.com/drbelkin1/status/1156521946441494528/photo/1',
                                                                      'id': 1156521940833701888,
                                                                      'id_str': '1156521940833701888',
                                                                      'indices': [ 61,
                                                                                   84],
                                                                      'media_url': 'http://pbs.twimg.com/media/EAzKk-JWkAAXB02.jpg',
                                                                      'media_url_https': 'https://pbs.twimg.com/media/EAzKk-JWkAAXB02.jpg',
                                                                      'sizes': { 'large': { 'h': 800,
                                                                                            'resize': 'fit',
                                                                                            'w': 800},
                                                                                 'medium': { 'h': 800,
                                                                                             'resize': 'fit',
                                                                                             'w': 800},
                                                                                 'small': { 'h': 680,
                                                                                            'resize': 'fit',
                                                                                            'w': 680},
                                                                                 'thumb': { 'h': 150,
                                                                                            'resize': 'crop',
                                                                                            'w': 150}},
                                                                      'type': 'photo',
                                                                      'url': 'https://t.co/Vr7aL2cM8H'}],
                                                         'symbols': [],
                                                         'urls': [],
                                                         'user_mentions': [ { 'id': 1050299889244983296,
                                                                              'id_str': '1050299889244983296',
                                                                              'indices': [ 0,
                                                                                           8],
                                                                              'name': 'WINk',
                                                                              'screen_name': 'WINkorg'},
                                                                            { 'id': 877807935493033984,
                                                                              'id_str': '877807935493033984',
                                                                              'indices': [ 9,
                                                                                           17],
                                                                              'name': 'Binance',
                                                                              'screen_name': 'binance'},
                                                                            { 'id': 902839045356744704,
                                                                              'id_str': '902839045356744704',
                                                                              'indices': [ 18,
                                                                                           32],
                                                                              'name': 'Justin '
                                                                                      'Sun',
                                                                              'screen_name': 'justinsuntron'},
                                                                            { 'id': 902926941413453824,
                                                                              'id_str': '902926941413453824',
                                                                              'indices': [ 33,
                                                                                           44],
                                                                              'name': 'CZ '
                                                                                      'Binance',
                                                                              'screen_name': 'cz_binance'},
                                                                            { 'id': 894231710065446912,
                                                                              'id_str': '894231710065446912',
                                                                              'indices': [ 45,
                                                                                           60],
                                                                              'name': 'TRON '
                                                                                      'Foundation',
                                                                              'screen_name': 'Tronfoundation'}]},
                                           'extended_entities': { 'media': [ { 'display_url': 'pic.twitter.com/Vr7aL2cM8H',
                                                                               'expanded_url': 'https://twitter.com/drbelkin1/status/1156521946441494528/photo/1',
                                                                               'id': 1156521940833701888,
                                                                               'id_str': '1156521940833701888',
                                                                               'indices': [ 61,
                                                                                            84],
                                                                               'media_url': 'http://pbs.twimg.com/media/EAzKk-JWkAAXB02.jpg',
                                                                               'media_url_https': 'https://pbs.twimg.com/media/EAzKk-JWkAAXB02.jpg',
                                                                               'sizes': { 'large': { 'h': 800,
                                                                                                     'resize': 'fit',
                                                                                                     'w': 800},
                                                                                          'medium': { 'h': 800,
                                                                                                      'resize': 'fit',
                                                                                                      'w': 800},
                                                                                          'small': { 'h': 680,
                                                                                                     'resize': 'fit',
                                                                                                     'w': 680},
                                                                                          'thumb': { 'h': 150,
                                                                                                     'resize': 'crop',
                                                                                                     'w': 150}},
                                                                               'type': 'photo',
                                                                               'url': 'https://t.co/Vr7aL2cM8H'}]},
                                           'favorite_count': 52,
                                           'favorited': False,
                                           'geo': None,
                                           'id': 1156521946441494528,
                                           'id_str': '1156521946441494528',
                                           'in_reply_to_screen_name': 'WINkorg',
                                           'in_reply_to_status_id': 1156509623643332608,
                                           'in_reply_to_status_id_str': '1156509623643332608',
                                           'in_reply_to_user_id': 1050299889244983296,
                                           'in_reply_to_user_id_str': '1050299889244983296',
                                           'is_quote_status': False,
                                           'lang': 'und',
                                           'metadata': { 'iso_language_code': 'en',
                                                         'result_type': 'recent'},
                                           'place': None,
                                           'possibly_sensitive': False,
                                           'retweet_count': 8,
                                           'retweeted': False,
                                           'source': '<a '
                                                     'href="https://mobile.twitter.com" '
                                                     'rel="nofollow">Twitter '
                                                     'Web App</a>',
                                           'text': '@WINkorg @binance '
                                                   '@justinsuntron @cz_binance '
                                                   '@Tronfoundation '
                                                   'https://t.co/Vr7aL2cM8H',
                                           'truncated': False,
                                           'user': { 'contributors_enabled': False,
                                                     'created_at': 'Mon Aug 01 '
                                                                   '08:50:03 '
                                                                   '+0000 2016',
                                                     'default_profile': False,
                                                     'default_profile_image': False,
                                                     'description': 'Web '
                                                                    'Designer. '
                                                                    'Crypto '
                                                                    'fan. TRON '
                                                                    'follower.\n'
                                                                    '#Tron '
                                                                    'Wallet: '
                                                                    'TNirpZPp36q7bcTWDE8Ym2q5jmknX1y8Vq',
                                                     'entities': { 'description': { 'urls': [ ]}},
                                                     'favourites_count': 919,
                                                     'follow_request_sent': None,
                                                     'followers_count': 344,
                                                     'following': None,
                                                     'friends_count': 28,
                                                     'geo_enabled': False,
                                                     'has_extended_profile': True,
                                                     'id': 760034848488710146,
                                                     'id_str': '760034848488710146',
                                                     'is_translation_enabled': False,
                                                     'is_translator': False,
                                                     'lang': None,
                                                     'listed_count': 2,
                                                     'location': '',
                                                     'name': 'Alexey',
                                                     'notifications': None,
                                                     'profile_background_color': '000000',
                                                     'profile_background_image_url': 'http://abs.twimg.com/images/themes/theme1/bg.png',
                                                     'profile_background_image_url_https': 'https://abs.twimg.com/images/themes/theme1/bg.png',
                                                     'profile_background_tile': False,
                                                     'profile_banner_url': 'https://pbs.twimg.com/profile_banners/760034848488710146/1558120438',
                                                     'profile_image_url': 'http://pbs.twimg.com/profile_images/1108102006168788993/uCTLKIVu_normal.jpg',
                                                     'profile_image_url_https': 'https://pbs.twimg.com/profile_images/1108102006168788993/uCTLKIVu_normal.jpg',
                                                     'profile_link_color': '0D146F',
                                                     'profile_sidebar_border_color': '000000',
                                                     'profile_sidebar_fill_color': '000000',
                                                     'profile_text_color': '000000',
                                                     'profile_use_background_image': False,
                                                     'protected': False,
                                                     'screen_name': 'drbelkin1',
                                                     'statuses_count': 625,
                                                     'time_zone': None,
                                                     'translator_type': 'none',
                                                     'url': None,
                                                     'utc_offset': None,
                                                     'verified': False}},
                        'quoted_status_id': 1156521946441494528,
                        'quoted_status_id_str': '1156521946441494528',
                        'retweet_count': 2,
                        'retweeted': False,
                        'source': '<a '
                                  'href="http://twitter.com/download/iphone" '
                                  'rel="nofollow">Twitter for iPhone</a>',
                        'text': 'People in this crypto space who have been '
                                'here way before me still don’t get it. You '
                                'will. I understand gaming &amp; bu… '
                                'https://t.co/6JLTjOsgqs',
                        'truncated': True,
                        'user': { 'contributors_enabled': False,
                                  'created_at': 'Wed Jan 04 20:48:41 +0000 '
                                                '2012',
                                  'default_profile': True,
                                  'default_profile_image': False,
                                  'description': 'Chairman & C.E.O. of this '
                                                 'wonderful life',
                                  'entities': {'description': {'urls': []}},
                                  'favourites_count': 26405,
                                  'follow_request_sent': None,
                                  'followers_count': 1152,
                                  'following': None,
                                  'friends_count': 1129,
                                  'geo_enabled': True,
                                  'has_extended_profile': True,
                                  'id': 455188462,
                                  'id_str': '455188462',
                                  'is_translation_enabled': False,
                                  'is_translator': False,
                                  'lang': None,
                                  'listed_count': 15,
                                  'location': 'Texas',
                                  'name': 'John Paul Faour',
                                  'notifications': None,
                                  'profile_background_color': 'C0DEED',
                                  'profile_background_image_url': 'http://abs.twimg.com/images/themes/theme1/bg.png',
                                  'profile_background_image_url_https': 'https://abs.twimg.com/images/themes/theme1/bg.png',
                                  'profile_background_tile': False,
                                  'profile_banner_url': 'https://pbs.twimg.com/profile_banners/455188462/1370150471',
                                  'profile_image_url': 'http://pbs.twimg.com/profile_images/1079538924576559104/msfacKd3_normal.jpg',
                                  'profile_image_url_https': 'https://pbs.twimg.com/profile_images/1079538924576559104/msfacKd3_normal.jpg',
                                  'profile_link_color': '1DA1F2',
                                  'profile_sidebar_border_color': 'C0DEED',
                                  'profile_sidebar_fill_color': 'DDEEF6',
                                  'profile_text_color': '333333',
                                  'profile_use_background_image': True,
                                  'protected': False,
                                  'screen_name': 'olejpf',
                                  'statuses_count': 15751,
                                  'time_zone': None,
                                  'translator_type': 'none',
                                  'url': None,
                                  'utc_offset': None,
                                  'verified': False}},
  'source': '<a href="https://mobile.twitter.com" rel="nofollow">Twitter Web '
            'App</a>',
  'text': 'RT @olejpf: People in this crypto space who have been here way '
          'before me still don’t get it. You will. I understand gaming &amp; '
          'business. @WIN…',
  'truncated': False,
  'user': { 'contributors_enabled': False,
            'created_at': 'Fri Feb 09 08:48:36 +0000 2018',
            'default_profile': True,
            'default_profile_image': False,
            'description': '',
            'entities': {'description': {'urls': []}},
            'favourites_count': 16231,
            'follow_request_sent': None,
            'followers_count': 216,
            'following': None,
            'friends_count': 347,
            'geo_enabled': False,
            'has_extended_profile': False,
            'id': 961884524668833792,
            'id_str': '961884524668833792',
            'is_translation_enabled': False,
            'is_translator': False,
            'lang': None,
            'listed_count': 1,
            'location': '',
            'name': 'Edwin Leuering',
            'notifications': None,
            'profile_background_color': 'F5F8FA',
            'profile_background_image_url': None,
            'profile_background_image_url_https': None,
            'profile_background_tile': False,
            'profile_banner_url': 'https://pbs.twimg.com/profile_banners/961884524668833792/1559201202',
            'profile_image_url': 'http://pbs.twimg.com/profile_images/961894723064655873/c21AD2rF_normal.jpg',
            'profile_image_url_https': 'https://pbs.twimg.com/profile_images/961894723064655873/c21AD2rF_normal.jpg',
            'profile_link_color': '1DA1F2',
            'profile_sidebar_border_color': 'C0DEED',
            'profile_sidebar_fill_color': 'DDEEF6',
            'profile_text_color': '333333',
            'profile_use_background_image': True,
            'protected': False,
            'screen_name': 'EdwinLeuering',
            'statuses_count': 647,
            'time_zone': None,
            'translator_type': 'none',
            'url': None,
            'utc_offset': None,
            'verified': False}}
----------Summary----------
{ 'entities': {},
  'id_str': '1156653517664378880',
  'retweeted_status': { 'entities': { 'urls': { 'display_url': 'twitter.com/i/web/status/1…',
                                                'expanded_url': 'https://twitter.com/i/web/status/1156627694739775488'}},
                        'id_str': '1156627694739775488',
                        'quoted_status': { 'entities': {},
                                           'id_str': '1156521946441494528',
                                           'text': '@winkorg @binance '
                                                   '@justinsuntron @cz_binance '
                                                   '@tronfoundation '
                                                   'https://t.co/vr7al2cm8h',
                                           'user': { 'entities': {},
                                                     'id_str': '760034848488710146',
                                                     'twitter_user': 'drbelkin1'}},
                        'text': 'people in this crypto space who have been '
                                'here way before me still dont get it. you '
                                'will. i understand gaming &amp; bu '
                                'https://t.co/6jltjosgqs',
                        'user': { 'entities': {},
                                  'id_str': '455188462',
                                  'twitter_user': 'olejpf'}},
  'text': 'rt @olejpf: people in this crypto space who have been here way '
          'before me still dont get it. you will. i understand gaming &amp; '
          'business. @win',
  'user': { 'entities': {},
            'id_str': '961884524668833792',
            'twitter_user': 'EdwinLeuering'}}
----------Groups----------
{ 'Bitcoin': ['bitcoin', 'Bitcoin', 'btc', 'satoshi nakamoto'],
  'Ethereum': ['ethereum', 'Ethereum', 'eth', 'vitalik buterin'],
  'Litecoin': ['litecoin', 'Litecoin', 'ltc', 'charles lee'],
  'Monero': ['monero', 'Monero', 'xmr', 'riccardo spagni'],
  'Ripple': [ 'ripple',
              'Ripple',
              'xrp',
              'xrapid',
              'xcurrent',
              'chris larsen',
              'jed mccaleb']}
---------------------------Fetch-------2019-07-31 15:54:17.410063: Tweet filed under "misc":----------Data----------
{ 'contributors': None,
  'coordinates': None,
  'created_at': 'Wed Jul 31 19:51:01 +0000 2019',
  'entities': { 'hashtags': [],
                'symbols': [],
                'urls': [],
                'user_mentions': [ { 'id': 1029438676705714176,
                                     'id_str': '1029438676705714176',
                                     'indices': [3, 17],
                                     'name': 'BuildingBlocksCrypto',
                                     'screen_name': 'blocks_crypto'}]},
  'favorite_count': 0,
  'favorited': False,
  'geo': None,
  'id': 1156653512349982720,
  'id_str': '1156653512349982720',
  'in_reply_to_screen_name': None,
  'in_reply_to_status_id': None,
  'in_reply_to_status_id_str': None,
  'in_reply_to_user_id': None,
  'in_reply_to_user_id_str': None,
  'is_quote_status': False,
  'lang': 'en',
  'metadata': {'iso_language_code': 'en', 'result_type': 'recent'},
  'place': None,
  'retweet_count': 91,
  'retweeted': False,
  'retweeted_status': { 'contributors': None,
                        'coordinates': None,
                        'created_at': 'Sat Jul 27 05:55:02 +0000 2019',
                        'entities': { 'hashtags': [],
                                      'symbols': [],
                                      'urls': [ { 'display_url': 'twitter.com/i/web/status/1…',
                                                  'expanded_url': 'https://twitter.com/i/web/status/1154993578667577344',
                                                  'indices': [117, 140],
                                                  'url': 'https://t.co/uEGUpSS8ge'}],
                                      'user_mentions': []},
                        'favorite_count': 101,
                        'favorited': False,
                        'geo': None,
                        'id': 1154993578667577344,
                        'id_str': '1154993578667577344',
                        'in_reply_to_screen_name': None,
                        'in_reply_to_status_id': None,
                        'in_reply_to_status_id_str': None,
                        'in_reply_to_user_id': None,
                        'in_reply_to_user_id_str': None,
                        'is_quote_status': False,
                        'lang': 'en',
                        'metadata': { 'iso_language_code': 'en',
                                      'result_type': 'recent'},
                        'place': None,
                        'possibly_sensitive': False,
                        'retweet_count': 91,
                        'retweeted': False,
                        'source': '<a href="https://mobile.twitter.com" '
                                  'rel="nofollow">Twitter Web App</a>',
                        'text': 'Name: Building Blocks Token\n'
                                'Symbol: BH4H\n'
                                'Total supply: 100,000,000,000\n'
                                '\n'
                                'AIRDROP HAS STARTED!\n'
                                '\n'
                                'To qualify for Airdro… '
                                'https://t.co/uEGUpSS8ge',
                        'truncated': True,
                        'user': { 'contributors_enabled': False,
                                  'created_at': 'Tue Aug 14 18:44:41 +0000 '
                                                '2018',
                                  'default_profile': True,
                                  'default_profile_image': False,
                                  'description': 'We are Building Blocks. Our '
                                                 'Crypto was created with the '
                                                 'homeless at mind. We aim to '
                                                 'build or Buy Hostels and '
                                                 'Hotels with the help of you '
                                                 'guys.',
                                  'entities': { 'description': {'urls': []},
                                                'url': { 'urls': [ { 'display_url': 'buidinghomes4homeless.xyz',
                                                                     'expanded_url': 'http://www.buidinghomes4homeless.xyz/',
                                                                     'indices': [ 0,
                                                                                  23],
                                                                     'url': 'https://t.co/ODdy4aewVI'}]}},
                                  'favourites_count': 146,
                                  'follow_request_sent': None,
                                  'followers_count': 280,
                                  'following': None,
                                  'friends_count': 0,
                                  'geo_enabled': False,
                                  'has_extended_profile': True,
                                  'id': 1029438676705714176,
                                  'id_str': '1029438676705714176',
                                  'is_translation_enabled': False,
                                  'is_translator': False,
                                  'lang': None,
                                  'listed_count': 0,
                                  'location': 'United Kingdom',
                                  'name': 'BuildingBlocksCrypto',
                                  'notifications': None,
                                  'profile_background_color': 'F5F8FA',
                                  'profile_background_image_url': None,
                                  'profile_background_image_url_https': None,
                                  'profile_background_tile': False,
                                  'profile_image_url': 'http://pbs.twimg.com/profile_images/1031992230289059840/xxNbMvh3_normal.jpg',
                                  'profile_image_url_https': 'https://pbs.twimg.com/profile_images/1031992230289059840/xxNbMvh3_normal.jpg',
                                  'profile_link_color': '1DA1F2',
                                  'profile_sidebar_border_color': 'C0DEED',
                                  'profile_sidebar_fill_color': 'DDEEF6',
                                  'profile_text_color': '333333',
                                  'profile_use_background_image': True,
                                  'protected': False,
                                  'screen_name': 'blocks_crypto',
                                  'statuses_count': 156,
                                  'time_zone': None,
                                  'translator_type': 'none',
                                  'url': 'https://t.co/ODdy4aewVI',
                                  'utc_offset': None,
                                  'verified': False}},
  'source': '<a href="https://mobile.twitter.com" rel="nofollow">Twitter Web '
            'App</a>',
  'text': 'RT @blocks_crypto: Name: Building Blocks Token\n'
          'Symbol: BH4H\n'
          'Total supply: 100,000,000,000\n'
          '\n'
          'AIRDROP HAS STARTED!\n'
          '\n'
          'To qualify for Airdrop:\n'
          '-F…',
  'truncated': False,
  'user': { 'contributors_enabled': False,
            'created_at': 'Sun Jun 24 17:25:29 +0000 2018',
            'default_profile': True,
            'default_profile_image': False,
            'description': '',
            'entities': {'description': {'urls': []}},
            'favourites_count': 2,
            'follow_request_sent': None,
            'followers_count': 0,
            'following': None,
            'friends_count': 9,
            'geo_enabled': False,
            'has_extended_profile': False,
            'id': 1010936963241611264,
            'id_str': '1010936963241611264',
            'is_translation_enabled': False,
            'is_translator': False,
            'lang': None,
            'listed_count': 0,
            'location': '',
            'name': 'syarifacul',
            'notifications': None,
            'profile_background_color': 'F5F8FA',
            'profile_background_image_url': None,
            'profile_background_image_url_https': None,
            'profile_background_tile': False,
            'profile_image_url': 'http://pbs.twimg.com/profile_images/1012604785936089088/93tFxgk5_normal.jpg',
            'profile_image_url_https': 'https://pbs.twimg.com/profile_images/1012604785936089088/93tFxgk5_normal.jpg',
            'profile_link_color': '1DA1F2',
            'profile_sidebar_border_color': 'C0DEED',
            'profile_sidebar_fill_color': 'DDEEF6',
            'profile_text_color': '333333',
            'profile_use_background_image': True,
            'protected': False,
            'screen_name': 'syarifacul',
            'statuses_count': 11,
            'time_zone': None,
            'translator_type': 'none',
            'url': None,
            'utc_offset': None,
            'verified': False}}
----------Summary----------
{ 'entities': {},
  'id_str': '1156653512349982720',
  'retweeted_status': { 'entities': { 'urls': { 'display_url': 'twitter.com/i/web/status/1…',
                                                'expanded_url': 'https://twitter.com/i/web/status/1154993578667577344'}},
                        'id_str': '1154993578667577344',
                        'text': 'name: building blocks token symbol: bh4h '
                                'total supply: 100,000,000,000  airdrop has '
                                'started!  to qualify for airdro '
                                'https://t.co/uegupss8ge',
                        'user': { 'entities': {},
                                  'id_str': '1029438676705714176',
                                  'twitter_user': 'blocks_crypto'}},
  'text': 'rt @blocks_crypto: name: building blocks token symbol: bh4h total '
          'supply: 100,000,000,000  airdrop has started!  to qualify for '
          'airdrop: -f',
  'user': { 'entities': {},
            'id_str': '1010936963241611264',
            'twitter_user': 'syarifacul'}}
----------Groups----------
{ 'Bitcoin': ['bitcoin', 'Bitcoin', 'btc', 'satoshi nakamoto'],
  'Ethereum': ['ethereum', 'Ethereum', 'eth', 'vitalik buterin'],
  'Litecoin': ['litecoin', 'Litecoin', 'ltc', 'charles lee'],
  'Monero': ['monero', 'Monero', 'xmr', 'riccardo spagni'],
  'Ripple': [ 'ripple',
              'Ripple',
              'xrp',
              'xrapid',
              'xcurrent',
              'chris larsen',
              'jed mccaleb']}
---------------------------Fetch-------2019-07-31 15:54:17.716063: Tweet filed under "misc":----------Data----------
{ 'contributors': None,
  'coordinates': None,
  'created_at': 'Wed Jul 31 19:50:58 +0000 2019',
  'entities': { 'hashtags': [],
                'symbols': [],
                'urls': [],
                'user_mentions': [ { 'id': 4189020387,
                                     'id_str': '4189020387',
                                     'indices': [3, 13],
                                     'name': 'ᴀᴘᴇxᴏʀ ☔️ (IKONIK = £10)',
                                     'screen_name': 'apexorlul'}]},
  'favorite_count': 0,
  'favorited': False,
  'geo': None,
  'id': 1156653501046558720,
  'id_str': '1156653501046558720',
  'in_reply_to_screen_name': None,
  'in_reply_to_status_id': None,
  'in_reply_to_status_id_str': None,
  'in_reply_to_user_id': None,
  'in_reply_to_user_id_str': None,
  'is_quote_status': False,
  'lang': 'en',
  'metadata': {'iso_language_code': 'en', 'result_type': 'recent'},
  'place': None,
  'retweet_count': 9,
  'retweeted': False,
  'retweeted_status': { 'contributors': None,
                        'coordinates': None,
                        'created_at': 'Wed Jul 31 19:36:34 +0000 2019',
                        'entities': { 'hashtags': [],
                                      'symbols': [],
                                      'urls': [ { 'display_url': 'twitter.com/i/web/status/1…',
                                                  'expanded_url': 'https://twitter.com/i/web/status/1156649874919763969',
                                                  'indices': [116, 139],
                                                  'url': 'https://t.co/tZjZ77sfgK'}],
                                      'user_mentions': []},
                        'favorite_count': 11,
                        'favorited': False,
                        'geo': None,
                        'id': 1156649874919763969,
                        'id_str': '1156649874919763969',
                        'in_reply_to_screen_name': None,
                        'in_reply_to_status_id': None,
                        'in_reply_to_status_id_str': None,
                        'in_reply_to_user_id': None,
                        'in_reply_to_user_id_str': None,
                        'is_quote_status': False,
                        'lang': 'en',
                        'metadata': { 'iso_language_code': 'en',
                                      'result_type': 'recent'},
                        'place': None,
                        'retweet_count': 9,
                        'retweeted': False,
                        'source': '<a '
                                  'href="http://twitter.com/download/iphone" '
                                  'rel="nofollow">Twitter for iPhone</a>',
                        'text': 'NEXT 20 IKONIK ORDERS WILL ONLY GET IT FOR '
                                '$10 ‼️🔌\n'
                                '\n'
                                '• any info (charge extra $2 for PSN / Xbox '
                                'info) \n'
                                '• 2FA OFF \n'
                                '•… https://t.co/tZjZ77sfgK',
                        'truncated': True,
                        'user': { 'contributors_enabled': False,
                                  'created_at': 'Sat Nov 14 21:04:41 +0000 '
                                                '2015',
                                  'default_profile': True,
                                  'default_profile_image': False,
                                  'description': 'Seller / MM',
                                  'entities': { 'description': {'urls': []},
                                                'url': { 'urls': [ { 'display_url': 'Shoppy.gg/@Apexor',
                                                                     'expanded_url': 'http://Shoppy.gg/@Apexor',
                                                                     'indices': [ 0,
                                                                                  23],
                                                                     'url': 'https://t.co/IICVKzgnRV'}]}},
                                  'favourites_count': 268,
                                  'follow_request_sent': None,
                                  'followers_count': 566,
                                  'following': None,
                                  'friends_count': 26,
                                  'geo_enabled': False,
                                  'has_extended_profile': False,
                                  'id': 4189020387,
                                  'id_str': '4189020387',
                                  'is_translation_enabled': False,
                                  'is_translator': False,
                                  'lang': None,
                                  'listed_count': 0,
                                  'location': 'instagram.com/apexorlul',
                                  'name': 'ᴀᴘᴇxᴏʀ ☔️ (IKONIK = £10)',
                                  'notifications': None,
                                  'profile_background_color': 'C0DEED',
                                  'profile_background_image_url': 'http://abs.twimg.com/images/themes/theme1/bg.png',
                                  'profile_background_image_url_https': 'https://abs.twimg.com/images/themes/theme1/bg.png',
                                  'profile_background_tile': False,
                                  'profile_banner_url': 'https://pbs.twimg.com/profile_banners/4189020387/1563812296',
                                  'profile_image_url': 'http://pbs.twimg.com/profile_images/1154571680360140800/HICL2m5l_normal.jpg',
                                  'profile_image_url_https': 'https://pbs.twimg.com/profile_images/1154571680360140800/HICL2m5l_normal.jpg',
                                  'profile_link_color': '1DA1F2',
                                  'profile_sidebar_border_color': 'C0DEED',
                                  'profile_sidebar_fill_color': 'DDEEF6',
                                  'profile_text_color': '333333',
                                  'profile_use_background_image': True,
                                  'protected': False,
                                  'screen_name': 'apexorlul',
                                  'statuses_count': 105,
                                  'time_zone': None,
                                  'translator_type': 'none',
                                  'url': 'https://t.co/IICVKzgnRV',
                                  'utc_offset': None,
                                  'verified': False}},
  'source': '<a href="http://twitter.com/download/iphone" '
            'rel="nofollow">Twitter for iPhone</a>',
  'text': 'RT @apexorlul: NEXT 20 IKONIK ORDERS WILL ONLY GET IT FOR $10 ‼️🔌\n'
          '\n'
          '• any info (charge extra $2 for PSN / Xbox info) \n'
          '• 2FA OFF \n'
          '• Fast Deli…',
  'truncated': False,
  'user': { 'contributors_enabled': False,
            'created_at': 'Sun Mar 03 23:34:02 +0000 2019',
            'default_profile': True,
            'default_profile_image': True,
            'description': '',
            'entities': {'description': {'urls': []}},
            'favourites_count': 47,
            'follow_request_sent': None,
            'followers_count': 11,
            'following': None,
            'friends_count': 148,
            'geo_enabled': False,
            'has_extended_profile': False,
            'id': 1102351454289956865,
            'id_str': '1102351454289956865',
            'is_translation_enabled': False,
            'is_translator': False,
            'lang': None,
            'listed_count': 0,
            'location': 'United Kingdom',
            'name': 'Connor',
            'notifications': None,
            'profile_background_color': 'F5F8FA',
            'profile_background_image_url': None,
            'profile_background_image_url_https': None,
            'profile_background_tile': False,
            'profile_image_url': 'http://abs.twimg.com/sticky/default_profile_images/default_profile_normal.png',
            'profile_image_url_https': 'https://abs.twimg.com/sticky/default_profile_images/default_profile_normal.png',
            'profile_link_color': '1DA1F2',
            'profile_sidebar_border_color': 'C0DEED',
            'profile_sidebar_fill_color': 'DDEEF6',
            'profile_text_color': '333333',
            'profile_use_background_image': True,
            'protected': False,
            'screen_name': 'tiff_fortnite',
            'statuses_count': 74,
            'time_zone': None,
            'translator_type': 'none',
            'url': None,
            'utc_offset': None,
            'verified': False}}
----------Summary----------
{ 'entities': {},
  'id_str': '1156653501046558720',
  'retweeted_status': { 'entities': { 'urls': { 'display_url': 'twitter.com/i/web/status/1…',
                                                'expanded_url': 'https://twitter.com/i/web/status/1156649874919763969'}},
                        'id_str': '1156649874919763969',
                        'text': 'next 20 ikonik orders will only get it for '
                                '$10    any info (charge extra $2 for psn / '
                                'xbox info)   2fa off   '
                                'https://t.co/tzjz77sfgk',
                        'user': { 'entities': {},
                                  'id_str': '4189020387',
                                  'twitter_user': 'apexorlul'}},
  'text': 'rt @apexorlul: next 20 ikonik orders will only get it for $10    '
          'any info (charge extra $2 for psn / xbox info)   2fa off   fast '
          'deli',
  'user': { 'entities': {},
            'id_str': '1102351454289956865',
            'twitter_user': 'tiff_fortnite'}}
----------Groups----------
{ 'Bitcoin': ['bitcoin', 'Bitcoin', 'btc', 'satoshi nakamoto'],
  'Ethereum': ['ethereum', 'Ethereum', 'eth', 'vitalik buterin'],
  'Litecoin': ['litecoin', 'Litecoin', 'ltc', 'charles lee'],
  'Monero': ['monero', 'Monero', 'xmr', 'riccardo spagni'],
  'Ripple': [ 'ripple',
              'Ripple',
              'xrp',
              'xrapid',
              'xcurrent',
              'chris larsen',
              'jed mccaleb']}
---------------------------Fetch-------2019-07-31 15:54:18.945385: Tweet filed under "misc":----------Data----------
{ 'contributors': None,
  'coordinates': None,
  'created_at': 'Wed Jul 31 19:50:51 +0000 2019',
  'entities': { 'hashtags': [],
                'symbols': [],
                'urls': [ { 'display_url': 'twitter.com/i/web/status/1…',
                            'expanded_url': 'https://twitter.com/i/web/status/1156653470725943296',
                            'indices': [117, 140],
                            'url': 'https://t.co/Qq44GqbrOd'}],
                'user_mentions': []},
  'favorite_count': 1,
  'favorited': False,
  'geo': None,
  'id': 1156653470725943296,
  'id_str': '1156653470725943296',
  'in_reply_to_screen_name': None,
  'in_reply_to_status_id': None,
  'in_reply_to_status_id_str': None,
  'in_reply_to_user_id': None,
  'in_reply_to_user_id_str': None,
  'is_quote_status': False,
  'lang': 'en',
  'metadata': {'iso_language_code': 'en', 'result_type': 'recent'},
  'place': None,
  'possibly_sensitive': False,
  'retweet_count': 1,
  'retweeted': False,
  'source': '<a href="https://mobile.twitter.com" rel="nofollow">Twitter Web '
            'App</a>',
  'text': '"The US Federal Reserve is expected to cut the target interest rate '
          'on Wednesday for the first time since the globa… '
          'https://t.co/Qq44GqbrOd',
  'truncated': True,
  'user': { 'contributors_enabled': False,
            'created_at': 'Fri Dec 15 22:46:10 +0000 2017',
            'default_profile': False,
            'default_profile_image': False,
            'description': 'Keep your eye on the prize.',
            'entities': {'description': {'urls': []}},
            'favourites_count': 383,
            'follow_request_sent': None,
            'followers_count': 282,
            'following': None,
            'friends_count': 374,
            'geo_enabled': True,
            'has_extended_profile': False,
            'id': 941801586405322752,
            'id_str': '941801586405322752',
            'is_translation_enabled': False,
            'is_translator': False,
            'lang': None,
            'listed_count': 4,
            'location': 'Chicago, IL',
            'name': 'Coin Carter',
            'notifications': None,
            'profile_background_color': '000000',
            'profile_background_image_url': 'http://abs.twimg.com/images/themes/theme1/bg.png',
            'profile_background_image_url_https': 'https://abs.twimg.com/images/themes/theme1/bg.png',
            'profile_background_tile': False,
            'profile_banner_url': 'https://pbs.twimg.com/profile_banners/941801586405322752/1538153388',
            'profile_image_url': 'http://pbs.twimg.com/profile_images/989909659300614145/p3uSDn9i_normal.jpg',
            'profile_image_url_https': 'https://pbs.twimg.com/profile_images/989909659300614145/p3uSDn9i_normal.jpg',
            'profile_link_color': '19CF86',
            'profile_sidebar_border_color': '000000',
            'profile_sidebar_fill_color': '000000',
            'profile_text_color': '000000',
            'profile_use_background_image': False,
            'protected': False,
            'screen_name': 'CoinCarter',
            'statuses_count': 793,
            'time_zone': None,
            'translator_type': 'none',
            'url': None,
            'utc_offset': None,
            'verified': False}}
----------Summary----------
{ 'entities': { 'urls': { 'display_url': 'twitter.com/i/web/status/1…',
                          'expanded_url': 'https://twitter.com/i/web/status/1156653470725943296'}},
  'id_str': '1156653470725943296',
  'text': '"the us federal reserve is expected to cut the target interest rate '
          'on wednesday for the first time since the globa '
          'https://t.co/qq44gqbrod',
  'user': { 'entities': {},
            'id_str': '941801586405322752',
            'twitter_user': 'CoinCarter'}}
----------Groups----------
{ 'Bitcoin': ['bitcoin', 'Bitcoin', 'btc', 'satoshi nakamoto'],
  'Ethereum': ['ethereum', 'Ethereum', 'eth', 'vitalik buterin'],
  'Litecoin': ['litecoin', 'Litecoin', 'ltc', 'charles lee'],
  'Monero': ['monero', 'Monero', 'xmr', 'riccardo spagni'],
  'Ripple': [ 'ripple',
              'Ripple',
              'xrp',
              'xrapid',
              'xcurrent',
              'chris larsen',
              'jed mccaleb']}
---------------------------Fetch-------2019-07-31 15:54:19.459668: Tweet filed under "misc":----------Data----------
{ 'contributors': None,
  'coordinates': None,
  'created_at': 'Wed Jul 31 19:50:42 +0000 2019',
  'entities': { 'hashtags': [],
                'symbols': [],
                'urls': [],
                'user_mentions': [ { 'id': 4189020387,
                                     'id_str': '4189020387',
                                     'indices': [3, 13],
                                     'name': 'ᴀᴘᴇxᴏʀ ☔️ (IKONIK = £10)',
                                     'screen_name': 'apexorlul'}]},
  'favorite_count': 0,
  'favorited': False,
  'geo': None,
  'id': 1156653432213778432,
  'id_str': '1156653432213778432',
  'in_reply_to_screen_name': None,
  'in_reply_to_status_id': None,
  'in_reply_to_status_id_str': None,
  'in_reply_to_user_id': None,
  'in_reply_to_user_id_str': None,
  'is_quote_status': False,
  'lang': 'en',
  'metadata': {'iso_language_code': 'en', 'result_type': 'recent'},
  'place': None,
  'retweet_count': 9,
  'retweeted': False,
  'retweeted_status': { 'contributors': None,
                        'coordinates': None,
                        'created_at': 'Wed Jul 31 19:36:34 +0000 2019',
                        'entities': { 'hashtags': [],
                                      'symbols': [],
                                      'urls': [ { 'display_url': 'twitter.com/i/web/status/1…',
                                                  'expanded_url': 'https://twitter.com/i/web/status/1156649874919763969',
                                                  'indices': [116, 139],
                                                  'url': 'https://t.co/tZjZ77sfgK'}],
                                      'user_mentions': []},
                        'favorite_count': 11,
                        'favorited': False,
                        'geo': None,
                        'id': 1156649874919763969,
                        'id_str': '1156649874919763969',
                        'in_reply_to_screen_name': None,
                        'in_reply_to_status_id': None,
                        'in_reply_to_status_id_str': None,
                        'in_reply_to_user_id': None,
                        'in_reply_to_user_id_str': None,
                        'is_quote_status': False,
                        'lang': 'en',
                        'metadata': { 'iso_language_code': 'en',
                                      'result_type': 'recent'},
                        'place': None,
                        'retweet_count': 9,
                        'retweeted': False,
                        'source': '<a '
                                  'href="http://twitter.com/download/iphone" '
                                  'rel="nofollow">Twitter for iPhone</a>',
                        'text': 'NEXT 20 IKONIK ORDERS WILL ONLY GET IT FOR '
                                '$10 ‼️🔌\n'
                                '\n'
                                '• any info (charge extra $2 for PSN / Xbox '
                                'info) \n'
                                '• 2FA OFF \n'
                                '•… https://t.co/tZjZ77sfgK',
                        'truncated': True,
                        'user': { 'contributors_enabled': False,
                                  'created_at': 'Sat Nov 14 21:04:41 +0000 '
                                                '2015',
                                  'default_profile': True,
                                  'default_profile_image': False,
                                  'description': 'Seller / MM',
                                  'entities': { 'description': {'urls': []},
                                                'url': { 'urls': [ { 'display_url': 'Shoppy.gg/@Apexor',
                                                                     'expanded_url': 'http://Shoppy.gg/@Apexor',
                                                                     'indices': [ 0,
                                                                                  23],
                                                                     'url': 'https://t.co/IICVKzgnRV'}]}},
                                  'favourites_count': 268,
                                  'follow_request_sent': None,
                                  'followers_count': 566,
                                  'following': None,
                                  'friends_count': 26,
                                  'geo_enabled': False,
                                  'has_extended_profile': False,
                                  'id': 4189020387,
                                  'id_str': '4189020387',
                                  'is_translation_enabled': False,
                                  'is_translator': False,
                                  'lang': None,
                                  'listed_count': 0,
                                  'location': 'instagram.com/apexorlul',
                                  'name': 'ᴀᴘᴇxᴏʀ ☔️ (IKONIK = £10)',
                                  'notifications': None,
                                  'profile_background_color': 'C0DEED',
                                  'profile_background_image_url': 'http://abs.twimg.com/images/themes/theme1/bg.png',
                                  'profile_background_image_url_https': 'https://abs.twimg.com/images/themes/theme1/bg.png',
                                  'profile_background_tile': False,
                                  'profile_banner_url': 'https://pbs.twimg.com/profile_banners/4189020387/1563812296',
                                  'profile_image_url': 'http://pbs.twimg.com/profile_images/1154571680360140800/HICL2m5l_normal.jpg',
                                  'profile_image_url_https': 'https://pbs.twimg.com/profile_images/1154571680360140800/HICL2m5l_normal.jpg',
                                  'profile_link_color': '1DA1F2',
                                  'profile_sidebar_border_color': 'C0DEED',
                                  'profile_sidebar_fill_color': 'DDEEF6',
                                  'profile_text_color': '333333',
                                  'profile_use_background_image': True,
                                  'protected': False,
                                  'screen_name': 'apexorlul',
                                  'statuses_count': 105,
                                  'time_zone': None,
                                  'translator_type': 'none',
                                  'url': 'https://t.co/IICVKzgnRV',
                                  'utc_offset': None,
                                  'verified': False}},
  'source': '<a href="http://twitter.com/download/iphone" '
            'rel="nofollow">Twitter for iPhone</a>',
  'text': 'RT @apexorlul: NEXT 20 IKONIK ORDERS WILL ONLY GET IT FOR $10 ‼️🔌\n'
          '\n'
          '• any info (charge extra $2 for PSN / Xbox info) \n'
          '• 2FA OFF \n'
          '• Fast Deli…',
  'truncated': False,
  'user': { 'contributors_enabled': False,
            'created_at': 'Wed Jan 11 01:19:37 +0000 2017',
            'default_profile': True,
            'default_profile_image': False,
            'description': '“I like fire trucks and monster trucks” -Walter '
                           'Clements',
            'entities': {'description': {'urls': []}},
            'favourites_count': 24821,
            'follow_request_sent': None,
            'followers_count': 658,
            'following': None,
            'friends_count': 373,
            'geo_enabled': True,
            'has_extended_profile': True,
            'id': 818990716613496832,
            'id_str': '818990716613496832',
            'is_translation_enabled': False,
            'is_translator': False,
            'lang': None,
            'listed_count': 2,
            'location': 'walter',
            'name': 'Jake Meli and 763 others',
            'notifications': None,
            'profile_background_color': 'F5F8FA',
            'profile_background_image_url': None,
            'profile_background_image_url_https': None,
            'profile_background_tile': False,
            'profile_banner_url': 'https://pbs.twimg.com/profile_banners/818990716613496832/1559876260',
            'profile_image_url': 'http://pbs.twimg.com/profile_images/1152990425529147392/CEKOy1-F_normal.jpg',
            'profile_image_url_https': 'https://pbs.twimg.com/profile_images/1152990425529147392/CEKOy1-F_normal.jpg',
            'profile_link_color': '1DA1F2',
            'profile_sidebar_border_color': 'C0DEED',
            'profile_sidebar_fill_color': 'DDEEF6',
            'profile_text_color': '333333',
            'profile_use_background_image': True,
            'protected': False,
            'screen_name': 'sickobambamode',
            'statuses_count': 7176,
            'time_zone': None,
            'translator_type': 'none',
            'url': None,
            'utc_offset': None,
            'verified': False}}
----------Summary----------
{ 'entities': {},
  'id_str': '1156653432213778432',
  'retweeted_status': { 'entities': { 'urls': { 'display_url': 'twitter.com/i/web/status/1…',
                                                'expanded_url': 'https://twitter.com/i/web/status/1156649874919763969'}},
                        'id_str': '1156649874919763969',
                        'text': 'next 20 ikonik orders will only get it for '
                                '$10    any info (charge extra $2 for psn / '
                                'xbox info)   2fa off   '
                                'https://t.co/tzjz77sfgk',
                        'user': { 'entities': {},
                                  'id_str': '4189020387',
                                  'twitter_user': 'apexorlul'}},
  'text': 'rt @apexorlul: next 20 ikonik orders will only get it for $10    '
          'any info (charge extra $2 for psn / xbox info)   2fa off   fast '
          'deli',
  'user': { 'entities': {},
            'id_str': '818990716613496832',
            'twitter_user': 'sickobambamode'}}
----------Groups----------
{ 'Bitcoin': ['bitcoin', 'Bitcoin', 'btc', 'satoshi nakamoto'],
  'Ethereum': ['ethereum', 'Ethereum', 'eth', 'vitalik buterin'],
  'Litecoin': ['litecoin', 'Litecoin', 'ltc', 'charles lee'],
  'Monero': ['monero', 'Monero', 'xmr', 'riccardo spagni'],
  'Ripple': [ 'ripple',
              'Ripple',
              'xrp',
              'xrapid',
              'xcurrent',
              'chris larsen',
              'jed mccaleb']}
---------------------------Fetch-------2019-07-31 15:54:23.655339: Tweet filed under "misc":----------Data----------
{ 'contributors': None,
  'coordinates': None,
  'created_at': 'Wed Jul 31 19:11:39 +0000 2019',
  'entities': { 'hashtags': [],
                'symbols': [],
                'urls': [ { 'display_url': 'twitter.com/i/web/status/1…',
                            'expanded_url': 'https://twitter.com/i/web/status/1156643605278351360',
                            'indices': [117, 140],
                            'url': 'https://t.co/hSqThfogzX'}],
                'user_mentions': []},
  'favorite_count': 0,
  'favorited': False,
  'geo': None,
  'id': 1156643605278351360,
  'id_str': '1156643605278351360',
  'in_reply_to_screen_name': None,
  'in_reply_to_status_id': None,
  'in_reply_to_status_id_str': None,
  'in_reply_to_user_id': None,
  'in_reply_to_user_id_str': None,
  'is_quote_status': False,
  'lang': 'en',
  'metadata': {'iso_language_code': 'en', 'result_type': 'recent'},
  'place': None,
  'possibly_sensitive': False,
  'retweet_count': 0,
  'retweeted': False,
  'source': '<a href="http://twitter.com/download/android" '
            'rel="nofollow">Twitter for Android</a>',
  'text': 'Craig S Wright’s libel suit against Roger Ver was\xa0dismissed\xa0'
          'by England and Wales High Court [Queen’s Bench Division… '
          'https://t.co/hSqThfogzX',
  'truncated': True,
  'user': { 'contributors_enabled': False,
            'created_at': 'Thu Nov 23 11:48:06 +0000 2017',
            'default_profile': False,
            'default_profile_image': False,
            'description': '#bitcoin is THE antidote!!! I Mine, HODL & Trade '
                           '#Crypto - Follow for News & Comment - DNA is the '
                           'Universal #Blockchain of LIFE, we Mine it with our '
                           'LOVE💖 $BTC',
            'entities': {'description': {'urls': []}},
            'favourites_count': 9057,
            'follow_request_sent': None,
            'followers_count': 392,
            'following': None,
            'friends_count': 1231,
            'geo_enabled': False,
            'has_extended_profile': False,
            'id': 933663442174664704,
            'id_str': '933663442174664704',
            'is_translation_enabled': False,
            'is_translator': False,
            'lang': None,
            'listed_count': 3,
            'location': '🌐11 Dimensional Hyperspace🌐',
            'name': '👽CЯYPTOiD (I remember reading it when I wrote it)',
            'notifications': None,
            'profile_background_color': '000000',
            'profile_background_image_url': 'http://abs.twimg.com/images/themes/theme1/bg.png',
            'profile_background_image_url_https': 'https://abs.twimg.com/images/themes/theme1/bg.png',
            'profile_background_tile': False,
            'profile_banner_url': 'https://pbs.twimg.com/profile_banners/933663442174664704/1563661754',
            'profile_image_url': 'http://pbs.twimg.com/profile_images/1155228852462981120/ngKiKBqa_normal.jpg',
            'profile_image_url_https': 'https://pbs.twimg.com/profile_images/1155228852462981120/ngKiKBqa_normal.jpg',
            'profile_link_color': '1B95E0',
            'profile_sidebar_border_color': '000000',
            'profile_sidebar_fill_color': '000000',
            'profile_text_color': '000000',
            'profile_use_background_image': False,
            'protected': False,
            'screen_name': 'RANSGRANT',
            'statuses_count': 7955,
            'time_zone': None,
            'translator_type': 'none',
            'url': None,
            'utc_offset': None,
            'verified': False}}
----------Summary----------
{ 'entities': { 'urls': { 'display_url': 'twitter.com/i/web/status/1…',
                          'expanded_url': 'https://twitter.com/i/web/status/1156643605278351360'}},
  'id_str': '1156643605278351360',
  'text': 'craig s wrights libel suit against roger ver wasdismissedby england '
          'and wales high court [queens bench division https://t.co/hsqthfogzx',
  'user': { 'entities': {},
            'id_str': '933663442174664704',
            'twitter_user': 'RANSGRANT'}}
----------Groups----------
{ 'Bitcoin': ['bitcoin', 'Bitcoin', 'btc', 'satoshi nakamoto'],
  'Ethereum': ['ethereum', 'Ethereum', 'eth', 'vitalik buterin'],
  'Litecoin': ['litecoin', 'Litecoin', 'ltc', 'charles lee'],
  'Monero': ['monero', 'Monero', 'xmr', 'riccardo spagni'],
  'Ripple': [ 'ripple',
              'Ripple',
              'xrp',
              'xrapid',
              'xcurrent',
              'chris larsen',
              'jed mccaleb']}
---------------------------Fetch-------2019-07-31 15:54:23.962286: Tweet filed under "misc":----------Data----------
{ 'contributors': None,
  'coordinates': None,
  'created_at': 'Wed Jul 31 19:00:22 +0000 2019',
  'entities': { 'hashtags': [],
                'symbols': [],
                'urls': [ { 'display_url': 'twitter.com/i/web/status/1…',
                            'expanded_url': 'https://twitter.com/i/web/status/1156640765268938753',
                            'indices': [117, 140],
                            'url': 'https://t.co/74dzFcNgpS'}],
                'user_mentions': []},
  'favorite_count': 0,
  'favorited': False,
  'geo': None,
  'id': 1156640765268938753,
  'id_str': '1156640765268938753',
  'in_reply_to_screen_name': None,
  'in_reply_to_status_id': None,
  'in_reply_to_status_id_str': None,
  'in_reply_to_user_id': None,
  'in_reply_to_user_id_str': None,
  'is_quote_status': False,
  'lang': 'en',
  'metadata': {'iso_language_code': 'en', 'result_type': 'recent'},
  'place': None,
  'retweet_count': 0,
  'retweeted': False,
  'source': '<a href="https://rhian.is" rel="nofollow">LoremCrypto</a>',
  'text': 'Lightning non-fungible token exchange blockchain multisig '
          'confirmation cryptography security token miner mining poo… '
          'https://t.co/74dzFcNgpS',
  'truncated': True,
  'user': { 'contributors_enabled': False,
            'created_at': 'Mon Apr 15 22:36:22 +0000 2019',
            'default_profile': True,
            'default_profile_image': False,
            'description': 'Generating small chunks of #crypto themed Lorem '
                           'Ipsum filler text for your website or app. Created '
                           'by @rhian_is',
            'entities': { 'description': {'urls': []},
                          'url': { 'urls': [ { 'display_url': 'tippin.me/@LoremCrypto',
                                               'expanded_url': 'https://tippin.me/@LoremCrypto',
                                               'indices': [0, 23],
                                               'url': 'https://t.co/dH2hKJTpbA'}]}},
            'favourites_count': 6,
            'follow_request_sent': None,
            'followers_count': 42,
            'following': None,
            'friends_count': 2,
            'geo_enabled': False,
            'has_extended_profile': False,
            'id': 1117919622613884938,
            'id_str': '1117919622613884938',
            'is_translation_enabled': False,
            'is_translator': False,
            'lang': None,
            'listed_count': 0,
            'location': 'Moon',
            'name': 'LoremCrypto',
            'notifications': None,
            'profile_background_color': 'F5F8FA',
            'profile_background_image_url': None,
            'profile_background_image_url_https': None,
            'profile_background_tile': False,
            'profile_banner_url': 'https://pbs.twimg.com/profile_banners/1117919622613884938/1556490566',
            'profile_image_url': 'http://pbs.twimg.com/profile_images/1122629073463848961/IfNFSuNW_normal.png',
            'profile_image_url_https': 'https://pbs.twimg.com/profile_images/1122629073463848961/IfNFSuNW_normal.png',
            'profile_link_color': '1DA1F2',
            'profile_sidebar_border_color': 'C0DEED',
            'profile_sidebar_fill_color': 'DDEEF6',
            'profile_text_color': '333333',
            'profile_use_background_image': True,
            'protected': False,
            'screen_name': 'LoremCrypto',
            'statuses_count': 2351,
            'time_zone': None,
            'translator_type': 'none',
            'url': 'https://t.co/dH2hKJTpbA',
            'utc_offset': None,
            'verified': False}}
----------Summary----------
{ 'entities': { 'urls': { 'display_url': 'twitter.com/i/web/status/1…',
                          'expanded_url': 'https://twitter.com/i/web/status/1156640765268938753'}},
  'id_str': '1156640765268938753',
  'text': 'lightning non-fungible token exchange blockchain multisig '
          'confirmation cryptography security token miner mining poo '
          'https://t.co/74dzfcngps',
  'user': { 'entities': {},
            'id_str': '1117919622613884938',
            'twitter_user': 'LoremCrypto'}}
----------Groups----------
{ 'Bitcoin': ['bitcoin', 'Bitcoin', 'btc', 'satoshi nakamoto'],
  'Ethereum': ['ethereum', 'Ethereum', 'eth', 'vitalik buterin'],
  'Litecoin': ['litecoin', 'Litecoin', 'ltc', 'charles lee'],
  'Monero': ['monero', 'Monero', 'xmr', 'riccardo spagni'],
  'Ripple': [ 'ripple',
              'Ripple',
              'xrp',
              'xrapid',
              'xcurrent',
              'chris larsen',
              'jed mccaleb']}
---------------------------Fetch-------2019-07-31 15:54:24.784075: Tweet filed under "misc":----------Data----------
{ 'contributors': None,
  'coordinates': None,
  'created_at': 'Wed Jul 31 18:42:13 +0000 2019',
  'entities': { 'hashtags': [],
                'symbols': [],
                'urls': [],
                'user_mentions': [ { 'id': 610493039,
                                     'id_str': '610493039',
                                     'indices': [3, 16],
                                     'name': 'sravan lanka',
                                     'screen_name': 'sravan_lanka'},
                                   { 'id': 2207129125,
                                     'id_str': '2207129125',
                                     'indices': [18, 32],
                                     'name': 'Cointelegraph',
                                     'screen_name': 'Cointelegraph'},
                                   { 'id': 4826209539,
                                     'id_str': '4826209539',
                                     'indices': [33, 47],
                                     'name': 'vergecurrency',
                                     'screen_name': 'vergecurrency'},
                                   { 'id': 211630151,
                                     'id_str': '211630151',
                                     'indices': [80, 89],
                                     'name': 'MindGeek',
                                     'screen_name': 'mindgeek'},
                                   { 'id': 74466455,
                                     'id_str': '74466455',
                                     'indices': [94, 102],
                                     'name': 'Pornhub ARIA',
                                     'screen_name': 'Pornhub'}]},
  'favorite_count': 0,
  'favorited': False,
  'geo': None,
  'id': 1156636197072068609,
  'id_str': '1156636197072068609',
  'in_reply_to_screen_name': None,
  'in_reply_to_status_id': None,
  'in_reply_to_status_id_str': None,
  'in_reply_to_user_id': None,
  'in_reply_to_user_id_str': None,
  'is_quote_status': False,
  'lang': 'en',
  'metadata': {'iso_language_code': 'en', 'result_type': 'recent'},
  'place': None,
  'retweet_count': 2,
  'retweeted': False,
  'retweeted_status': { 'contributors': None,
                        'coordinates': None,
                        'created_at': 'Wed Jul 31 17:49:10 +0000 2019',
                        'entities': { 'hashtags': [],
                                      'symbols': [],
                                      'urls': [ { 'display_url': 'twitter.com/i/web/status/1…',
                                                  'expanded_url': 'https://twitter.com/i/web/status/1156622848279973888',
                                                  'indices': [117, 140],
                                                  'url': 'https://t.co/ctMoo7AVZr'}],
                                      'user_mentions': [ { 'id': 2207129125,
                                                           'id_str': '2207129125',
                                                           'indices': [0, 14],
                                                           'name': 'Cointelegraph',
                                                           'screen_name': 'Cointelegraph'},
                                                         { 'id': 4826209539,
                                                           'id_str': '4826209539',
                                                           'indices': [15, 29],
                                                           'name': 'vergecurrency',
                                                           'screen_name': 'vergecurrency'},
                                                         { 'id': 211630151,
                                                           'id_str': '211630151',
                                                           'indices': [62, 71],
                                                           'name': 'MindGeek',
                                                           'screen_name': 'mindgeek'},
                                                         { 'id': 74466455,
                                                           'id_str': '74466455',
                                                           'indices': [76, 84],
                                                           'name': 'Pornhub '
                                                                   'ARIA',
                                                           'screen_name': 'Pornhub'}]},
                        'favorite_count': 15,
                        'favorited': False,
                        'geo': None,
                        'id': 1156622848279973888,
                        'id_str': '1156622848279973888',
                        'in_reply_to_screen_name': 'Cointelegraph',
                        'in_reply_to_status_id': 1156590848697651200,
                        'in_reply_to_status_id_str': '1156590848697651200',
                        'in_reply_to_user_id': 2207129125,
                        'in_reply_to_user_id_str': '2207129125',
                        'is_quote_status': False,
                        'lang': 'en',
                        'metadata': { 'iso_language_code': 'en',
                                      'result_type': 'recent'},
                        'place': None,
                        'retweet_count': 2,
                        'retweeted': False,
                        'source': '<a href="https://mobile.twitter.com" '
                                  'rel="nofollow">Twitter Web App</a>',
                        'text': '@Cointelegraph @Vergecurrency already made a '
                                'partnership with @mindgeek and @Pornhub. So I '
                                'think the real cryptocur… '
                                'https://t.co/ctMoo7AVZr',
                        'truncated': True,
                        'user': { 'contributors_enabled': False,
                                  'created_at': 'Sun Jun 17 04:07:42 +0000 '
                                                '2012',
                                  'default_profile': False,
                                  'default_profile_image': False,
                                  'description': '',
                                  'entities': {'description': {'urls': []}},
                                  'favourites_count': 12437,
                                  'follow_request_sent': None,
                                  'followers_count': 182,
                                  'following': None,
                                  'friends_count': 214,
                                  'geo_enabled': False,
                                  'has_extended_profile': True,
                                  'id': 610493039,
                                  'id_str': '610493039',
                                  'is_translation_enabled': False,
                                  'is_translator': False,
                                  'lang': None,
                                  'listed_count': 0,
                                  'location': 'Karimnagar, India',
                                  'name': 'sravan lanka',
                                  'notifications': None,
                                  'profile_background_color': '000000',
                                  'profile_background_image_url': 'http://abs.twimg.com/images/themes/theme1/bg.png',
                                  'profile_background_image_url_https': 'https://abs.twimg.com/images/themes/theme1/bg.png',
                                  'profile_background_tile': False,
                                  'profile_image_url': 'http://pbs.twimg.com/profile_images/2315512508/tropical-storm-fay_normal.jpg',
                                  'profile_image_url_https': 'https://pbs.twimg.com/profile_images/2315512508/tropical-storm-fay_normal.jpg',
                                  'profile_link_color': 'FAB81E',
                                  'profile_sidebar_border_color': '000000',
                                  'profile_sidebar_fill_color': '000000',
                                  'profile_text_color': '000000',
                                  'profile_use_background_image': False,
                                  'protected': False,
                                  'screen_name': 'sravan_lanka',
                                  'statuses_count': 4829,
                                  'time_zone': None,
                                  'translator_type': 'none',
                                  'url': None,
                                  'utc_offset': None,
                                  'verified': False}},
  'source': '<a href="http://twitter.com/download/android" '
            'rel="nofollow">Twitter for Android</a>',
  'text': 'RT @sravan_lanka: @Cointelegraph @Vergecurrency already made a '
          'partnership with @mindgeek and @Pornhub. So I think the real '
          'cryptocurrency…',
  'truncated': False,
  'user': { 'contributors_enabled': False,
            'created_at': 'Thu Mar 21 10:33:37 +0000 2019',
            'default_profile': True,
            'default_profile_image': False,
            'description': '',
            'entities': {'description': {'urls': []}},
            'favourites_count': 6716,
            'follow_request_sent': None,
            'followers_count': 108,
            'following': None,
            'friends_count': 213,
            'geo_enabled': False,
            'has_extended_profile': False,
            'id': 1108678037590163456,
            'id_str': '1108678037590163456',
            'is_translation_enabled': False,
            'is_translator': False,
            'lang': None,
            'listed_count': 1,
            'location': 'where ever I lay my hat ',
            'name': 'Bentli',
            'notifications': None,
            'profile_background_color': 'F5F8FA',
            'profile_background_image_url': None,
            'profile_background_image_url_https': None,
            'profile_background_tile': False,
            'profile_banner_url': 'https://pbs.twimg.com/profile_banners/1108678037590163456/1558954789',
            'profile_image_url': 'http://pbs.twimg.com/profile_images/1132963662346502145/2Hm24WRh_normal.jpg',
            'profile_image_url_https': 'https://pbs.twimg.com/profile_images/1132963662346502145/2Hm24WRh_normal.jpg',
            'profile_link_color': '1DA1F2',
            'profile_sidebar_border_color': 'C0DEED',
            'profile_sidebar_fill_color': 'DDEEF6',
            'profile_text_color': '333333',
            'profile_use_background_image': True,
            'protected': False,
            'screen_name': 'Bentli52716884',
            'statuses_count': 3094,
            'time_zone': None,
            'translator_type': 'none',
            'url': None,
            'utc_offset': None,
            'verified': False}}
----------Summary----------
{ 'entities': {},
  'id_str': '1156636197072068609',
  'retweeted_status': { 'entities': { 'urls': { 'display_url': 'twitter.com/i/web/status/1…',
                                                'expanded_url': 'https://twitter.com/i/web/status/1156622848279973888'}},
                        'id_str': '1156622848279973888',
                        'text': '@cointelegraph @vergecurrency already made a '
                                'partnership with @mindgeek and @pornhub. so i '
                                'think the real cryptocur '
                                'https://t.co/ctmoo7avzr',
                        'user': { 'entities': {},
                                  'id_str': '610493039',
                                  'twitter_user': 'sravan_lanka'}},
  'text': 'rt @sravan_lanka: @cointelegraph @vergecurrency already made a '
          'partnership with @mindgeek and @pornhub. so i think the real '
          'cryptocurrency',
  'user': { 'entities': {},
            'id_str': '1108678037590163456',
            'twitter_user': 'Bentli52716884'}}
----------Groups----------
{ 'Bitcoin': ['bitcoin', 'Bitcoin', 'btc', 'satoshi nakamoto'],
  'Ethereum': ['ethereum', 'Ethereum', 'eth', 'vitalik buterin'],
  'Litecoin': ['litecoin', 'Litecoin', 'ltc', 'charles lee'],
  'Monero': ['monero', 'Monero', 'xmr', 'riccardo spagni'],
  'Ripple': [ 'ripple',
              'Ripple',
              'xrp',
              'xrapid',
              'xcurrent',
              'chris larsen',
              'jed mccaleb']}
---------------------------Fetch-------2019-07-31 15:54:25.601735: Tweet filed under "misc":----------Data----------
{ 'contributors': None,
  'coordinates': None,
  'created_at': 'Wed Jul 31 18:35:34 +0000 2019',
  'entities': { 'hashtags': [],
                'symbols': [],
                'urls': [],
                'user_mentions': [ { 'id': 1156621941161152512,
                                     'id_str': '1156621941161152512',
                                     'indices': [3, 14],
                                     'name': 'Brickcoin',
                                     'screen_name': 'Brickcoin1'}]},
  'favorite_count': 0,
  'favorited': False,
  'geo': None,
  'id': 1156634525494984704,
  'id_str': '1156634525494984704',
  'in_reply_to_screen_name': None,
  'in_reply_to_status_id': None,
  'in_reply_to_status_id_str': None,
  'in_reply_to_user_id': None,
  'in_reply_to_user_id_str': None,
  'is_quote_status': False,
  'lang': 'en',
  'metadata': {'iso_language_code': 'en', 'result_type': 'recent'},
  'place': None,
  'retweet_count': 5,
  'retweeted': False,
  'retweeted_status': { 'contributors': None,
                        'coordinates': None,
                        'created_at': 'Wed Jul 31 17:58:18 +0000 2019',
                        'entities': { 'hashtags': [],
                                      'symbols': [],
                                      'urls': [ { 'display_url': 'twitter.com/i/web/status/1…',
                                                  'expanded_url': 'https://twitter.com/i/web/status/1156625146020429824',
                                                  'indices': [117, 140],
                                                  'url': 'https://t.co/dSSseNCor6'}],
                                      'user_mentions': []},
                        'favorite_count': 12,
                        'favorited': False,
                        'geo': None,
                        'id': 1156625146020429824,
                        'id_str': '1156625146020429824',
                        'in_reply_to_screen_name': None,
                        'in_reply_to_status_id': None,
                        'in_reply_to_status_id_str': None,
                        'in_reply_to_user_id': None,
                        'in_reply_to_user_id_str': None,
                        'is_quote_status': False,
                        'lang': 'en',
                        'metadata': { 'iso_language_code': 'en',
                                      'result_type': 'recent'},
                        'place': None,
                        'possibly_sensitive': False,
                        'retweet_count': 5,
                        'retweeted': False,
                        'source': '<a href="https://mobile.twitter.com" '
                                  'rel="nofollow">Twitter Web App</a>',
                        'text': '"The solution we propose begins with a '
                                'timestamp server.... Each timestamp includes '
                                'the previous timestamp in its h… '
                                'https://t.co/dSSseNCor6',
                        'truncated': True,
                        'user': { 'contributors_enabled': False,
                                  'created_at': 'Wed Jul 31 17:45:34 +0000 '
                                                '2019',
                                  'default_profile': True,
                                  'default_profile_image': False,
                                  'description': 'Satoshi is a Lego Master '
                                                 'Builder.',
                                  'entities': {'description': {'urls': []}},
                                  'favourites_count': 0,
                                  'follow_request_sent': None,
                                  'followers_count': 6,
                                  'following': None,
                                  'friends_count': 20,
                                  'geo_enabled': False,
                                  'has_extended_profile': True,
                                  'id': 1156621941161152512,
                                  'id_str': '1156621941161152512',
                                  'is_translation_enabled': False,
                                  'is_translator': False,
                                  'lang': None,
                                  'listed_count': 0,
                                  'location': '',
                                  'name': 'Brickcoin',
                                  'notifications': None,
                                  'profile_background_color': 'F5F8FA',
                                  'profile_background_image_url': None,
                                  'profile_background_image_url_https': None,
                                  'profile_background_tile': False,
                                  'profile_image_url': 'http://pbs.twimg.com/profile_images/1156623261653798913/EfddC_3Z_normal.jpg',
                                  'profile_image_url_https': 'https://pbs.twimg.com/profile_images/1156623261653798913/EfddC_3Z_normal.jpg',
                                  'profile_link_color': '1DA1F2',
                                  'profile_sidebar_border_color': 'C0DEED',
                                  'profile_sidebar_fill_color': 'DDEEF6',
                                  'profile_text_color': '333333',
                                  'profile_use_background_image': True,
                                  'protected': False,
                                  'screen_name': 'Brickcoin1',
                                  'statuses_count': 2,
                                  'time_zone': None,
                                  'translator_type': 'none',
                                  'url': None,
                                  'utc_offset': None,
                                  'verified': False}},
  'source': '<a href="https://mobile.twitter.com" rel="nofollow">Twitter Web '
            'App</a>',
  'text': 'RT @Brickcoin1: "The solution we propose begins with a timestamp '
          'server.... Each timestamp includes the previous timestamp in its '
          'hash, for…',
  'truncated': False,
  'user': { 'contributors_enabled': False,
            'created_at': 'Sun Mar 17 09:51:54 +0000 2019',
            'default_profile': False,
            'default_profile_image': False,
            'description': 'Community managed $FREE & OPEN Blockchain as a '
                           'Service from Nepal. Ethereum based Clique/PoA '
                           'Consensus $YETI @FreeYetiCoin. #BuidlNepal '
                           '#FindYeti',
            'entities': { 'description': {'urls': []},
                          'url': { 'urls': [ { 'display_url': 'NepalBlockchain.Network',
                                               'expanded_url': 'https://NepalBlockchain.Network',
                                               'indices': [0, 23],
                                               'url': 'https://t.co/Qu6aCcPT1s'}]}},
            'favourites_count': 1162,
            'follow_request_sent': None,
            'followers_count': 139,
            'following': None,
            'friends_count': 336,
            'geo_enabled': False,
            'has_extended_profile': False,
            'id': 1107217990100140037,
            'id_str': '1107217990100140037',
            'is_translation_enabled': False,
            'is_translator': False,
            'lang': None,
            'listed_count': 0,
            'location': 'Decentralized',
            'name': 'Nepal Blockchain Network',
            'notifications': None,
            'profile_background_color': '000000',
            'profile_background_image_url': 'http://abs.twimg.com/images/themes/theme1/bg.png',
            'profile_background_image_url_https': 'https://abs.twimg.com/images/themes/theme1/bg.png',
            'profile_background_tile': False,
            'profile_banner_url': 'https://pbs.twimg.com/profile_banners/1107217990100140037/1561062993',
            'profile_image_url': 'http://pbs.twimg.com/profile_images/1136725659756011520/A_A1UkLa_normal.png',
            'profile_image_url_https': 'https://pbs.twimg.com/profile_images/1136725659756011520/A_A1UkLa_normal.png',
            'profile_link_color': 'E81C4F',
            'profile_sidebar_border_color': '000000',
            'profile_sidebar_fill_color': '000000',
            'profile_text_color': '000000',
            'profile_use_background_image': False,
            'protected': False,
            'screen_name': 'NepalBlockchain',
            'statuses_count': 1725,
            'time_zone': None,
            'translator_type': 'none',
            'url': 'https://t.co/Qu6aCcPT1s',
            'utc_offset': None,
            'verified': False}}
----------Summary----------
{ 'entities': {},
  'id_str': '1156634525494984704',
  'retweeted_status': { 'entities': { 'urls': { 'display_url': 'twitter.com/i/web/status/1…',
                                                'expanded_url': 'https://twitter.com/i/web/status/1156625146020429824'}},
                        'id_str': '1156625146020429824',
                        'text': '"the solution we propose begins with a '
                                'timestamp server.... each timestamp includes '
                                'the previous timestamp in its h '
                                'https://t.co/dsssencor6',
                        'user': { 'entities': {},
                                  'id_str': '1156621941161152512',
                                  'twitter_user': 'Brickcoin1'}},
  'text': 'rt @brickcoin1: "the solution we propose begins with a timestamp '
          'server.... each timestamp includes the previous timestamp in its '
          'hash, for',
  'user': { 'entities': {},
            'id_str': '1107217990100140037',
            'twitter_user': 'NepalBlockchain'}}
----------Groups----------
{ 'Bitcoin': ['bitcoin', 'Bitcoin', 'btc', 'satoshi nakamoto'],
  'Ethereum': ['ethereum', 'Ethereum', 'eth', 'vitalik buterin'],
  'Litecoin': ['litecoin', 'Litecoin', 'ltc', 'charles lee'],
  'Monero': ['monero', 'Monero', 'xmr', 'riccardo spagni'],
  'Ripple': [ 'ripple',
              'Ripple',
              'xrp',
              'xrapid',
              'xcurrent',
              'chris larsen',
              'jed mccaleb']}
---------------------------Fetch-------2019-07-31 15:54:26.521653: Tweet filed under "misc":----------Data----------
{ 'contributors': None,
  'coordinates': None,
  'created_at': 'Wed Jul 31 18:16:55 +0000 2019',
  'entities': { 'hashtags': [],
                'symbols': [],
                'urls': [],
                'user_mentions': [ { 'id': 1156621941161152512,
                                     'id_str': '1156621941161152512',
                                     'indices': [3, 14],
                                     'name': 'Brickcoin',
                                     'screen_name': 'Brickcoin1'}]},
  'favorite_count': 0,
  'favorited': False,
  'geo': None,
  'id': 1156629828977582080,
  'id_str': '1156629828977582080',
  'in_reply_to_screen_name': None,
  'in_reply_to_status_id': None,
  'in_reply_to_status_id_str': None,
  'in_reply_to_user_id': None,
  'in_reply_to_user_id_str': None,
  'is_quote_status': False,
  'lang': 'en',
  'metadata': {'iso_language_code': 'en', 'result_type': 'recent'},
  'place': None,
  'retweet_count': 5,
  'retweeted': False,
  'retweeted_status': { 'contributors': None,
                        'coordinates': None,
                        'created_at': 'Wed Jul 31 17:58:18 +0000 2019',
                        'entities': { 'hashtags': [],
                                      'symbols': [],
                                      'urls': [ { 'display_url': 'twitter.com/i/web/status/1…',
                                                  'expanded_url': 'https://twitter.com/i/web/status/1156625146020429824',
                                                  'indices': [117, 140],
                                                  'url': 'https://t.co/dSSseNCor6'}],
                                      'user_mentions': []},
                        'favorite_count': 12,
                        'favorited': False,
                        'geo': None,
                        'id': 1156625146020429824,
                        'id_str': '1156625146020429824',
                        'in_reply_to_screen_name': None,
                        'in_reply_to_status_id': None,
                        'in_reply_to_status_id_str': None,
                        'in_reply_to_user_id': None,
                        'in_reply_to_user_id_str': None,
                        'is_quote_status': False,
                        'lang': 'en',
                        'metadata': { 'iso_language_code': 'en',
                                      'result_type': 'recent'},
                        'place': None,
                        'possibly_sensitive': False,
                        'retweet_count': 5,
                        'retweeted': False,
                        'source': '<a href="https://mobile.twitter.com" '
                                  'rel="nofollow">Twitter Web App</a>',
                        'text': '"The solution we propose begins with a '
                                'timestamp server.... Each timestamp includes '
                                'the previous timestamp in its h… '
                                'https://t.co/dSSseNCor6',
                        'truncated': True,
                        'user': { 'contributors_enabled': False,
                                  'created_at': 'Wed Jul 31 17:45:34 +0000 '
                                                '2019',
                                  'default_profile': True,
                                  'default_profile_image': False,
                                  'description': 'Satoshi is a Lego Master '
                                                 'Builder.',
                                  'entities': {'description': {'urls': []}},
                                  'favourites_count': 0,
                                  'follow_request_sent': None,
                                  'followers_count': 6,
                                  'following': None,
                                  'friends_count': 20,
                                  'geo_enabled': False,
                                  'has_extended_profile': True,
                                  'id': 1156621941161152512,
                                  'id_str': '1156621941161152512',
                                  'is_translation_enabled': False,
                                  'is_translator': False,
                                  'lang': None,
                                  'listed_count': 0,
                                  'location': '',
                                  'name': 'Brickcoin',
                                  'notifications': None,
                                  'profile_background_color': 'F5F8FA',
                                  'profile_background_image_url': None,
                                  'profile_background_image_url_https': None,
                                  'profile_background_tile': False,
                                  'profile_image_url': 'http://pbs.twimg.com/profile_images/1156623261653798913/EfddC_3Z_normal.jpg',
                                  'profile_image_url_https': 'https://pbs.twimg.com/profile_images/1156623261653798913/EfddC_3Z_normal.jpg',
                                  'profile_link_color': '1DA1F2',
                                  'profile_sidebar_border_color': 'C0DEED',
                                  'profile_sidebar_fill_color': 'DDEEF6',
                                  'profile_text_color': '333333',
                                  'profile_use_background_image': True,
                                  'protected': False,
                                  'screen_name': 'Brickcoin1',
                                  'statuses_count': 2,
                                  'time_zone': None,
                                  'translator_type': 'none',
                                  'url': None,
                                  'utc_offset': None,
                                  'verified': False}},
  'source': '<a href="http://twitter.com/#!/download/ipad" '
            'rel="nofollow">Twitter for iPad</a>',
  'text': 'RT @Brickcoin1: "The solution we propose begins with a timestamp '
          'server.... Each timestamp includes the previous timestamp in its '
          'hash, for…',
  'truncated': False,
  'user': { 'contributors_enabled': False,
            'created_at': 'Fri Apr 12 21:04:26 +0000 2013',
            'default_profile': True,
            'default_profile_image': False,
            'description': 'Magic Nerd Money❤️🤓💰 @VentureCurrency '
                           '@PublicStartup @GrantCrowd @Forensics_Inc '
                           '@Risk_Nerd @WeCluster @SimulationsCorp @CoAuthors '
                           '@ForDummies #cryptoeconomics',
            'entities': { 'description': {'urls': []},
                          'url': { 'urls': [ { 'display_url': 'keybase.io/jasoncoombsceo',
                                               'expanded_url': 'https://keybase.io/jasoncoombsceo',
                                               'indices': [0, 23],
                                               'url': 'https://t.co/eY9RYfFFrW'}]}},
            'favourites_count': 10104,
            'follow_request_sent': None,
            'followers_count': 1708,
            'following': None,
            'friends_count': 4991,
            'geo_enabled': False,
            'has_extended_profile': True,
            'id': 1347742987,
            'id_str': '1347742987',
            'is_translation_enabled': False,
            'is_translator': False,
            'lang': None,
            'listed_count': 354,
            'location': 'Redwood City, California',
            'name': 'JasonCoombs.CEO❤️🤓💰',
            'notifications': None,
            'profile_background_color': 'C0DEED',
            'profile_background_image_url': 'http://abs.twimg.com/images/themes/theme1/bg.png',
            'profile_background_image_url_https': 'https://abs.twimg.com/images/themes/theme1/bg.png',
            'profile_background_tile': False,
            'profile_banner_url': 'https://pbs.twimg.com/profile_banners/1347742987/1554259447',
            'profile_image_url': 'http://pbs.twimg.com/profile_images/378800000170140746/da4f4371fc1cfc9dda57e5f86a4cde6b_normal.jpeg',
            'profile_image_url_https': 'https://pbs.twimg.com/profile_images/378800000170140746/da4f4371fc1cfc9dda57e5f86a4cde6b_normal.jpeg',
            'profile_link_color': '1DA1F2',
            'profile_sidebar_border_color': 'C0DEED',
            'profile_sidebar_fill_color': 'DDEEF6',
            'profile_text_color': '333333',
            'profile_use_background_image': True,
            'protected': False,
            'screen_name': 'JasonCoombsCEO',
            'statuses_count': 11976,
            'time_zone': None,
            'translator_type': 'none',
            'url': 'https://t.co/eY9RYfFFrW',
            'utc_offset': None,
            'verified': False}}
----------Summary----------
{ 'entities': {},
  'id_str': '1156629828977582080',
  'retweeted_status': { 'entities': { 'urls': { 'display_url': 'twitter.com/i/web/status/1…',
                                                'expanded_url': 'https://twitter.com/i/web/status/1156625146020429824'}},
                        'id_str': '1156625146020429824',
                        'text': '"the solution we propose begins with a '
                                'timestamp server.... each timestamp includes '
                                'the previous timestamp in its h '
                                'https://t.co/dsssencor6',
                        'user': { 'entities': {},
                                  'id_str': '1156621941161152512',
                                  'twitter_user': 'Brickcoin1'}},
  'text': 'rt @brickcoin1: "the solution we propose begins with a timestamp '
          'server.... each timestamp includes the previous timestamp in its '
          'hash, for',
  'user': { 'entities': {},
            'id_str': '1347742987',
            'twitter_user': 'JasonCoombsCEO'}}
----------Groups----------
{ 'Bitcoin': ['bitcoin', 'Bitcoin', 'btc', 'satoshi nakamoto'],
  'Ethereum': ['ethereum', 'Ethereum', 'eth', 'vitalik buterin'],
  'Litecoin': ['litecoin', 'Litecoin', 'ltc', 'charles lee'],
  'Monero': ['monero', 'Monero', 'xmr', 'riccardo spagni'],
  'Ripple': [ 'ripple',
              'Ripple',
              'xrp',
              'xrapid',
              'xcurrent',
              'chris larsen',
              'jed mccaleb']}
---------------------------Fetch-------2019-07-31 15:54:26.739625: Tweet filed under "misc":----------Data----------
{ 'contributors': None,
  'coordinates': None,
  'created_at': 'Wed Jul 31 18:16:40 +0000 2019',
  'entities': { 'hashtags': [],
                'symbols': [],
                'urls': [],
                'user_mentions': [ { 'id': 1156621941161152512,
                                     'id_str': '1156621941161152512',
                                     'indices': [3, 14],
                                     'name': 'Brickcoin',
                                     'screen_name': 'Brickcoin1'}]},
  'favorite_count': 0,
  'favorited': False,
  'geo': None,
  'id': 1156629769301008384,
  'id_str': '1156629769301008384',
  'in_reply_to_screen_name': None,
  'in_reply_to_status_id': None,
  'in_reply_to_status_id_str': None,
  'in_reply_to_user_id': None,
  'in_reply_to_user_id_str': None,
  'is_quote_status': False,
  'lang': 'en',
  'metadata': {'iso_language_code': 'en', 'result_type': 'recent'},
  'place': None,
  'retweet_count': 5,
  'retweeted': False,
  'retweeted_status': { 'contributors': None,
                        'coordinates': None,
                        'created_at': 'Wed Jul 31 17:58:18 +0000 2019',
                        'entities': { 'hashtags': [],
                                      'symbols': [],
                                      'urls': [ { 'display_url': 'twitter.com/i/web/status/1…',
                                                  'expanded_url': 'https://twitter.com/i/web/status/1156625146020429824',
                                                  'indices': [117, 140],
                                                  'url': 'https://t.co/dSSseNCor6'}],
                                      'user_mentions': []},
                        'favorite_count': 12,
                        'favorited': False,
                        'geo': None,
                        'id': 1156625146020429824,
                        'id_str': '1156625146020429824',
                        'in_reply_to_screen_name': None,
                        'in_reply_to_status_id': None,
                        'in_reply_to_status_id_str': None,
                        'in_reply_to_user_id': None,
                        'in_reply_to_user_id_str': None,
                        'is_quote_status': False,
                        'lang': 'en',
                        'metadata': { 'iso_language_code': 'en',
                                      'result_type': 'recent'},
                        'place': None,
                        'possibly_sensitive': False,
                        'retweet_count': 5,
                        'retweeted': False,
                        'source': '<a href="https://mobile.twitter.com" '
                                  'rel="nofollow">Twitter Web App</a>',
                        'text': '"The solution we propose begins with a '
                                'timestamp server.... Each timestamp includes '
                                'the previous timestamp in its h… '
                                'https://t.co/dSSseNCor6',
                        'truncated': True,
                        'user': { 'contributors_enabled': False,
                                  'created_at': 'Wed Jul 31 17:45:34 +0000 '
                                                '2019',
                                  'default_profile': True,
                                  'default_profile_image': False,
                                  'description': 'Satoshi is a Lego Master '
                                                 'Builder.',
                                  'entities': {'description': {'urls': []}},
                                  'favourites_count': 0,
                                  'follow_request_sent': None,
                                  'followers_count': 6,
                                  'following': None,
                                  'friends_count': 20,
                                  'geo_enabled': False,
                                  'has_extended_profile': True,
                                  'id': 1156621941161152512,
                                  'id_str': '1156621941161152512',
                                  'is_translation_enabled': False,
                                  'is_translator': False,
                                  'lang': None,
                                  'listed_count': 0,
                                  'location': '',
                                  'name': 'Brickcoin',
                                  'notifications': None,
                                  'profile_background_color': 'F5F8FA',
                                  'profile_background_image_url': None,
                                  'profile_background_image_url_https': None,
                                  'profile_background_tile': False,
                                  'profile_image_url': 'http://pbs.twimg.com/profile_images/1156623261653798913/EfddC_3Z_normal.jpg',
                                  'profile_image_url_https': 'https://pbs.twimg.com/profile_images/1156623261653798913/EfddC_3Z_normal.jpg',
                                  'profile_link_color': '1DA1F2',
                                  'profile_sidebar_border_color': 'C0DEED',
                                  'profile_sidebar_fill_color': 'DDEEF6',
                                  'profile_text_color': '333333',
                                  'profile_use_background_image': True,
                                  'protected': False,
                                  'screen_name': 'Brickcoin1',
                                  'statuses_count': 2,
                                  'time_zone': None,
                                  'translator_type': 'none',
                                  'url': None,
                                  'utc_offset': None,
                                  'verified': False}},
  'source': '<a href="http://twitter.com/#!/download/ipad" '
            'rel="nofollow">Twitter for iPad</a>',
  'text': 'RT @Brickcoin1: "The solution we propose begins with a timestamp '
          'server.... Each timestamp includes the previous timestamp in its '
          'hash, for…',
  'truncated': False,
  'user': { 'contributors_enabled': False,
            'created_at': 'Tue Jun 05 01:39:56 +0000 2012',
            'default_profile': True,
            'default_profile_image': False,
            'description': 'A @PublicStartup #HedgeFund Founder: '
                           '@JasonCoombsCEO Investors: @EmilyCoombsCEO '
                           '@OceanCoombs Born: Whangarei, #NewZealand See '
                           'https://t.co/Kla11kSIJG',
            'entities': { 'description': { 'urls': [ { 'display_url': 'slideshare.net/JasonCoombs',
                                                       'expanded_url': 'https://slideshare.net/JasonCoombs',
                                                       'indices': [126, 149],
                                                       'url': 'https://t.co/Kla11kSIJG'}]},
                          'url': { 'urls': [ { 'display_url': 'risknerd.com',
                                               'expanded_url': 'https://www.risknerd.com',
                                               'indices': [0, 23],
                                               'url': 'https://t.co/MzQ7438ZeX'}]}},
            'favourites_count': 16761,
            'follow_request_sent': None,
            'followers_count': 661,
            'following': None,
            'friends_count': 2013,
            'geo_enabled': True,
            'has_extended_profile': False,
            'id': 599726650,
            'id_str': '599726650',
            'is_translation_enabled': False,
            'is_translator': False,
            'lang': None,
            'listed_count': 226,
            'location': 'New Zealand',
            'name': 'Risk Nerd Limited',
            'notifications': None,
            'profile_background_color': 'C0DEED',
            'profile_background_image_url': 'http://abs.twimg.com/images/themes/theme1/bg.png',
            'profile_background_image_url_https': 'https://abs.twimg.com/images/themes/theme1/bg.png',
            'profile_background_tile': False,
            'profile_image_url': 'http://pbs.twimg.com/profile_images/2699425024/6e54591eb9f2030d554f90b4a5963fc9_normal.png',
            'profile_image_url_https': 'https://pbs.twimg.com/profile_images/2699425024/6e54591eb9f2030d554f90b4a5963fc9_normal.png',
            'profile_link_color': '1DA1F2',
            'profile_sidebar_border_color': 'C0DEED',
            'profile_sidebar_fill_color': 'DDEEF6',
            'profile_text_color': '333333',
            'profile_use_background_image': True,
            'protected': False,
            'screen_name': 'Risk_Nerd',
            'statuses_count': 44271,
            'time_zone': None,
            'translator_type': 'none',
            'url': 'https://t.co/MzQ7438ZeX',
            'utc_offset': None,
            'verified': False}}
----------Summary----------
{ 'entities': {},
  'id_str': '1156629769301008384',
  'retweeted_status': { 'entities': { 'urls': { 'display_url': 'twitter.com/i/web/status/1…',
                                                'expanded_url': 'https://twitter.com/i/web/status/1156625146020429824'}},
                        'id_str': '1156625146020429824',
                        'text': '"the solution we propose begins with a '
                                'timestamp server.... each timestamp includes '
                                'the previous timestamp in its h '
                                'https://t.co/dsssencor6',
                        'user': { 'entities': {},
                                  'id_str': '1156621941161152512',
                                  'twitter_user': 'Brickcoin1'}},
  'text': 'rt @brickcoin1: "the solution we propose begins with a timestamp '
          'server.... each timestamp includes the previous timestamp in its '
          'hash, for',
  'user': {'entities': {}, 'id_str': '599726650', 'twitter_user': 'Risk_Nerd'}}
----------Groups----------
{ 'Bitcoin': ['bitcoin', 'Bitcoin', 'btc', 'satoshi nakamoto'],
  'Ethereum': ['ethereum', 'Ethereum', 'eth', 'vitalik buterin'],
  'Litecoin': ['litecoin', 'Litecoin', 'ltc', 'charles lee'],
  'Monero': ['monero', 'Monero', 'xmr', 'riccardo spagni'],
  'Ripple': [ 'ripple',
              'Ripple',
              'xrp',
              'xrapid',
              'xcurrent',
              'chris larsen',
              'jed mccaleb']}
---------------------------Fetch-------2019-07-31 15:54:27.137856: Tweet filed under "misc":----------Data----------
{ 'contributors': None,
  'coordinates': None,
  'created_at': 'Wed Jul 31 18:16:00 +0000 2019',
  'entities': { 'hashtags': [],
                'symbols': [],
                'urls': [],
                'user_mentions': [ { 'id': 1156621941161152512,
                                     'id_str': '1156621941161152512',
                                     'indices': [3, 14],
                                     'name': 'Brickcoin',
                                     'screen_name': 'Brickcoin1'}]},
  'favorite_count': 0,
  'favorited': False,
  'geo': None,
  'id': 1156629598697865216,
  'id_str': '1156629598697865216',
  'in_reply_to_screen_name': None,
  'in_reply_to_status_id': None,
  'in_reply_to_status_id_str': None,
  'in_reply_to_user_id': None,
  'in_reply_to_user_id_str': None,
  'is_quote_status': False,
  'lang': 'en',
  'metadata': {'iso_language_code': 'en', 'result_type': 'recent'},
  'place': None,
  'retweet_count': 5,
  'retweeted': False,
  'retweeted_status': { 'contributors': None,
                        'coordinates': None,
                        'created_at': 'Wed Jul 31 17:58:18 +0000 2019',
                        'entities': { 'hashtags': [],
                                      'symbols': [],
                                      'urls': [ { 'display_url': 'twitter.com/i/web/status/1…',
                                                  'expanded_url': 'https://twitter.com/i/web/status/1156625146020429824',
                                                  'indices': [117, 140],
                                                  'url': 'https://t.co/dSSseNCor6'}],
                                      'user_mentions': []},
                        'favorite_count': 12,
                        'favorited': False,
                        'geo': None,
                        'id': 1156625146020429824,
                        'id_str': '1156625146020429824',
                        'in_reply_to_screen_name': None,
                        'in_reply_to_status_id': None,
                        'in_reply_to_status_id_str': None,
                        'in_reply_to_user_id': None,
                        'in_reply_to_user_id_str': None,
                        'is_quote_status': False,
                        'lang': 'en',
                        'metadata': { 'iso_language_code': 'en',
                                      'result_type': 'recent'},
                        'place': None,
                        'possibly_sensitive': False,
                        'retweet_count': 5,
                        'retweeted': False,
                        'source': '<a href="https://mobile.twitter.com" '
                                  'rel="nofollow">Twitter Web App</a>',
                        'text': '"The solution we propose begins with a '
                                'timestamp server.... Each timestamp includes '
                                'the previous timestamp in its h… '
                                'https://t.co/dSSseNCor6',
                        'truncated': True,
                        'user': { 'contributors_enabled': False,
                                  'created_at': 'Wed Jul 31 17:45:34 +0000 '
                                                '2019',
                                  'default_profile': True,
                                  'default_profile_image': False,
                                  'description': 'Satoshi is a Lego Master '
                                                 'Builder.',
                                  'entities': {'description': {'urls': []}},
                                  'favourites_count': 0,
                                  'follow_request_sent': None,
                                  'followers_count': 6,
                                  'following': None,
                                  'friends_count': 20,
                                  'geo_enabled': False,
                                  'has_extended_profile': True,
                                  'id': 1156621941161152512,
                                  'id_str': '1156621941161152512',
                                  'is_translation_enabled': False,
                                  'is_translator': False,
                                  'lang': None,
                                  'listed_count': 0,
                                  'location': '',
                                  'name': 'Brickcoin',
                                  'notifications': None,
                                  'profile_background_color': 'F5F8FA',
                                  'profile_background_image_url': None,
                                  'profile_background_image_url_https': None,
                                  'profile_background_tile': False,
                                  'profile_image_url': 'http://pbs.twimg.com/profile_images/1156623261653798913/EfddC_3Z_normal.jpg',
                                  'profile_image_url_https': 'https://pbs.twimg.com/profile_images/1156623261653798913/EfddC_3Z_normal.jpg',
                                  'profile_link_color': '1DA1F2',
                                  'profile_sidebar_border_color': 'C0DEED',
                                  'profile_sidebar_fill_color': 'DDEEF6',
                                  'profile_text_color': '333333',
                                  'profile_use_background_image': True,
                                  'protected': False,
                                  'screen_name': 'Brickcoin1',
                                  'statuses_count': 2,
                                  'time_zone': None,
                                  'translator_type': 'none',
                                  'url': None,
                                  'utc_offset': None,
                                  'verified': False}},
  'source': '<a href="http://twitter.com/download/iphone" '
            'rel="nofollow">Twitter for iPhone</a>',
  'text': 'RT @Brickcoin1: "The solution we propose begins with a timestamp '
          'server.... Each timestamp includes the previous timestamp in its '
          'hash, for…',
  'truncated': False,
  'user': { 'contributors_enabled': False,
            'created_at': 'Sat Jan 14 14:52:08 +0000 2017',
            'default_profile': True,
            'default_profile_image': False,
            'description': 'Bitcoin and meat maximalist. President, '
                           '@NakamotoInst. Co-host, @NodedPodcast. Curator, '
                           'https://t.co/7cziFl4sU2',
            'entities': { 'description': { 'urls': [ { 'display_url': 'justmeat.co',
                                                       'expanded_url': 'http://justmeat.co',
                                                       'indices': [88, 111],
                                                       'url': 'https://t.co/7cziFl4sU2'}]},
                          'url': { 'urls': [ { 'display_url': 'bitstein.org',
                                               'expanded_url': 'https://bitstein.org',
                                               'indices': [0, 23],
                                               'url': 'https://t.co/WcPyjF8Hpv'}]}},
            'favourites_count': 30499,
            'follow_request_sent': None,
            'followers_count': 29315,
            'following': None,
            'friends_count': 1062,
            'geo_enabled': False,
            'has_extended_profile': False,
            'id': 820282353436200960,
            'id_str': '820282353436200960',
            'is_translation_enabled': False,
            'is_translator': False,
            'lang': None,
            'listed_count': 866,
            'location': 'Austin, TX',
            'name': 'Michael Goldstein',
            'notifications': None,
            'profile_background_color': 'F5F8FA',
            'profile_background_image_url': None,
            'profile_background_image_url_https': None,
            'profile_background_tile': False,
            'profile_banner_url': 'https://pbs.twimg.com/profile_banners/820282353436200960/1484408682',
            'profile_image_url': 'http://pbs.twimg.com/profile_images/1149887149183000577/f1UWeILj_normal.jpg',
            'profile_image_url_https': 'https://pbs.twimg.com/profile_images/1149887149183000577/f1UWeILj_normal.jpg',
            'profile_link_color': '1DA1F2',
            'profile_sidebar_border_color': 'C0DEED',
            'profile_sidebar_fill_color': 'DDEEF6',
            'profile_text_color': '333333',
            'profile_use_background_image': True,
            'protected': False,
            'screen_name': 'bitstein',
            'statuses_count': 14164,
            'time_zone': None,
            'translator_type': 'none',
            'url': 'https://t.co/WcPyjF8Hpv',
            'utc_offset': None,
            'verified': False}}
----------Summary----------
{ 'entities': {},
  'id_str': '1156629598697865216',
  'retweeted_status': { 'entities': { 'urls': { 'display_url': 'twitter.com/i/web/status/1…',
                                                'expanded_url': 'https://twitter.com/i/web/status/1156625146020429824'}},
                        'id_str': '1156625146020429824',
                        'text': '"the solution we propose begins with a '
                                'timestamp server.... each timestamp includes '
                                'the previous timestamp in its h '
                                'https://t.co/dsssencor6',
                        'user': { 'entities': {},
                                  'id_str': '1156621941161152512',
                                  'twitter_user': 'Brickcoin1'}},
  'text': 'rt @brickcoin1: "the solution we propose begins with a timestamp '
          'server.... each timestamp includes the previous timestamp in its '
          'hash, for',
  'user': { 'entities': {},
            'id_str': '820282353436200960',
            'twitter_user': 'bitstein'}}
----------Groups----------
{ 'Bitcoin': ['bitcoin', 'Bitcoin', 'btc', 'satoshi nakamoto'],
  'Ethereum': ['ethereum', 'Ethereum', 'eth', 'vitalik buterin'],
  'Litecoin': ['litecoin', 'Litecoin', 'ltc', 'charles lee'],
  'Monero': ['monero', 'Monero', 'xmr', 'riccardo spagni'],
  'Ripple': [ 'ripple',
              'Ripple',
              'xrp',
              'xrapid',
              'xcurrent',
              'chris larsen',
              'jed mccaleb']}
---------------------------Fetch-------2019-07-31 15:54:27.753900: Tweet filed under "misc":----------Data----------
{ 'contributors': None,
  'coordinates': None,
  'created_at': 'Wed Jul 31 18:03:22 +0000 2019',
  'entities': { 'hashtags': [],
                'symbols': [],
                'urls': [],
                'user_mentions': [ { 'id': 178903471,
                                     'id_str': '178903471',
                                     'indices': [3, 14],
                                     'name': 'Chris Pacia',
                                     'screen_name': 'ChrisPacia'}]},
  'favorite_count': 0,
  'favorited': False,
  'geo': None,
  'id': 1156626422129156103,
  'id_str': '1156626422129156103',
  'in_reply_to_screen_name': None,
  'in_reply_to_status_id': None,
  'in_reply_to_status_id_str': None,
  'in_reply_to_user_id': None,
  'in_reply_to_user_id_str': None,
  'is_quote_status': False,
  'lang': 'en',
  'metadata': {'iso_language_code': 'en', 'result_type': 'recent'},
  'place': None,
  'retweet_count': 2,
  'retweeted': False,
  'retweeted_status': { 'contributors': None,
                        'coordinates': None,
                        'created_at': 'Wed Jul 31 17:33:04 +0000 2019',
                        'entities': { 'hashtags': [],
                                      'symbols': [],
                                      'urls': [ { 'display_url': 'twitter.com/i/web/status/1…',
                                                  'expanded_url': 'https://twitter.com/i/web/status/1156618794795753473',
                                                  'indices': [116, 139],
                                                  'url': 'https://t.co/CLSvCTVDcC'}],
                                      'user_mentions': []},
                        'favorite_count': 21,
                        'favorited': False,
                        'geo': None,
                        'id': 1156618794795753473,
                        'id_str': '1156618794795753473',
                        'in_reply_to_screen_name': None,
                        'in_reply_to_status_id': None,
                        'in_reply_to_status_id_str': None,
                        'in_reply_to_user_id': None,
                        'in_reply_to_user_id_str': None,
                        'is_quote_status': False,
                        'lang': 'en',
                        'metadata': { 'iso_language_code': 'en',
                                      'result_type': 'recent'},
                        'place': None,
                        'possibly_sensitive': False,
                        'retweet_count': 2,
                        'retweeted': False,
                        'source': '<a '
                                  'href="http://twitter.com/download/android" '
                                  'rel="nofollow">Twitter for Android</a>',
                        'text': 'So Craig explicitly said he was chosing the '
                                'civil courts (and in particular his '
                                'defamation lawsuits) as his chosen… '
                                'https://t.co/CLSvCTVDcC',
                        'truncated': True,
                        'user': { 'contributors_enabled': False,
                                  'created_at': 'Mon Aug 16 00:32:28 +0000 '
                                                '2010',
                                  'default_profile': False,
                                  'default_profile_image': False,
                                  'description': 'Peace ☮ Love ♥ Free Markets '
                                                 '✌Lead backend dev for '
                                                 '@openbazaar',
                                  'entities': {'description': {'urls': []}},
                                  'favourites_count': 5431,
                                  'follow_request_sent': None,
                                  'followers_count': 5654,
                                  'following': None,
                                  'friends_count': 1681,
                                  'geo_enabled': True,
                                  'has_extended_profile': True,
                                  'id': 178903471,
                                  'id_str': '178903471',
                                  'is_translation_enabled': False,
                                  'is_translator': False,
                                  'lang': None,
                                  'listed_count': 211,
                                  'location': 'Manchester, NH',
                                  'name': 'Chris Pacia',
                                  'notifications': None,
                                  'profile_background_color': 'C0DEED',
                                  'profile_background_image_url': 'http://abs.twimg.com/images/themes/theme1/bg.png',
                                  'profile_background_image_url_https': 'https://abs.twimg.com/images/themes/theme1/bg.png',
                                  'profile_background_tile': True,
                                  'profile_banner_url': 'https://pbs.twimg.com/profile_banners/178903471/1351043528',
                                  'profile_image_url': 'http://pbs.twimg.com/profile_images/1772310954/me_killington_normal.jpg',
                                  'profile_image_url_https': 'https://pbs.twimg.com/profile_images/1772310954/me_killington_normal.jpg',
                                  'profile_link_color': '0084B4',
                                  'profile_sidebar_border_color': 'C0DEED',
                                  'profile_sidebar_fill_color': 'DDEEF6',
                                  'profile_text_color': '333333',
                                  'profile_use_background_image': True,
                                  'protected': False,
                                  'screen_name': 'ChrisPacia',
                                  'statuses_count': 15585,
                                  'time_zone': None,
                                  'translator_type': 'none',
                                  'url': None,
                                  'utc_offset': None,
                                  'verified': False}},
  'source': '<a href="https://mobile.twitter.com" rel="nofollow">Twitter Web '
            'App</a>',
  'text': 'RT @ChrisPacia: So Craig explicitly said he was chosing the civil '
          'courts (and in particular his defamation lawsuits) as his chosen '
          'forum to…',
  'truncated': False,
  'user': { 'contributors_enabled': False,
            'created_at': 'Sat Feb 16 03:49:22 +0000 2013',
            'default_profile': True,
            'default_profile_image': False,
            'description': 'ⓋⒶ☮✝🕊Libertarian/Voluntaryist/Anarchist. Tolerant '
                           'Christian fundamentalist. Happily married (to '
                           '@MarcosPrisca 💑👫_ homeschooling father of 8 kids! '
                           '#ProudNonVoter',
            'entities': {'description': {'urls': []}},
            'favourites_count': 67983,
            'follow_request_sent': None,
            'followers_count': 816,
            'following': None,
            'friends_count': 518,
            'geo_enabled': False,
            'has_extended_profile': False,
            'id': 1184566843,
            'id_str': '1184566843',
            'is_translation_enabled': False,
            'is_translator': False,
            'lang': None,
            'listed_count': 21,
            'location': '',
            'name': 'David',
            'notifications': None,
            'profile_background_color': 'C0DEED',
            'profile_background_image_url': 'http://abs.twimg.com/images/themes/theme1/bg.png',
            'profile_background_image_url_https': 'https://abs.twimg.com/images/themes/theme1/bg.png',
            'profile_background_tile': False,
            'profile_banner_url': 'https://pbs.twimg.com/profile_banners/1184566843/1476233855',
            'profile_image_url': 'http://pbs.twimg.com/profile_images/786007224317382656/IgSq2GSq_normal.jpg',
            'profile_image_url_https': 'https://pbs.twimg.com/profile_images/786007224317382656/IgSq2GSq_normal.jpg',
            'profile_link_color': '1DA1F2',
            'profile_sidebar_border_color': 'C0DEED',
            'profile_sidebar_fill_color': 'DDEEF6',
            'profile_text_color': '333333',
            'profile_use_background_image': True,
            'protected': False,
            'screen_name': 'WalterRothbard',
            'statuses_count': 43420,
            'time_zone': None,
            'translator_type': 'none',
            'url': None,
            'utc_offset': None,
            'verified': False}}
----------Summary----------
{ 'entities': {},
  'id_str': '1156626422129156103',
  'retweeted_status': { 'entities': { 'urls': { 'display_url': 'twitter.com/i/web/status/1…',
                                                'expanded_url': 'https://twitter.com/i/web/status/1156618794795753473'}},
                        'id_str': '1156618794795753473',
                        'text': 'so craig explicitly said he was chosing the '
                                'civil courts (and in particular his '
                                'defamation lawsuits) as his chosen '
                                'https://t.co/clsvctvdcc',
                        'user': { 'entities': {},
                                  'id_str': '178903471',
                                  'twitter_user': 'ChrisPacia'}},
  'text': 'rt @chrispacia: so craig explicitly said he was chosing the civil '
          'courts (and in particular his defamation lawsuits) as his chosen '
          'forum to',
  'user': { 'entities': {},
            'id_str': '1184566843',
            'twitter_user': 'WalterRothbard'}}
----------Groups----------
{ 'Bitcoin': ['bitcoin', 'Bitcoin', 'btc', 'satoshi nakamoto'],
  'Ethereum': ['ethereum', 'Ethereum', 'eth', 'vitalik buterin'],
  'Litecoin': ['litecoin', 'Litecoin', 'ltc', 'charles lee'],
  'Monero': ['monero', 'Monero', 'xmr', 'riccardo spagni'],
  'Ripple': [ 'ripple',
              'Ripple',
              'xrp',
              'xrapid',
              'xcurrent',
              'chris larsen',
              'jed mccaleb']}
---------------------------Fetch-------2019-07-31 15:54:28.574298: Tweet filed under "misc":----------Data----------
{ 'contributors': None,
  'coordinates': None,
  'created_at': 'Wed Jul 31 17:58:18 +0000 2019',
  'entities': { 'hashtags': [],
                'symbols': [],
                'urls': [ { 'display_url': 'twitter.com/i/web/status/1…',
                            'expanded_url': 'https://twitter.com/i/web/status/1156625146020429824',
                            'indices': [117, 140],
                            'url': 'https://t.co/dSSseNCor6'}],
                'user_mentions': []},
  'favorite_count': 12,
  'favorited': False,
  'geo': None,
  'id': 1156625146020429824,
  'id_str': '1156625146020429824',
  'in_reply_to_screen_name': None,
  'in_reply_to_status_id': None,
  'in_reply_to_status_id_str': None,
  'in_reply_to_user_id': None,
  'in_reply_to_user_id_str': None,
  'is_quote_status': False,
  'lang': 'en',
  'metadata': {'iso_language_code': 'en', 'result_type': 'recent'},
  'place': None,
  'possibly_sensitive': False,
  'retweet_count': 5,
  'retweeted': False,
  'source': '<a href="https://mobile.twitter.com" rel="nofollow">Twitter Web '
            'App</a>',
  'text': '"The solution we propose begins with a timestamp server.... Each '
          'timestamp includes the previous timestamp in its h… '
          'https://t.co/dSSseNCor6',
  'truncated': True,
  'user': { 'contributors_enabled': False,
            'created_at': 'Wed Jul 31 17:45:34 +0000 2019',
            'default_profile': True,
            'default_profile_image': False,
            'description': 'Satoshi is a Lego Master Builder.',
            'entities': {'description': {'urls': []}},
            'favourites_count': 0,
            'follow_request_sent': None,
            'followers_count': 6,
            'following': None,
            'friends_count': 20,
            'geo_enabled': False,
            'has_extended_profile': True,
            'id': 1156621941161152512,
            'id_str': '1156621941161152512',
            'is_translation_enabled': False,
            'is_translator': False,
            'lang': None,
            'listed_count': 0,
            'location': '',
            'name': 'Brickcoin',
            'notifications': None,
            'profile_background_color': 'F5F8FA',
            'profile_background_image_url': None,
            'profile_background_image_url_https': None,
            'profile_background_tile': False,
            'profile_image_url': 'http://pbs.twimg.com/profile_images/1156623261653798913/EfddC_3Z_normal.jpg',
            'profile_image_url_https': 'https://pbs.twimg.com/profile_images/1156623261653798913/EfddC_3Z_normal.jpg',
            'profile_link_color': '1DA1F2',
            'profile_sidebar_border_color': 'C0DEED',
            'profile_sidebar_fill_color': 'DDEEF6',
            'profile_text_color': '333333',
            'profile_use_background_image': True,
            'protected': False,
            'screen_name': 'Brickcoin1',
            'statuses_count': 2,
            'time_zone': None,
            'translator_type': 'none',
            'url': None,
            'utc_offset': None,
            'verified': False}}
----------Summary----------
{ 'entities': { 'urls': { 'display_url': 'twitter.com/i/web/status/1…',
                          'expanded_url': 'https://twitter.com/i/web/status/1156625146020429824'}},
  'id_str': '1156625146020429824',
  'text': '"the solution we propose begins with a timestamp server.... each '
          'timestamp includes the previous timestamp in its h '
          'https://t.co/dsssencor6',
  'user': { 'entities': {},
            'id_str': '1156621941161152512',
            'twitter_user': 'Brickcoin1'}}
----------Groups----------
{ 'Bitcoin': ['bitcoin', 'Bitcoin', 'btc', 'satoshi nakamoto'],
  'Ethereum': ['ethereum', 'Ethereum', 'eth', 'vitalik buterin'],
  'Litecoin': ['litecoin', 'Litecoin', 'ltc', 'charles lee'],
  'Monero': ['monero', 'Monero', 'xmr', 'riccardo spagni'],
  'Ripple': [ 'ripple',
              'Ripple',
              'xrp',
              'xrapid',
              'xcurrent',
              'chris larsen',
              'jed mccaleb']}
---------------------------Fetch-------2019-07-31 15:54:29.391412: Tweet filed under "misc":----------Data----------
{ 'contributors': None,
  'coordinates': None,
  'created_at': 'Wed Jul 31 17:51:10 +0000 2019',
  'entities': { 'hashtags': [],
                'symbols': [],
                'urls': [ { 'display_url': 'twitter.com/i/web/status/1…',
                            'expanded_url': 'https://twitter.com/i/web/status/1156623348840816640',
                            'indices': [117, 140],
                            'url': 'https://t.co/Tv6Kq7gUGA'}],
                'user_mentions': [ { 'id': 4826209539,
                                     'id_str': '4826209539',
                                     'indices': [0, 14],
                                     'name': 'vergecurrency',
                                     'screen_name': 'vergecurrency'},
                                   { 'id': 211630151,
                                     'id_str': '211630151',
                                     'indices': [49, 58],
                                     'name': 'MindGeek',
                                     'screen_name': 'mindgeek'},
                                   { 'id': 74466455,
                                     'id_str': '74466455',
                                     'indices': [65, 73],
                                     'name': 'Pornhub ARIA',
                                     'screen_name': 'Pornhub'}]},
  'favorite_count': 2,
  'favorited': False,
  'geo': None,
  'id': 1156623348840816640,
  'id_str': '1156623348840816640',
  'in_reply_to_screen_name': 'vergecurrency',
  'in_reply_to_status_id': None,
  'in_reply_to_status_id_str': None,
  'in_reply_to_user_id': 4826209539,
  'in_reply_to_user_id_str': '4826209539',
  'is_quote_status': True,
  'lang': 'en',
  'metadata': {'iso_language_code': 'en', 'result_type': 'recent'},
  'place': None,
  'possibly_sensitive': False,
  'quoted_status': { 'contributors': None,
                     'coordinates': None,
                     'created_at': 'Wed Jul 31 15:42:01 +0000 2019',
                     'entities': { 'hashtags': [],
                                   'symbols': [],
                                   'urls': [ { 'display_url': 'twitter.com/i/web/status/1…',
                                               'expanded_url': 'https://twitter.com/i/web/status/1156590848697651200',
                                               'indices': [117, 140],
                                               'url': 'https://t.co/eeT8V9wzim'}],
                                   'user_mentions': []},
                     'favorite_count': 23,
                     'favorited': False,
                     'geo': None,
                     'id': 1156590848697651200,
                     'id_str': '1156590848697651200',
                     'in_reply_to_screen_name': None,
                     'in_reply_to_status_id': None,
                     'in_reply_to_status_id_str': None,
                     'in_reply_to_user_id': None,
                     'in_reply_to_user_id_str': None,
                     'is_quote_status': False,
                     'lang': 'en',
                     'metadata': { 'iso_language_code': 'en',
                                   'result_type': 'recent'},
                     'place': None,
                     'possibly_sensitive': False,
                     'retweet_count': 11,
                     'retweeted': False,
                     'source': '<a href="https://mobile.twitter.com" '
                               'rel="nofollow">Twitter Web App</a>',
                     'text': 'Censorship resistant, pseudo-anonymous, '
                             'untraceable. These are the main characteristics '
                             'that make cryptocurrency an… '
                             'https://t.co/eeT8V9wzim',
                     'truncated': True,
                     'user': { 'contributors_enabled': False,
                               'created_at': 'Thu Nov 21 12:57:08 +0000 2013',
                               'default_profile': False,
                               'default_profile_image': False,
                               'description': 'High-tech finance, Bitcoin and '
                                              'blockchain news, analysis and '
                                              'review. Our Facebook page: '
                                              'https://t.co/gC6s0iSIUc',
                               'entities': { 'description': { 'urls': [ { 'display_url': 'facebook.com/cointelegraph',
                                                                          'expanded_url': 'http://facebook.com/cointelegraph',
                                                                          'indices': [ 88,
                                                                                       111],
                                                                          'url': 'https://t.co/gC6s0iSIUc'}]},
                                             'url': { 'urls': [ { 'display_url': 'cointelegraph.com',
                                                                  'expanded_url': 'https://cointelegraph.com/',
                                                                  'indices': [ 0,
                                                                               23],
                                                                  'url': 'https://t.co/Ye6IOMF7GW'}]}},
                               'favourites_count': 2905,
                               'follow_request_sent': None,
                               'followers_count': 467679,
                               'following': None,
                               'friends_count': 294,
                               'geo_enabled': False,
                               'has_extended_profile': False,
                               'id': 2207129125,
                               'id_str': '2207129125',
                               'is_translation_enabled': False,
                               'is_translator': False,
                               'lang': None,
                               'listed_count': 5341,
                               'location': '',
                               'name': 'Cointelegraph',
                               'notifications': None,
                               'profile_background_color': 'C0DEED',
                               'profile_background_image_url': 'http://abs.twimg.com/images/themes/theme1/bg.png',
                               'profile_background_image_url_https': 'https://abs.twimg.com/images/themes/theme1/bg.png',
                               'profile_background_tile': False,
                               'profile_banner_url': 'https://pbs.twimg.com/profile_banners/2207129125/1516724193',
                               'profile_image_url': 'http://pbs.twimg.com/profile_images/922892062462226432/9mNS0Jab_normal.jpg',
                               'profile_image_url_https': 'https://pbs.twimg.com/profile_images/922892062462226432/9mNS0Jab_normal.jpg',
                               'profile_link_color': 'FAB81E',
                               'profile_sidebar_border_color': 'FFFFFF',
                               'profile_sidebar_fill_color': 'DDEEF6',
                               'profile_text_color': '333333',
                               'profile_use_background_image': True,
                               'protected': False,
                               'screen_name': 'Cointelegraph',
                               'statuses_count': 24204,
                               'time_zone': None,
                               'translator_type': 'none',
                               'url': 'https://t.co/Ye6IOMF7GW',
                               'utc_offset': None,
                               'verified': False}},
  'quoted_status_id': 1156590848697651200,
  'quoted_status_id_str': '1156590848697651200',
  'retweet_count': 0,
  'retweeted': False,
  'source': '<a href="https://mobile.twitter.com" rel="nofollow">Twitter Web '
            'App</a>',
  'text': '@Vergecurrency\n'
          ' already made a partnership with \n'
          '@mindgeek\n'
          ' and \n'
          '@Pornhub\n'
          '. So I think the real cryptocurrency with… https://t.co/Tv6Kq7gUGA',
  'truncated': True,
  'user': { 'contributors_enabled': False,
            'created_at': 'Sun Jun 17 04:07:42 +0000 2012',
            'default_profile': False,
            'default_profile_image': False,
            'description': '',
            'entities': {'description': {'urls': []}},
            'favourites_count': 12437,
            'follow_request_sent': None,
            'followers_count': 182,
            'following': None,
            'friends_count': 214,
            'geo_enabled': False,
            'has_extended_profile': True,
            'id': 610493039,
            'id_str': '610493039',
            'is_translation_enabled': False,
            'is_translator': False,
            'lang': None,
            'listed_count': 0,
            'location': 'Karimnagar, India',
            'name': 'sravan lanka',
            'notifications': None,
            'profile_background_color': '000000',
            'profile_background_image_url': 'http://abs.twimg.com/images/themes/theme1/bg.png',
            'profile_background_image_url_https': 'https://abs.twimg.com/images/themes/theme1/bg.png',
            'profile_background_tile': False,
            'profile_image_url': 'http://pbs.twimg.com/profile_images/2315512508/tropical-storm-fay_normal.jpg',
            'profile_image_url_https': 'https://pbs.twimg.com/profile_images/2315512508/tropical-storm-fay_normal.jpg',
            'profile_link_color': 'FAB81E',
            'profile_sidebar_border_color': '000000',
            'profile_sidebar_fill_color': '000000',
            'profile_text_color': '000000',
            'profile_use_background_image': False,
            'protected': False,
            'screen_name': 'sravan_lanka',
            'statuses_count': 4829,
            'time_zone': None,
            'translator_type': 'none',
            'url': None,
            'utc_offset': None,
            'verified': False}}
----------Summary----------
{ 'entities': { 'urls': { 'display_url': 'twitter.com/i/web/status/1…',
                          'expanded_url': 'https://twitter.com/i/web/status/1156623348840816640'}},
  'id_str': '1156623348840816640',
  'quoted_status': { 'entities': { 'urls': { 'display_url': 'twitter.com/i/web/status/1…',
                                             'expanded_url': 'https://twitter.com/i/web/status/1156590848697651200'}},
                     'id_str': '1156590848697651200',
                     'text': 'censorship resistant, pseudo-anonymous, '
                             'untraceable. these are the main characteristics '
                             'that make cryptocurrency an '
                             'https://t.co/eet8v9wzim',
                     'user': { 'entities': {},
                               'id_str': '2207129125',
                               'twitter_user': 'Cointelegraph'}},
  'text': '@vergecurrency  already made a partnership with  @mindgeek  and  '
          '@pornhub . so i think the real cryptocurrency with '
          'https://t.co/tv6kq7guga',
  'user': { 'entities': {},
            'id_str': '610493039',
            'twitter_user': 'sravan_lanka'}}
----------Groups----------
{ 'Bitcoin': ['bitcoin', 'Bitcoin', 'btc', 'satoshi nakamoto'],
  'Ethereum': ['ethereum', 'Ethereum', 'eth', 'vitalik buterin'],
  'Litecoin': ['litecoin', 'Litecoin', 'ltc', 'charles lee'],
  'Monero': ['monero', 'Monero', 'xmr', 'riccardo spagni'],
  'Ripple': [ 'ripple',
              'Ripple',
              'xrp',
              'xrapid',
              'xcurrent',
              'chris larsen',
              'jed mccaleb']}
---------------------------Fetch-------2019-07-31 15:54:29.698901: Tweet filed under "misc":----------Data----------
{ 'contributors': None,
  'coordinates': None,
  'created_at': 'Wed Jul 31 17:49:10 +0000 2019',
  'entities': { 'hashtags': [],
                'symbols': [],
                'urls': [ { 'display_url': 'twitter.com/i/web/status/1…',
                            'expanded_url': 'https://twitter.com/i/web/status/1156622848279973888',
                            'indices': [117, 140],
                            'url': 'https://t.co/ctMoo7AVZr'}],
                'user_mentions': [ { 'id': 2207129125,
                                     'id_str': '2207129125',
                                     'indices': [0, 14],
                                     'name': 'Cointelegraph',
                                     'screen_name': 'Cointelegraph'},
                                   { 'id': 4826209539,
                                     'id_str': '4826209539',
                                     'indices': [15, 29],
                                     'name': 'vergecurrency',
                                     'screen_name': 'vergecurrency'},
                                   { 'id': 211630151,
                                     'id_str': '211630151',
                                     'indices': [62, 71],
                                     'name': 'MindGeek',
                                     'screen_name': 'mindgeek'},
                                   { 'id': 74466455,
                                     'id_str': '74466455',
                                     'indices': [76, 84],
                                     'name': 'Pornhub ARIA',
                                     'screen_name': 'Pornhub'}]},
  'favorite_count': 15,
  'favorited': False,
  'geo': None,
  'id': 1156622848279973888,
  'id_str': '1156622848279973888',
  'in_reply_to_screen_name': 'Cointelegraph',
  'in_reply_to_status_id': 1156590848697651200,
  'in_reply_to_status_id_str': '1156590848697651200',
  'in_reply_to_user_id': 2207129125,
  'in_reply_to_user_id_str': '2207129125',
  'is_quote_status': False,
  'lang': 'en',
  'metadata': {'iso_language_code': 'en', 'result_type': 'recent'},
  'place': None,
  'retweet_count': 2,
  'retweeted': False,
  'source': '<a href="https://mobile.twitter.com" rel="nofollow">Twitter Web '
            'App</a>',
  'text': '@Cointelegraph @Vergecurrency already made a partnership with '
          '@mindgeek and @Pornhub. So I think the real cryptocur… '
          'https://t.co/ctMoo7AVZr',
  'truncated': True,
  'user': { 'contributors_enabled': False,
            'created_at': 'Sun Jun 17 04:07:42 +0000 2012',
            'default_profile': False,
            'default_profile_image': False,
            'description': '',
            'entities': {'description': {'urls': []}},
            'favourites_count': 12437,
            'follow_request_sent': None,
            'followers_count': 182,
            'following': None,
            'friends_count': 214,
            'geo_enabled': False,
            'has_extended_profile': True,
            'id': 610493039,
            'id_str': '610493039',
            'is_translation_enabled': False,
            'is_translator': False,
            'lang': None,
            'listed_count': 0,
            'location': 'Karimnagar, India',
            'name': 'sravan lanka',
            'notifications': None,
            'profile_background_color': '000000',
            'profile_background_image_url': 'http://abs.twimg.com/images/themes/theme1/bg.png',
            'profile_background_image_url_https': 'https://abs.twimg.com/images/themes/theme1/bg.png',
            'profile_background_tile': False,
            'profile_image_url': 'http://pbs.twimg.com/profile_images/2315512508/tropical-storm-fay_normal.jpg',
            'profile_image_url_https': 'https://pbs.twimg.com/profile_images/2315512508/tropical-storm-fay_normal.jpg',
            'profile_link_color': 'FAB81E',
            'profile_sidebar_border_color': '000000',
            'profile_sidebar_fill_color': '000000',
            'profile_text_color': '000000',
            'profile_use_background_image': False,
            'protected': False,
            'screen_name': 'sravan_lanka',
            'statuses_count': 4829,
            'time_zone': None,
            'translator_type': 'none',
            'url': None,
            'utc_offset': None,
            'verified': False}}
----------Summary----------
{ 'entities': { 'urls': { 'display_url': 'twitter.com/i/web/status/1…',
                          'expanded_url': 'https://twitter.com/i/web/status/1156622848279973888'}},
  'id_str': '1156622848279973888',
  'text': '@cointelegraph @vergecurrency already made a partnership with '
          '@mindgeek and @pornhub. so i think the real cryptocur '
          'https://t.co/ctmoo7avzr',
  'user': { 'entities': {},
            'id_str': '610493039',
            'twitter_user': 'sravan_lanka'}}
----------Groups----------
{ 'Bitcoin': ['bitcoin', 'Bitcoin', 'btc', 'satoshi nakamoto'],
  'Ethereum': ['ethereum', 'Ethereum', 'eth', 'vitalik buterin'],
  'Litecoin': ['litecoin', 'Litecoin', 'ltc', 'charles lee'],
  'Monero': ['monero', 'Monero', 'xmr', 'riccardo spagni'],
  'Ripple': [ 'ripple',
              'Ripple',
              'xrp',
              'xrapid',
              'xcurrent',
              'chris larsen',
              'jed mccaleb']}
---------------------------Fetch-------2019-07-31 15:54:30.312121: Tweet filed under "misc":----------Data----------
{ 'contributors': None,
  'coordinates': None,
  'created_at': 'Wed Jul 31 17:42:34 +0000 2019',
  'entities': { 'hashtags': [],
                'symbols': [],
                'urls': [],
                'user_mentions': [ { 'id': 178903471,
                                     'id_str': '178903471',
                                     'indices': [3, 14],
                                     'name': 'Chris Pacia',
                                     'screen_name': 'ChrisPacia'}]},
  'favorite_count': 0,
  'favorited': False,
  'geo': None,
  'id': 1156621184856985600,
  'id_str': '1156621184856985600',
  'in_reply_to_screen_name': None,
  'in_reply_to_status_id': None,
  'in_reply_to_status_id_str': None,
  'in_reply_to_user_id': None,
  'in_reply_to_user_id_str': None,
  'is_quote_status': False,
  'lang': 'en',
  'metadata': {'iso_language_code': 'en', 'result_type': 'recent'},
  'place': None,
  'retweet_count': 2,
  'retweeted': False,
  'retweeted_status': { 'contributors': None,
                        'coordinates': None,
                        'created_at': 'Wed Jul 31 17:33:04 +0000 2019',
                        'entities': { 'hashtags': [],
                                      'symbols': [],
                                      'urls': [ { 'display_url': 'twitter.com/i/web/status/1…',
                                                  'expanded_url': 'https://twitter.com/i/web/status/1156618794795753473',
                                                  'indices': [116, 139],
                                                  'url': 'https://t.co/CLSvCTVDcC'}],
                                      'user_mentions': []},
                        'favorite_count': 21,
                        'favorited': False,
                        'geo': None,
                        'id': 1156618794795753473,
                        'id_str': '1156618794795753473',
                        'in_reply_to_screen_name': None,
                        'in_reply_to_status_id': None,
                        'in_reply_to_status_id_str': None,
                        'in_reply_to_user_id': None,
                        'in_reply_to_user_id_str': None,
                        'is_quote_status': False,
                        'lang': 'en',
                        'metadata': { 'iso_language_code': 'en',
                                      'result_type': 'recent'},
                        'place': None,
                        'possibly_sensitive': False,
                        'retweet_count': 2,
                        'retweeted': False,
                        'source': '<a '
                                  'href="http://twitter.com/download/android" '
                                  'rel="nofollow">Twitter for Android</a>',
                        'text': 'So Craig explicitly said he was chosing the '
                                'civil courts (and in particular his '
                                'defamation lawsuits) as his chosen… '
                                'https://t.co/CLSvCTVDcC',
                        'truncated': True,
                        'user': { 'contributors_enabled': False,
                                  'created_at': 'Mon Aug 16 00:32:28 +0000 '
                                                '2010',
                                  'default_profile': False,
                                  'default_profile_image': False,
                                  'description': 'Peace ☮ Love ♥ Free Markets '
                                                 '✌Lead backend dev for '
                                                 '@openbazaar',
                                  'entities': {'description': {'urls': []}},
                                  'favourites_count': 5431,
                                  'follow_request_sent': None,
                                  'followers_count': 5654,
                                  'following': None,
                                  'friends_count': 1681,
                                  'geo_enabled': True,
                                  'has_extended_profile': True,
                                  'id': 178903471,
                                  'id_str': '178903471',
                                  'is_translation_enabled': False,
                                  'is_translator': False,
                                  'lang': None,
                                  'listed_count': 211,
                                  'location': 'Manchester, NH',
                                  'name': 'Chris Pacia',
                                  'notifications': None,
                                  'profile_background_color': 'C0DEED',
                                  'profile_background_image_url': 'http://abs.twimg.com/images/themes/theme1/bg.png',
                                  'profile_background_image_url_https': 'https://abs.twimg.com/images/themes/theme1/bg.png',
                                  'profile_background_tile': True,
                                  'profile_banner_url': 'https://pbs.twimg.com/profile_banners/178903471/1351043528',
                                  'profile_image_url': 'http://pbs.twimg.com/profile_images/1772310954/me_killington_normal.jpg',
                                  'profile_image_url_https': 'https://pbs.twimg.com/profile_images/1772310954/me_killington_normal.jpg',
                                  'profile_link_color': '0084B4',
                                  'profile_sidebar_border_color': 'C0DEED',
                                  'profile_sidebar_fill_color': 'DDEEF6',
                                  'profile_text_color': '333333',
                                  'profile_use_background_image': True,
                                  'protected': False,
                                  'screen_name': 'ChrisPacia',
                                  'statuses_count': 15585,
                                  'time_zone': None,
                                  'translator_type': 'none',
                                  'url': None,
                                  'utc_offset': None,
                                  'verified': False}},
  'source': '<a href="https://mobile.twitter.com" rel="nofollow">Twitter Web '
            'App</a>',
  'text': 'RT @ChrisPacia: So Craig explicitly said he was chosing the civil '
          'courts (and in particular his defamation lawsuits) as his chosen '
          'forum to…',
  'truncated': False,
  'user': { 'contributors_enabled': False,
            'created_at': 'Mon Dec 06 01:26:12 +0000 2010',
            'default_profile': False,
            'default_profile_image': False,
            'description': 'Dev, writer, working to make #Bitcoin better with '
                           '@Bitcoincom. Founder of @Bitcoinxio which was '
                           'acquired by https://t.co/Jqtg9VCaG5. Formerly '
                           '@Blockchain, @Myspace.',
            'entities': { 'description': { 'urls': [ { 'display_url': 'Bitcoin.com',
                                                       'expanded_url': 'http://Bitcoin.com',
                                                       'indices': [108, 131],
                                                       'url': 'https://t.co/Jqtg9VCaG5'}]},
                          'url': { 'urls': [ { 'display_url': 'bitcoin.com',
                                               'expanded_url': 'https://bitcoin.com',
                                               'indices': [0, 23],
                                               'url': 'https://t.co/0JQyAWmPna'}]}},
            'favourites_count': 21560,
            'follow_request_sent': None,
            'followers_count': 7945,
            'following': None,
            'friends_count': 1067,
            'geo_enabled': False,
            'has_extended_profile': False,
            'id': 223315248,
            'id_str': '223315248',
            'is_translation_enabled': False,
            'is_translator': False,
            'lang': None,
            'listed_count': 216,
            'location': 'Washington, DC',
            'name': 'David Shares',
            'notifications': None,
            'profile_background_color': '131516',
            'profile_background_image_url': 'http://abs.twimg.com/images/themes/theme14/bg.gif',
            'profile_background_image_url_https': 'https://abs.twimg.com/images/themes/theme14/bg.gif',
            'profile_background_tile': True,
            'profile_banner_url': 'https://pbs.twimg.com/profile_banners/223315248/1548695725',
            'profile_image_url': 'http://pbs.twimg.com/profile_images/1120889208909045761/u00fRfUg_normal.jpg',
            'profile_image_url_https': 'https://pbs.twimg.com/profile_images/1120889208909045761/u00fRfUg_normal.jpg',
            'profile_link_color': '333438',
            'profile_sidebar_border_color': '000000',
            'profile_sidebar_fill_color': 'EFEFEF',
            'profile_text_color': '333333',
            'profile_use_background_image': True,
            'protected': False,
            'screen_name': 'DavidShares',
            'statuses_count': 15929,
            'time_zone': None,
            'translator_type': 'regular',
            'url': 'https://t.co/0JQyAWmPna',
            'utc_offset': None,
            'verified': False}}
----------Summary----------
{ 'entities': {},
  'id_str': '1156621184856985600',
  'retweeted_status': { 'entities': { 'urls': { 'display_url': 'twitter.com/i/web/status/1…',
                                                'expanded_url': 'https://twitter.com/i/web/status/1156618794795753473'}},
                        'id_str': '1156618794795753473',
                        'text': 'so craig explicitly said he was chosing the '
                                'civil courts (and in particular his '
                                'defamation lawsuits) as his chosen '
                                'https://t.co/clsvctvdcc',
                        'user': { 'entities': {},
                                  'id_str': '178903471',
                                  'twitter_user': 'ChrisPacia'}},
  'text': 'rt @chrispacia: so craig explicitly said he was chosing the civil '
          'courts (and in particular his defamation lawsuits) as his chosen '
          'forum to',
  'user': { 'entities': {},
            'id_str': '223315248',
            'twitter_user': 'DavidShares'}}
----------Groups----------
{ 'Bitcoin': ['bitcoin', 'Bitcoin', 'btc', 'satoshi nakamoto'],
  'Ethereum': ['ethereum', 'Ethereum', 'eth', 'vitalik buterin'],
  'Litecoin': ['litecoin', 'Litecoin', 'ltc', 'charles lee'],
  'Monero': ['monero', 'Monero', 'xmr', 'riccardo spagni'],
  'Ripple': [ 'ripple',
              'Ripple',
              'xrp',
              'xrapid',
              'xcurrent',
              'chris larsen',
              'jed mccaleb']}
---------------------------Fetch-------2019-07-31 15:54:30.858270: Tweet filed under "misc":----------Data----------
{ 'contributors': None,
  'coordinates': None,
  'created_at': 'Wed Jul 31 17:36:48 +0000 2019',
  'entities': { 'hashtags': [],
                'symbols': [],
                'urls': [ { 'display_url': 'twitter.com/i/web/status/1…',
                            'expanded_url': 'https://twitter.com/i/web/status/1156619736228216832',
                            'indices': [117, 140],
                            'url': 'https://t.co/9wOTT6SsHg'}],
                'user_mentions': []},
  'favorite_count': 7,
  'favorited': False,
  'geo': None,
  'id': 1156619736228216832,
  'id_str': '1156619736228216832',
  'in_reply_to_screen_name': 'BOMBXio',
  'in_reply_to_status_id': 1156619735141949440,
  'in_reply_to_status_id_str': '1156619735141949440',
  'in_reply_to_user_id': 1149730478586511361,
  'in_reply_to_user_id_str': '1149730478586511361',
  'is_quote_status': False,
  'lang': 'en',
  'metadata': {'iso_language_code': 'en', 'result_type': 'recent'},
  'place': None,
  'retweet_count': 1,
  'retweeted': False,
  'source': '<a href="https://mobile.twitter.com" rel="nofollow">Twitter Web '
            'App</a>',
  'text': '3/ There was only an idea, the execution of that idea, and the '
          'subsequent creation of value into the world. The \n'
          'Bi… https://t.co/9wOTT6SsHg',
  'truncated': True,
  'user': { 'contributors_enabled': False,
            'created_at': 'Fri Jul 12 17:21:21 +0000 2019',
            'default_profile': False,
            'default_profile_image': False,
            'description': 'Launching ideas into the decentralized world.\n'
                           '$XIO',
            'entities': { 'description': {'urls': []},
                          'url': { 'urls': [ { 'display_url': 'bombx.io',
                                               'expanded_url': 'https://bombx.io/',
                                               'indices': [0, 23],
                                               'url': 'https://t.co/lJK4FbiRrv'}]}},
            'favourites_count': 220,
            'follow_request_sent': None,
            'followers_count': 444,
            'following': None,
            'friends_count': 8,
            'geo_enabled': False,
            'has_extended_profile': False,
            'id': 1149730478586511361,
            'id_str': '1149730478586511361',
            'is_translation_enabled': False,
            'is_translator': False,
            'lang': None,
            'listed_count': 1,
            'location': '',
            'name': 'BOMBX',
            'notifications': None,
            'profile_background_color': '000000',
            'profile_background_image_url': 'http://abs.twimg.com/images/themes/theme1/bg.png',
            'profile_background_image_url_https': 'https://abs.twimg.com/images/themes/theme1/bg.png',
            'profile_background_tile': False,
            'profile_banner_url': 'https://pbs.twimg.com/profile_banners/1149730478586511361/1563164644',
            'profile_image_url': 'http://pbs.twimg.com/profile_images/1150621526280101888/tvXNjFX1_normal.png',
            'profile_image_url_https': 'https://pbs.twimg.com/profile_images/1150621526280101888/tvXNjFX1_normal.png',
            'profile_link_color': '000000',
            'profile_sidebar_border_color': '000000',
            'profile_sidebar_fill_color': '000000',
            'profile_text_color': '000000',
            'profile_use_background_image': False,
            'protected': False,
            'screen_name': 'BOMBXio',
            'statuses_count': 32,
            'time_zone': None,
            'translator_type': 'none',
            'url': 'https://t.co/lJK4FbiRrv',
            'utc_offset': None,
            'verified': False}}
----------Summary----------
{ 'entities': { 'urls': { 'display_url': 'twitter.com/i/web/status/1…',
                          'expanded_url': 'https://twitter.com/i/web/status/1156619736228216832'}},
  'id_str': '1156619736228216832',
  'text': '3/ there was only an idea, the execution of that idea, and the '
          'subsequent creation of value into the world. the  bi '
          'https://t.co/9wott6sshg',
  'user': { 'entities': {},
            'id_str': '1149730478586511361',
            'twitter_user': 'BOMBXio'}}
----------Groups----------
{ 'Bitcoin': ['bitcoin', 'Bitcoin', 'btc', 'satoshi nakamoto'],
  'Ethereum': ['ethereum', 'Ethereum', 'eth', 'vitalik buterin'],
  'Litecoin': ['litecoin', 'Litecoin', 'ltc', 'charles lee'],
  'Monero': ['monero', 'Monero', 'xmr', 'riccardo spagni'],
  'Ripple': [ 'ripple',
              'Ripple',
              'xrp',
              'xrapid',
              'xcurrent',
              'chris larsen',
              'jed mccaleb']}
---------------------------Fetch-------2019-07-31 15:54:31.129134: Tweet filed under "misc":----------Data----------
{ 'contributors': None,
  'coordinates': None,
  'created_at': 'Wed Jul 31 17:33:04 +0000 2019',
  'entities': { 'hashtags': [],
                'symbols': [],
                'urls': [ { 'display_url': 'twitter.com/i/web/status/1…',
                            'expanded_url': 'https://twitter.com/i/web/status/1156618794795753473',
                            'indices': [116, 139],
                            'url': 'https://t.co/CLSvCTVDcC'}],
                'user_mentions': []},
  'favorite_count': 21,
  'favorited': False,
  'geo': None,
  'id': 1156618794795753473,
  'id_str': '1156618794795753473',
  'in_reply_to_screen_name': None,
  'in_reply_to_status_id': None,
  'in_reply_to_status_id_str': None,
  'in_reply_to_user_id': None,
  'in_reply_to_user_id_str': None,
  'is_quote_status': False,
  'lang': 'en',
  'metadata': {'iso_language_code': 'en', 'result_type': 'recent'},
  'place': None,
  'possibly_sensitive': False,
  'retweet_count': 2,
  'retweeted': False,
  'source': '<a href="http://twitter.com/download/android" '
            'rel="nofollow">Twitter for Android</a>',
  'text': 'So Craig explicitly said he was chosing the civil courts (and in '
          'particular his defamation lawsuits) as his chosen… '
          'https://t.co/CLSvCTVDcC',
  'truncated': True,
  'user': { 'contributors_enabled': False,
            'created_at': 'Mon Aug 16 00:32:28 +0000 2010',
            'default_profile': False,
            'default_profile_image': False,
            'description': 'Peace ☮ Love ♥ Free Markets ✌Lead backend dev for '
                           '@openbazaar',
            'entities': {'description': {'urls': []}},
            'favourites_count': 5431,
            'follow_request_sent': None,
            'followers_count': 5654,
            'following': None,
            'friends_count': 1681,
            'geo_enabled': True,
            'has_extended_profile': True,
            'id': 178903471,
            'id_str': '178903471',
            'is_translation_enabled': False,
            'is_translator': False,
            'lang': None,
            'listed_count': 211,
            'location': 'Manchester, NH',
            'name': 'Chris Pacia',
            'notifications': None,
            'profile_background_color': 'C0DEED',
            'profile_background_image_url': 'http://abs.twimg.com/images/themes/theme1/bg.png',
            'profile_background_image_url_https': 'https://abs.twimg.com/images/themes/theme1/bg.png',
            'profile_background_tile': True,
            'profile_banner_url': 'https://pbs.twimg.com/profile_banners/178903471/1351043528',
            'profile_image_url': 'http://pbs.twimg.com/profile_images/1772310954/me_killington_normal.jpg',
            'profile_image_url_https': 'https://pbs.twimg.com/profile_images/1772310954/me_killington_normal.jpg',
            'profile_link_color': '0084B4',
            'profile_sidebar_border_color': 'C0DEED',
            'profile_sidebar_fill_color': 'DDEEF6',
            'profile_text_color': '333333',
            'profile_use_background_image': True,
            'protected': False,
            'screen_name': 'ChrisPacia',
            'statuses_count': 15585,
            'time_zone': None,
            'translator_type': 'none',
            'url': None,
            'utc_offset': None,
            'verified': False}}
----------Summary----------
{ 'entities': { 'urls': { 'display_url': 'twitter.com/i/web/status/1…',
                          'expanded_url': 'https://twitter.com/i/web/status/1156618794795753473'}},
  'id_str': '1156618794795753473',
  'text': 'so craig explicitly said he was chosing the civil courts (and in '
          'particular his defamation lawsuits) as his chosen '
          'https://t.co/clsvctvdcc',
  'user': {'entities': {}, 'id_str': '178903471', 'twitter_user': 'ChrisPacia'}}
----------Groups----------
{ 'Bitcoin': ['bitcoin', 'Bitcoin', 'btc', 'satoshi nakamoto'],
  'Ethereum': ['ethereum', 'Ethereum', 'eth', 'vitalik buterin'],
  'Litecoin': ['litecoin', 'Litecoin', 'ltc', 'charles lee'],
  'Monero': ['monero', 'Monero', 'xmr', 'riccardo spagni'],
  'Ripple': [ 'ripple',
              'Ripple',
              'xrp',
              'xrapid',
              'xcurrent',
              'chris larsen',
              'jed mccaleb']}
---------------------------Fetch-------2019-07-31 15:54:31.974108: Tweet filed under "misc":----------Data----------
{ 'contributors': None,
  'coordinates': None,
  'created_at': 'Wed Jul 31 17:20:36 +0000 2019',
  'entities': { 'hashtags': [ {'indices': [0, 12], 'text': 'craigwright'},
                              {'indices': [89, 93], 'text': 'BSV'}],
                'symbols': [],
                'urls': [ { 'display_url': 'twitter.com/i/web/status/1…',
                            'expanded_url': 'https://twitter.com/i/web/status/1156615659515547649',
                            'indices': [117, 140],
                            'url': 'https://t.co/qBuGrksj5W'}],
                'user_mentions': []},
  'favorite_count': 1,
  'favorited': False,
  'geo': None,
  'id': 1156615659515547649,
  'id_str': '1156615659515547649',
  'in_reply_to_screen_name': None,
  'in_reply_to_status_id': None,
  'in_reply_to_status_id_str': None,
  'in_reply_to_user_id': None,
  'in_reply_to_user_id_str': None,
  'is_quote_status': False,
  'lang': 'en',
  'metadata': {'iso_language_code': 'en', 'result_type': 'recent'},
  'place': None,
  'possibly_sensitive': False,
  'retweet_count': 0,
  'retweeted': False,
  'source': '<a href="https://mobile.twitter.com" rel="nofollow">Twitter Web '
            'App</a>',
  'text': '#craigwright stop lying.  Stop changing your promises!\n'
          'What happened to telling all your #BSV supporters in January… '
          'https://t.co/qBuGrksj5W',
  'truncated': True,
  'user': { 'contributors_enabled': False,
            'created_at': 'Wed Mar 23 14:28:03 +0000 2016',
            'default_profile': True,
            'default_profile_image': False,
            'description': '#bitcoin & #blockchain took over my life very '
                           'early on. Twitter came much later. All money from '
                           'all investments goes into #crypto. Run a crypto '
                           'group of noobs',
            'entities': {'description': {'urls': []}},
            'favourites_count': 4,
            'follow_request_sent': None,
            'followers_count': 153,
            'following': None,
            'friends_count': 87,
            'geo_enabled': False,
            'has_extended_profile': False,
            'id': 712647100606124032,
            'id_str': '712647100606124032',
            'is_translation_enabled': False,
            'is_translator': False,
            'lang': None,
            'listed_count': 2,
            'location': 'Rollercoaster, Blockchain City',
            'name': 'Mr. Dobalina',
            'notifications': None,
            'profile_background_color': 'F5F8FA',
            'profile_background_image_url': None,
            'profile_background_image_url_https': None,
            'profile_background_tile': False,
            'profile_banner_url': 'https://pbs.twimg.com/profile_banners/712647100606124032/1564189012',
            'profile_image_url': 'http://pbs.twimg.com/profile_images/1154918538118778880/luBaRU5c_normal.jpg',
            'profile_image_url_https': 'https://pbs.twimg.com/profile_images/1154918538118778880/luBaRU5c_normal.jpg',
            'profile_link_color': '1DA1F2',
            'profile_sidebar_border_color': 'C0DEED',
            'profile_sidebar_fill_color': 'DDEEF6',
            'profile_text_color': '333333',
            'profile_use_background_image': True,
            'protected': False,
            'screen_name': 'bukshukalaka',
            'statuses_count': 4406,
            'time_zone': None,
            'translator_type': 'none',
            'url': None,
            'utc_offset': None,
            'verified': False}}
----------Summary----------
{ 'entities': { 'urls': { 'display_url': 'twitter.com/i/web/status/1…',
                          'expanded_url': 'https://twitter.com/i/web/status/1156615659515547649'}},
  'id_str': '1156615659515547649',
  'text': '#craigwright stop lying.  stop changing your promises! what '
          'happened to telling all your #bsv supporters in january '
          'https://t.co/qbugrksj5w',
  'user': { 'entities': {},
            'id_str': '712647100606124032',
            'twitter_user': 'bukshukalaka'}}
----------Groups----------
{ 'Bitcoin': ['bitcoin', 'Bitcoin', 'btc', 'satoshi nakamoto'],
  'Ethereum': ['ethereum', 'Ethereum', 'eth', 'vitalik buterin'],
  'Litecoin': ['litecoin', 'Litecoin', 'ltc', 'charles lee'],
  'Monero': ['monero', 'Monero', 'xmr', 'riccardo spagni'],
  'Ripple': [ 'ripple',
              'Ripple',
              'xrp',
              'xrapid',
              'xcurrent',
              'chris larsen',
              'jed mccaleb']}
---------------------------Fetch-------2019-07-31 15:54:33.076581: Tweet filed under "misc":----------Data----------
{ 'contributors': None,
  'coordinates': None,
  'created_at': 'Wed Jul 31 16:45:42 +0000 2019',
  'entities': { 'hashtags': [],
                'symbols': [],
                'urls': [ { 'display_url': 'twitter.com/i/web/status/1…',
                            'expanded_url': 'https://twitter.com/i/web/status/1156606873631711232',
                            'indices': [116, 139],
                            'url': 'https://t.co/fwnc1auG36'}],
                'user_mentions': []},
  'favorite_count': 0,
  'favorited': False,
  'geo': None,
  'id': 1156606873631711232,
  'id_str': '1156606873631711232',
  'in_reply_to_screen_name': None,
  'in_reply_to_status_id': None,
  'in_reply_to_status_id_str': None,
  'in_reply_to_user_id': None,
  'in_reply_to_user_id_str': None,
  'is_quote_status': False,
  'lang': 'en',
  'metadata': {'iso_language_code': 'en', 'result_type': 'recent'},
  'place': None,
  'possibly_sensitive': False,
  'retweet_count': 0,
  'retweeted': False,
  'source': '<a href="https://mobile.twitter.com" rel="nofollow">Twitter Web '
            'App</a>',
  'text': 'Law of Time 441 Time Cube "A clock does not measure time. "A clock '
          'measures increments of space which projected as… '
          'https://t.co/fwnc1auG36',
  'truncated': True,
  'user': { 'contributors_enabled': False,
            'created_at': 'Sat Apr 11 14:05:47 +0000 2009',
            'default_profile': False,
            'default_profile_image': False,
            'description': 'http://t.co/fpduPvt13s',
            'entities': { 'description': { 'urls': [ { 'display_url': 'sawconcepts.com/index',
                                                       'expanded_url': 'http://sawconcepts.com/index',
                                                       'indices': [0, 22],
                                                       'url': 'http://t.co/fpduPvt13s'}]}},
            'favourites_count': 159,
            'follow_request_sent': None,
            'followers_count': 1707,
            'following': None,
            'friends_count': 3503,
            'geo_enabled': True,
            'has_extended_profile': True,
            'id': 30452090,
            'id_str': '30452090',
            'is_translation_enabled': False,
            'is_translator': False,
            'lang': None,
            'listed_count': 177,
            'location': 'Midlothian, VA',
            'name': 'Eco_Econ_Heartbeat',
            'notifications': None,
            'profile_background_color': '0099B9',
            'profile_background_image_url': 'http://abs.twimg.com/images/themes/theme4/bg.gif',
            'profile_background_image_url_https': 'https://abs.twimg.com/images/themes/theme4/bg.gif',
            'profile_background_tile': False,
            'profile_banner_url': 'https://pbs.twimg.com/profile_banners/30452090/1555789397',
            'profile_image_url': 'http://pbs.twimg.com/profile_images/1146733274196303872/9rne_LAn_normal.jpg',
            'profile_image_url_https': 'https://pbs.twimg.com/profile_images/1146733274196303872/9rne_LAn_normal.jpg',
            'profile_link_color': 'E81C4F',
            'profile_sidebar_border_color': 'FFFFFF',
            'profile_sidebar_fill_color': '95E8EC',
            'profile_text_color': '3C3940',
            'profile_use_background_image': True,
            'protected': False,
            'screen_name': 'Heart_Beacon',
            'statuses_count': 9485,
            'time_zone': None,
            'translator_type': 'none',
            'url': None,
            'utc_offset': None,
            'verified': False}}
----------Summary----------
{ 'entities': { 'urls': { 'display_url': 'twitter.com/i/web/status/1…',
                          'expanded_url': 'https://twitter.com/i/web/status/1156606873631711232'}},
  'id_str': '1156606873631711232',
  'text': 'law of time 441 time cube "a clock does not measure time. "a clock '
          'measures increments of space which projected as '
          'https://t.co/fwnc1aug36',
  'user': { 'entities': {},
            'id_str': '30452090',
            'twitter_user': 'Heart_Beacon'}}
----------Groups----------
{ 'Bitcoin': ['bitcoin', 'Bitcoin', 'btc', 'satoshi nakamoto'],
  'Ethereum': ['ethereum', 'Ethereum', 'eth', 'vitalik buterin'],
  'Litecoin': ['litecoin', 'Litecoin', 'ltc', 'charles lee'],
  'Monero': ['monero', 'Monero', 'xmr', 'riccardo spagni'],
  'Ripple': [ 'ripple',
              'Ripple',
              'xrp',
              'xrapid',
              'xcurrent',
              'chris larsen',
              'jed mccaleb']}
---------------------------Fetch-------2019-07-31 15:54:33.691368: Tweet filed under "misc":----------Data----------
{ 'contributors': None,
  'coordinates': None,
  'created_at': 'Wed Jul 31 16:37:43 +0000 2019',
  'entities': { 'hashtags': [],
                'symbols': [],
                'urls': [],
                'user_mentions': [ { 'id': 604177938,
                                     'id_str': '604177938',
                                     'indices': [3, 19],
                                     'name': 'Bleeding Crypto',
                                     'screen_name': 'Bleeding_Crypto'}]},
  'favorite_count': 0,
  'favorited': False,
  'geo': None,
  'id': 1156604865293897728,
  'id_str': '1156604865293897728',
  'in_reply_to_screen_name': None,
  'in_reply_to_status_id': None,
  'in_reply_to_status_id_str': None,
  'in_reply_to_user_id': None,
  'in_reply_to_user_id_str': None,
  'is_quote_status': False,
  'lang': 'en',
  'metadata': {'iso_language_code': 'en', 'result_type': 'recent'},
  'place': None,
  'retweet_count': 5,
  'retweeted': False,
  'retweeted_status': { 'contributors': None,
                        'coordinates': None,
                        'created_at': 'Wed Jul 31 15:09:17 +0000 2019',
                        'entities': { 'hashtags': [],
                                      'symbols': [],
                                      'urls': [ { 'display_url': 'twitter.com/i/web/status/1…',
                                                  'expanded_url': 'https://twitter.com/i/web/status/1156582612925845504',
                                                  'indices': [117, 140],
                                                  'url': 'https://t.co/kuPXjV2rIi'}],
                                      'user_mentions': []},
                        'favorite_count': 52,
                        'favorited': False,
                        'geo': None,
                        'id': 1156582612925845504,
                        'id_str': '1156582612925845504',
                        'in_reply_to_screen_name': None,
                        'in_reply_to_status_id': None,
                        'in_reply_to_status_id_str': None,
                        'in_reply_to_user_id': None,
                        'in_reply_to_user_id_str': None,
                        'is_quote_status': False,
                        'lang': 'en',
                        'metadata': { 'iso_language_code': 'en',
                                      'result_type': 'recent'},
                        'place': None,
                        'possibly_sensitive': False,
                        'retweet_count': 5,
                        'retweeted': False,
                        'source': '<a href="http://twitter.com" '
                                  'rel="nofollow">Twitter Web Client</a>',
                        'text': 'For all you new people in this space. This '
                                'guy is such a fucking joke. He is a complete '
                                'FRAUD. You have been warned… '
                                'https://t.co/kuPXjV2rIi',
                        'truncated': True,
                        'user': { 'contributors_enabled': False,
                                  'created_at': 'Sun Jun 10 02:01:00 +0000 '
                                                '2012',
                                  'default_profile': True,
                                  'default_profile_image': False,
                                  'description': 'This is not financial '
                                                 'advice. I am not a financial '
                                                 'advisor. Check out my '
                                                 'website @ '
                                                 'https://t.co/YSRrwPlh9h\n'
                                                 'Coinigy\n'
                                                 'https://t.co/NynDPNO4Ac',
                                  'entities': { 'description': { 'urls': [ { 'display_url': 'bleedingcrypto.com',
                                                                             'expanded_url': 'http://www.bleedingcrypto.com',
                                                                             'indices': [ 83,
                                                                                          106],
                                                                             'url': 'https://t.co/YSRrwPlh9h'},
                                                                           { 'display_url': 'coinigy.com/?r=ad1ce1e2',
                                                                             'expanded_url': 'https://www.coinigy.com/?r=ad1ce1e2',
                                                                             'indices': [ 115,
                                                                                          138],
                                                                             'url': 'https://t.co/NynDPNO4Ac'}]}},
                                  'favourites_count': 48282,
                                  'follow_request_sent': None,
                                  'followers_count': 39104,
                                  'following': None,
                                  'friends_count': 669,
                                  'geo_enabled': True,
                                  'has_extended_profile': True,
                                  'id': 604177938,
                                  'id_str': '604177938',
                                  'is_translation_enabled': False,
                                  'is_translator': False,
                                  'lang': None,
                                  'listed_count': 559,
                                  'location': 'Moon',
                                  'name': 'Bleeding Crypto',
                                  'notifications': None,
                                  'profile_background_color': 'C0DEED',
                                  'profile_background_image_url': 'http://abs.twimg.com/images/themes/theme1/bg.png',
                                  'profile_background_image_url_https': 'https://abs.twimg.com/images/themes/theme1/bg.png',
                                  'profile_background_tile': False,
                                  'profile_banner_url': 'https://pbs.twimg.com/profile_banners/604177938/1543370622',
                                  'profile_image_url': 'http://pbs.twimg.com/profile_images/901621664835710976/sO1-J0NS_normal.jpg',
                                  'profile_image_url_https': 'https://pbs.twimg.com/profile_images/901621664835710976/sO1-J0NS_normal.jpg',
                                  'profile_link_color': '1DA1F2',
                                  'profile_sidebar_border_color': 'C0DEED',
                                  'profile_sidebar_fill_color': 'DDEEF6',
                                  'profile_text_color': '333333',
                                  'profile_use_background_image': True,
                                  'protected': False,
                                  'screen_name': 'Bleeding_Crypto',
                                  'statuses_count': 22491,
                                  'time_zone': None,
                                  'translator_type': 'none',
                                  'url': None,
                                  'utc_offset': None,
                                  'verified': False}},
  'source': '<a href="http://twitter.com/download/android" '
            'rel="nofollow">Twitter for Android</a>',
  'text': 'RT @Bleeding_Crypto: For all you new people in this space. This guy '
          'is such a fucking joke. He is a complete FRAUD. You have been '
          'warned.…',
  'truncated': False,
  'user': { 'contributors_enabled': False,
            'created_at': 'Sun Jan 21 06:27:29 +0000 2018',
            'default_profile': True,
            'default_profile_image': False,
            'description': '',
            'entities': {'description': {'urls': []}},
            'favourites_count': 397,
            'follow_request_sent': None,
            'followers_count': 28,
            'following': None,
            'friends_count': 198,
            'geo_enabled': False,
            'has_extended_profile': True,
            'id': 954963642985996288,
            'id_str': '954963642985996288',
            'is_translation_enabled': False,
            'is_translator': False,
            'lang': None,
            'listed_count': 0,
            'location': 'Chester, England',
            'name': 'timbo for the lambo',
            'notifications': None,
            'profile_background_color': 'F5F8FA',
            'profile_background_image_url': None,
            'profile_background_image_url_https': None,
            'profile_background_tile': False,
            'profile_banner_url': 'https://pbs.twimg.com/profile_banners/954963642985996288/1517650553',
            'profile_image_url': 'http://pbs.twimg.com/profile_images/1007276743185428480/1pBKc8mU_normal.jpg',
            'profile_image_url_https': 'https://pbs.twimg.com/profile_images/1007276743185428480/1pBKc8mU_normal.jpg',
            'profile_link_color': '1DA1F2',
            'profile_sidebar_border_color': 'C0DEED',
            'profile_sidebar_fill_color': 'DDEEF6',
            'profile_text_color': '333333',
            'profile_use_background_image': True,
            'protected': False,
            'screen_name': 'timnewt35570324',
            'statuses_count': 193,
            'time_zone': None,
            'translator_type': 'none',
            'url': None,
            'utc_offset': None,
            'verified': False}}
----------Summary----------
{ 'entities': {},
  'id_str': '1156604865293897728',
  'retweeted_status': { 'entities': { 'urls': { 'display_url': 'twitter.com/i/web/status/1…',
                                                'expanded_url': 'https://twitter.com/i/web/status/1156582612925845504'}},
                        'id_str': '1156582612925845504',
                        'text': 'for all you new people in this space. this '
                                'guy is such a fucking joke. he is a complete '
                                'fraud. you have been warned '
                                'https://t.co/kupxjv2rii',
                        'user': { 'entities': {},
                                  'id_str': '604177938',
                                  'twitter_user': 'Bleeding_Crypto'}},
  'text': 'rt @bleeding_crypto: for all you new people in this space. this guy '
          'is such a fucking joke. he is a complete fraud. you have been '
          'warned.',
  'user': { 'entities': {},
            'id_str': '954963642985996288',
            'twitter_user': 'timnewt35570324'}}
----------Groups----------
{ 'Bitcoin': ['bitcoin', 'Bitcoin', 'btc', 'satoshi nakamoto'],
  'Ethereum': ['ethereum', 'Ethereum', 'eth', 'vitalik buterin'],
  'Litecoin': ['litecoin', 'Litecoin', 'ltc', 'charles lee'],
  'Monero': ['monero', 'Monero', 'xmr', 'riccardo spagni'],
  'Ripple': [ 'ripple',
              'Ripple',
              'xrp',
              'xrapid',
              'xcurrent',
              'chris larsen',
              'jed mccaleb']}
---------------------------Fetch-------2019-07-31 15:54:34.920419: Tweet filed under "misc":----------Data----------
{ 'contributors': None,
  'coordinates': None,
  'created_at': 'Wed Jul 31 16:29:47 +0000 2019',
  'entities': { 'hashtags': [],
                'symbols': [],
                'urls': [],
                'user_mentions': [ { 'id': 199214012,
                                     'id_str': '199214012',
                                     'indices': [3, 10],
                                     'name': 'Tomislav Dugandzic',
                                     'screen_name': 'todu77'}]},
  'favorite_count': 0,
  'favorited': False,
  'geo': None,
  'id': 1156602871023992833,
  'id_str': '1156602871023992833',
  'in_reply_to_screen_name': None,
  'in_reply_to_status_id': None,
  'in_reply_to_status_id_str': None,
  'in_reply_to_user_id': None,
  'in_reply_to_user_id_str': None,
  'is_quote_status': True,
  'lang': 'en',
  'metadata': {'iso_language_code': 'en', 'result_type': 'recent'},
  'place': None,
  'quoted_status_id': 1156545855421394944,
  'quoted_status_id_str': '1156545855421394944',
  'retweet_count': 1,
  'retweeted': False,
  'retweeted_status': { 'contributors': None,
                        'coordinates': None,
                        'created_at': 'Wed Jul 31 15:30:03 +0000 2019',
                        'entities': { 'hashtags': [],
                                      'symbols': [],
                                      'urls': [ { 'display_url': 'twitter.com/i/web/status/1…',
                                                  'expanded_url': 'https://twitter.com/i/web/status/1156587837485133826',
                                                  'indices': [117, 140],
                                                  'url': 'https://t.co/g2xmzYLj78'}],
                                      'user_mentions': []},
                        'favorite_count': 13,
                        'favorited': False,
                        'geo': None,
                        'id': 1156587837485133826,
                        'id_str': '1156587837485133826',
                        'in_reply_to_screen_name': None,
                        'in_reply_to_status_id': None,
                        'in_reply_to_status_id_str': None,
                        'in_reply_to_user_id': None,
                        'in_reply_to_user_id_str': None,
                        'is_quote_status': True,
                        'lang': 'en',
                        'metadata': { 'iso_language_code': 'en',
                                      'result_type': 'recent'},
                        'place': None,
                        'possibly_sensitive': False,
                        'quoted_status': { 'contributors': None,
                                           'coordinates': None,
                                           'created_at': 'Wed Jul 31 12:43:14 '
                                                         '+0000 2019',
                                           'entities': { 'hashtags': [ { 'indices': [ 101,
                                                                                      111],
                                                                         'text': 'faketoshi'}],
                                                         'media': [ { 'display_url': 'pic.twitter.com/BiNWKT8o62',
                                                                      'expanded_url': 'https://twitter.com/alistairmilne/status/1156545855421394944/photo/1',
                                                                      'id': 1156545847842213888,
                                                                      'id_str': '1156545847842213888',
                                                                      'indices': [ 112,
                                                                                   135],
                                                                      'media_url': 'http://pbs.twimg.com/media/EAzgUisWkAAxTZA.jpg',
                                                                      'media_url_https': 'https://pbs.twimg.com/media/EAzgUisWkAAxTZA.jpg',
                                                                      'sizes': { 'large': { 'h': 493,
                                                                                            'resize': 'fit',
                                                                                            'w': 1079},
                                                                                 'medium': { 'h': 493,
                                                                                             'resize': 'fit',
                                                                                             'w': 1079},
                                                                                 'small': { 'h': 311,
                                                                                            'resize': 'fit',
                                                                                            'w': 680},
                                                                                 'thumb': { 'h': 150,
                                                                                            'resize': 'crop',
                                                                                            'w': 150}},
                                                                      'type': 'photo',
                                                                      'url': 'https://t.co/BiNWKT8o62'}],
                                                         'symbols': [],
                                                         'urls': [],
                                                         'user_mentions': [ { 'id': 176758255,
                                                                              'id_str': '176758255',
                                                                              'indices': [ 31,
                                                                                           41],
                                                                              'name': 'Roger '
                                                                                      'Ver',
                                                                              'screen_name': 'rogerkver'}]},
                                           'extended_entities': { 'media': [ { 'display_url': 'pic.twitter.com/BiNWKT8o62',
                                                                               'expanded_url': 'https://twitter.com/alistairmilne/status/1156545855421394944/photo/1',
                                                                               'id': 1156545847842213888,
                                                                               'id_str': '1156545847842213888',
                                                                               'indices': [ 112,
                                                                                            135],
                                                                               'media_url': 'http://pbs.twimg.com/media/EAzgUisWkAAxTZA.jpg',
                                                                               'media_url_https': 'https://pbs.twimg.com/media/EAzgUisWkAAxTZA.jpg',
                                                                               'sizes': { 'large': { 'h': 493,
                                                                                                     'resize': 'fit',
                                                                                                     'w': 1079},
                                                                                          'medium': { 'h': 493,
                                                                                                      'resize': 'fit',
                                                                                                      'w': 1079},
                                                                                          'small': { 'h': 311,
                                                                                                     'resize': 'fit',
                                                                                                     'w': 680},
                                                                                          'thumb': { 'h': 150,
                                                                                                     'resize': 'crop',
                                                                                                     'w': 150}},
                                                                               'type': 'photo',
                                                                               'url': 'https://t.co/BiNWKT8o62'}]},
                                           'favorite_count': 131,
                                           'favorited': False,
                                           'geo': None,
                                           'id': 1156545855421394944,
                                           'id_str': '1156545855421394944',
                                           'in_reply_to_screen_name': None,
                                           'in_reply_to_status_id': None,
                                           'in_reply_to_status_id_str': None,
                                           'in_reply_to_user_id': None,
                                           'in_reply_to_user_id_str': None,
                                           'is_quote_status': False,
                                           'lang': 'en',
                                           'metadata': { 'iso_language_code': 'en',
                                                         'result_type': 'recent'},
                                           'place': None,
                                           'possibly_sensitive': False,
                                           'retweet_count': 20,
                                           'retweeted': False,
                                           'source': '<a '
                                                     'href="http://twitter.com/download/android" '
                                                     'rel="nofollow">Twitter '
                                                     'for Android</a>',
                                           'text': "Craig Wright's lawsuit "
                                                   'against @rogerkver in the '
                                                   'UK struck out\n'
                                                   'Courts do not like '
                                                   'defamation tourism\n'
                                                   '#faketoshi '
                                                   'https://t.co/BiNWKT8o62',
                                           'truncated': False,
                                           'user': { 'contributors_enabled': False,
                                                     'created_at': 'Sun Feb 15 '
                                                                   '09:45:53 '
                                                                   '+0000 2009',
                                                     'default_profile': False,
                                                     'default_profile_image': False,
                                                     'description': 'Investor '
                                                                    '/ '
                                                                    'entrepreneur. '
                                                                    'Focused '
                                                                    'on '
                                                                    'Bitcoin & '
                                                                    'startups '
                                                                    '/ CIO - '
                                                                    'Altana '
                                                                    'Digital '
                                                                    'Currency '
                                                                    'Fund '
                                                                    'since '
                                                                    '2014 / '
                                                                    'al@btfd.ltd',
                                                     'entities': { 'description': { 'urls': [ ]},
                                                                   'url': { 'urls': [ { 'display_url': 'alistairmilne.com',
                                                                                        'expanded_url': 'http://www.alistairmilne.com',
                                                                                        'indices': [ 0,
                                                                                                     23],
                                                                                        'url': 'https://t.co/Ve6diY2d2g'}]}},
                                                     'favourites_count': 4610,
                                                     'follow_request_sent': None,
                                                     'followers_count': 65420,
                                                     'following': None,
                                                     'friends_count': 2216,
                                                     'geo_enabled': False,
                                                     'has_extended_profile': True,
                                                     'id': 20902138,
                                                     'id_str': '20902138',
                                                     'is_translation_enabled': False,
                                                     'is_translator': False,
                                                     'lang': None,
                                                     'listed_count': 1794,
                                                     'location': 'Monte-Carlo, '
                                                                 'Monaco',
                                                     'name': 'Alistair Milne',
                                                     'notifications': None,
                                                     'profile_background_color': '131516',
                                                     'profile_background_image_url': 'http://abs.twimg.com/images/themes/theme14/bg.gif',
                                                     'profile_background_image_url_https': 'https://abs.twimg.com/images/themes/theme14/bg.gif',
                                                     'profile_background_tile': True,
                                                     'profile_banner_url': 'https://pbs.twimg.com/profile_banners/20902138/1523439527',
                                                     'profile_image_url': 'http://pbs.twimg.com/profile_images/1117134001574174720/QTBoHshx_normal.jpg',
                                                     'profile_image_url_https': 'https://pbs.twimg.com/profile_images/1117134001574174720/QTBoHshx_normal.jpg',
                                                     'profile_link_color': '009999',
                                                     'profile_sidebar_border_color': 'EEEEEE',
                                                     'profile_sidebar_fill_color': 'EFEFEF',
                                                     'profile_text_color': '333333',
                                                     'profile_use_background_image': True,
                                                     'protected': False,
                                                     'screen_name': 'alistairmilne',
                                                     'statuses_count': 9902,
                                                     'time_zone': None,
                                                     'translator_type': 'none',
                                                     'url': 'https://t.co/Ve6diY2d2g',
                                                     'utc_offset': None,
                                                     'verified': True}},
                        'quoted_status_id': 1156545855421394944,
                        'quoted_status_id_str': '1156545855421394944',
                        'retweet_count': 1,
                        'retweeted': False,
                        'source': '<a href="https://mobile.twitter.com" '
                                  'rel="nofollow">Twitter Web App</a>',
                        'text': 'Craig Wright (Faketoshi) loses his frivolous '
                                '"defamation" lawsuit against Roger Ver, as '
                                'reasonably expected.\n'
                                '\n'
                                'The l… https://t.co/g2xmzYLj78',
                        'truncated': True,
                        'user': { 'contributors_enabled': False,
                                  'created_at': 'Wed Oct 06 09:22:39 +0000 '
                                                '2010',
                                  'default_profile': True,
                                  'default_profile_image': False,
                                  'description': 'Independent Bitcoin Cash '
                                                 '(BCH) user and currency '
                                                 'speculator.  I use this '
                                                 'address to sign messages '
                                                 'with: '
                                                 '1E9VsPghjhvPVDJXrbSiCt4Lk7A2DZWtRH',
                                  'entities': { 'description': {'urls': []},
                                                'url': { 'urls': [ { 'display_url': 'reddit.com/u/todu',
                                                                     'expanded_url': 'http://reddit.com/u/todu',
                                                                     'indices': [ 0,
                                                                                  23],
                                                                     'url': 'https://t.co/CdIBsl2cLD'}]}},
                                  'favourites_count': 6573,
                                  'follow_request_sent': None,
                                  'followers_count': 3541,
                                  'following': None,
                                  'friends_count': 131,
                                  'geo_enabled': False,
                                  'has_extended_profile': False,
                                  'id': 199214012,
                                  'id_str': '199214012',
                                  'is_translation_enabled': False,
                                  'is_translator': False,
                                  'lang': None,
                                  'listed_count': 48,
                                  'location': 'Sweden',
                                  'name': 'Tomislav Dugandzic',
                                  'notifications': None,
                                  'profile_background_color': 'C0DEED',
                                  'profile_background_image_url': 'http://abs.twimg.com/images/themes/theme1/bg.png',
                                  'profile_background_image_url_https': 'https://abs.twimg.com/images/themes/theme1/bg.png',
                                  'profile_background_tile': False,
                                  'profile_image_url': 'http://pbs.twimg.com/profile_images/697743662982176768/8jgqk-f7_normal.jpg',
                                  'profile_image_url_https': 'https://pbs.twimg.com/profile_images/697743662982176768/8jgqk-f7_normal.jpg',
                                  'profile_link_color': '1DA1F2',
                                  'profile_sidebar_border_color': 'C0DEED',
                                  'profile_sidebar_fill_color': 'DDEEF6',
                                  'profile_text_color': '333333',
                                  'profile_use_background_image': True,
                                  'protected': False,
                                  'screen_name': 'todu77',
                                  'statuses_count': 4431,
                                  'time_zone': None,
                                  'translator_type': 'none',
                                  'url': 'https://t.co/CdIBsl2cLD',
                                  'utc_offset': None,
                                  'verified': False}},
  'source': '<a href="http://twitter.com/download/android" '
            'rel="nofollow">Twitter for Android</a>',
  'text': 'RT @todu77: Craig Wright (Faketoshi) loses his frivolous '
          '"defamation" lawsuit against Roger Ver, as reasonably expected.\n'
          '\n'
          'The loser Craig W…',
  'truncated': False,
  'user': { 'contributors_enabled': False,
            'created_at': 'Wed Feb 10 03:33:36 +0000 2010',
            'default_profile': False,
            'default_profile_image': False,
            'description': 'Benevolent dictator of @Bitcoin_ABC and NPC '
                           'extraordinaire.\n'
                           '\n'
                           'https://t.co/MH4FGozTK5',
            'entities': { 'description': { 'urls': [ { 'display_url': 'bitbacker.io/user/deadalnix/',
                                                       'expanded_url': 'https://bitbacker.io/user/deadalnix/',
                                                       'indices': [61, 84],
                                                       'url': 'https://t.co/MH4FGozTK5'}]},
                          'url': { 'urls': [ { 'display_url': 'deadalnix.me',
                                               'expanded_url': 'http://www.deadalnix.me/',
                                               'indices': [0, 22],
                                               'url': 'http://t.co/vbmRxJPASE'}]}},
            'favourites_count': 2502,
            'follow_request_sent': None,
            'followers_count': 13355,
            'following': None,
            'friends_count': 652,
            'geo_enabled': False,
            'has_extended_profile': False,
            'id': 112916339,
            'id_str': '112916339',
            'is_translation_enabled': False,
            'is_translator': False,
            'lang': None,
            'listed_count': 369,
            'location': '',
            'name': 'deadalǹ͔͜͡i͎̜͖͗̎͞x̛̳̠̤̥̦̉̊̕̕',
            'notifications': None,
            'profile_background_color': '1A1B1F',
            'profile_background_image_url': 'http://abs.twimg.com/images/themes/theme9/bg.gif',
            'profile_background_image_url_https': 'https://abs.twimg.com/images/themes/theme9/bg.gif',
            'profile_background_tile': False,
            'profile_banner_url': 'https://pbs.twimg.com/profile_banners/112916339/1401343777',
            'profile_image_url': 'http://pbs.twimg.com/profile_images/687782195/146_normal.png',
            'profile_image_url_https': 'https://pbs.twimg.com/profile_images/687782195/146_normal.png',
            'profile_link_color': '2FC2EF',
            'profile_sidebar_border_color': '181A1E',
            'profile_sidebar_fill_color': '252429',
            'profile_text_color': '666666',
            'profile_use_background_image': True,
            'protected': False,
            'screen_name': 'deadalnix',
            'statuses_count': 28926,
            'time_zone': None,
            'translator_type': 'none',
            'url': 'http://t.co/vbmRxJPASE',
            'utc_offset': None,
            'verified': False}}
----------Summary----------
{ 'entities': {},
  'id_str': '1156602871023992833',
  'retweeted_status': { 'entities': { 'urls': { 'display_url': 'twitter.com/i/web/status/1…',
                                                'expanded_url': 'https://twitter.com/i/web/status/1156587837485133826'}},
                        'id_str': '1156587837485133826',
                        'quoted_status': { 'entities': {},
                                           'id_str': '1156545855421394944',
                                           'text': "craig wright's lawsuit "
                                                   'against @rogerkver in the '
                                                   'uk struck out courts do '
                                                   'not like defamation '
                                                   'tourism #faketoshi '
                                                   'https://t.co/binwkt8o62',
                                           'user': { 'entities': {},
                                                     'id_str': '20902138',
                                                     'twitter_user': 'alistairmilne'}},
                        'text': 'craig wright (faketoshi) loses his frivolous '
                                '"defamation" lawsuit against roger ver, as '
                                'reasonably expected.  the l '
                                'https://t.co/g2xmzylj78',
                        'user': { 'entities': {},
                                  'id_str': '199214012',
                                  'twitter_user': 'todu77'}},
  'text': 'rt @todu77: craig wright (faketoshi) loses his frivolous '
          '"defamation" lawsuit against roger ver, as reasonably expected.  '
          'the loser craig w',
  'user': {'entities': {}, 'id_str': '112916339', 'twitter_user': 'deadalnix'}}
----------Groups----------
{ 'Bitcoin': ['bitcoin', 'Bitcoin', 'btc', 'satoshi nakamoto'],
  'Ethereum': ['ethereum', 'Ethereum', 'eth', 'vitalik buterin'],
  'Litecoin': ['litecoin', 'Litecoin', 'ltc', 'charles lee'],
  'Monero': ['monero', 'Monero', 'xmr', 'riccardo spagni'],
  'Ripple': [ 'ripple',
              'Ripple',
              'xrp',
              'xrapid',
              'xcurrent',
              'chris larsen',
              'jed mccaleb']}
---------------------------Fetch-------2019-07-31 15:54:36.457747: Tweet filed under "misc":----------Data----------
{ 'contributors': None,
  'coordinates': None,
  'created_at': 'Wed Jul 31 15:30:03 +0000 2019',
  'entities': { 'hashtags': [],
                'symbols': [],
                'urls': [ { 'display_url': 'twitter.com/i/web/status/1…',
                            'expanded_url': 'https://twitter.com/i/web/status/1156587837485133826',
                            'indices': [117, 140],
                            'url': 'https://t.co/g2xmzYLj78'}],
                'user_mentions': []},
  'favorite_count': 13,
  'favorited': False,
  'geo': None,
  'id': 1156587837485133826,
  'id_str': '1156587837485133826',
  'in_reply_to_screen_name': None,
  'in_reply_to_status_id': None,
  'in_reply_to_status_id_str': None,
  'in_reply_to_user_id': None,
  'in_reply_to_user_id_str': None,
  'is_quote_status': True,
  'lang': 'en',
  'metadata': {'iso_language_code': 'en', 'result_type': 'recent'},
  'place': None,
  'possibly_sensitive': False,
  'quoted_status': { 'contributors': None,
                     'coordinates': None,
                     'created_at': 'Wed Jul 31 12:43:14 +0000 2019',
                     'entities': { 'hashtags': [ { 'indices': [101, 111],
                                                   'text': 'faketoshi'}],
                                   'media': [ { 'display_url': 'pic.twitter.com/BiNWKT8o62',
                                                'expanded_url': 'https://twitter.com/alistairmilne/status/1156545855421394944/photo/1',
                                                'id': 1156545847842213888,
                                                'id_str': '1156545847842213888',
                                                'indices': [112, 135],
                                                'media_url': 'http://pbs.twimg.com/media/EAzgUisWkAAxTZA.jpg',
                                                'media_url_https': 'https://pbs.twimg.com/media/EAzgUisWkAAxTZA.jpg',
                                                'sizes': { 'large': { 'h': 493,
                                                                      'resize': 'fit',
                                                                      'w': 1079},
                                                           'medium': { 'h': 493,
                                                                       'resize': 'fit',
                                                                       'w': 1079},
                                                           'small': { 'h': 311,
                                                                      'resize': 'fit',
                                                                      'w': 680},
                                                           'thumb': { 'h': 150,
                                                                      'resize': 'crop',
                                                                      'w': 150}},
                                                'type': 'photo',
                                                'url': 'https://t.co/BiNWKT8o62'}],
                                   'symbols': [],
                                   'urls': [],
                                   'user_mentions': [ { 'id': 176758255,
                                                        'id_str': '176758255',
                                                        'indices': [31, 41],
                                                        'name': 'Roger Ver',
                                                        'screen_name': 'rogerkver'}]},
                     'extended_entities': { 'media': [ { 'display_url': 'pic.twitter.com/BiNWKT8o62',
                                                         'expanded_url': 'https://twitter.com/alistairmilne/status/1156545855421394944/photo/1',
                                                         'id': 1156545847842213888,
                                                         'id_str': '1156545847842213888',
                                                         'indices': [112, 135],
                                                         'media_url': 'http://pbs.twimg.com/media/EAzgUisWkAAxTZA.jpg',
                                                         'media_url_https': 'https://pbs.twimg.com/media/EAzgUisWkAAxTZA.jpg',
                                                         'sizes': { 'large': { 'h': 493,
                                                                               'resize': 'fit',
                                                                               'w': 1079},
                                                                    'medium': { 'h': 493,
                                                                                'resize': 'fit',
                                                                                'w': 1079},
                                                                    'small': { 'h': 311,
                                                                               'resize': 'fit',
                                                                               'w': 680},
                                                                    'thumb': { 'h': 150,
                                                                               'resize': 'crop',
                                                                               'w': 150}},
                                                         'type': 'photo',
                                                         'url': 'https://t.co/BiNWKT8o62'}]},
                     'favorite_count': 131,
                     'favorited': False,
                     'geo': None,
                     'id': 1156545855421394944,
                     'id_str': '1156545855421394944',
                     'in_reply_to_screen_name': None,
                     'in_reply_to_status_id': None,
                     'in_reply_to_status_id_str': None,
                     'in_reply_to_user_id': None,
                     'in_reply_to_user_id_str': None,
                     'is_quote_status': False,
                     'lang': 'en',
                     'metadata': { 'iso_language_code': 'en',
                                   'result_type': 'recent'},
                     'place': None,
                     'possibly_sensitive': False,
                     'retweet_count': 20,
                     'retweeted': False,
                     'source': '<a href="http://twitter.com/download/android" '
                               'rel="nofollow">Twitter for Android</a>',
                     'text': "Craig Wright's lawsuit against @rogerkver in the "
                             'UK struck out\n'
                             'Courts do not like defamation tourism\n'
                             '#faketoshi https://t.co/BiNWKT8o62',
                     'truncated': False,
                     'user': { 'contributors_enabled': False,
                               'created_at': 'Sun Feb 15 09:45:53 +0000 2009',
                               'default_profile': False,
                               'default_profile_image': False,
                               'description': 'Investor / entrepreneur. '
                                              'Focused on Bitcoin & startups / '
                                              'CIO - Altana Digital Currency '
                                              'Fund since 2014 / al@btfd.ltd',
                               'entities': { 'description': {'urls': []},
                                             'url': { 'urls': [ { 'display_url': 'alistairmilne.com',
                                                                  'expanded_url': 'http://www.alistairmilne.com',
                                                                  'indices': [ 0,
                                                                               23],
                                                                  'url': 'https://t.co/Ve6diY2d2g'}]}},
                               'favourites_count': 4610,
                               'follow_request_sent': None,
                               'followers_count': 65420,
                               'following': None,
                               'friends_count': 2216,
                               'geo_enabled': False,
                               'has_extended_profile': True,
                               'id': 20902138,
                               'id_str': '20902138',
                               'is_translation_enabled': False,
                               'is_translator': False,
                               'lang': None,
                               'listed_count': 1794,
                               'location': 'Monte-Carlo, Monaco',
                               'name': 'Alistair Milne',
                               'notifications': None,
                               'profile_background_color': '131516',
                               'profile_background_image_url': 'http://abs.twimg.com/images/themes/theme14/bg.gif',
                               'profile_background_image_url_https': 'https://abs.twimg.com/images/themes/theme14/bg.gif',
                               'profile_background_tile': True,
                               'profile_banner_url': 'https://pbs.twimg.com/profile_banners/20902138/1523439527',
                               'profile_image_url': 'http://pbs.twimg.com/profile_images/1117134001574174720/QTBoHshx_normal.jpg',
                               'profile_image_url_https': 'https://pbs.twimg.com/profile_images/1117134001574174720/QTBoHshx_normal.jpg',
                               'profile_link_color': '009999',
                               'profile_sidebar_border_color': 'EEEEEE',
                               'profile_sidebar_fill_color': 'EFEFEF',
                               'profile_text_color': '333333',
                               'profile_use_background_image': True,
                               'protected': False,
                               'screen_name': 'alistairmilne',
                               'statuses_count': 9902,
                               'time_zone': None,
                               'translator_type': 'none',
                               'url': 'https://t.co/Ve6diY2d2g',
                               'utc_offset': None,
                               'verified': True}},
  'quoted_status_id': 1156545855421394944,
  'quoted_status_id_str': '1156545855421394944',
  'retweet_count': 1,
  'retweeted': False,
  'source': '<a href="https://mobile.twitter.com" rel="nofollow">Twitter Web '
            'App</a>',
  'text': 'Craig Wright (Faketoshi) loses his frivolous "defamation" lawsuit '
          'against Roger Ver, as reasonably expected.\n'
          '\n'
          'The l… https://t.co/g2xmzYLj78',
  'truncated': True,
  'user': { 'contributors_enabled': False,
            'created_at': 'Wed Oct 06 09:22:39 +0000 2010',
            'default_profile': True,
            'default_profile_image': False,
            'description': 'Independent Bitcoin Cash (BCH) user and currency '
                           'speculator.  I use this address to sign messages '
                           'with: 1E9VsPghjhvPVDJXrbSiCt4Lk7A2DZWtRH',
            'entities': { 'description': {'urls': []},
                          'url': { 'urls': [ { 'display_url': 'reddit.com/u/todu',
                                               'expanded_url': 'http://reddit.com/u/todu',
                                               'indices': [0, 23],
                                               'url': 'https://t.co/CdIBsl2cLD'}]}},
            'favourites_count': 6573,
            'follow_request_sent': None,
            'followers_count': 3541,
            'following': None,
            'friends_count': 131,
            'geo_enabled': False,
            'has_extended_profile': False,
            'id': 199214012,
            'id_str': '199214012',
            'is_translation_enabled': False,
            'is_translator': False,
            'lang': None,
            'listed_count': 48,
            'location': 'Sweden',
            'name': 'Tomislav Dugandzic',
            'notifications': None,
            'profile_background_color': 'C0DEED',
            'profile_background_image_url': 'http://abs.twimg.com/images/themes/theme1/bg.png',
            'profile_background_image_url_https': 'https://abs.twimg.com/images/themes/theme1/bg.png',
            'profile_background_tile': False,
            'profile_image_url': 'http://pbs.twimg.com/profile_images/697743662982176768/8jgqk-f7_normal.jpg',
            'profile_image_url_https': 'https://pbs.twimg.com/profile_images/697743662982176768/8jgqk-f7_normal.jpg',
            'profile_link_color': '1DA1F2',
            'profile_sidebar_border_color': 'C0DEED',
            'profile_sidebar_fill_color': 'DDEEF6',
            'profile_text_color': '333333',
            'profile_use_background_image': True,
            'protected': False,
            'screen_name': 'todu77',
            'statuses_count': 4431,
            'time_zone': None,
            'translator_type': 'none',
            'url': 'https://t.co/CdIBsl2cLD',
            'utc_offset': None,
            'verified': False}}
----------Summary----------
{ 'entities': { 'urls': { 'display_url': 'twitter.com/i/web/status/1…',
                          'expanded_url': 'https://twitter.com/i/web/status/1156587837485133826'}},
  'id_str': '1156587837485133826',
  'quoted_status': { 'entities': {},
                     'id_str': '1156545855421394944',
                     'text': "craig wright's lawsuit against @rogerkver in the "
                             'uk struck out courts do not like defamation '
                             'tourism #faketoshi https://t.co/binwkt8o62',
                     'user': { 'entities': {},
                               'id_str': '20902138',
                               'twitter_user': 'alistairmilne'}},
  'text': 'craig wright (faketoshi) loses his frivolous "defamation" lawsuit '
          'against roger ver, as reasonably expected.  the l '
          'https://t.co/g2xmzylj78',
  'user': {'entities': {}, 'id_str': '199214012', 'twitter_user': 'todu77'}}
----------Groups----------
{ 'Bitcoin': ['bitcoin', 'Bitcoin', 'btc', 'satoshi nakamoto'],
  'Ethereum': ['ethereum', 'Ethereum', 'eth', 'vitalik buterin'],
  'Litecoin': ['litecoin', 'Litecoin', 'ltc', 'charles lee'],
  'Monero': ['monero', 'Monero', 'xmr', 'riccardo spagni'],
  'Ripple': [ 'ripple',
              'Ripple',
              'xrp',
              'xrapid',
              'xcurrent',
              'chris larsen',
              'jed mccaleb']}
---------------------------Fetch-------2019-07-31 15:54:37.583497: Tweet filed under "misc":----------Data----------
{ 'contributors': None,
  'coordinates': None,
  'created_at': 'Wed Jul 31 15:21:12 +0000 2019',
  'entities': { 'hashtags': [],
                'symbols': [],
                'urls': [ { 'display_url': 'twitter.com/i/web/status/1…',
                            'expanded_url': 'https://twitter.com/i/web/status/1156585610544631809',
                            'indices': [117, 140],
                            'url': 'https://t.co/CsCXLDFrNo'}],
                'user_mentions': [ { 'id': 4194920189,
                                     'id_str': '4194920189',
                                     'indices': [0, 13],
                                     'name': 'Satoshi Nakamoto',
                                     'screen_name': 'realSatoshiN'},
                                   { 'id': 938744084050710528,
                                     'id_str': '938744084050710528',
                                     'indices': [14, 26],
                                     'name': 'Up Down',
                                     'screen_name': 'updownsharp'}]},
  'favorite_count': 0,
  'favorited': False,
  'geo': None,
  'id': 1156585610544631809,
  'id_str': '1156585610544631809',
  'in_reply_to_screen_name': 'realSatoshiN',
  'in_reply_to_status_id': 1156549363360915456,
  'in_reply_to_status_id_str': '1156549363360915456',
  'in_reply_to_user_id': 4194920189,
  'in_reply_to_user_id_str': '4194920189',
  'is_quote_status': False,
  'lang': 'en',
  'metadata': {'iso_language_code': 'en', 'result_type': 'recent'},
  'place': None,
  'retweet_count': 0,
  'retweeted': False,
  'source': '<a href="https://mobile.twitter.com" rel="nofollow">Twitter Web '
            'App</a>',
  'text': '@realSatoshiN @updownsharp 1. Because one day.. ???? What? What '
          'does it mean ?\n'
          '2. I am calm, there is no emotion an… https://t.co/CsCXLDFrNo',
  'truncated': True,
  'user': { 'contributors_enabled': False,
            'created_at': 'Mon Feb 12 10:38:13 +0000 2018',
            'default_profile': True,
            'default_profile_image': False,
            'description': '',
            'entities': {'description': {'urls': []}},
            'favourites_count': 155,
            'follow_request_sent': None,
            'followers_count': 54,
            'following': None,
            'friends_count': 429,
            'geo_enabled': False,
            'has_extended_profile': False,
            'id': 962999272890302464,
            'id_str': '962999272890302464',
            'is_translation_enabled': False,
            'is_translator': False,
            'lang': None,
            'listed_count': 1,
            'location': '',
            'name': 'Andru',
            'notifications': None,
            'profile_background_color': 'F5F8FA',
            'profile_background_image_url': None,
            'profile_background_image_url_https': None,
            'profile_background_tile': False,
            'profile_image_url': 'http://pbs.twimg.com/profile_images/1018697973260259333/8Wf3d6aK_normal.jpg',
            'profile_image_url_https': 'https://pbs.twimg.com/profile_images/1018697973260259333/8Wf3d6aK_normal.jpg',
            'profile_link_color': '1DA1F2',
            'profile_sidebar_border_color': 'C0DEED',
            'profile_sidebar_fill_color': 'DDEEF6',
            'profile_text_color': '333333',
            'profile_use_background_image': True,
            'protected': False,
            'screen_name': 'AndruT1986',
            'statuses_count': 292,
            'time_zone': None,
            'translator_type': 'none',
            'url': None,
            'utc_offset': None,
            'verified': False}}
----------Summary----------
{ 'entities': { 'urls': { 'display_url': 'twitter.com/i/web/status/1…',
                          'expanded_url': 'https://twitter.com/i/web/status/1156585610544631809'}},
  'id_str': '1156585610544631809',
  'text': '@realsatoshin @updownsharp 1. because one day.. ???? what? what '
          'does it mean ? 2. i am calm, there is no emotion an '
          'https://t.co/cscxldfrno',
  'user': { 'entities': {},
            'id_str': '962999272890302464',
            'twitter_user': 'AndruT1986'}}
----------Groups----------
{ 'Bitcoin': ['bitcoin', 'Bitcoin', 'btc', 'satoshi nakamoto'],
  'Ethereum': ['ethereum', 'Ethereum', 'eth', 'vitalik buterin'],
  'Litecoin': ['litecoin', 'Litecoin', 'ltc', 'charles lee'],
  'Monero': ['monero', 'Monero', 'xmr', 'riccardo spagni'],
  'Ripple': [ 'ripple',
              'Ripple',
              'xrp',
              'xrapid',
              'xcurrent',
              'chris larsen',
              'jed mccaleb']}
---------------------------Fetch-------2019-07-31 15:54:38.197039: Tweet filed under "misc":----------Data----------
{ 'contributors': None,
  'coordinates': None,
  'created_at': 'Wed Jul 31 15:10:06 +0000 2019',
  'entities': { 'hashtags': [],
                'symbols': [],
                'urls': [],
                'user_mentions': [ { 'id': 604177938,
                                     'id_str': '604177938',
                                     'indices': [3, 19],
                                     'name': 'Bleeding Crypto',
                                     'screen_name': 'Bleeding_Crypto'}]},
  'favorite_count': 0,
  'favorited': False,
  'geo': None,
  'id': 1156582817943437313,
  'id_str': '1156582817943437313',
  'in_reply_to_screen_name': None,
  'in_reply_to_status_id': None,
  'in_reply_to_status_id_str': None,
  'in_reply_to_user_id': None,
  'in_reply_to_user_id_str': None,
  'is_quote_status': False,
  'lang': 'en',
  'metadata': {'iso_language_code': 'en', 'result_type': 'recent'},
  'place': None,
  'retweet_count': 5,
  'retweeted': False,
  'retweeted_status': { 'contributors': None,
                        'coordinates': None,
                        'created_at': 'Wed Jul 31 15:09:17 +0000 2019',
                        'entities': { 'hashtags': [],
                                      'symbols': [],
                                      'urls': [ { 'display_url': 'twitter.com/i/web/status/1…',
                                                  'expanded_url': 'https://twitter.com/i/web/status/1156582612925845504',
                                                  'indices': [117, 140],
                                                  'url': 'https://t.co/kuPXjV2rIi'}],
                                      'user_mentions': []},
                        'favorite_count': 52,
                        'favorited': False,
                        'geo': None,
                        'id': 1156582612925845504,
                        'id_str': '1156582612925845504',
                        'in_reply_to_screen_name': None,
                        'in_reply_to_status_id': None,
                        'in_reply_to_status_id_str': None,
                        'in_reply_to_user_id': None,
                        'in_reply_to_user_id_str': None,
                        'is_quote_status': False,
                        'lang': 'en',
                        'metadata': { 'iso_language_code': 'en',
                                      'result_type': 'recent'},
                        'place': None,
                        'possibly_sensitive': False,
                        'retweet_count': 5,
                        'retweeted': False,
                        'source': '<a href="http://twitter.com" '
                                  'rel="nofollow">Twitter Web Client</a>',
                        'text': 'For all you new people in this space. This '
                                'guy is such a fucking joke. He is a complete '
                                'FRAUD. You have been warned… '
                                'https://t.co/kuPXjV2rIi',
                        'truncated': True,
                        'user': { 'contributors_enabled': False,
                                  'created_at': 'Sun Jun 10 02:01:00 +0000 '
                                                '2012',
                                  'default_profile': True,
                                  'default_profile_image': False,
                                  'description': 'This is not financial '
                                                 'advice. I am not a financial '
                                                 'advisor. Check out my '
                                                 'website @ '
                                                 'https://t.co/YSRrwPlh9h\n'
                                                 'Coinigy\n'
                                                 'https://t.co/NynDPNO4Ac',
                                  'entities': { 'description': { 'urls': [ { 'display_url': 'bleedingcrypto.com',
                                                                             'expanded_url': 'http://www.bleedingcrypto.com',
                                                                             'indices': [ 83,
                                                                                          106],
                                                                             'url': 'https://t.co/YSRrwPlh9h'},
                                                                           { 'display_url': 'coinigy.com/?r=ad1ce1e2',
                                                                             'expanded_url': 'https://www.coinigy.com/?r=ad1ce1e2',
                                                                             'indices': [ 115,
                                                                                          138],
                                                                             'url': 'https://t.co/NynDPNO4Ac'}]}},
                                  'favourites_count': 48282,
                                  'follow_request_sent': None,
                                  'followers_count': 39104,
                                  'following': None,
                                  'friends_count': 669,
                                  'geo_enabled': True,
                                  'has_extended_profile': True,
                                  'id': 604177938,
                                  'id_str': '604177938',
                                  'is_translation_enabled': False,
                                  'is_translator': False,
                                  'lang': None,
                                  'listed_count': 559,
                                  'location': 'Moon',
                                  'name': 'Bleeding Crypto',
                                  'notifications': None,
                                  'profile_background_color': 'C0DEED',
                                  'profile_background_image_url': 'http://abs.twimg.com/images/themes/theme1/bg.png',
                                  'profile_background_image_url_https': 'https://abs.twimg.com/images/themes/theme1/bg.png',
                                  'profile_background_tile': False,
                                  'profile_banner_url': 'https://pbs.twimg.com/profile_banners/604177938/1543370622',
                                  'profile_image_url': 'http://pbs.twimg.com/profile_images/901621664835710976/sO1-J0NS_normal.jpg',
                                  'profile_image_url_https': 'https://pbs.twimg.com/profile_images/901621664835710976/sO1-J0NS_normal.jpg',
                                  'profile_link_color': '1DA1F2',
                                  'profile_sidebar_border_color': 'C0DEED',
                                  'profile_sidebar_fill_color': 'DDEEF6',
                                  'profile_text_color': '333333',
                                  'profile_use_background_image': True,
                                  'protected': False,
                                  'screen_name': 'Bleeding_Crypto',
                                  'statuses_count': 22491,
                                  'time_zone': None,
                                  'translator_type': 'none',
                                  'url': None,
                                  'utc_offset': None,
                                  'verified': False}},
  'source': '<a href="http://twitter.com/download/iphone" '
            'rel="nofollow">Twitter for iPhone</a>',
  'text': 'RT @Bleeding_Crypto: For all you new people in this space. This guy '
          'is such a fucking joke. He is a complete FRAUD. You have been '
          'warned.…',
  'truncated': False,
  'user': { 'contributors_enabled': False,
            'created_at': 'Fri May 18 23:48:51 +0000 2018',
            'default_profile': True,
            'default_profile_image': False,
            'description': "We have only 1 #Earth, so let's protect it 🙏🙏🙏 | "
                           '#Nature | #Oceans | #Trees | #Rivers | #Wildlife | '
                           "$Bitcoiner | There is no #BLOCKCHAIN, there's only "
                           '$BITCOIN.',
            'entities': { 'description': {'urls': []},
                          'url': { 'urls': [ { 'display_url': 'gab.com/CryptoBunny',
                                               'expanded_url': 'https://gab.com/CryptoBunny',
                                               'indices': [0, 23],
                                               'url': 'https://t.co/wKoUGKXKUZ'}]}},
            'favourites_count': 50329,
            'follow_request_sent': None,
            'followers_count': 298,
            'following': None,
            'friends_count': 1978,
            'geo_enabled': False,
            'has_extended_profile': False,
            'id': 997625090857725953,
            'id_str': '997625090857725953',
            'is_translation_enabled': False,
            'is_translator': False,
            'lang': None,
            'listed_count': 5,
            'location': 'Dark Side of the Moon',
            'name': 'Truth Seeker⚡️',
            'notifications': None,
            'profile_background_color': 'F5F8FA',
            'profile_background_image_url': None,
            'profile_background_image_url_https': None,
            'profile_background_tile': False,
            'profile_banner_url': 'https://pbs.twimg.com/profile_banners/997625090857725953/1556768229',
            'profile_image_url': 'http://pbs.twimg.com/profile_images/1116686793603276800/3jiRhu75_normal.png',
            'profile_image_url_https': 'https://pbs.twimg.com/profile_images/1116686793603276800/3jiRhu75_normal.png',
            'profile_link_color': '1DA1F2',
            'profile_sidebar_border_color': 'C0DEED',
            'profile_sidebar_fill_color': 'DDEEF6',
            'profile_text_color': '333333',
            'profile_use_background_image': True,
            'protected': False,
            'screen_name': 'SMBhamar',
            'statuses_count': 5349,
            'time_zone': None,
            'translator_type': 'none',
            'url': 'https://t.co/wKoUGKXKUZ',
            'utc_offset': None,
            'verified': False}}
----------Summary----------
{ 'entities': {},
  'id_str': '1156582817943437313',
  'retweeted_status': { 'entities': { 'urls': { 'display_url': 'twitter.com/i/web/status/1…',
                                                'expanded_url': 'https://twitter.com/i/web/status/1156582612925845504'}},
                        'id_str': '1156582612925845504',
                        'text': 'for all you new people in this space. this '
                                'guy is such a fucking joke. he is a complete '
                                'fraud. you have been warned '
                                'https://t.co/kupxjv2rii',
                        'user': { 'entities': {},
                                  'id_str': '604177938',
                                  'twitter_user': 'Bleeding_Crypto'}},
  'text': 'rt @bleeding_crypto: for all you new people in this space. this guy '
          'is such a fucking joke. he is a complete fraud. you have been '
          'warned.',
  'user': { 'entities': {},
            'id_str': '997625090857725953',
            'twitter_user': 'SMBhamar'}}
----------Groups----------
{ 'Bitcoin': ['bitcoin', 'Bitcoin', 'btc', 'satoshi nakamoto'],
  'Ethereum': ['ethereum', 'Ethereum', 'eth', 'vitalik buterin'],
  'Litecoin': ['litecoin', 'Litecoin', 'ltc', 'charles lee'],
  'Monero': ['monero', 'Monero', 'xmr', 'riccardo spagni'],
  'Ripple': [ 'ripple',
              'Ripple',
              'xrp',
              'xrapid',
              'xcurrent',
              'chris larsen',
              'jed mccaleb']}
---------------------------Fetch-------2019-07-31 15:54:38.504851: Tweet filed under "misc":----------Data----------
{ 'contributors': None,
  'coordinates': None,
  'created_at': 'Wed Jul 31 15:09:17 +0000 2019',
  'entities': { 'hashtags': [],
                'symbols': [],
                'urls': [ { 'display_url': 'twitter.com/i/web/status/1…',
                            'expanded_url': 'https://twitter.com/i/web/status/1156582612925845504',
                            'indices': [117, 140],
                            'url': 'https://t.co/kuPXjV2rIi'}],
                'user_mentions': []},
  'favorite_count': 52,
  'favorited': False,
  'geo': None,
  'id': 1156582612925845504,
  'id_str': '1156582612925845504',
  'in_reply_to_screen_name': None,
  'in_reply_to_status_id': None,
  'in_reply_to_status_id_str': None,
  'in_reply_to_user_id': None,
  'in_reply_to_user_id_str': None,
  'is_quote_status': False,
  'lang': 'en',
  'metadata': {'iso_language_code': 'en', 'result_type': 'recent'},
  'place': None,
  'possibly_sensitive': False,
  'retweet_count': 5,
  'retweeted': False,
  'source': '<a href="http://twitter.com" rel="nofollow">Twitter Web '
            'Client</a>',
  'text': 'For all you new people in this space. This guy is such a fucking '
          'joke. He is a complete FRAUD. You have been warned… '
          'https://t.co/kuPXjV2rIi',
  'truncated': True,
  'user': { 'contributors_enabled': False,
            'created_at': 'Sun Jun 10 02:01:00 +0000 2012',
            'default_profile': True,
            'default_profile_image': False,
            'description': 'This is not financial advice. I am not a financial '
                           'advisor. Check out my website @ '
                           'https://t.co/YSRrwPlh9h\n'
                           'Coinigy\n'
                           'https://t.co/NynDPNO4Ac',
            'entities': { 'description': { 'urls': [ { 'display_url': 'bleedingcrypto.com',
                                                       'expanded_url': 'http://www.bleedingcrypto.com',
                                                       'indices': [83, 106],
                                                       'url': 'https://t.co/YSRrwPlh9h'},
                                                     { 'display_url': 'coinigy.com/?r=ad1ce1e2',
                                                       'expanded_url': 'https://www.coinigy.com/?r=ad1ce1e2',
                                                       'indices': [115, 138],
                                                       'url': 'https://t.co/NynDPNO4Ac'}]}},
            'favourites_count': 48282,
            'follow_request_sent': None,
            'followers_count': 39104,
            'following': None,
            'friends_count': 669,
            'geo_enabled': True,
            'has_extended_profile': True,
            'id': 604177938,
            'id_str': '604177938',
            'is_translation_enabled': False,
            'is_translator': False,
            'lang': None,
            'listed_count': 559,
            'location': 'Moon',
            'name': 'Bleeding Crypto',
            'notifications': None,
            'profile_background_color': 'C0DEED',
            'profile_background_image_url': 'http://abs.twimg.com/images/themes/theme1/bg.png',
            'profile_background_image_url_https': 'https://abs.twimg.com/images/themes/theme1/bg.png',
            'profile_background_tile': False,
            'profile_banner_url': 'https://pbs.twimg.com/profile_banners/604177938/1543370622',
            'profile_image_url': 'http://pbs.twimg.com/profile_images/901621664835710976/sO1-J0NS_normal.jpg',
            'profile_image_url_https': 'https://pbs.twimg.com/profile_images/901621664835710976/sO1-J0NS_normal.jpg',
            'profile_link_color': '1DA1F2',
            'profile_sidebar_border_color': 'C0DEED',
            'profile_sidebar_fill_color': 'DDEEF6',
            'profile_text_color': '333333',
            'profile_use_background_image': True,
            'protected': False,
            'screen_name': 'Bleeding_Crypto',
            'statuses_count': 22491,
            'time_zone': None,
            'translator_type': 'none',
            'url': None,
            'utc_offset': None,
            'verified': False}}
----------Summary----------
{ 'entities': { 'urls': { 'display_url': 'twitter.com/i/web/status/1…',
                          'expanded_url': 'https://twitter.com/i/web/status/1156582612925845504'}},
  'id_str': '1156582612925845504',
  'text': 'for all you new people in this space. this guy is such a fucking '
          'joke. he is a complete fraud. you have been warned '
          'https://t.co/kupxjv2rii',
  'user': { 'entities': {},
            'id_str': '604177938',
            'twitter_user': 'Bleeding_Crypto'}}
----------Groups----------
{ 'Bitcoin': ['bitcoin', 'Bitcoin', 'btc', 'satoshi nakamoto'],
  'Ethereum': ['ethereum', 'Ethereum', 'eth', 'vitalik buterin'],
  'Litecoin': ['litecoin', 'Litecoin', 'ltc', 'charles lee'],
  'Monero': ['monero', 'Monero', 'xmr', 'riccardo spagni'],
  'Ripple': [ 'ripple',
              'Ripple',
              'xrp',
              'xrapid',
              'xcurrent',
              'chris larsen',
              'jed mccaleb']}
---------------------------Fetch-------2019-07-31 15:54:38.811891: Tweet filed under "misc":----------Data----------
{ 'contributors': None,
  'coordinates': None,
  'created_at': 'Wed Jul 31 15:07:27 +0000 2019',
  'entities': { 'hashtags': [{'indices': [0, 13], 'text': 'Craig_Wright'}],
                'symbols': [],
                'urls': [ { 'display_url': 'bitcoinist.com/craig-wright-c…',
                            'expanded_url': 'https://bitcoinist.com/craig-wright-calls-rivals-frauds-despite-doctoring-documents-in-2014/',
                            'indices': [85, 108],
                            'url': 'https://t.co/Ai67IU2Dzp'},
                          { 'display_url': 'twitter.com/i/web/status/1…',
                            'expanded_url': 'https://twitter.com/i/web/status/1156582151850254338',
                            'indices': [115, 138],
                            'url': 'https://t.co/CIqtwNSWpI'}],
                'user_mentions': []},
  'favorite_count': 0,
  'favorited': False,
  'geo': None,
  'id': 1156582151850254338,
  'id_str': '1156582151850254338',
  'in_reply_to_screen_name': None,
  'in_reply_to_status_id': None,
  'in_reply_to_status_id_str': None,
  'in_reply_to_user_id': None,
  'in_reply_to_user_id_str': None,
  'is_quote_status': False,
  'lang': 'en',
  'metadata': {'iso_language_code': 'en', 'result_type': 'recent'},
  'place': None,
  'possibly_sensitive': False,
  'retweet_count': 0,
  'retweeted': False,
  'source': '<a href="https://bitcoinprices.stream" rel="nofollow">Paul '
            'Samson</a>',
  'text': '#Craig_Wright Calls Rivals ‘Frauds’, Despite Doctoring Documents in '
          '2014 reported by https://t.co/Ai67IU2Dzp ----… '
          'https://t.co/CIqtwNSWpI',
  'truncated': True,
  'user': { 'contributors_enabled': False,
            'created_at': 'Thu Mar 25 00:55:52 +0000 2010',
            'default_profile': False,
            'default_profile_image': False,
            'description': 'Interested in All things Cryptocurrency.🇨🇦',
            'entities': { 'description': {'urls': []},
                          'url': { 'urls': [ { 'display_url': 'bitcoinprices.stream',
                                               'expanded_url': 'http://www.bitcoinprices.stream',
                                               'indices': [0, 23],
                                               'url': 'https://t.co/g6AL7qUPh5'}]}},
            'favourites_count': 733,
            'follow_request_sent': None,
            'followers_count': 3872,
            'following': None,
            'friends_count': 4952,
            'geo_enabled': False,
            'has_extended_profile': True,
            'id': 126159663,
            'id_str': '126159663',
            'is_translation_enabled': False,
            'is_translator': False,
            'lang': None,
            'listed_count': 6,
            'location': 'Bathurst, New Brunswick, Canada',
            'name': 'Paul Samson',
            'notifications': None,
            'profile_background_color': '9AE4E8',
            'profile_background_image_url': 'http://abs.twimg.com/images/themes/theme1/bg.png',
            'profile_background_image_url_https': 'https://abs.twimg.com/images/themes/theme1/bg.png',
            'profile_background_tile': False,
            'profile_image_url': 'http://pbs.twimg.com/profile_images/907730917/_cid_200901021358_normal.jpg',
            'profile_image_url_https': 'https://pbs.twimg.com/profile_images/907730917/_cid_200901021358_normal.jpg',
            'profile_link_color': '981CEB',
            'profile_sidebar_border_color': 'BDDCAD',
            'profile_sidebar_fill_color': 'DDFFCC',
            'profile_text_color': '333333',
            'profile_use_background_image': True,
            'protected': False,
            'screen_name': 'PaulESamson',
            'statuses_count': 23471,
            'time_zone': None,
            'translator_type': 'none',
            'url': 'https://t.co/g6AL7qUPh5',
            'utc_offset': None,
            'verified': False}}
----------Summary----------
{ 'entities': { 'urls': { 'display_url': 'twitter.com/i/web/status/1…',
                          'expanded_url': 'https://twitter.com/i/web/status/1156582151850254338'}},
  'id_str': '1156582151850254338',
  'text': '#craig_wright calls rivals frauds, despite doctoring documents in '
          '2014 reported by https://t.co/ai67iu2dzp ---- '
          'https://t.co/ciqtwnswpi',
  'user': { 'entities': {},
            'id_str': '126159663',
            'twitter_user': 'PaulESamson'}}
----------Groups----------
{ 'Bitcoin': ['bitcoin', 'Bitcoin', 'btc', 'satoshi nakamoto'],
  'Ethereum': ['ethereum', 'Ethereum', 'eth', 'vitalik buterin'],
  'Litecoin': ['litecoin', 'Litecoin', 'ltc', 'charles lee'],
  'Monero': ['monero', 'Monero', 'xmr', 'riccardo spagni'],
  'Ripple': [ 'ripple',
              'Ripple',
              'xrp',
              'xrapid',
              'xcurrent',
              'chris larsen',
              'jed mccaleb']}
---------------------------Fetch-------2019-07-31 15:54:45.417116: Tweet filed under "misc":----------Data----------
{ 'contributors': None,
  'coordinates': None,
  'created_at': 'Wed Jul 31 13:36:44 +0000 2019',
  'entities': { 'hashtags': [],
                'symbols': [],
                'urls': [ { 'display_url': 'twitter.com/i/web/status/1…',
                            'expanded_url': 'https://twitter.com/i/web/status/1156559320378695680',
                            'indices': [116, 139],
                            'url': 'https://t.co/k9IoXTqiIg'}],
                'user_mentions': []},
  'favorite_count': 0,
  'favorited': False,
  'geo': None,
  'id': 1156559320378695680,
  'id_str': '1156559320378695680',
  'in_reply_to_screen_name': None,
  'in_reply_to_status_id': None,
  'in_reply_to_status_id_str': None,
  'in_reply_to_user_id': None,
  'in_reply_to_user_id_str': None,
  'is_quote_status': False,
  'lang': 'en',
  'metadata': {'iso_language_code': 'en', 'result_type': 'recent'},
  'place': None,
  'possibly_sensitive': False,
  'retweet_count': 0,
  'retweeted': False,
  'source': '<a href="https://curiouscat.me" rel="nofollow">Curious Cat</a>',
  'text': 'If there were a time machine that would take you to meet some '
          'famous person of antiquity, who would you like to t…… '
          'https://t.co/k9IoXTqiIg',
  'truncated': True,
  'user': { 'contributors_enabled': False,
            'created_at': 'Wed Mar 27 16:16:10 +0000 2013',
            'default_profile': False,
            'default_profile_image': False,
            'description': "6'0 //Illustrations//Photography//Videography "
                           '//Crypto/Travel//',
            'entities': {'description': {'urls': []}},
            'favourites_count': 3998,
            'follow_request_sent': None,
            'followers_count': 259,
            'following': None,
            'friends_count': 919,
            'geo_enabled': False,
            'has_extended_profile': True,
            'id': 1307897232,
            'id_str': '1307897232',
            'is_translation_enabled': False,
            'is_translator': False,
            'lang': None,
            'listed_count': 5,
            'location': 'Batangas City, Calabarzon',
            'name': 'Ranlou',
            'notifications': None,
            'profile_background_color': '000000',
            'profile_background_image_url': 'http://abs.twimg.com/images/themes/theme1/bg.png',
            'profile_background_image_url_https': 'https://abs.twimg.com/images/themes/theme1/bg.png',
            'profile_background_tile': False,
            'profile_banner_url': 'https://pbs.twimg.com/profile_banners/1307897232/1563540580',
            'profile_image_url': 'http://pbs.twimg.com/profile_images/1152199082728808449/VMmKoDIs_normal.jpg',
            'profile_image_url_https': 'https://pbs.twimg.com/profile_images/1152199082728808449/VMmKoDIs_normal.jpg',
            'profile_link_color': 'ABB8C2',
            'profile_sidebar_border_color': '000000',
            'profile_sidebar_fill_color': '000000',
            'profile_text_color': '000000',
            'profile_use_background_image': False,
            'protected': False,
            'screen_name': 'ranlou27',
            'statuses_count': 3212,
            'time_zone': None,
            'translator_type': 'none',
            'url': None,
            'utc_offset': None,
            'verified': False}}
----------Summary----------
{ 'entities': { 'urls': { 'display_url': 'twitter.com/i/web/status/1…',
                          'expanded_url': 'https://twitter.com/i/web/status/1156559320378695680'}},
  'id_str': '1156559320378695680',
  'text': 'if there were a time machine that would take you to meet some '
          'famous person of antiquity, who would you like to t '
          'https://t.co/k9ioxtqiig',
  'user': {'entities': {}, 'id_str': '1307897232', 'twitter_user': 'ranlou27'}}
----------Groups----------
{ 'Bitcoin': ['bitcoin', 'Bitcoin', 'btc', 'satoshi nakamoto'],
  'Ethereum': ['ethereum', 'Ethereum', 'eth', 'vitalik buterin'],
  'Litecoin': ['litecoin', 'Litecoin', 'ltc', 'charles lee'],
  'Monero': ['monero', 'Monero', 'xmr', 'riccardo spagni'],
  'Ripple': [ 'ripple',
              'Ripple',
              'xrp',
              'xrapid',
              'xcurrent',
              'chris larsen',
              'jed mccaleb']}
---------------------------Fetch-------2019-07-31 15:54:47.423279: Tweet filed under "misc":----------Data----------
{ 'contributors': None,
  'coordinates': None,
  'created_at': 'Wed Jul 31 12:48:26 +0000 2019',
  'entities': { 'hashtags': [{'indices': [101, 109], 'text': 'satoshi'}],
                'symbols': [],
                'urls': [ { 'display_url': 'twitter.com/i/web/status/1…',
                            'expanded_url': 'https://twitter.com/i/web/status/1156547163721220096',
                            'indices': [111, 134],
                            'url': 'https://t.co/RnwiFaSPVw'}],
                'user_mentions': [ { 'id': 938744084050710528,
                                     'id_str': '938744084050710528',
                                     'indices': [0, 12],
                                     'name': 'Up Down',
                                     'screen_name': 'updownsharp'},
                                   { 'id': 962999272890302464,
                                     'id_str': '962999272890302464',
                                     'indices': [13, 24],
                                     'name': 'Andru',
                                     'screen_name': 'AndruT1986'}]},
  'favorite_count': 0,
  'favorited': False,
  'geo': None,
  'id': 1156547163721220096,
  'id_str': '1156547163721220096',
  'in_reply_to_screen_name': 'updownsharp',
  'in_reply_to_status_id': 1156534493051838464,
  'in_reply_to_status_id_str': '1156534493051838464',
  'in_reply_to_user_id': 938744084050710528,
  'in_reply_to_user_id_str': '938744084050710528',
  'is_quote_status': False,
  'lang': 'en',
  'metadata': {'iso_language_code': 'en', 'result_type': 'recent'},
  'place': None,
  'retweet_count': 0,
  'retweeted': False,
  'source': '<a href="http://twitter.com/#!/download/ipad" '
            'rel="nofollow">Twitter for iPad</a>',
  'text': '@updownsharp @AndruT1986 You do not need to state, what I need to '
          'do or not, because You are not me, #satoshi… '
          'https://t.co/RnwiFaSPVw',
  'truncated': True,
  'user': { 'contributors_enabled': False,
            'created_at': 'Sun Nov 15 15:40:34 +0000 2015',
            'default_profile': True,
            'default_profile_image': False,
            'description': 'Wisdom is inside the Heart. \n'
                           '#sato #shi #naka #moto\n'
                           'Jurgen Etienne Guido DEBO \n'
                           'PGP key: 0x18C09E865EC948A1\n'
                           'DE4E FCA3 E1AB 9E41 CE96  CECB 18C0 9E86 5EC9 48A1',
            'entities': {'description': {'urls': []}},
            'favourites_count': 578,
            'follow_request_sent': None,
            'followers_count': 4634,
            'following': None,
            'friends_count': 381,
            'geo_enabled': False,
            'has_extended_profile': True,
            'id': 4194920189,
            'id_str': '4194920189',
            'is_translation_enabled': False,
            'is_translator': False,
            'lang': None,
            'listed_count': 76,
            'location': 'Belgium',
            'name': 'Satoshi Nakamoto',
            'notifications': None,
            'profile_background_color': 'C0DEED',
            'profile_background_image_url': 'http://abs.twimg.com/images/themes/theme1/bg.png',
            'profile_background_image_url_https': 'https://abs.twimg.com/images/themes/theme1/bg.png',
            'profile_background_tile': False,
            'profile_banner_url': 'https://pbs.twimg.com/profile_banners/4194920189/1457295362',
            'profile_image_url': 'http://pbs.twimg.com/profile_images/762317430030995456/lKx-oKC4_normal.jpg',
            'profile_image_url_https': 'https://pbs.twimg.com/profile_images/762317430030995456/lKx-oKC4_normal.jpg',
            'profile_link_color': '1DA1F2',
            'profile_sidebar_border_color': 'C0DEED',
            'profile_sidebar_fill_color': 'DDEEF6',
            'profile_text_color': '333333',
            'profile_use_background_image': True,
            'protected': False,
            'screen_name': 'realSatoshiN',
            'statuses_count': 2272,
            'time_zone': None,
            'translator_type': 'none',
            'url': None,
            'utc_offset': None,
            'verified': False}}
----------Summary----------
{ 'entities': { 'urls': { 'display_url': 'twitter.com/i/web/status/1…',
                          'expanded_url': 'https://twitter.com/i/web/status/1156547163721220096'}},
  'id_str': '1156547163721220096',
  'text': '@updownsharp @andrut1986 you do not need to state, what i need to '
          'do or not, because you are not me, #satoshi https://t.co/rnwifaspvw',
  'user': { 'entities': {},
            'id_str': '4194920189',
            'twitter_user': 'realSatoshiN'}}
----------Groups----------
{ 'Bitcoin': ['bitcoin', 'Bitcoin', 'btc', 'satoshi nakamoto'],
  'Ethereum': ['ethereum', 'Ethereum', 'eth', 'vitalik buterin'],
  'Litecoin': ['litecoin', 'Litecoin', 'ltc', 'charles lee'],
  'Monero': ['monero', 'Monero', 'xmr', 'riccardo spagni'],
  'Ripple': [ 'ripple',
              'Ripple',
              'xrp',
              'xrapid',
              'xcurrent',
              'chris larsen',
              'jed mccaleb']}
---------------------------Fetch-------2019-07-31 15:54:47.721453: Tweet filed under "misc":----------Data----------
{ 'contributors': None,
  'coordinates': None,
  'created_at': 'Wed Jul 31 19:52:56 +0000 2019',
  'entities': { 'hashtags': [ {'indices': [14, 23], 'text': 'BitValve'},
                              {'indices': [24, 39], 'text': 'Cryptocurrency'},
                              {'indices': [49, 53], 'text': 'ICO'},
                              {'indices': [78, 82], 'text': 'ICO'},
                              {'indices': [125, 129], 'text': 'MVP'}],
                'symbols': [],
                'urls': [],
                'user_mentions': [ { 'id': 1064475558329937926,
                                     'id_str': '1064475558329937926',
                                     'indices': [3, 12],
                                     'name': 'BitValve Cryptocurrency Exchange',
                                     'screen_name': 'bitvalve'},
                                   { 'id': 764788651872096256,
                                     'id_str': '764788651872096256',
                                     'indices': [95, 108],
                                     'name': 'CoinSchedule',
                                     'screen_name': 'coinschedule'}]},
  'favorite_count': 0,
  'favorited': False,
  'geo': None,
  'id': 1156653995882139649,
  'id_str': '1156653995882139649',
  'in_reply_to_screen_name': None,
  'in_reply_to_status_id': None,
  'in_reply_to_status_id_str': None,
  'in_reply_to_user_id': None,
  'in_reply_to_user_id_str': None,
  'is_quote_status': False,
  'lang': 'en',
  'metadata': {'iso_language_code': 'en', 'result_type': 'recent'},
  'place': None,
  'retweet_count': 306,
  'retweeted': False,
  'retweeted_status': { 'contributors': None,
                        'coordinates': None,
                        'created_at': 'Wed Jul 31 11:58:57 +0000 2019',
                        'entities': { 'hashtags': [ { 'indices': [0, 9],
                                                      'text': 'BitValve'},
                                                    { 'indices': [10, 25],
                                                      'text': 'Cryptocurrency'},
                                                    { 'indices': [35, 39],
                                                      'text': 'ICO'},
                                                    { 'indices': [64, 68],
                                                      'text': 'ICO'},
                                                    { 'indices': [111, 115],
                                                      'text': 'MVP'}],
                                      'symbols': [],
                                      'urls': [ { 'display_url': 'twitter.com/i/web/status/1…',
                                                  'expanded_url': 'https://twitter.com/i/web/status/1156534713856724992',
                                                  'indices': [117, 140],
                                                  'url': 'https://t.co/aRoDetDZB2'}],
                                      'user_mentions': [ { 'id': 764788651872096256,
                                                           'id_str': '764788651872096256',
                                                           'indices': [81, 94],
                                                           'name': 'CoinSchedule',
                                                           'screen_name': 'coinschedule'}]},
                        'favorite_count': 238,
                        'favorited': False,
                        'geo': None,
                        'id': 1156534713856724992,
                        'id_str': '1156534713856724992',
                        'in_reply_to_screen_name': None,
                        'in_reply_to_status_id': None,
                        'in_reply_to_status_id_str': None,
                        'in_reply_to_user_id': None,
                        'in_reply_to_user_id_str': None,
                        'is_quote_status': False,
                        'lang': 'en',
                        'metadata': { 'iso_language_code': 'en',
                                      'result_type': 'recent'},
                        'place': None,
                        'possibly_sensitive': False,
                        'retweet_count': 306,
                        'retweeted': False,
                        'source': '<a href="https://mobile.twitter.com" '
                                  'rel="nofollow">Twitter Web App</a>',
                        'text': '#BitValve #Cryptocurrency Exchange #ICO is '
                                'rated among the best #ICO projects on '
                                '@coinschedule!\n'
                                '\n'
                                'Check out our #MVP… https://t.co/aRoDetDZB2',
                        'truncated': True,
                        'user': { 'contributors_enabled': False,
                                  'created_at': 'Mon Nov 19 11:08:44 +0000 '
                                                '2018',
                                  'default_profile': False,
                                  'default_profile_image': False,
                                  'description': 'Buy, Sell and Trade your '
                                                 'favorite Cryptocurrency '
                                                 'using any payment method '
                                                 'available!',
                                  'entities': { 'description': {'urls': []},
                                                'url': { 'urls': [ { 'display_url': 'bitvalve.com',
                                                                     'expanded_url': 'https://www.bitvalve.com/',
                                                                     'indices': [ 0,
                                                                                  23],
                                                                     'url': 'https://t.co/LZzpLQkNMY'}]}},
                                  'favourites_count': 25,
                                  'follow_request_sent': None,
                                  'followers_count': 5834,
                                  'following': None,
                                  'friends_count': 11,
                                  'geo_enabled': False,
                                  'has_extended_profile': True,
                                  'id': 1064475558329937926,
                                  'id_str': '1064475558329937926',
                                  'is_translation_enabled': False,
                                  'is_translator': False,
                                  'lang': None,
                                  'listed_count': 12,
                                  'location': 'Cyprus',
                                  'name': 'BitValve Cryptocurrency Exchange',
                                  'notifications': None,
                                  'profile_background_color': '000000',
                                  'profile_background_image_url': 'http://abs.twimg.com/images/themes/theme1/bg.png',
                                  'profile_background_image_url_https': 'https://abs.twimg.com/images/themes/theme1/bg.png',
                                  'profile_background_tile': False,
                                  'profile_banner_url': 'https://pbs.twimg.com/profile_banners/1064475558329937926/1549939623',
                                  'profile_image_url': 'http://pbs.twimg.com/profile_images/1095152392176324608/CTvAkgJ4_normal.jpg',
                                  'profile_image_url_https': 'https://pbs.twimg.com/profile_images/1095152392176324608/CTvAkgJ4_normal.jpg',
                                  'profile_link_color': '7FDBB6',
                                  'profile_sidebar_border_color': '000000',
                                  'profile_sidebar_fill_color': '000000',
                                  'profile_text_color': '000000',
                                  'profile_use_background_image': False,
                                  'protected': False,
                                  'screen_name': 'bitvalve',
                                  'statuses_count': 97,
                                  'time_zone': None,
                                  'translator_type': 'none',
                                  'url': 'https://t.co/LZzpLQkNMY',
                                  'utc_offset': None,
                                  'verified': False}},
  'source': '<a href="https://mobile.twitter.com" rel="nofollow">Twitter Web '
            'App</a>',
  'text': 'RT @bitvalve: #BitValve #Cryptocurrency Exchange #ICO is rated '
          'among the best #ICO projects on @coinschedule!\n'
          '\n'
          'Check out our #MVP at https:…',
  'truncated': False,
  'user': { 'contributors_enabled': False,
            'created_at': 'Sat Apr 13 18:41:00 +0000 2019',
            'default_profile': True,
            'default_profile_image': False,
            'description': '',
            'entities': {'description': {'urls': []}},
            'favourites_count': 59,
            'follow_request_sent': None,
            'followers_count': 14,
            'following': None,
            'friends_count': 230,
            'geo_enabled': False,
            'has_extended_profile': False,
            'id': 1117135615731093504,
            'id_str': '1117135615731093504',
            'is_translation_enabled': False,
            'is_translator': False,
            'lang': None,
            'listed_count': 0,
            'location': '',
            'name': 'Pavlo Shakhno',
            'notifications': None,
            'profile_background_color': 'F5F8FA',
            'profile_background_image_url': None,
            'profile_background_image_url_https': None,
            'profile_background_tile': False,
            'profile_image_url': 'http://pbs.twimg.com/profile_images/1117137001038393346/AuIglsHI_normal.jpg',
            'profile_image_url_https': 'https://pbs.twimg.com/profile_images/1117137001038393346/AuIglsHI_normal.jpg',
            'profile_link_color': '1DA1F2',
            'profile_sidebar_border_color': 'C0DEED',
            'profile_sidebar_fill_color': 'DDEEF6',
            'profile_text_color': '333333',
            'profile_use_background_image': True,
            'protected': False,
            'screen_name': 'Pavlo42685595',
            'statuses_count': 200,
            'time_zone': None,
            'translator_type': 'none',
            'url': None,
            'utc_offset': None,
            'verified': False}}
----------Summary----------
{ 'entities': {},
  'id_str': '1156653995882139649',
  'retweeted_status': { 'entities': { 'urls': { 'display_url': 'twitter.com/i/web/status/1…',
                                                'expanded_url': 'https://twitter.com/i/web/status/1156534713856724992'}},
                        'id_str': '1156534713856724992',
                        'text': '#bitvalve #cryptocurrency exchange #ico is '
                                'rated among the best #ico projects on '
                                '@coinschedule!  check out our #mvp '
                                'https://t.co/arodetdzb2',
                        'user': { 'entities': {},
                                  'id_str': '1064475558329937926',
                                  'twitter_user': 'bitvalve'}},
  'text': 'rt @bitvalve: #bitvalve #cryptocurrency exchange #ico is rated '
          'among the best #ico projects on @coinschedule!  check out our #mvp '
          'at https:',
  'user': { 'entities': {},
            'id_str': '1117135615731093504',
            'twitter_user': 'Pavlo42685595'}}
----------Groups----------
{ 'Bitcoin': ['bitcoin', 'Bitcoin', 'btc', 'satoshi nakamoto'],
  'Ethereum': ['ethereum', 'Ethereum', 'eth', 'vitalik buterin'],
  'Litecoin': ['litecoin', 'Litecoin', 'ltc', 'charles lee'],
  'Monero': ['monero', 'Monero', 'xmr', 'riccardo spagni'],
  'Ripple': [ 'ripple',
              'Ripple',
              'xrp',
              'xrapid',
              'xcurrent',
              'chris larsen',
              'jed mccaleb']}
---------------------------Fetch-------2019-07-31 15:54:48.573907: Tweet filed under "misc":----------Data----------
{ 'contributors': None,
  'coordinates': None,
  'created_at': 'Wed Jul 31 19:52:40 +0000 2019',
  'entities': { 'hashtags': [ {'indices': [41, 47], 'text': 'ERC20'},
                              {'indices': [48, 54], 'text': 'token'}],
                'symbols': [],
                'urls': [ { 'display_url': 'twitter.com/i/web/status/1…',
                            'expanded_url': 'https://twitter.com/i/web/status/1156653925979906049',
                            'indices': [117, 140],
                            'url': 'https://t.co/4JJMr6guGu'}],
                'user_mentions': [ { 'id': 939291589754654721,
                                     'id_str': '939291589754654721',
                                     'indices': [15, 27],
                                     'name': 'Pocketful of Quarters',
                                     'screen_name': 'BuyQuarters'}]},
  'favorite_count': 0,
  'favorited': False,
  'geo': None,
  'id': 1156653925979906049,
  'id_str': '1156653925979906049',
  'in_reply_to_screen_name': None,
  'in_reply_to_status_id': None,
  'in_reply_to_status_id_str': None,
  'in_reply_to_user_id': None,
  'in_reply_to_user_id_str': None,
  'is_quote_status': False,
  'lang': 'en',
  'metadata': {'iso_language_code': 'en', 'result_type': 'recent'},
  'place': None,
  'possibly_sensitive': False,
  'retweet_count': 0,
  'retweeted': False,
  'source': '<a href="https://mobile.twitter.com" rel="nofollow">Twitter Web '
            'App</a>',
  'text': 'Gaming startup @BuyQuarters is the first #ERC20 #token to receive '
          'SEC approval and their Google Play Store and Appl… '
          'https://t.co/4JJMr6guGu',
  'truncated': True,
  'user': { 'contributors_enabled': False,
            'created_at': 'Fri Nov 16 15:16:15 +0000 2018',
            'default_profile': False,
            'default_profile_image': False,
            'description': 'The latest from the #blockchain world.',
            'entities': { 'description': {'urls': []},
                          'url': { 'urls': [ { 'display_url': 'chainbulletin.com',
                                               'expanded_url': 'https://chainbulletin.com/',
                                               'indices': [0, 23],
                                               'url': 'https://t.co/Kxv0cj508H'}]}},
            'favourites_count': 23,
            'follow_request_sent': None,
            'followers_count': 3374,
            'following': None,
            'friends_count': 88,
            'geo_enabled': False,
            'has_extended_profile': False,
            'id': 1063450682899030017,
            'id_str': '1063450682899030017',
            'is_translation_enabled': False,
            'is_translator': False,
            'lang': None,
            'listed_count': 1,
            'location': 'Sofia, Bulgaria',
            'name': 'ChainBulletin',
            'notifications': None,
            'profile_background_color': '000000',
            'profile_background_image_url': 'http://abs.twimg.com/images/themes/theme1/bg.png',
            'profile_background_image_url_https': 'https://abs.twimg.com/images/themes/theme1/bg.png',
            'profile_background_tile': False,
            'profile_banner_url': 'https://pbs.twimg.com/profile_banners/1063450682899030017/1561764861',
            'profile_image_url': 'http://pbs.twimg.com/profile_images/1094579194212823040/rsZZtbij_normal.jpg',
            'profile_image_url_https': 'https://pbs.twimg.com/profile_images/1094579194212823040/rsZZtbij_normal.jpg',
            'profile_link_color': 'FF691F',
            'profile_sidebar_border_color': '000000',
            'profile_sidebar_fill_color': '000000',
            'profile_text_color': '000000',
            'profile_use_background_image': False,
            'protected': False,
            'screen_name': 'bulletinchain',
            'statuses_count': 311,
            'time_zone': None,
            'translator_type': 'none',
            'url': 'https://t.co/Kxv0cj508H',
            'utc_offset': None,
            'verified': False}}
----------Summary----------
{ 'entities': { 'urls': { 'display_url': 'twitter.com/i/web/status/1…',
                          'expanded_url': 'https://twitter.com/i/web/status/1156653925979906049'}},
  'id_str': '1156653925979906049',
  'text': 'gaming startup @buyquarters is the first #erc20 #token to receive '
          'sec approval and their google play store and appl '
          'https://t.co/4jjmr6gugu',
  'user': { 'entities': {},
            'id_str': '1063450682899030017',
            'twitter_user': 'bulletinchain'}}
----------Groups----------
{ 'Bitcoin': ['bitcoin', 'Bitcoin', 'btc', 'satoshi nakamoto'],
  'Ethereum': ['ethereum', 'Ethereum', 'eth', 'vitalik buterin'],
  'Litecoin': ['litecoin', 'Litecoin', 'ltc', 'charles lee'],
  'Monero': ['monero', 'Monero', 'xmr', 'riccardo spagni'],
  'Ripple': [ 'ripple',
              'Ripple',
              'xrp',
              'xrapid',
              'xcurrent',
              'chris larsen',
              'jed mccaleb']}
---------------------------Fetch-------2019-07-31 15:54:49.359031: Tweet filed under "misc":----------Data----------
{ 'contributors': None,
  'coordinates': None,
  'created_at': 'Wed Jul 31 19:52:30 +0000 2019',
  'entities': { 'hashtags': [{'indices': [23, 28], 'text': 'Link'}],
                'symbols': [],
                'urls': [ { 'display_url': 'twitter.com/i/web/status/1…',
                            'expanded_url': 'https://twitter.com/i/web/status/1156653886012297217',
                            'indices': [117, 140],
                            'url': 'https://t.co/SJz6et5Chk'}],
                'user_mentions': []},
  'favorite_count': 0,
  'favorited': False,
  'geo': None,
  'id': 1156653886012297217,
  'id_str': '1156653886012297217',
  'in_reply_to_screen_name': None,
  'in_reply_to_status_id': None,
  'in_reply_to_status_id_str': None,
  'in_reply_to_user_id': None,
  'in_reply_to_user_id_str': None,
  'is_quote_status': False,
  'lang': 'en',
  'metadata': {'iso_language_code': 'en', 'result_type': 'recent'},
  'place': None,
  'retweet_count': 0,
  'retweeted': False,
  'source': '<a href="http://twitter.com/download/android" '
            'rel="nofollow">Twitter for Android</a>',
  'text': "I don't understand how #Link is still in a downtrend when it is by "
          'far one of the most important pieces of infrastr… '
          'https://t.co/SJz6et5Chk',
  'truncated': True,
  'user': { 'contributors_enabled': False,
            'created_at': 'Tue Jan 29 10:52:12 +0000 2013',
            'default_profile': False,
            'default_profile_image': False,
            'description': 'World Traveller , Philosophy apprentice,  '
                           'Consciousness Explorer , Space + Science '
                           'Enthusiast, History Nut',
            'entities': {'description': {'urls': []}},
            'favourites_count': 15462,
            'follow_request_sent': None,
            'followers_count': 476,
            'following': None,
            'friends_count': 887,
            'geo_enabled': True,
            'has_extended_profile': False,
            'id': 1130699100,
            'id_str': '1130699100',
            'is_translation_enabled': False,
            'is_translator': False,
            'lang': None,
            'listed_count': 29,
            'location': 'Utrecht, The Netherlands',
            'name': 'Tomo',
            'notifications': None,
            'profile_background_color': '000000',
            'profile_background_image_url': 'http://abs.twimg.com/images/themes/theme1/bg.png',
            'profile_background_image_url_https': 'https://abs.twimg.com/images/themes/theme1/bg.png',
            'profile_background_tile': False,
            'profile_banner_url': 'https://pbs.twimg.com/profile_banners/1130699100/1548179868',
            'profile_image_url': 'http://pbs.twimg.com/profile_images/1087770995665133571/yzIDqFbd_normal.jpg',
            'profile_image_url_https': 'https://pbs.twimg.com/profile_images/1087770995665133571/yzIDqFbd_normal.jpg',
            'profile_link_color': '1B95E0',
            'profile_sidebar_border_color': '000000',
            'profile_sidebar_fill_color': '000000',
            'profile_text_color': '000000',
            'profile_use_background_image': False,
            'protected': False,
            'screen_name': 'JaredMcKraken',
            'statuses_count': 12166,
            'time_zone': None,
            'translator_type': 'none',
            'url': None,
            'utc_offset': None,
            'verified': False}}
----------Summary----------
{ 'entities': { 'urls': { 'display_url': 'twitter.com/i/web/status/1…',
                          'expanded_url': 'https://twitter.com/i/web/status/1156653886012297217'}},
  'id_str': '1156653886012297217',
  'text': "i don't understand how #link is still in a downtrend when it is by "
          'far one of the most important pieces of infrastr '
          'https://t.co/sjz6et5chk',
  'user': { 'entities': {},
            'id_str': '1130699100',
            'twitter_user': 'JaredMcKraken'}}
----------Groups----------
{ 'Bitcoin': ['bitcoin', 'Bitcoin', 'btc', 'satoshi nakamoto'],
  'Ethereum': ['ethereum', 'Ethereum', 'eth', 'vitalik buterin'],
  'Litecoin': ['litecoin', 'Litecoin', 'ltc', 'charles lee'],
  'Monero': ['monero', 'Monero', 'xmr', 'riccardo spagni'],
  'Ripple': [ 'ripple',
              'Ripple',
              'xrp',
              'xrapid',
              'xcurrent',
              'chris larsen',
              'jed mccaleb']}
---------------------------Fetch-------2019-07-31 15:54:49.580686: Tweet filed under "misc":----------Data----------
{ 'contributors': None,
  'coordinates': None,
  'created_at': 'Wed Jul 31 19:51:57 +0000 2019',
  'entities': { 'hashtags': [{'indices': [61, 68], 'text': 'gaming'}],
                'symbols': [],
                'urls': [],
                'user_mentions': [ { 'id': 20356963,
                                     'id_str': '20356963',
                                     'indices': [3, 9],
                                     'name': 'Enjin',
                                     'screen_name': 'enjin'}]},
  'favorite_count': 0,
  'favorited': False,
  'geo': None,
  'id': 1156653747713597440,
  'id_str': '1156653747713597440',
  'in_reply_to_screen_name': None,
  'in_reply_to_status_id': None,
  'in_reply_to_status_id_str': None,
  'in_reply_to_user_id': None,
  'in_reply_to_user_id_str': None,
  'is_quote_status': False,
  'lang': 'en',
  'metadata': {'iso_language_code': 'en', 'result_type': 'recent'},
  'place': None,
  'retweet_count': 19,
  'retweeted': False,
  'retweeted_status': { 'contributors': None,
                        'coordinates': None,
                        'created_at': 'Wed Jul 31 19:15:07 +0000 2019',
                        'entities': { 'hashtags': [ { 'indices': [50, 57],
                                                      'text': 'gaming'}],
                                      'symbols': [],
                                      'urls': [ { 'display_url': 'twitter.com/i/web/status/1…',
                                                  'expanded_url': 'https://twitter.com/i/web/status/1156644477676789761',
                                                  'indices': [117, 140],
                                                  'url': 'https://t.co/gKjEHDg47t'}],
                                      'user_mentions': []},
                        'favorite_count': 36,
                        'favorited': False,
                        'geo': None,
                        'id': 1156644477676789761,
                        'id_str': '1156644477676789761',
                        'in_reply_to_screen_name': None,
                        'in_reply_to_status_id': None,
                        'in_reply_to_status_id_str': None,
                        'in_reply_to_user_id': None,
                        'in_reply_to_user_id_str': None,
                        'is_quote_status': False,
                        'lang': 'en',
                        'metadata': { 'iso_language_code': 'en',
                                      'result_type': 'recent'},
                        'place': None,
                        'possibly_sensitive': False,
                        'retweet_count': 19,
                        'retweeted': False,
                        'source': '<a href="https://buffer.com" '
                                  'rel="nofollow">Buffer</a>',
                        'text': 'Empower your players with true ownership of '
                                'their #gaming items and allow them to easily '
                                'link their decentralized i… '
                                'https://t.co/gKjEHDg47t',
                        'truncated': True,
                        'user': { 'contributors_enabled': False,
                                  'created_at': 'Sun Feb 08 09:09:19 +0000 '
                                                '2009',
                                  'default_profile': True,
                                  'default_profile_image': False,
                                  'description': 'Enjin offers an ecosystem of '
                                                 'integrated products for '
                                                 'managing, exploring, '
                                                 'distributing, and '
                                                 'integrating blockchain '
                                                 'assets. For support, use '
                                                 '@EnjinSupport.',
                                  'entities': { 'description': {'urls': []},
                                                'url': { 'urls': [ { 'display_url': 'enjin.io',
                                                                     'expanded_url': 'https://enjin.io',
                                                                     'indices': [ 0,
                                                                                  23],
                                                                     'url': 'https://t.co/6OrX88UoYz'}]}},
                                  'favourites_count': 0,
                                  'follow_request_sent': None,
                                  'followers_count': 46998,
                                  'following': None,
                                  'friends_count': 105,
                                  'geo_enabled': False,
                                  'has_extended_profile': False,
                                  'id': 20356963,
                                  'id_str': '20356963',
                                  'is_translation_enabled': False,
                                  'is_translator': False,
                                  'lang': None,
                                  'listed_count': 595,
                                  'location': 'Singapore',
                                  'name': 'Enjin',
                                  'notifications': None,
                                  'profile_background_color': 'C0DEED',
                                  'profile_background_image_url': 'http://abs.twimg.com/images/themes/theme1/bg.png',
                                  'profile_background_image_url_https': 'https://abs.twimg.com/images/themes/theme1/bg.png',
                                  'profile_background_tile': False,
                                  'profile_banner_url': 'https://pbs.twimg.com/profile_banners/20356963/1563953438',
                                  'profile_image_url': 'http://pbs.twimg.com/profile_images/1153929975092961280/rUSbPgRj_normal.png',
                                  'profile_image_url_https': 'https://pbs.twimg.com/profile_images/1153929975092961280/rUSbPgRj_normal.png',
                                  'profile_link_color': '1DA1F2',
                                  'profile_sidebar_border_color': 'C0DEED',
                                  'profile_sidebar_fill_color': 'DDEEF6',
                                  'profile_text_color': '333333',
                                  'profile_use_background_image': True,
                                  'protected': False,
                                  'screen_name': 'enjin',
                                  'statuses_count': 8539,
                                  'time_zone': None,
                                  'translator_type': 'none',
                                  'url': 'https://t.co/6OrX88UoYz',
                                  'utc_offset': None,
                                  'verified': False}},
  'source': '<a href="http://www.jsveterans.com" rel="nofollow">My first '
            'twitter like</a>',
  'text': 'RT @enjin: Empower your players with true ownership of their '
          '#gaming items and allow them to easily link their decentralized '
          'inventory to y…',
  'truncated': False,
  'user': { 'contributors_enabled': False,
            'created_at': 'Tue Apr 25 02:34:21 +0000 2017',
            'default_profile': False,
            'default_profile_image': False,
            'description': 'Starting on as a solo #IndieGameDev. My goal is to '
                           'help other #veterans in need thru local charities. '
                           'Help 1 to aid hundreds more. '
                           'https://t.co/sbUfzZKne0',
            'entities': { 'description': { 'urls': [ { 'display_url': 'Patreon.com/jsveterans',
                                                       'expanded_url': 'http://Patreon.com/jsveterans',
                                                       'indices': [131, 154],
                                                       'url': 'https://t.co/sbUfzZKne0'}]},
                          'url': { 'urls': [ { 'display_url': 'JustSomeVeterans.com',
                                               'expanded_url': 'http://JustSomeVeterans.com',
                                               'indices': [0, 23],
                                               'url': 'https://t.co/ZmQmBAKVsa'}]}},
            'favourites_count': 4955,
            'follow_request_sent': None,
            'followers_count': 1144,
            'following': None,
            'friends_count': 2058,
            'geo_enabled': False,
            'has_extended_profile': True,
            'id': 856697861479780353,
            'id_str': '856697861479780353',
            'is_translation_enabled': False,
            'is_translator': False,
            'lang': None,
            'listed_count': 22,
            'location': 'Colorado, USA',
            'name': 'JSVeterans',
            'notifications': None,
            'profile_background_color': '000000',
            'profile_background_image_url': 'http://abs.twimg.com/images/themes/theme1/bg.png',
            'profile_background_image_url_https': 'https://abs.twimg.com/images/themes/theme1/bg.png',
            'profile_background_tile': False,
            'profile_banner_url': 'https://pbs.twimg.com/profile_banners/856697861479780353/1527319477',
            'profile_image_url': 'http://pbs.twimg.com/profile_images/987462048408854528/2qPjnply_normal.jpg',
            'profile_image_url_https': 'https://pbs.twimg.com/profile_images/987462048408854528/2qPjnply_normal.jpg',
            'profile_link_color': 'E81C4F',
            'profile_sidebar_border_color': '000000',
            'profile_sidebar_fill_color': '000000',
            'profile_text_color': '000000',
            'profile_use_background_image': False,
            'protected': False,
            'screen_name': 'JSVeterans',
            'statuses_count': 26660,
            'time_zone': None,
            'translator_type': 'none',
            'url': 'https://t.co/ZmQmBAKVsa',
            'utc_offset': None,
            'verified': False}}
----------Summary----------
{ 'entities': {},
  'id_str': '1156653747713597440',
  'retweeted_status': { 'entities': { 'urls': { 'display_url': 'twitter.com/i/web/status/1…',
                                                'expanded_url': 'https://twitter.com/i/web/status/1156644477676789761'}},
                        'id_str': '1156644477676789761',
                        'text': 'empower your players with true ownership of '
                                'their #gaming items and allow them to easily '
                                'link their decentralized i '
                                'https://t.co/gkjehdg47t',
                        'user': { 'entities': {},
                                  'id_str': '20356963',
                                  'twitter_user': 'enjin'}},
  'text': 'rt @enjin: empower your players with true ownership of their '
          '#gaming items and allow them to easily link their decentralized '
          'inventory to y',
  'user': { 'entities': {},
            'id_str': '856697861479780353',
            'twitter_user': 'JSVeterans'}}
----------Groups----------
{ 'Bitcoin': ['bitcoin', 'Bitcoin', 'btc', 'satoshi nakamoto'],
  'Ethereum': ['ethereum', 'Ethereum', 'eth', 'vitalik buterin'],
  'Litecoin': ['litecoin', 'Litecoin', 'ltc', 'charles lee'],
  'Monero': ['monero', 'Monero', 'xmr', 'riccardo spagni'],
  'Ripple': [ 'ripple',
              'Ripple',
              'xrp',
              'xrapid',
              'xcurrent',
              'chris larsen',
              'jed mccaleb']}
---------------------------Fetch-------2019-07-31 15:54:50.669266: Tweet filed under "misc":----------Data----------
{ 'contributors': None,
  'coordinates': None,
  'created_at': 'Wed Jul 31 19:51:26 +0000 2019',
  'entities': { 'hashtags': [],
                'symbols': [],
                'urls': [],
                'user_mentions': [ { 'id': 4053977488,
                                     'id_str': '4053977488',
                                     'indices': [3, 16],
                                     'name': 'golem',
                                     'screen_name': 'golemproject'},
                                   { 'id': 999979500543897600,
                                     'id_str': '999979500543897600',
                                     'indices': [53, 68],
                                     'name': 'DappCon Berlin',
                                     'screen_name': 'dappcon_berlin'}]},
  'favorite_count': 0,
  'favorited': False,
  'geo': None,
  'id': 1156653616788381696,
  'id_str': '1156653616788381696',
  'in_reply_to_screen_name': None,
  'in_reply_to_status_id': None,
  'in_reply_to_status_id_str': None,
  'in_reply_to_user_id': None,
  'in_reply_to_user_id_str': None,
  'is_quote_status': True,
  'lang': 'en',
  'metadata': {'iso_language_code': 'en', 'result_type': 'recent'},
  'place': None,
  'quoted_status_id': 1156511127104155648,
  'quoted_status_id_str': '1156511127104155648',
  'retweet_count': 6,
  'retweeted': False,
  'retweeted_status': { 'contributors': None,
                        'coordinates': None,
                        'created_at': 'Wed Jul 31 12:27:54 +0000 2019',
                        'entities': { 'hashtags': [],
                                      'symbols': [],
                                      'urls': [ { 'display_url': 'twitter.com/i/web/status/1…',
                                                  'expanded_url': 'https://twitter.com/i/web/status/1156541997638963200',
                                                  'indices': [117, 140],
                                                  'url': 'https://t.co/NrbCXgIRLC'}],
                                      'user_mentions': [ { 'id': 999979500543897600,
                                                           'id_str': '999979500543897600',
                                                           'indices': [35, 50],
                                                           'name': 'DappCon '
                                                                   'Berlin',
                                                           'screen_name': 'dappcon_berlin'}]},
                        'favorite_count': 17,
                        'favorited': False,
                        'geo': None,
                        'id': 1156541997638963200,
                        'id_str': '1156541997638963200',
                        'in_reply_to_screen_name': None,
                        'in_reply_to_status_id': None,
                        'in_reply_to_status_id_str': None,
                        'in_reply_to_user_id': None,
                        'in_reply_to_user_id_str': None,
                        'is_quote_status': True,
                        'lang': 'en',
                        'metadata': { 'iso_language_code': 'en',
                                      'result_type': 'recent'},
                        'place': None,
                        'possibly_sensitive': False,
                        'quoted_status': { 'contributors': None,
                                           'coordinates': None,
                                           'created_at': 'Wed Jul 31 10:25:14 '
                                                         '+0000 2019',
                                           'entities': { 'hashtags': [],
                                                         'symbols': [],
                                                         'urls': [ { 'display_url': 'twitter.com/i/web/status/1…',
                                                                     'expanded_url': 'https://twitter.com/i/web/status/1156511127104155648',
                                                                     'indices': [ 117,
                                                                                  140],
                                                                     'url': 'https://t.co/sUjZB51NDB'}],
                                                         'user_mentions': [ { 'id': 4053977488,
                                                                              'id_str': '4053977488',
                                                                              'indices': [ 27,
                                                                                           40],
                                                                              'name': 'golem',
                                                                              'screen_name': 'golemproject'}]},
                                           'favorite_count': 7,
                                           'favorited': False,
                                           'geo': None,
                                           'id': 1156511127104155648,
                                           'id_str': '1156511127104155648',
                                           'in_reply_to_screen_name': None,
                                           'in_reply_to_status_id': None,
                                           'in_reply_to_status_id_str': None,
                                           'in_reply_to_user_id': None,
                                           'in_reply_to_user_id_str': None,
                                           'is_quote_status': False,
                                           'lang': 'en',
                                           'metadata': { 'iso_language_code': 'en',
                                                         'result_type': 'recent'},
                                           'place': None,
                                           'possibly_sensitive': False,
                                           'retweet_count': 2,
                                           'retweeted': False,
                                           'source': '<a '
                                                     'href="https://mobile.twitter.com" '
                                                     'rel="nofollow">Twitter '
                                                     'Web App</a>',
                                           'text': 'Aleksandra Skrzypczak from '
                                                   '@Golemproject talks with '
                                                   'us about resisting '
                                                   'censorship, launching '
                                                   'gWASM, and building th… '
                                                   'https://t.co/sUjZB51NDB',
                                           'truncated': True,
                                           'user': { 'contributors_enabled': False,
                                                     'created_at': 'Fri May 25 '
                                                                   '11:44:26 '
                                                                   '+0000 2018',
                                                     'default_profile': False,
                                                     'default_profile_image': False,
                                                     'description': 'A global '
                                                                    'developer '
                                                                    'conference '
                                                                    'for  '
                                                                    'Ethereum '
                                                                    'Dapps, '
                                                                    'Infrastructure, '
                                                                    'and token '
                                                                    'engineering '
                                                                    'August '
                                                                    '21-23 '
                                                                    '2019',
                                                     'entities': { 'description': { 'urls': [ ]},
                                                                   'url': { 'urls': [ { 'display_url': 'dappcon.io',
                                                                                        'expanded_url': 'https://www.dappcon.io/',
                                                                                        'indices': [ 0,
                                                                                                     23],
                                                                                        'url': 'https://t.co/5KApspRwLH'}]}},
                                                     'favourites_count': 115,
                                                     'follow_request_sent': None,
                                                     'followers_count': 1564,
                                                     'following': None,
                                                     'friends_count': 53,
                                                     'geo_enabled': False,
                                                     'has_extended_profile': False,
                                                     'id': 999979500543897600,
                                                     'id_str': '999979500543897600',
                                                     'is_translation_enabled': False,
                                                     'is_translator': False,
                                                     'lang': None,
                                                     'listed_count': 27,
                                                     'location': 'Berlin, '
                                                                 'Germany',
                                                     'name': 'DappCon Berlin',
                                                     'notifications': None,
                                                     'profile_background_color': '000000',
                                                     'profile_background_image_url': 'http://abs.twimg.com/images/themes/theme1/bg.png',
                                                     'profile_background_image_url_https': 'https://abs.twimg.com/images/themes/theme1/bg.png',
                                                     'profile_background_tile': False,
                                                     'profile_banner_url': 'https://pbs.twimg.com/profile_banners/999979500543897600/1554196103',
                                                     'profile_image_url': 'http://pbs.twimg.com/profile_images/1113005323051204609/SgouwgGK_normal.png',
                                                     'profile_image_url_https': 'https://pbs.twimg.com/profile_images/1113005323051204609/SgouwgGK_normal.png',
                                                     'profile_link_color': 'FF294E',
                                                     'profile_sidebar_border_color': '000000',
                                                     'profile_sidebar_fill_color': '000000',
                                                     'profile_text_color': '000000',
                                                     'profile_use_background_image': False,
                                                     'protected': False,
                                                     'screen_name': 'dappcon_berlin',
                                                     'statuses_count': 666,
                                                     'time_zone': None,
                                                     'translator_type': 'none',
                                                     'url': 'https://t.co/5KApspRwLH',
                                                     'utc_offset': None,
                                                     'verified': False}},
                        'quoted_status_id': 1156511127104155648,
                        'quoted_status_id_str': '1156511127104155648',
                        'retweet_count': 6,
                        'retweeted': False,
                        'source': '<a href="https://mobile.twitter.com" '
                                  'rel="nofollow">Twitter Web App</a>',
                        'text': "Check out Aleksandra's podcast for "
                                '@dappcon_berlin - quite a few interesting '
                                'bits! \n'
                                "Don't miss her talk: 10 questio… "
                                'https://t.co/NrbCXgIRLC',
                        'truncated': True,
                        'user': { 'contributors_enabled': False,
                                  'created_at': 'Tue Oct 27 14:23:54 +0000 '
                                                '2015',
                                  'default_profile': True,
                                  'default_profile_image': False,
                                  'description': 'Computing power, shared. '
                                                 'Rent your CPU/GPUs, get paid '
                                                 'in cryptocurrency.  Chat w/ '
                                                 'us @ https://t.co/2xoKSqDFQX',
                                  'entities': { 'description': { 'urls': [ { 'display_url': 'chat.golem.network',
                                                                             'expanded_url': 'http://chat.golem.network',
                                                                             'indices': [ 87,
                                                                                          110],
                                                                             'url': 'https://t.co/2xoKSqDFQX'}]},
                                                'url': { 'urls': [ { 'display_url': 'golem.network',
                                                                     'expanded_url': 'http://golem.network',
                                                                     'indices': [ 0,
                                                                                  23],
                                                                     'url': 'https://t.co/s9dL1WcFau'}]}},
                                  'favourites_count': 3992,
                                  'follow_request_sent': None,
                                  'followers_count': 150371,
                                  'following': None,
                                  'friends_count': 266,
                                  'geo_enabled': True,
                                  'has_extended_profile': False,
                                  'id': 4053977488,
                                  'id_str': '4053977488',
                                  'is_translation_enabled': False,
                                  'is_translator': False,
                                  'lang': None,
                                  'listed_count': 2063,
                                  'location': 'Warsaw, Poland',
                                  'name': 'golem',
                                  'notifications': None,
                                  'profile_background_color': 'C0DEED',
                                  'profile_background_image_url': 'http://abs.twimg.com/images/themes/theme1/bg.png',
                                  'profile_background_image_url_https': 'https://abs.twimg.com/images/themes/theme1/bg.png',
                                  'profile_background_tile': False,
                                  'profile_banner_url': 'https://pbs.twimg.com/profile_banners/4053977488/1542726710',
                                  'profile_image_url': 'http://pbs.twimg.com/profile_images/1064884069798801409/iU0RYexV_normal.jpg',
                                  'profile_image_url_https': 'https://pbs.twimg.com/profile_images/1064884069798801409/iU0RYexV_normal.jpg',
                                  'profile_link_color': '1DA1F2',
                                  'profile_sidebar_border_color': 'C0DEED',
                                  'profile_sidebar_fill_color': 'DDEEF6',
                                  'profile_text_color': '333333',
                                  'profile_use_background_image': True,
                                  'protected': False,
                                  'screen_name': 'golemproject',
                                  'statuses_count': 2709,
                                  'time_zone': None,
                                  'translator_type': 'none',
                                  'url': 'https://t.co/s9dL1WcFau',
                                  'utc_offset': None,
                                  'verified': True}},
  'source': '<a href="http://twitter.com/download/iphone" '
            'rel="nofollow">Twitter for iPhone</a>',
  'text': "RT @golemproject: Check out Aleksandra's podcast for "
          '@dappcon_berlin - quite a few interesting bits! \n'
          "Don't miss her talk: 10 questions to…",
  'truncated': False,
  'user': { 'contributors_enabled': False,
            'created_at': 'Tue Nov 01 08:19:32 +0000 2011',
            'default_profile': False,
            'default_profile_image': False,
            'description': 'R&D researcher and software developer '
                           '@golemproject. @rustlang fanatic. #WASI advocate.',
            'entities': { 'description': {'urls': []},
                          'url': { 'urls': [ { 'display_url': 'jakubkonka.com',
                                               'expanded_url': 'http://www.jakubkonka.com',
                                               'indices': [0, 23],
                                               'url': 'https://t.co/WKdAfxcbm7'}]}},
            'favourites_count': 231,
            'follow_request_sent': None,
            'followers_count': 96,
            'following': None,
            'friends_count': 75,
            'geo_enabled': True,
            'has_extended_profile': False,
            'id': 402567134,
            'id_str': '402567134',
            'is_translation_enabled': False,
            'is_translator': False,
            'lang': None,
            'listed_count': 3,
            'location': 'Warsaw, Poland',
            'name': 'Jakub Konka',
            'notifications': None,
            'profile_background_color': '9AE4E8',
            'profile_background_image_url': 'http://abs.twimg.com/images/themes/theme16/bg.gif',
            'profile_background_image_url_https': 'https://abs.twimg.com/images/themes/theme16/bg.gif',
            'profile_background_tile': False,
            'profile_banner_url': 'https://pbs.twimg.com/profile_banners/402567134/1505204114',
            'profile_image_url': 'http://pbs.twimg.com/profile_images/907518909930201088/pyxGG1cD_normal.jpg',
            'profile_image_url_https': 'https://pbs.twimg.com/profile_images/907518909930201088/pyxGG1cD_normal.jpg',
            'profile_link_color': '0084B4',
            'profile_sidebar_border_color': 'BDDCAD',
            'profile_sidebar_fill_color': 'DDFFCC',
            'profile_text_color': '333333',
            'profile_use_background_image': True,
            'protected': False,
            'screen_name': 'kubkon',
            'statuses_count': 944,
            'time_zone': None,
            'translator_type': 'none',
            'url': 'https://t.co/WKdAfxcbm7',
            'utc_offset': None,
            'verified': False}}
----------Summary----------
{ 'entities': {},
  'id_str': '1156653616788381696',
  'retweeted_status': { 'entities': { 'urls': { 'display_url': 'twitter.com/i/web/status/1…',
                                                'expanded_url': 'https://twitter.com/i/web/status/1156541997638963200'}},
                        'id_str': '1156541997638963200',
                        'quoted_status': { 'entities': { 'urls': { 'display_url': 'twitter.com/i/web/status/1…',
                                                                   'expanded_url': 'https://twitter.com/i/web/status/1156511127104155648'}},
                                           'id_str': '1156511127104155648',
                                           'text': 'aleksandra skrzypczak from '
                                                   '@golemproject talks with '
                                                   'us about resisting '
                                                   'censorship, launching '
                                                   'gwasm, and building th '
                                                   'https://t.co/sujzb51ndb',
                                           'user': { 'entities': {},
                                                     'id_str': '999979500543897600',
                                                     'twitter_user': 'dappcon_berlin'}},
                        'text': "check out aleksandra's podcast for "
                                '@dappcon_berlin - quite a few interesting '
                                "bits!  don't miss her talk: 10 questio "
                                'https://t.co/nrbcxgirlc',
                        'user': { 'entities': {},
                                  'id_str': '4053977488',
                                  'twitter_user': 'golemproject'}},
  'text': "rt @golemproject: check out aleksandra's podcast for "
          "@dappcon_berlin - quite a few interesting bits!  don't miss her "
          'talk: 10 questions to',
  'user': {'entities': {}, 'id_str': '402567134', 'twitter_user': 'kubkon'}}
----------Groups----------
{ 'Bitcoin': ['bitcoin', 'Bitcoin', 'btc', 'satoshi nakamoto'],
  'Ethereum': ['ethereum', 'Ethereum', 'eth', 'vitalik buterin'],
  'Litecoin': ['litecoin', 'Litecoin', 'ltc', 'charles lee'],
  'Monero': ['monero', 'Monero', 'xmr', 'riccardo spagni'],
  'Ripple': [ 'ripple',
              'Ripple',
              'xrp',
              'xrapid',
              'xcurrent',
              'chris larsen',
              'jed mccaleb']}
---------------------------Fetch-------2019-07-31 15:54:52.173269: Tweet filed under "misc":----------Data----------
{ 'contributors': None,
  'coordinates': None,
  'created_at': 'Wed Jul 31 19:51:16 +0000 2019',
  'entities': { 'hashtags': [],
                'symbols': [],
                'urls': [ { 'display_url': 'ift.tt/2OFysmm',
                            'expanded_url': 'https://ift.tt/2OFysmm',
                            'indices': [88, 111],
                            'url': 'https://t.co/v8T7c2eD9o'},
                          { 'display_url': 'twitter.com/i/web/status/1…',
                            'expanded_url': 'https://twitter.com/i/web/status/1156653573465395201',
                            'indices': [117, 140],
                            'url': 'https://t.co/SL9RycdnUA'}],
                'user_mentions': []},
  'favorite_count': 0,
  'favorited': False,
  'geo': None,
  'id': 1156653573465395201,
  'id_str': '1156653573465395201',
  'in_reply_to_screen_name': None,
  'in_reply_to_status_id': None,
  'in_reply_to_status_id_str': None,
  'in_reply_to_user_id': None,
  'in_reply_to_user_id_str': None,
  'is_quote_status': False,
  'lang': 'en',
  'metadata': {'iso_language_code': 'en', 'result_type': 'recent'},
  'place': None,
  'possibly_sensitive': False,
  'retweet_count': 0,
  'retweeted': False,
  'source': '<a href="https://ifttt.com" rel="nofollow">IFTTT</a>',
  'text': 'New Tumblr post: "QuadrigaCX Judge Approves $1.6 Million in '
          'Expenses for EY, Law Firms" https://t.co/v8T7c2eD9o eos… '
          'https://t.co/SL9RycdnUA',
  'truncated': True,
  'user': { 'contributors_enabled': False,
            'created_at': 'Mon Jan 20 17:13:22 +0000 2014',
            'default_profile': False,
            'default_profile_image': False,
            'description': 'https://t.co/AknQVIXTr2 All Cryptocurrencies Sites '
                           'in One Place',
            'entities': { 'description': { 'urls': [ { 'display_url': 'bit-sites.com',
                                                       'expanded_url': 'http://www.bit-sites.com',
                                                       'indices': [0, 23],
                                                       'url': 'https://t.co/AknQVIXTr2'}]},
                          'url': { 'urls': [ { 'display_url': 'bit-sites.com',
                                               'expanded_url': 'http://www.bit-sites.com',
                                               'indices': [0, 23],
                                               'url': 'https://t.co/AknQVIXTr2'}]}},
            'favourites_count': 684,
            'follow_request_sent': None,
            'followers_count': 387,
            'following': None,
            'friends_count': 84,
            'geo_enabled': False,
            'has_extended_profile': False,
            'id': 2301728670,
            'id_str': '2301728670',
            'is_translation_enabled': False,
            'is_translator': False,
            'lang': None,
            'listed_count': 6,
            'location': '',
            'name': 'Bit-Sites.com',
            'notifications': None,
            'profile_background_color': '000000',
            'profile_background_image_url': 'http://abs.twimg.com/images/themes/theme1/bg.png',
            'profile_background_image_url_https': 'https://abs.twimg.com/images/themes/theme1/bg.png',
            'profile_background_tile': False,
            'profile_banner_url': 'https://pbs.twimg.com/profile_banners/2301728670/1506682405',
            'profile_image_url': 'http://pbs.twimg.com/profile_images/913190180403769344/rC6qLtxY_normal.jpg',
            'profile_image_url_https': 'https://pbs.twimg.com/profile_images/913190180403769344/rC6qLtxY_normal.jpg',
            'profile_link_color': '5D728A',
            'profile_sidebar_border_color': '000000',
            'profile_sidebar_fill_color': '000000',
            'profile_text_color': '000000',
            'profile_use_background_image': False,
            'protected': False,
            'screen_name': 'bitsites',
            'statuses_count': 7631,
            'time_zone': None,
            'translator_type': 'none',
            'url': 'https://t.co/AknQVIXTr2',
            'utc_offset': None,
            'verified': False}}
----------Summary----------
{ 'entities': { 'urls': { 'display_url': 'twitter.com/i/web/status/1…',
                          'expanded_url': 'https://twitter.com/i/web/status/1156653573465395201'}},
  'id_str': '1156653573465395201',
  'text': 'new tumblr post: "quadrigacx judge approves $1.6 million in '
          'expenses for ey, law firms" https://t.co/v8t7c2ed9o eos '
          'https://t.co/sl9rycdnua',
  'user': {'entities': {}, 'id_str': '2301728670', 'twitter_user': 'bitsites'}}
----------Groups----------
{ 'Bitcoin': ['bitcoin', 'Bitcoin', 'btc', 'satoshi nakamoto'],
  'Ethereum': ['ethereum', 'Ethereum', 'eth', 'vitalik buterin'],
  'Litecoin': ['litecoin', 'Litecoin', 'ltc', 'charles lee'],
  'Monero': ['monero', 'Monero', 'xmr', 'riccardo spagni'],
  'Ripple': [ 'ripple',
              'Ripple',
              'xrp',
              'xrapid',
              'xcurrent',
              'chris larsen',
              'jed mccaleb']}
---------------------------Fetch-------2019-07-31 15:54:53.658810: Tweet filed under "misc":----------Data----------
{ 'contributors': None,
  'coordinates': None,
  'created_at': 'Wed Jul 31 19:51:07 +0000 2019',
  'entities': { 'hashtags': [],
                'symbols': [],
                'urls': [],
                'user_mentions': [ { 'id': 1144132581115465728,
                                     'id_str': '1144132581115465728',
                                     'indices': [3, 15],
                                     'name': 'DOLVEN TOKEN',
                                     'screen_name': 'DolvenToken'}]},
  'favorite_count': 0,
  'favorited': False,
  'geo': None,
  'id': 1156653535150387200,
  'id_str': '1156653535150387200',
  'in_reply_to_screen_name': None,
  'in_reply_to_status_id': None,
  'in_reply_to_status_id_str': None,
  'in_reply_to_user_id': None,
  'in_reply_to_user_id_str': None,
  'is_quote_status': False,
  'lang': 'en',
  'metadata': {'iso_language_code': 'en', 'result_type': 'recent'},
  'place': None,
  'retweet_count': 28,
  'retweeted': False,
  'retweeted_status': { 'contributors': None,
                        'coordinates': None,
                        'created_at': 'Wed Jul 31 06:46:36 +0000 2019',
                        'entities': { 'hashtags': [],
                                      'symbols': [],
                                      'urls': [ { 'display_url': 'twitter.com/i/web/status/1…',
                                                  'expanded_url': 'https://twitter.com/i/web/status/1156456106878803973',
                                                  'indices': [117, 140],
                                                  'url': 'https://t.co/lV2xHnbMoM'}],
                                      'user_mentions': []},
                        'favorite_count': 30,
                        'favorited': False,
                        'geo': None,
                        'id': 1156456106878803973,
                        'id_str': '1156456106878803973',
                        'in_reply_to_screen_name': None,
                        'in_reply_to_status_id': None,
                        'in_reply_to_status_id_str': None,
                        'in_reply_to_user_id': None,
                        'in_reply_to_user_id_str': None,
                        'is_quote_status': False,
                        'lang': 'en',
                        'metadata': { 'iso_language_code': 'en',
                                      'result_type': 'recent'},
                        'place': None,
                        'possibly_sensitive': False,
                        'retweet_count': 28,
                        'retweeted': False,
                        'source': '<a '
                                  'href="http://twitter.com/download/android" '
                                  'rel="nofollow">Twitter for Android</a>',
                        'text': 'DOLVEN TOKEN 1,000,000,000 Airdrop for first '
                                '1000 people, 1,000,000 DOT EACH\n'
                                '\n'
                                'DOLVEN TOKEN LISTING ON BITMEX!\n'
                                '\n'
                                'Foll… https://t.co/lV2xHnbMoM',
                        'truncated': True,
                        'user': { 'contributors_enabled': False,
                                  'created_at': 'Thu Jun 27 06:37:19 +0000 '
                                                '2019',
                                  'default_profile': True,
                                  'default_profile_image': False,
                                  'description': 'Decentralized Blockchain on '
                                                 'Mobility',
                                  'entities': {'description': {'urls': []}},
                                  'favourites_count': 0,
                                  'follow_request_sent': None,
                                  'followers_count': 1149,
                                  'following': None,
                                  'friends_count': 7,
                                  'geo_enabled': False,
                                  'has_extended_profile': False,
                                  'id': 1144132581115465728,
                                  'id_str': '1144132581115465728',
                                  'is_translation_enabled': False,
                                  'is_translator': False,
                                  'lang': None,
                                  'listed_count': 0,
                                  'location': '',
                                  'name': 'DOLVEN TOKEN',
                                  'notifications': None,
                                  'profile_background_color': 'F5F8FA',
                                  'profile_background_image_url': None,
                                  'profile_background_image_url_https': None,
                                  'profile_background_tile': False,
                                  'profile_banner_url': 'https://pbs.twimg.com/profile_banners/1144132581115465728/1564262378',
                                  'profile_image_url': 'http://pbs.twimg.com/profile_images/1155226256578949120/IG00lI4f_normal.jpg',
                                  'profile_image_url_https': 'https://pbs.twimg.com/profile_images/1155226256578949120/IG00lI4f_normal.jpg',
                                  'profile_link_color': '1DA1F2',
                                  'profile_sidebar_border_color': 'C0DEED',
                                  'profile_sidebar_fill_color': 'DDEEF6',
                                  'profile_text_color': '333333',
                                  'profile_use_background_image': True,
                                  'protected': False,
                                  'screen_name': 'DolvenToken',
                                  'statuses_count': 19,
                                  'time_zone': None,
                                  'translator_type': 'none',
                                  'url': None,
                                  'utc_offset': None,
                                  'verified': False}},
  'source': '<a href="http://twitter.com/download/android" '
            'rel="nofollow">Twitter for Android</a>',
  'text': 'RT @DolvenToken: DOLVEN TOKEN 1,000,000,000 Airdrop for first 1000 '
          'people, 1,000,000 DOT EACH\n'
          '\n'
          'DOLVEN TOKEN LISTING ON BITMEX!\n'
          '\n'
          'Follow\n'
          'Retw…',
  'truncated': False,
  'user': { 'contributors_enabled': False,
            'created_at': 'Tue Apr 16 13:11:54 +0000 2019',
            'default_profile': True,
            'default_profile_image': False,
            'description': '',
            'entities': {'description': {'urls': []}},
            'favourites_count': 386,
            'follow_request_sent': None,
            'followers_count': 133,
            'following': None,
            'friends_count': 639,
            'geo_enabled': False,
            'has_extended_profile': True,
            'id': 1118139956650758145,
            'id_str': '1118139956650758145',
            'is_translation_enabled': False,
            'is_translator': False,
            'lang': None,
            'listed_count': 2,
            'location': '',
            'name': 'hani bouchenne',
            'notifications': None,
            'profile_background_color': 'F5F8FA',
            'profile_background_image_url': None,
            'profile_background_image_url_https': None,
            'profile_background_tile': False,
            'profile_image_url': 'http://pbs.twimg.com/profile_images/1118140281617113090/Je0TD4LU_normal.jpg',
            'profile_image_url_https': 'https://pbs.twimg.com/profile_images/1118140281617113090/Je0TD4LU_normal.jpg',
            'profile_link_color': '1DA1F2',
            'profile_sidebar_border_color': 'C0DEED',
            'profile_sidebar_fill_color': 'DDEEF6',
            'profile_text_color': '333333',
            'profile_use_background_image': True,
            'protected': False,
            'screen_name': 'HBouchenne',
            'statuses_count': 615,
            'time_zone': None,
            'translator_type': 'none',
            'url': None,
            'utc_offset': None,
            'verified': False}}
----------Summary----------
{ 'entities': {},
  'id_str': '1156653535150387200',
  'retweeted_status': { 'entities': { 'urls': { 'display_url': 'twitter.com/i/web/status/1…',
                                                'expanded_url': 'https://twitter.com/i/web/status/1156456106878803973'}},
                        'id_str': '1156456106878803973',
                        'text': 'dolven token 1,000,000,000 airdrop for first '
                                '1000 people, 1,000,000 dot each  dolven token '
                                'listing on bitmex!  foll '
                                'https://t.co/lv2xhnbmom',
                        'user': { 'entities': {},
                                  'id_str': '1144132581115465728',
                                  'twitter_user': 'DolvenToken'}},
  'text': 'rt @dolventoken: dolven token 1,000,000,000 airdrop for first 1000 '
          'people, 1,000,000 dot each  dolven token listing on bitmex!  follow '
          'retw',
  'user': { 'entities': {},
            'id_str': '1118139956650758145',
            'twitter_user': 'HBouchenne'}}
----------Groups----------
{ 'Bitcoin': ['bitcoin', 'Bitcoin', 'btc', 'satoshi nakamoto'],
  'Ethereum': ['ethereum', 'Ethereum', 'eth', 'vitalik buterin'],
  'Litecoin': ['litecoin', 'Litecoin', 'ltc', 'charles lee'],
  'Monero': ['monero', 'Monero', 'xmr', 'riccardo spagni'],
  'Ripple': [ 'ripple',
              'Ripple',
              'xrp',
              'xrapid',
              'xcurrent',
              'chris larsen',
              'jed mccaleb']}
---------------------------Fetch-------2019-07-31 15:54:53.875231: Tweet filed under "misc":----------Data----------
{ 'contributors': None,
  'coordinates': None,
  'created_at': 'Wed Jul 31 19:51:01 +0000 2019',
  'entities': { 'hashtags': [],
                'symbols': [],
                'urls': [ { 'display_url': 'play.google.com/store/apps/det…',
                            'expanded_url': 'https://play.google.com/store/apps/details?id=com.wantapp',
                            'indices': [73, 96],
                            'url': 'https://t.co/Tf18NvlG7x'}],
                'user_mentions': [ { 'id': 834374677560705024,
                                     'id_str': '834374677560705024',
                                     'indices': [3, 19],
                                     'name': 'Want Marketplaces',
                                     'screen_name': 'wantmarketplace'}]},
  'favorite_count': 0,
  'favorited': False,
  'geo': None,
  'id': 1156653513167892480,
  'id_str': '1156653513167892480',
  'in_reply_to_screen_name': None,
  'in_reply_to_status_id': None,
  'in_reply_to_status_id_str': None,
  'in_reply_to_user_id': None,
  'in_reply_to_user_id_str': None,
  'is_quote_status': False,
  'lang': 'en',
  'metadata': {'iso_language_code': 'en', 'result_type': 'recent'},
  'place': None,
  'possibly_sensitive': False,
  'retweet_count': 40,
  'retweeted': False,
  'retweeted_status': { 'contributors': None,
                        'coordinates': None,
                        'created_at': 'Fri Jul 05 03:53:12 +0000 2019',
                        'entities': { 'hashtags': [],
                                      'symbols': [],
                                      'urls': [ { 'display_url': 'play.google.com/store/apps/det…',
                                                  'expanded_url': 'https://play.google.com/store/apps/details?id=com.wantapp',
                                                  'indices': [52, 75],
                                                  'url': 'https://t.co/Tf18NvlG7x'},
                                                { 'display_url': 'twitter.com/i/web/status/1…',
                                                  'expanded_url': 'https://twitter.com/i/web/status/1146990382942572544',
                                                  'indices': [114, 137],
                                                  'url': 'https://t.co/WOeH0qaFCA'}],
                                      'user_mentions': []},
                        'favorite_count': 116,
                        'favorited': False,
                        'geo': None,
                        'id': 1146990382942572544,
                        'id_str': '1146990382942572544',
                        'in_reply_to_screen_name': None,
                        'in_reply_to_status_id': None,
                        'in_reply_to_status_id_str': None,
                        'in_reply_to_user_id': None,
                        'in_reply_to_user_id_str': None,
                        'is_quote_status': False,
                        'lang': 'en',
                        'metadata': { 'iso_language_code': 'en',
                                      'result_type': 'recent'},
                        'place': None,
                        'possibly_sensitive': False,
                        'retweet_count': 40,
                        'retweeted': False,
                        'source': '<a href="https://mobile.twitter.com" '
                                  'rel="nofollow">Twitter Web App</a>',
                        'text': 'WANT Marketplaces - Download our B2B '
                                'Marketplace at https://t.co/Tf18NvlG7x\n'
                                '\n'
                                'STO Private Sale open Now @ $0.18 -… '
                                'https://t.co/WOeH0qaFCA',
                        'truncated': True,
                        'user': { 'contributors_enabled': False,
                                  'created_at': 'Wed Feb 22 12:09:59 +0000 '
                                                '2017',
                                  'default_profile': True,
                                  'default_profile_image': False,
                                  'description': 'Official Account for WANT '
                                                 'Marketplaces STO Offering',
                                  'entities': { 'description': {'urls': []},
                                                'url': { 'urls': [ { 'display_url': 'benipal.com',
                                                                     'expanded_url': 'https://benipal.com',
                                                                     'indices': [ 0,
                                                                                  23],
                                                                     'url': 'https://t.co/FpJbeDXvVn'}]}},
                                  'favourites_count': 4,
                                  'follow_request_sent': None,
                                  'followers_count': 1600,
                                  'following': None,
                                  'friends_count': 1,
                                  'geo_enabled': False,
                                  'has_extended_profile': False,
                                  'id': 834374677560705024,
                                  'id_str': '834374677560705024',
                                  'is_translation_enabled': False,
                                  'is_translator': False,
                                  'lang': None,
                                  'listed_count': 2,
                                  'location': 'New York, NY',
                                  'name': 'Want Marketplaces',
                                  'notifications': None,
                                  'profile_background_color': 'F5F8FA',
                                  'profile_background_image_url': None,
                                  'profile_background_image_url_https': None,
                                  'profile_background_tile': False,
                                  'profile_banner_url': 'https://pbs.twimg.com/profile_banners/834374677560705024/1559981725',
                                  'profile_image_url': 'http://pbs.twimg.com/profile_images/1137267216955482114/4tG-zMA6_normal.jpg',
                                  'profile_image_url_https': 'https://pbs.twimg.com/profile_images/1137267216955482114/4tG-zMA6_normal.jpg',
                                  'profile_link_color': '1DA1F2',
                                  'profile_sidebar_border_color': 'C0DEED',
                                  'profile_sidebar_fill_color': 'DDEEF6',
                                  'profile_text_color': '333333',
                                  'profile_use_background_image': True,
                                  'protected': False,
                                  'screen_name': 'wantmarketplace',
                                  'statuses_count': 76,
                                  'time_zone': None,
                                  'translator_type': 'none',
                                  'url': 'https://t.co/FpJbeDXvVn',
                                  'utc_offset': None,
                                  'verified': False}},
  'source': '<a href="http://twitter.com/download/android" '
            'rel="nofollow">Twitter for Android</a>',
  'text': 'RT @wantmarketplace: WANT Marketplaces - Download our B2B '
          'Marketplace at https://t.co/Tf18NvlG7x\n'
          '\n'
          'STO Private Sale open Now @ $0.18 - https…',
  'truncated': False,
  'user': { 'contributors_enabled': False,
            'created_at': 'Fri Sep 08 05:49:12 +0000 2017',
            'default_profile': True,
            'default_profile_image': False,
            'description': 'I am Medical student\n'
                           '#****(simple man)\n'
                           '#Follow  back',
            'entities': {'description': {'urls': []}},
            'favourites_count': 4843,
            'follow_request_sent': None,
            'followers_count': 4817,
            'following': None,
            'friends_count': 5295,
            'geo_enabled': False,
            'has_extended_profile': True,
            'id': 906031646884765701,
            'id_str': '906031646884765701',
            'is_translation_enabled': False,
            'is_translator': False,
            'lang': None,
            'listed_count': 14,
            'location': 'Dhaka, Bangladesh',
            'name': 'Md Mostofa kamal',
            'notifications': None,
            'profile_background_color': 'F5F8FA',
            'profile_background_image_url': None,
            'profile_background_image_url_https': None,
            'profile_background_tile': False,
            'profile_banner_url': 'https://pbs.twimg.com/profile_banners/906031646884765701/1543978436',
            'profile_image_url': 'http://pbs.twimg.com/profile_images/1122456466047127552/jObVPMAo_normal.jpg',
            'profile_image_url_https': 'https://pbs.twimg.com/profile_images/1122456466047127552/jObVPMAo_normal.jpg',
            'profile_link_color': '1DA1F2',
            'profile_sidebar_border_color': 'C0DEED',
            'profile_sidebar_fill_color': 'DDEEF6',
            'profile_text_color': '333333',
            'profile_use_background_image': True,
            'protected': False,
            'screen_name': 'Mostofa2020',
            'statuses_count': 5960,
            'time_zone': None,
            'translator_type': 'none',
            'url': None,
            'utc_offset': None,
            'verified': False}}
----------Summary----------
{ 'entities': { 'urls': { 'display_url': 'play.google.com/store/apps/det…',
                          'expanded_url': 'https://play.google.com/store/apps/details?id=com.wantapp'}},
  'id_str': '1156653513167892480',
  'retweeted_status': { 'entities': { 'urls': { 'display_url': 'twitter.com/i/web/status/1…',
                                                'expanded_url': 'https://twitter.com/i/web/status/1146990382942572544'}},
                        'id_str': '1146990382942572544',
                        'text': 'want marketplaces - download our b2b '
                                'marketplace at https://t.co/tf18nvlg7x  sto '
                                'private sale open now @ $0.18 - '
                                'https://t.co/woeh0qafca',
                        'user': { 'entities': {},
                                  'id_str': '834374677560705024',
                                  'twitter_user': 'wantmarketplace'}},
  'text': 'rt @wantmarketplace: want marketplaces - download our b2b '
          'marketplace at https://t.co/tf18nvlg7x  sto private sale open now @ '
          '$0.18 - https',
  'user': { 'entities': {},
            'id_str': '906031646884765701',
            'twitter_user': 'Mostofa2020'}}
----------Groups----------
{ 'Bitcoin': ['bitcoin', 'Bitcoin', 'btc', 'satoshi nakamoto'],
  'Ethereum': ['ethereum', 'Ethereum', 'eth', 'vitalik buterin'],
  'Litecoin': ['litecoin', 'Litecoin', 'ltc', 'charles lee'],
  'Monero': ['monero', 'Monero', 'xmr', 'riccardo spagni'],
  'Ripple': [ 'ripple',
              'Ripple',
              'xrp',
              'xrapid',
              'xcurrent',
              'chris larsen',
              'jed mccaleb']}
---------------------------Fetch-------2019-07-31 15:54:54.170698: Tweet filed under "misc":----------Data----------
{ 'contributors': None,
  'coordinates': None,
  'created_at': 'Wed Jul 31 19:51:01 +0000 2019',
  'entities': { 'hashtags': [],
                'symbols': [],
                'urls': [],
                'user_mentions': [ { 'id': 1029438676705714176,
                                     'id_str': '1029438676705714176',
                                     'indices': [3, 17],
                                     'name': 'BuildingBlocksCrypto',
                                     'screen_name': 'blocks_crypto'}]},
  'favorite_count': 0,
  'favorited': False,
  'geo': None,
  'id': 1156653512349982720,
  'id_str': '1156653512349982720',
  'in_reply_to_screen_name': None,
  'in_reply_to_status_id': None,
  'in_reply_to_status_id_str': None,
  'in_reply_to_user_id': None,
  'in_reply_to_user_id_str': None,
  'is_quote_status': False,
  'lang': 'en',
  'metadata': {'iso_language_code': 'en', 'result_type': 'recent'},
  'place': None,
  'retweet_count': 91,
  'retweeted': False,
  'retweeted_status': { 'contributors': None,
                        'coordinates': None,
                        'created_at': 'Sat Jul 27 05:55:02 +0000 2019',
                        'entities': { 'hashtags': [],
                                      'symbols': [],
                                      'urls': [ { 'display_url': 'twitter.com/i/web/status/1…',
                                                  'expanded_url': 'https://twitter.com/i/web/status/1154993578667577344',
                                                  'indices': [117, 140],
                                                  'url': 'https://t.co/uEGUpSS8ge'}],
                                      'user_mentions': []},
                        'favorite_count': 101,
                        'favorited': False,
                        'geo': None,
                        'id': 1154993578667577344,
                        'id_str': '1154993578667577344',
                        'in_reply_to_screen_name': None,
                        'in_reply_to_status_id': None,
                        'in_reply_to_status_id_str': None,
                        'in_reply_to_user_id': None,
                        'in_reply_to_user_id_str': None,
                        'is_quote_status': False,
                        'lang': 'en',
                        'metadata': { 'iso_language_code': 'en',
                                      'result_type': 'recent'},
                        'place': None,
                        'possibly_sensitive': False,
                        'retweet_count': 91,
                        'retweeted': False,
                        'source': '<a href="https://mobile.twitter.com" '
                                  'rel="nofollow">Twitter Web App</a>',
                        'text': 'Name: Building Blocks Token\n'
                                'Symbol: BH4H\n'
                                'Total supply: 100,000,000,000\n'
                                '\n'
                                'AIRDROP HAS STARTED!\n'
                                '\n'
                                'To qualify for Airdro… '
                                'https://t.co/uEGUpSS8ge',
                        'truncated': True,
                        'user': { 'contributors_enabled': False,
                                  'created_at': 'Tue Aug 14 18:44:41 +0000 '
                                                '2018',
                                  'default_profile': True,
                                  'default_profile_image': False,
                                  'description': 'We are Building Blocks. Our '
                                                 'Crypto was created with the '
                                                 'homeless at mind. We aim to '
                                                 'build or Buy Hostels and '
                                                 'Hotels with the help of you '
                                                 'guys.',
                                  'entities': { 'description': {'urls': []},
                                                'url': { 'urls': [ { 'display_url': 'buidinghomes4homeless.xyz',
                                                                     'expanded_url': 'http://www.buidinghomes4homeless.xyz/',
                                                                     'indices': [ 0,
                                                                                  23],
                                                                     'url': 'https://t.co/ODdy4aewVI'}]}},
                                  'favourites_count': 146,
                                  'follow_request_sent': None,
                                  'followers_count': 280,
                                  'following': None,
                                  'friends_count': 0,
                                  'geo_enabled': False,
                                  'has_extended_profile': True,
                                  'id': 1029438676705714176,
                                  'id_str': '1029438676705714176',
                                  'is_translation_enabled': False,
                                  'is_translator': False,
                                  'lang': None,
                                  'listed_count': 0,
                                  'location': 'United Kingdom',
                                  'name': 'BuildingBlocksCrypto',
                                  'notifications': None,
                                  'profile_background_color': 'F5F8FA',
                                  'profile_background_image_url': None,
                                  'profile_background_image_url_https': None,
                                  'profile_background_tile': False,
                                  'profile_image_url': 'http://pbs.twimg.com/profile_images/1031992230289059840/xxNbMvh3_normal.jpg',
                                  'profile_image_url_https': 'https://pbs.twimg.com/profile_images/1031992230289059840/xxNbMvh3_normal.jpg',
                                  'profile_link_color': '1DA1F2',
                                  'profile_sidebar_border_color': 'C0DEED',
                                  'profile_sidebar_fill_color': 'DDEEF6',
                                  'profile_text_color': '333333',
                                  'profile_use_background_image': True,
                                  'protected': False,
                                  'screen_name': 'blocks_crypto',
                                  'statuses_count': 156,
                                  'time_zone': None,
                                  'translator_type': 'none',
                                  'url': 'https://t.co/ODdy4aewVI',
                                  'utc_offset': None,
                                  'verified': False}},
  'source': '<a href="https://mobile.twitter.com" rel="nofollow">Twitter Web '
            'App</a>',
  'text': 'RT @blocks_crypto: Name: Building Blocks Token\n'
          'Symbol: BH4H\n'
          'Total supply: 100,000,000,000\n'
          '\n'
          'AIRDROP HAS STARTED!\n'
          '\n'
          'To qualify for Airdrop:\n'
          '-F…',
  'truncated': False,
  'user': { 'contributors_enabled': False,
            'created_at': 'Sun Jun 24 17:25:29 +0000 2018',
            'default_profile': True,
            'default_profile_image': False,
            'description': '',
            'entities': {'description': {'urls': []}},
            'favourites_count': 2,
            'follow_request_sent': None,
            'followers_count': 0,
            'following': None,
            'friends_count': 9,
            'geo_enabled': False,
            'has_extended_profile': False,
            'id': 1010936963241611264,
            'id_str': '1010936963241611264',
            'is_translation_enabled': False,
            'is_translator': False,
            'lang': None,
            'listed_count': 0,
            'location': '',
            'name': 'syarifacul',
            'notifications': None,
            'profile_background_color': 'F5F8FA',
            'profile_background_image_url': None,
            'profile_background_image_url_https': None,
            'profile_background_tile': False,
            'profile_image_url': 'http://pbs.twimg.com/profile_images/1012604785936089088/93tFxgk5_normal.jpg',
            'profile_image_url_https': 'https://pbs.twimg.com/profile_images/1012604785936089088/93tFxgk5_normal.jpg',
            'profile_link_color': '1DA1F2',
            'profile_sidebar_border_color': 'C0DEED',
            'profile_sidebar_fill_color': 'DDEEF6',
            'profile_text_color': '333333',
            'profile_use_background_image': True,
            'protected': False,
            'screen_name': 'syarifacul',
            'statuses_count': 11,
            'time_zone': None,
            'translator_type': 'none',
            'url': None,
            'utc_offset': None,
            'verified': False}}
----------Summary----------
{ 'entities': {},
  'id_str': '1156653512349982720',
  'retweeted_status': { 'entities': { 'urls': { 'display_url': 'twitter.com/i/web/status/1…',
                                                'expanded_url': 'https://twitter.com/i/web/status/1154993578667577344'}},
                        'id_str': '1154993578667577344',
                        'text': 'name: building blocks token symbol: bh4h '
                                'total supply: 100,000,000,000  airdrop has '
                                'started!  to qualify for airdro '
                                'https://t.co/uegupss8ge',
                        'user': { 'entities': {},
                                  'id_str': '1029438676705714176',
                                  'twitter_user': 'blocks_crypto'}},
  'text': 'rt @blocks_crypto: name: building blocks token symbol: bh4h total '
          'supply: 100,000,000,000  airdrop has started!  to qualify for '
          'airdrop: -f',
  'user': { 'entities': {},
            'id_str': '1010936963241611264',
            'twitter_user': 'syarifacul'}}
----------Groups----------
{ 'Bitcoin': ['bitcoin', 'Bitcoin', 'btc', 'satoshi nakamoto'],
  'Ethereum': ['ethereum', 'Ethereum', 'eth', 'vitalik buterin'],
  'Litecoin': ['litecoin', 'Litecoin', 'ltc', 'charles lee'],
  'Monero': ['monero', 'Monero', 'xmr', 'riccardo spagni'],
  'Ripple': [ 'ripple',
              'Ripple',
              'xrp',
              'xrapid',
              'xcurrent',
              'chris larsen',
              'jed mccaleb']}
---------------------------Fetch-------2019-07-31 15:54:54.479974: Tweet filed under "misc":----------Data----------
{ 'contributors': None,
  'coordinates': None,
  'created_at': 'Wed Jul 31 19:51:00 +0000 2019',
  'entities': { 'hashtags': [ {'indices': [14, 23], 'text': 'BitValve'},
                              {'indices': [24, 39], 'text': 'Cryptocurrency'},
                              {'indices': [49, 53], 'text': 'ICO'},
                              {'indices': [78, 82], 'text': 'ICO'},
                              {'indices': [125, 129], 'text': 'MVP'}],
                'symbols': [],
                'urls': [],
                'user_mentions': [ { 'id': 1064475558329937926,
                                     'id_str': '1064475558329937926',
                                     'indices': [3, 12],
                                     'name': 'BitValve Cryptocurrency Exchange',
                                     'screen_name': 'bitvalve'},
                                   { 'id': 764788651872096256,
                                     'id_str': '764788651872096256',
                                     'indices': [95, 108],
                                     'name': 'CoinSchedule',
                                     'screen_name': 'coinschedule'}]},
  'favorite_count': 0,
  'favorited': False,
  'geo': None,
  'id': 1156653508357062656,
  'id_str': '1156653508357062656',
  'in_reply_to_screen_name': None,
  'in_reply_to_status_id': None,
  'in_reply_to_status_id_str': None,
  'in_reply_to_user_id': None,
  'in_reply_to_user_id_str': None,
  'is_quote_status': False,
  'lang': 'en',
  'metadata': {'iso_language_code': 'en', 'result_type': 'recent'},
  'place': None,
  'retweet_count': 305,
  'retweeted': False,
  'retweeted_status': { 'contributors': None,
                        'coordinates': None,
                        'created_at': 'Wed Jul 31 11:58:57 +0000 2019',
                        'entities': { 'hashtags': [ { 'indices': [0, 9],
                                                      'text': 'BitValve'},
                                                    { 'indices': [10, 25],
                                                      'text': 'Cryptocurrency'},
                                                    { 'indices': [35, 39],
                                                      'text': 'ICO'},
                                                    { 'indices': [64, 68],
                                                      'text': 'ICO'},
                                                    { 'indices': [111, 115],
                                                      'text': 'MVP'}],
                                      'symbols': [],
                                      'urls': [ { 'display_url': 'twitter.com/i/web/status/1…',
                                                  'expanded_url': 'https://twitter.com/i/web/status/1156534713856724992',
                                                  'indices': [117, 140],
                                                  'url': 'https://t.co/aRoDetDZB2'}],
                                      'user_mentions': [ { 'id': 764788651872096256,
                                                           'id_str': '764788651872096256',
                                                           'indices': [81, 94],
                                                           'name': 'CoinSchedule',
                                                           'screen_name': 'coinschedule'}]},
                        'favorite_count': 237,
                        'favorited': False,
                        'geo': None,
                        'id': 1156534713856724992,
                        'id_str': '1156534713856724992',
                        'in_reply_to_screen_name': None,
                        'in_reply_to_status_id': None,
                        'in_reply_to_status_id_str': None,
                        'in_reply_to_user_id': None,
                        'in_reply_to_user_id_str': None,
                        'is_quote_status': False,
                        'lang': 'en',
                        'metadata': { 'iso_language_code': 'en',
                                      'result_type': 'recent'},
                        'place': None,
                        'possibly_sensitive': False,
                        'retweet_count': 305,
                        'retweeted': False,
                        'source': '<a href="https://mobile.twitter.com" '
                                  'rel="nofollow">Twitter Web App</a>',
                        'text': '#BitValve #Cryptocurrency Exchange #ICO is '
                                'rated among the best #ICO projects on '
                                '@coinschedule!\n'
                                '\n'
                                'Check out our #MVP… https://t.co/aRoDetDZB2',
                        'truncated': True,
                        'user': { 'contributors_enabled': False,
                                  'created_at': 'Mon Nov 19 11:08:44 +0000 '
                                                '2018',
                                  'default_profile': False,
                                  'default_profile_image': False,
                                  'description': 'Buy, Sell and Trade your '
                                                 'favorite Cryptocurrency '
                                                 'using any payment method '
                                                 'available!',
                                  'entities': { 'description': {'urls': []},
                                                'url': { 'urls': [ { 'display_url': 'bitvalve.com',
                                                                     'expanded_url': 'https://www.bitvalve.com/',
                                                                     'indices': [ 0,
                                                                                  23],
                                                                     'url': 'https://t.co/LZzpLQkNMY'}]}},
                                  'favourites_count': 25,
                                  'follow_request_sent': None,
                                  'followers_count': 5834,
                                  'following': None,
                                  'friends_count': 11,
                                  'geo_enabled': False,
                                  'has_extended_profile': True,
                                  'id': 1064475558329937926,
                                  'id_str': '1064475558329937926',
                                  'is_translation_enabled': False,
                                  'is_translator': False,
                                  'lang': None,
                                  'listed_count': 12,
                                  'location': 'Cyprus',
                                  'name': 'BitValve Cryptocurrency Exchange',
                                  'notifications': None,
                                  'profile_background_color': '000000',
                                  'profile_background_image_url': 'http://abs.twimg.com/images/themes/theme1/bg.png',
                                  'profile_background_image_url_https': 'https://abs.twimg.com/images/themes/theme1/bg.png',
                                  'profile_background_tile': False,
                                  'profile_banner_url': 'https://pbs.twimg.com/profile_banners/1064475558329937926/1549939623',
                                  'profile_image_url': 'http://pbs.twimg.com/profile_images/1095152392176324608/CTvAkgJ4_normal.jpg',
                                  'profile_image_url_https': 'https://pbs.twimg.com/profile_images/1095152392176324608/CTvAkgJ4_normal.jpg',
                                  'profile_link_color': '7FDBB6',
                                  'profile_sidebar_border_color': '000000',
                                  'profile_sidebar_fill_color': '000000',
                                  'profile_text_color': '000000',
                                  'profile_use_background_image': False,
                                  'protected': False,
                                  'screen_name': 'bitvalve',
                                  'statuses_count': 97,
                                  'time_zone': None,
                                  'translator_type': 'none',
                                  'url': 'https://t.co/LZzpLQkNMY',
                                  'utc_offset': None,
                                  'verified': False}},
  'source': '<a href="http://twitter.com/download/android" '
            'rel="nofollow">Twitter for Android</a>',
  'text': 'RT @bitvalve: #BitValve #Cryptocurrency Exchange #ICO is rated '
          'among the best #ICO projects on @coinschedule!\n'
          '\n'
          'Check out our #MVP at https:…',
  'truncated': False,
  'user': { 'contributors_enabled': False,
            'created_at': 'Mon Mar 18 15:42:43 +0000 2019',
            'default_profile': True,
            'default_profile_image': False,
            'description': 'yang penting yakin',
            'entities': {'description': {'urls': []}},
            'favourites_count': 116,
            'follow_request_sent': None,
            'followers_count': 19,
            'following': None,
            'friends_count': 208,
            'geo_enabled': False,
            'has_extended_profile': False,
            'id': 1107668662125617152,
            'id_str': '1107668662125617152',
            'is_translation_enabled': False,
            'is_translator': False,
            'lang': None,
            'listed_count': 1,
            'location': 'Jawa Timur, Indonesia',
            'name': 'sinyo',
            'notifications': None,
            'profile_background_color': 'F5F8FA',
            'profile_background_image_url': None,
            'profile_background_image_url_https': None,
            'profile_background_tile': False,
            'profile_image_url': 'http://pbs.twimg.com/profile_images/1107669490760712194/nXPZW3Mo_normal.jpg',
            'profile_image_url_https': 'https://pbs.twimg.com/profile_images/1107669490760712194/nXPZW3Mo_normal.jpg',
            'profile_link_color': '1DA1F2',
            'profile_sidebar_border_color': 'C0DEED',
            'profile_sidebar_fill_color': 'DDEEF6',
            'profile_text_color': '333333',
            'profile_use_background_image': True,
            'protected': False,
            'screen_name': 'sinnyo87',
            'statuses_count': 376,
            'time_zone': None,
            'translator_type': 'none',
            'url': None,
            'utc_offset': None,
            'verified': False}}
----------Summary----------
{ 'entities': {},
  'id_str': '1156653508357062656',
  'retweeted_status': { 'entities': { 'urls': { 'display_url': 'twitter.com/i/web/status/1…',
                                                'expanded_url': 'https://twitter.com/i/web/status/1156534713856724992'}},
                        'id_str': '1156534713856724992',
                        'text': '#bitvalve #cryptocurrency exchange #ico is '
                                'rated among the best #ico projects on '
                                '@coinschedule!  check out our #mvp '
                                'https://t.co/arodetdzb2',
                        'user': { 'entities': {},
                                  'id_str': '1064475558329937926',
                                  'twitter_user': 'bitvalve'}},
  'text': 'rt @bitvalve: #bitvalve #cryptocurrency exchange #ico is rated '
          'among the best #ico projects on @coinschedule!  check out our #mvp '
          'at https:',
  'user': { 'entities': {},
            'id_str': '1107668662125617152',
            'twitter_user': 'sinnyo87'}}
----------Groups----------
{ 'Bitcoin': ['bitcoin', 'Bitcoin', 'btc', 'satoshi nakamoto'],
  'Ethereum': ['ethereum', 'Ethereum', 'eth', 'vitalik buterin'],
  'Litecoin': ['litecoin', 'Litecoin', 'ltc', 'charles lee'],
  'Monero': ['monero', 'Monero', 'xmr', 'riccardo spagni'],
  'Ripple': [ 'ripple',
              'Ripple',
              'xrp',
              'xrapid',
              'xcurrent',
              'chris larsen',
              'jed mccaleb']}
---------------------------Fetch-------2019-07-31 15:54:54.787105: Tweet filed under "misc":----------Data----------
{ 'contributors': None,
  'coordinates': None,
  'created_at': 'Wed Jul 31 19:50:57 +0000 2019',
  'entities': { 'hashtags': [],
                'symbols': [],
                'urls': [],
                'user_mentions': [ { 'id': 834374677560705024,
                                     'id_str': '834374677560705024',
                                     'indices': [3, 19],
                                     'name': 'Want Marketplaces',
                                     'screen_name': 'wantmarketplace'}]},
  'favorite_count': 0,
  'favorited': False,
  'geo': None,
  'id': 1156653496021635078,
  'id_str': '1156653496021635078',
  'in_reply_to_screen_name': None,
  'in_reply_to_status_id': None,
  'in_reply_to_status_id_str': None,
  'in_reply_to_user_id': None,
  'in_reply_to_user_id_str': None,
  'is_quote_status': False,
  'lang': 'en',
  'metadata': {'iso_language_code': 'en', 'result_type': 'recent'},
  'place': None,
  'retweet_count': 39,
  'retweeted': False,
  'retweeted_status': { 'contributors': None,
                        'coordinates': None,
                        'created_at': 'Sat Jul 06 07:52:53 +0000 2019',
                        'entities': { 'hashtags': [],
                                      'symbols': [],
                                      'urls': [ { 'display_url': 'twitter.com/i/web/status/1…',
                                                  'expanded_url': 'https://twitter.com/i/web/status/1147413090331291649',
                                                  'indices': [116, 139],
                                                  'url': 'https://t.co/pSKMjS3LJp'}],
                                      'user_mentions': []},
                        'favorite_count': 125,
                        'favorited': False,
                        'geo': None,
                        'id': 1147413090331291649,
                        'id_str': '1147413090331291649',
                        'in_reply_to_screen_name': None,
                        'in_reply_to_status_id': None,
                        'in_reply_to_status_id_str': None,
                        'in_reply_to_user_id': None,
                        'in_reply_to_user_id_str': None,
                        'is_quote_status': False,
                        'lang': 'en',
                        'metadata': { 'iso_language_code': 'en',
                                      'result_type': 'recent'},
                        'place': None,
                        'possibly_sensitive': False,
                        'retweet_count': 39,
                        'retweeted': False,
                        'source': '<a href="https://mobile.twitter.com" '
                                  'rel="nofollow">Twitter Web App</a>',
                        'text': 'WANT Marketplaces Security Token Offering '
                                'raising $20 Million\n'
                                '\n'
                                'Private Sale open NOW till Aug 31 - 40% Off - '
                                '$0.18… https://t.co/pSKMjS3LJp',
                        'truncated': True,
                        'user': { 'contributors_enabled': False,
                                  'created_at': 'Wed Feb 22 12:09:59 +0000 '
                                                '2017',
                                  'default_profile': True,
                                  'default_profile_image': False,
                                  'description': 'Official Account for WANT '
                                                 'Marketplaces STO Offering',
                                  'entities': { 'description': {'urls': []},
                                                'url': { 'urls': [ { 'display_url': 'benipal.com',
                                                                     'expanded_url': 'https://benipal.com',
                                                                     'indices': [ 0,
                                                                                  23],
                                                                     'url': 'https://t.co/FpJbeDXvVn'}]}},
                                  'favourites_count': 4,
                                  'follow_request_sent': None,
                                  'followers_count': 1600,
                                  'following': None,
                                  'friends_count': 1,
                                  'geo_enabled': False,
                                  'has_extended_profile': False,
                                  'id': 834374677560705024,
                                  'id_str': '834374677560705024',
                                  'is_translation_enabled': False,
                                  'is_translator': False,
                                  'lang': None,
                                  'listed_count': 2,
                                  'location': 'New York, NY',
                                  'name': 'Want Marketplaces',
                                  'notifications': None,
                                  'profile_background_color': 'F5F8FA',
                                  'profile_background_image_url': None,
                                  'profile_background_image_url_https': None,
                                  'profile_background_tile': False,
                                  'profile_banner_url': 'https://pbs.twimg.com/profile_banners/834374677560705024/1559981725',
                                  'profile_image_url': 'http://pbs.twimg.com/profile_images/1137267216955482114/4tG-zMA6_normal.jpg',
                                  'profile_image_url_https': 'https://pbs.twimg.com/profile_images/1137267216955482114/4tG-zMA6_normal.jpg',
                                  'profile_link_color': '1DA1F2',
                                  'profile_sidebar_border_color': 'C0DEED',
                                  'profile_sidebar_fill_color': 'DDEEF6',
                                  'profile_text_color': '333333',
                                  'profile_use_background_image': True,
                                  'protected': False,
                                  'screen_name': 'wantmarketplace',
                                  'statuses_count': 76,
                                  'time_zone': None,
                                  'translator_type': 'none',
                                  'url': 'https://t.co/FpJbeDXvVn',
                                  'utc_offset': None,
                                  'verified': False}},
  'source': '<a href="http://twitter.com/download/android" '
            'rel="nofollow">Twitter for Android</a>',
  'text': 'RT @wantmarketplace: WANT Marketplaces Security Token Offering '
          'raising $20 Million\n'
          '\n'
          'Private Sale open NOW till Aug 31 - 40% Off - $0.18 htt…',
  'truncated': False,
  'user': { 'contributors_enabled': False,
            'created_at': 'Fri Sep 08 05:49:12 +0000 2017',
            'default_profile': True,
            'default_profile_image': False,
            'description': 'I am Medical student\n'
                           '#****(simple man)\n'
                           '#Follow  back',
            'entities': {'description': {'urls': []}},
            'favourites_count': 4843,
            'follow_request_sent': None,
            'followers_count': 4817,
            'following': None,
            'friends_count': 5295,
            'geo_enabled': False,
            'has_extended_profile': True,
            'id': 906031646884765701,
            'id_str': '906031646884765701',
            'is_translation_enabled': False,
            'is_translator': False,
            'lang': None,
            'listed_count': 14,
            'location': 'Dhaka, Bangladesh',
            'name': 'Md Mostofa kamal',
            'notifications': None,
            'profile_background_color': 'F5F8FA',
            'profile_background_image_url': None,
            'profile_background_image_url_https': None,
            'profile_background_tile': False,
            'profile_banner_url': 'https://pbs.twimg.com/profile_banners/906031646884765701/1543978436',
            'profile_image_url': 'http://pbs.twimg.com/profile_images/1122456466047127552/jObVPMAo_normal.jpg',
            'profile_image_url_https': 'https://pbs.twimg.com/profile_images/1122456466047127552/jObVPMAo_normal.jpg',
            'profile_link_color': '1DA1F2',
            'profile_sidebar_border_color': 'C0DEED',
            'profile_sidebar_fill_color': 'DDEEF6',
            'profile_text_color': '333333',
            'profile_use_background_image': True,
            'protected': False,
            'screen_name': 'Mostofa2020',
            'statuses_count': 5960,
            'time_zone': None,
            'translator_type': 'none',
            'url': None,
            'utc_offset': None,
            'verified': False}}
----------Summary----------
{ 'entities': {},
  'id_str': '1156653496021635078',
  'retweeted_status': { 'entities': { 'urls': { 'display_url': 'twitter.com/i/web/status/1…',
                                                'expanded_url': 'https://twitter.com/i/web/status/1147413090331291649'}},
                        'id_str': '1147413090331291649',
                        'text': 'want marketplaces security token offering '
                                'raising $20 million  private sale open now '
                                'till aug 31 - 40% off - $0.18 '
                                'https://t.co/pskmjs3ljp',
                        'user': { 'entities': {},
                                  'id_str': '834374677560705024',
                                  'twitter_user': 'wantmarketplace'}},
  'text': 'rt @wantmarketplace: want marketplaces security token offering '
          'raising $20 million  private sale open now till aug 31 - 40% off - '
          '$0.18 htt',
  'user': { 'entities': {},
            'id_str': '906031646884765701',
            'twitter_user': 'Mostofa2020'}}
----------Groups----------
{ 'Bitcoin': ['bitcoin', 'Bitcoin', 'btc', 'satoshi nakamoto'],
  'Ethereum': ['ethereum', 'Ethereum', 'eth', 'vitalik buterin'],
  'Litecoin': ['litecoin', 'Litecoin', 'ltc', 'charles lee'],
  'Monero': ['monero', 'Monero', 'xmr', 'riccardo spagni'],
  'Ripple': [ 'ripple',
              'Ripple',
              'xrp',
              'xrapid',
              'xcurrent',
              'chris larsen',
              'jed mccaleb']}
---------------------------Fetch-------2019-07-31 15:54:55.401590: Tweet filed under "misc":----------Data----------
{ 'contributors': None,
  'coordinates': None,
  'created_at': 'Wed Jul 31 19:50:54 +0000 2019',
  'entities': { 'hashtags': [],
                'symbols': [],
                'urls': [],
                'user_mentions': [ { 'id': 834374677560705024,
                                     'id_str': '834374677560705024',
                                     'indices': [3, 19],
                                     'name': 'Want Marketplaces',
                                     'screen_name': 'wantmarketplace'}]},
  'favorite_count': 0,
  'favorited': False,
  'geo': None,
  'id': 1156653481924501504,
  'id_str': '1156653481924501504',
  'in_reply_to_screen_name': None,
  'in_reply_to_status_id': None,
  'in_reply_to_status_id_str': None,
  'in_reply_to_user_id': None,
  'in_reply_to_user_id_str': None,
  'is_quote_status': False,
  'lang': 'en',
  'metadata': {'iso_language_code': 'en', 'result_type': 'recent'},
  'place': None,
  'retweet_count': 47,
  'retweeted': False,
  'retweeted_status': { 'contributors': None,
                        'coordinates': None,
                        'created_at': 'Sun Jul 07 06:33:07 +0000 2019',
                        'entities': { 'hashtags': [],
                                      'symbols': [],
                                      'urls': [ { 'display_url': 'twitter.com/i/web/status/1…',
                                                  'expanded_url': 'https://twitter.com/i/web/status/1147755403473645568',
                                                  'indices': [116, 139],
                                                  'url': 'https://t.co/eznKcQEWQs'}],
                                      'user_mentions': []},
                        'favorite_count': 131,
                        'favorited': False,
                        'geo': None,
                        'id': 1147755403473645568,
                        'id_str': '1147755403473645568',
                        'in_reply_to_screen_name': None,
                        'in_reply_to_status_id': None,
                        'in_reply_to_status_id_str': None,
                        'in_reply_to_user_id': None,
                        'in_reply_to_user_id_str': None,
                        'is_quote_status': False,
                        'lang': 'en',
                        'metadata': { 'iso_language_code': 'en',
                                      'result_type': 'recent'},
                        'place': None,
                        'possibly_sensitive': False,
                        'retweet_count': 47,
                        'retweeted': False,
                        'source': '<a href="https://mobile.twitter.com" '
                                  'rel="nofollow">Twitter Web App</a>',
                        'text': 'WANT Marketplaces Security Token Offering '
                                'raising $20 Million\n'
                                '\n'
                                'Private Sale open NOW till Aug 31 - 40% Off - '
                                '$0.18… https://t.co/eznKcQEWQs',
                        'truncated': True,
                        'user': { 'contributors_enabled': False,
                                  'created_at': 'Wed Feb 22 12:09:59 +0000 '
                                                '2017',
                                  'default_profile': True,
                                  'default_profile_image': False,
                                  'description': 'Official Account for WANT '
                                                 'Marketplaces STO Offering',
                                  'entities': { 'description': {'urls': []},
                                                'url': { 'urls': [ { 'display_url': 'benipal.com',
                                                                     'expanded_url': 'https://benipal.com',
                                                                     'indices': [ 0,
                                                                                  23],
                                                                     'url': 'https://t.co/FpJbeDXvVn'}]}},
                                  'favourites_count': 4,
                                  'follow_request_sent': None,
                                  'followers_count': 1600,
                                  'following': None,
                                  'friends_count': 1,
                                  'geo_enabled': False,
                                  'has_extended_profile': False,
                                  'id': 834374677560705024,
                                  'id_str': '834374677560705024',
                                  'is_translation_enabled': False,
                                  'is_translator': False,
                                  'lang': None,
                                  'listed_count': 2,
                                  'location': 'New York, NY',
                                  'name': 'Want Marketplaces',
                                  'notifications': None,
                                  'profile_background_color': 'F5F8FA',
                                  'profile_background_image_url': None,
                                  'profile_background_image_url_https': None,
                                  'profile_background_tile': False,
                                  'profile_banner_url': 'https://pbs.twimg.com/profile_banners/834374677560705024/1559981725',
                                  'profile_image_url': 'http://pbs.twimg.com/profile_images/1137267216955482114/4tG-zMA6_normal.jpg',
                                  'profile_image_url_https': 'https://pbs.twimg.com/profile_images/1137267216955482114/4tG-zMA6_normal.jpg',
                                  'profile_link_color': '1DA1F2',
                                  'profile_sidebar_border_color': 'C0DEED',
                                  'profile_sidebar_fill_color': 'DDEEF6',
                                  'profile_text_color': '333333',
                                  'profile_use_background_image': True,
                                  'protected': False,
                                  'screen_name': 'wantmarketplace',
                                  'statuses_count': 76,
                                  'time_zone': None,
                                  'translator_type': 'none',
                                  'url': 'https://t.co/FpJbeDXvVn',
                                  'utc_offset': None,
                                  'verified': False}},
  'source': '<a href="http://twitter.com/download/android" '
            'rel="nofollow">Twitter for Android</a>',
  'text': 'RT @wantmarketplace: WANT Marketplaces Security Token Offering '
          'raising $20 Million\n'
          '\n'
          'Private Sale open NOW till Aug 31 - 40% Off - $0.18 htt…',
  'truncated': False,
  'user': { 'contributors_enabled': False,
            'created_at': 'Fri Sep 08 05:49:12 +0000 2017',
            'default_profile': True,
            'default_profile_image': False,
            'description': 'I am Medical student\n'
                           '#****(simple man)\n'
                           '#Follow  back',
            'entities': {'description': {'urls': []}},
            'favourites_count': 4843,
            'follow_request_sent': None,
            'followers_count': 4817,
            'following': None,
            'friends_count': 5295,
            'geo_enabled': False,
            'has_extended_profile': True,
            'id': 906031646884765701,
            'id_str': '906031646884765701',
            'is_translation_enabled': False,
            'is_translator': False,
            'lang': None,
            'listed_count': 14,
            'location': 'Dhaka, Bangladesh',
            'name': 'Md Mostofa kamal',
            'notifications': None,
            'profile_background_color': 'F5F8FA',
            'profile_background_image_url': None,
            'profile_background_image_url_https': None,
            'profile_background_tile': False,
            'profile_banner_url': 'https://pbs.twimg.com/profile_banners/906031646884765701/1543978436',
            'profile_image_url': 'http://pbs.twimg.com/profile_images/1122456466047127552/jObVPMAo_normal.jpg',
            'profile_image_url_https': 'https://pbs.twimg.com/profile_images/1122456466047127552/jObVPMAo_normal.jpg',
            'profile_link_color': '1DA1F2',
            'profile_sidebar_border_color': 'C0DEED',
            'profile_sidebar_fill_color': 'DDEEF6',
            'profile_text_color': '333333',
            'profile_use_background_image': True,
            'protected': False,
            'screen_name': 'Mostofa2020',
            'statuses_count': 5960,
            'time_zone': None,
            'translator_type': 'none',
            'url': None,
            'utc_offset': None,
            'verified': False}}
----------Summary----------
{ 'entities': {},
  'id_str': '1156653481924501504',
  'retweeted_status': { 'entities': { 'urls': { 'display_url': 'twitter.com/i/web/status/1…',
                                                'expanded_url': 'https://twitter.com/i/web/status/1147755403473645568'}},
                        'id_str': '1147755403473645568',
                        'text': 'want marketplaces security token offering '
                                'raising $20 million  private sale open now '
                                'till aug 31 - 40% off - $0.18 '
                                'https://t.co/eznkcqewqs',
                        'user': { 'entities': {},
                                  'id_str': '834374677560705024',
                                  'twitter_user': 'wantmarketplace'}},
  'text': 'rt @wantmarketplace: want marketplaces security token offering '
          'raising $20 million  private sale open now till aug 31 - 40% off - '
          '$0.18 htt',
  'user': { 'entities': {},
            'id_str': '906031646884765701',
            'twitter_user': 'Mostofa2020'}}
----------Groups----------
{ 'Bitcoin': ['bitcoin', 'Bitcoin', 'btc', 'satoshi nakamoto'],
  'Ethereum': ['ethereum', 'Ethereum', 'eth', 'vitalik buterin'],
  'Litecoin': ['litecoin', 'Litecoin', 'ltc', 'charles lee'],
  'Monero': ['monero', 'Monero', 'xmr', 'riccardo spagni'],
  'Ripple': [ 'ripple',
              'Ripple',
              'xrp',
              'xrapid',
              'xcurrent',
              'chris larsen',
              'jed mccaleb']}
---------------------------Fetch-------2019-07-31 15:54:55.707505: Tweet filed under "misc":----------Data----------
{ 'contributors': None,
  'coordinates': None,
  'created_at': 'Wed Jul 31 19:50:51 +0000 2019',
  'entities': { 'hashtags': [],
                'symbols': [],
                'urls': [],
                'user_mentions': [ { 'id': 834374677560705024,
                                     'id_str': '834374677560705024',
                                     'indices': [3, 19],
                                     'name': 'Want Marketplaces',
                                     'screen_name': 'wantmarketplace'}]},
  'favorite_count': 0,
  'favorited': False,
  'geo': None,
  'id': 1156653468624408576,
  'id_str': '1156653468624408576',
  'in_reply_to_screen_name': None,
  'in_reply_to_status_id': None,
  'in_reply_to_status_id_str': None,
  'in_reply_to_user_id': None,
  'in_reply_to_user_id_str': None,
  'is_quote_status': False,
  'lang': 'en',
  'metadata': {'iso_language_code': 'en', 'result_type': 'recent'},
  'place': None,
  'retweet_count': 51,
  'retweeted': False,
  'retweeted_status': { 'contributors': None,
                        'coordinates': None,
                        'created_at': 'Mon Jul 08 05:20:04 +0000 2019',
                        'entities': { 'hashtags': [],
                                      'symbols': [],
                                      'urls': [ { 'display_url': 'twitter.com/i/web/status/1…',
                                                  'expanded_url': 'https://twitter.com/i/web/status/1148099409491591169',
                                                  'indices': [117, 140],
                                                  'url': 'https://t.co/oJQUvhUQlV'}],
                                      'user_mentions': []},
                        'favorite_count': 147,
                        'favorited': False,
                        'geo': None,
                        'id': 1148099409491591169,
                        'id_str': '1148099409491591169',
                        'in_reply_to_screen_name': None,
                        'in_reply_to_status_id': None,
                        'in_reply_to_status_id_str': None,
                        'in_reply_to_user_id': None,
                        'in_reply_to_user_id_str': None,
                        'is_quote_status': False,
                        'lang': 'en',
                        'metadata': { 'iso_language_code': 'en',
                                      'result_type': 'recent'},
                        'place': None,
                        'possibly_sensitive': False,
                        'retweet_count': 51,
                        'retweeted': False,
                        'source': '<a href="https://mobile.twitter.com" '
                                  'rel="nofollow">Twitter Web App</a>',
                        'text': 'This is how our First office started in '
                                '2009!\n'
                                '\n'
                                'WANT Marketplaces Security Token Offering '
                                'raising $20 Million. Priva… '
                                'https://t.co/oJQUvhUQlV',
                        'truncated': True,
                        'user': { 'contributors_enabled': False,
                                  'created_at': 'Wed Feb 22 12:09:59 +0000 '
                                                '2017',
                                  'default_profile': True,
                                  'default_profile_image': False,
                                  'description': 'Official Account for WANT '
                                                 'Marketplaces STO Offering',
                                  'entities': { 'description': {'urls': []},
                                                'url': { 'urls': [ { 'display_url': 'benipal.com',
                                                                     'expanded_url': 'https://benipal.com',
                                                                     'indices': [ 0,
                                                                                  23],
                                                                     'url': 'https://t.co/FpJbeDXvVn'}]}},
                                  'favourites_count': 4,
                                  'follow_request_sent': None,
                                  'followers_count': 1600,
                                  'following': None,
                                  'friends_count': 1,
                                  'geo_enabled': False,
                                  'has_extended_profile': False,
                                  'id': 834374677560705024,
                                  'id_str': '834374677560705024',
                                  'is_translation_enabled': False,
                                  'is_translator': False,
                                  'lang': None,
                                  'listed_count': 2,
                                  'location': 'New York, NY',
                                  'name': 'Want Marketplaces',
                                  'notifications': None,
                                  'profile_background_color': 'F5F8FA',
                                  'profile_background_image_url': None,
                                  'profile_background_image_url_https': None,
                                  'profile_background_tile': False,
                                  'profile_banner_url': 'https://pbs.twimg.com/profile_banners/834374677560705024/1559981725',
                                  'profile_image_url': 'http://pbs.twimg.com/profile_images/1137267216955482114/4tG-zMA6_normal.jpg',
                                  'profile_image_url_https': 'https://pbs.twimg.com/profile_images/1137267216955482114/4tG-zMA6_normal.jpg',
                                  'profile_link_color': '1DA1F2',
                                  'profile_sidebar_border_color': 'C0DEED',
                                  'profile_sidebar_fill_color': 'DDEEF6',
                                  'profile_text_color': '333333',
                                  'profile_use_background_image': True,
                                  'protected': False,
                                  'screen_name': 'wantmarketplace',
                                  'statuses_count': 76,
                                  'time_zone': None,
                                  'translator_type': 'none',
                                  'url': 'https://t.co/FpJbeDXvVn',
                                  'utc_offset': None,
                                  'verified': False}},
  'source': '<a href="http://twitter.com/download/android" '
            'rel="nofollow">Twitter for Android</a>',
  'text': 'RT @wantmarketplace: This is how our First office started in 2009!\n'
          '\n'
          'WANT Marketplaces Security Token Offering raising $20 Million. '
          'Private…',
  'truncated': False,
  'user': { 'contributors_enabled': False,
            'created_at': 'Fri Sep 08 05:49:12 +0000 2017',
            'default_profile': True,
            'default_profile_image': False,
            'description': 'I am Medical student\n'
                           '#****(simple man)\n'
                           '#Follow  back',
            'entities': {'description': {'urls': []}},
            'favourites_count': 4843,
            'follow_request_sent': None,
            'followers_count': 4817,
            'following': None,
            'friends_count': 5295,
            'geo_enabled': False,
            'has_extended_profile': True,
            'id': 906031646884765701,
            'id_str': '906031646884765701',
            'is_translation_enabled': False,
            'is_translator': False,
            'lang': None,
            'listed_count': 14,
            'location': 'Dhaka, Bangladesh',
            'name': 'Md Mostofa kamal',
            'notifications': None,
            'profile_background_color': 'F5F8FA',
            'profile_background_image_url': None,
            'profile_background_image_url_https': None,
            'profile_background_tile': False,
            'profile_banner_url': 'https://pbs.twimg.com/profile_banners/906031646884765701/1543978436',
            'profile_image_url': 'http://pbs.twimg.com/profile_images/1122456466047127552/jObVPMAo_normal.jpg',
            'profile_image_url_https': 'https://pbs.twimg.com/profile_images/1122456466047127552/jObVPMAo_normal.jpg',
            'profile_link_color': '1DA1F2',
            'profile_sidebar_border_color': 'C0DEED',
            'profile_sidebar_fill_color': 'DDEEF6',
            'profile_text_color': '333333',
            'profile_use_background_image': True,
            'protected': False,
            'screen_name': 'Mostofa2020',
            'statuses_count': 5960,
            'time_zone': None,
            'translator_type': 'none',
            'url': None,
            'utc_offset': None,
            'verified': False}}
----------Summary----------
{ 'entities': {},
  'id_str': '1156653468624408576',
  'retweeted_status': { 'entities': { 'urls': { 'display_url': 'twitter.com/i/web/status/1…',
                                                'expanded_url': 'https://twitter.com/i/web/status/1148099409491591169'}},
                        'id_str': '1148099409491591169',
                        'text': 'this is how our first office started in '
                                '2009!  want marketplaces security token '
                                'offering raising $20 million. priva '
                                'https://t.co/ojquvhuqlv',
                        'user': { 'entities': {},
                                  'id_str': '834374677560705024',
                                  'twitter_user': 'wantmarketplace'}},
  'text': 'rt @wantmarketplace: this is how our first office started in 2009!  '
          'want marketplaces security token offering raising $20 million. '
          'private',
  'user': { 'entities': {},
            'id_str': '906031646884765701',
            'twitter_user': 'Mostofa2020'}}
----------Groups----------
{ 'Bitcoin': ['bitcoin', 'Bitcoin', 'btc', 'satoshi nakamoto'],
  'Ethereum': ['ethereum', 'Ethereum', 'eth', 'vitalik buterin'],
  'Litecoin': ['litecoin', 'Litecoin', 'ltc', 'charles lee'],
  'Monero': ['monero', 'Monero', 'xmr', 'riccardo spagni'],
  'Ripple': [ 'ripple',
              'Ripple',
              'xrp',
              'xrapid',
              'xcurrent',
              'chris larsen',
              'jed mccaleb']}
---------------------------Fetch-------2019-07-31 15:54:56.323194: Tweet filed under "misc":----------Data----------
{ 'contributors': None,
  'coordinates': None,
  'created_at': 'Wed Jul 31 19:50:31 +0000 2019',
  'entities': { 'hashtags': [],
                'symbols': [],
                'urls': [ { 'display_url': 't.me/wantmarketplac…',
                            'expanded_url': 'https://t.me/wantmarketplaces',
                            'indices': [60, 83],
                            'url': 'https://t.co/iPEWJ3GOq2'}],
                'user_mentions': [ { 'id': 834374677560705024,
                                     'id_str': '834374677560705024',
                                     'indices': [3, 19],
                                     'name': 'Want Marketplaces',
                                     'screen_name': 'wantmarketplace'}]},
  'favorite_count': 0,
  'favorited': False,
  'geo': None,
  'id': 1156653385740771328,
  'id_str': '1156653385740771328',
  'in_reply_to_screen_name': None,
  'in_reply_to_status_id': None,
  'in_reply_to_status_id_str': None,
  'in_reply_to_user_id': None,
  'in_reply_to_user_id_str': None,
  'is_quote_status': False,
  'lang': 'en',
  'metadata': {'iso_language_code': 'en', 'result_type': 'recent'},
  'place': None,
  'possibly_sensitive': False,
  'retweet_count': 56,
  'retweeted': False,
  'retweeted_status': { 'contributors': None,
                        'coordinates': None,
                        'created_at': 'Wed Jul 17 02:37:03 +0000 2019',
                        'entities': { 'hashtags': [],
                                      'symbols': [],
                                      'urls': [ { 'display_url': 't.me/wantmarketplac…',
                                                  'expanded_url': 'https://t.me/wantmarketplaces',
                                                  'indices': [39, 62],
                                                  'url': 'https://t.co/iPEWJ3GOq2'},
                                                { 'display_url': 'twitter.com/i/web/status/1…',
                                                  'expanded_url': 'https://twitter.com/i/web/status/1151319874544664578',
                                                  'indices': [98, 121],
                                                  'url': 'https://t.co/caNEyxHISc'}],
                                      'user_mentions': []},
                        'favorite_count': 199,
                        'favorited': False,
                        'geo': None,
                        'id': 1151319874544664578,
                        'id_str': '1151319874544664578',
                        'in_reply_to_screen_name': None,
                        'in_reply_to_status_id': None,
                        'in_reply_to_status_id_str': None,
                        'in_reply_to_user_id': None,
                        'in_reply_to_user_id_str': None,
                        'is_quote_status': False,
                        'lang': 'en',
                        'metadata': { 'iso_language_code': 'en',
                                      'result_type': 'recent'},
                        'place': None,
                        'possibly_sensitive': False,
                        'retweet_count': 56,
                        'retweeted': False,
                        'source': '<a href="https://mobile.twitter.com" '
                                  'rel="nofollow">Twitter Web App</a>',
                        'text': '3000 subscribers on Telegram Channel \n'
                                '\n'
                                'https://t.co/iPEWJ3GOq2\n'
                                '\n'
                                'Private Sale @ $0.18 / 40% OFF -… '
                                'https://t.co/caNEyxHISc',
                        'truncated': True,
                        'user': { 'contributors_enabled': False,
                                  'created_at': 'Wed Feb 22 12:09:59 +0000 '
                                                '2017',
                                  'default_profile': True,
                                  'default_profile_image': False,
                                  'description': 'Official Account for WANT '
                                                 'Marketplaces STO Offering',
                                  'entities': { 'description': {'urls': []},
                                                'url': { 'urls': [ { 'display_url': 'benipal.com',
                                                                     'expanded_url': 'https://benipal.com',
                                                                     'indices': [ 0,
                                                                                  23],
                                                                     'url': 'https://t.co/FpJbeDXvVn'}]}},
                                  'favourites_count': 4,
                                  'follow_request_sent': None,
                                  'followers_count': 1600,
                                  'following': None,
                                  'friends_count': 1,
                                  'geo_enabled': False,
                                  'has_extended_profile': False,
                                  'id': 834374677560705024,
                                  'id_str': '834374677560705024',
                                  'is_translation_enabled': False,
                                  'is_translator': False,
                                  'lang': None,
                                  'listed_count': 2,
                                  'location': 'New York, NY',
                                  'name': 'Want Marketplaces',
                                  'notifications': None,
                                  'profile_background_color': 'F5F8FA',
                                  'profile_background_image_url': None,
                                  'profile_background_image_url_https': None,
                                  'profile_background_tile': False,
                                  'profile_banner_url': 'https://pbs.twimg.com/profile_banners/834374677560705024/1559981725',
                                  'profile_image_url': 'http://pbs.twimg.com/profile_images/1137267216955482114/4tG-zMA6_normal.jpg',
                                  'profile_image_url_https': 'https://pbs.twimg.com/profile_images/1137267216955482114/4tG-zMA6_normal.jpg',
                                  'profile_link_color': '1DA1F2',
                                  'profile_sidebar_border_color': 'C0DEED',
                                  'profile_sidebar_fill_color': 'DDEEF6',
                                  'profile_text_color': '333333',
                                  'profile_use_background_image': True,
                                  'protected': False,
                                  'screen_name': 'wantmarketplace',
                                  'statuses_count': 76,
                                  'time_zone': None,
                                  'translator_type': 'none',
                                  'url': 'https://t.co/FpJbeDXvVn',
                                  'utc_offset': None,
                                  'verified': False}},
  'source': '<a href="http://twitter.com/download/android" '
            'rel="nofollow">Twitter for Android</a>',
  'text': 'RT @wantmarketplace: 3000 subscribers on Telegram Channel \n'
          '\n'
          'https://t.co/iPEWJ3GOq2\n'
          '\n'
          'Private Sale @ $0.18 / 40% OFF - https://t.co/diMbd4sx…',
  'truncated': False,
  'user': { 'contributors_enabled': False,
            'created_at': 'Fri Sep 08 05:49:12 +0000 2017',
            'default_profile': True,
            'default_profile_image': False,
            'description': 'I am Medical student\n'
                           '#****(simple man)\n'
                           '#Follow  back',
            'entities': {'description': {'urls': []}},
            'favourites_count': 4843,
            'follow_request_sent': None,
            'followers_count': 4817,
            'following': None,
            'friends_count': 5295,
            'geo_enabled': False,
            'has_extended_profile': True,
            'id': 906031646884765701,
            'id_str': '906031646884765701',
            'is_translation_enabled': False,
            'is_translator': False,
            'lang': None,
            'listed_count': 14,
            'location': 'Dhaka, Bangladesh',
            'name': 'Md Mostofa kamal',
            'notifications': None,
            'profile_background_color': 'F5F8FA',
            'profile_background_image_url': None,
            'profile_background_image_url_https': None,
            'profile_background_tile': False,
            'profile_banner_url': 'https://pbs.twimg.com/profile_banners/906031646884765701/1543978436',
            'profile_image_url': 'http://pbs.twimg.com/profile_images/1122456466047127552/jObVPMAo_normal.jpg',
            'profile_image_url_https': 'https://pbs.twimg.com/profile_images/1122456466047127552/jObVPMAo_normal.jpg',
            'profile_link_color': '1DA1F2',
            'profile_sidebar_border_color': 'C0DEED',
            'profile_sidebar_fill_color': 'DDEEF6',
            'profile_text_color': '333333',
            'profile_use_background_image': True,
            'protected': False,
            'screen_name': 'Mostofa2020',
            'statuses_count': 5960,
            'time_zone': None,
            'translator_type': 'none',
            'url': None,
            'utc_offset': None,
            'verified': False}}
----------Summary----------
{ 'entities': { 'urls': { 'display_url': 't.me/wantmarketplac…',
                          'expanded_url': 'https://t.me/wantmarketplaces'}},
  'id_str': '1156653385740771328',
  'retweeted_status': { 'entities': { 'urls': { 'display_url': 'twitter.com/i/web/status/1…',
                                                'expanded_url': 'https://twitter.com/i/web/status/1151319874544664578'}},
                        'id_str': '1151319874544664578',
                        'text': '3000 subscribers on telegram channel   '
                                'https://t.co/ipewj3goq2  private sale @ $0.18 '
                                '/ 40% off - https://t.co/caneyxhisc',
                        'user': { 'entities': {},
                                  'id_str': '834374677560705024',
                                  'twitter_user': 'wantmarketplace'}},
  'text': 'rt @wantmarketplace: 3000 subscribers on telegram channel   '
          'https://t.co/ipewj3goq2  private sale @ $0.18 / 40% off - '
          'https://t.co/dimbd4sx',
  'user': { 'entities': {},
            'id_str': '906031646884765701',
            'twitter_user': 'Mostofa2020'}}
----------Groups----------
{ 'Bitcoin': ['bitcoin', 'Bitcoin', 'btc', 'satoshi nakamoto'],
  'Ethereum': ['ethereum', 'Ethereum', 'eth', 'vitalik buterin'],
  'Litecoin': ['litecoin', 'Litecoin', 'ltc', 'charles lee'],
  'Monero': ['monero', 'Monero', 'xmr', 'riccardo spagni'],
  'Ripple': [ 'ripple',
              'Ripple',
              'xrp',
              'xrapid',
              'xcurrent',
              'chris larsen',
              'jed mccaleb']}
---------------------------Fetch-------2019-07-31 15:54:56.629832: Tweet filed under "misc":----------Data----------
{ 'contributors': None,
  'coordinates': None,
  'created_at': 'Wed Jul 31 19:50:29 +0000 2019',
  'entities': { 'hashtags': [],
                'symbols': [],
                'urls': [],
                'user_mentions': [ { 'id': 834374677560705024,
                                     'id_str': '834374677560705024',
                                     'indices': [3, 19],
                                     'name': 'Want Marketplaces',
                                     'screen_name': 'wantmarketplace'}]},
  'favorite_count': 0,
  'favorited': False,
  'geo': None,
  'id': 1156653376559443968,
  'id_str': '1156653376559443968',
  'in_reply_to_screen_name': None,
  'in_reply_to_status_id': None,
  'in_reply_to_status_id_str': None,
  'in_reply_to_user_id': None,
  'in_reply_to_user_id_str': None,
  'is_quote_status': False,
  'lang': 'en',
  'metadata': {'iso_language_code': 'en', 'result_type': 'recent'},
  'place': None,
  'retweet_count': 42,
  'retweeted': False,
  'retweeted_status': { 'contributors': None,
                        'coordinates': None,
                        'created_at': 'Fri Jul 19 15:33:35 +0000 2019',
                        'entities': { 'hashtags': [],
                                      'symbols': [],
                                      'urls': [ { 'display_url': 'twitter.com/i/web/status/1…',
                                                  'expanded_url': 'https://twitter.com/i/web/status/1152240071447367681',
                                                  'indices': [117, 140],
                                                  'url': 'https://t.co/58q5KLgYAd'}],
                                      'user_mentions': []},
                        'favorite_count': 186,
                        'favorited': False,
                        'geo': None,
                        'id': 1152240071447367681,
                        'id_str': '1152240071447367681',
                        'in_reply_to_screen_name': None,
                        'in_reply_to_status_id': None,
                        'in_reply_to_status_id_str': None,
                        'in_reply_to_user_id': None,
                        'in_reply_to_user_id_str': None,
                        'is_quote_status': False,
                        'lang': 'en',
                        'metadata': { 'iso_language_code': 'en',
                                      'result_type': 'recent'},
                        'place': None,
                        'possibly_sensitive': False,
                        'retweet_count': 42,
                        'retweeted': False,
                        'source': '<a href="https://mobile.twitter.com" '
                                  'rel="nofollow">Twitter Web App</a>',
                        'text': '9000 subscribers on Telegram. WANT '
                                'Marketplaces Security Token Offering raising '
                                '$20 Million. \n'
                                '\n'
                                'Private Sale open NO… https://t.co/58q5KLgYAd',
                        'truncated': True,
                        'user': { 'contributors_enabled': False,
                                  'created_at': 'Wed Feb 22 12:09:59 +0000 '
                                                '2017',
                                  'default_profile': True,
                                  'default_profile_image': False,
                                  'description': 'Official Account for WANT '
                                                 'Marketplaces STO Offering',
                                  'entities': { 'description': {'urls': []},
                                                'url': { 'urls': [ { 'display_url': 'benipal.com',
                                                                     'expanded_url': 'https://benipal.com',
                                                                     'indices': [ 0,
                                                                                  23],
                                                                     'url': 'https://t.co/FpJbeDXvVn'}]}},
                                  'favourites_count': 4,
                                  'follow_request_sent': None,
                                  'followers_count': 1600,
                                  'following': None,
                                  'friends_count': 1,
                                  'geo_enabled': False,
                                  'has_extended_profile': False,
                                  'id': 834374677560705024,
                                  'id_str': '834374677560705024',
                                  'is_translation_enabled': False,
                                  'is_translator': False,
                                  'lang': None,
                                  'listed_count': 2,
                                  'location': 'New York, NY',
                                  'name': 'Want Marketplaces',
                                  'notifications': None,
                                  'profile_background_color': 'F5F8FA',
                                  'profile_background_image_url': None,
                                  'profile_background_image_url_https': None,
                                  'profile_background_tile': False,
                                  'profile_banner_url': 'https://pbs.twimg.com/profile_banners/834374677560705024/1559981725',
                                  'profile_image_url': 'http://pbs.twimg.com/profile_images/1137267216955482114/4tG-zMA6_normal.jpg',
                                  'profile_image_url_https': 'https://pbs.twimg.com/profile_images/1137267216955482114/4tG-zMA6_normal.jpg',
                                  'profile_link_color': '1DA1F2',
                                  'profile_sidebar_border_color': 'C0DEED',
                                  'profile_sidebar_fill_color': 'DDEEF6',
                                  'profile_text_color': '333333',
                                  'profile_use_background_image': True,
                                  'protected': False,
                                  'screen_name': 'wantmarketplace',
                                  'statuses_count': 76,
                                  'time_zone': None,
                                  'translator_type': 'none',
                                  'url': 'https://t.co/FpJbeDXvVn',
                                  'utc_offset': None,
                                  'verified': False}},
  'source': '<a href="http://twitter.com/download/android" '
            'rel="nofollow">Twitter for Android</a>',
  'text': 'RT @wantmarketplace: 9000 subscribers on Telegram. WANT '
          'Marketplaces Security Token Offering raising $20 Million. \n'
          '\n'
          'Private Sale open NOW t…',
  'truncated': False,
  'user': { 'contributors_enabled': False,
            'created_at': 'Fri Sep 08 05:49:12 +0000 2017',
            'default_profile': True,
            'default_profile_image': False,
            'description': 'I am Medical student\n'
                           '#****(simple man)\n'
                           '#Follow  back',
            'entities': {'description': {'urls': []}},
            'favourites_count': 4843,
            'follow_request_sent': None,
            'followers_count': 4817,
            'following': None,
            'friends_count': 5295,
            'geo_enabled': False,
            'has_extended_profile': True,
            'id': 906031646884765701,
            'id_str': '906031646884765701',
            'is_translation_enabled': False,
            'is_translator': False,
            'lang': None,
            'listed_count': 14,
            'location': 'Dhaka, Bangladesh',
            'name': 'Md Mostofa kamal',
            'notifications': None,
            'profile_background_color': 'F5F8FA',
            'profile_background_image_url': None,
            'profile_background_image_url_https': None,
            'profile_background_tile': False,
            'profile_banner_url': 'https://pbs.twimg.com/profile_banners/906031646884765701/1543978436',
            'profile_image_url': 'http://pbs.twimg.com/profile_images/1122456466047127552/jObVPMAo_normal.jpg',
            'profile_image_url_https': 'https://pbs.twimg.com/profile_images/1122456466047127552/jObVPMAo_normal.jpg',
            'profile_link_color': '1DA1F2',
            'profile_sidebar_border_color': 'C0DEED',
            'profile_sidebar_fill_color': 'DDEEF6',
            'profile_text_color': '333333',
            'profile_use_background_image': True,
            'protected': False,
            'screen_name': 'Mostofa2020',
            'statuses_count': 5960,
            'time_zone': None,
            'translator_type': 'none',
            'url': None,
            'utc_offset': None,
            'verified': False}}
----------Summary----------
{ 'entities': {},
  'id_str': '1156653376559443968',
  'retweeted_status': { 'entities': { 'urls': { 'display_url': 'twitter.com/i/web/status/1…',
                                                'expanded_url': 'https://twitter.com/i/web/status/1152240071447367681'}},
                        'id_str': '1152240071447367681',
                        'text': '9000 subscribers on telegram. want '
                                'marketplaces security token offering raising '
                                '$20 million.   private sale open no '
                                'https://t.co/58q5klgyad',
                        'user': { 'entities': {},
                                  'id_str': '834374677560705024',
                                  'twitter_user': 'wantmarketplace'}},
  'text': 'rt @wantmarketplace: 9000 subscribers on telegram. want '
          'marketplaces security token offering raising $20 million.   private '
          'sale open now t',
  'user': { 'entities': {},
            'id_str': '906031646884765701',
            'twitter_user': 'Mostofa2020'}}
----------Groups----------
{ 'Bitcoin': ['bitcoin', 'Bitcoin', 'btc', 'satoshi nakamoto'],
  'Ethereum': ['ethereum', 'Ethereum', 'eth', 'vitalik buterin'],
  'Litecoin': ['litecoin', 'Litecoin', 'ltc', 'charles lee'],
  'Monero': ['monero', 'Monero', 'xmr', 'riccardo spagni'],
  'Ripple': [ 'ripple',
              'Ripple',
              'xrp',
              'xrapid',
              'xcurrent',
              'chris larsen',
              'jed mccaleb']}
---------------------------Fetch-------2019-07-31 15:54:57.140121: Tweet filed under "misc":----------Data----------
{ 'contributors': None,
  'coordinates': None,
  'created_at': 'Wed Jul 31 19:50:16 +0000 2019',
  'entities': { 'hashtags': [],
                'symbols': [],
                'urls': [],
                'user_mentions': [ { 'id': 834374677560705024,
                                     'id_str': '834374677560705024',
                                     'indices': [3, 19],
                                     'name': 'Want Marketplaces',
                                     'screen_name': 'wantmarketplace'}]},
  'favorite_count': 0,
  'favorited': False,
  'geo': None,
  'id': 1156653321748271104,
  'id_str': '1156653321748271104',
  'in_reply_to_screen_name': None,
  'in_reply_to_status_id': None,
  'in_reply_to_status_id_str': None,
  'in_reply_to_user_id': None,
  'in_reply_to_user_id_str': None,
  'is_quote_status': False,
  'lang': 'en',
  'metadata': {'iso_language_code': 'en', 'result_type': 'recent'},
  'place': None,
  'retweet_count': 43,
  'retweeted': False,
  'retweeted_status': { 'contributors': None,
                        'coordinates': None,
                        'created_at': 'Wed Jul 24 14:21:35 +0000 2019',
                        'entities': { 'hashtags': [],
                                      'symbols': [],
                                      'urls': [ { 'display_url': 'twitter.com/i/web/status/1…',
                                                  'expanded_url': 'https://twitter.com/i/web/status/1154033891755343872',
                                                  'indices': [115, 138],
                                                  'url': 'https://t.co/6LFab001Hh'}],
                                      'user_mentions': []},
                        'favorite_count': 151,
                        'favorited': False,
                        'geo': None,
                        'id': 1154033891755343872,
                        'id_str': '1154033891755343872',
                        'in_reply_to_screen_name': None,
                        'in_reply_to_status_id': None,
                        'in_reply_to_status_id_str': None,
                        'in_reply_to_user_id': None,
                        'in_reply_to_user_id_str': None,
                        'is_quote_status': False,
                        'lang': 'en',
                        'metadata': { 'iso_language_code': 'en',
                                      'result_type': 'recent'},
                        'place': None,
                        'possibly_sensitive': False,
                        'retweet_count': 43,
                        'retweeted': False,
                        'source': '<a href="https://mobile.twitter.com" '
                                  'rel="nofollow">Twitter Web App</a>',
                        'text': 'AIRDROP going ON! \n'
                                '\n'
                                'Get Free $4 worth of WNT Tokens PLUS 3 Tokens '
                                'for each Referral! No KYC. Unlimited '
                                'referrals.… https://t.co/6LFab001Hh',
                        'truncated': True,
                        'user': { 'contributors_enabled': False,
                                  'created_at': 'Wed Feb 22 12:09:59 +0000 '
                                                '2017',
                                  'default_profile': True,
                                  'default_profile_image': False,
                                  'description': 'Official Account for WANT '
                                                 'Marketplaces STO Offering',
                                  'entities': { 'description': {'urls': []},
                                                'url': { 'urls': [ { 'display_url': 'benipal.com',
                                                                     'expanded_url': 'https://benipal.com',
                                                                     'indices': [ 0,
                                                                                  23],
                                                                     'url': 'https://t.co/FpJbeDXvVn'}]}},
                                  'favourites_count': 4,
                                  'follow_request_sent': None,
                                  'followers_count': 1600,
                                  'following': None,
                                  'friends_count': 1,
                                  'geo_enabled': False,
                                  'has_extended_profile': False,
                                  'id': 834374677560705024,
                                  'id_str': '834374677560705024',
                                  'is_translation_enabled': False,
                                  'is_translator': False,
                                  'lang': None,
                                  'listed_count': 2,
                                  'location': 'New York, NY',
                                  'name': 'Want Marketplaces',
                                  'notifications': None,
                                  'profile_background_color': 'F5F8FA',
                                  'profile_background_image_url': None,
                                  'profile_background_image_url_https': None,
                                  'profile_background_tile': False,
                                  'profile_banner_url': 'https://pbs.twimg.com/profile_banners/834374677560705024/1559981725',
                                  'profile_image_url': 'http://pbs.twimg.com/profile_images/1137267216955482114/4tG-zMA6_normal.jpg',
                                  'profile_image_url_https': 'https://pbs.twimg.com/profile_images/1137267216955482114/4tG-zMA6_normal.jpg',
                                  'profile_link_color': '1DA1F2',
                                  'profile_sidebar_border_color': 'C0DEED',
                                  'profile_sidebar_fill_color': 'DDEEF6',
                                  'profile_text_color': '333333',
                                  'profile_use_background_image': True,
                                  'protected': False,
                                  'screen_name': 'wantmarketplace',
                                  'statuses_count': 76,
                                  'time_zone': None,
                                  'translator_type': 'none',
                                  'url': 'https://t.co/FpJbeDXvVn',
                                  'utc_offset': None,
                                  'verified': False}},
  'source': '<a href="http://twitter.com/download/android" '
            'rel="nofollow">Twitter for Android</a>',
  'text': 'RT @wantmarketplace: AIRDROP going ON! \n'
          '\n'
          'Get Free $4 worth of WNT Tokens PLUS 3 Tokens for each Referral! No '
          'KYC. Unlimited referrals.\n'
          'http…',
  'truncated': False,
  'user': { 'contributors_enabled': False,
            'created_at': 'Fri Sep 08 05:49:12 +0000 2017',
            'default_profile': True,
            'default_profile_image': False,
            'description': 'I am Medical student\n'
                           '#****(simple man)\n'
                           '#Follow  back',
            'entities': {'description': {'urls': []}},
            'favourites_count': 4843,
            'follow_request_sent': None,
            'followers_count': 4817,
            'following': None,
            'friends_count': 5295,
            'geo_enabled': False,
            'has_extended_profile': True,
            'id': 906031646884765701,
            'id_str': '906031646884765701',
            'is_translation_enabled': False,
            'is_translator': False,
            'lang': None,
            'listed_count': 14,
            'location': 'Dhaka, Bangladesh',
            'name': 'Md Mostofa kamal',
            'notifications': None,
            'profile_background_color': 'F5F8FA',
            'profile_background_image_url': None,
            'profile_background_image_url_https': None,
            'profile_background_tile': False,
            'profile_banner_url': 'https://pbs.twimg.com/profile_banners/906031646884765701/1543978436',
            'profile_image_url': 'http://pbs.twimg.com/profile_images/1122456466047127552/jObVPMAo_normal.jpg',
            'profile_image_url_https': 'https://pbs.twimg.com/profile_images/1122456466047127552/jObVPMAo_normal.jpg',
            'profile_link_color': '1DA1F2',
            'profile_sidebar_border_color': 'C0DEED',
            'profile_sidebar_fill_color': 'DDEEF6',
            'profile_text_color': '333333',
            'profile_use_background_image': True,
            'protected': False,
            'screen_name': 'Mostofa2020',
            'statuses_count': 5960,
            'time_zone': None,
            'translator_type': 'none',
            'url': None,
            'utc_offset': None,
            'verified': False}}
----------Summary----------
{ 'entities': {},
  'id_str': '1156653321748271104',
  'retweeted_status': { 'entities': { 'urls': { 'display_url': 'twitter.com/i/web/status/1…',
                                                'expanded_url': 'https://twitter.com/i/web/status/1154033891755343872'}},
                        'id_str': '1154033891755343872',
                        'text': 'airdrop going on!   get free $4 worth of wnt '
                                'tokens plus 3 tokens for each referral! no '
                                'kyc. unlimited referrals. '
                                'https://t.co/6lfab001hh',
                        'user': { 'entities': {},
                                  'id_str': '834374677560705024',
                                  'twitter_user': 'wantmarketplace'}},
  'text': 'rt @wantmarketplace: airdrop going on!   get free $4 worth of wnt '
          'tokens plus 3 tokens for each referral! no kyc. unlimited '
          'referrals. http',
  'user': { 'entities': {},
            'id_str': '906031646884765701',
            'twitter_user': 'Mostofa2020'}}
----------Groups----------
{ 'Bitcoin': ['bitcoin', 'Bitcoin', 'btc', 'satoshi nakamoto'],
  'Ethereum': ['ethereum', 'Ethereum', 'eth', 'vitalik buterin'],
  'Litecoin': ['litecoin', 'Litecoin', 'ltc', 'charles lee'],
  'Monero': ['monero', 'Monero', 'xmr', 'riccardo spagni'],
  'Ripple': [ 'ripple',
              'Ripple',
              'xrp',
              'xrapid',
              'xcurrent',
              'chris larsen',
              'jed mccaleb']}
---------------------------Fetch-------2019-07-31 15:54:57.416850: Tweet filed under "misc":----------Data----------
{ 'contributors': None,
  'coordinates': None,
  'created_at': 'Wed Jul 31 19:50:10 +0000 2019',
  'entities': { 'hashtags': [],
                'symbols': [],
                'urls': [ { 'display_url': 'twitter.com/i/web/status/1…',
                            'expanded_url': 'https://twitter.com/i/web/status/1156653299841556486',
                            'indices': [117, 140],
                            'url': 'https://t.co/sI6oKZQQ15'}],
                'user_mentions': []},
  'favorite_count': 1,
  'favorited': False,
  'geo': None,
  'id': 1156653299841556486,
  'id_str': '1156653299841556486',
  'in_reply_to_screen_name': None,
  'in_reply_to_status_id': None,
  'in_reply_to_status_id_str': None,
  'in_reply_to_user_id': None,
  'in_reply_to_user_id_str': None,
  'is_quote_status': False,
  'lang': 'en',
  'metadata': {'iso_language_code': 'en', 'result_type': 'recent'},
  'place': None,
  'possibly_sensitive': False,
  'retweet_count': 0,
  'retweeted': False,
  'source': '<a href="https://mobile.twitter.com" rel="nofollow">Twitter Web '
            'App</a>',
  'text': 'DRIFE will come to the service of drivers. The community itself can '
          'choose “proven” for drivers who will receive pa… '
          'https://t.co/sI6oKZQQ15',
  'truncated': True,
  'user': { 'contributors_enabled': False,
            'created_at': 'Tue Jul 03 20:01:33 +0000 2018',
            'default_profile': False,
            'default_profile_image': False,
            'description': '',
            'entities': {'description': {'urls': []}},
            'favourites_count': 6816,
            'follow_request_sent': None,
            'followers_count': 1437,
            'following': None,
            'friends_count': 1716,
            'geo_enabled': False,
            'has_extended_profile': True,
            'id': 1014237730480500736,
            'id_str': '1014237730480500736',
            'is_translation_enabled': False,
            'is_translator': False,
            'lang': None,
            'listed_count': 9,
            'location': '',
            'name': 'crypto lady',
            'notifications': None,
            'profile_background_color': '000000',
            'profile_background_image_url': 'http://abs.twimg.com/images/themes/theme1/bg.png',
            'profile_background_image_url_https': 'https://abs.twimg.com/images/themes/theme1/bg.png',
            'profile_background_tile': False,
            'profile_banner_url': 'https://pbs.twimg.com/profile_banners/1014237730480500736/1547594948',
            'profile_image_url': 'http://pbs.twimg.com/profile_images/1105118337422540800/vtcvWuP4_normal.png',
            'profile_image_url_https': 'https://pbs.twimg.com/profile_images/1105118337422540800/vtcvWuP4_normal.png',
            'profile_link_color': 'E81C4F',
            'profile_sidebar_border_color': '000000',
            'profile_sidebar_fill_color': '000000',
            'profile_text_color': '000000',
            'profile_use_background_image': False,
            'protected': False,
            'screen_name': 'cryptolady17',
            'statuses_count': 5812,
            'time_zone': None,
            'translator_type': 'none',
            'url': None,
            'utc_offset': None,
            'verified': False}}
----------Summary----------
{ 'entities': { 'urls': { 'display_url': 'twitter.com/i/web/status/1…',
                          'expanded_url': 'https://twitter.com/i/web/status/1156653299841556486'}},
  'id_str': '1156653299841556486',
  'text': 'drife will come to the service of drivers. the community itself can '
          'choose proven for drivers who will receive pa '
          'https://t.co/si6okzqq15',
  'user': { 'entities': {},
            'id_str': '1014237730480500736',
            'twitter_user': 'cryptolady17'}}
----------Groups----------
{ 'Bitcoin': ['bitcoin', 'Bitcoin', 'btc', 'satoshi nakamoto'],
  'Ethereum': ['ethereum', 'Ethereum', 'eth', 'vitalik buterin'],
  'Litecoin': ['litecoin', 'Litecoin', 'ltc', 'charles lee'],
  'Monero': ['monero', 'Monero', 'xmr', 'riccardo spagni'],
  'Ripple': [ 'ripple',
              'Ripple',
              'xrp',
              'xrapid',
              'xcurrent',
              'chris larsen',
              'jed mccaleb']}
---------------------------Fetch-------2019-07-31 15:54:57.626268: Tweet filed under "misc":----------Data----------
{ 'contributors': None,
  'coordinates': None,
  'created_at': 'Wed Jul 31 19:50:10 +0000 2019',
  'entities': { 'hashtags': [],
                'symbols': [],
                'urls': [ { 'display_url': 't.me/wantmarketplac…',
                            'expanded_url': 'https://t.me/wantmarketplaces',
                            'indices': [82, 105],
                            'url': 'https://t.co/iPEWJ3pdyu'}],
                'user_mentions': [ { 'id': 834374677560705024,
                                     'id_str': '834374677560705024',
                                     'indices': [3, 19],
                                     'name': 'Want Marketplaces',
                                     'screen_name': 'wantmarketplace'}]},
  'favorite_count': 0,
  'favorited': False,
  'geo': None,
  'id': 1156653298973175808,
  'id_str': '1156653298973175808',
  'in_reply_to_screen_name': None,
  'in_reply_to_status_id': None,
  'in_reply_to_status_id_str': None,
  'in_reply_to_user_id': None,
  'in_reply_to_user_id_str': None,
  'is_quote_status': False,
  'lang': 'en',
  'metadata': {'iso_language_code': 'en', 'result_type': 'recent'},
  'place': None,
  'possibly_sensitive': False,
  'retweet_count': 41,
  'retweeted': False,
  'retweeted_status': { 'contributors': None,
                        'coordinates': None,
                        'created_at': 'Thu Jul 25 05:57:24 +0000 2019',
                        'entities': { 'hashtags': [],
                                      'symbols': [],
                                      'urls': [ { 'display_url': 't.me/wantmarketplac…',
                                                  'expanded_url': 'https://t.me/wantmarketplaces',
                                                  'indices': [61, 84],
                                                  'url': 'https://t.co/iPEWJ3pdyu'},
                                                { 'display_url': 'twitter.com/i/web/status/1…',
                                                  'expanded_url': 'https://twitter.com/i/web/status/1154269397227364352',
                                                  'indices': [117, 140],
                                                  'url': 'https://t.co/RLjwsBK5Dv'}],
                                      'user_mentions': []},
                        'favorite_count': 140,
                        'favorited': False,
                        'geo': None,
                        'id': 1154269397227364352,
                        'id_str': '1154269397227364352',
                        'in_reply_to_screen_name': None,
                        'in_reply_to_status_id': None,
                        'in_reply_to_status_id_str': None,
                        'in_reply_to_user_id': None,
                        'in_reply_to_user_id_str': None,
                        'is_quote_status': False,
                        'lang': 'en',
                        'metadata': { 'iso_language_code': 'en',
                                      'result_type': 'recent'},
                        'place': None,
                        'possibly_sensitive': False,
                        'retweet_count': 41,
                        'retweeted': False,
                        'source': '<a href="https://mobile.twitter.com" '
                                  'rel="nofollow">Twitter Web App</a>',
                        'text': '10,000 subscribers on Want Marketplaces '
                                'Telegram Channel 🚀🚀🚀 https://t.co/iPEWJ3pdyu\n'
                                '\n'
                                'WNT Private Sale raising $20M… '
                                'https://t.co/RLjwsBK5Dv',
                        'truncated': True,
                        'user': { 'contributors_enabled': False,
                                  'created_at': 'Wed Feb 22 12:09:59 +0000 '
                                                '2017',
                                  'default_profile': True,
                                  'default_profile_image': False,
                                  'description': 'Official Account for WANT '
                                                 'Marketplaces STO Offering',
                                  'entities': { 'description': {'urls': []},
                                                'url': { 'urls': [ { 'display_url': 'benipal.com',
                                                                     'expanded_url': 'https://benipal.com',
                                                                     'indices': [ 0,
                                                                                  23],
                                                                     'url': 'https://t.co/FpJbeDXvVn'}]}},
                                  'favourites_count': 4,
                                  'follow_request_sent': None,
                                  'followers_count': 1600,
                                  'following': None,
                                  'friends_count': 1,
                                  'geo_enabled': False,
                                  'has_extended_profile': False,
                                  'id': 834374677560705024,
                                  'id_str': '834374677560705024',
                                  'is_translation_enabled': False,
                                  'is_translator': False,
                                  'lang': None,
                                  'listed_count': 2,
                                  'location': 'New York, NY',
                                  'name': 'Want Marketplaces',
                                  'notifications': None,
                                  'profile_background_color': 'F5F8FA',
                                  'profile_background_image_url': None,
                                  'profile_background_image_url_https': None,
                                  'profile_background_tile': False,
                                  'profile_banner_url': 'https://pbs.twimg.com/profile_banners/834374677560705024/1559981725',
                                  'profile_image_url': 'http://pbs.twimg.com/profile_images/1137267216955482114/4tG-zMA6_normal.jpg',
                                  'profile_image_url_https': 'https://pbs.twimg.com/profile_images/1137267216955482114/4tG-zMA6_normal.jpg',
                                  'profile_link_color': '1DA1F2',
                                  'profile_sidebar_border_color': 'C0DEED',
                                  'profile_sidebar_fill_color': 'DDEEF6',
                                  'profile_text_color': '333333',
                                  'profile_use_background_image': True,
                                  'protected': False,
                                  'screen_name': 'wantmarketplace',
                                  'statuses_count': 76,
                                  'time_zone': None,
                                  'translator_type': 'none',
                                  'url': 'https://t.co/FpJbeDXvVn',
                                  'utc_offset': None,
                                  'verified': False}},
  'source': '<a href="http://twitter.com/download/android" '
            'rel="nofollow">Twitter for Android</a>',
  'text': 'RT @wantmarketplace: 10,000 subscribers on Want Marketplaces '
          'Telegram Channel 🚀🚀🚀 https://t.co/iPEWJ3pdyu\n'
          '\n'
          'WNT Private Sale raising $20M OP…',
  'truncated': False,
  'user': { 'contributors_enabled': False,
            'created_at': 'Fri Sep 08 05:49:12 +0000 2017',
            'default_profile': True,
            'default_profile_image': False,
            'description': 'I am Medical student\n'
                           '#****(simple man)\n'
                           '#Follow  back',
            'entities': {'description': {'urls': []}},
            'favourites_count': 4843,
            'follow_request_sent': None,
            'followers_count': 4817,
            'following': None,
            'friends_count': 5295,
            'geo_enabled': False,
            'has_extended_profile': True,
            'id': 906031646884765701,
            'id_str': '906031646884765701',
            'is_translation_enabled': False,
            'is_translator': False,
            'lang': None,
            'listed_count': 14,
            'location': 'Dhaka, Bangladesh',
            'name': 'Md Mostofa kamal',
            'notifications': None,
            'profile_background_color': 'F5F8FA',
            'profile_background_image_url': None,
            'profile_background_image_url_https': None,
            'profile_background_tile': False,
            'profile_banner_url': 'https://pbs.twimg.com/profile_banners/906031646884765701/1543978436',
            'profile_image_url': 'http://pbs.twimg.com/profile_images/1122456466047127552/jObVPMAo_normal.jpg',
            'profile_image_url_https': 'https://pbs.twimg.com/profile_images/1122456466047127552/jObVPMAo_normal.jpg',
            'profile_link_color': '1DA1F2',
            'profile_sidebar_border_color': 'C0DEED',
            'profile_sidebar_fill_color': 'DDEEF6',
            'profile_text_color': '333333',
            'profile_use_background_image': True,
            'protected': False,
            'screen_name': 'Mostofa2020',
            'statuses_count': 5960,
            'time_zone': None,
            'translator_type': 'none',
            'url': None,
            'utc_offset': None,
            'verified': False}}
----------Summary----------
{ 'entities': { 'urls': { 'display_url': 't.me/wantmarketplac…',
                          'expanded_url': 'https://t.me/wantmarketplaces'}},
  'id_str': '1156653298973175808',
  'retweeted_status': { 'entities': { 'urls': { 'display_url': 'twitter.com/i/web/status/1…',
                                                'expanded_url': 'https://twitter.com/i/web/status/1154269397227364352'}},
                        'id_str': '1154269397227364352',
                        'text': '10,000 subscribers on want marketplaces '
                                'telegram channel  https://t.co/ipewj3pdyu  '
                                'wnt private sale raising $20m '
                                'https://t.co/rljwsbk5dv',
                        'user': { 'entities': {},
                                  'id_str': '834374677560705024',
                                  'twitter_user': 'wantmarketplace'}},
  'text': 'rt @wantmarketplace: 10,000 subscribers on want marketplaces '
          'telegram channel  https://t.co/ipewj3pdyu  wnt private sale raising '
          '$20m op',
  'user': { 'entities': {},
            'id_str': '906031646884765701',
            'twitter_user': 'Mostofa2020'}}
----------Groups----------
{ 'Bitcoin': ['bitcoin', 'Bitcoin', 'btc', 'satoshi nakamoto'],
  'Ethereum': ['ethereum', 'Ethereum', 'eth', 'vitalik buterin'],
  'Litecoin': ['litecoin', 'Litecoin', 'ltc', 'charles lee'],
  'Monero': ['monero', 'Monero', 'xmr', 'riccardo spagni'],
  'Ripple': [ 'ripple',
              'Ripple',
              'xrp',
              'xrapid',
              'xcurrent',
              'chris larsen',
              'jed mccaleb']}
---------------------------Fetch-------2019-07-31 15:54:58.473416: Tweet filed under "misc":----------Data----------
{ 'contributors': None,
  'coordinates': None,
  'created_at': 'Wed Jul 31 19:50:04 +0000 2019',
  'entities': { 'hashtags': [],
                'symbols': [],
                'urls': [],
                'user_mentions': [ { 'id': 834374677560705024,
                                     'id_str': '834374677560705024',
                                     'indices': [3, 19],
                                     'name': 'Want Marketplaces',
                                     'screen_name': 'wantmarketplace'}]},
  'favorite_count': 0,
  'favorited': False,
  'geo': None,
  'id': 1156653271156551681,
  'id_str': '1156653271156551681',
  'in_reply_to_screen_name': None,
  'in_reply_to_status_id': None,
  'in_reply_to_status_id_str': None,
  'in_reply_to_user_id': None,
  'in_reply_to_user_id_str': None,
  'is_quote_status': False,
  'lang': 'en',
  'metadata': {'iso_language_code': 'en', 'result_type': 'recent'},
  'place': None,
  'retweet_count': 65,
  'retweeted': False,
  'retweeted_status': { 'contributors': None,
                        'coordinates': None,
                        'created_at': 'Mon Jul 15 13:41:21 +0000 2019',
                        'entities': { 'hashtags': [],
                                      'symbols': [],
                                      'urls': [ { 'display_url': 'twitter.com/i/web/status/1…',
                                                  'expanded_url': 'https://twitter.com/i/web/status/1150762276250673152',
                                                  'indices': [117, 140],
                                                  'url': 'https://t.co/HEw8j111YJ'}],
                                      'user_mentions': []},
                        'favorite_count': 212,
                        'favorited': False,
                        'geo': None,
                        'id': 1150762276250673152,
                        'id_str': '1150762276250673152',
                        'in_reply_to_screen_name': None,
                        'in_reply_to_status_id': None,
                        'in_reply_to_status_id_str': None,
                        'in_reply_to_user_id': None,
                        'in_reply_to_user_id_str': None,
                        'is_quote_status': False,
                        'lang': 'en',
                        'metadata': { 'iso_language_code': 'en',
                                      'result_type': 'recent'},
                        'place': None,
                        'possibly_sensitive': False,
                        'retweet_count': 65,
                        'retweeted': False,
                        'source': '<a href="https://mobile.twitter.com" '
                                  'rel="nofollow">Twitter Web App</a>',
                        'text': 'WANT Marketplaces STO - Building our 20 '
                                'TFlops Supercomputer back in 2012 for the '
                                'shopping search engine!\n'
                                'Private S… https://t.co/HEw8j111YJ',
                        'truncated': True,
                        'user': { 'contributors_enabled': False,
                                  'created_at': 'Wed Feb 22 12:09:59 +0000 '
                                                '2017',
                                  'default_profile': True,
                                  'default_profile_image': False,
                                  'description': 'Official Account for WANT '
                                                 'Marketplaces STO Offering',
                                  'entities': { 'description': {'urls': []},
                                                'url': { 'urls': [ { 'display_url': 'benipal.com',
                                                                     'expanded_url': 'https://benipal.com',
                                                                     'indices': [ 0,
                                                                                  23],
                                                                     'url': 'https://t.co/FpJbeDXvVn'}]}},
                                  'favourites_count': 4,
                                  'follow_request_sent': None,
                                  'followers_count': 1600,
                                  'following': None,
                                  'friends_count': 1,
                                  'geo_enabled': False,
                                  'has_extended_profile': False,
                                  'id': 834374677560705024,
                                  'id_str': '834374677560705024',
                                  'is_translation_enabled': False,
                                  'is_translator': False,
                                  'lang': None,
                                  'listed_count': 2,
                                  'location': 'New York, NY',
                                  'name': 'Want Marketplaces',
                                  'notifications': None,
                                  'profile_background_color': 'F5F8FA',
                                  'profile_background_image_url': None,
                                  'profile_background_image_url_https': None,
                                  'profile_background_tile': False,
                                  'profile_banner_url': 'https://pbs.twimg.com/profile_banners/834374677560705024/1559981725',
                                  'profile_image_url': 'http://pbs.twimg.com/profile_images/1137267216955482114/4tG-zMA6_normal.jpg',
                                  'profile_image_url_https': 'https://pbs.twimg.com/profile_images/1137267216955482114/4tG-zMA6_normal.jpg',
                                  'profile_link_color': '1DA1F2',
                                  'profile_sidebar_border_color': 'C0DEED',
                                  'profile_sidebar_fill_color': 'DDEEF6',
                                  'profile_text_color': '333333',
                                  'profile_use_background_image': True,
                                  'protected': False,
                                  'screen_name': 'wantmarketplace',
                                  'statuses_count': 76,
                                  'time_zone': None,
                                  'translator_type': 'none',
                                  'url': 'https://t.co/FpJbeDXvVn',
                                  'utc_offset': None,
                                  'verified': False}},
  'source': '<a href="http://twitter.com/download/android" '
            'rel="nofollow">Twitter for Android</a>',
  'text': 'RT @wantmarketplace: WANT Marketplaces STO - Building our 20 TFlops '
          'Supercomputer back in 2012 for the shopping search engine!\n'
          'Private Sale…',
  'truncated': False,
  'user': { 'contributors_enabled': False,
            'created_at': 'Fri Sep 08 05:49:12 +0000 2017',
            'default_profile': True,
            'default_profile_image': False,
            'description': 'I am Medical student\n'
                           '#****(simple man)\n'
                           '#Follow  back',
            'entities': {'description': {'urls': []}},
            'favourites_count': 4843,
            'follow_request_sent': None,
            'followers_count': 4817,
            'following': None,
            'friends_count': 5295,
            'geo_enabled': False,
            'has_extended_profile': True,
            'id': 906031646884765701,
            'id_str': '906031646884765701',
            'is_translation_enabled': False,
            'is_translator': False,
            'lang': None,
            'listed_count': 14,
            'location': 'Dhaka, Bangladesh',
            'name': 'Md Mostofa kamal',
            'notifications': None,
            'profile_background_color': 'F5F8FA',
            'profile_background_image_url': None,
            'profile_background_image_url_https': None,
            'profile_background_tile': False,
            'profile_banner_url': 'https://pbs.twimg.com/profile_banners/906031646884765701/1543978436',
            'profile_image_url': 'http://pbs.twimg.com/profile_images/1122456466047127552/jObVPMAo_normal.jpg',
            'profile_image_url_https': 'https://pbs.twimg.com/profile_images/1122456466047127552/jObVPMAo_normal.jpg',
            'profile_link_color': '1DA1F2',
            'profile_sidebar_border_color': 'C0DEED',
            'profile_sidebar_fill_color': 'DDEEF6',
            'profile_text_color': '333333',
            'profile_use_background_image': True,
            'protected': False,
            'screen_name': 'Mostofa2020',
            'statuses_count': 5960,
            'time_zone': None,
            'translator_type': 'none',
            'url': None,
            'utc_offset': None,
            'verified': False}}
----------Summary----------
{ 'entities': {},
  'id_str': '1156653271156551681',
  'retweeted_status': { 'entities': { 'urls': { 'display_url': 'twitter.com/i/web/status/1…',
                                                'expanded_url': 'https://twitter.com/i/web/status/1150762276250673152'}},
                        'id_str': '1150762276250673152',
                        'text': 'want marketplaces sto - building our 20 '
                                'tflops supercomputer back in 2012 for the '
                                'shopping search engine! private s '
                                'https://t.co/hew8j111yj',
                        'user': { 'entities': {},
                                  'id_str': '834374677560705024',
                                  'twitter_user': 'wantmarketplace'}},
  'text': 'rt @wantmarketplace: want marketplaces sto - building our 20 tflops '
          'supercomputer back in 2012 for the shopping search engine! private '
          'sale',
  'user': { 'entities': {},
            'id_str': '906031646884765701',
            'twitter_user': 'Mostofa2020'}}
----------Groups----------
{ 'Bitcoin': ['bitcoin', 'Bitcoin', 'btc', 'satoshi nakamoto'],
  'Ethereum': ['ethereum', 'Ethereum', 'eth', 'vitalik buterin'],
  'Litecoin': ['litecoin', 'Litecoin', 'ltc', 'charles lee'],
  'Monero': ['monero', 'Monero', 'xmr', 'riccardo spagni'],
  'Ripple': [ 'ripple',
              'Ripple',
              'xrp',
              'xrapid',
              'xcurrent',
              'chris larsen',
              'jed mccaleb']}
---------------------------Fetch-------2019-07-31 15:54:59.393804: Tweet filed under "misc":----------Data----------
{ 'contributors': None,
  'coordinates': None,
  'created_at': 'Wed Jul 31 19:50:00 +0000 2019',
  'entities': { 'hashtags': [],
                'symbols': [],
                'urls': [],
                'user_mentions': [ { 'id': 834374677560705024,
                                     'id_str': '834374677560705024',
                                     'indices': [3, 19],
                                     'name': 'Want Marketplaces',
                                     'screen_name': 'wantmarketplace'}]},
  'favorite_count': 0,
  'favorited': False,
  'geo': None,
  'id': 1156653255306297344,
  'id_str': '1156653255306297344',
  'in_reply_to_screen_name': None,
  'in_reply_to_status_id': None,
  'in_reply_to_status_id_str': None,
  'in_reply_to_user_id': None,
  'in_reply_to_user_id_str': None,
  'is_quote_status': False,
  'lang': 'en',
  'metadata': {'iso_language_code': 'en', 'result_type': 'recent'},
  'place': None,
  'retweet_count': 68,
  'retweeted': False,
  'retweeted_status': { 'contributors': None,
                        'coordinates': None,
                        'created_at': 'Sun Jul 14 05:21:31 +0000 2019',
                        'entities': { 'hashtags': [],
                                      'symbols': [],
                                      'urls': [ { 'display_url': 'twitter.com/i/web/status/1…',
                                                  'expanded_url': 'https://twitter.com/i/web/status/1150274102566854656',
                                                  'indices': [104, 127],
                                                  'url': 'https://t.co/0Z0FSxc0lQ'}],
                                      'user_mentions': []},
                        'favorite_count': 214,
                        'favorited': False,
                        'geo': None,
                        'id': 1150274102566854656,
                        'id_str': '1150274102566854656',
                        'in_reply_to_screen_name': None,
                        'in_reply_to_status_id': None,
                        'in_reply_to_status_id_str': None,
                        'in_reply_to_user_id': None,
                        'in_reply_to_user_id_str': None,
                        'is_quote_status': False,
                        'lang': 'en',
                        'metadata': { 'iso_language_code': 'en',
                                      'result_type': 'recent'},
                        'place': None,
                        'possibly_sensitive': False,
                        'retweet_count': 68,
                        'retweeted': False,
                        'source': '<a href="https://mobile.twitter.com" '
                                  'rel="nofollow">Twitter Web App</a>',
                        'text': 'AIRDROP! Get Free $4 worth of WNT Tokens PLUS '
                                '3 Tokens for each Referral! No KYC. Unlimited '
                                'referrals.… https://t.co/0Z0FSxc0lQ',
                        'truncated': True,
                        'user': { 'contributors_enabled': False,
                                  'created_at': 'Wed Feb 22 12:09:59 +0000 '
                                                '2017',
                                  'default_profile': True,
                                  'default_profile_image': False,
                                  'description': 'Official Account for WANT '
                                                 'Marketplaces STO Offering',
                                  'entities': { 'description': {'urls': []},
                                                'url': { 'urls': [ { 'display_url': 'benipal.com',
                                                                     'expanded_url': 'https://benipal.com',
                                                                     'indices': [ 0,
                                                                                  23],
                                                                     'url': 'https://t.co/FpJbeDXvVn'}]}},
                                  'favourites_count': 4,
                                  'follow_request_sent': None,
                                  'followers_count': 1600,
                                  'following': None,
                                  'friends_count': 1,
                                  'geo_enabled': False,
                                  'has_extended_profile': False,
                                  'id': 834374677560705024,
                                  'id_str': '834374677560705024',
                                  'is_translation_enabled': False,
                                  'is_translator': False,
                                  'lang': None,
                                  'listed_count': 2,
                                  'location': 'New York, NY',
                                  'name': 'Want Marketplaces',
                                  'notifications': None,
                                  'profile_background_color': 'F5F8FA',
                                  'profile_background_image_url': None,
                                  'profile_background_image_url_https': None,
                                  'profile_background_tile': False,
                                  'profile_banner_url': 'https://pbs.twimg.com/profile_banners/834374677560705024/1559981725',
                                  'profile_image_url': 'http://pbs.twimg.com/profile_images/1137267216955482114/4tG-zMA6_normal.jpg',
                                  'profile_image_url_https': 'https://pbs.twimg.com/profile_images/1137267216955482114/4tG-zMA6_normal.jpg',
                                  'profile_link_color': '1DA1F2',
                                  'profile_sidebar_border_color': 'C0DEED',
                                  'profile_sidebar_fill_color': 'DDEEF6',
                                  'profile_text_color': '333333',
                                  'profile_use_background_image': True,
                                  'protected': False,
                                  'screen_name': 'wantmarketplace',
                                  'statuses_count': 76,
                                  'time_zone': None,
                                  'translator_type': 'none',
                                  'url': 'https://t.co/FpJbeDXvVn',
                                  'utc_offset': None,
                                  'verified': False}},
  'source': '<a href="http://twitter.com/download/android" '
            'rel="nofollow">Twitter for Android</a>',
  'text': 'RT @wantmarketplace: AIRDROP! Get Free $4 worth of WNT Tokens PLUS '
          '3 Tokens for each Referral! No KYC. Unlimited referrals.\n'
          'https://t.co/cq…',
  'truncated': False,
  'user': { 'contributors_enabled': False,
            'created_at': 'Fri Sep 08 05:49:12 +0000 2017',
            'default_profile': True,
            'default_profile_image': False,
            'description': 'I am Medical student\n'
                           '#****(simple man)\n'
                           '#Follow  back',
            'entities': {'description': {'urls': []}},
            'favourites_count': 4843,
            'follow_request_sent': None,
            'followers_count': 4817,
            'following': None,
            'friends_count': 5295,
            'geo_enabled': False,
            'has_extended_profile': True,
            'id': 906031646884765701,
            'id_str': '906031646884765701',
            'is_translation_enabled': False,
            'is_translator': False,
            'lang': None,
            'listed_count': 14,
            'location': 'Dhaka, Bangladesh',
            'name': 'Md Mostofa kamal',
            'notifications': None,
            'profile_background_color': 'F5F8FA',
            'profile_background_image_url': None,
            'profile_background_image_url_https': None,
            'profile_background_tile': False,
            'profile_banner_url': 'https://pbs.twimg.com/profile_banners/906031646884765701/1543978436',
            'profile_image_url': 'http://pbs.twimg.com/profile_images/1122456466047127552/jObVPMAo_normal.jpg',
            'profile_image_url_https': 'https://pbs.twimg.com/profile_images/1122456466047127552/jObVPMAo_normal.jpg',
            'profile_link_color': '1DA1F2',
            'profile_sidebar_border_color': 'C0DEED',
            'profile_sidebar_fill_color': 'DDEEF6',
            'profile_text_color': '333333',
            'profile_use_background_image': True,
            'protected': False,
            'screen_name': 'Mostofa2020',
            'statuses_count': 5960,
            'time_zone': None,
            'translator_type': 'none',
            'url': None,
            'utc_offset': None,
            'verified': False}}
----------Summary----------
{ 'entities': {},
  'id_str': '1156653255306297344',
  'retweeted_status': { 'entities': { 'urls': { 'display_url': 'twitter.com/i/web/status/1…',
                                                'expanded_url': 'https://twitter.com/i/web/status/1150274102566854656'}},
                        'id_str': '1150274102566854656',
                        'text': 'airdrop! get free $4 worth of wnt tokens plus '
                                '3 tokens for each referral! no kyc. unlimited '
                                'referrals. https://t.co/0z0fsxc0lq',
                        'user': { 'entities': {},
                                  'id_str': '834374677560705024',
                                  'twitter_user': 'wantmarketplace'}},
  'text': 'rt @wantmarketplace: airdrop! get free $4 worth of wnt tokens plus '
          '3 tokens for each referral! no kyc. unlimited referrals. '
          'https://t.co/cq',
  'user': { 'entities': {},
            'id_str': '906031646884765701',
            'twitter_user': 'Mostofa2020'}}
----------Groups----------
{ 'Bitcoin': ['bitcoin', 'Bitcoin', 'btc', 'satoshi nakamoto'],
  'Ethereum': ['ethereum', 'Ethereum', 'eth', 'vitalik buterin'],
  'Litecoin': ['litecoin', 'Litecoin', 'ltc', 'charles lee'],
  'Monero': ['monero', 'Monero', 'xmr', 'riccardo spagni'],
  'Ripple': [ 'ripple',
              'Ripple',
              'xrp',
              'xrapid',
              'xcurrent',
              'chris larsen',
              'jed mccaleb']}
---------------------------Fetch-------2019-07-31 15:54:59.699464: Tweet filed under "misc":----------Data----------
{ 'contributors': None,
  'coordinates': None,
  'created_at': 'Wed Jul 31 19:49:42 +0000 2019',
  'entities': { 'hashtags': [],
                'symbols': [],
                'urls': [ { 'display_url': 'twitter.com/i/web/status/1…',
                            'expanded_url': 'https://twitter.com/i/web/status/1156653180450725889',
                            'indices': [117, 140],
                            'url': 'https://t.co/Lm08sb9UF4'}],
                'user_mentions': []},
  'favorite_count': 0,
  'favorited': False,
  'geo': None,
  'id': 1156653180450725889,
  'id_str': '1156653180450725889',
  'in_reply_to_screen_name': None,
  'in_reply_to_status_id': None,
  'in_reply_to_status_id_str': None,
  'in_reply_to_user_id': None,
  'in_reply_to_user_id_str': None,
  'is_quote_status': False,
  'lang': 'en',
  'metadata': {'iso_language_code': 'en', 'result_type': 'recent'},
  'place': None,
  'possibly_sensitive': True,
  'retweet_count': 0,
  'retweeted': False,
  'source': '<a href="https://mobile.twitter.com" rel="nofollow">Twitter Web '
            'App</a>',
  'text': 'Devolve developer is a indeed promising project. The most '
          'interesting thing about this project is that it offers eq… '
          'https://t.co/Lm08sb9UF4',
  'truncated': True,
  'user': { 'contributors_enabled': False,
            'created_at': 'Fri Apr 15 10:04:21 +0000 2011',
            'default_profile': False,
            'default_profile_image': False,
            'description': '#crypto #ico #bitcoin #HODL #TeamFollowback '
                           '#cryptocurrency #blockchain  #followers',
            'entities': { 'description': {'urls': []},
                          'url': { 'urls': [ { 'display_url': 'bountyplatform.io',
                                               'expanded_url': 'http://bountyplatform.io',
                                               'indices': [0, 23],
                                               'url': 'https://t.co/9OOvXrpaM8'}]}},
            'favourites_count': 2411,
            'follow_request_sent': None,
            'followers_count': 2496,
            'following': None,
            'friends_count': 2262,
            'geo_enabled': True,
            'has_extended_profile': True,
            'id': 282502688,
            'id_str': '282502688',
            'is_translation_enabled': False,
            'is_translator': False,
            'lang': None,
            'listed_count': 4,
            'location': 'Nigeria ',
            'name': 'Adedokun Kehinde',
            'notifications': None,
            'profile_background_color': '0099B9',
            'profile_background_image_url': 'http://abs.twimg.com/images/themes/theme4/bg.gif',
            'profile_background_image_url_https': 'https://abs.twimg.com/images/themes/theme4/bg.gif',
            'profile_background_tile': False,
            'profile_banner_url': 'https://pbs.twimg.com/profile_banners/282502688/1563652860',
            'profile_image_url': 'http://pbs.twimg.com/profile_images/1152669733126365184/6oaIBcPp_normal.jpg',
            'profile_image_url_https': 'https://pbs.twimg.com/profile_images/1152669733126365184/6oaIBcPp_normal.jpg',
            'profile_link_color': '1B95E0',
            'profile_sidebar_border_color': 'FFFFFF',
            'profile_sidebar_fill_color': '95E8EC',
            'profile_text_color': '3C3940',
            'profile_use_background_image': True,
            'protected': False,
            'screen_name': 'kenadzen',
            'statuses_count': 3759,
            'time_zone': None,
            'translator_type': 'none',
            'url': 'https://t.co/9OOvXrpaM8',
            'utc_offset': None,
            'verified': False}}
----------Summary----------
{ 'entities': { 'urls': { 'display_url': 'twitter.com/i/web/status/1…',
                          'expanded_url': 'https://twitter.com/i/web/status/1156653180450725889'}},
  'id_str': '1156653180450725889',
  'text': 'devolve developer is a indeed promising project. the most '
          'interesting thing about this project is that it offers eq '
          'https://t.co/lm08sb9uf4',
  'user': {'entities': {}, 'id_str': '282502688', 'twitter_user': 'kenadzen'}}
----------Groups----------
{ 'Bitcoin': ['bitcoin', 'Bitcoin', 'btc', 'satoshi nakamoto'],
  'Ethereum': ['ethereum', 'Ethereum', 'eth', 'vitalik buterin'],
  'Litecoin': ['litecoin', 'Litecoin', 'ltc', 'charles lee'],
  'Monero': ['monero', 'Monero', 'xmr', 'riccardo spagni'],
  'Ripple': [ 'ripple',
              'Ripple',
              'xrp',
              'xrapid',
              'xcurrent',
              'chris larsen',
              'jed mccaleb']}
---------------------------Fetch-------2019-07-31 15:55:02.054879: Tweet filed under "misc":----------Data----------
{ 'contributors': None,
  'coordinates': None,
  'created_at': 'Wed Jul 31 19:48:49 +0000 2019',
  'entities': { 'hashtags': [{'indices': [20, 26], 'text': 'Libra'}],
                'symbols': [],
                'urls': [ { 'display_url': 'twitter.com/i/web/status/1…',
                            'expanded_url': 'https://twitter.com/i/web/status/1156652959251468289',
                            'indices': [117, 140],
                            'url': 'https://t.co/AR7owgoD0I'}],
                'user_mentions': []},
  'favorite_count': 0,
  'favorited': False,
  'geo': None,
  'id': 1156652959251468289,
  'id_str': '1156652959251468289',
  'in_reply_to_screen_name': None,
  'in_reply_to_status_id': None,
  'in_reply_to_status_id_str': None,
  'in_reply_to_user_id': None,
  'in_reply_to_user_id_str': None,
  'is_quote_status': False,
  'lang': 'en',
  'metadata': {'iso_language_code': 'en', 'result_type': 'recent'},
  'place': None,
  'possibly_sensitive': False,
  'retweet_count': 0,
  'retweeted': False,
  'source': '<a href="http://twitter.com/download/iphone" '
            'rel="nofollow">Twitter for iPhone</a>',
  'text': 'Facebook announcing #Libra was a colossal game theory mistake... it '
          'may fail to launch now but the door has been bu… '
          'https://t.co/AR7owgoD0I',
  'truncated': True,
  'user': { 'contributors_enabled': False,
            'created_at': 'Tue Dec 13 22:49:00 +0000 2016',
            'default_profile': True,
            'default_profile_image': False,
            'description': 'Peterson Fellow @ActonMBA, All Things Blockchain, '
                           'Jiu Jitsu Blue Belt, Startup Modeling - @ '
                           'UptrendSolutions. Did someone say shenanigans?',
            'entities': {'description': {'urls': []}},
            'favourites_count': 2042,
            'follow_request_sent': None,
            'followers_count': 72,
            'following': None,
            'friends_count': 408,
            'geo_enabled': False,
            'has_extended_profile': True,
            'id': 808805952975564800,
            'id_str': '808805952975564800',
            'is_translation_enabled': False,
            'is_translator': False,
            'lang': None,
            'listed_count': 1,
            'location': 'Colorado, USA',
            'name': 'Thaddeus Pryor',
            'notifications': None,
            'profile_background_color': 'F5F8FA',
            'profile_background_image_url': None,
            'profile_background_image_url_https': None,
            'profile_background_tile': False,
            'profile_banner_url': 'https://pbs.twimg.com/profile_banners/808805952975564800/1560269619',
            'profile_image_url': 'http://pbs.twimg.com/profile_images/980576407343349760/EzG0D1aX_normal.jpg',
            'profile_image_url_https': 'https://pbs.twimg.com/profile_images/980576407343349760/EzG0D1aX_normal.jpg',
            'profile_link_color': '1DA1F2',
            'profile_sidebar_border_color': 'C0DEED',
            'profile_sidebar_fill_color': 'DDEEF6',
            'profile_text_color': '333333',
            'profile_use_background_image': True,
            'protected': False,
            'screen_name': 'thaddeuspryor',
            'statuses_count': 210,
            'time_zone': None,
            'translator_type': 'none',
            'url': None,
            'utc_offset': None,
            'verified': False}}
----------Summary----------
{ 'entities': { 'urls': { 'display_url': 'twitter.com/i/web/status/1…',
                          'expanded_url': 'https://twitter.com/i/web/status/1156652959251468289'}},
  'id_str': '1156652959251468289',
  'text': 'facebook announcing #libra was a colossal game theory mistake... it '
          'may fail to launch now but the door has been bu '
          'https://t.co/ar7owgod0i',
  'user': { 'entities': {},
            'id_str': '808805952975564800',
            'twitter_user': 'thaddeuspryor'}}
----------Groups----------
{ 'Bitcoin': ['bitcoin', 'Bitcoin', 'btc', 'satoshi nakamoto'],
  'Ethereum': ['ethereum', 'Ethereum', 'eth', 'vitalik buterin'],
  'Litecoin': ['litecoin', 'Litecoin', 'ltc', 'charles lee'],
  'Monero': ['monero', 'Monero', 'xmr', 'riccardo spagni'],
  'Ripple': [ 'ripple',
              'Ripple',
              'xrp',
              'xrapid',
              'xcurrent',
              'chris larsen',
              'jed mccaleb']}
---------------------------Fetch-------2019-07-31 15:55:02.670741: Tweet filed under "misc":----------Data----------
{ 'contributors': None,
  'coordinates': None,
  'created_at': 'Wed Jul 31 19:48:29 +0000 2019',
  'entities': { 'hashtags': [],
                'symbols': [],
                'urls': [],
                'user_mentions': [ { 'id': 1029438676705714176,
                                     'id_str': '1029438676705714176',
                                     'indices': [3, 17],
                                     'name': 'BuildingBlocksCrypto',
                                     'screen_name': 'blocks_crypto'}]},
  'favorite_count': 0,
  'favorited': False,
  'geo': None,
  'id': 1156652874236981248,
  'id_str': '1156652874236981248',
  'in_reply_to_screen_name': None,
  'in_reply_to_status_id': None,
  'in_reply_to_status_id_str': None,
  'in_reply_to_user_id': None,
  'in_reply_to_user_id_str': None,
  'is_quote_status': False,
  'lang': 'en',
  'metadata': {'iso_language_code': 'en', 'result_type': 'recent'},
  'place': None,
  'retweet_count': 91,
  'retweeted': False,
  'retweeted_status': { 'contributors': None,
                        'coordinates': None,
                        'created_at': 'Sat Jul 27 05:55:02 +0000 2019',
                        'entities': { 'hashtags': [],
                                      'symbols': [],
                                      'urls': [ { 'display_url': 'twitter.com/i/web/status/1…',
                                                  'expanded_url': 'https://twitter.com/i/web/status/1154993578667577344',
                                                  'indices': [117, 140],
                                                  'url': 'https://t.co/uEGUpSS8ge'}],
                                      'user_mentions': []},
                        'favorite_count': 101,
                        'favorited': False,
                        'geo': None,
                        'id': 1154993578667577344,
                        'id_str': '1154993578667577344',
                        'in_reply_to_screen_name': None,
                        'in_reply_to_status_id': None,
                        'in_reply_to_status_id_str': None,
                        'in_reply_to_user_id': None,
                        'in_reply_to_user_id_str': None,
                        'is_quote_status': False,
                        'lang': 'en',
                        'metadata': { 'iso_language_code': 'en',
                                      'result_type': 'recent'},
                        'place': None,
                        'possibly_sensitive': False,
                        'retweet_count': 91,
                        'retweeted': False,
                        'source': '<a href="https://mobile.twitter.com" '
                                  'rel="nofollow">Twitter Web App</a>',
                        'text': 'Name: Building Blocks Token\n'
                                'Symbol: BH4H\n'
                                'Total supply: 100,000,000,000\n'
                                '\n'
                                'AIRDROP HAS STARTED!\n'
                                '\n'
                                'To qualify for Airdro… '
                                'https://t.co/uEGUpSS8ge',
                        'truncated': True,
                        'user': { 'contributors_enabled': False,
                                  'created_at': 'Tue Aug 14 18:44:41 +0000 '
                                                '2018',
                                  'default_profile': True,
                                  'default_profile_image': False,
                                  'description': 'We are Building Blocks. Our '
                                                 'Crypto was created with the '
                                                 'homeless at mind. We aim to '
                                                 'build or Buy Hostels and '
                                                 'Hotels with the help of you '
                                                 'guys.',
                                  'entities': { 'description': {'urls': []},
                                                'url': { 'urls': [ { 'display_url': 'buidinghomes4homeless.xyz',
                                                                     'expanded_url': 'http://www.buidinghomes4homeless.xyz/',
                                                                     'indices': [ 0,
                                                                                  23],
                                                                     'url': 'https://t.co/ODdy4aewVI'}]}},
                                  'favourites_count': 146,
                                  'follow_request_sent': None,
                                  'followers_count': 280,
                                  'following': None,
                                  'friends_count': 0,
                                  'geo_enabled': False,
                                  'has_extended_profile': True,
                                  'id': 1029438676705714176,
                                  'id_str': '1029438676705714176',
                                  'is_translation_enabled': False,
                                  'is_translator': False,
                                  'lang': None,
                                  'listed_count': 0,
                                  'location': 'United Kingdom',
                                  'name': 'BuildingBlocksCrypto',
                                  'notifications': None,
                                  'profile_background_color': 'F5F8FA',
                                  'profile_background_image_url': None,
                                  'profile_background_image_url_https': None,
                                  'profile_background_tile': False,
                                  'profile_image_url': 'http://pbs.twimg.com/profile_images/1031992230289059840/xxNbMvh3_normal.jpg',
                                  'profile_image_url_https': 'https://pbs.twimg.com/profile_images/1031992230289059840/xxNbMvh3_normal.jpg',
                                  'profile_link_color': '1DA1F2',
                                  'profile_sidebar_border_color': 'C0DEED',
                                  'profile_sidebar_fill_color': 'DDEEF6',
                                  'profile_text_color': '333333',
                                  'profile_use_background_image': True,
                                  'protected': False,
                                  'screen_name': 'blocks_crypto',
                                  'statuses_count': 156,
                                  'time_zone': None,
                                  'translator_type': 'none',
                                  'url': 'https://t.co/ODdy4aewVI',
                                  'utc_offset': None,
                                  'verified': False}},
  'source': '<a href="https://mobile.twitter.com" rel="nofollow">Twitter Web '
            'App</a>',
  'text': 'RT @blocks_crypto: Name: Building Blocks Token\n'
          'Symbol: BH4H\n'
          'Total supply: 100,000,000,000\n'
          '\n'
          'AIRDROP HAS STARTED!\n'
          '\n'
          'To qualify for Airdrop:\n'
          '-F…',
  'truncated': False,
  'user': { 'contributors_enabled': False,
            'created_at': 'Sat Jun 23 15:40:48 +0000 2018',
            'default_profile': True,
            'default_profile_image': False,
            'description': '',
            'entities': {'description': {'urls': []}},
            'favourites_count': 2,
            'follow_request_sent': None,
            'followers_count': 2,
            'following': None,
            'friends_count': 75,
            'geo_enabled': False,
            'has_extended_profile': False,
            'id': 1010548231804080128,
            'id_str': '1010548231804080128',
            'is_translation_enabled': False,
            'is_translator': False,
            'lang': None,
            'listed_count': 0,
            'location': '',
            'name': 'auliahunaputri',
            'notifications': None,
            'profile_background_color': 'F5F8FA',
            'profile_background_image_url': None,
            'profile_background_image_url_https': None,
            'profile_background_tile': False,
            'profile_image_url': 'http://pbs.twimg.com/profile_images/1073574753057759233/qR9lKDqP_normal.jpg',
            'profile_image_url_https': 'https://pbs.twimg.com/profile_images/1073574753057759233/qR9lKDqP_normal.jpg',
            'profile_link_color': '1DA1F2',
            'profile_sidebar_border_color': 'C0DEED',
            'profile_sidebar_fill_color': 'DDEEF6',
            'profile_text_color': '333333',
            'profile_use_background_image': True,
            'protected': False,
            'screen_name': 'auliahunaputri',
            'statuses_count': 16,
            'time_zone': None,
            'translator_type': 'none',
            'url': None,
            'utc_offset': None,
            'verified': False}}
----------Summary----------
{ 'entities': {},
  'id_str': '1156652874236981248',
  'retweeted_status': { 'entities': { 'urls': { 'display_url': 'twitter.com/i/web/status/1…',
                                                'expanded_url': 'https://twitter.com/i/web/status/1154993578667577344'}},
                        'id_str': '1154993578667577344',
                        'text': 'name: building blocks token symbol: bh4h '
                                'total supply: 100,000,000,000  airdrop has '
                                'started!  to qualify for airdro '
                                'https://t.co/uegupss8ge',
                        'user': { 'entities': {},
                                  'id_str': '1029438676705714176',
                                  'twitter_user': 'blocks_crypto'}},
  'text': 'rt @blocks_crypto: name: building blocks token symbol: bh4h total '
          'supply: 100,000,000,000  airdrop has started!  to qualify for '
          'airdrop: -f',
  'user': { 'entities': {},
            'id_str': '1010548231804080128',
            'twitter_user': 'auliahunaputri'}}
----------Groups----------
{ 'Bitcoin': ['bitcoin', 'Bitcoin', 'btc', 'satoshi nakamoto'],
  'Ethereum': ['ethereum', 'Ethereum', 'eth', 'vitalik buterin'],
  'Litecoin': ['litecoin', 'Litecoin', 'ltc', 'charles lee'],
  'Monero': ['monero', 'Monero', 'xmr', 'riccardo spagni'],
  'Ripple': [ 'ripple',
              'Ripple',
              'xrp',
              'xrapid',
              'xcurrent',
              'chris larsen',
              'jed mccaleb']}
---------------------------Fetch-------2019-07-31 15:55:03.797238: Tweet filed under "misc":----------Data----------
{ 'contributors': None,
  'coordinates': None,
  'created_at': 'Wed Jul 31 19:47:06 +0000 2019',
  'entities': { 'hashtags': [],
                'symbols': [],
                'urls': [],
                'user_mentions': [ { 'id': 1106452185573810176,
                                     'id_str': '1106452185573810176',
                                     'indices': [3, 15],
                                     'name': 'BITSAVEREUM',
                                     'screen_name': 'Bitsavereum'}]},
  'favorite_count': 0,
  'favorited': False,
  'geo': None,
  'id': 1156652526076354564,
  'id_str': '1156652526076354564',
  'in_reply_to_screen_name': None,
  'in_reply_to_status_id': None,
  'in_reply_to_status_id_str': None,
  'in_reply_to_user_id': None,
  'in_reply_to_user_id_str': None,
  'is_quote_status': False,
  'lang': 'en',
  'metadata': {'iso_language_code': 'en', 'result_type': 'recent'},
  'place': None,
  'retweet_count': 159,
  'retweeted': False,
  'retweeted_status': { 'contributors': None,
                        'coordinates': None,
                        'created_at': 'Wed Jul 31 03:20:32 +0000 2019',
                        'entities': { 'hashtags': [],
                                      'symbols': [],
                                      'urls': [ { 'display_url': 'twitter.com/i/web/status/1…',
                                                  'expanded_url': 'https://twitter.com/i/web/status/1156404248910761984',
                                                  'indices': [121, 144],
                                                  'url': 'https://t.co/SVnPIv19Qm'}],
                                      'user_mentions': []},
                        'favorite_count': 263,
                        'favorited': False,
                        'geo': None,
                        'id': 1156404248910761984,
                        'id_str': '1156404248910761984',
                        'in_reply_to_screen_name': None,
                        'in_reply_to_status_id': None,
                        'in_reply_to_status_id_str': None,
                        'in_reply_to_user_id': None,
                        'in_reply_to_user_id_str': None,
                        'is_quote_status': False,
                        'lang': 'en',
                        'metadata': { 'iso_language_code': 'en',
                                      'result_type': 'recent'},
                        'place': None,
                        'possibly_sensitive': False,
                        'retweet_count': 159,
                        'retweeted': False,
                        'source': '<a href="https://mobile.twitter.com" '
                                  'rel="nofollow">Twitter Web App</a>',
                        'text': '🌏 BITSAVEREUM AIRDROP LIVE NOW..\n'
                                '\n'
                                '$1,5 MILLION AIRDROP POOL\n'
                                '\n'
                                'Task &amp; Get free BVM\n'
                                '✅👉15$ BVM Every Person.\n'
                                '✅👉1,5$ BVM… https://t.co/SVnPIv19Qm',
                        'truncated': True,
                        'user': { 'contributors_enabled': False,
                                  'created_at': 'Fri Mar 15 07:08:52 +0000 '
                                                '2019',
                                  'default_profile': True,
                                  'default_profile_image': False,
                                  'description': 'BITSAVEREUM IS A '
                                                 'DECENTRALIZED APPLICATION '
                                                 'ECOSYSTEM PLATFORM\n'
                                                 '\n'
                                                 'DESIGNED TO SUPPORT THE '
                                                 'BITSAVEREUM COMMUNITY',
                                  'entities': { 'description': {'urls': []},
                                                'url': { 'urls': [ { 'display_url': 'bitsavereum.com',
                                                                     'expanded_url': 'https://bitsavereum.com',
                                                                     'indices': [ 0,
                                                                                  23],
                                                                     'url': 'https://t.co/sp4Aqau2ij'}]}},
                                  'favourites_count': 253,
                                  'follow_request_sent': None,
                                  'followers_count': 2194,
                                  'following': None,
                                  'friends_count': 87,
                                  'geo_enabled': False,
                                  'has_extended_profile': False,
                                  'id': 1106452185573810176,
                                  'id_str': '1106452185573810176',
                                  'is_translation_enabled': False,
                                  'is_translator': False,
                                  'lang': None,
                                  'listed_count': 0,
                                  'location': '',
                                  'name': 'BITSAVEREUM',
                                  'notifications': None,
                                  'profile_background_color': 'F5F8FA',
                                  'profile_background_image_url': None,
                                  'profile_background_image_url_https': None,
                                  'profile_background_tile': False,
                                  'profile_banner_url': 'https://pbs.twimg.com/profile_banners/1106452185573810176/1564585032',
                                  'profile_image_url': 'http://pbs.twimg.com/profile_images/1156236210227912706/KkwGhz6q_normal.jpg',
                                  'profile_image_url_https': 'https://pbs.twimg.com/profile_images/1156236210227912706/KkwGhz6q_normal.jpg',
                                  'profile_link_color': '1DA1F2',
                                  'profile_sidebar_border_color': 'C0DEED',
                                  'profile_sidebar_fill_color': 'DDEEF6',
                                  'profile_text_color': '333333',
                                  'profile_use_background_image': True,
                                  'protected': False,
                                  'screen_name': 'Bitsavereum',
                                  'statuses_count': 14,
                                  'time_zone': None,
                                  'translator_type': 'none',
                                  'url': 'https://t.co/sp4Aqau2ij',
                                  'utc_offset': None,
                                  'verified': False}},
  'source': '<a href="https://mobile.twitter.com" rel="nofollow">Twitter Web '
            'App</a>',
  'text': 'RT @Bitsavereum: 🌏 BITSAVEREUM AIRDROP LIVE NOW..\n'
          '\n'
          '$1,5 MILLION AIRDROP POOL\n'
          '\n'
          'Task &amp; Get free BVM\n'
          '✅👉15$ BVM Every Person.\n'
          '✅👉1,5$ BVM Reffer…',
  'truncated': False,
  'user': { 'contributors_enabled': False,
            'created_at': 'Fri Jul 20 21:37:55 +0000 2018',
            'default_profile': False,
            'default_profile_image': False,
            'description': '',
            'entities': {'description': {'urls': []}},
            'favourites_count': 523,
            'follow_request_sent': None,
            'followers_count': 429,
            'following': None,
            'friends_count': 1012,
            'geo_enabled': False,
            'has_extended_profile': True,
            'id': 1020422575971815424,
            'id_str': '1020422575971815424',
            'is_translation_enabled': False,
            'is_translator': False,
            'lang': None,
            'listed_count': 2,
            'location': 'Türkiye',
            'name': 'v.butyerim',
            'notifications': None,
            'profile_background_color': '000000',
            'profile_background_image_url': 'http://abs.twimg.com/images/themes/theme1/bg.png',
            'profile_background_image_url_https': 'https://abs.twimg.com/images/themes/theme1/bg.png',
            'profile_background_tile': False,
            'profile_image_url': 'http://pbs.twimg.com/profile_images/1020428562871078912/EtnuXqkJ_normal.jpg',
            'profile_image_url_https': 'https://pbs.twimg.com/profile_images/1020428562871078912/EtnuXqkJ_normal.jpg',
            'profile_link_color': 'E81C4F',
            'profile_sidebar_border_color': '000000',
            'profile_sidebar_fill_color': '000000',
            'profile_text_color': '000000',
            'profile_use_background_image': False,
            'protected': False,
            'screen_name': 'butyerim',
            'statuses_count': 651,
            'time_zone': None,
            'translator_type': 'none',
            'url': None,
            'utc_offset': None,
            'verified': False}}
----------Summary----------
{ 'entities': {},
  'id_str': '1156652526076354564',
  'retweeted_status': { 'entities': { 'urls': { 'display_url': 'twitter.com/i/web/status/1…',
                                                'expanded_url': 'https://twitter.com/i/web/status/1156404248910761984'}},
                        'id_str': '1156404248910761984',
                        'text': ' bitsavereum airdrop live now..  $1,5 million '
                                'airdrop pool  task &amp; get free bvm 15$ bvm '
                                'every person. 1,5$ bvm '
                                'https://t.co/svnpiv19qm',
                        'user': { 'entities': {},
                                  'id_str': '1106452185573810176',
                                  'twitter_user': 'Bitsavereum'}},
  'text': 'rt @bitsavereum:  bitsavereum airdrop live now..  $1,5 million '
          'airdrop pool  task &amp; get free bvm 15$ bvm every person. 1,5$ '
          'bvm reffer',
  'user': { 'entities': {},
            'id_str': '1020422575971815424',
            'twitter_user': 'butyerim'}}
----------Groups----------
{ 'Bitcoin': ['bitcoin', 'Bitcoin', 'btc', 'satoshi nakamoto'],
  'Ethereum': ['ethereum', 'Ethereum', 'eth', 'vitalik buterin'],
  'Litecoin': ['litecoin', 'Litecoin', 'ltc', 'charles lee'],
  'Monero': ['monero', 'Monero', 'xmr', 'riccardo spagni'],
  'Ripple': [ 'ripple',
              'Ripple',
              'xrp',
              'xrapid',
              'xcurrent',
              'chris larsen',
              'jed mccaleb']}
---------------------------Fetch-------2019-07-31 15:55:05.026847: Tweet filed under "misc":----------Data----------
{ 'contributors': None,
  'coordinates': None,
  'created_at': 'Wed Jul 31 19:46:56 +0000 2019',
  'entities': { 'hashtags': [],
                'symbols': [],
                'urls': [ { 'display_url': 'twitter.com/i/web/status/1…',
                            'expanded_url': 'https://twitter.com/i/web/status/1156652485140013057',
                            'indices': [116, 139],
                            'url': 'https://t.co/cNWxJ0O5JO'}],
                'user_mentions': [ { 'id': 956670268596015105,
                                     'id_str': '956670268596015105',
                                     'indices': [0, 14],
                                     'name': "Aftab 'DCinvestor' Hossain",
                                     'screen_name': 'iamDCinvestor'}]},
  'favorite_count': 0,
  'favorited': False,
  'geo': None,
  'id': 1156652485140013057,
  'id_str': '1156652485140013057',
  'in_reply_to_screen_name': 'iamDCinvestor',
  'in_reply_to_status_id': 1156646989708320768,
  'in_reply_to_status_id_str': '1156646989708320768',
  'in_reply_to_user_id': 956670268596015105,
  'in_reply_to_user_id_str': '956670268596015105',
  'is_quote_status': False,
  'lang': 'en',
  'metadata': {'iso_language_code': 'en', 'result_type': 'recent'},
  'place': None,
  'retweet_count': 0,
  'retweeted': False,
  'source': '<a href="https://mobile.twitter.com" rel="nofollow">Twitter Web '
            'App</a>',
  'text': '@iamDCinvestor To me it feels like in the grand scheme of things, '
          'crypto twitter is a small niche battleground. If… '
          'https://t.co/cNWxJ0O5JO',
  'truncated': True,
  'user': { 'contributors_enabled': False,
            'created_at': 'Fri Feb 06 11:00:14 +0000 2009',
            'default_profile': False,
            'default_profile_image': False,
            'description': 'MSc Digital Currency, Founder @ '
                           'https://t.co/c0Lsla5Rd3 & https://t.co/RltLcxGlXt '
                           '| Tech Evangelist @ https://t.co/06fMWfJHV5 | Far '
                           'far down the crypto rabbit hole.',
            'entities': { 'description': { 'urls': [ { 'display_url': 'Cryptodyssey.Capital',
                                                       'expanded_url': 'http://Cryptodyssey.Capital',
                                                       'indices': [32, 55],
                                                       'url': 'https://t.co/c0Lsla5Rd3'},
                                                     { 'display_url': 'ICODueDiligence.com',
                                                       'expanded_url': 'http://ICODueDiligence.com',
                                                       'indices': [58, 81],
                                                       'url': 'https://t.co/RltLcxGlXt'},
                                                     { 'display_url': 'Kyber.Network',
                                                       'expanded_url': 'http://Kyber.Network',
                                                       'indices': [102, 125],
                                                       'url': 'https://t.co/06fMWfJHV5'}]},
                          'url': { 'urls': [ { 'display_url': 'cryptodyssey.capital',
                                               'expanded_url': 'http://cryptodyssey.capital',
                                               'indices': [0, 23],
                                               'url': 'https://t.co/s1BUO8ItaG'}]}},
            'favourites_count': 5730,
            'follow_request_sent': None,
            'followers_count': 484,
            'following': None,
            'friends_count': 549,
            'geo_enabled': True,
            'has_extended_profile': False,
            'id': 20229431,
            'id_str': '20229431',
            'is_translation_enabled': False,
            'is_translator': False,
            'lang': None,
            'listed_count': 20,
            'location': 'Nicosia, Cyprus',
            'name': "Deniz 'Denis' Omer",
            'notifications': None,
            'profile_background_color': 'FFFFFF',
            'profile_background_image_url': 'http://abs.twimg.com/images/themes/theme1/bg.png',
            'profile_background_image_url_https': 'https://abs.twimg.com/images/themes/theme1/bg.png',
            'profile_background_tile': False,
            'profile_banner_url': 'https://pbs.twimg.com/profile_banners/20229431/1556371478',
            'profile_image_url': 'http://pbs.twimg.com/profile_images/1013134389839106048/xLzuQ2D2_normal.jpg',
            'profile_image_url_https': 'https://pbs.twimg.com/profile_images/1013134389839106048/xLzuQ2D2_normal.jpg',
            'profile_link_color': '1B95E0',
            'profile_sidebar_border_color': 'A0EEF5',
            'profile_sidebar_fill_color': '1A3F57',
            'profile_text_color': '72B9BF',
            'profile_use_background_image': True,
            'protected': False,
            'screen_name': 'DenizOmer',
            'statuses_count': 1165,
            'time_zone': None,
            'translator_type': 'none',
            'url': 'https://t.co/s1BUO8ItaG',
            'utc_offset': None,
            'verified': False}}
----------Summary----------
{ 'entities': { 'urls': { 'display_url': 'twitter.com/i/web/status/1…',
                          'expanded_url': 'https://twitter.com/i/web/status/1156652485140013057'}},
  'id_str': '1156652485140013057',
  'text': '@iamdcinvestor to me it feels like in the grand scheme of things, '
          'crypto twitter is a small niche battleground. if '
          'https://t.co/cnwxj0o5jo',
  'user': {'entities': {}, 'id_str': '20229431', 'twitter_user': 'DenizOmer'}}
----------Groups----------
{ 'Bitcoin': ['bitcoin', 'Bitcoin', 'btc', 'satoshi nakamoto'],
  'Ethereum': ['ethereum', 'Ethereum', 'eth', 'vitalik buterin'],
  'Litecoin': ['litecoin', 'Litecoin', 'ltc', 'charles lee'],
  'Monero': ['monero', 'Monero', 'xmr', 'riccardo spagni'],
  'Ripple': [ 'ripple',
              'Ripple',
              'xrp',
              'xrapid',
              'xcurrent',
              'chris larsen',
              'jed mccaleb']}
---------------------------Fetch-------2019-07-31 15:55:06.255028: Tweet filed under "misc":----------Data----------
{ 'contributors': None,
  'coordinates': None,
  'created_at': 'Wed Jul 31 19:46:31 +0000 2019',
  'entities': { 'hashtags': [],
                'symbols': [],
                'urls': [],
                'user_mentions': [ { 'id': 1029438676705714176,
                                     'id_str': '1029438676705714176',
                                     'indices': [3, 17],
                                     'name': 'BuildingBlocksCrypto',
                                     'screen_name': 'blocks_crypto'}]},
  'favorite_count': 0,
  'favorited': False,
  'geo': None,
  'id': 1156652379015667714,
  'id_str': '1156652379015667714',
  'in_reply_to_screen_name': None,
  'in_reply_to_status_id': None,
  'in_reply_to_status_id_str': None,
  'in_reply_to_user_id': None,
  'in_reply_to_user_id_str': None,
  'is_quote_status': False,
  'lang': 'en',
  'metadata': {'iso_language_code': 'en', 'result_type': 'recent'},
  'place': None,
  'retweet_count': 91,
  'retweeted': False,
  'retweeted_status': { 'contributors': None,
                        'coordinates': None,
                        'created_at': 'Sat Jul 27 05:55:02 +0000 2019',
                        'entities': { 'hashtags': [],
                                      'symbols': [],
                                      'urls': [ { 'display_url': 'twitter.com/i/web/status/1…',
                                                  'expanded_url': 'https://twitter.com/i/web/status/1154993578667577344',
                                                  'indices': [117, 140],
                                                  'url': 'https://t.co/uEGUpSS8ge'}],
                                      'user_mentions': []},
                        'favorite_count': 101,
                        'favorited': False,
                        'geo': None,
                        'id': 1154993578667577344,
                        'id_str': '1154993578667577344',
                        'in_reply_to_screen_name': None,
                        'in_reply_to_status_id': None,
                        'in_reply_to_status_id_str': None,
                        'in_reply_to_user_id': None,
                        'in_reply_to_user_id_str': None,
                        'is_quote_status': False,
                        'lang': 'en',
                        'metadata': { 'iso_language_code': 'en',
                                      'result_type': 'recent'},
                        'place': None,
                        'possibly_sensitive': False,
                        'retweet_count': 91,
                        'retweeted': False,
                        'source': '<a href="https://mobile.twitter.com" '
                                  'rel="nofollow">Twitter Web App</a>',
                        'text': 'Name: Building Blocks Token\n'
                                'Symbol: BH4H\n'
                                'Total supply: 100,000,000,000\n'
                                '\n'
                                'AIRDROP HAS STARTED!\n'
                                '\n'
                                'To qualify for Airdro… '
                                'https://t.co/uEGUpSS8ge',
                        'truncated': True,
                        'user': { 'contributors_enabled': False,
                                  'created_at': 'Tue Aug 14 18:44:41 +0000 '
                                                '2018',
                                  'default_profile': True,
                                  'default_profile_image': False,
                                  'description': 'We are Building Blocks. Our '
                                                 'Crypto was created with the '
                                                 'homeless at mind. We aim to '
                                                 'build or Buy Hostels and '
                                                 'Hotels with the help of you '
                                                 'guys.',
                                  'entities': { 'description': {'urls': []},
                                                'url': { 'urls': [ { 'display_url': 'buidinghomes4homeless.xyz',
                                                                     'expanded_url': 'http://www.buidinghomes4homeless.xyz/',
                                                                     'indices': [ 0,
                                                                                  23],
                                                                     'url': 'https://t.co/ODdy4aewVI'}]}},
                                  'favourites_count': 146,
                                  'follow_request_sent': None,
                                  'followers_count': 280,
                                  'following': None,
                                  'friends_count': 0,
                                  'geo_enabled': False,
                                  'has_extended_profile': True,
                                  'id': 1029438676705714176,
                                  'id_str': '1029438676705714176',
                                  'is_translation_enabled': False,
                                  'is_translator': False,
                                  'lang': None,
                                  'listed_count': 0,
                                  'location': 'United Kingdom',
                                  'name': 'BuildingBlocksCrypto',
                                  'notifications': None,
                                  'profile_background_color': 'F5F8FA',
                                  'profile_background_image_url': None,
                                  'profile_background_image_url_https': None,
                                  'profile_background_tile': False,
                                  'profile_image_url': 'http://pbs.twimg.com/profile_images/1031992230289059840/xxNbMvh3_normal.jpg',
                                  'profile_image_url_https': 'https://pbs.twimg.com/profile_images/1031992230289059840/xxNbMvh3_normal.jpg',
                                  'profile_link_color': '1DA1F2',
                                  'profile_sidebar_border_color': 'C0DEED',
                                  'profile_sidebar_fill_color': 'DDEEF6',
                                  'profile_text_color': '333333',
                                  'profile_use_background_image': True,
                                  'protected': False,
                                  'screen_name': 'blocks_crypto',
                                  'statuses_count': 156,
                                  'time_zone': None,
                                  'translator_type': 'none',
                                  'url': 'https://t.co/ODdy4aewVI',
                                  'utc_offset': None,
                                  'verified': False}},
  'source': '<a href="https://mobile.twitter.com" rel="nofollow">Twitter Web '
            'App</a>',
  'text': 'RT @blocks_crypto: Name: Building Blocks Token\n'
          'Symbol: BH4H\n'
          'Total supply: 100,000,000,000\n'
          '\n'
          'AIRDROP HAS STARTED!\n'
          '\n'
          'To qualify for Airdrop:\n'
          '-F…',
  'truncated': False,
  'user': { 'contributors_enabled': False,
            'created_at': 'Wed Nov 08 20:23:23 +0000 2017',
            'default_profile': True,
            'default_profile_image': False,
            'description': '',
            'entities': {'description': {'urls': []}},
            'favourites_count': 3,
            'follow_request_sent': None,
            'followers_count': 14,
            'following': None,
            'friends_count': 75,
            'geo_enabled': False,
            'has_extended_profile': False,
            'id': 928357302855331840,
            'id_str': '928357302855331840',
            'is_translation_enabled': False,
            'is_translator': False,
            'lang': None,
            'listed_count': 0,
            'location': '',
            'name': 'utamipanjaitan',
            'notifications': None,
            'profile_background_color': 'F5F8FA',
            'profile_background_image_url': None,
            'profile_background_image_url_https': None,
            'profile_background_tile': False,
            'profile_banner_url': 'https://pbs.twimg.com/profile_banners/928357302855331840/1530527720',
            'profile_image_url': 'http://pbs.twimg.com/profile_images/1013732942810681344/qnctnZu-_normal.jpg',
            'profile_image_url_https': 'https://pbs.twimg.com/profile_images/1013732942810681344/qnctnZu-_normal.jpg',
            'profile_link_color': '1DA1F2',
            'profile_sidebar_border_color': 'C0DEED',
            'profile_sidebar_fill_color': 'DDEEF6',
            'profile_text_color': '333333',
            'profile_use_background_image': True,
            'protected': False,
            'screen_name': 'utamipanjaitan6',
            'statuses_count': 28,
            'time_zone': None,
            'translator_type': 'none',
            'url': None,
            'utc_offset': None,
            'verified': False}}
----------Summary----------
{ 'entities': {},
  'id_str': '1156652379015667714',
  'retweeted_status': { 'entities': { 'urls': { 'display_url': 'twitter.com/i/web/status/1…',
                                                'expanded_url': 'https://twitter.com/i/web/status/1154993578667577344'}},
                        'id_str': '1154993578667577344',
                        'text': 'name: building blocks token symbol: bh4h '
                                'total supply: 100,000,000,000  airdrop has '
                                'started!  to qualify for airdro '
                                'https://t.co/uegupss8ge',
                        'user': { 'entities': {},
                                  'id_str': '1029438676705714176',
                                  'twitter_user': 'blocks_crypto'}},
  'text': 'rt @blocks_crypto: name: building blocks token symbol: bh4h total '
          'supply: 100,000,000,000  airdrop has started!  to qualify for '
          'airdrop: -f',
  'user': { 'entities': {},
            'id_str': '928357302855331840',
            'twitter_user': 'utamipanjaitan6'}}
----------Groups----------
{ 'Bitcoin': ['bitcoin', 'Bitcoin', 'btc', 'satoshi nakamoto'],
  'Ethereum': ['ethereum', 'Ethereum', 'eth', 'vitalik buterin'],
  'Litecoin': ['litecoin', 'Litecoin', 'ltc', 'charles lee'],
  'Monero': ['monero', 'Monero', 'xmr', 'riccardo spagni'],
  'Ripple': [ 'ripple',
              'Ripple',
              'xrp',
              'xrapid',
              'xcurrent',
              'chris larsen',
              'jed mccaleb']}
---------------------------Fetch-------2019-07-31 15:55:07.413031: Tweet filed under "misc":----------Data----------
{ 'contributors': None,
  'coordinates': None,
  'created_at': 'Wed Jul 31 19:45:56 +0000 2019',
  'entities': { 'hashtags': [],
                'symbols': [],
                'urls': [],
                'user_mentions': [ { 'id': 14101591,
                                     'id_str': '14101591',
                                     'indices': [3, 11],
                                     'name': 'Eric Conner',
                                     'screen_name': 'econoar'}]},
  'favorite_count': 0,
  'favorited': False,
  'geo': None,
  'id': 1156652234068779009,
  'id_str': '1156652234068779009',
  'in_reply_to_screen_name': None,
  'in_reply_to_status_id': None,
  'in_reply_to_status_id_str': None,
  'in_reply_to_user_id': None,
  'in_reply_to_user_id_str': None,
  'is_quote_status': False,
  'lang': 'en',
  'metadata': {'iso_language_code': 'en', 'result_type': 'recent'},
  'place': None,
  'retweet_count': 25,
  'retweeted': False,
  'retweeted_status': { 'contributors': None,
                        'coordinates': None,
                        'created_at': 'Wed Jul 31 15:35:43 +0000 2019',
                        'entities': { 'hashtags': [],
                                      'symbols': [],
                                      'urls': [ { 'display_url': 'twitter.com/i/web/status/1…',
                                                  'expanded_url': 'https://twitter.com/i/web/status/1156589265670639616',
                                                  'indices': [116, 139],
                                                  'url': 'https://t.co/f2m4W30osG'}],
                                      'user_mentions': []},
                        'favorite_count': 90,
                        'favorited': False,
                        'geo': None,
                        'id': 1156589265670639616,
                        'id_str': '1156589265670639616',
                        'in_reply_to_screen_name': None,
                        'in_reply_to_status_id': None,
                        'in_reply_to_status_id_str': None,
                        'in_reply_to_user_id': None,
                        'in_reply_to_user_id_str': None,
                        'is_quote_status': False,
                        'lang': 'en',
                        'metadata': { 'iso_language_code': 'en',
                                      'result_type': 'recent'},
                        'place': None,
                        'possibly_sensitive': False,
                        'retweet_count': 25,
                        'retweeted': False,
                        'source': '<a href="https://mobile.twitter.com" '
                                  'rel="nofollow">Twitter Web App</a>',
                        'text': 'I just published "Smart Wallets are Here".\n'
                                '\n'
                                'In this article I discuss the benefits that '
                                'smart contract wallets are… '
                                'https://t.co/f2m4W30osG',
                        'truncated': True,
                        'user': { 'contributors_enabled': False,
                                  'created_at': 'Sat Mar 08 17:58:18 +0000 '
                                                '2008',
                                  'default_profile': False,
                                  'default_profile_image': False,
                                  'description': 'Ethereum. Helping build '
                                                 'products at @gnosispm. '
                                                 'Founded @ethhub_io with '
                                                 '@sassal0x. Hosting Into the '
                                                 'Ether podcast. Big fan of '
                                                 'the Bitcoin meme.',
                                  'entities': { 'description': {'urls': []},
                                                'url': { 'urls': [ { 'display_url': 'ethhub.io',
                                                                     'expanded_url': 'https://ethhub.io',
                                                                     'indices': [ 0,
                                                                                  23],
                                                                     'url': 'https://t.co/6hdQsUNOrQ'}]}},
                                  'favourites_count': 15779,
                                  'follow_request_sent': None,
                                  'followers_count': 8391,
                                  'following': None,
                                  'friends_count': 164,
                                  'geo_enabled': False,
                                  'has_extended_profile': False,
                                  'id': 14101591,
                                  'id_str': '14101591',
                                  'is_translation_enabled': False,
                                  'is_translator': False,
                                  'lang': None,
                                  'listed_count': 196,
                                  'location': '0x',
                                  'name': 'Eric Conner',
                                  'notifications': None,
                                  'profile_background_color': '000000',
                                  'profile_background_image_url': 'http://abs.twimg.com/images/themes/theme15/bg.png',
                                  'profile_background_image_url_https': 'https://abs.twimg.com/images/themes/theme15/bg.png',
                                  'profile_background_tile': False,
                                  'profile_banner_url': 'https://pbs.twimg.com/profile_banners/14101591/1526999732',
                                  'profile_image_url': 'http://pbs.twimg.com/profile_images/1154471633408552960/-ecFWzC5_normal.png',
                                  'profile_image_url_https': 'https://pbs.twimg.com/profile_images/1154471633408552960/-ecFWzC5_normal.png',
                                  'profile_link_color': '7AC7D4',
                                  'profile_sidebar_border_color': '000000',
                                  'profile_sidebar_fill_color': '000000',
                                  'profile_text_color': '000000',
                                  'profile_use_background_image': False,
                                  'protected': False,
                                  'screen_name': 'econoar',
                                  'statuses_count': 7037,
                                  'time_zone': None,
                                  'translator_type': 'none',
                                  'url': 'https://t.co/6hdQsUNOrQ',
                                  'utc_offset': None,
                                  'verified': False}},
  'source': '<a href="https://mobile.twitter.com" rel="nofollow">Twitter Web '
            'App</a>',
  'text': 'RT @econoar: I just published "Smart Wallets are Here".\n'
          '\n'
          'In this article I discuss the benefits that smart contract wallets '
          'are bringing to…',
  'truncated': False,
  'user': { 'contributors_enabled': False,
            'created_at': 'Wed Sep 19 16:52:17 +0000 2018',
            'default_profile': True,
            'default_profile_image': False,
            'description': '',
            'entities': {'description': {'urls': []}},
            'favourites_count': 7820,
            'follow_request_sent': None,
            'followers_count': 1182,
            'following': None,
            'friends_count': 521,
            'geo_enabled': False,
            'has_extended_profile': False,
            'id': 1042456352734539776,
            'id_str': '1042456352734539776',
            'is_translation_enabled': False,
            'is_translator': False,
            'lang': None,
            'listed_count': 21,
            'location': '',
            'name': "HuntingIsland - 'ETH is programmable money'",
            'notifications': None,
            'profile_background_color': 'F5F8FA',
            'profile_background_image_url': None,
            'profile_background_image_url_https': None,
            'profile_background_tile': False,
            'profile_image_url': 'http://pbs.twimg.com/profile_images/1093982364999532551/8jodYASD_normal.jpg',
            'profile_image_url_https': 'https://pbs.twimg.com/profile_images/1093982364999532551/8jodYASD_normal.jpg',
            'profile_link_color': '1DA1F2',
            'profile_sidebar_border_color': 'C0DEED',
            'profile_sidebar_fill_color': 'DDEEF6',
            'profile_text_color': '333333',
            'profile_use_background_image': True,
            'protected': False,
            'screen_name': 'IslandHunting',
            'statuses_count': 5943,
            'time_zone': None,
            'translator_type': 'none',
            'url': None,
            'utc_offset': None,
            'verified': False}}
----------Summary----------
{ 'entities': {},
  'id_str': '1156652234068779009',
  'retweeted_status': { 'entities': { 'urls': { 'display_url': 'twitter.com/i/web/status/1…',
                                                'expanded_url': 'https://twitter.com/i/web/status/1156589265670639616'}},
                        'id_str': '1156589265670639616',
                        'text': 'i just published "smart wallets are here".  '
                                'in this article i discuss the benefits that '
                                'smart contract wallets are '
                                'https://t.co/f2m4w30osg',
                        'user': { 'entities': {},
                                  'id_str': '14101591',
                                  'twitter_user': 'econoar'}},
  'text': 'rt @econoar: i just published "smart wallets are here".  in this '
          'article i discuss the benefits that smart contract wallets are '
          'bringing to',
  'user': { 'entities': {},
            'id_str': '1042456352734539776',
            'twitter_user': 'IslandHunting'}}
----------Groups----------
{ 'Bitcoin': ['bitcoin', 'Bitcoin', 'btc', 'satoshi nakamoto'],
  'Ethereum': ['ethereum', 'Ethereum', 'eth', 'vitalik buterin'],
  'Litecoin': ['litecoin', 'Litecoin', 'ltc', 'charles lee'],
  'Monero': ['monero', 'Monero', 'xmr', 'riccardo spagni'],
  'Ripple': [ 'ripple',
              'Ripple',
              'xrp',
              'xrapid',
              'xcurrent',
              'chris larsen',
              'jed mccaleb']}
---------------------------Fetch-------2019-07-31 15:55:08.815318: Tweet filed under "misc":----------Data----------
{ 'contributors': None,
  'coordinates': None,
  'created_at': 'Wed Jul 31 19:45:38 +0000 2019',
  'entities': { 'hashtags': [],
                'symbols': [],
                'urls': [ { 'display_url': 'ift.tt/2N3TzNH',
                            'expanded_url': 'https://ift.tt/2N3TzNH',
                            'indices': [85, 108],
                            'url': 'https://t.co/4iFD5NRVGd'},
                          { 'display_url': 'twitter.com/i/web/status/1…',
                            'expanded_url': 'https://twitter.com/i/web/status/1156652155857752064',
                            'indices': [110, 133],
                            'url': 'https://t.co/ScuZMvkaqk'}],
                'user_mentions': []},
  'favorite_count': 0,
  'favorited': False,
  'geo': None,
  'id': 1156652155857752064,
  'id_str': '1156652155857752064',
  'in_reply_to_screen_name': None,
  'in_reply_to_status_id': None,
  'in_reply_to_status_id_str': None,
  'in_reply_to_user_id': None,
  'in_reply_to_user_id_str': None,
  'is_quote_status': False,
  'lang': 'en',
  'metadata': {'iso_language_code': 'en', 'result_type': 'recent'},
  'place': None,
  'possibly_sensitive': False,
  'retweet_count': 0,
  'retweeted': False,
  'source': '<a href="https://ifttt.com" rel="nofollow">IFTTT</a>',
  'text': 'This indexing crypto strategy will make you a millionaire. '
          'Explained with nice cars! https://t.co/4iFD5NRVGd… '
          'https://t.co/ScuZMvkaqk',
  'truncated': True,
  'user': { 'contributors_enabled': False,
            'created_at': 'Sun Jan 16 15:01:33 +0000 2011',
            'default_profile': False,
            'default_profile_image': False,
            'description': 'Find out your diversification score and build a '
                           'professional crypto portfolio holding the '
                           'millionth of supply of the top crypto currencies  '
                           'by market cap.',
            'entities': { 'description': {'urls': []},
                          'url': { 'urls': [ { 'display_url': 'cryptomillionaireapp.com',
                                               'expanded_url': 'http://cryptomillionaireapp.com',
                                               'indices': [0, 23],
                                               'url': 'https://t.co/A23Iuq00jz'}]}},
            'favourites_count': 20042,
            'follow_request_sent': None,
            'followers_count': 3157,
            'following': None,
            'friends_count': 2654,
            'geo_enabled': False,
            'has_extended_profile': False,
            'id': 238994600,
            'id_str': '238994600',
            'is_translation_enabled': False,
            'is_translator': False,
            'lang': None,
            'listed_count': 30,
            'location': 'Florida, USA',
            'name': 'Crypto Millionaire App',
            'notifications': None,
            'profile_background_color': '010214',
            'profile_background_image_url': 'http://abs.twimg.com/images/themes/theme1/bg.png',
            'profile_background_image_url_https': 'https://abs.twimg.com/images/themes/theme1/bg.png',
            'profile_background_tile': True,
            'profile_banner_url': 'https://pbs.twimg.com/profile_banners/238994600/1392703364',
            'profile_image_url': 'http://pbs.twimg.com/profile_images/1032310032900214784/hTqDFthb_normal.jpg',
            'profile_image_url_https': 'https://pbs.twimg.com/profile_images/1032310032900214784/hTqDFthb_normal.jpg',
            'profile_link_color': '038543',
            'profile_sidebar_border_color': 'FFFFFF',
            'profile_sidebar_fill_color': 'DDEEF6',
            'profile_text_color': '333333',
            'profile_use_background_image': True,
            'protected': False,
            'screen_name': 'eagletwitt3r',
            'statuses_count': 20562,
            'time_zone': None,
            'translator_type': 'none',
            'url': 'https://t.co/A23Iuq00jz',
            'utc_offset': None,
            'verified': False}}
----------Summary----------
{ 'entities': { 'urls': { 'display_url': 'twitter.com/i/web/status/1…',
                          'expanded_url': 'https://twitter.com/i/web/status/1156652155857752064'}},
  'id_str': '1156652155857752064',
  'text': 'this indexing crypto strategy will make you a millionaire. '
          'explained with nice cars! https://t.co/4ifd5nrvgd '
          'https://t.co/scuzmvkaqk',
  'user': { 'entities': {},
            'id_str': '238994600',
            'twitter_user': 'eagletwitt3r'}}
----------Groups----------
{ 'Bitcoin': ['bitcoin', 'Bitcoin', 'btc', 'satoshi nakamoto'],
  'Ethereum': ['ethereum', 'Ethereum', 'eth', 'vitalik buterin'],
  'Litecoin': ['litecoin', 'Litecoin', 'ltc', 'charles lee'],
  'Monero': ['monero', 'Monero', 'xmr', 'riccardo spagni'],
  'Ripple': [ 'ripple',
              'Ripple',
              'xrp',
              'xrapid',
              'xcurrent',
              'chris larsen',
              'jed mccaleb']}
---------------------------Fetch-------2019-07-31 15:55:09.428539: Tweet filed under "misc":----------Data----------
{ 'contributors': None,
  'coordinates': None,
  'created_at': 'Wed Jul 31 19:45:37 +0000 2019',
  'entities': { 'hashtags': [],
                'symbols': [],
                'urls': [],
                'user_mentions': [ { 'id': 1029438676705714176,
                                     'id_str': '1029438676705714176',
                                     'indices': [3, 17],
                                     'name': 'BuildingBlocksCrypto',
                                     'screen_name': 'blocks_crypto'}]},
  'favorite_count': 0,
  'favorited': False,
  'geo': None,
  'id': 1156652152606973952,
  'id_str': '1156652152606973952',
  'in_reply_to_screen_name': None,
  'in_reply_to_status_id': None,
  'in_reply_to_status_id_str': None,
  'in_reply_to_user_id': None,
  'in_reply_to_user_id_str': None,
  'is_quote_status': False,
  'lang': 'en',
  'metadata': {'iso_language_code': 'en', 'result_type': 'recent'},
  'place': None,
  'retweet_count': 91,
  'retweeted': False,
  'retweeted_status': { 'contributors': None,
                        'coordinates': None,
                        'created_at': 'Sat Jul 27 05:55:02 +0000 2019',
                        'entities': { 'hashtags': [],
                                      'symbols': [],
                                      'urls': [ { 'display_url': 'twitter.com/i/web/status/1…',
                                                  'expanded_url': 'https://twitter.com/i/web/status/1154993578667577344',
                                                  'indices': [117, 140],
                                                  'url': 'https://t.co/uEGUpSS8ge'}],
                                      'user_mentions': []},
                        'favorite_count': 101,
                        'favorited': False,
                        'geo': None,
                        'id': 1154993578667577344,
                        'id_str': '1154993578667577344',
                        'in_reply_to_screen_name': None,
                        'in_reply_to_status_id': None,
                        'in_reply_to_status_id_str': None,
                        'in_reply_to_user_id': None,
                        'in_reply_to_user_id_str': None,
                        'is_quote_status': False,
                        'lang': 'en',
                        'metadata': { 'iso_language_code': 'en',
                                      'result_type': 'recent'},
                        'place': None,
                        'possibly_sensitive': False,
                        'retweet_count': 91,
                        'retweeted': False,
                        'source': '<a href="https://mobile.twitter.com" '
                                  'rel="nofollow">Twitter Web App</a>',
                        'text': 'Name: Building Blocks Token\n'
                                'Symbol: BH4H\n'
                                'Total supply: 100,000,000,000\n'
                                '\n'
                                'AIRDROP HAS STARTED!\n'
                                '\n'
                                'To qualify for Airdro… '
                                'https://t.co/uEGUpSS8ge',
                        'truncated': True,
                        'user': { 'contributors_enabled': False,
                                  'created_at': 'Tue Aug 14 18:44:41 +0000 '
                                                '2018',
                                  'default_profile': True,
                                  'default_profile_image': False,
                                  'description': 'We are Building Blocks. Our '
                                                 'Crypto was created with the '
                                                 'homeless at mind. We aim to '
                                                 'build or Buy Hostels and '
                                                 'Hotels with the help of you '
                                                 'guys.',
                                  'entities': { 'description': {'urls': []},
                                                'url': { 'urls': [ { 'display_url': 'buidinghomes4homeless.xyz',
                                                                     'expanded_url': 'http://www.buidinghomes4homeless.xyz/',
                                                                     'indices': [ 0,
                                                                                  23],
                                                                     'url': 'https://t.co/ODdy4aewVI'}]}},
                                  'favourites_count': 146,
                                  'follow_request_sent': None,
                                  'followers_count': 280,
                                  'following': None,
                                  'friends_count': 0,
                                  'geo_enabled': False,
                                  'has_extended_profile': True,
                                  'id': 1029438676705714176,
                                  'id_str': '1029438676705714176',
                                  'is_translation_enabled': False,
                                  'is_translator': False,
                                  'lang': None,
                                  'listed_count': 0,
                                  'location': 'United Kingdom',
                                  'name': 'BuildingBlocksCrypto',
                                  'notifications': None,
                                  'profile_background_color': 'F5F8FA',
                                  'profile_background_image_url': None,
                                  'profile_background_image_url_https': None,
                                  'profile_background_tile': False,
                                  'profile_image_url': 'http://pbs.twimg.com/profile_images/1031992230289059840/xxNbMvh3_normal.jpg',
                                  'profile_image_url_https': 'https://pbs.twimg.com/profile_images/1031992230289059840/xxNbMvh3_normal.jpg',
                                  'profile_link_color': '1DA1F2',
                                  'profile_sidebar_border_color': 'C0DEED',
                                  'profile_sidebar_fill_color': 'DDEEF6',
                                  'profile_text_color': '333333',
                                  'profile_use_background_image': True,
                                  'protected': False,
                                  'screen_name': 'blocks_crypto',
                                  'statuses_count': 156,
                                  'time_zone': None,
                                  'translator_type': 'none',
                                  'url': 'https://t.co/ODdy4aewVI',
                                  'utc_offset': None,
                                  'verified': False}},
  'source': '<a href="https://mobile.twitter.com" rel="nofollow">Twitter Web '
            'App</a>',
  'text': 'RT @blocks_crypto: Name: Building Blocks Token\n'
          'Symbol: BH4H\n'
          'Total supply: 100,000,000,000\n'
          '\n'
          'AIRDROP HAS STARTED!\n'
          '\n'
          'To qualify for Airdrop:\n'
          '-F…',
  'truncated': False,
  'user': { 'contributors_enabled': False,
            'created_at': 'Sun Jun 24 17:14:11 +0000 2018',
            'default_profile': True,
            'default_profile_image': False,
            'description': '',
            'entities': {'description': {'urls': []}},
            'favourites_count': 2,
            'follow_request_sent': None,
            'followers_count': 9,
            'following': None,
            'friends_count': 10,
            'geo_enabled': False,
            'has_extended_profile': False,
            'id': 1010934119579041792,
            'id_str': '1010934119579041792',
            'is_translation_enabled': False,
            'is_translator': False,
            'lang': None,
            'listed_count': 0,
            'location': '',
            'name': 'tirnakurus',
            'notifications': None,
            'profile_background_color': 'F5F8FA',
            'profile_background_image_url': None,
            'profile_background_image_url_https': None,
            'profile_background_tile': False,
            'profile_image_url': 'http://pbs.twimg.com/profile_images/1012604202361556992/hjvD8cEE_normal.jpg',
            'profile_image_url_https': 'https://pbs.twimg.com/profile_images/1012604202361556992/hjvD8cEE_normal.jpg',
            'profile_link_color': '1DA1F2',
            'profile_sidebar_border_color': 'C0DEED',
            'profile_sidebar_fill_color': 'DDEEF6',
            'profile_text_color': '333333',
            'profile_use_background_image': True,
            'protected': False,
            'screen_name': 'tirnakurus',
            'statuses_count': 12,
            'time_zone': None,
            'translator_type': 'none',
            'url': None,
            'utc_offset': None,
            'verified': False}}
----------Summary----------
{ 'entities': {},
  'id_str': '1156652152606973952',
  'retweeted_status': { 'entities': { 'urls': { 'display_url': 'twitter.com/i/web/status/1…',
                                                'expanded_url': 'https://twitter.com/i/web/status/1154993578667577344'}},
                        'id_str': '1154993578667577344',
                        'text': 'name: building blocks token symbol: bh4h '
                                'total supply: 100,000,000,000  airdrop has '
                                'started!  to qualify for airdro '
                                'https://t.co/uegupss8ge',
                        'user': { 'entities': {},
                                  'id_str': '1029438676705714176',
                                  'twitter_user': 'blocks_crypto'}},
  'text': 'rt @blocks_crypto: name: building blocks token symbol: bh4h total '
          'supply: 100,000,000,000  airdrop has started!  to qualify for '
          'airdrop: -f',
  'user': { 'entities': {},
            'id_str': '1010934119579041792',
            'twitter_user': 'tirnakurus'}}
----------Groups----------
{ 'Bitcoin': ['bitcoin', 'Bitcoin', 'btc', 'satoshi nakamoto'],
  'Ethereum': ['ethereum', 'Ethereum', 'eth', 'vitalik buterin'],
  'Litecoin': ['litecoin', 'Litecoin', 'ltc', 'charles lee'],
  'Monero': ['monero', 'Monero', 'xmr', 'riccardo spagni'],
  'Ripple': [ 'ripple',
              'Ripple',
              'xrp',
              'xrapid',
              'xcurrent',
              'chris larsen',
              'jed mccaleb']}
---------------------------Fetch-------2019-07-31 15:55:10.553583: Tweet filed under "misc":----------Data----------
{ 'contributors': None,
  'coordinates': None,
  'created_at': 'Wed Jul 31 19:45:13 +0000 2019',
  'entities': { 'hashtags': [],
                'symbols': [],
                'urls': [],
                'user_mentions': [ { 'id': 834374677560705024,
                                     'id_str': '834374677560705024',
                                     'indices': [3, 19],
                                     'name': 'Want Marketplaces',
                                     'screen_name': 'wantmarketplace'}]},
  'favorite_count': 0,
  'favorited': False,
  'geo': None,
  'id': 1156652053470404613,
  'id_str': '1156652053470404613',
  'in_reply_to_screen_name': None,
  'in_reply_to_status_id': None,
  'in_reply_to_status_id_str': None,
  'in_reply_to_user_id': None,
  'in_reply_to_user_id_str': None,
  'is_quote_status': False,
  'lang': 'en',
  'metadata': {'iso_language_code': 'en', 'result_type': 'recent'},
  'place': None,
  'retweet_count': 57,
  'retweeted': False,
  'retweeted_status': { 'contributors': None,
                        'coordinates': None,
                        'created_at': 'Tue Jul 09 15:56:23 +0000 2019',
                        'entities': { 'hashtags': [],
                                      'symbols': [],
                                      'urls': [ { 'display_url': 'twitter.com/i/web/status/1…',
                                                  'expanded_url': 'https://twitter.com/i/web/status/1148621932805275649',
                                                  'indices': [117, 140],
                                                  'url': 'https://t.co/lsacTnkOcv'}],
                                      'user_mentions': []},
                        'favorite_count': 172,
                        'favorited': False,
                        'geo': None,
                        'id': 1148621932805275649,
                        'id_str': '1148621932805275649',
                        'in_reply_to_screen_name': None,
                        'in_reply_to_status_id': None,
                        'in_reply_to_status_id_str': None,
                        'in_reply_to_user_id': None,
                        'in_reply_to_user_id_str': None,
                        'is_quote_status': False,
                        'lang': 'en',
                        'metadata': { 'iso_language_code': 'en',
                                      'result_type': 'recent'},
                        'place': None,
                        'possibly_sensitive': False,
                        'retweet_count': 57,
                        'retweeted': False,
                        'source': '<a href="https://mobile.twitter.com" '
                                  'rel="nofollow">Twitter Web App</a>',
                        'text': 'WANT Marketplaces Security Token Offering '
                                'raising $20 Million. \n'
                                '\n'
                                'Private Sale open NOW till Aug 31 - 40% Off - '
                                '$0.1… https://t.co/lsacTnkOcv',
                        'truncated': True,
                        'user': { 'contributors_enabled': False,
                                  'created_at': 'Wed Feb 22 12:09:59 +0000 '
                                                '2017',
                                  'default_profile': True,
                                  'default_profile_image': False,
                                  'description': 'Official Account for WANT '
                                                 'Marketplaces STO Offering',
                                  'entities': { 'description': {'urls': []},
                                                'url': { 'urls': [ { 'display_url': 'benipal.com',
                                                                     'expanded_url': 'https://benipal.com',
                                                                     'indices': [ 0,
                                                                                  23],
                                                                     'url': 'https://t.co/FpJbeDXvVn'}]}},
                                  'favourites_count': 4,
                                  'follow_request_sent': None,
                                  'followers_count': 1600,
                                  'following': None,
                                  'friends_count': 1,
                                  'geo_enabled': False,
                                  'has_extended_profile': False,
                                  'id': 834374677560705024,
                                  'id_str': '834374677560705024',
                                  'is_translation_enabled': False,
                                  'is_translator': False,
                                  'lang': None,
                                  'listed_count': 2,
                                  'location': 'New York, NY',
                                  'name': 'Want Marketplaces',
                                  'notifications': None,
                                  'profile_background_color': 'F5F8FA',
                                  'profile_background_image_url': None,
                                  'profile_background_image_url_https': None,
                                  'profile_background_tile': False,
                                  'profile_banner_url': 'https://pbs.twimg.com/profile_banners/834374677560705024/1559981725',
                                  'profile_image_url': 'http://pbs.twimg.com/profile_images/1137267216955482114/4tG-zMA6_normal.jpg',
                                  'profile_image_url_https': 'https://pbs.twimg.com/profile_images/1137267216955482114/4tG-zMA6_normal.jpg',
                                  'profile_link_color': '1DA1F2',
                                  'profile_sidebar_border_color': 'C0DEED',
                                  'profile_sidebar_fill_color': 'DDEEF6',
                                  'profile_text_color': '333333',
                                  'profile_use_background_image': True,
                                  'protected': False,
                                  'screen_name': 'wantmarketplace',
                                  'statuses_count': 76,
                                  'time_zone': None,
                                  'translator_type': 'none',
                                  'url': 'https://t.co/FpJbeDXvVn',
                                  'utc_offset': None,
                                  'verified': False}},
  'source': '<a href="http://twitter.com/download/android" '
            'rel="nofollow">Twitter for Android</a>',
  'text': 'RT @wantmarketplace: WANT Marketplaces Security Token Offering '
          'raising $20 Million. \n'
          '\n'
          'Private Sale open NOW till Aug 31 - 40% Off - $0.18…',
  'truncated': False,
  'user': { 'contributors_enabled': False,
            'created_at': 'Fri Sep 08 05:49:12 +0000 2017',
            'default_profile': True,
            'default_profile_image': False,
            'description': 'I am Medical student\n'
                           '#****(simple man)\n'
                           '#Follow  back',
            'entities': {'description': {'urls': []}},
            'favourites_count': 4843,
            'follow_request_sent': None,
            'followers_count': 4817,
            'following': None,
            'friends_count': 5295,
            'geo_enabled': False,
            'has_extended_profile': True,
            'id': 906031646884765701,
            'id_str': '906031646884765701',
            'is_translation_enabled': False,
            'is_translator': False,
            'lang': None,
            'listed_count': 14,
            'location': 'Dhaka, Bangladesh',
            'name': 'Md Mostofa kamal',
            'notifications': None,
            'profile_background_color': 'F5F8FA',
            'profile_background_image_url': None,
            'profile_background_image_url_https': None,
            'profile_background_tile': False,
            'profile_banner_url': 'https://pbs.twimg.com/profile_banners/906031646884765701/1543978436',
            'profile_image_url': 'http://pbs.twimg.com/profile_images/1122456466047127552/jObVPMAo_normal.jpg',
            'profile_image_url_https': 'https://pbs.twimg.com/profile_images/1122456466047127552/jObVPMAo_normal.jpg',
            'profile_link_color': '1DA1F2',
            'profile_sidebar_border_color': 'C0DEED',
            'profile_sidebar_fill_color': 'DDEEF6',
            'profile_text_color': '333333',
            'profile_use_background_image': True,
            'protected': False,
            'screen_name': 'Mostofa2020',
            'statuses_count': 5960,
            'time_zone': None,
            'translator_type': 'none',
            'url': None,
            'utc_offset': None,
            'verified': False}}
----------Summary----------
{ 'entities': {},
  'id_str': '1156652053470404613',
  'retweeted_status': { 'entities': { 'urls': { 'display_url': 'twitter.com/i/web/status/1…',
                                                'expanded_url': 'https://twitter.com/i/web/status/1148621932805275649'}},
                        'id_str': '1148621932805275649',
                        'text': 'want marketplaces security token offering '
                                'raising $20 million.   private sale open now '
                                'till aug 31 - 40% off - $0.1 '
                                'https://t.co/lsactnkocv',
                        'user': { 'entities': {},
                                  'id_str': '834374677560705024',
                                  'twitter_user': 'wantmarketplace'}},
  'text': 'rt @wantmarketplace: want marketplaces security token offering '
          'raising $20 million.   private sale open now till aug 31 - 40% off '
          '- $0.18',
  'user': { 'entities': {},
            'id_str': '906031646884765701',
            'twitter_user': 'Mostofa2020'}}
----------Groups----------
{ 'Bitcoin': ['bitcoin', 'Bitcoin', 'btc', 'satoshi nakamoto'],
  'Ethereum': ['ethereum', 'Ethereum', 'eth', 'vitalik buterin'],
  'Litecoin': ['litecoin', 'Litecoin', 'ltc', 'charles lee'],
  'Monero': ['monero', 'Monero', 'xmr', 'riccardo spagni'],
  'Ripple': [ 'ripple',
              'Ripple',
              'xrp',
              'xrapid',
              'xcurrent',
              'chris larsen',
              'jed mccaleb']}
---------------------------Fetch-------2019-07-31 15:55:11.066388: Tweet filed under "misc":----------Data----------
{ 'contributors': None,
  'coordinates': None,
  'created_at': 'Wed Jul 31 19:45:09 +0000 2019',
  'entities': { 'hashtags': [],
                'symbols': [],
                'urls': [],
                'user_mentions': [ { 'id': 834374677560705024,
                                     'id_str': '834374677560705024',
                                     'indices': [3, 19],
                                     'name': 'Want Marketplaces',
                                     'screen_name': 'wantmarketplace'}]},
  'favorite_count': 0,
  'favorited': False,
  'geo': None,
  'id': 1156652036181516288,
  'id_str': '1156652036181516288',
  'in_reply_to_screen_name': None,
  'in_reply_to_status_id': None,
  'in_reply_to_status_id_str': None,
  'in_reply_to_user_id': None,
  'in_reply_to_user_id_str': None,
  'is_quote_status': False,
  'lang': 'en',
  'metadata': {'iso_language_code': 'en', 'result_type': 'recent'},
  'place': None,
  'retweet_count': 36,
  'retweeted': False,
  'retweeted_status': { 'contributors': None,
                        'coordinates': None,
                        'created_at': 'Mon Jul 29 09:52:58 +0000 2019',
                        'entities': { 'hashtags': [],
                                      'symbols': [],
                                      'urls': [ { 'display_url': 'twitter.com/i/web/status/1…',
                                                  'expanded_url': 'https://twitter.com/i/web/status/1155778231963832321',
                                                  'indices': [116, 139],
                                                  'url': 'https://t.co/t7qW5qWTCz'}],
                                      'user_mentions': []},
                        'favorite_count': 132,
                        'favorited': False,
                        'geo': None,
                        'id': 1155778231963832321,
                        'id_str': '1155778231963832321',
                        'in_reply_to_screen_name': None,
                        'in_reply_to_status_id': None,
                        'in_reply_to_status_id_str': None,
                        'in_reply_to_user_id': None,
                        'in_reply_to_user_id_str': None,
                        'is_quote_status': False,
                        'lang': 'en',
                        'metadata': { 'iso_language_code': 'en',
                                      'result_type': 'recent'},
                        'place': None,
                        'possibly_sensitive': False,
                        'retweet_count': 36,
                        'retweeted': False,
                        'source': '<a href="https://mobile.twitter.com" '
                                  'rel="nofollow">Twitter Web App</a>',
                        'text': 'Building the most powerful servers for our '
                                'amazing shopping search engine! 20 TFlops - '
                                'CPU only.\n'
                                '\n'
                                'WNT Private Sale… https://t.co/t7qW5qWTCz',
                        'truncated': True,
                        'user': { 'contributors_enabled': False,
                                  'created_at': 'Wed Feb 22 12:09:59 +0000 '
                                                '2017',
                                  'default_profile': True,
                                  'default_profile_image': False,
                                  'description': 'Official Account for WANT '
                                                 'Marketplaces STO Offering',
                                  'entities': { 'description': {'urls': []},
                                                'url': { 'urls': [ { 'display_url': 'benipal.com',
                                                                     'expanded_url': 'https://benipal.com',
                                                                     'indices': [ 0,
                                                                                  23],
                                                                     'url': 'https://t.co/FpJbeDXvVn'}]}},
                                  'favourites_count': 4,
                                  'follow_request_sent': None,
                                  'followers_count': 1600,
                                  'following': None,
                                  'friends_count': 1,
                                  'geo_enabled': False,
                                  'has_extended_profile': False,
                                  'id': 834374677560705024,
                                  'id_str': '834374677560705024',
                                  'is_translation_enabled': False,
                                  'is_translator': False,
                                  'lang': None,
                                  'listed_count': 2,
                                  'location': 'New York, NY',
                                  'name': 'Want Marketplaces',
                                  'notifications': None,
                                  'profile_background_color': 'F5F8FA',
                                  'profile_background_image_url': None,
                                  'profile_background_image_url_https': None,
                                  'profile_background_tile': False,
                                  'profile_banner_url': 'https://pbs.twimg.com/profile_banners/834374677560705024/1559981725',
                                  'profile_image_url': 'http://pbs.twimg.com/profile_images/1137267216955482114/4tG-zMA6_normal.jpg',
                                  'profile_image_url_https': 'https://pbs.twimg.com/profile_images/1137267216955482114/4tG-zMA6_normal.jpg',
                                  'profile_link_color': '1DA1F2',
                                  'profile_sidebar_border_color': 'C0DEED',
                                  'profile_sidebar_fill_color': 'DDEEF6',
                                  'profile_text_color': '333333',
                                  'profile_use_background_image': True,
                                  'protected': False,
                                  'screen_name': 'wantmarketplace',
                                  'statuses_count': 76,
                                  'time_zone': None,
                                  'translator_type': 'none',
                                  'url': 'https://t.co/FpJbeDXvVn',
                                  'utc_offset': None,
                                  'verified': False}},
  'source': '<a href="http://twitter.com/download/android" '
            'rel="nofollow">Twitter for Android</a>',
  'text': 'RT @wantmarketplace: Building the most powerful servers for our '
          'amazing shopping search engine! 20 TFlops - CPU only.\n'
          '\n'
          'WNT Private Sale rai…',
  'truncated': False,
  'user': { 'contributors_enabled': False,
            'created_at': 'Fri Sep 08 05:49:12 +0000 2017',
            'default_profile': True,
            'default_profile_image': False,
            'description': 'I am Medical student\n'
                           '#****(simple man)\n'
                           '#Follow  back',
            'entities': {'description': {'urls': []}},
            'favourites_count': 4843,
            'follow_request_sent': None,
            'followers_count': 4817,
            'following': None,
            'friends_count': 5295,
            'geo_enabled': False,
            'has_extended_profile': True,
            'id': 906031646884765701,
            'id_str': '906031646884765701',
            'is_translation_enabled': False,
            'is_translator': False,
            'lang': None,
            'listed_count': 14,
            'location': 'Dhaka, Bangladesh',
            'name': 'Md Mostofa kamal',
            'notifications': None,
            'profile_background_color': 'F5F8FA',
            'profile_background_image_url': None,
            'profile_background_image_url_https': None,
            'profile_background_tile': False,
            'profile_banner_url': 'https://pbs.twimg.com/profile_banners/906031646884765701/1543978436',
            'profile_image_url': 'http://pbs.twimg.com/profile_images/1122456466047127552/jObVPMAo_normal.jpg',
            'profile_image_url_https': 'https://pbs.twimg.com/profile_images/1122456466047127552/jObVPMAo_normal.jpg',
            'profile_link_color': '1DA1F2',
            'profile_sidebar_border_color': 'C0DEED',
            'profile_sidebar_fill_color': 'DDEEF6',
            'profile_text_color': '333333',
            'profile_use_background_image': True,
            'protected': False,
            'screen_name': 'Mostofa2020',
            'statuses_count': 5960,
            'time_zone': None,
            'translator_type': 'none',
            'url': None,
            'utc_offset': None,
            'verified': False}}
----------Summary----------
{ 'entities': {},
  'id_str': '1156652036181516288',
  'retweeted_status': { 'entities': { 'urls': { 'display_url': 'twitter.com/i/web/status/1…',
                                                'expanded_url': 'https://twitter.com/i/web/status/1155778231963832321'}},
                        'id_str': '1155778231963832321',
                        'text': 'building the most powerful servers for our '
                                'amazing shopping search engine! 20 tflops - '
                                'cpu only.  wnt private sale '
                                'https://t.co/t7qw5qwtcz',
                        'user': { 'entities': {},
                                  'id_str': '834374677560705024',
                                  'twitter_user': 'wantmarketplace'}},
  'text': 'rt @wantmarketplace: building the most powerful servers for our '
          'amazing shopping search engine! 20 tflops - cpu only.  wnt private '
          'sale rai',
  'user': { 'entities': {},
            'id_str': '906031646884765701',
            'twitter_user': 'Mostofa2020'}}
----------Groups----------
{ 'Bitcoin': ['bitcoin', 'Bitcoin', 'btc', 'satoshi nakamoto'],
  'Ethereum': ['ethereum', 'Ethereum', 'eth', 'vitalik buterin'],
  'Litecoin': ['litecoin', 'Litecoin', 'ltc', 'charles lee'],
  'Monero': ['monero', 'Monero', 'xmr', 'riccardo spagni'],
  'Ripple': [ 'ripple',
              'Ripple',
              'xrp',
              'xrapid',
              'xcurrent',
              'chris larsen',
              'jed mccaleb']}
---------------------------Fetch-------2019-07-31 15:55:11.681369: Tweet filed under "misc":----------Data----------
{ 'contributors': None,
  'coordinates': None,
  'created_at': 'Wed Jul 31 19:45:06 +0000 2019',
  'entities': { 'hashtags': [],
                'symbols': [],
                'urls': [],
                'user_mentions': [ { 'id': 834374677560705024,
                                     'id_str': '834374677560705024',
                                     'indices': [3, 19],
                                     'name': 'Want Marketplaces',
                                     'screen_name': 'wantmarketplace'}]},
  'favorite_count': 0,
  'favorited': False,
  'geo': None,
  'id': 1156652023082713088,
  'id_str': '1156652023082713088',
  'in_reply_to_screen_name': None,
  'in_reply_to_status_id': None,
  'in_reply_to_status_id_str': None,
  'in_reply_to_user_id': None,
  'in_reply_to_user_id_str': None,
  'is_quote_status': False,
  'lang': 'en',
  'metadata': {'iso_language_code': 'en', 'result_type': 'recent'},
  'place': None,
  'retweet_count': 228,
  'retweeted': False,
  'retweeted_status': { 'contributors': None,
                        'coordinates': None,
                        'created_at': 'Fri Jul 05 02:41:25 +0000 2019',
                        'entities': { 'hashtags': [],
                                      'symbols': [],
                                      'urls': [ { 'display_url': 'twitter.com/i/web/status/1…',
                                                  'expanded_url': 'https://twitter.com/i/web/status/1146972320012988416',
                                                  'indices': [106, 129],
                                                  'url': 'https://t.co/BRa0KgR4Y1'}],
                                      'user_mentions': []},
                        'favorite_count': 398,
                        'favorited': False,
                        'geo': None,
                        'id': 1146972320012988416,
                        'id_str': '1146972320012988416',
                        'in_reply_to_screen_name': None,
                        'in_reply_to_status_id': None,
                        'in_reply_to_status_id_str': None,
                        'in_reply_to_user_id': None,
                        'in_reply_to_user_id_str': None,
                        'is_quote_status': False,
                        'lang': 'en',
                        'metadata': { 'iso_language_code': 'en',
                                      'result_type': 'recent'},
                        'place': None,
                        'possibly_sensitive': False,
                        'retweet_count': 228,
                        'retweeted': False,
                        'source': '<a href="https://mobile.twitter.com" '
                                  'rel="nofollow">Twitter Web App</a>',
                        'text': 'WANT MARKETPLACES (WNT) - Our Private Sale is '
                                'OPEN @ $0.18 up to 40% Off Public Sale price '
                                '- Know More -… https://t.co/BRa0KgR4Y1',
                        'truncated': True,
                        'user': { 'contributors_enabled': False,
                                  'created_at': 'Wed Feb 22 12:09:59 +0000 '
                                                '2017',
                                  'default_profile': True,
                                  'default_profile_image': False,
                                  'description': 'Official Account for WANT '
                                                 'Marketplaces STO Offering',
                                  'entities': { 'description': {'urls': []},
                                                'url': { 'urls': [ { 'display_url': 'benipal.com',
                                                                     'expanded_url': 'https://benipal.com',
                                                                     'indices': [ 0,
                                                                                  23],
                                                                     'url': 'https://t.co/FpJbeDXvVn'}]}},
                                  'favourites_count': 4,
                                  'follow_request_sent': None,
                                  'followers_count': 1600,
                                  'following': None,
                                  'friends_count': 1,
                                  'geo_enabled': False,
                                  'has_extended_profile': False,
                                  'id': 834374677560705024,
                                  'id_str': '834374677560705024',
                                  'is_translation_enabled': False,
                                  'is_translator': False,
                                  'lang': None,
                                  'listed_count': 2,
                                  'location': 'New York, NY',
                                  'name': 'Want Marketplaces',
                                  'notifications': None,
                                  'profile_background_color': 'F5F8FA',
                                  'profile_background_image_url': None,
                                  'profile_background_image_url_https': None,
                                  'profile_background_tile': False,
                                  'profile_banner_url': 'https://pbs.twimg.com/profile_banners/834374677560705024/1559981725',
                                  'profile_image_url': 'http://pbs.twimg.com/profile_images/1137267216955482114/4tG-zMA6_normal.jpg',
                                  'profile_image_url_https': 'https://pbs.twimg.com/profile_images/1137267216955482114/4tG-zMA6_normal.jpg',
                                  'profile_link_color': '1DA1F2',
                                  'profile_sidebar_border_color': 'C0DEED',
                                  'profile_sidebar_fill_color': 'DDEEF6',
                                  'profile_text_color': '333333',
                                  'profile_use_background_image': True,
                                  'protected': False,
                                  'screen_name': 'wantmarketplace',
                                  'statuses_count': 76,
                                  'time_zone': None,
                                  'translator_type': 'none',
                                  'url': 'https://t.co/FpJbeDXvVn',
                                  'utc_offset': None,
                                  'verified': False}},
  'source': '<a href="http://twitter.com/download/android" '
            'rel="nofollow">Twitter for Android</a>',
  'text': 'RT @wantmarketplace: WANT MARKETPLACES (WNT) - Our Private Sale is '
          'OPEN @ $0.18 up to 40% Off Public Sale price - Know More - '
          'https://t.co/…',
  'truncated': False,
  'user': { 'contributors_enabled': False,
            'created_at': 'Fri Sep 08 05:49:12 +0000 2017',
            'default_profile': True,
            'default_profile_image': False,
            'description': 'I am Medical student\n'
                           '#****(simple man)\n'
                           '#Follow  back',
            'entities': {'description': {'urls': []}},
            'favourites_count': 4843,
            'follow_request_sent': None,
            'followers_count': 4817,
            'following': None,
            'friends_count': 5295,
            'geo_enabled': False,
            'has_extended_profile': True,
            'id': 906031646884765701,
            'id_str': '906031646884765701',
            'is_translation_enabled': False,
            'is_translator': False,
            'lang': None,
            'listed_count': 14,
            'location': 'Dhaka, Bangladesh',
            'name': 'Md Mostofa kamal',
            'notifications': None,
            'profile_background_color': 'F5F8FA',
            'profile_background_image_url': None,
            'profile_background_image_url_https': None,
            'profile_background_tile': False,
            'profile_banner_url': 'https://pbs.twimg.com/profile_banners/906031646884765701/1543978436',
            'profile_image_url': 'http://pbs.twimg.com/profile_images/1122456466047127552/jObVPMAo_normal.jpg',
            'profile_image_url_https': 'https://pbs.twimg.com/profile_images/1122456466047127552/jObVPMAo_normal.jpg',
            'profile_link_color': '1DA1F2',
            'profile_sidebar_border_color': 'C0DEED',
            'profile_sidebar_fill_color': 'DDEEF6',
            'profile_text_color': '333333',
            'profile_use_background_image': True,
            'protected': False,
            'screen_name': 'Mostofa2020',
            'statuses_count': 5960,
            'time_zone': None,
            'translator_type': 'none',
            'url': None,
            'utc_offset': None,
            'verified': False}}
----------Summary----------
{ 'entities': {},
  'id_str': '1156652023082713088',
  'retweeted_status': { 'entities': { 'urls': { 'display_url': 'twitter.com/i/web/status/1…',
                                                'expanded_url': 'https://twitter.com/i/web/status/1146972320012988416'}},
                        'id_str': '1146972320012988416',
                        'text': 'want marketplaces (wnt) - our private sale is '
                                'open @ $0.18 up to 40% off public sale price '
                                '- know more - https://t.co/bra0kgr4y1',
                        'user': { 'entities': {},
                                  'id_str': '834374677560705024',
                                  'twitter_user': 'wantmarketplace'}},
  'text': 'rt @wantmarketplace: want marketplaces (wnt) - our private sale is '
          'open @ $0.18 up to 40% off public sale price - know more - '
          'https://t.co/',
  'user': { 'entities': {},
            'id_str': '906031646884765701',
            'twitter_user': 'Mostofa2020'}}
----------Groups----------
{ 'Bitcoin': ['bitcoin', 'Bitcoin', 'btc', 'satoshi nakamoto'],
  'Ethereum': ['ethereum', 'Ethereum', 'eth', 'vitalik buterin'],
  'Litecoin': ['litecoin', 'Litecoin', 'ltc', 'charles lee'],
  'Monero': ['monero', 'Monero', 'xmr', 'riccardo spagni'],
  'Ripple': [ 'ripple',
              'Ripple',
              'xrp',
              'xrapid',
              'xcurrent',
              'chris larsen',
              'jed mccaleb']}
---------------------------Fetch-------2019-07-31 15:55:12.706130: Tweet filed under "misc":----------Data----------
{ 'contributors': None,
  'coordinates': None,
  'created_at': 'Wed Jul 31 19:44:46 +0000 2019',
  'entities': { 'hashtags': [],
                'symbols': [],
                'urls': [],
                'user_mentions': [ { 'id': 1029438676705714176,
                                     'id_str': '1029438676705714176',
                                     'indices': [3, 17],
                                     'name': 'BuildingBlocksCrypto',
                                     'screen_name': 'blocks_crypto'}]},
  'favorite_count': 0,
  'favorited': False,
  'geo': None,
  'id': 1156651937732804608,
  'id_str': '1156651937732804608',
  'in_reply_to_screen_name': None,
  'in_reply_to_status_id': None,
  'in_reply_to_status_id_str': None,
  'in_reply_to_user_id': None,
  'in_reply_to_user_id_str': None,
  'is_quote_status': False,
  'lang': 'en',
  'metadata': {'iso_language_code': 'en', 'result_type': 'recent'},
  'place': None,
  'retweet_count': 91,
  'retweeted': False,
  'retweeted_status': { 'contributors': None,
                        'coordinates': None,
                        'created_at': 'Sat Jul 27 05:55:02 +0000 2019',
                        'entities': { 'hashtags': [],
                                      'symbols': [],
                                      'urls': [ { 'display_url': 'twitter.com/i/web/status/1…',
                                                  'expanded_url': 'https://twitter.com/i/web/status/1154993578667577344',
                                                  'indices': [117, 140],
                                                  'url': 'https://t.co/uEGUpSS8ge'}],
                                      'user_mentions': []},
                        'favorite_count': 101,
                        'favorited': False,
                        'geo': None,
                        'id': 1154993578667577344,
                        'id_str': '1154993578667577344',
                        'in_reply_to_screen_name': None,
                        'in_reply_to_status_id': None,
                        'in_reply_to_status_id_str': None,
                        'in_reply_to_user_id': None,
                        'in_reply_to_user_id_str': None,
                        'is_quote_status': False,
                        'lang': 'en',
                        'metadata': { 'iso_language_code': 'en',
                                      'result_type': 'recent'},
                        'place': None,
                        'possibly_sensitive': False,
                        'retweet_count': 91,
                        'retweeted': False,
                        'source': '<a href="https://mobile.twitter.com" '
                                  'rel="nofollow">Twitter Web App</a>',
                        'text': 'Name: Building Blocks Token\n'
                                'Symbol: BH4H\n'
                                'Total supply: 100,000,000,000\n'
                                '\n'
                                'AIRDROP HAS STARTED!\n'
                                '\n'
                                'To qualify for Airdro… '
                                'https://t.co/uEGUpSS8ge',
                        'truncated': True,
                        'user': { 'contributors_enabled': False,
                                  'created_at': 'Tue Aug 14 18:44:41 +0000 '
                                                '2018',
                                  'default_profile': True,
                                  'default_profile_image': False,
                                  'description': 'We are Building Blocks. Our '
                                                 'Crypto was created with the '
                                                 'homeless at mind. We aim to '
                                                 'build or Buy Hostels and '
                                                 'Hotels with the help of you '
                                                 'guys.',
                                  'entities': { 'description': {'urls': []},
                                                'url': { 'urls': [ { 'display_url': 'buidinghomes4homeless.xyz',
                                                                     'expanded_url': 'http://www.buidinghomes4homeless.xyz/',
                                                                     'indices': [ 0,
                                                                                  23],
                                                                     'url': 'https://t.co/ODdy4aewVI'}]}},
                                  'favourites_count': 146,
                                  'follow_request_sent': None,
                                  'followers_count': 280,
                                  'following': None,
                                  'friends_count': 0,
                                  'geo_enabled': False,
                                  'has_extended_profile': True,
                                  'id': 1029438676705714176,
                                  'id_str': '1029438676705714176',
                                  'is_translation_enabled': False,
                                  'is_translator': False,
                                  'lang': None,
                                  'listed_count': 0,
                                  'location': 'United Kingdom',
                                  'name': 'BuildingBlocksCrypto',
                                  'notifications': None,
                                  'profile_background_color': 'F5F8FA',
                                  'profile_background_image_url': None,
                                  'profile_background_image_url_https': None,
                                  'profile_background_tile': False,
                                  'profile_image_url': 'http://pbs.twimg.com/profile_images/1031992230289059840/xxNbMvh3_normal.jpg',
                                  'profile_image_url_https': 'https://pbs.twimg.com/profile_images/1031992230289059840/xxNbMvh3_normal.jpg',
                                  'profile_link_color': '1DA1F2',
                                  'profile_sidebar_border_color': 'C0DEED',
                                  'profile_sidebar_fill_color': 'DDEEF6',
                                  'profile_text_color': '333333',
                                  'profile_use_background_image': True,
                                  'protected': False,
                                  'screen_name': 'blocks_crypto',
                                  'statuses_count': 156,
                                  'time_zone': None,
                                  'translator_type': 'none',
                                  'url': 'https://t.co/ODdy4aewVI',
                                  'utc_offset': None,
                                  'verified': False}},
  'source': '<a href="https://mobile.twitter.com" rel="nofollow">Twitter Web '
            'App</a>',
  'text': 'RT @blocks_crypto: Name: Building Blocks Token\n'
          'Symbol: BH4H\n'
          'Total supply: 100,000,000,000\n'
          '\n'
          'AIRDROP HAS STARTED!\n'
          '\n'
          'To qualify for Airdrop:\n'
          '-F…',
  'truncated': False,
  'user': { 'contributors_enabled': False,
            'created_at': 'Sun Jun 24 17:02:02 +0000 2018',
            'default_profile': True,
            'default_profile_image': False,
            'description': '',
            'entities': {'description': {'urls': []}},
            'favourites_count': 2,
            'follow_request_sent': None,
            'followers_count': 0,
            'following': None,
            'friends_count': 9,
            'geo_enabled': False,
            'has_extended_profile': False,
            'id': 1010931064330522624,
            'id_str': '1010931064330522624',
            'is_translation_enabled': False,
            'is_translator': False,
            'lang': None,
            'listed_count': 0,
            'location': '',
            'name': 'cikemi839',
            'notifications': None,
            'profile_background_color': 'F5F8FA',
            'profile_background_image_url': None,
            'profile_background_image_url_https': None,
            'profile_background_tile': False,
            'profile_banner_url': 'https://pbs.twimg.com/profile_banners/1010931064330522624/1564602265',
            'profile_image_url': 'http://pbs.twimg.com/profile_images/1156651840869564416/oRB4wx-E_normal.jpg',
            'profile_image_url_https': 'https://pbs.twimg.com/profile_images/1156651840869564416/oRB4wx-E_normal.jpg',
            'profile_link_color': '1DA1F2',
            'profile_sidebar_border_color': 'C0DEED',
            'profile_sidebar_fill_color': 'DDEEF6',
            'profile_text_color': '333333',
            'profile_use_background_image': True,
            'protected': False,
            'screen_name': 'cikemi839',
            'statuses_count': 13,
            'time_zone': None,
            'translator_type': 'none',
            'url': None,
            'utc_offset': None,
            'verified': False}}
----------Summary----------
{ 'entities': {},
  'id_str': '1156651937732804608',
  'retweeted_status': { 'entities': { 'urls': { 'display_url': 'twitter.com/i/web/status/1…',
                                                'expanded_url': 'https://twitter.com/i/web/status/1154993578667577344'}},
                        'id_str': '1154993578667577344',
                        'text': 'name: building blocks token symbol: bh4h '
                                'total supply: 100,000,000,000  airdrop has '
                                'started!  to qualify for airdro '
                                'https://t.co/uegupss8ge',
                        'user': { 'entities': {},
                                  'id_str': '1029438676705714176',
                                  'twitter_user': 'blocks_crypto'}},
  'text': 'rt @blocks_crypto: name: building blocks token symbol: bh4h total '
          'supply: 100,000,000,000  airdrop has started!  to qualify for '
          'airdrop: -f',
  'user': { 'entities': {},
            'id_str': '1010931064330522624',
            'twitter_user': 'cikemi839'}}
----------Groups----------
{ 'Bitcoin': ['bitcoin', 'Bitcoin', 'btc', 'satoshi nakamoto'],
  'Ethereum': ['ethereum', 'Ethereum', 'eth', 'vitalik buterin'],
  'Litecoin': ['litecoin', 'Litecoin', 'ltc', 'charles lee'],
  'Monero': ['monero', 'Monero', 'xmr', 'riccardo spagni'],
  'Ripple': [ 'ripple',
              'Ripple',
              'xrp',
              'xrapid',
              'xcurrent',
              'chris larsen',
              'jed mccaleb']}
---------------------------Fetch-------2019-07-31 15:55:13.235493: Tweet filed under "misc":----------Data----------
{ 'contributors': None,
  'coordinates': None,
  'created_at': 'Wed Jul 31 19:52:56 +0000 2019',
  'entities': { 'hashtags': [ {'indices': [14, 23], 'text': 'BitValve'},
                              {'indices': [24, 39], 'text': 'Cryptocurrency'},
                              {'indices': [49, 53], 'text': 'ICO'},
                              {'indices': [78, 82], 'text': 'ICO'},
                              {'indices': [125, 129], 'text': 'MVP'}],
                'symbols': [],
                'urls': [],
                'user_mentions': [ { 'id': 1064475558329937926,
                                     'id_str': '1064475558329937926',
                                     'indices': [3, 12],
                                     'name': 'BitValve Cryptocurrency Exchange',
                                     'screen_name': 'bitvalve'},
                                   { 'id': 764788651872096256,
                                     'id_str': '764788651872096256',
                                     'indices': [95, 108],
                                     'name': 'CoinSchedule',
                                     'screen_name': 'coinschedule'}]},
  'favorite_count': 0,
  'favorited': False,
  'geo': None,
  'id': 1156653995882139649,
  'id_str': '1156653995882139649',
  'in_reply_to_screen_name': None,
  'in_reply_to_status_id': None,
  'in_reply_to_status_id_str': None,
  'in_reply_to_user_id': None,
  'in_reply_to_user_id_str': None,
  'is_quote_status': False,
  'lang': 'en',
  'metadata': {'iso_language_code': 'en', 'result_type': 'recent'},
  'place': None,
  'retweet_count': 306,
  'retweeted': False,
  'retweeted_status': { 'contributors': None,
                        'coordinates': None,
                        'created_at': 'Wed Jul 31 11:58:57 +0000 2019',
                        'entities': { 'hashtags': [ { 'indices': [0, 9],
                                                      'text': 'BitValve'},
                                                    { 'indices': [10, 25],
                                                      'text': 'Cryptocurrency'},
                                                    { 'indices': [35, 39],
                                                      'text': 'ICO'},
                                                    { 'indices': [64, 68],
                                                      'text': 'ICO'},
                                                    { 'indices': [111, 115],
                                                      'text': 'MVP'}],
                                      'symbols': [],
                                      'urls': [ { 'display_url': 'twitter.com/i/web/status/1…',
                                                  'expanded_url': 'https://twitter.com/i/web/status/1156534713856724992',
                                                  'indices': [117, 140],
                                                  'url': 'https://t.co/aRoDetDZB2'}],
                                      'user_mentions': [ { 'id': 764788651872096256,
                                                           'id_str': '764788651872096256',
                                                           'indices': [81, 94],
                                                           'name': 'CoinSchedule',
                                                           'screen_name': 'coinschedule'}]},
                        'favorite_count': 238,
                        'favorited': False,
                        'geo': None,
                        'id': 1156534713856724992,
                        'id_str': '1156534713856724992',
                        'in_reply_to_screen_name': None,
                        'in_reply_to_status_id': None,
                        'in_reply_to_status_id_str': None,
                        'in_reply_to_user_id': None,
                        'in_reply_to_user_id_str': None,
                        'is_quote_status': False,
                        'lang': 'en',
                        'metadata': { 'iso_language_code': 'en',
                                      'result_type': 'recent'},
                        'place': None,
                        'possibly_sensitive': False,
                        'retweet_count': 306,
                        'retweeted': False,
                        'source': '<a href="https://mobile.twitter.com" '
                                  'rel="nofollow">Twitter Web App</a>',
                        'text': '#BitValve #Cryptocurrency Exchange #ICO is '
                                'rated among the best #ICO projects on '
                                '@coinschedule!\n'
                                '\n'
                                'Check out our #MVP… https://t.co/aRoDetDZB2',
                        'truncated': True,
                        'user': { 'contributors_enabled': False,
                                  'created_at': 'Mon Nov 19 11:08:44 +0000 '
                                                '2018',
                                  'default_profile': False,
                                  'default_profile_image': False,
                                  'description': 'Buy, Sell and Trade your '
                                                 'favorite Cryptocurrency '
                                                 'using any payment method '
                                                 'available!',
                                  'entities': { 'description': {'urls': []},
                                                'url': { 'urls': [ { 'display_url': 'bitvalve.com',
                                                                     'expanded_url': 'https://www.bitvalve.com/',
                                                                     'indices': [ 0,
                                                                                  23],
                                                                     'url': 'https://t.co/LZzpLQkNMY'}]}},
                                  'favourites_count': 25,
                                  'follow_request_sent': None,
                                  'followers_count': 5834,
                                  'following': None,
                                  'friends_count': 11,
                                  'geo_enabled': False,
                                  'has_extended_profile': True,
                                  'id': 1064475558329937926,
                                  'id_str': '1064475558329937926',
                                  'is_translation_enabled': False,
                                  'is_translator': False,
                                  'lang': None,
                                  'listed_count': 12,
                                  'location': 'Cyprus',
                                  'name': 'BitValve Cryptocurrency Exchange',
                                  'notifications': None,
                                  'profile_background_color': '000000',
                                  'profile_background_image_url': 'http://abs.twimg.com/images/themes/theme1/bg.png',
                                  'profile_background_image_url_https': 'https://abs.twimg.com/images/themes/theme1/bg.png',
                                  'profile_background_tile': False,
                                  'profile_banner_url': 'https://pbs.twimg.com/profile_banners/1064475558329937926/1549939623',
                                  'profile_image_url': 'http://pbs.twimg.com/profile_images/1095152392176324608/CTvAkgJ4_normal.jpg',
                                  'profile_image_url_https': 'https://pbs.twimg.com/profile_images/1095152392176324608/CTvAkgJ4_normal.jpg',
                                  'profile_link_color': '7FDBB6',
                                  'profile_sidebar_border_color': '000000',
                                  'profile_sidebar_fill_color': '000000',
                                  'profile_text_color': '000000',
                                  'profile_use_background_image': False,
                                  'protected': False,
                                  'screen_name': 'bitvalve',
                                  'statuses_count': 97,
                                  'time_zone': None,
                                  'translator_type': 'none',
                                  'url': 'https://t.co/LZzpLQkNMY',
                                  'utc_offset': None,
                                  'verified': False}},
  'source': '<a href="https://mobile.twitter.com" rel="nofollow">Twitter Web '
            'App</a>',
  'text': 'RT @bitvalve: #BitValve #Cryptocurrency Exchange #ICO is rated '
          'among the best #ICO projects on @coinschedule!\n'
          '\n'
          'Check out our #MVP at https:…',
  'truncated': False,
  'user': { 'contributors_enabled': False,
            'created_at': 'Sat Apr 13 18:41:00 +0000 2019',
            'default_profile': True,
            'default_profile_image': False,
            'description': '',
            'entities': {'description': {'urls': []}},
            'favourites_count': 59,
            'follow_request_sent': None,
            'followers_count': 14,
            'following': None,
            'friends_count': 230,
            'geo_enabled': False,
            'has_extended_profile': False,
            'id': 1117135615731093504,
            'id_str': '1117135615731093504',
            'is_translation_enabled': False,
            'is_translator': False,
            'lang': None,
            'listed_count': 0,
            'location': '',
            'name': 'Pavlo Shakhno',
            'notifications': None,
            'profile_background_color': 'F5F8FA',
            'profile_background_image_url': None,
            'profile_background_image_url_https': None,
            'profile_background_tile': False,
            'profile_image_url': 'http://pbs.twimg.com/profile_images/1117137001038393346/AuIglsHI_normal.jpg',
            'profile_image_url_https': 'https://pbs.twimg.com/profile_images/1117137001038393346/AuIglsHI_normal.jpg',
            'profile_link_color': '1DA1F2',
            'profile_sidebar_border_color': 'C0DEED',
            'profile_sidebar_fill_color': 'DDEEF6',
            'profile_text_color': '333333',
            'profile_use_background_image': True,
            'protected': False,
            'screen_name': 'Pavlo42685595',
            'statuses_count': 200,
            'time_zone': None,
            'translator_type': 'none',
            'url': None,
            'utc_offset': None,
            'verified': False}}
----------Summary----------
{ 'entities': {},
  'id_str': '1156653995882139649',
  'retweeted_status': { 'entities': { 'urls': { 'display_url': 'twitter.com/i/web/status/1…',
                                                'expanded_url': 'https://twitter.com/i/web/status/1156534713856724992'}},
                        'id_str': '1156534713856724992',
                        'text': '#bitvalve #cryptocurrency exchange #ico is '
                                'rated among the best #ico projects on '
                                '@coinschedule!  check out our #mvp '
                                'https://t.co/arodetdzb2',
                        'user': { 'entities': {},
                                  'id_str': '1064475558329937926',
                                  'twitter_user': 'bitvalve'}},
  'text': 'rt @bitvalve: #bitvalve #cryptocurrency exchange #ico is rated '
          'among the best #ico projects on @coinschedule!  check out our #mvp '
          'at https:',
  'user': { 'entities': {},
            'id_str': '1117135615731093504',
            'twitter_user': 'Pavlo42685595'}}
----------Groups----------
{ 'Bitcoin': ['bitcoin', 'Bitcoin', 'btc', 'satoshi nakamoto'],
  'Ethereum': ['ethereum', 'Ethereum', 'eth', 'vitalik buterin'],
  'Litecoin': ['litecoin', 'Litecoin', 'ltc', 'charles lee'],
  'Monero': ['monero', 'Monero', 'xmr', 'riccardo spagni'],
  'Ripple': [ 'ripple',
              'Ripple',
              'xrp',
              'xrapid',
              'xcurrent',
              'chris larsen',
              'jed mccaleb']}
---------------------------Fetch-------2019-07-31 15:55:14.137319: Tweet filed under "misc":----------Data----------
{ 'contributors': None,
  'coordinates': None,
  'created_at': 'Wed Jul 31 19:52:40 +0000 2019',
  'entities': { 'hashtags': [ {'indices': [41, 47], 'text': 'ERC20'},
                              {'indices': [48, 54], 'text': 'token'}],
                'symbols': [],
                'urls': [ { 'display_url': 'twitter.com/i/web/status/1…',
                            'expanded_url': 'https://twitter.com/i/web/status/1156653925979906049',
                            'indices': [117, 140],
                            'url': 'https://t.co/4JJMr6guGu'}],
                'user_mentions': [ { 'id': 939291589754654721,
                                     'id_str': '939291589754654721',
                                     'indices': [15, 27],
                                     'name': 'Pocketful of Quarters',
                                     'screen_name': 'BuyQuarters'}]},
  'favorite_count': 0,
  'favorited': False,
  'geo': None,
  'id': 1156653925979906049,
  'id_str': '1156653925979906049',
  'in_reply_to_screen_name': None,
  'in_reply_to_status_id': None,
  'in_reply_to_status_id_str': None,
  'in_reply_to_user_id': None,
  'in_reply_to_user_id_str': None,
  'is_quote_status': False,
  'lang': 'en',
  'metadata': {'iso_language_code': 'en', 'result_type': 'recent'},
  'place': None,
  'possibly_sensitive': False,
  'retweet_count': 0,
  'retweeted': False,
  'source': '<a href="https://mobile.twitter.com" rel="nofollow">Twitter Web '
            'App</a>',
  'text': 'Gaming startup @BuyQuarters is the first #ERC20 #token to receive '
          'SEC approval and their Google Play Store and Appl… '
          'https://t.co/4JJMr6guGu',
  'truncated': True,
  'user': { 'contributors_enabled': False,
            'created_at': 'Fri Nov 16 15:16:15 +0000 2018',
            'default_profile': False,
            'default_profile_image': False,
            'description': 'The latest from the #blockchain world.',
            'entities': { 'description': {'urls': []},
                          'url': { 'urls': [ { 'display_url': 'chainbulletin.com',
                                               'expanded_url': 'https://chainbulletin.com/',
                                               'indices': [0, 23],
                                               'url': 'https://t.co/Kxv0cj508H'}]}},
            'favourites_count': 23,
            'follow_request_sent': None,
            'followers_count': 3374,
            'following': None,
            'friends_count': 88,
            'geo_enabled': False,
            'has_extended_profile': False,
            'id': 1063450682899030017,
            'id_str': '1063450682899030017',
            'is_translation_enabled': False,
            'is_translator': False,
            'lang': None,
            'listed_count': 1,
            'location': 'Sofia, Bulgaria',
            'name': 'ChainBulletin',
            'notifications': None,
            'profile_background_color': '000000',
            'profile_background_image_url': 'http://abs.twimg.com/images/themes/theme1/bg.png',
            'profile_background_image_url_https': 'https://abs.twimg.com/images/themes/theme1/bg.png',
            'profile_background_tile': False,
            'profile_banner_url': 'https://pbs.twimg.com/profile_banners/1063450682899030017/1561764861',
            'profile_image_url': 'http://pbs.twimg.com/profile_images/1094579194212823040/rsZZtbij_normal.jpg',
            'profile_image_url_https': 'https://pbs.twimg.com/profile_images/1094579194212823040/rsZZtbij_normal.jpg',
            'profile_link_color': 'FF691F',
            'profile_sidebar_border_color': '000000',
            'profile_sidebar_fill_color': '000000',
            'profile_text_color': '000000',
            'profile_use_background_image': False,
            'protected': False,
            'screen_name': 'bulletinchain',
            'statuses_count': 311,
            'time_zone': None,
            'translator_type': 'none',
            'url': 'https://t.co/Kxv0cj508H',
            'utc_offset': None,
            'verified': False}}
----------Summary----------
{ 'entities': { 'urls': { 'display_url': 'twitter.com/i/web/status/1…',
                          'expanded_url': 'https://twitter.com/i/web/status/1156653925979906049'}},
  'id_str': '1156653925979906049',
  'text': 'gaming startup @buyquarters is the first #erc20 #token to receive '
          'sec approval and their google play store and appl '
          'https://t.co/4jjmr6gugu',
  'user': { 'entities': {},
            'id_str': '1063450682899030017',
            'twitter_user': 'bulletinchain'}}
----------Groups----------
{ 'Bitcoin': ['bitcoin', 'Bitcoin', 'btc', 'satoshi nakamoto'],
  'Ethereum': ['ethereum', 'Ethereum', 'eth', 'vitalik buterin'],
  'Litecoin': ['litecoin', 'Litecoin', 'ltc', 'charles lee'],
  'Monero': ['monero', 'Monero', 'xmr', 'riccardo spagni'],
  'Ripple': [ 'ripple',
              'Ripple',
              'xrp',
              'xrapid',
              'xcurrent',
              'chris larsen',
              'jed mccaleb']}
---------------------------Fetch-------2019-07-31 15:55:14.879309: Tweet filed under "misc":----------Data----------
{ 'contributors': None,
  'coordinates': None,
  'created_at': 'Wed Jul 31 19:52:30 +0000 2019',
  'entities': { 'hashtags': [{'indices': [23, 28], 'text': 'Link'}],
                'symbols': [],
                'urls': [ { 'display_url': 'twitter.com/i/web/status/1…',
                            'expanded_url': 'https://twitter.com/i/web/status/1156653886012297217',
                            'indices': [117, 140],
                            'url': 'https://t.co/SJz6et5Chk'}],
                'user_mentions': []},
  'favorite_count': 0,
  'favorited': False,
  'geo': None,
  'id': 1156653886012297217,
  'id_str': '1156653886012297217',
  'in_reply_to_screen_name': None,
  'in_reply_to_status_id': None,
  'in_reply_to_status_id_str': None,
  'in_reply_to_user_id': None,
  'in_reply_to_user_id_str': None,
  'is_quote_status': False,
  'lang': 'en',
  'metadata': {'iso_language_code': 'en', 'result_type': 'recent'},
  'place': None,
  'retweet_count': 0,
  'retweeted': False,
  'source': '<a href="http://twitter.com/download/android" '
            'rel="nofollow">Twitter for Android</a>',
  'text': "I don't understand how #Link is still in a downtrend when it is by "
          'far one of the most important pieces of infrastr… '
          'https://t.co/SJz6et5Chk',
  'truncated': True,
  'user': { 'contributors_enabled': False,
            'created_at': 'Tue Jan 29 10:52:12 +0000 2013',
            'default_profile': False,
            'default_profile_image': False,
            'description': 'World Traveller , Philosophy apprentice,  '
                           'Consciousness Explorer , Space + Science '
                           'Enthusiast, History Nut',
            'entities': {'description': {'urls': []}},
            'favourites_count': 15462,
            'follow_request_sent': None,
            'followers_count': 476,
            'following': None,
            'friends_count': 887,
            'geo_enabled': True,
            'has_extended_profile': False,
            'id': 1130699100,
            'id_str': '1130699100',
            'is_translation_enabled': False,
            'is_translator': False,
            'lang': None,
            'listed_count': 29,
            'location': 'Utrecht, The Netherlands',
            'name': 'Tomo',
            'notifications': None,
            'profile_background_color': '000000',
            'profile_background_image_url': 'http://abs.twimg.com/images/themes/theme1/bg.png',
            'profile_background_image_url_https': 'https://abs.twimg.com/images/themes/theme1/bg.png',
            'profile_background_tile': False,
            'profile_banner_url': 'https://pbs.twimg.com/profile_banners/1130699100/1548179868',
            'profile_image_url': 'http://pbs.twimg.com/profile_images/1087770995665133571/yzIDqFbd_normal.jpg',
            'profile_image_url_https': 'https://pbs.twimg.com/profile_images/1087770995665133571/yzIDqFbd_normal.jpg',
            'profile_link_color': '1B95E0',
            'profile_sidebar_border_color': '000000',
            'profile_sidebar_fill_color': '000000',
            'profile_text_color': '000000',
            'profile_use_background_image': False,
            'protected': False,
            'screen_name': 'JaredMcKraken',
            'statuses_count': 12166,
            'time_zone': None,
            'translator_type': 'none',
            'url': None,
            'utc_offset': None,
            'verified': False}}
----------Summary----------
{ 'entities': { 'urls': { 'display_url': 'twitter.com/i/web/status/1…',
                          'expanded_url': 'https://twitter.com/i/web/status/1156653886012297217'}},
  'id_str': '1156653886012297217',
  'text': "i don't understand how #link is still in a downtrend when it is by "
          'far one of the most important pieces of infrastr '
          'https://t.co/sjz6et5chk',
  'user': { 'entities': {},
            'id_str': '1130699100',
            'twitter_user': 'JaredMcKraken'}}
----------Groups----------
{ 'Bitcoin': ['bitcoin', 'Bitcoin', 'btc', 'satoshi nakamoto'],
  'Ethereum': ['ethereum', 'Ethereum', 'eth', 'vitalik buterin'],
  'Litecoin': ['litecoin', 'Litecoin', 'ltc', 'charles lee'],
  'Monero': ['monero', 'Monero', 'xmr', 'riccardo spagni'],
  'Ripple': [ 'ripple',
              'Ripple',
              'xrp',
              'xrapid',
              'xcurrent',
              'chris larsen',
              'jed mccaleb']}
---------------------------Fetch-------2019-07-31 15:55:15.166543: Tweet filed under "misc":----------Data----------
{ 'contributors': None,
  'coordinates': None,
  'created_at': 'Wed Jul 31 19:51:57 +0000 2019',
  'entities': { 'hashtags': [{'indices': [61, 68], 'text': 'gaming'}],
                'symbols': [],
                'urls': [],
                'user_mentions': [ { 'id': 20356963,
                                     'id_str': '20356963',
                                     'indices': [3, 9],
                                     'name': 'Enjin',
                                     'screen_name': 'enjin'}]},
  'favorite_count': 0,
  'favorited': False,
  'geo': None,
  'id': 1156653747713597440,
  'id_str': '1156653747713597440',
  'in_reply_to_screen_name': None,
  'in_reply_to_status_id': None,
  'in_reply_to_status_id_str': None,
  'in_reply_to_user_id': None,
  'in_reply_to_user_id_str': None,
  'is_quote_status': False,
  'lang': 'en',
  'metadata': {'iso_language_code': 'en', 'result_type': 'recent'},
  'place': None,
  'retweet_count': 19,
  'retweeted': False,
  'retweeted_status': { 'contributors': None,
                        'coordinates': None,
                        'created_at': 'Wed Jul 31 19:15:07 +0000 2019',
                        'entities': { 'hashtags': [ { 'indices': [50, 57],
                                                      'text': 'gaming'}],
                                      'symbols': [],
                                      'urls': [ { 'display_url': 'twitter.com/i/web/status/1…',
                                                  'expanded_url': 'https://twitter.com/i/web/status/1156644477676789761',
                                                  'indices': [117, 140],
                                                  'url': 'https://t.co/gKjEHDg47t'}],
                                      'user_mentions': []},
                        'favorite_count': 36,
                        'favorited': False,
                        'geo': None,
                        'id': 1156644477676789761,
                        'id_str': '1156644477676789761',
                        'in_reply_to_screen_name': None,
                        'in_reply_to_status_id': None,
                        'in_reply_to_status_id_str': None,
                        'in_reply_to_user_id': None,
                        'in_reply_to_user_id_str': None,
                        'is_quote_status': False,
                        'lang': 'en',
                        'metadata': { 'iso_language_code': 'en',
                                      'result_type': 'recent'},
                        'place': None,
                        'possibly_sensitive': False,
                        'retweet_count': 19,
                        'retweeted': False,
                        'source': '<a href="https://buffer.com" '
                                  'rel="nofollow">Buffer</a>',
                        'text': 'Empower your players with true ownership of '
                                'their #gaming items and allow them to easily '
                                'link their decentralized i… '
                                'https://t.co/gKjEHDg47t',
                        'truncated': True,
                        'user': { 'contributors_enabled': False,
                                  'created_at': 'Sun Feb 08 09:09:19 +0000 '
                                                '2009',
                                  'default_profile': True,
                                  'default_profile_image': False,
                                  'description': 'Enjin offers an ecosystem of '
                                                 'integrated products for '
                                                 'managing, exploring, '
                                                 'distributing, and '
                                                 'integrating blockchain '
                                                 'assets. For support, use '
                                                 '@EnjinSupport.',
                                  'entities': { 'description': {'urls': []},
                                                'url': { 'urls': [ { 'display_url': 'enjin.io',
                                                                     'expanded_url': 'https://enjin.io',
                                                                     'indices': [ 0,
                                                                                  23],
                                                                     'url': 'https://t.co/6OrX88UoYz'}]}},
                                  'favourites_count': 0,
                                  'follow_request_sent': None,
                                  'followers_count': 46998,
                                  'following': None,
                                  'friends_count': 105,
                                  'geo_enabled': False,
                                  'has_extended_profile': False,
                                  'id': 20356963,
                                  'id_str': '20356963',
                                  'is_translation_enabled': False,
                                  'is_translator': False,
                                  'lang': None,
                                  'listed_count': 595,
                                  'location': 'Singapore',
                                  'name': 'Enjin',
                                  'notifications': None,
                                  'profile_background_color': 'C0DEED',
                                  'profile_background_image_url': 'http://abs.twimg.com/images/themes/theme1/bg.png',
                                  'profile_background_image_url_https': 'https://abs.twimg.com/images/themes/theme1/bg.png',
                                  'profile_background_tile': False,
                                  'profile_banner_url': 'https://pbs.twimg.com/profile_banners/20356963/1563953438',
                                  'profile_image_url': 'http://pbs.twimg.com/profile_images/1153929975092961280/rUSbPgRj_normal.png',
                                  'profile_image_url_https': 'https://pbs.twimg.com/profile_images/1153929975092961280/rUSbPgRj_normal.png',
                                  'profile_link_color': '1DA1F2',
                                  'profile_sidebar_border_color': 'C0DEED',
                                  'profile_sidebar_fill_color': 'DDEEF6',
                                  'profile_text_color': '333333',
                                  'profile_use_background_image': True,
                                  'protected': False,
                                  'screen_name': 'enjin',
                                  'statuses_count': 8539,
                                  'time_zone': None,
                                  'translator_type': 'none',
                                  'url': 'https://t.co/6OrX88UoYz',
                                  'utc_offset': None,
                                  'verified': False}},
  'source': '<a href="http://www.jsveterans.com" rel="nofollow">My first '
            'twitter like</a>',
  'text': 'RT @enjin: Empower your players with true ownership of their '
          '#gaming items and allow them to easily link their decentralized '
          'inventory to y…',
  'truncated': False,
  'user': { 'contributors_enabled': False,
            'created_at': 'Tue Apr 25 02:34:21 +0000 2017',
            'default_profile': False,
            'default_profile_image': False,
            'description': 'Starting on as a solo #IndieGameDev. My goal is to '
                           'help other #veterans in need thru local charities. '
                           'Help 1 to aid hundreds more. '
                           'https://t.co/sbUfzZKne0',
            'entities': { 'description': { 'urls': [ { 'display_url': 'Patreon.com/jsveterans',
                                                       'expanded_url': 'http://Patreon.com/jsveterans',
                                                       'indices': [131, 154],
                                                       'url': 'https://t.co/sbUfzZKne0'}]},
                          'url': { 'urls': [ { 'display_url': 'JustSomeVeterans.com',
                                               'expanded_url': 'http://JustSomeVeterans.com',
                                               'indices': [0, 23],
                                               'url': 'https://t.co/ZmQmBAKVsa'}]}},
            'favourites_count': 4955,
            'follow_request_sent': None,
            'followers_count': 1144,
            'following': None,
            'friends_count': 2058,
            'geo_enabled': False,
            'has_extended_profile': True,
            'id': 856697861479780353,
            'id_str': '856697861479780353',
            'is_translation_enabled': False,
            'is_translator': False,
            'lang': None,
            'listed_count': 22,
            'location': 'Colorado, USA',
            'name': 'JSVeterans',
            'notifications': None,
            'profile_background_color': '000000',
            'profile_background_image_url': 'http://abs.twimg.com/images/themes/theme1/bg.png',
            'profile_background_image_url_https': 'https://abs.twimg.com/images/themes/theme1/bg.png',
            'profile_background_tile': False,
            'profile_banner_url': 'https://pbs.twimg.com/profile_banners/856697861479780353/1527319477',
            'profile_image_url': 'http://pbs.twimg.com/profile_images/987462048408854528/2qPjnply_normal.jpg',
            'profile_image_url_https': 'https://pbs.twimg.com/profile_images/987462048408854528/2qPjnply_normal.jpg',
            'profile_link_color': 'E81C4F',
            'profile_sidebar_border_color': '000000',
            'profile_sidebar_fill_color': '000000',
            'profile_text_color': '000000',
            'profile_use_background_image': False,
            'protected': False,
            'screen_name': 'JSVeterans',
            'statuses_count': 26660,
            'time_zone': None,
            'translator_type': 'none',
            'url': 'https://t.co/ZmQmBAKVsa',
            'utc_offset': None,
            'verified': False}}
----------Summary----------
{ 'entities': {},
  'id_str': '1156653747713597440',
  'retweeted_status': { 'entities': { 'urls': { 'display_url': 'twitter.com/i/web/status/1…',
                                                'expanded_url': 'https://twitter.com/i/web/status/1156644477676789761'}},
                        'id_str': '1156644477676789761',
                        'text': 'empower your players with true ownership of '
                                'their #gaming items and allow them to easily '
                                'link their decentralized i '
                                'https://t.co/gkjehdg47t',
                        'user': { 'entities': {},
                                  'id_str': '20356963',
                                  'twitter_user': 'enjin'}},
  'text': 'rt @enjin: empower your players with true ownership of their '
          '#gaming items and allow them to easily link their decentralized '
          'inventory to y',
  'user': { 'entities': {},
            'id_str': '856697861479780353',
            'twitter_user': 'JSVeterans'}}
----------Groups----------
{ 'Bitcoin': ['bitcoin', 'Bitcoin', 'btc', 'satoshi nakamoto'],
  'Ethereum': ['ethereum', 'Ethereum', 'eth', 'vitalik buterin'],
  'Litecoin': ['litecoin', 'Litecoin', 'ltc', 'charles lee'],
  'Monero': ['monero', 'Monero', 'xmr', 'riccardo spagni'],
  'Ripple': [ 'ripple',
              'Ripple',
              'xrp',
              'xrapid',
              'xcurrent',
              'chris larsen',
              'jed mccaleb']}
---------------------------Fetch-------2019-07-31 15:55:16.392890: Tweet filed under "misc":----------Data----------
{ 'contributors': None,
  'coordinates': None,
  'created_at': 'Wed Jul 31 19:51:26 +0000 2019',
  'entities': { 'hashtags': [],
                'symbols': [],
                'urls': [],
                'user_mentions': [ { 'id': 4053977488,
                                     'id_str': '4053977488',
                                     'indices': [3, 16],
                                     'name': 'golem',
                                     'screen_name': 'golemproject'},
                                   { 'id': 999979500543897600,
                                     'id_str': '999979500543897600',
                                     'indices': [53, 68],
                                     'name': 'DappCon Berlin',
                                     'screen_name': 'dappcon_berlin'}]},
  'favorite_count': 0,
  'favorited': False,
  'geo': None,
  'id': 1156653616788381696,
  'id_str': '1156653616788381696',
  'in_reply_to_screen_name': None,
  'in_reply_to_status_id': None,
  'in_reply_to_status_id_str': None,
  'in_reply_to_user_id': None,
  'in_reply_to_user_id_str': None,
  'is_quote_status': True,
  'lang': 'en',
  'metadata': {'iso_language_code': 'en', 'result_type': 'recent'},
  'place': None,
  'quoted_status_id': 1156511127104155648,
  'quoted_status_id_str': '1156511127104155648',
  'retweet_count': 6,
  'retweeted': False,
  'retweeted_status': { 'contributors': None,
                        'coordinates': None,
                        'created_at': 'Wed Jul 31 12:27:54 +0000 2019',
                        'entities': { 'hashtags': [],
                                      'symbols': [],
                                      'urls': [ { 'display_url': 'twitter.com/i/web/status/1…',
                                                  'expanded_url': 'https://twitter.com/i/web/status/1156541997638963200',
                                                  'indices': [117, 140],
                                                  'url': 'https://t.co/NrbCXgIRLC'}],
                                      'user_mentions': [ { 'id': 999979500543897600,
                                                           'id_str': '999979500543897600',
                                                           'indices': [35, 50],
                                                           'name': 'DappCon '
                                                                   'Berlin',
                                                           'screen_name': 'dappcon_berlin'}]},
                        'favorite_count': 17,
                        'favorited': False,
                        'geo': None,
                        'id': 1156541997638963200,
                        'id_str': '1156541997638963200',
                        'in_reply_to_screen_name': None,
                        'in_reply_to_status_id': None,
                        'in_reply_to_status_id_str': None,
                        'in_reply_to_user_id': None,
                        'in_reply_to_user_id_str': None,
                        'is_quote_status': True,
                        'lang': 'en',
                        'metadata': { 'iso_language_code': 'en',
                                      'result_type': 'recent'},
                        'place': None,
                        'possibly_sensitive': False,
                        'quoted_status': { 'contributors': None,
                                           'coordinates': None,
                                           'created_at': 'Wed Jul 31 10:25:14 '
                                                         '+0000 2019',
                                           'entities': { 'hashtags': [],
                                                         'symbols': [],
                                                         'urls': [ { 'display_url': 'twitter.com/i/web/status/1…',
                                                                     'expanded_url': 'https://twitter.com/i/web/status/1156511127104155648',
                                                                     'indices': [ 117,
                                                                                  140],
                                                                     'url': 'https://t.co/sUjZB51NDB'}],
                                                         'user_mentions': [ { 'id': 4053977488,
                                                                              'id_str': '4053977488',
                                                                              'indices': [ 27,
                                                                                           40],
                                                                              'name': 'golem',
                                                                              'screen_name': 'golemproject'}]},
                                           'favorite_count': 7,
                                           'favorited': False,
                                           'geo': None,
                                           'id': 1156511127104155648,
                                           'id_str': '1156511127104155648',
                                           'in_reply_to_screen_name': None,
                                           'in_reply_to_status_id': None,
                                           'in_reply_to_status_id_str': None,
                                           'in_reply_to_user_id': None,
                                           'in_reply_to_user_id_str': None,
                                           'is_quote_status': False,
                                           'lang': 'en',
                                           'metadata': { 'iso_language_code': 'en',
                                                         'result_type': 'recent'},
                                           'place': None,
                                           'possibly_sensitive': False,
                                           'retweet_count': 2,
                                           'retweeted': False,
                                           'source': '<a '
                                                     'href="https://mobile.twitter.com" '
                                                     'rel="nofollow">Twitter '
                                                     'Web App</a>',
                                           'text': 'Aleksandra Skrzypczak from '
                                                   '@Golemproject talks with '
                                                   'us about resisting '
                                                   'censorship, launching '
                                                   'gWASM, and building th… '
                                                   'https://t.co/sUjZB51NDB',
                                           'truncated': True,
                                           'user': { 'contributors_enabled': False,
                                                     'created_at': 'Fri May 25 '
                                                                   '11:44:26 '
                                                                   '+0000 2018',
                                                     'default_profile': False,
                                                     'default_profile_image': False,
                                                     'description': 'A global '
                                                                    'developer '
                                                                    'conference '
                                                                    'for  '
                                                                    'Ethereum '
                                                                    'Dapps, '
                                                                    'Infrastructure, '
                                                                    'and token '
                                                                    'engineering '
                                                                    'August '
                                                                    '21-23 '
                                                                    '2019',
                                                     'entities': { 'description': { 'urls': [ ]},
                                                                   'url': { 'urls': [ { 'display_url': 'dappcon.io',
                                                                                        'expanded_url': 'https://www.dappcon.io/',
                                                                                        'indices': [ 0,
                                                                                                     23],
                                                                                        'url': 'https://t.co/5KApspRwLH'}]}},
                                                     'favourites_count': 115,
                                                     'follow_request_sent': None,
                                                     'followers_count': 1564,
                                                     'following': None,
                                                     'friends_count': 53,
                                                     'geo_enabled': False,
                                                     'has_extended_profile': False,
                                                     'id': 999979500543897600,
                                                     'id_str': '999979500543897600',
                                                     'is_translation_enabled': False,
                                                     'is_translator': False,
                                                     'lang': None,
                                                     'listed_count': 27,
                                                     'location': 'Berlin, '
                                                                 'Germany',
                                                     'name': 'DappCon Berlin',
                                                     'notifications': None,
                                                     'profile_background_color': '000000',
                                                     'profile_background_image_url': 'http://abs.twimg.com/images/themes/theme1/bg.png',
                                                     'profile_background_image_url_https': 'https://abs.twimg.com/images/themes/theme1/bg.png',
                                                     'profile_background_tile': False,
                                                     'profile_banner_url': 'https://pbs.twimg.com/profile_banners/999979500543897600/1554196103',
                                                     'profile_image_url': 'http://pbs.twimg.com/profile_images/1113005323051204609/SgouwgGK_normal.png',
                                                     'profile_image_url_https': 'https://pbs.twimg.com/profile_images/1113005323051204609/SgouwgGK_normal.png',
                                                     'profile_link_color': 'FF294E',
                                                     'profile_sidebar_border_color': '000000',
                                                     'profile_sidebar_fill_color': '000000',
                                                     'profile_text_color': '000000',
                                                     'profile_use_background_image': False,
                                                     'protected': False,
                                                     'screen_name': 'dappcon_berlin',
                                                     'statuses_count': 666,
                                                     'time_zone': None,
                                                     'translator_type': 'none',
                                                     'url': 'https://t.co/5KApspRwLH',
                                                     'utc_offset': None,
                                                     'verified': False}},
                        'quoted_status_id': 1156511127104155648,
                        'quoted_status_id_str': '1156511127104155648',
                        'retweet_count': 6,
                        'retweeted': False,
                        'source': '<a href="https://mobile.twitter.com" '
                                  'rel="nofollow">Twitter Web App</a>',
                        'text': "Check out Aleksandra's podcast for "
                                '@dappcon_berlin - quite a few interesting '
                                'bits! \n'
                                "Don't miss her talk: 10 questio… "
                                'https://t.co/NrbCXgIRLC',
                        'truncated': True,
                        'user': { 'contributors_enabled': False,
                                  'created_at': 'Tue Oct 27 14:23:54 +0000 '
                                                '2015',
                                  'default_profile': True,
                                  'default_profile_image': False,
                                  'description': 'Computing power, shared. '
                                                 'Rent your CPU/GPUs, get paid '
                                                 'in cryptocurrency.  Chat w/ '
                                                 'us @ https://t.co/2xoKSqDFQX',
                                  'entities': { 'description': { 'urls': [ { 'display_url': 'chat.golem.network',
                                                                             'expanded_url': 'http://chat.golem.network',
                                                                             'indices': [ 87,
                                                                                          110],
                                                                             'url': 'https://t.co/2xoKSqDFQX'}]},
                                                'url': { 'urls': [ { 'display_url': 'golem.network',
                                                                     'expanded_url': 'http://golem.network',
                                                                     'indices': [ 0,
                                                                                  23],
                                                                     'url': 'https://t.co/s9dL1WcFau'}]}},
                                  'favourites_count': 3992,
                                  'follow_request_sent': None,
                                  'followers_count': 150371,
                                  'following': None,
                                  'friends_count': 266,
                                  'geo_enabled': True,
                                  'has_extended_profile': False,
                                  'id': 4053977488,
                                  'id_str': '4053977488',
                                  'is_translation_enabled': False,
                                  'is_translator': False,
                                  'lang': None,
                                  'listed_count': 2063,
                                  'location': 'Warsaw, Poland',
                                  'name': 'golem',
                                  'notifications': None,
                                  'profile_background_color': 'C0DEED',
                                  'profile_background_image_url': 'http://abs.twimg.com/images/themes/theme1/bg.png',
                                  'profile_background_image_url_https': 'https://abs.twimg.com/images/themes/theme1/bg.png',
                                  'profile_background_tile': False,
                                  'profile_banner_url': 'https://pbs.twimg.com/profile_banners/4053977488/1542726710',
                                  'profile_image_url': 'http://pbs.twimg.com/profile_images/1064884069798801409/iU0RYexV_normal.jpg',
                                  'profile_image_url_https': 'https://pbs.twimg.com/profile_images/1064884069798801409/iU0RYexV_normal.jpg',
                                  'profile_link_color': '1DA1F2',
                                  'profile_sidebar_border_color': 'C0DEED',
                                  'profile_sidebar_fill_color': 'DDEEF6',
                                  'profile_text_color': '333333',
                                  'profile_use_background_image': True,
                                  'protected': False,
                                  'screen_name': 'golemproject',
                                  'statuses_count': 2709,
                                  'time_zone': None,
                                  'translator_type': 'none',
                                  'url': 'https://t.co/s9dL1WcFau',
                                  'utc_offset': None,
                                  'verified': True}},
  'source': '<a href="http://twitter.com/download/iphone" '
            'rel="nofollow">Twitter for iPhone</a>',
  'text': "RT @golemproject: Check out Aleksandra's podcast for "
          '@dappcon_berlin - quite a few interesting bits! \n'
          "Don't miss her talk: 10 questions to…",
  'truncated': False,
  'user': { 'contributors_enabled': False,
            'created_at': 'Tue Nov 01 08:19:32 +0000 2011',
            'default_profile': False,
            'default_profile_image': False,
            'description': 'R&D researcher and software developer '
                           '@golemproject. @rustlang fanatic. #WASI advocate.',
            'entities': { 'description': {'urls': []},
                          'url': { 'urls': [ { 'display_url': 'jakubkonka.com',
                                               'expanded_url': 'http://www.jakubkonka.com',
                                               'indices': [0, 23],
                                               'url': 'https://t.co/WKdAfxcbm7'}]}},
            'favourites_count': 231,
            'follow_request_sent': None,
            'followers_count': 96,
            'following': None,
            'friends_count': 75,
            'geo_enabled': True,
            'has_extended_profile': False,
            'id': 402567134,
            'id_str': '402567134',
            'is_translation_enabled': False,
            'is_translator': False,
            'lang': None,
            'listed_count': 3,
            'location': 'Warsaw, Poland',
            'name': 'Jakub Konka',
            'notifications': None,
            'profile_background_color': '9AE4E8',
            'profile_background_image_url': 'http://abs.twimg.com/images/themes/theme16/bg.gif',
            'profile_background_image_url_https': 'https://abs.twimg.com/images/themes/theme16/bg.gif',
            'profile_background_tile': False,
            'profile_banner_url': 'https://pbs.twimg.com/profile_banners/402567134/1505204114',
            'profile_image_url': 'http://pbs.twimg.com/profile_images/907518909930201088/pyxGG1cD_normal.jpg',
            'profile_image_url_https': 'https://pbs.twimg.com/profile_images/907518909930201088/pyxGG1cD_normal.jpg',
            'profile_link_color': '0084B4',
            'profile_sidebar_border_color': 'BDDCAD',
            'profile_sidebar_fill_color': 'DDFFCC',
            'profile_text_color': '333333',
            'profile_use_background_image': True,
            'protected': False,
            'screen_name': 'kubkon',
            'statuses_count': 944,
            'time_zone': None,
            'translator_type': 'none',
            'url': 'https://t.co/WKdAfxcbm7',
            'utc_offset': None,
            'verified': False}}
----------Summary----------
{ 'entities': {},
  'id_str': '1156653616788381696',
  'retweeted_status': { 'entities': { 'urls': { 'display_url': 'twitter.com/i/web/status/1…',
                                                'expanded_url': 'https://twitter.com/i/web/status/1156541997638963200'}},
                        'id_str': '1156541997638963200',
                        'quoted_status': { 'entities': { 'urls': { 'display_url': 'twitter.com/i/web/status/1…',
                                                                   'expanded_url': 'https://twitter.com/i/web/status/1156511127104155648'}},
                                           'id_str': '1156511127104155648',
                                           'text': 'aleksandra skrzypczak from '
                                                   '@golemproject talks with '
                                                   'us about resisting '
                                                   'censorship, launching '
                                                   'gwasm, and building th '
                                                   'https://t.co/sujzb51ndb',
                                           'user': { 'entities': {},
                                                     'id_str': '999979500543897600',
                                                     'twitter_user': 'dappcon_berlin'}},
                        'text': "check out aleksandra's podcast for "
                                '@dappcon_berlin - quite a few interesting '
                                "bits!  don't miss her talk: 10 questio "
                                'https://t.co/nrbcxgirlc',
                        'user': { 'entities': {},
                                  'id_str': '4053977488',
                                  'twitter_user': 'golemproject'}},
  'text': "rt @golemproject: check out aleksandra's podcast for "
          "@dappcon_berlin - quite a few interesting bits!  don't miss her "
          'talk: 10 questions to',
  'user': {'entities': {}, 'id_str': '402567134', 'twitter_user': 'kubkon'}}
----------Groups----------
{ 'Bitcoin': ['bitcoin', 'Bitcoin', 'btc', 'satoshi nakamoto'],
  'Ethereum': ['ethereum', 'Ethereum', 'eth', 'vitalik buterin'],
  'Litecoin': ['litecoin', 'Litecoin', 'ltc', 'charles lee'],
  'Monero': ['monero', 'Monero', 'xmr', 'riccardo spagni'],
  'Ripple': [ 'ripple',
              'Ripple',
              'xrp',
              'xrapid',
              'xcurrent',
              'chris larsen',
              'jed mccaleb']}
---------------------------Fetch-------2019-07-31 15:55:18.197734: Tweet filed under "misc":----------Data----------
{ 'contributors': None,
  'coordinates': None,
  'created_at': 'Wed Jul 31 19:51:16 +0000 2019',
  'entities': { 'hashtags': [],
                'symbols': [],
                'urls': [ { 'display_url': 'ift.tt/2OFysmm',
                            'expanded_url': 'https://ift.tt/2OFysmm',
                            'indices': [88, 111],
                            'url': 'https://t.co/v8T7c2eD9o'},
                          { 'display_url': 'twitter.com/i/web/status/1…',
                            'expanded_url': 'https://twitter.com/i/web/status/1156653573465395201',
                            'indices': [117, 140],
                            'url': 'https://t.co/SL9RycdnUA'}],
                'user_mentions': []},
  'favorite_count': 0,
  'favorited': False,
  'geo': None,
  'id': 1156653573465395201,
  'id_str': '1156653573465395201',
  'in_reply_to_screen_name': None,
  'in_reply_to_status_id': None,
  'in_reply_to_status_id_str': None,
  'in_reply_to_user_id': None,
  'in_reply_to_user_id_str': None,
  'is_quote_status': False,
  'lang': 'en',
  'metadata': {'iso_language_code': 'en', 'result_type': 'recent'},
  'place': None,
  'possibly_sensitive': False,
  'retweet_count': 0,
  'retweeted': False,
  'source': '<a href="https://ifttt.com" rel="nofollow">IFTTT</a>',
  'text': 'New Tumblr post: "QuadrigaCX Judge Approves $1.6 Million in '
          'Expenses for EY, Law Firms" https://t.co/v8T7c2eD9o eos… '
          'https://t.co/SL9RycdnUA',
  'truncated': True,
  'user': { 'contributors_enabled': False,
            'created_at': 'Mon Jan 20 17:13:22 +0000 2014',
            'default_profile': False,
            'default_profile_image': False,
            'description': 'https://t.co/AknQVIXTr2 All Cryptocurrencies Sites '
                           'in One Place',
            'entities': { 'description': { 'urls': [ { 'display_url': 'bit-sites.com',
                                                       'expanded_url': 'http://www.bit-sites.com',
                                                       'indices': [0, 23],
                                                       'url': 'https://t.co/AknQVIXTr2'}]},
                          'url': { 'urls': [ { 'display_url': 'bit-sites.com',
                                               'expanded_url': 'http://www.bit-sites.com',
                                               'indices': [0, 23],
                                               'url': 'https://t.co/AknQVIXTr2'}]}},
            'favourites_count': 684,
            'follow_request_sent': None,
            'followers_count': 387,
            'following': None,
            'friends_count': 84,
            'geo_enabled': False,
            'has_extended_profile': False,
            'id': 2301728670,
            'id_str': '2301728670',
            'is_translation_enabled': False,
            'is_translator': False,
            'lang': None,
            'listed_count': 6,
            'location': '',
            'name': 'Bit-Sites.com',
            'notifications': None,
            'profile_background_color': '000000',
            'profile_background_image_url': 'http://abs.twimg.com/images/themes/theme1/bg.png',
            'profile_background_image_url_https': 'https://abs.twimg.com/images/themes/theme1/bg.png',
            'profile_background_tile': False,
            'profile_banner_url': 'https://pbs.twimg.com/profile_banners/2301728670/1506682405',
            'profile_image_url': 'http://pbs.twimg.com/profile_images/913190180403769344/rC6qLtxY_normal.jpg',
            'profile_image_url_https': 'https://pbs.twimg.com/profile_images/913190180403769344/rC6qLtxY_normal.jpg',
            'profile_link_color': '5D728A',
            'profile_sidebar_border_color': '000000',
            'profile_sidebar_fill_color': '000000',
            'profile_text_color': '000000',
            'profile_use_background_image': False,
            'protected': False,
            'screen_name': 'bitsites',
            'statuses_count': 7631,
            'time_zone': None,
            'translator_type': 'none',
            'url': 'https://t.co/AknQVIXTr2',
            'utc_offset': None,
            'verified': False}}
----------Summary----------
{ 'entities': { 'urls': { 'display_url': 'twitter.com/i/web/status/1…',
                          'expanded_url': 'https://twitter.com/i/web/status/1156653573465395201'}},
  'id_str': '1156653573465395201',
  'text': 'new tumblr post: "quadrigacx judge approves $1.6 million in '
          'expenses for ey, law firms" https://t.co/v8t7c2ed9o eos '
          'https://t.co/sl9rycdnua',
  'user': {'entities': {}, 'id_str': '2301728670', 'twitter_user': 'bitsites'}}
----------Groups----------
{ 'Bitcoin': ['bitcoin', 'Bitcoin', 'btc', 'satoshi nakamoto'],
  'Ethereum': ['ethereum', 'Ethereum', 'eth', 'vitalik buterin'],
  'Litecoin': ['litecoin', 'Litecoin', 'ltc', 'charles lee'],
  'Monero': ['monero', 'Monero', 'xmr', 'riccardo spagni'],
  'Ripple': [ 'ripple',
              'Ripple',
              'xrp',
              'xrapid',
              'xcurrent',
              'chris larsen',
              'jed mccaleb']}
---------------------------Fetch-------2019-07-31 15:55:19.747645: Tweet filed under "misc":----------Data----------
{ 'contributors': None,
  'coordinates': None,
  'created_at': 'Wed Jul 31 19:51:07 +0000 2019',
  'entities': { 'hashtags': [],
                'symbols': [],
                'urls': [],
                'user_mentions': [ { 'id': 1144132581115465728,
                                     'id_str': '1144132581115465728',
                                     'indices': [3, 15],
                                     'name': 'DOLVEN TOKEN',
                                     'screen_name': 'DolvenToken'}]},
  'favorite_count': 0,
  'favorited': False,
  'geo': None,
  'id': 1156653535150387200,
  'id_str': '1156653535150387200',
  'in_reply_to_screen_name': None,
  'in_reply_to_status_id': None,
  'in_reply_to_status_id_str': None,
  'in_reply_to_user_id': None,
  'in_reply_to_user_id_str': None,
  'is_quote_status': False,
  'lang': 'en',
  'metadata': {'iso_language_code': 'en', 'result_type': 'recent'},
  'place': None,
  'retweet_count': 28,
  'retweeted': False,
  'retweeted_status': { 'contributors': None,
                        'coordinates': None,
                        'created_at': 'Wed Jul 31 06:46:36 +0000 2019',
                        'entities': { 'hashtags': [],
                                      'symbols': [],
                                      'urls': [ { 'display_url': 'twitter.com/i/web/status/1…',
                                                  'expanded_url': 'https://twitter.com/i/web/status/1156456106878803973',
                                                  'indices': [117, 140],
                                                  'url': 'https://t.co/lV2xHnbMoM'}],
                                      'user_mentions': []},
                        'favorite_count': 30,
                        'favorited': False,
                        'geo': None,
                        'id': 1156456106878803973,
                        'id_str': '1156456106878803973',
                        'in_reply_to_screen_name': None,
                        'in_reply_to_status_id': None,
                        'in_reply_to_status_id_str': None,
                        'in_reply_to_user_id': None,
                        'in_reply_to_user_id_str': None,
                        'is_quote_status': False,
                        'lang': 'en',
                        'metadata': { 'iso_language_code': 'en',
                                      'result_type': 'recent'},
                        'place': None,
                        'possibly_sensitive': False,
                        'retweet_count': 28,
                        'retweeted': False,
                        'source': '<a '
                                  'href="http://twitter.com/download/android" '
                                  'rel="nofollow">Twitter for Android</a>',
                        'text': 'DOLVEN TOKEN 1,000,000,000 Airdrop for first '
                                '1000 people, 1,000,000 DOT EACH\n'
                                '\n'
                                'DOLVEN TOKEN LISTING ON BITMEX!\n'
                                '\n'
                                'Foll… https://t.co/lV2xHnbMoM',
                        'truncated': True,
                        'user': { 'contributors_enabled': False,
                                  'created_at': 'Thu Jun 27 06:37:19 +0000 '
                                                '2019',
                                  'default_profile': True,
                                  'default_profile_image': False,
                                  'description': 'Decentralized Blockchain on '
                                                 'Mobility',
                                  'entities': {'description': {'urls': []}},
                                  'favourites_count': 0,
                                  'follow_request_sent': None,
                                  'followers_count': 1149,
                                  'following': None,
                                  'friends_count': 7,
                                  'geo_enabled': False,
                                  'has_extended_profile': False,
                                  'id': 1144132581115465728,
                                  'id_str': '1144132581115465728',
                                  'is_translation_enabled': False,
                                  'is_translator': False,
                                  'lang': None,
                                  'listed_count': 0,
                                  'location': '',
                                  'name': 'DOLVEN TOKEN',
                                  'notifications': None,
                                  'profile_background_color': 'F5F8FA',
                                  'profile_background_image_url': None,
                                  'profile_background_image_url_https': None,
                                  'profile_background_tile': False,
                                  'profile_banner_url': 'https://pbs.twimg.com/profile_banners/1144132581115465728/1564262378',
                                  'profile_image_url': 'http://pbs.twimg.com/profile_images/1155226256578949120/IG00lI4f_normal.jpg',
                                  'profile_image_url_https': 'https://pbs.twimg.com/profile_images/1155226256578949120/IG00lI4f_normal.jpg',
                                  'profile_link_color': '1DA1F2',
                                  'profile_sidebar_border_color': 'C0DEED',
                                  'profile_sidebar_fill_color': 'DDEEF6',
                                  'profile_text_color': '333333',
                                  'profile_use_background_image': True,
                                  'protected': False,
                                  'screen_name': 'DolvenToken',
                                  'statuses_count': 19,
                                  'time_zone': None,
                                  'translator_type': 'none',
                                  'url': None,
                                  'utc_offset': None,
                                  'verified': False}},
  'source': '<a href="http://twitter.com/download/android" '
            'rel="nofollow">Twitter for Android</a>',
  'text': 'RT @DolvenToken: DOLVEN TOKEN 1,000,000,000 Airdrop for first 1000 '
          'people, 1,000,000 DOT EACH\n'
          '\n'
          'DOLVEN TOKEN LISTING ON BITMEX!\n'
          '\n'
          'Follow\n'
          'Retw…',
  'truncated': False,
  'user': { 'contributors_enabled': False,
            'created_at': 'Tue Apr 16 13:11:54 +0000 2019',
            'default_profile': True,
            'default_profile_image': False,
            'description': '',
            'entities': {'description': {'urls': []}},
            'favourites_count': 386,
            'follow_request_sent': None,
            'followers_count': 133,
            'following': None,
            'friends_count': 639,
            'geo_enabled': False,
            'has_extended_profile': True,
            'id': 1118139956650758145,
            'id_str': '1118139956650758145',
            'is_translation_enabled': False,
            'is_translator': False,
            'lang': None,
            'listed_count': 2,
            'location': '',
            'name': 'hani bouchenne',
            'notifications': None,
            'profile_background_color': 'F5F8FA',
            'profile_background_image_url': None,
            'profile_background_image_url_https': None,
            'profile_background_tile': False,
            'profile_image_url': 'http://pbs.twimg.com/profile_images/1118140281617113090/Je0TD4LU_normal.jpg',
            'profile_image_url_https': 'https://pbs.twimg.com/profile_images/1118140281617113090/Je0TD4LU_normal.jpg',
            'profile_link_color': '1DA1F2',
            'profile_sidebar_border_color': 'C0DEED',
            'profile_sidebar_fill_color': 'DDEEF6',
            'profile_text_color': '333333',
            'profile_use_background_image': True,
            'protected': False,
            'screen_name': 'HBouchenne',
            'statuses_count': 615,
            'time_zone': None,
            'translator_type': 'none',
            'url': None,
            'utc_offset': None,
            'verified': False}}
----------Summary----------
{ 'entities': {},
  'id_str': '1156653535150387200',
  'retweeted_status': { 'entities': { 'urls': { 'display_url': 'twitter.com/i/web/status/1…',
                                                'expanded_url': 'https://twitter.com/i/web/status/1156456106878803973'}},
                        'id_str': '1156456106878803973',
                        'text': 'dolven token 1,000,000,000 airdrop for first '
                                '1000 people, 1,000,000 dot each  dolven token '
                                'listing on bitmex!  foll '
                                'https://t.co/lv2xhnbmom',
                        'user': { 'entities': {},
                                  'id_str': '1144132581115465728',
                                  'twitter_user': 'DolvenToken'}},
  'text': 'rt @dolventoken: dolven token 1,000,000,000 airdrop for first 1000 '
          'people, 1,000,000 dot each  dolven token listing on bitmex!  follow '
          'retw',
  'user': { 'entities': {},
            'id_str': '1118139956650758145',
            'twitter_user': 'HBouchenne'}}
----------Groups----------
{ 'Bitcoin': ['bitcoin', 'Bitcoin', 'btc', 'satoshi nakamoto'],
  'Ethereum': ['ethereum', 'Ethereum', 'eth', 'vitalik buterin'],
  'Litecoin': ['litecoin', 'Litecoin', 'ltc', 'charles lee'],
  'Monero': ['monero', 'Monero', 'xmr', 'riccardo spagni'],
  'Ripple': [ 'ripple',
              'Ripple',
              'xrp',
              'xrapid',
              'xcurrent',
              'chris larsen',
              'jed mccaleb']}
---------------------------Fetch-------2019-07-31 15:55:20.179754: Tweet filed under "misc":----------Data----------
{ 'contributors': None,
  'coordinates': None,
  'created_at': 'Wed Jul 31 19:51:01 +0000 2019',
  'entities': { 'hashtags': [],
                'symbols': [],
                'urls': [ { 'display_url': 'play.google.com/store/apps/det…',
                            'expanded_url': 'https://play.google.com/store/apps/details?id=com.wantapp',
                            'indices': [73, 96],
                            'url': 'https://t.co/Tf18NvlG7x'}],
                'user_mentions': [ { 'id': 834374677560705024,
                                     'id_str': '834374677560705024',
                                     'indices': [3, 19],
                                     'name': 'Want Marketplaces',
                                     'screen_name': 'wantmarketplace'}]},
  'favorite_count': 0,
  'favorited': False,
  'geo': None,
  'id': 1156653513167892480,
  'id_str': '1156653513167892480',
  'in_reply_to_screen_name': None,
  'in_reply_to_status_id': None,
  'in_reply_to_status_id_str': None,
  'in_reply_to_user_id': None,
  'in_reply_to_user_id_str': None,
  'is_quote_status': False,
  'lang': 'en',
  'metadata': {'iso_language_code': 'en', 'result_type': 'recent'},
  'place': None,
  'possibly_sensitive': False,
  'retweet_count': 40,
  'retweeted': False,
  'retweeted_status': { 'contributors': None,
                        'coordinates': None,
                        'created_at': 'Fri Jul 05 03:53:12 +0000 2019',
                        'entities': { 'hashtags': [],
                                      'symbols': [],
                                      'urls': [ { 'display_url': 'play.google.com/store/apps/det…',
                                                  'expanded_url': 'https://play.google.com/store/apps/details?id=com.wantapp',
                                                  'indices': [52, 75],
                                                  'url': 'https://t.co/Tf18NvlG7x'},
                                                { 'display_url': 'twitter.com/i/web/status/1…',
                                                  'expanded_url': 'https://twitter.com/i/web/status/1146990382942572544',
                                                  'indices': [114, 137],
                                                  'url': 'https://t.co/WOeH0qaFCA'}],
                                      'user_mentions': []},
                        'favorite_count': 116,
                        'favorited': False,
                        'geo': None,
                        'id': 1146990382942572544,
                        'id_str': '1146990382942572544',
                        'in_reply_to_screen_name': None,
                        'in_reply_to_status_id': None,
                        'in_reply_to_status_id_str': None,
                        'in_reply_to_user_id': None,
                        'in_reply_to_user_id_str': None,
                        'is_quote_status': False,
                        'lang': 'en',
                        'metadata': { 'iso_language_code': 'en',
                                      'result_type': 'recent'},
                        'place': None,
                        'possibly_sensitive': False,
                        'retweet_count': 40,
                        'retweeted': False,
                        'source': '<a href="https://mobile.twitter.com" '
                                  'rel="nofollow">Twitter Web App</a>',
                        'text': 'WANT Marketplaces - Download our B2B '
                                'Marketplace at https://t.co/Tf18NvlG7x\n'
                                '\n'
                                'STO Private Sale open Now @ $0.18 -… '
                                'https://t.co/WOeH0qaFCA',
                        'truncated': True,
                        'user': { 'contributors_enabled': False,
                                  'created_at': 'Wed Feb 22 12:09:59 +0000 '
                                                '2017',
                                  'default_profile': True,
                                  'default_profile_image': False,
                                  'description': 'Official Account for WANT '
                                                 'Marketplaces STO Offering',
                                  'entities': { 'description': {'urls': []},
                                                'url': { 'urls': [ { 'display_url': 'benipal.com',
                                                                     'expanded_url': 'https://benipal.com',
                                                                     'indices': [ 0,
                                                                                  23],
                                                                     'url': 'https://t.co/FpJbeDXvVn'}]}},
                                  'favourites_count': 4,
                                  'follow_request_sent': None,
                                  'followers_count': 1600,
                                  'following': None,
                                  'friends_count': 1,
                                  'geo_enabled': False,
                                  'has_extended_profile': False,
                                  'id': 834374677560705024,
                                  'id_str': '834374677560705024',
                                  'is_translation_enabled': False,
                                  'is_translator': False,
                                  'lang': None,
                                  'listed_count': 2,
                                  'location': 'New York, NY',
                                  'name': 'Want Marketplaces',
                                  'notifications': None,
                                  'profile_background_color': 'F5F8FA',
                                  'profile_background_image_url': None,
                                  'profile_background_image_url_https': None,
                                  'profile_background_tile': False,
                                  'profile_banner_url': 'https://pbs.twimg.com/profile_banners/834374677560705024/1559981725',
                                  'profile_image_url': 'http://pbs.twimg.com/profile_images/1137267216955482114/4tG-zMA6_normal.jpg',
                                  'profile_image_url_https': 'https://pbs.twimg.com/profile_images/1137267216955482114/4tG-zMA6_normal.jpg',
                                  'profile_link_color': '1DA1F2',
                                  'profile_sidebar_border_color': 'C0DEED',
                                  'profile_sidebar_fill_color': 'DDEEF6',
                                  'profile_text_color': '333333',
                                  'profile_use_background_image': True,
                                  'protected': False,
                                  'screen_name': 'wantmarketplace',
                                  'statuses_count': 76,
                                  'time_zone': None,
                                  'translator_type': 'none',
                                  'url': 'https://t.co/FpJbeDXvVn',
                                  'utc_offset': None,
                                  'verified': False}},
  'source': '<a href="http://twitter.com/download/android" '
            'rel="nofollow">Twitter for Android</a>',
  'text': 'RT @wantmarketplace: WANT Marketplaces - Download our B2B '
          'Marketplace at https://t.co/Tf18NvlG7x\n'
          '\n'
          'STO Private Sale open Now @ $0.18 - https…',
  'truncated': False,
  'user': { 'contributors_enabled': False,
            'created_at': 'Fri Sep 08 05:49:12 +0000 2017',
            'default_profile': True,
            'default_profile_image': False,
            'description': 'I am Medical student\n'
                           '#****(simple man)\n'
                           '#Follow  back',
            'entities': {'description': {'urls': []}},
            'favourites_count': 4843,
            'follow_request_sent': None,
            'followers_count': 4817,
            'following': None,
            'friends_count': 5295,
            'geo_enabled': False,
            'has_extended_profile': True,
            'id': 906031646884765701,
            'id_str': '906031646884765701',
            'is_translation_enabled': False,
            'is_translator': False,
            'lang': None,
            'listed_count': 14,
            'location': 'Dhaka, Bangladesh',
            'name': 'Md Mostofa kamal',
            'notifications': None,
            'profile_background_color': 'F5F8FA',
            'profile_background_image_url': None,
            'profile_background_image_url_https': None,
            'profile_background_tile': False,
            'profile_banner_url': 'https://pbs.twimg.com/profile_banners/906031646884765701/1543978436',
            'profile_image_url': 'http://pbs.twimg.com/profile_images/1122456466047127552/jObVPMAo_normal.jpg',
            'profile_image_url_https': 'https://pbs.twimg.com/profile_images/1122456466047127552/jObVPMAo_normal.jpg',
            'profile_link_color': '1DA1F2',
            'profile_sidebar_border_color': 'C0DEED',
            'profile_sidebar_fill_color': 'DDEEF6',
            'profile_text_color': '333333',
            'profile_use_background_image': True,
            'protected': False,
            'screen_name': 'Mostofa2020',
            'statuses_count': 5960,
            'time_zone': None,
            'translator_type': 'none',
            'url': None,
            'utc_offset': None,
            'verified': False}}
----------Summary----------
{ 'entities': { 'urls': { 'display_url': 'play.google.com/store/apps/det…',
                          'expanded_url': 'https://play.google.com/store/apps/details?id=com.wantapp'}},
  'id_str': '1156653513167892480',
  'retweeted_status': { 'entities': { 'urls': { 'display_url': 'twitter.com/i/web/status/1…',
                                                'expanded_url': 'https://twitter.com/i/web/status/1146990382942572544'}},
                        'id_str': '1146990382942572544',
                        'text': 'want marketplaces - download our b2b '
                                'marketplace at https://t.co/tf18nvlg7x  sto '
                                'private sale open now @ $0.18 - '
                                'https://t.co/woeh0qafca',
                        'user': { 'entities': {},
                                  'id_str': '834374677560705024',
                                  'twitter_user': 'wantmarketplace'}},
  'text': 'rt @wantmarketplace: want marketplaces - download our b2b '
          'marketplace at https://t.co/tf18nvlg7x  sto private sale open now @ '
          '$0.18 - https',
  'user': { 'entities': {},
            'id_str': '906031646884765701',
            'twitter_user': 'Mostofa2020'}}
----------Groups----------
{ 'Bitcoin': ['bitcoin', 'Bitcoin', 'btc', 'satoshi nakamoto'],
  'Ethereum': ['ethereum', 'Ethereum', 'eth', 'vitalik buterin'],
  'Litecoin': ['litecoin', 'Litecoin', 'ltc', 'charles lee'],
  'Monero': ['monero', 'Monero', 'xmr', 'riccardo spagni'],
  'Ripple': [ 'ripple',
              'Ripple',
              'xrp',
              'xrapid',
              'xcurrent',
              'chris larsen',
              'jed mccaleb']}
---------------------------Fetch-------2019-07-31 15:55:20.488478: Tweet filed under "misc":----------Data----------
{ 'contributors': None,
  'coordinates': None,
  'created_at': 'Wed Jul 31 19:51:01 +0000 2019',
  'entities': { 'hashtags': [],
                'symbols': [],
                'urls': [],
                'user_mentions': [ { 'id': 1029438676705714176,
                                     'id_str': '1029438676705714176',
                                     'indices': [3, 17],
                                     'name': 'BuildingBlocksCrypto',
                                     'screen_name': 'blocks_crypto'}]},
  'favorite_count': 0,
  'favorited': False,
  'geo': None,
  'id': 1156653512349982720,
  'id_str': '1156653512349982720',
  'in_reply_to_screen_name': None,
  'in_reply_to_status_id': None,
  'in_reply_to_status_id_str': None,
  'in_reply_to_user_id': None,
  'in_reply_to_user_id_str': None,
  'is_quote_status': False,
  'lang': 'en',
  'metadata': {'iso_language_code': 'en', 'result_type': 'recent'},
  'place': None,
  'retweet_count': 91,
  'retweeted': False,
  'retweeted_status': { 'contributors': None,
                        'coordinates': None,
                        'created_at': 'Sat Jul 27 05:55:02 +0000 2019',
                        'entities': { 'hashtags': [],
                                      'symbols': [],
                                      'urls': [ { 'display_url': 'twitter.com/i/web/status/1…',
                                                  'expanded_url': 'https://twitter.com/i/web/status/1154993578667577344',
                                                  'indices': [117, 140],
                                                  'url': 'https://t.co/uEGUpSS8ge'}],
                                      'user_mentions': []},
                        'favorite_count': 101,
                        'favorited': False,
                        'geo': None,
                        'id': 1154993578667577344,
                        'id_str': '1154993578667577344',
                        'in_reply_to_screen_name': None,
                        'in_reply_to_status_id': None,
                        'in_reply_to_status_id_str': None,
                        'in_reply_to_user_id': None,
                        'in_reply_to_user_id_str': None,
                        'is_quote_status': False,
                        'lang': 'en',
                        'metadata': { 'iso_language_code': 'en',
                                      'result_type': 'recent'},
                        'place': None,
                        'possibly_sensitive': False,
                        'retweet_count': 91,
                        'retweeted': False,
                        'source': '<a href="https://mobile.twitter.com" '
                                  'rel="nofollow">Twitter Web App</a>',
                        'text': 'Name: Building Blocks Token\n'
                                'Symbol: BH4H\n'
                                'Total supply: 100,000,000,000\n'
                                '\n'
                                'AIRDROP HAS STARTED!\n'
                                '\n'
                                'To qualify for Airdro… '
                                'https://t.co/uEGUpSS8ge',
                        'truncated': True,
                        'user': { 'contributors_enabled': False,
                                  'created_at': 'Tue Aug 14 18:44:41 +0000 '
                                                '2018',
                                  'default_profile': True,
                                  'default_profile_image': False,
                                  'description': 'We are Building Blocks. Our '
                                                 'Crypto was created with the '
                                                 'homeless at mind. We aim to '
                                                 'build or Buy Hostels and '
                                                 'Hotels with the help of you '
                                                 'guys.',
                                  'entities': { 'description': {'urls': []},
                                                'url': { 'urls': [ { 'display_url': 'buidinghomes4homeless.xyz',
                                                                     'expanded_url': 'http://www.buidinghomes4homeless.xyz/',
                                                                     'indices': [ 0,
                                                                                  23],
                                                                     'url': 'https://t.co/ODdy4aewVI'}]}},
                                  'favourites_count': 146,
                                  'follow_request_sent': None,
                                  'followers_count': 280,
                                  'following': None,
                                  'friends_count': 0,
                                  'geo_enabled': False,
                                  'has_extended_profile': True,
                                  'id': 1029438676705714176,
                                  'id_str': '1029438676705714176',
                                  'is_translation_enabled': False,
                                  'is_translator': False,
                                  'lang': None,
                                  'listed_count': 0,
                                  'location': 'United Kingdom',
                                  'name': 'BuildingBlocksCrypto',
                                  'notifications': None,
                                  'profile_background_color': 'F5F8FA',
                                  'profile_background_image_url': None,
                                  'profile_background_image_url_https': None,
                                  'profile_background_tile': False,
                                  'profile_image_url': 'http://pbs.twimg.com/profile_images/1031992230289059840/xxNbMvh3_normal.jpg',
                                  'profile_image_url_https': 'https://pbs.twimg.com/profile_images/1031992230289059840/xxNbMvh3_normal.jpg',
                                  'profile_link_color': '1DA1F2',
                                  'profile_sidebar_border_color': 'C0DEED',
                                  'profile_sidebar_fill_color': 'DDEEF6',
                                  'profile_text_color': '333333',
                                  'profile_use_background_image': True,
                                  'protected': False,
                                  'screen_name': 'blocks_crypto',
                                  'statuses_count': 156,
                                  'time_zone': None,
                                  'translator_type': 'none',
                                  'url': 'https://t.co/ODdy4aewVI',
                                  'utc_offset': None,
                                  'verified': False}},
  'source': '<a href="https://mobile.twitter.com" rel="nofollow">Twitter Web '
            'App</a>',
  'text': 'RT @blocks_crypto: Name: Building Blocks Token\n'
          'Symbol: BH4H\n'
          'Total supply: 100,000,000,000\n'
          '\n'
          'AIRDROP HAS STARTED!\n'
          '\n'
          'To qualify for Airdrop:\n'
          '-F…',
  'truncated': False,
  'user': { 'contributors_enabled': False,
            'created_at': 'Sun Jun 24 17:25:29 +0000 2018',
            'default_profile': True,
            'default_profile_image': False,
            'description': '',
            'entities': {'description': {'urls': []}},
            'favourites_count': 2,
            'follow_request_sent': None,
            'followers_count': 0,
            'following': None,
            'friends_count': 9,
            'geo_enabled': False,
            'has_extended_profile': False,
            'id': 1010936963241611264,
            'id_str': '1010936963241611264',
            'is_translation_enabled': False,
            'is_translator': False,
            'lang': None,
            'listed_count': 0,
            'location': '',
            'name': 'syarifacul',
            'notifications': None,
            'profile_background_color': 'F5F8FA',
            'profile_background_image_url': None,
            'profile_background_image_url_https': None,
            'profile_background_tile': False,
            'profile_image_url': 'http://pbs.twimg.com/profile_images/1012604785936089088/93tFxgk5_normal.jpg',
            'profile_image_url_https': 'https://pbs.twimg.com/profile_images/1012604785936089088/93tFxgk5_normal.jpg',
            'profile_link_color': '1DA1F2',
            'profile_sidebar_border_color': 'C0DEED',
            'profile_sidebar_fill_color': 'DDEEF6',
            'profile_text_color': '333333',
            'profile_use_background_image': True,
            'protected': False,
            'screen_name': 'syarifacul',
            'statuses_count': 11,
            'time_zone': None,
            'translator_type': 'none',
            'url': None,
            'utc_offset': None,
            'verified': False}}
----------Summary----------
{ 'entities': {},
  'id_str': '1156653512349982720',
  'retweeted_status': { 'entities': { 'urls': { 'display_url': 'twitter.com/i/web/status/1…',
                                                'expanded_url': 'https://twitter.com/i/web/status/1154993578667577344'}},
                        'id_str': '1154993578667577344',
                        'text': 'name: building blocks token symbol: bh4h '
                                'total supply: 100,000,000,000  airdrop has '
                                'started!  to qualify for airdro '
                                'https://t.co/uegupss8ge',
                        'user': { 'entities': {},
                                  'id_str': '1029438676705714176',
                                  'twitter_user': 'blocks_crypto'}},
  'text': 'rt @blocks_crypto: name: building blocks token symbol: bh4h total '
          'supply: 100,000,000,000  airdrop has started!  to qualify for '
          'airdrop: -f',
  'user': { 'entities': {},
            'id_str': '1010936963241611264',
            'twitter_user': 'syarifacul'}}
----------Groups----------
{ 'Bitcoin': ['bitcoin', 'Bitcoin', 'btc', 'satoshi nakamoto'],
  'Ethereum': ['ethereum', 'Ethereum', 'eth', 'vitalik buterin'],
  'Litecoin': ['litecoin', 'Litecoin', 'ltc', 'charles lee'],
  'Monero': ['monero', 'Monero', 'xmr', 'riccardo spagni'],
  'Ripple': [ 'ripple',
              'Ripple',
              'xrp',
              'xrapid',
              'xcurrent',
              'chris larsen',
              'jed mccaleb']}
---------------------------Fetch-------2019-07-31 15:55:20.793554: Tweet filed under "misc":----------Data----------
{ 'contributors': None,
  'coordinates': None,
  'created_at': 'Wed Jul 31 19:51:00 +0000 2019',
  'entities': { 'hashtags': [ {'indices': [14, 23], 'text': 'BitValve'},
                              {'indices': [24, 39], 'text': 'Cryptocurrency'},
                              {'indices': [49, 53], 'text': 'ICO'},
                              {'indices': [78, 82], 'text': 'ICO'},
                              {'indices': [125, 129], 'text': 'MVP'}],
                'symbols': [],
                'urls': [],
                'user_mentions': [ { 'id': 1064475558329937926,
                                     'id_str': '1064475558329937926',
                                     'indices': [3, 12],
                                     'name': 'BitValve Cryptocurrency Exchange',
                                     'screen_name': 'bitvalve'},
                                   { 'id': 764788651872096256,
                                     'id_str': '764788651872096256',
                                     'indices': [95, 108],
                                     'name': 'CoinSchedule',
                                     'screen_name': 'coinschedule'}]},
  'favorite_count': 0,
  'favorited': False,
  'geo': None,
  'id': 1156653508357062656,
  'id_str': '1156653508357062656',
  'in_reply_to_screen_name': None,
  'in_reply_to_status_id': None,
  'in_reply_to_status_id_str': None,
  'in_reply_to_user_id': None,
  'in_reply_to_user_id_str': None,
  'is_quote_status': False,
  'lang': 'en',
  'metadata': {'iso_language_code': 'en', 'result_type': 'recent'},
  'place': None,
  'retweet_count': 306,
  'retweeted': False,
  'retweeted_status': { 'contributors': None,
                        'coordinates': None,
                        'created_at': 'Wed Jul 31 11:58:57 +0000 2019',
                        'entities': { 'hashtags': [ { 'indices': [0, 9],
                                                      'text': 'BitValve'},
                                                    { 'indices': [10, 25],
                                                      'text': 'Cryptocurrency'},
                                                    { 'indices': [35, 39],
                                                      'text': 'ICO'},
                                                    { 'indices': [64, 68],
                                                      'text': 'ICO'},
                                                    { 'indices': [111, 115],
                                                      'text': 'MVP'}],
                                      'symbols': [],
                                      'urls': [ { 'display_url': 'twitter.com/i/web/status/1…',
                                                  'expanded_url': 'https://twitter.com/i/web/status/1156534713856724992',
                                                  'indices': [117, 140],
                                                  'url': 'https://t.co/aRoDetDZB2'}],
                                      'user_mentions': [ { 'id': 764788651872096256,
                                                           'id_str': '764788651872096256',
                                                           'indices': [81, 94],
                                                           'name': 'CoinSchedule',
                                                           'screen_name': 'coinschedule'}]},
                        'favorite_count': 238,
                        'favorited': False,
                        'geo': None,
                        'id': 1156534713856724992,
                        'id_str': '1156534713856724992',
                        'in_reply_to_screen_name': None,
                        'in_reply_to_status_id': None,
                        'in_reply_to_status_id_str': None,
                        'in_reply_to_user_id': None,
                        'in_reply_to_user_id_str': None,
                        'is_quote_status': False,
                        'lang': 'en',
                        'metadata': { 'iso_language_code': 'en',
                                      'result_type': 'recent'},
                        'place': None,
                        'possibly_sensitive': False,
                        'retweet_count': 306,
                        'retweeted': False,
                        'source': '<a href="https://mobile.twitter.com" '
                                  'rel="nofollow">Twitter Web App</a>',
                        'text': '#BitValve #Cryptocurrency Exchange #ICO is '
                                'rated among the best #ICO projects on '
                                '@coinschedule!\n'
                                '\n'
                                'Check out our #MVP… https://t.co/aRoDetDZB2',
                        'truncated': True,
                        'user': { 'contributors_enabled': False,
                                  'created_at': 'Mon Nov 19 11:08:44 +0000 '
                                                '2018',
                                  'default_profile': False,
                                  'default_profile_image': False,
                                  'description': 'Buy, Sell and Trade your '
                                                 'favorite Cryptocurrency '
                                                 'using any payment method '
                                                 'available!',
                                  'entities': { 'description': {'urls': []},
                                                'url': { 'urls': [ { 'display_url': 'bitvalve.com',
                                                                     'expanded_url': 'https://www.bitvalve.com/',
                                                                     'indices': [ 0,
                                                                                  23],
                                                                     'url': 'https://t.co/LZzpLQkNMY'}]}},
                                  'favourites_count': 25,
                                  'follow_request_sent': None,
                                  'followers_count': 5834,
                                  'following': None,
                                  'friends_count': 11,
                                  'geo_enabled': False,
                                  'has_extended_profile': True,
                                  'id': 1064475558329937926,
                                  'id_str': '1064475558329937926',
                                  'is_translation_enabled': False,
                                  'is_translator': False,
                                  'lang': None,
                                  'listed_count': 12,
                                  'location': 'Cyprus',
                                  'name': 'BitValve Cryptocurrency Exchange',
                                  'notifications': None,
                                  'profile_background_color': '000000',
                                  'profile_background_image_url': 'http://abs.twimg.com/images/themes/theme1/bg.png',
                                  'profile_background_image_url_https': 'https://abs.twimg.com/images/themes/theme1/bg.png',
                                  'profile_background_tile': False,
                                  'profile_banner_url': 'https://pbs.twimg.com/profile_banners/1064475558329937926/1549939623',
                                  'profile_image_url': 'http://pbs.twimg.com/profile_images/1095152392176324608/CTvAkgJ4_normal.jpg',
                                  'profile_image_url_https': 'https://pbs.twimg.com/profile_images/1095152392176324608/CTvAkgJ4_normal.jpg',
                                  'profile_link_color': '7FDBB6',
                                  'profile_sidebar_border_color': '000000',
                                  'profile_sidebar_fill_color': '000000',
                                  'profile_text_color': '000000',
                                  'profile_use_background_image': False,
                                  'protected': False,
                                  'screen_name': 'bitvalve',
                                  'statuses_count': 97,
                                  'time_zone': None,
                                  'translator_type': 'none',
                                  'url': 'https://t.co/LZzpLQkNMY',
                                  'utc_offset': None,
                                  'verified': False}},
  'source': '<a href="http://twitter.com/download/android" '
            'rel="nofollow">Twitter for Android</a>',
  'text': 'RT @bitvalve: #BitValve #Cryptocurrency Exchange #ICO is rated '
          'among the best #ICO projects on @coinschedule!\n'
          '\n'
          'Check out our #MVP at https:…',
  'truncated': False,
  'user': { 'contributors_enabled': False,
            'created_at': 'Mon Mar 18 15:42:43 +0000 2019',
            'default_profile': True,
            'default_profile_image': False,
            'description': 'yang penting yakin',
            'entities': {'description': {'urls': []}},
            'favourites_count': 116,
            'follow_request_sent': None,
            'followers_count': 19,
            'following': None,
            'friends_count': 208,
            'geo_enabled': False,
            'has_extended_profile': False,
            'id': 1107668662125617152,
            'id_str': '1107668662125617152',
            'is_translation_enabled': False,
            'is_translator': False,
            'lang': None,
            'listed_count': 1,
            'location': 'Jawa Timur, Indonesia',
            'name': 'sinyo',
            'notifications': None,
            'profile_background_color': 'F5F8FA',
            'profile_background_image_url': None,
            'profile_background_image_url_https': None,
            'profile_background_tile': False,
            'profile_image_url': 'http://pbs.twimg.com/profile_images/1107669490760712194/nXPZW3Mo_normal.jpg',
            'profile_image_url_https': 'https://pbs.twimg.com/profile_images/1107669490760712194/nXPZW3Mo_normal.jpg',
            'profile_link_color': '1DA1F2',
            'profile_sidebar_border_color': 'C0DEED',
            'profile_sidebar_fill_color': 'DDEEF6',
            'profile_text_color': '333333',
            'profile_use_background_image': True,
            'protected': False,
            'screen_name': 'sinnyo87',
            'statuses_count': 376,
            'time_zone': None,
            'translator_type': 'none',
            'url': None,
            'utc_offset': None,
            'verified': False}}
----------Summary----------
{ 'entities': {},
  'id_str': '1156653508357062656',
  'retweeted_status': { 'entities': { 'urls': { 'display_url': 'twitter.com/i/web/status/1…',
                                                'expanded_url': 'https://twitter.com/i/web/status/1156534713856724992'}},
                        'id_str': '1156534713856724992',
                        'text': '#bitvalve #cryptocurrency exchange #ico is '
                                'rated among the best #ico projects on '
                                '@coinschedule!  check out our #mvp '
                                'https://t.co/arodetdzb2',
                        'user': { 'entities': {},
                                  'id_str': '1064475558329937926',
                                  'twitter_user': 'bitvalve'}},
  'text': 'rt @bitvalve: #bitvalve #cryptocurrency exchange #ico is rated '
          'among the best #ico projects on @coinschedule!  check out our #mvp '
          'at https:',
  'user': { 'entities': {},
            'id_str': '1107668662125617152',
            'twitter_user': 'sinnyo87'}}
----------Groups----------
{ 'Bitcoin': ['bitcoin', 'Bitcoin', 'btc', 'satoshi nakamoto'],
  'Ethereum': ['ethereum', 'Ethereum', 'eth', 'vitalik buterin'],
  'Litecoin': ['litecoin', 'Litecoin', 'ltc', 'charles lee'],
  'Monero': ['monero', 'Monero', 'xmr', 'riccardo spagni'],
  'Ripple': [ 'ripple',
              'Ripple',
              'xrp',
              'xrapid',
              'xcurrent',
              'chris larsen',
              'jed mccaleb']}
---------------------------Fetch-------2019-07-31 15:55:21.102483: Tweet filed under "misc":----------Data----------
{ 'contributors': None,
  'coordinates': None,
  'created_at': 'Wed Jul 31 19:50:57 +0000 2019',
  'entities': { 'hashtags': [],
                'symbols': [],
                'urls': [],
                'user_mentions': [ { 'id': 834374677560705024,
                                     'id_str': '834374677560705024',
                                     'indices': [3, 19],
                                     'name': 'Want Marketplaces',
                                     'screen_name': 'wantmarketplace'}]},
  'favorite_count': 0,
  'favorited': False,
  'geo': None,
  'id': 1156653496021635078,
  'id_str': '1156653496021635078',
  'in_reply_to_screen_name': None,
  'in_reply_to_status_id': None,
  'in_reply_to_status_id_str': None,
  'in_reply_to_user_id': None,
  'in_reply_to_user_id_str': None,
  'is_quote_status': False,
  'lang': 'en',
  'metadata': {'iso_language_code': 'en', 'result_type': 'recent'},
  'place': None,
  'retweet_count': 39,
  'retweeted': False,
  'retweeted_status': { 'contributors': None,
                        'coordinates': None,
                        'created_at': 'Sat Jul 06 07:52:53 +0000 2019',
                        'entities': { 'hashtags': [],
                                      'symbols': [],
                                      'urls': [ { 'display_url': 'twitter.com/i/web/status/1…',
                                                  'expanded_url': 'https://twitter.com/i/web/status/1147413090331291649',
                                                  'indices': [116, 139],
                                                  'url': 'https://t.co/pSKMjS3LJp'}],
                                      'user_mentions': []},
                        'favorite_count': 125,
                        'favorited': False,
                        'geo': None,
                        'id': 1147413090331291649,
                        'id_str': '1147413090331291649',
                        'in_reply_to_screen_name': None,
                        'in_reply_to_status_id': None,
                        'in_reply_to_status_id_str': None,
                        'in_reply_to_user_id': None,
                        'in_reply_to_user_id_str': None,
                        'is_quote_status': False,
                        'lang': 'en',
                        'metadata': { 'iso_language_code': 'en',
                                      'result_type': 'recent'},
                        'place': None,
                        'possibly_sensitive': False,
                        'retweet_count': 39,
                        'retweeted': False,
                        'source': '<a href="https://mobile.twitter.com" '
                                  'rel="nofollow">Twitter Web App</a>',
                        'text': 'WANT Marketplaces Security Token Offering '
                                'raising $20 Million\n'
                                '\n'
                                'Private Sale open NOW till Aug 31 - 40% Off - '
                                '$0.18… https://t.co/pSKMjS3LJp',
                        'truncated': True,
                        'user': { 'contributors_enabled': False,
                                  'created_at': 'Wed Feb 22 12:09:59 +0000 '
                                                '2017',
                                  'default_profile': True,
                                  'default_profile_image': False,
                                  'description': 'Official Account for WANT '
                                                 'Marketplaces STO Offering',
                                  'entities': { 'description': {'urls': []},
                                                'url': { 'urls': [ { 'display_url': 'benipal.com',
                                                                     'expanded_url': 'https://benipal.com',
                                                                     'indices': [ 0,
                                                                                  23],
                                                                     'url': 'https://t.co/FpJbeDXvVn'}]}},
                                  'favourites_count': 4,
                                  'follow_request_sent': None,
                                  'followers_count': 1600,
                                  'following': None,
                                  'friends_count': 1,
                                  'geo_enabled': False,
                                  'has_extended_profile': False,
                                  'id': 834374677560705024,
                                  'id_str': '834374677560705024',
                                  'is_translation_enabled': False,
                                  'is_translator': False,
                                  'lang': None,
                                  'listed_count': 2,
                                  'location': 'New York, NY',
                                  'name': 'Want Marketplaces',
                                  'notifications': None,
                                  'profile_background_color': 'F5F8FA',
                                  'profile_background_image_url': None,
                                  'profile_background_image_url_https': None,
                                  'profile_background_tile': False,
                                  'profile_banner_url': 'https://pbs.twimg.com/profile_banners/834374677560705024/1559981725',
                                  'profile_image_url': 'http://pbs.twimg.com/profile_images/1137267216955482114/4tG-zMA6_normal.jpg',
                                  'profile_image_url_https': 'https://pbs.twimg.com/profile_images/1137267216955482114/4tG-zMA6_normal.jpg',
                                  'profile_link_color': '1DA1F2',
                                  'profile_sidebar_border_color': 'C0DEED',
                                  'profile_sidebar_fill_color': 'DDEEF6',
                                  'profile_text_color': '333333',
                                  'profile_use_background_image': True,
                                  'protected': False,
                                  'screen_name': 'wantmarketplace',
                                  'statuses_count': 76,
                                  'time_zone': None,
                                  'translator_type': 'none',
                                  'url': 'https://t.co/FpJbeDXvVn',
                                  'utc_offset': None,
                                  'verified': False}},
  'source': '<a href="http://twitter.com/download/android" '
            'rel="nofollow">Twitter for Android</a>',
  'text': 'RT @wantmarketplace: WANT Marketplaces Security Token Offering '
          'raising $20 Million\n'
          '\n'
          'Private Sale open NOW till Aug 31 - 40% Off - $0.18 htt…',
  'truncated': False,
  'user': { 'contributors_enabled': False,
            'created_at': 'Fri Sep 08 05:49:12 +0000 2017',
            'default_profile': True,
            'default_profile_image': False,
            'description': 'I am Medical student\n'
                           '#****(simple man)\n'
                           '#Follow  back',
            'entities': {'description': {'urls': []}},
            'favourites_count': 4843,
            'follow_request_sent': None,
            'followers_count': 4817,
            'following': None,
            'friends_count': 5295,
            'geo_enabled': False,
            'has_extended_profile': True,
            'id': 906031646884765701,
            'id_str': '906031646884765701',
            'is_translation_enabled': False,
            'is_translator': False,
            'lang': None,
            'listed_count': 14,
            'location': 'Dhaka, Bangladesh',
            'name': 'Md Mostofa kamal',
            'notifications': None,
            'profile_background_color': 'F5F8FA',
            'profile_background_image_url': None,
            'profile_background_image_url_https': None,
            'profile_background_tile': False,
            'profile_banner_url': 'https://pbs.twimg.com/profile_banners/906031646884765701/1543978436',
            'profile_image_url': 'http://pbs.twimg.com/profile_images/1122456466047127552/jObVPMAo_normal.jpg',
            'profile_image_url_https': 'https://pbs.twimg.com/profile_images/1122456466047127552/jObVPMAo_normal.jpg',
            'profile_link_color': '1DA1F2',
            'profile_sidebar_border_color': 'C0DEED',
            'profile_sidebar_fill_color': 'DDEEF6',
            'profile_text_color': '333333',
            'profile_use_background_image': True,
            'protected': False,
            'screen_name': 'Mostofa2020',
            'statuses_count': 5960,
            'time_zone': None,
            'translator_type': 'none',
            'url': None,
            'utc_offset': None,
            'verified': False}}
----------Summary----------
{ 'entities': {},
  'id_str': '1156653496021635078',
  'retweeted_status': { 'entities': { 'urls': { 'display_url': 'twitter.com/i/web/status/1…',
                                                'expanded_url': 'https://twitter.com/i/web/status/1147413090331291649'}},
                        'id_str': '1147413090331291649',
                        'text': 'want marketplaces security token offering '
                                'raising $20 million  private sale open now '
                                'till aug 31 - 40% off - $0.18 '
                                'https://t.co/pskmjs3ljp',
                        'user': { 'entities': {},
                                  'id_str': '834374677560705024',
                                  'twitter_user': 'wantmarketplace'}},
  'text': 'rt @wantmarketplace: want marketplaces security token offering '
          'raising $20 million  private sale open now till aug 31 - 40% off - '
          '$0.18 htt',
  'user': { 'entities': {},
            'id_str': '906031646884765701',
            'twitter_user': 'Mostofa2020'}}
----------Groups----------
{ 'Bitcoin': ['bitcoin', 'Bitcoin', 'btc', 'satoshi nakamoto'],
  'Ethereum': ['ethereum', 'Ethereum', 'eth', 'vitalik buterin'],
  'Litecoin': ['litecoin', 'Litecoin', 'ltc', 'charles lee'],
  'Monero': ['monero', 'Monero', 'xmr', 'riccardo spagni'],
  'Ripple': [ 'ripple',
              'Ripple',
              'xrp',
              'xrapid',
              'xcurrent',
              'chris larsen',
              'jed mccaleb']}
---------------------------Fetch-------2019-07-31 15:55:21.630942: Tweet filed under "misc":----------Data----------
{ 'contributors': None,
  'coordinates': None,
  'created_at': 'Wed Jul 31 19:50:54 +0000 2019',
  'entities': { 'hashtags': [],
                'symbols': [],
                'urls': [],
                'user_mentions': [ { 'id': 834374677560705024,
                                     'id_str': '834374677560705024',
                                     'indices': [3, 19],
                                     'name': 'Want Marketplaces',
                                     'screen_name': 'wantmarketplace'}]},
  'favorite_count': 0,
  'favorited': False,
  'geo': None,
  'id': 1156653481924501504,
  'id_str': '1156653481924501504',
  'in_reply_to_screen_name': None,
  'in_reply_to_status_id': None,
  'in_reply_to_status_id_str': None,
  'in_reply_to_user_id': None,
  'in_reply_to_user_id_str': None,
  'is_quote_status': False,
  'lang': 'en',
  'metadata': {'iso_language_code': 'en', 'result_type': 'recent'},
  'place': None,
  'retweet_count': 47,
  'retweeted': False,
  'retweeted_status': { 'contributors': None,
                        'coordinates': None,
                        'created_at': 'Sun Jul 07 06:33:07 +0000 2019',
                        'entities': { 'hashtags': [],
                                      'symbols': [],
                                      'urls': [ { 'display_url': 'twitter.com/i/web/status/1…',
                                                  'expanded_url': 'https://twitter.com/i/web/status/1147755403473645568',
                                                  'indices': [116, 139],
                                                  'url': 'https://t.co/eznKcQEWQs'}],
                                      'user_mentions': []},
                        'favorite_count': 131,
                        'favorited': False,
                        'geo': None,
                        'id': 1147755403473645568,
                        'id_str': '1147755403473645568',
                        'in_reply_to_screen_name': None,
                        'in_reply_to_status_id': None,
                        'in_reply_to_status_id_str': None,
                        'in_reply_to_user_id': None,
                        'in_reply_to_user_id_str': None,
                        'is_quote_status': False,
                        'lang': 'en',
                        'metadata': { 'iso_language_code': 'en',
                                      'result_type': 'recent'},
                        'place': None,
                        'possibly_sensitive': False,
                        'retweet_count': 47,
                        'retweeted': False,
                        'source': '<a href="https://mobile.twitter.com" '
                                  'rel="nofollow">Twitter Web App</a>',
                        'text': 'WANT Marketplaces Security Token Offering '
                                'raising $20 Million\n'
                                '\n'
                                'Private Sale open NOW till Aug 31 - 40% Off - '
                                '$0.18… https://t.co/eznKcQEWQs',
                        'truncated': True,
                        'user': { 'contributors_enabled': False,
                                  'created_at': 'Wed Feb 22 12:09:59 +0000 '
                                                '2017',
                                  'default_profile': True,
                                  'default_profile_image': False,
                                  'description': 'Official Account for WANT '
                                                 'Marketplaces STO Offering',
                                  'entities': { 'description': {'urls': []},
                                                'url': { 'urls': [ { 'display_url': 'benipal.com',
                                                                     'expanded_url': 'https://benipal.com',
                                                                     'indices': [ 0,
                                                                                  23],
                                                                     'url': 'https://t.co/FpJbeDXvVn'}]}},
                                  'favourites_count': 4,
                                  'follow_request_sent': None,
                                  'followers_count': 1600,
                                  'following': None,
                                  'friends_count': 1,
                                  'geo_enabled': False,
                                  'has_extended_profile': False,
                                  'id': 834374677560705024,
                                  'id_str': '834374677560705024',
                                  'is_translation_enabled': False,
                                  'is_translator': False,
                                  'lang': None,
                                  'listed_count': 2,
                                  'location': 'New York, NY',
                                  'name': 'Want Marketplaces',
                                  'notifications': None,
                                  'profile_background_color': 'F5F8FA',
                                  'profile_background_image_url': None,
                                  'profile_background_image_url_https': None,
                                  'profile_background_tile': False,
                                  'profile_banner_url': 'https://pbs.twimg.com/profile_banners/834374677560705024/1559981725',
                                  'profile_image_url': 'http://pbs.twimg.com/profile_images/1137267216955482114/4tG-zMA6_normal.jpg',
                                  'profile_image_url_https': 'https://pbs.twimg.com/profile_images/1137267216955482114/4tG-zMA6_normal.jpg',
                                  'profile_link_color': '1DA1F2',
                                  'profile_sidebar_border_color': 'C0DEED',
                                  'profile_sidebar_fill_color': 'DDEEF6',
                                  'profile_text_color': '333333',
                                  'profile_use_background_image': True,
                                  'protected': False,
                                  'screen_name': 'wantmarketplace',
                                  'statuses_count': 76,
                                  'time_zone': None,
                                  'translator_type': 'none',
                                  'url': 'https://t.co/FpJbeDXvVn',
                                  'utc_offset': None,
                                  'verified': False}},
  'source': '<a href="http://twitter.com/download/android" '
            'rel="nofollow">Twitter for Android</a>',
  'text': 'RT @wantmarketplace: WANT Marketplaces Security Token Offering '
          'raising $20 Million\n'
          '\n'
          'Private Sale open NOW till Aug 31 - 40% Off - $0.18 htt…',
  'truncated': False,
  'user': { 'contributors_enabled': False,
            'created_at': 'Fri Sep 08 05:49:12 +0000 2017',
            'default_profile': True,
            'default_profile_image': False,
            'description': 'I am Medical student\n'
                           '#****(simple man)\n'
                           '#Follow  back',
            'entities': {'description': {'urls': []}},
            'favourites_count': 4843,
            'follow_request_sent': None,
            'followers_count': 4817,
            'following': None,
            'friends_count': 5295,
            'geo_enabled': False,
            'has_extended_profile': True,
            'id': 906031646884765701,
            'id_str': '906031646884765701',
            'is_translation_enabled': False,
            'is_translator': False,
            'lang': None,
            'listed_count': 14,
            'location': 'Dhaka, Bangladesh',
            'name': 'Md Mostofa kamal',
            'notifications': None,
            'profile_background_color': 'F5F8FA',
            'profile_background_image_url': None,
            'profile_background_image_url_https': None,
            'profile_background_tile': False,
            'profile_banner_url': 'https://pbs.twimg.com/profile_banners/906031646884765701/1543978436',
            'profile_image_url': 'http://pbs.twimg.com/profile_images/1122456466047127552/jObVPMAo_normal.jpg',
            'profile_image_url_https': 'https://pbs.twimg.com/profile_images/1122456466047127552/jObVPMAo_normal.jpg',
            'profile_link_color': '1DA1F2',
            'profile_sidebar_border_color': 'C0DEED',
            'profile_sidebar_fill_color': 'DDEEF6',
            'profile_text_color': '333333',
            'profile_use_background_image': True,
            'protected': False,
            'screen_name': 'Mostofa2020',
            'statuses_count': 5960,
            'time_zone': None,
            'translator_type': 'none',
            'url': None,
            'utc_offset': None,
            'verified': False}}
----------Summary----------
{ 'entities': {},
  'id_str': '1156653481924501504',
  'retweeted_status': { 'entities': { 'urls': { 'display_url': 'twitter.com/i/web/status/1…',
                                                'expanded_url': 'https://twitter.com/i/web/status/1147755403473645568'}},
                        'id_str': '1147755403473645568',
                        'text': 'want marketplaces security token offering '
                                'raising $20 million  private sale open now '
                                'till aug 31 - 40% off - $0.18 '
                                'https://t.co/eznkcqewqs',
                        'user': { 'entities': {},
                                  'id_str': '834374677560705024',
                                  'twitter_user': 'wantmarketplace'}},
  'text': 'rt @wantmarketplace: want marketplaces security token offering '
          'raising $20 million  private sale open now till aug 31 - 40% off - '
          '$0.18 htt',
  'user': { 'entities': {},
            'id_str': '906031646884765701',
            'twitter_user': 'Mostofa2020'}}
----------Groups----------
{ 'Bitcoin': ['bitcoin', 'Bitcoin', 'btc', 'satoshi nakamoto'],
  'Ethereum': ['ethereum', 'Ethereum', 'eth', 'vitalik buterin'],
  'Litecoin': ['litecoin', 'Litecoin', 'ltc', 'charles lee'],
  'Monero': ['monero', 'Monero', 'xmr', 'riccardo spagni'],
  'Ripple': [ 'ripple',
              'Ripple',
              'xrp',
              'xrapid',
              'xcurrent',
              'chris larsen',
              'jed mccaleb']}
---------------------------Fetch-------2019-07-31 15:55:21.923514: Tweet filed under "misc":----------Data----------
{ 'contributors': None,
  'coordinates': None,
  'created_at': 'Wed Jul 31 19:50:51 +0000 2019',
  'entities': { 'hashtags': [],
                'symbols': [],
                'urls': [],
                'user_mentions': [ { 'id': 834374677560705024,
                                     'id_str': '834374677560705024',
                                     'indices': [3, 19],
                                     'name': 'Want Marketplaces',
                                     'screen_name': 'wantmarketplace'}]},
  'favorite_count': 0,
  'favorited': False,
  'geo': None,
  'id': 1156653468624408576,
  'id_str': '1156653468624408576',
  'in_reply_to_screen_name': None,
  'in_reply_to_status_id': None,
  'in_reply_to_status_id_str': None,
  'in_reply_to_user_id': None,
  'in_reply_to_user_id_str': None,
  'is_quote_status': False,
  'lang': 'en',
  'metadata': {'iso_language_code': 'en', 'result_type': 'recent'},
  'place': None,
  'retweet_count': 51,
  'retweeted': False,
  'retweeted_status': { 'contributors': None,
                        'coordinates': None,
                        'created_at': 'Mon Jul 08 05:20:04 +0000 2019',
                        'entities': { 'hashtags': [],
                                      'symbols': [],
                                      'urls': [ { 'display_url': 'twitter.com/i/web/status/1…',
                                                  'expanded_url': 'https://twitter.com/i/web/status/1148099409491591169',
                                                  'indices': [117, 140],
                                                  'url': 'https://t.co/oJQUvhUQlV'}],
                                      'user_mentions': []},
                        'favorite_count': 147,
                        'favorited': False,
                        'geo': None,
                        'id': 1148099409491591169,
                        'id_str': '1148099409491591169',
                        'in_reply_to_screen_name': None,
                        'in_reply_to_status_id': None,
                        'in_reply_to_status_id_str': None,
                        'in_reply_to_user_id': None,
                        'in_reply_to_user_id_str': None,
                        'is_quote_status': False,
                        'lang': 'en',
                        'metadata': { 'iso_language_code': 'en',
                                      'result_type': 'recent'},
                        'place': None,
                        'possibly_sensitive': False,
                        'retweet_count': 51,
                        'retweeted': False,
                        'source': '<a href="https://mobile.twitter.com" '
                                  'rel="nofollow">Twitter Web App</a>',
                        'text': 'This is how our First office started in '
                                '2009!\n'
                                '\n'
                                'WANT Marketplaces Security Token Offering '
                                'raising $20 Million. Priva… '
                                'https://t.co/oJQUvhUQlV',
                        'truncated': True,
                        'user': { 'contributors_enabled': False,
                                  'created_at': 'Wed Feb 22 12:09:59 +0000 '
                                                '2017',
                                  'default_profile': True,
                                  'default_profile_image': False,
                                  'description': 'Official Account for WANT '
                                                 'Marketplaces STO Offering',
                                  'entities': { 'description': {'urls': []},
                                                'url': { 'urls': [ { 'display_url': 'benipal.com',
                                                                     'expanded_url': 'https://benipal.com',
                                                                     'indices': [ 0,
                                                                                  23],
                                                                     'url': 'https://t.co/FpJbeDXvVn'}]}},
                                  'favourites_count': 4,
                                  'follow_request_sent': None,
                                  'followers_count': 1600,
                                  'following': None,
                                  'friends_count': 1,
                                  'geo_enabled': False,
                                  'has_extended_profile': False,
                                  'id': 834374677560705024,
                                  'id_str': '834374677560705024',
                                  'is_translation_enabled': False,
                                  'is_translator': False,
                                  'lang': None,
                                  'listed_count': 2,
                                  'location': 'New York, NY',
                                  'name': 'Want Marketplaces',
                                  'notifications': None,
                                  'profile_background_color': 'F5F8FA',
                                  'profile_background_image_url': None,
                                  'profile_background_image_url_https': None,
                                  'profile_background_tile': False,
                                  'profile_banner_url': 'https://pbs.twimg.com/profile_banners/834374677560705024/1559981725',
                                  'profile_image_url': 'http://pbs.twimg.com/profile_images/1137267216955482114/4tG-zMA6_normal.jpg',
                                  'profile_image_url_https': 'https://pbs.twimg.com/profile_images/1137267216955482114/4tG-zMA6_normal.jpg',
                                  'profile_link_color': '1DA1F2',
                                  'profile_sidebar_border_color': 'C0DEED',
                                  'profile_sidebar_fill_color': 'DDEEF6',
                                  'profile_text_color': '333333',
                                  'profile_use_background_image': True,
                                  'protected': False,
                                  'screen_name': 'wantmarketplace',
                                  'statuses_count': 76,
                                  'time_zone': None,
                                  'translator_type': 'none',
                                  'url': 'https://t.co/FpJbeDXvVn',
                                  'utc_offset': None,
                                  'verified': False}},
  'source': '<a href="http://twitter.com/download/android" '
            'rel="nofollow">Twitter for Android</a>',
  'text': 'RT @wantmarketplace: This is how our First office started in 2009!\n'
          '\n'
          'WANT Marketplaces Security Token Offering raising $20 Million. '
          'Private…',
  'truncated': False,
  'user': { 'contributors_enabled': False,
            'created_at': 'Fri Sep 08 05:49:12 +0000 2017',
            'default_profile': True,
            'default_profile_image': False,
            'description': 'I am Medical student\n'
                           '#****(simple man)\n'
                           '#Follow  back',
            'entities': {'description': {'urls': []}},
            'favourites_count': 4843,
            'follow_request_sent': None,
            'followers_count': 4817,
            'following': None,
            'friends_count': 5295,
            'geo_enabled': False,
            'has_extended_profile': True,
            'id': 906031646884765701,
            'id_str': '906031646884765701',
            'is_translation_enabled': False,
            'is_translator': False,
            'lang': None,
            'listed_count': 14,
            'location': 'Dhaka, Bangladesh',
            'name': 'Md Mostofa kamal',
            'notifications': None,
            'profile_background_color': 'F5F8FA',
            'profile_background_image_url': None,
            'profile_background_image_url_https': None,
            'profile_background_tile': False,
            'profile_banner_url': 'https://pbs.twimg.com/profile_banners/906031646884765701/1543978436',
            'profile_image_url': 'http://pbs.twimg.com/profile_images/1122456466047127552/jObVPMAo_normal.jpg',
            'profile_image_url_https': 'https://pbs.twimg.com/profile_images/1122456466047127552/jObVPMAo_normal.jpg',
            'profile_link_color': '1DA1F2',
            'profile_sidebar_border_color': 'C0DEED',
            'profile_sidebar_fill_color': 'DDEEF6',
            'profile_text_color': '333333',
            'profile_use_background_image': True,
            'protected': False,
            'screen_name': 'Mostofa2020',
            'statuses_count': 5960,
            'time_zone': None,
            'translator_type': 'none',
            'url': None,
            'utc_offset': None,
            'verified': False}}
----------Summary----------
{ 'entities': {},
  'id_str': '1156653468624408576',
  'retweeted_status': { 'entities': { 'urls': { 'display_url': 'twitter.com/i/web/status/1…',
                                                'expanded_url': 'https://twitter.com/i/web/status/1148099409491591169'}},
                        'id_str': '1148099409491591169',
                        'text': 'this is how our first office started in '
                                '2009!  want marketplaces security token '
                                'offering raising $20 million. priva '
                                'https://t.co/ojquvhuqlv',
                        'user': { 'entities': {},
                                  'id_str': '834374677560705024',
                                  'twitter_user': 'wantmarketplace'}},
  'text': 'rt @wantmarketplace: this is how our first office started in 2009!  '
          'want marketplaces security token offering raising $20 million. '
          'private',
  'user': { 'entities': {},
            'id_str': '906031646884765701',
            'twitter_user': 'Mostofa2020'}}
----------Groups----------
{ 'Bitcoin': ['bitcoin', 'Bitcoin', 'btc', 'satoshi nakamoto'],
  'Ethereum': ['ethereum', 'Ethereum', 'eth', 'vitalik buterin'],
  'Litecoin': ['litecoin', 'Litecoin', 'ltc', 'charles lee'],
  'Monero': ['monero', 'Monero', 'xmr', 'riccardo spagni'],
  'Ripple': [ 'ripple',
              'Ripple',
              'xrp',
              'xrapid',
              'xcurrent',
              'chris larsen',
              'jed mccaleb']}
---------------------------Fetch-------2019-07-31 15:55:22.433762: Tweet filed under "misc":----------Data----------
{ 'contributors': None,
  'coordinates': None,
  'created_at': 'Wed Jul 31 19:50:31 +0000 2019',
  'entities': { 'hashtags': [],
                'symbols': [],
                'urls': [ { 'display_url': 't.me/wantmarketplac…',
                            'expanded_url': 'https://t.me/wantmarketplaces',
                            'indices': [60, 83],
                            'url': 'https://t.co/iPEWJ3GOq2'}],
                'user_mentions': [ { 'id': 834374677560705024,
                                     'id_str': '834374677560705024',
                                     'indices': [3, 19],
                                     'name': 'Want Marketplaces',
                                     'screen_name': 'wantmarketplace'}]},
  'favorite_count': 0,
  'favorited': False,
  'geo': None,
  'id': 1156653385740771328,
  'id_str': '1156653385740771328',
  'in_reply_to_screen_name': None,
  'in_reply_to_status_id': None,
  'in_reply_to_status_id_str': None,
  'in_reply_to_user_id': None,
  'in_reply_to_user_id_str': None,
  'is_quote_status': False,
  'lang': 'en',
  'metadata': {'iso_language_code': 'en', 'result_type': 'recent'},
  'place': None,
  'possibly_sensitive': False,
  'retweet_count': 56,
  'retweeted': False,
  'retweeted_status': { 'contributors': None,
                        'coordinates': None,
                        'created_at': 'Wed Jul 17 02:37:03 +0000 2019',
                        'entities': { 'hashtags': [],
                                      'symbols': [],
                                      'urls': [ { 'display_url': 't.me/wantmarketplac…',
                                                  'expanded_url': 'https://t.me/wantmarketplaces',
                                                  'indices': [39, 62],
                                                  'url': 'https://t.co/iPEWJ3GOq2'},
                                                { 'display_url': 'twitter.com/i/web/status/1…',
                                                  'expanded_url': 'https://twitter.com/i/web/status/1151319874544664578',
                                                  'indices': [98, 121],
                                                  'url': 'https://t.co/caNEyxHISc'}],
                                      'user_mentions': []},
                        'favorite_count': 199,
                        'favorited': False,
                        'geo': None,
                        'id': 1151319874544664578,
                        'id_str': '1151319874544664578',
                        'in_reply_to_screen_name': None,
                        'in_reply_to_status_id': None,
                        'in_reply_to_status_id_str': None,
                        'in_reply_to_user_id': None,
                        'in_reply_to_user_id_str': None,
                        'is_quote_status': False,
                        'lang': 'en',
                        'metadata': { 'iso_language_code': 'en',
                                      'result_type': 'recent'},
                        'place': None,
                        'possibly_sensitive': False,
                        'retweet_count': 56,
                        'retweeted': False,
                        'source': '<a href="https://mobile.twitter.com" '
                                  'rel="nofollow">Twitter Web App</a>',
                        'text': '3000 subscribers on Telegram Channel \n'
                                '\n'
                                'https://t.co/iPEWJ3GOq2\n'
                                '\n'
                                'Private Sale @ $0.18 / 40% OFF -… '
                                'https://t.co/caNEyxHISc',
                        'truncated': True,
                        'user': { 'contributors_enabled': False,
                                  'created_at': 'Wed Feb 22 12:09:59 +0000 '
                                                '2017',
                                  'default_profile': True,
                                  'default_profile_image': False,
                                  'description': 'Official Account for WANT '
                                                 'Marketplaces STO Offering',
                                  'entities': { 'description': {'urls': []},
                                                'url': { 'urls': [ { 'display_url': 'benipal.com',
                                                                     'expanded_url': 'https://benipal.com',
                                                                     'indices': [ 0,
                                                                                  23],
                                                                     'url': 'https://t.co/FpJbeDXvVn'}]}},
                                  'favourites_count': 4,
                                  'follow_request_sent': None,
                                  'followers_count': 1600,
                                  'following': None,
                                  'friends_count': 1,
                                  'geo_enabled': False,
                                  'has_extended_profile': False,
                                  'id': 834374677560705024,
                                  'id_str': '834374677560705024',
                                  'is_translation_enabled': False,
                                  'is_translator': False,
                                  'lang': None,
                                  'listed_count': 2,
                                  'location': 'New York, NY',
                                  'name': 'Want Marketplaces',
                                  'notifications': None,
                                  'profile_background_color': 'F5F8FA',
                                  'profile_background_image_url': None,
                                  'profile_background_image_url_https': None,
                                  'profile_background_tile': False,
                                  'profile_banner_url': 'https://pbs.twimg.com/profile_banners/834374677560705024/1559981725',
                                  'profile_image_url': 'http://pbs.twimg.com/profile_images/1137267216955482114/4tG-zMA6_normal.jpg',
                                  'profile_image_url_https': 'https://pbs.twimg.com/profile_images/1137267216955482114/4tG-zMA6_normal.jpg',
                                  'profile_link_color': '1DA1F2',
                                  'profile_sidebar_border_color': 'C0DEED',
                                  'profile_sidebar_fill_color': 'DDEEF6',
                                  'profile_text_color': '333333',
                                  'profile_use_background_image': True,
                                  'protected': False,
                                  'screen_name': 'wantmarketplace',
                                  'statuses_count': 76,
                                  'time_zone': None,
                                  'translator_type': 'none',
                                  'url': 'https://t.co/FpJbeDXvVn',
                                  'utc_offset': None,
                                  'verified': False}},
  'source': '<a href="http://twitter.com/download/android" '
            'rel="nofollow">Twitter for Android</a>',
  'text': 'RT @wantmarketplace: 3000 subscribers on Telegram Channel \n'
          '\n'
          'https://t.co/iPEWJ3GOq2\n'
          '\n'
          'Private Sale @ $0.18 / 40% OFF - https://t.co/diMbd4sx…',
  'truncated': False,
  'user': { 'contributors_enabled': False,
            'created_at': 'Fri Sep 08 05:49:12 +0000 2017',
            'default_profile': True,
            'default_profile_image': False,
            'description': 'I am Medical student\n'
                           '#****(simple man)\n'
                           '#Follow  back',
            'entities': {'description': {'urls': []}},
            'favourites_count': 4843,
            'follow_request_sent': None,
            'followers_count': 4817,
            'following': None,
            'friends_count': 5295,
            'geo_enabled': False,
            'has_extended_profile': True,
            'id': 906031646884765701,
            'id_str': '906031646884765701',
            'is_translation_enabled': False,
            'is_translator': False,
            'lang': None,
            'listed_count': 14,
            'location': 'Dhaka, Bangladesh',
            'name': 'Md Mostofa kamal',
            'notifications': None,
            'profile_background_color': 'F5F8FA',
            'profile_background_image_url': None,
            'profile_background_image_url_https': None,
            'profile_background_tile': False,
            'profile_banner_url': 'https://pbs.twimg.com/profile_banners/906031646884765701/1543978436',
            'profile_image_url': 'http://pbs.twimg.com/profile_images/1122456466047127552/jObVPMAo_normal.jpg',
            'profile_image_url_https': 'https://pbs.twimg.com/profile_images/1122456466047127552/jObVPMAo_normal.jpg',
            'profile_link_color': '1DA1F2',
            'profile_sidebar_border_color': 'C0DEED',
            'profile_sidebar_fill_color': 'DDEEF6',
            'profile_text_color': '333333',
            'profile_use_background_image': True,
            'protected': False,
            'screen_name': 'Mostofa2020',
            'statuses_count': 5960,
            'time_zone': None,
            'translator_type': 'none',
            'url': None,
            'utc_offset': None,
            'verified': False}}
----------Summary----------
{ 'entities': { 'urls': { 'display_url': 't.me/wantmarketplac…',
                          'expanded_url': 'https://t.me/wantmarketplaces'}},
  'id_str': '1156653385740771328',
  'retweeted_status': { 'entities': { 'urls': { 'display_url': 'twitter.com/i/web/status/1…',
                                                'expanded_url': 'https://twitter.com/i/web/status/1151319874544664578'}},
                        'id_str': '1151319874544664578',
                        'text': '3000 subscribers on telegram channel   '
                                'https://t.co/ipewj3goq2  private sale @ $0.18 '
                                '/ 40% off - https://t.co/caneyxhisc',
                        'user': { 'entities': {},
                                  'id_str': '834374677560705024',
                                  'twitter_user': 'wantmarketplace'}},
  'text': 'rt @wantmarketplace: 3000 subscribers on telegram channel   '
          'https://t.co/ipewj3goq2  private sale @ $0.18 / 40% off - '
          'https://t.co/dimbd4sx',
  'user': { 'entities': {},
            'id_str': '906031646884765701',
            'twitter_user': 'Mostofa2020'}}
----------Groups----------
{ 'Bitcoin': ['bitcoin', 'Bitcoin', 'btc', 'satoshi nakamoto'],
  'Ethereum': ['ethereum', 'Ethereum', 'eth', 'vitalik buterin'],
  'Litecoin': ['litecoin', 'Litecoin', 'ltc', 'charles lee'],
  'Monero': ['monero', 'Monero', 'xmr', 'riccardo spagni'],
  'Ripple': [ 'ripple',
              'Ripple',
              'xrp',
              'xrapid',
              'xcurrent',
              'chris larsen',
              'jed mccaleb']}
---------------------------Fetch-------2019-07-31 15:55:22.738867: Tweet filed under "misc":----------Data----------
{ 'contributors': None,
  'coordinates': None,
  'created_at': 'Wed Jul 31 19:50:29 +0000 2019',
  'entities': { 'hashtags': [],
                'symbols': [],
                'urls': [],
                'user_mentions': [ { 'id': 834374677560705024,
                                     'id_str': '834374677560705024',
                                     'indices': [3, 19],
                                     'name': 'Want Marketplaces',
                                     'screen_name': 'wantmarketplace'}]},
  'favorite_count': 0,
  'favorited': False,
  'geo': None,
  'id': 1156653376559443968,
  'id_str': '1156653376559443968',
  'in_reply_to_screen_name': None,
  'in_reply_to_status_id': None,
  'in_reply_to_status_id_str': None,
  'in_reply_to_user_id': None,
  'in_reply_to_user_id_str': None,
  'is_quote_status': False,
  'lang': 'en',
  'metadata': {'iso_language_code': 'en', 'result_type': 'recent'},
  'place': None,
  'retweet_count': 42,
  'retweeted': False,
  'retweeted_status': { 'contributors': None,
                        'coordinates': None,
                        'created_at': 'Fri Jul 19 15:33:35 +0000 2019',
                        'entities': { 'hashtags': [],
                                      'symbols': [],
                                      'urls': [ { 'display_url': 'twitter.com/i/web/status/1…',
                                                  'expanded_url': 'https://twitter.com/i/web/status/1152240071447367681',
                                                  'indices': [117, 140],
                                                  'url': 'https://t.co/58q5KLgYAd'}],
                                      'user_mentions': []},
                        'favorite_count': 186,
                        'favorited': False,
                        'geo': None,
                        'id': 1152240071447367681,
                        'id_str': '1152240071447367681',
                        'in_reply_to_screen_name': None,
                        'in_reply_to_status_id': None,
                        'in_reply_to_status_id_str': None,
                        'in_reply_to_user_id': None,
                        'in_reply_to_user_id_str': None,
                        'is_quote_status': False,
                        'lang': 'en',
                        'metadata': { 'iso_language_code': 'en',
                                      'result_type': 'recent'},
                        'place': None,
                        'possibly_sensitive': False,
                        'retweet_count': 42,
                        'retweeted': False,
                        'source': '<a href="https://mobile.twitter.com" '
                                  'rel="nofollow">Twitter Web App</a>',
                        'text': '9000 subscribers on Telegram. WANT '
                                'Marketplaces Security Token Offering raising '
                                '$20 Million. \n'
                                '\n'
                                'Private Sale open NO… https://t.co/58q5KLgYAd',
                        'truncated': True,
                        'user': { 'contributors_enabled': False,
                                  'created_at': 'Wed Feb 22 12:09:59 +0000 '
                                                '2017',
                                  'default_profile': True,
                                  'default_profile_image': False,
                                  'description': 'Official Account for WANT '
                                                 'Marketplaces STO Offering',
                                  'entities': { 'description': {'urls': []},
                                                'url': { 'urls': [ { 'display_url': 'benipal.com',
                                                                     'expanded_url': 'https://benipal.com',
                                                                     'indices': [ 0,
                                                                                  23],
                                                                     'url': 'https://t.co/FpJbeDXvVn'}]}},
                                  'favourites_count': 4,
                                  'follow_request_sent': None,
                                  'followers_count': 1600,
                                  'following': None,
                                  'friends_count': 1,
                                  'geo_enabled': False,
                                  'has_extended_profile': False,
                                  'id': 834374677560705024,
                                  'id_str': '834374677560705024',
                                  'is_translation_enabled': False,
                                  'is_translator': False,
                                  'lang': None,
                                  'listed_count': 2,
                                  'location': 'New York, NY',
                                  'name': 'Want Marketplaces',
                                  'notifications': None,
                                  'profile_background_color': 'F5F8FA',
                                  'profile_background_image_url': None,
                                  'profile_background_image_url_https': None,
                                  'profile_background_tile': False,
                                  'profile_banner_url': 'https://pbs.twimg.com/profile_banners/834374677560705024/1559981725',
                                  'profile_image_url': 'http://pbs.twimg.com/profile_images/1137267216955482114/4tG-zMA6_normal.jpg',
                                  'profile_image_url_https': 'https://pbs.twimg.com/profile_images/1137267216955482114/4tG-zMA6_normal.jpg',
                                  'profile_link_color': '1DA1F2',
                                  'profile_sidebar_border_color': 'C0DEED',
                                  'profile_sidebar_fill_color': 'DDEEF6',
                                  'profile_text_color': '333333',
                                  'profile_use_background_image': True,
                                  'protected': False,
                                  'screen_name': 'wantmarketplace',
                                  'statuses_count': 76,
                                  'time_zone': None,
                                  'translator_type': 'none',
                                  'url': 'https://t.co/FpJbeDXvVn',
                                  'utc_offset': None,
                                  'verified': False}},
  'source': '<a href="http://twitter.com/download/android" '
            'rel="nofollow">Twitter for Android</a>',
  'text': 'RT @wantmarketplace: 9000 subscribers on Telegram. WANT '
          'Marketplaces Security Token Offering raising $20 Million. \n'
          '\n'
          'Private Sale open NOW t…',
  'truncated': False,
  'user': { 'contributors_enabled': False,
            'created_at': 'Fri Sep 08 05:49:12 +0000 2017',
            'default_profile': True,
            'default_profile_image': False,
            'description': 'I am Medical student\n'
                           '#****(simple man)\n'
                           '#Follow  back',
            'entities': {'description': {'urls': []}},
            'favourites_count': 4843,
            'follow_request_sent': None,
            'followers_count': 4817,
            'following': None,
            'friends_count': 5295,
            'geo_enabled': False,
            'has_extended_profile': True,
            'id': 906031646884765701,
            'id_str': '906031646884765701',
            'is_translation_enabled': False,
            'is_translator': False,
            'lang': None,
            'listed_count': 14,
            'location': 'Dhaka, Bangladesh',
            'name': 'Md Mostofa kamal',
            'notifications': None,
            'profile_background_color': 'F5F8FA',
            'profile_background_image_url': None,
            'profile_background_image_url_https': None,
            'profile_background_tile': False,
            'profile_banner_url': 'https://pbs.twimg.com/profile_banners/906031646884765701/1543978436',
            'profile_image_url': 'http://pbs.twimg.com/profile_images/1122456466047127552/jObVPMAo_normal.jpg',
            'profile_image_url_https': 'https://pbs.twimg.com/profile_images/1122456466047127552/jObVPMAo_normal.jpg',
            'profile_link_color': '1DA1F2',
            'profile_sidebar_border_color': 'C0DEED',
            'profile_sidebar_fill_color': 'DDEEF6',
            'profile_text_color': '333333',
            'profile_use_background_image': True,
            'protected': False,
            'screen_name': 'Mostofa2020',
            'statuses_count': 5960,
            'time_zone': None,
            'translator_type': 'none',
            'url': None,
            'utc_offset': None,
            'verified': False}}
----------Summary----------
{ 'entities': {},
  'id_str': '1156653376559443968',
  'retweeted_status': { 'entities': { 'urls': { 'display_url': 'twitter.com/i/web/status/1…',
                                                'expanded_url': 'https://twitter.com/i/web/status/1152240071447367681'}},
                        'id_str': '1152240071447367681',
                        'text': '9000 subscribers on telegram. want '
                                'marketplaces security token offering raising '
                                '$20 million.   private sale open no '
                                'https://t.co/58q5klgyad',
                        'user': { 'entities': {},
                                  'id_str': '834374677560705024',
                                  'twitter_user': 'wantmarketplace'}},
  'text': 'rt @wantmarketplace: 9000 subscribers on telegram. want '
          'marketplaces security token offering raising $20 million.   private '
          'sale open now t',
  'user': { 'entities': {},
            'id_str': '906031646884765701',
            'twitter_user': 'Mostofa2020'}}
----------Groups----------
{ 'Bitcoin': ['bitcoin', 'Bitcoin', 'btc', 'satoshi nakamoto'],
  'Ethereum': ['ethereum', 'Ethereum', 'eth', 'vitalik buterin'],
  'Litecoin': ['litecoin', 'Litecoin', 'ltc', 'charles lee'],
  'Monero': ['monero', 'Monero', 'xmr', 'riccardo spagni'],
  'Ripple': [ 'ripple',
              'Ripple',
              'xrp',
              'xrapid',
              'xcurrent',
              'chris larsen',
              'jed mccaleb']}
---------------------------Fetch-------2019-07-31 15:55:23.354453: Tweet filed under "misc":----------Data----------
{ 'contributors': None,
  'coordinates': None,
  'created_at': 'Wed Jul 31 19:50:16 +0000 2019',
  'entities': { 'hashtags': [],
                'symbols': [],
                'urls': [],
                'user_mentions': [ { 'id': 834374677560705024,
                                     'id_str': '834374677560705024',
                                     'indices': [3, 19],
                                     'name': 'Want Marketplaces',
                                     'screen_name': 'wantmarketplace'}]},
  'favorite_count': 0,
  'favorited': False,
  'geo': None,
  'id': 1156653321748271104,
  'id_str': '1156653321748271104',
  'in_reply_to_screen_name': None,
  'in_reply_to_status_id': None,
  'in_reply_to_status_id_str': None,
  'in_reply_to_user_id': None,
  'in_reply_to_user_id_str': None,
  'is_quote_status': False,
  'lang': 'en',
  'metadata': {'iso_language_code': 'en', 'result_type': 'recent'},
  'place': None,
  'retweet_count': 43,
  'retweeted': False,
  'retweeted_status': { 'contributors': None,
                        'coordinates': None,
                        'created_at': 'Wed Jul 24 14:21:35 +0000 2019',
                        'entities': { 'hashtags': [],
                                      'symbols': [],
                                      'urls': [ { 'display_url': 'twitter.com/i/web/status/1…',
                                                  'expanded_url': 'https://twitter.com/i/web/status/1154033891755343872',
                                                  'indices': [115, 138],
                                                  'url': 'https://t.co/6LFab001Hh'}],
                                      'user_mentions': []},
                        'favorite_count': 151,
                        'favorited': False,
                        'geo': None,
                        'id': 1154033891755343872,
                        'id_str': '1154033891755343872',
                        'in_reply_to_screen_name': None,
                        'in_reply_to_status_id': None,
                        'in_reply_to_status_id_str': None,
                        'in_reply_to_user_id': None,
                        'in_reply_to_user_id_str': None,
                        'is_quote_status': False,
                        'lang': 'en',
                        'metadata': { 'iso_language_code': 'en',
                                      'result_type': 'recent'},
                        'place': None,
                        'possibly_sensitive': False,
                        'retweet_count': 43,
                        'retweeted': False,
                        'source': '<a href="https://mobile.twitter.com" '
                                  'rel="nofollow">Twitter Web App</a>',
                        'text': 'AIRDROP going ON! \n'
                                '\n'
                                'Get Free $4 worth of WNT Tokens PLUS 3 Tokens '
                                'for each Referral! No KYC. Unlimited '
                                'referrals.… https://t.co/6LFab001Hh',
                        'truncated': True,
                        'user': { 'contributors_enabled': False,
                                  'created_at': 'Wed Feb 22 12:09:59 +0000 '
                                                '2017',
                                  'default_profile': True,
                                  'default_profile_image': False,
                                  'description': 'Official Account for WANT '
                                                 'Marketplaces STO Offering',
                                  'entities': { 'description': {'urls': []},
                                                'url': { 'urls': [ { 'display_url': 'benipal.com',
                                                                     'expanded_url': 'https://benipal.com',
                                                                     'indices': [ 0,
                                                                                  23],
                                                                     'url': 'https://t.co/FpJbeDXvVn'}]}},
                                  'favourites_count': 4,
                                  'follow_request_sent': None,
                                  'followers_count': 1600,
                                  'following': None,
                                  'friends_count': 1,
                                  'geo_enabled': False,
                                  'has_extended_profile': False,
                                  'id': 834374677560705024,
                                  'id_str': '834374677560705024',
                                  'is_translation_enabled': False,
                                  'is_translator': False,
                                  'lang': None,
                                  'listed_count': 2,
                                  'location': 'New York, NY',
                                  'name': 'Want Marketplaces',
                                  'notifications': None,
                                  'profile_background_color': 'F5F8FA',
                                  'profile_background_image_url': None,
                                  'profile_background_image_url_https': None,
                                  'profile_background_tile': False,
                                  'profile_banner_url': 'https://pbs.twimg.com/profile_banners/834374677560705024/1559981725',
                                  'profile_image_url': 'http://pbs.twimg.com/profile_images/1137267216955482114/4tG-zMA6_normal.jpg',
                                  'profile_image_url_https': 'https://pbs.twimg.com/profile_images/1137267216955482114/4tG-zMA6_normal.jpg',
                                  'profile_link_color': '1DA1F2',
                                  'profile_sidebar_border_color': 'C0DEED',
                                  'profile_sidebar_fill_color': 'DDEEF6',
                                  'profile_text_color': '333333',
                                  'profile_use_background_image': True,
                                  'protected': False,
                                  'screen_name': 'wantmarketplace',
                                  'statuses_count': 76,
                                  'time_zone': None,
                                  'translator_type': 'none',
                                  'url': 'https://t.co/FpJbeDXvVn',
                                  'utc_offset': None,
                                  'verified': False}},
  'source': '<a href="http://twitter.com/download/android" '
            'rel="nofollow">Twitter for Android</a>',
  'text': 'RT @wantmarketplace: AIRDROP going ON! \n'
          '\n'
          'Get Free $4 worth of WNT Tokens PLUS 3 Tokens for each Referral! No '
          'KYC. Unlimited referrals.\n'
          'http…',
  'truncated': False,
  'user': { 'contributors_enabled': False,
            'created_at': 'Fri Sep 08 05:49:12 +0000 2017',
            'default_profile': True,
            'default_profile_image': False,
            'description': 'I am Medical student\n'
                           '#****(simple man)\n'
                           '#Follow  back',
            'entities': {'description': {'urls': []}},
            'favourites_count': 4843,
            'follow_request_sent': None,
            'followers_count': 4817,
            'following': None,
            'friends_count': 5295,
            'geo_enabled': False,
            'has_extended_profile': True,
            'id': 906031646884765701,
            'id_str': '906031646884765701',
            'is_translation_enabled': False,
            'is_translator': False,
            'lang': None,
            'listed_count': 14,
            'location': 'Dhaka, Bangladesh',
            'name': 'Md Mostofa kamal',
            'notifications': None,
            'profile_background_color': 'F5F8FA',
            'profile_background_image_url': None,
            'profile_background_image_url_https': None,
            'profile_background_tile': False,
            'profile_banner_url': 'https://pbs.twimg.com/profile_banners/906031646884765701/1543978436',
            'profile_image_url': 'http://pbs.twimg.com/profile_images/1122456466047127552/jObVPMAo_normal.jpg',
            'profile_image_url_https': 'https://pbs.twimg.com/profile_images/1122456466047127552/jObVPMAo_normal.jpg',
            'profile_link_color': '1DA1F2',
            'profile_sidebar_border_color': 'C0DEED',
            'profile_sidebar_fill_color': 'DDEEF6',
            'profile_text_color': '333333',
            'profile_use_background_image': True,
            'protected': False,
            'screen_name': 'Mostofa2020',
            'statuses_count': 5960,
            'time_zone': None,
            'translator_type': 'none',
            'url': None,
            'utc_offset': None,
            'verified': False}}
----------Summary----------
{ 'entities': {},
  'id_str': '1156653321748271104',
  'retweeted_status': { 'entities': { 'urls': { 'display_url': 'twitter.com/i/web/status/1…',
                                                'expanded_url': 'https://twitter.com/i/web/status/1154033891755343872'}},
                        'id_str': '1154033891755343872',
                        'text': 'airdrop going on!   get free $4 worth of wnt '
                                'tokens plus 3 tokens for each referral! no '
                                'kyc. unlimited referrals. '
                                'https://t.co/6lfab001hh',
                        'user': { 'entities': {},
                                  'id_str': '834374677560705024',
                                  'twitter_user': 'wantmarketplace'}},
  'text': 'rt @wantmarketplace: airdrop going on!   get free $4 worth of wnt '
          'tokens plus 3 tokens for each referral! no kyc. unlimited '
          'referrals. http',
  'user': { 'entities': {},
            'id_str': '906031646884765701',
            'twitter_user': 'Mostofa2020'}}
----------Groups----------
{ 'Bitcoin': ['bitcoin', 'Bitcoin', 'btc', 'satoshi nakamoto'],
  'Ethereum': ['ethereum', 'Ethereum', 'eth', 'vitalik buterin'],
  'Litecoin': ['litecoin', 'Litecoin', 'ltc', 'charles lee'],
  'Monero': ['monero', 'Monero', 'xmr', 'riccardo spagni'],
  'Ripple': [ 'ripple',
              'Ripple',
              'xrp',
              'xrapid',
              'xcurrent',
              'chris larsen',
              'jed mccaleb']}
---------------------------Fetch-------2019-07-31 15:55:23.662570: Tweet filed under "misc":----------Data----------
{ 'contributors': None,
  'coordinates': None,
  'created_at': 'Wed Jul 31 19:50:10 +0000 2019',
  'entities': { 'hashtags': [],
                'symbols': [],
                'urls': [ { 'display_url': 'twitter.com/i/web/status/1…',
                            'expanded_url': 'https://twitter.com/i/web/status/1156653299841556486',
                            'indices': [117, 140],
                            'url': 'https://t.co/sI6oKZQQ15'}],
                'user_mentions': []},
  'favorite_count': 1,
  'favorited': False,
  'geo': None,
  'id': 1156653299841556486,
  'id_str': '1156653299841556486',
  'in_reply_to_screen_name': None,
  'in_reply_to_status_id': None,
  'in_reply_to_status_id_str': None,
  'in_reply_to_user_id': None,
  'in_reply_to_user_id_str': None,
  'is_quote_status': False,
  'lang': 'en',
  'metadata': {'iso_language_code': 'en', 'result_type': 'recent'},
  'place': None,
  'possibly_sensitive': False,
  'retweet_count': 0,
  'retweeted': False,
  'source': '<a href="https://mobile.twitter.com" rel="nofollow">Twitter Web '
            'App</a>',
  'text': 'DRIFE will come to the service of drivers. The community itself can '
          'choose “proven” for drivers who will receive pa… '
          'https://t.co/sI6oKZQQ15',
  'truncated': True,
  'user': { 'contributors_enabled': False,
            'created_at': 'Tue Jul 03 20:01:33 +0000 2018',
            'default_profile': False,
            'default_profile_image': False,
            'description': '',
            'entities': {'description': {'urls': []}},
            'favourites_count': 6816,
            'follow_request_sent': None,
            'followers_count': 1437,
            'following': None,
            'friends_count': 1716,
            'geo_enabled': False,
            'has_extended_profile': True,
            'id': 1014237730480500736,
            'id_str': '1014237730480500736',
            'is_translation_enabled': False,
            'is_translator': False,
            'lang': None,
            'listed_count': 9,
            'location': '',
            'name': 'crypto lady',
            'notifications': None,
            'profile_background_color': '000000',
            'profile_background_image_url': 'http://abs.twimg.com/images/themes/theme1/bg.png',
            'profile_background_image_url_https': 'https://abs.twimg.com/images/themes/theme1/bg.png',
            'profile_background_tile': False,
            'profile_banner_url': 'https://pbs.twimg.com/profile_banners/1014237730480500736/1547594948',
            'profile_image_url': 'http://pbs.twimg.com/profile_images/1105118337422540800/vtcvWuP4_normal.png',
            'profile_image_url_https': 'https://pbs.twimg.com/profile_images/1105118337422540800/vtcvWuP4_normal.png',
            'profile_link_color': 'E81C4F',
            'profile_sidebar_border_color': '000000',
            'profile_sidebar_fill_color': '000000',
            'profile_text_color': '000000',
            'profile_use_background_image': False,
            'protected': False,
            'screen_name': 'cryptolady17',
            'statuses_count': 5812,
            'time_zone': None,
            'translator_type': 'none',
            'url': None,
            'utc_offset': None,
            'verified': False}}
----------Summary----------
{ 'entities': { 'urls': { 'display_url': 'twitter.com/i/web/status/1…',
                          'expanded_url': 'https://twitter.com/i/web/status/1156653299841556486'}},
  'id_str': '1156653299841556486',
  'text': 'drife will come to the service of drivers. the community itself can '
          'choose proven for drivers who will receive pa '
          'https://t.co/si6okzqq15',
  'user': { 'entities': {},
            'id_str': '1014237730480500736',
            'twitter_user': 'cryptolady17'}}
----------Groups----------
{ 'Bitcoin': ['bitcoin', 'Bitcoin', 'btc', 'satoshi nakamoto'],
  'Ethereum': ['ethereum', 'Ethereum', 'eth', 'vitalik buterin'],
  'Litecoin': ['litecoin', 'Litecoin', 'ltc', 'charles lee'],
  'Monero': ['monero', 'Monero', 'xmr', 'riccardo spagni'],
  'Ripple': [ 'ripple',
              'Ripple',
              'xrp',
              'xrapid',
              'xcurrent',
              'chris larsen',
              'jed mccaleb']}
---------------------------Fetch-------2019-07-31 15:55:23.971335: Tweet filed under "misc":----------Data----------
{ 'contributors': None,
  'coordinates': None,
  'created_at': 'Wed Jul 31 19:50:10 +0000 2019',
  'entities': { 'hashtags': [],
                'symbols': [],
                'urls': [ { 'display_url': 't.me/wantmarketplac…',
                            'expanded_url': 'https://t.me/wantmarketplaces',
                            'indices': [82, 105],
                            'url': 'https://t.co/iPEWJ3pdyu'}],
                'user_mentions': [ { 'id': 834374677560705024,
                                     'id_str': '834374677560705024',
                                     'indices': [3, 19],
                                     'name': 'Want Marketplaces',
                                     'screen_name': 'wantmarketplace'}]},
  'favorite_count': 0,
  'favorited': False,
  'geo': None,
  'id': 1156653298973175808,
  'id_str': '1156653298973175808',
  'in_reply_to_screen_name': None,
  'in_reply_to_status_id': None,
  'in_reply_to_status_id_str': None,
  'in_reply_to_user_id': None,
  'in_reply_to_user_id_str': None,
  'is_quote_status': False,
  'lang': 'en',
  'metadata': {'iso_language_code': 'en', 'result_type': 'recent'},
  'place': None,
  'possibly_sensitive': False,
  'retweet_count': 41,
  'retweeted': False,
  'retweeted_status': { 'contributors': None,
                        'coordinates': None,
                        'created_at': 'Thu Jul 25 05:57:24 +0000 2019',
                        'entities': { 'hashtags': [],
                                      'symbols': [],
                                      'urls': [ { 'display_url': 't.me/wantmarketplac…',
                                                  'expanded_url': 'https://t.me/wantmarketplaces',
                                                  'indices': [61, 84],
                                                  'url': 'https://t.co/iPEWJ3pdyu'},
                                                { 'display_url': 'twitter.com/i/web/status/1…',
                                                  'expanded_url': 'https://twitter.com/i/web/status/1154269397227364352',
                                                  'indices': [117, 140],
                                                  'url': 'https://t.co/RLjwsBK5Dv'}],
                                      'user_mentions': []},
                        'favorite_count': 140,
                        'favorited': False,
                        'geo': None,
                        'id': 1154269397227364352,
                        'id_str': '1154269397227364352',
                        'in_reply_to_screen_name': None,
                        'in_reply_to_status_id': None,
                        'in_reply_to_status_id_str': None,
                        'in_reply_to_user_id': None,
                        'in_reply_to_user_id_str': None,
                        'is_quote_status': False,
                        'lang': 'en',
                        'metadata': { 'iso_language_code': 'en',
                                      'result_type': 'recent'},
                        'place': None,
                        'possibly_sensitive': False,
                        'retweet_count': 41,
                        'retweeted': False,
                        'source': '<a href="https://mobile.twitter.com" '
                                  'rel="nofollow">Twitter Web App</a>',
                        'text': '10,000 subscribers on Want Marketplaces '
                                'Telegram Channel 🚀🚀🚀 https://t.co/iPEWJ3pdyu\n'
                                '\n'
                                'WNT Private Sale raising $20M… '
                                'https://t.co/RLjwsBK5Dv',
                        'truncated': True,
                        'user': { 'contributors_enabled': False,
                                  'created_at': 'Wed Feb 22 12:09:59 +0000 '
                                                '2017',
                                  'default_profile': True,
                                  'default_profile_image': False,
                                  'description': 'Official Account for WANT '
                                                 'Marketplaces STO Offering',
                                  'entities': { 'description': {'urls': []},
                                                'url': { 'urls': [ { 'display_url': 'benipal.com',
                                                                     'expanded_url': 'https://benipal.com',
                                                                     'indices': [ 0,
                                                                                  23],
                                                                     'url': 'https://t.co/FpJbeDXvVn'}]}},
                                  'favourites_count': 4,
                                  'follow_request_sent': None,
                                  'followers_count': 1600,
                                  'following': None,
                                  'friends_count': 1,
                                  'geo_enabled': False,
                                  'has_extended_profile': False,
                                  'id': 834374677560705024,
                                  'id_str': '834374677560705024',
                                  'is_translation_enabled': False,
                                  'is_translator': False,
                                  'lang': None,
                                  'listed_count': 2,
                                  'location': 'New York, NY',
                                  'name': 'Want Marketplaces',
                                  'notifications': None,
                                  'profile_background_color': 'F5F8FA',
                                  'profile_background_image_url': None,
                                  'profile_background_image_url_https': None,
                                  'profile_background_tile': False,
                                  'profile_banner_url': 'https://pbs.twimg.com/profile_banners/834374677560705024/1559981725',
                                  'profile_image_url': 'http://pbs.twimg.com/profile_images/1137267216955482114/4tG-zMA6_normal.jpg',
                                  'profile_image_url_https': 'https://pbs.twimg.com/profile_images/1137267216955482114/4tG-zMA6_normal.jpg',
                                  'profile_link_color': '1DA1F2',
                                  'profile_sidebar_border_color': 'C0DEED',
                                  'profile_sidebar_fill_color': 'DDEEF6',
                                  'profile_text_color': '333333',
                                  'profile_use_background_image': True,
                                  'protected': False,
                                  'screen_name': 'wantmarketplace',
                                  'statuses_count': 76,
                                  'time_zone': None,
                                  'translator_type': 'none',
                                  'url': 'https://t.co/FpJbeDXvVn',
                                  'utc_offset': None,
                                  'verified': False}},
  'source': '<a href="http://twitter.com/download/android" '
            'rel="nofollow">Twitter for Android</a>',
  'text': 'RT @wantmarketplace: 10,000 subscribers on Want Marketplaces '
          'Telegram Channel 🚀🚀🚀 https://t.co/iPEWJ3pdyu\n'
          '\n'
          'WNT Private Sale raising $20M OP…',
  'truncated': False,
  'user': { 'contributors_enabled': False,
            'created_at': 'Fri Sep 08 05:49:12 +0000 2017',
            'default_profile': True,
            'default_profile_image': False,
            'description': 'I am Medical student\n'
                           '#****(simple man)\n'
                           '#Follow  back',
            'entities': {'description': {'urls': []}},
            'favourites_count': 4843,
            'follow_request_sent': None,
            'followers_count': 4817,
            'following': None,
            'friends_count': 5295,
            'geo_enabled': False,
            'has_extended_profile': True,
            'id': 906031646884765701,
            'id_str': '906031646884765701',
            'is_translation_enabled': False,
            'is_translator': False,
            'lang': None,
            'listed_count': 14,
            'location': 'Dhaka, Bangladesh',
            'name': 'Md Mostofa kamal',
            'notifications': None,
            'profile_background_color': 'F5F8FA',
            'profile_background_image_url': None,
            'profile_background_image_url_https': None,
            'profile_background_tile': False,
            'profile_banner_url': 'https://pbs.twimg.com/profile_banners/906031646884765701/1543978436',
            'profile_image_url': 'http://pbs.twimg.com/profile_images/1122456466047127552/jObVPMAo_normal.jpg',
            'profile_image_url_https': 'https://pbs.twimg.com/profile_images/1122456466047127552/jObVPMAo_normal.jpg',
            'profile_link_color': '1DA1F2',
            'profile_sidebar_border_color': 'C0DEED',
            'profile_sidebar_fill_color': 'DDEEF6',
            'profile_text_color': '333333',
            'profile_use_background_image': True,
            'protected': False,
            'screen_name': 'Mostofa2020',
            'statuses_count': 5960,
            'time_zone': None,
            'translator_type': 'none',
            'url': None,
            'utc_offset': None,
            'verified': False}}
----------Summary----------
{ 'entities': { 'urls': { 'display_url': 't.me/wantmarketplac…',
                          'expanded_url': 'https://t.me/wantmarketplaces'}},
  'id_str': '1156653298973175808',
  'retweeted_status': { 'entities': { 'urls': { 'display_url': 'twitter.com/i/web/status/1…',
                                                'expanded_url': 'https://twitter.com/i/web/status/1154269397227364352'}},
                        'id_str': '1154269397227364352',
                        'text': '10,000 subscribers on want marketplaces '
                                'telegram channel  https://t.co/ipewj3pdyu  '
                                'wnt private sale raising $20m '
                                'https://t.co/rljwsbk5dv',
                        'user': { 'entities': {},
                                  'id_str': '834374677560705024',
                                  'twitter_user': 'wantmarketplace'}},
  'text': 'rt @wantmarketplace: 10,000 subscribers on want marketplaces '
          'telegram channel  https://t.co/ipewj3pdyu  wnt private sale raising '
          '$20m op',
  'user': { 'entities': {},
            'id_str': '906031646884765701',
            'twitter_user': 'Mostofa2020'}}
----------Groups----------
{ 'Bitcoin': ['bitcoin', 'Bitcoin', 'btc', 'satoshi nakamoto'],
  'Ethereum': ['ethereum', 'Ethereum', 'eth', 'vitalik buterin'],
  'Litecoin': ['litecoin', 'Litecoin', 'ltc', 'charles lee'],
  'Monero': ['monero', 'Monero', 'xmr', 'riccardo spagni'],
  'Ripple': [ 'ripple',
              'Ripple',
              'xrp',
              'xrapid',
              'xcurrent',
              'chris larsen',
              'jed mccaleb']}
---------------------------Fetch-------2019-07-31 15:55:24.712697: Tweet filed under "misc":----------Data----------
{ 'contributors': None,
  'coordinates': None,
  'created_at': 'Wed Jul 31 19:50:04 +0000 2019',
  'entities': { 'hashtags': [],
                'symbols': [],
                'urls': [],
                'user_mentions': [ { 'id': 834374677560705024,
                                     'id_str': '834374677560705024',
                                     'indices': [3, 19],
                                     'name': 'Want Marketplaces',
                                     'screen_name': 'wantmarketplace'}]},
  'favorite_count': 0,
  'favorited': False,
  'geo': None,
  'id': 1156653271156551681,
  'id_str': '1156653271156551681',
  'in_reply_to_screen_name': None,
  'in_reply_to_status_id': None,
  'in_reply_to_status_id_str': None,
  'in_reply_to_user_id': None,
  'in_reply_to_user_id_str': None,
  'is_quote_status': False,
  'lang': 'en',
  'metadata': {'iso_language_code': 'en', 'result_type': 'recent'},
  'place': None,
  'retweet_count': 65,
  'retweeted': False,
  'retweeted_status': { 'contributors': None,
                        'coordinates': None,
                        'created_at': 'Mon Jul 15 13:41:21 +0000 2019',
                        'entities': { 'hashtags': [],
                                      'symbols': [],
                                      'urls': [ { 'display_url': 'twitter.com/i/web/status/1…',
                                                  'expanded_url': 'https://twitter.com/i/web/status/1150762276250673152',
                                                  'indices': [117, 140],
                                                  'url': 'https://t.co/HEw8j111YJ'}],
                                      'user_mentions': []},
                        'favorite_count': 212,
                        'favorited': False,
                        'geo': None,
                        'id': 1150762276250673152,
                        'id_str': '1150762276250673152',
                        'in_reply_to_screen_name': None,
                        'in_reply_to_status_id': None,
                        'in_reply_to_status_id_str': None,
                        'in_reply_to_user_id': None,
                        'in_reply_to_user_id_str': None,
                        'is_quote_status': False,
                        'lang': 'en',
                        'metadata': { 'iso_language_code': 'en',
                                      'result_type': 'recent'},
                        'place': None,
                        'possibly_sensitive': False,
                        'retweet_count': 65,
                        'retweeted': False,
                        'source': '<a href="https://mobile.twitter.com" '
                                  'rel="nofollow">Twitter Web App</a>',
                        'text': 'WANT Marketplaces STO - Building our 20 '
                                'TFlops Supercomputer back in 2012 for the '
                                'shopping search engine!\n'
                                'Private S… https://t.co/HEw8j111YJ',
                        'truncated': True,
                        'user': { 'contributors_enabled': False,
                                  'created_at': 'Wed Feb 22 12:09:59 +0000 '
                                                '2017',
                                  'default_profile': True,
                                  'default_profile_image': False,
                                  'description': 'Official Account for WANT '
                                                 'Marketplaces STO Offering',
                                  'entities': { 'description': {'urls': []},
                                                'url': { 'urls': [ { 'display_url': 'benipal.com',
                                                                     'expanded_url': 'https://benipal.com',
                                                                     'indices': [ 0,
                                                                                  23],
                                                                     'url': 'https://t.co/FpJbeDXvVn'}]}},
                                  'favourites_count': 4,
                                  'follow_request_sent': None,
                                  'followers_count': 1600,
                                  'following': None,
                                  'friends_count': 1,
                                  'geo_enabled': False,
                                  'has_extended_profile': False,
                                  'id': 834374677560705024,
                                  'id_str': '834374677560705024',
                                  'is_translation_enabled': False,
                                  'is_translator': False,
                                  'lang': None,
                                  'listed_count': 2,
                                  'location': 'New York, NY',
                                  'name': 'Want Marketplaces',
                                  'notifications': None,
                                  'profile_background_color': 'F5F8FA',
                                  'profile_background_image_url': None,
                                  'profile_background_image_url_https': None,
                                  'profile_background_tile': False,
                                  'profile_banner_url': 'https://pbs.twimg.com/profile_banners/834374677560705024/1559981725',
                                  'profile_image_url': 'http://pbs.twimg.com/profile_images/1137267216955482114/4tG-zMA6_normal.jpg',
                                  'profile_image_url_https': 'https://pbs.twimg.com/profile_images/1137267216955482114/4tG-zMA6_normal.jpg',
                                  'profile_link_color': '1DA1F2',
                                  'profile_sidebar_border_color': 'C0DEED',
                                  'profile_sidebar_fill_color': 'DDEEF6',
                                  'profile_text_color': '333333',
                                  'profile_use_background_image': True,
                                  'protected': False,
                                  'screen_name': 'wantmarketplace',
                                  'statuses_count': 76,
                                  'time_zone': None,
                                  'translator_type': 'none',
                                  'url': 'https://t.co/FpJbeDXvVn',
                                  'utc_offset': None,
                                  'verified': False}},
  'source': '<a href="http://twitter.com/download/android" '
            'rel="nofollow">Twitter for Android</a>',
  'text': 'RT @wantmarketplace: WANT Marketplaces STO - Building our 20 TFlops '
          'Supercomputer back in 2012 for the shopping search engine!\n'
          'Private Sale…',
  'truncated': False,
  'user': { 'contributors_enabled': False,
            'created_at': 'Fri Sep 08 05:49:12 +0000 2017',
            'default_profile': True,
            'default_profile_image': False,
            'description': 'I am Medical student\n'
                           '#****(simple man)\n'
                           '#Follow  back',
            'entities': {'description': {'urls': []}},
            'favourites_count': 4843,
            'follow_request_sent': None,
            'followers_count': 4817,
            'following': None,
            'friends_count': 5295,
            'geo_enabled': False,
            'has_extended_profile': True,
            'id': 906031646884765701,
            'id_str': '906031646884765701',
            'is_translation_enabled': False,
            'is_translator': False,
            'lang': None,
            'listed_count': 14,
            'location': 'Dhaka, Bangladesh',
            'name': 'Md Mostofa kamal',
            'notifications': None,
            'profile_background_color': 'F5F8FA',
            'profile_background_image_url': None,
            'profile_background_image_url_https': None,
            'profile_background_tile': False,
            'profile_banner_url': 'https://pbs.twimg.com/profile_banners/906031646884765701/1543978436',
            'profile_image_url': 'http://pbs.twimg.com/profile_images/1122456466047127552/jObVPMAo_normal.jpg',
            'profile_image_url_https': 'https://pbs.twimg.com/profile_images/1122456466047127552/jObVPMAo_normal.jpg',
            'profile_link_color': '1DA1F2',
            'profile_sidebar_border_color': 'C0DEED',
            'profile_sidebar_fill_color': 'DDEEF6',
            'profile_text_color': '333333',
            'profile_use_background_image': True,
            'protected': False,
            'screen_name': 'Mostofa2020',
            'statuses_count': 5960,
            'time_zone': None,
            'translator_type': 'none',
            'url': None,
            'utc_offset': None,
            'verified': False}}
----------Summary----------
{ 'entities': {},
  'id_str': '1156653271156551681',
  'retweeted_status': { 'entities': { 'urls': { 'display_url': 'twitter.com/i/web/status/1…',
                                                'expanded_url': 'https://twitter.com/i/web/status/1150762276250673152'}},
                        'id_str': '1150762276250673152',
                        'text': 'want marketplaces sto - building our 20 '
                                'tflops supercomputer back in 2012 for the '
                                'shopping search engine! private s '
                                'https://t.co/hew8j111yj',
                        'user': { 'entities': {},
                                  'id_str': '834374677560705024',
                                  'twitter_user': 'wantmarketplace'}},
  'text': 'rt @wantmarketplace: want marketplaces sto - building our 20 tflops '
          'supercomputer back in 2012 for the shopping search engine! private '
          'sale',
  'user': { 'entities': {},
            'id_str': '906031646884765701',
            'twitter_user': 'Mostofa2020'}}
----------Groups----------
{ 'Bitcoin': ['bitcoin', 'Bitcoin', 'btc', 'satoshi nakamoto'],
  'Ethereum': ['ethereum', 'Ethereum', 'eth', 'vitalik buterin'],
  'Litecoin': ['litecoin', 'Litecoin', 'ltc', 'charles lee'],
  'Monero': ['monero', 'Monero', 'xmr', 'riccardo spagni'],
  'Ripple': [ 'ripple',
              'Ripple',
              'xrp',
              'xrapid',
              'xcurrent',
              'chris larsen',
              'jed mccaleb']}
---------------------------Fetch-------2019-07-31 15:55:25.609569: Tweet filed under "misc":----------Data----------
{ 'contributors': None,
  'coordinates': None,
  'created_at': 'Wed Jul 31 19:50:00 +0000 2019',
  'entities': { 'hashtags': [],
                'symbols': [],
                'urls': [],
                'user_mentions': [ { 'id': 834374677560705024,
                                     'id_str': '834374677560705024',
                                     'indices': [3, 19],
                                     'name': 'Want Marketplaces',
                                     'screen_name': 'wantmarketplace'}]},
  'favorite_count': 0,
  'favorited': False,
  'geo': None,
  'id': 1156653255306297344,
  'id_str': '1156653255306297344',
  'in_reply_to_screen_name': None,
  'in_reply_to_status_id': None,
  'in_reply_to_status_id_str': None,
  'in_reply_to_user_id': None,
  'in_reply_to_user_id_str': None,
  'is_quote_status': False,
  'lang': 'en',
  'metadata': {'iso_language_code': 'en', 'result_type': 'recent'},
  'place': None,
  'retweet_count': 68,
  'retweeted': False,
  'retweeted_status': { 'contributors': None,
                        'coordinates': None,
                        'created_at': 'Sun Jul 14 05:21:31 +0000 2019',
                        'entities': { 'hashtags': [],
                                      'symbols': [],
                                      'urls': [ { 'display_url': 'twitter.com/i/web/status/1…',
                                                  'expanded_url': 'https://twitter.com/i/web/status/1150274102566854656',
                                                  'indices': [104, 127],
                                                  'url': 'https://t.co/0Z0FSxc0lQ'}],
                                      'user_mentions': []},
                        'favorite_count': 214,
                        'favorited': False,
                        'geo': None,
                        'id': 1150274102566854656,
                        'id_str': '1150274102566854656',
                        'in_reply_to_screen_name': None,
                        'in_reply_to_status_id': None,
                        'in_reply_to_status_id_str': None,
                        'in_reply_to_user_id': None,
                        'in_reply_to_user_id_str': None,
                        'is_quote_status': False,
                        'lang': 'en',
                        'metadata': { 'iso_language_code': 'en',
                                      'result_type': 'recent'},
                        'place': None,
                        'possibly_sensitive': False,
                        'retweet_count': 68,
                        'retweeted': False,
                        'source': '<a href="https://mobile.twitter.com" '
                                  'rel="nofollow">Twitter Web App</a>',
                        'text': 'AIRDROP! Get Free $4 worth of WNT Tokens PLUS '
                                '3 Tokens for each Referral! No KYC. Unlimited '
                                'referrals.… https://t.co/0Z0FSxc0lQ',
                        'truncated': True,
                        'user': { 'contributors_enabled': False,
                                  'created_at': 'Wed Feb 22 12:09:59 +0000 '
                                                '2017',
                                  'default_profile': True,
                                  'default_profile_image': False,
                                  'description': 'Official Account for WANT '
                                                 'Marketplaces STO Offering',
                                  'entities': { 'description': {'urls': []},
                                                'url': { 'urls': [ { 'display_url': 'benipal.com',
                                                                     'expanded_url': 'https://benipal.com',
                                                                     'indices': [ 0,
                                                                                  23],
                                                                     'url': 'https://t.co/FpJbeDXvVn'}]}},
                                  'favourites_count': 4,
                                  'follow_request_sent': None,
                                  'followers_count': 1600,
                                  'following': None,
                                  'friends_count': 1,
                                  'geo_enabled': False,
                                  'has_extended_profile': False,
                                  'id': 834374677560705024,
                                  'id_str': '834374677560705024',
                                  'is_translation_enabled': False,
                                  'is_translator': False,
                                  'lang': None,
                                  'listed_count': 2,
                                  'location': 'New York, NY',
                                  'name': 'Want Marketplaces',
                                  'notifications': None,
                                  'profile_background_color': 'F5F8FA',
                                  'profile_background_image_url': None,
                                  'profile_background_image_url_https': None,
                                  'profile_background_tile': False,
                                  'profile_banner_url': 'https://pbs.twimg.com/profile_banners/834374677560705024/1559981725',
                                  'profile_image_url': 'http://pbs.twimg.com/profile_images/1137267216955482114/4tG-zMA6_normal.jpg',
                                  'profile_image_url_https': 'https://pbs.twimg.com/profile_images/1137267216955482114/4tG-zMA6_normal.jpg',
                                  'profile_link_color': '1DA1F2',
                                  'profile_sidebar_border_color': 'C0DEED',
                                  'profile_sidebar_fill_color': 'DDEEF6',
                                  'profile_text_color': '333333',
                                  'profile_use_background_image': True,
                                  'protected': False,
                                  'screen_name': 'wantmarketplace',
                                  'statuses_count': 76,
                                  'time_zone': None,
                                  'translator_type': 'none',
                                  'url': 'https://t.co/FpJbeDXvVn',
                                  'utc_offset': None,
                                  'verified': False}},
  'source': '<a href="http://twitter.com/download/android" '
            'rel="nofollow">Twitter for Android</a>',
  'text': 'RT @wantmarketplace: AIRDROP! Get Free $4 worth of WNT Tokens PLUS '
          '3 Tokens for each Referral! No KYC. Unlimited referrals.\n'
          'https://t.co/cq…',
  'truncated': False,
  'user': { 'contributors_enabled': False,
            'created_at': 'Fri Sep 08 05:49:12 +0000 2017',
            'default_profile': True,
            'default_profile_image': False,
            'description': 'I am Medical student\n'
                           '#****(simple man)\n'
                           '#Follow  back',
            'entities': {'description': {'urls': []}},
            'favourites_count': 4843,
            'follow_request_sent': None,
            'followers_count': 4817,
            'following': None,
            'friends_count': 5295,
            'geo_enabled': False,
            'has_extended_profile': True,
            'id': 906031646884765701,
            'id_str': '906031646884765701',
            'is_translation_enabled': False,
            'is_translator': False,
            'lang': None,
            'listed_count': 14,
            'location': 'Dhaka, Bangladesh',
            'name': 'Md Mostofa kamal',
            'notifications': None,
            'profile_background_color': 'F5F8FA',
            'profile_background_image_url': None,
            'profile_background_image_url_https': None,
            'profile_background_tile': False,
            'profile_banner_url': 'https://pbs.twimg.com/profile_banners/906031646884765701/1543978436',
            'profile_image_url': 'http://pbs.twimg.com/profile_images/1122456466047127552/jObVPMAo_normal.jpg',
            'profile_image_url_https': 'https://pbs.twimg.com/profile_images/1122456466047127552/jObVPMAo_normal.jpg',
            'profile_link_color': '1DA1F2',
            'profile_sidebar_border_color': 'C0DEED',
            'profile_sidebar_fill_color': 'DDEEF6',
            'profile_text_color': '333333',
            'profile_use_background_image': True,
            'protected': False,
            'screen_name': 'Mostofa2020',
            'statuses_count': 5960,
            'time_zone': None,
            'translator_type': 'none',
            'url': None,
            'utc_offset': None,
            'verified': False}}
----------Summary----------
{ 'entities': {},
  'id_str': '1156653255306297344',
  'retweeted_status': { 'entities': { 'urls': { 'display_url': 'twitter.com/i/web/status/1…',
                                                'expanded_url': 'https://twitter.com/i/web/status/1150274102566854656'}},
                        'id_str': '1150274102566854656',
                        'text': 'airdrop! get free $4 worth of wnt tokens plus '
                                '3 tokens for each referral! no kyc. unlimited '
                                'referrals. https://t.co/0z0fsxc0lq',
                        'user': { 'entities': {},
                                  'id_str': '834374677560705024',
                                  'twitter_user': 'wantmarketplace'}},
  'text': 'rt @wantmarketplace: airdrop! get free $4 worth of wnt tokens plus '
          '3 tokens for each referral! no kyc. unlimited referrals. '
          'https://t.co/cq',
  'user': { 'entities': {},
            'id_str': '906031646884765701',
            'twitter_user': 'Mostofa2020'}}
----------Groups----------
{ 'Bitcoin': ['bitcoin', 'Bitcoin', 'btc', 'satoshi nakamoto'],
  'Ethereum': ['ethereum', 'Ethereum', 'eth', 'vitalik buterin'],
  'Litecoin': ['litecoin', 'Litecoin', 'ltc', 'charles lee'],
  'Monero': ['monero', 'Monero', 'xmr', 'riccardo spagni'],
  'Ripple': [ 'ripple',
              'Ripple',
              'xrp',
              'xrapid',
              'xcurrent',
              'chris larsen',
              'jed mccaleb']}
---------------------------Fetch-------2019-07-31 15:55:25.921375: Tweet filed under "misc":----------Data----------
{ 'contributors': None,
  'coordinates': None,
  'created_at': 'Wed Jul 31 19:49:42 +0000 2019',
  'entities': { 'hashtags': [],
                'symbols': [],
                'urls': [ { 'display_url': 'twitter.com/i/web/status/1…',
                            'expanded_url': 'https://twitter.com/i/web/status/1156653180450725889',
                            'indices': [117, 140],
                            'url': 'https://t.co/Lm08sb9UF4'}],
                'user_mentions': []},
  'favorite_count': 0,
  'favorited': False,
  'geo': None,
  'id': 1156653180450725889,
  'id_str': '1156653180450725889',
  'in_reply_to_screen_name': None,
  'in_reply_to_status_id': None,
  'in_reply_to_status_id_str': None,
  'in_reply_to_user_id': None,
  'in_reply_to_user_id_str': None,
  'is_quote_status': False,
  'lang': 'en',
  'metadata': {'iso_language_code': 'en', 'result_type': 'recent'},
  'place': None,
  'possibly_sensitive': True,
  'retweet_count': 0,
  'retweeted': False,
  'source': '<a href="https://mobile.twitter.com" rel="nofollow">Twitter Web '
            'App</a>',
  'text': 'Devolve developer is a indeed promising project. The most '
          'interesting thing about this project is that it offers eq… '
          'https://t.co/Lm08sb9UF4',
  'truncated': True,
  'user': { 'contributors_enabled': False,
            'created_at': 'Fri Apr 15 10:04:21 +0000 2011',
            'default_profile': False,
            'default_profile_image': False,
            'description': '#crypto #ico #bitcoin #HODL #TeamFollowback '
                           '#cryptocurrency #blockchain  #followers',
            'entities': { 'description': {'urls': []},
                          'url': { 'urls': [ { 'display_url': 'bountyplatform.io',
                                               'expanded_url': 'http://bountyplatform.io',
                                               'indices': [0, 23],
                                               'url': 'https://t.co/9OOvXrpaM8'}]}},
            'favourites_count': 2411,
            'follow_request_sent': None,
            'followers_count': 2496,
            'following': None,
            'friends_count': 2262,
            'geo_enabled': True,
            'has_extended_profile': True,
            'id': 282502688,
            'id_str': '282502688',
            'is_translation_enabled': False,
            'is_translator': False,
            'lang': None,
            'listed_count': 4,
            'location': 'Nigeria ',
            'name': 'Adedokun Kehinde',
            'notifications': None,
            'profile_background_color': '0099B9',
            'profile_background_image_url': 'http://abs.twimg.com/images/themes/theme4/bg.gif',
            'profile_background_image_url_https': 'https://abs.twimg.com/images/themes/theme4/bg.gif',
            'profile_background_tile': False,
            'profile_banner_url': 'https://pbs.twimg.com/profile_banners/282502688/1563652860',
            'profile_image_url': 'http://pbs.twimg.com/profile_images/1152669733126365184/6oaIBcPp_normal.jpg',
            'profile_image_url_https': 'https://pbs.twimg.com/profile_images/1152669733126365184/6oaIBcPp_normal.jpg',
            'profile_link_color': '1B95E0',
            'profile_sidebar_border_color': 'FFFFFF',
            'profile_sidebar_fill_color': '95E8EC',
            'profile_text_color': '3C3940',
            'profile_use_background_image': True,
            'protected': False,
            'screen_name': 'kenadzen',
            'statuses_count': 3759,
            'time_zone': None,
            'translator_type': 'none',
            'url': 'https://t.co/9OOvXrpaM8',
            'utc_offset': None,
            'verified': False}}
----------Summary----------
{ 'entities': { 'urls': { 'display_url': 'twitter.com/i/web/status/1…',
                          'expanded_url': 'https://twitter.com/i/web/status/1156653180450725889'}},
  'id_str': '1156653180450725889',
  'text': 'devolve developer is a indeed promising project. the most '
          'interesting thing about this project is that it offers eq '
          'https://t.co/lm08sb9uf4',
  'user': {'entities': {}, 'id_str': '282502688', 'twitter_user': 'kenadzen'}}
----------Groups----------
{ 'Bitcoin': ['bitcoin', 'Bitcoin', 'btc', 'satoshi nakamoto'],
  'Ethereum': ['ethereum', 'Ethereum', 'eth', 'vitalik buterin'],
  'Litecoin': ['litecoin', 'Litecoin', 'ltc', 'charles lee'],
  'Monero': ['monero', 'Monero', 'xmr', 'riccardo spagni'],
  'Ripple': [ 'ripple',
              'Ripple',
              'xrp',
              'xrapid',
              'xcurrent',
              'chris larsen',
              'jed mccaleb']}
---------------------------Fetch-------2019-07-31 15:55:28.269755: Tweet filed under "misc":----------Data----------
{ 'contributors': None,
  'coordinates': None,
  'created_at': 'Wed Jul 31 19:48:49 +0000 2019',
  'entities': { 'hashtags': [{'indices': [20, 26], 'text': 'Libra'}],
                'symbols': [],
                'urls': [ { 'display_url': 'twitter.com/i/web/status/1…',
                            'expanded_url': 'https://twitter.com/i/web/status/1156652959251468289',
                            'indices': [117, 140],
                            'url': 'https://t.co/AR7owgoD0I'}],
                'user_mentions': []},
  'favorite_count': 0,
  'favorited': False,
  'geo': None,
  'id': 1156652959251468289,
  'id_str': '1156652959251468289',
  'in_reply_to_screen_name': None,
  'in_reply_to_status_id': None,
  'in_reply_to_status_id_str': None,
  'in_reply_to_user_id': None,
  'in_reply_to_user_id_str': None,
  'is_quote_status': False,
  'lang': 'en',
  'metadata': {'iso_language_code': 'en', 'result_type': 'recent'},
  'place': None,
  'possibly_sensitive': False,
  'retweet_count': 0,
  'retweeted': False,
  'source': '<a href="http://twitter.com/download/iphone" '
            'rel="nofollow">Twitter for iPhone</a>',
  'text': 'Facebook announcing #Libra was a colossal game theory mistake... it '
          'may fail to launch now but the door has been bu… '
          'https://t.co/AR7owgoD0I',
  'truncated': True,
  'user': { 'contributors_enabled': False,
            'created_at': 'Tue Dec 13 22:49:00 +0000 2016',
            'default_profile': True,
            'default_profile_image': False,
            'description': 'Peterson Fellow @ActonMBA, All Things Blockchain, '
                           'Jiu Jitsu Blue Belt, Startup Modeling - @ '
                           'UptrendSolutions. Did someone say shenanigans?',
            'entities': {'description': {'urls': []}},
            'favourites_count': 2042,
            'follow_request_sent': None,
            'followers_count': 72,
            'following': None,
            'friends_count': 408,
            'geo_enabled': False,
            'has_extended_profile': True,
            'id': 808805952975564800,
            'id_str': '808805952975564800',
            'is_translation_enabled': False,
            'is_translator': False,
            'lang': None,
            'listed_count': 1,
            'location': 'Colorado, USA',
            'name': 'Thaddeus Pryor',
            'notifications': None,
            'profile_background_color': 'F5F8FA',
            'profile_background_image_url': None,
            'profile_background_image_url_https': None,
            'profile_background_tile': False,
            'profile_banner_url': 'https://pbs.twimg.com/profile_banners/808805952975564800/1560269619',
            'profile_image_url': 'http://pbs.twimg.com/profile_images/980576407343349760/EzG0D1aX_normal.jpg',
            'profile_image_url_https': 'https://pbs.twimg.com/profile_images/980576407343349760/EzG0D1aX_normal.jpg',
            'profile_link_color': '1DA1F2',
            'profile_sidebar_border_color': 'C0DEED',
            'profile_sidebar_fill_color': 'DDEEF6',
            'profile_text_color': '333333',
            'profile_use_background_image': True,
            'protected': False,
            'screen_name': 'thaddeuspryor',
            'statuses_count': 210,
            'time_zone': None,
            'translator_type': 'none',
            'url': None,
            'utc_offset': None,
            'verified': False}}
----------Summary----------
{ 'entities': { 'urls': { 'display_url': 'twitter.com/i/web/status/1…',
                          'expanded_url': 'https://twitter.com/i/web/status/1156652959251468289'}},
  'id_str': '1156652959251468289',
  'text': 'facebook announcing #libra was a colossal game theory mistake... it '
          'may fail to launch now but the door has been bu '
          'https://t.co/ar7owgod0i',
  'user': { 'entities': {},
            'id_str': '808805952975564800',
            'twitter_user': 'thaddeuspryor'}}
----------Groups----------
{ 'Bitcoin': ['bitcoin', 'Bitcoin', 'btc', 'satoshi nakamoto'],
  'Ethereum': ['ethereum', 'Ethereum', 'eth', 'vitalik buterin'],
  'Litecoin': ['litecoin', 'Litecoin', 'ltc', 'charles lee'],
  'Monero': ['monero', 'Monero', 'xmr', 'riccardo spagni'],
  'Ripple': [ 'ripple',
              'Ripple',
              'xrp',
              'xrapid',
              'xcurrent',
              'chris larsen',
              'jed mccaleb']}
---------------------------Fetch-------2019-07-31 15:55:28.802562: Tweet filed under "misc":----------Data----------
{ 'contributors': None,
  'coordinates': None,
  'created_at': 'Wed Jul 31 19:48:29 +0000 2019',
  'entities': { 'hashtags': [],
                'symbols': [],
                'urls': [],
                'user_mentions': [ { 'id': 1029438676705714176,
                                     'id_str': '1029438676705714176',
                                     'indices': [3, 17],
                                     'name': 'BuildingBlocksCrypto',
                                     'screen_name': 'blocks_crypto'}]},
  'favorite_count': 0,
  'favorited': False,
  'geo': None,
  'id': 1156652874236981248,
  'id_str': '1156652874236981248',
  'in_reply_to_screen_name': None,
  'in_reply_to_status_id': None,
  'in_reply_to_status_id_str': None,
  'in_reply_to_user_id': None,
  'in_reply_to_user_id_str': None,
  'is_quote_status': False,
  'lang': 'en',
  'metadata': {'iso_language_code': 'en', 'result_type': 'recent'},
  'place': None,
  'retweet_count': 91,
  'retweeted': False,
  'retweeted_status': { 'contributors': None,
                        'coordinates': None,
                        'created_at': 'Sat Jul 27 05:55:02 +0000 2019',
                        'entities': { 'hashtags': [],
                                      'symbols': [],
                                      'urls': [ { 'display_url': 'twitter.com/i/web/status/1…',
                                                  'expanded_url': 'https://twitter.com/i/web/status/1154993578667577344',
                                                  'indices': [117, 140],
                                                  'url': 'https://t.co/uEGUpSS8ge'}],
                                      'user_mentions': []},
                        'favorite_count': 101,
                        'favorited': False,
                        'geo': None,
                        'id': 1154993578667577344,
                        'id_str': '1154993578667577344',
                        'in_reply_to_screen_name': None,
                        'in_reply_to_status_id': None,
                        'in_reply_to_status_id_str': None,
                        'in_reply_to_user_id': None,
                        'in_reply_to_user_id_str': None,
                        'is_quote_status': False,
                        'lang': 'en',
                        'metadata': { 'iso_language_code': 'en',
                                      'result_type': 'recent'},
                        'place': None,
                        'possibly_sensitive': False,
                        'retweet_count': 91,
                        'retweeted': False,
                        'source': '<a href="https://mobile.twitter.com" '
                                  'rel="nofollow">Twitter Web App</a>',
                        'text': 'Name: Building Blocks Token\n'
                                'Symbol: BH4H\n'
                                'Total supply: 100,000,000,000\n'
                                '\n'
                                'AIRDROP HAS STARTED!\n'
                                '\n'
                                'To qualify for Airdro… '
                                'https://t.co/uEGUpSS8ge',
                        'truncated': True,
                        'user': { 'contributors_enabled': False,
                                  'created_at': 'Tue Aug 14 18:44:41 +0000 '
                                                '2018',
                                  'default_profile': True,
                                  'default_profile_image': False,
                                  'description': 'We are Building Blocks. Our '
                                                 'Crypto was created with the '
                                                 'homeless at mind. We aim to '
                                                 'build or Buy Hostels and '
                                                 'Hotels with the help of you '
                                                 'guys.',
                                  'entities': { 'description': {'urls': []},
                                                'url': { 'urls': [ { 'display_url': 'buidinghomes4homeless.xyz',
                                                                     'expanded_url': 'http://www.buidinghomes4homeless.xyz/',
                                                                     'indices': [ 0,
                                                                                  23],
                                                                     'url': 'https://t.co/ODdy4aewVI'}]}},
                                  'favourites_count': 146,
                                  'follow_request_sent': None,
                                  'followers_count': 280,
                                  'following': None,
                                  'friends_count': 0,
                                  'geo_enabled': False,
                                  'has_extended_profile': True,
                                  'id': 1029438676705714176,
                                  'id_str': '1029438676705714176',
                                  'is_translation_enabled': False,
                                  'is_translator': False,
                                  'lang': None,
                                  'listed_count': 0,
                                  'location': 'United Kingdom',
                                  'name': 'BuildingBlocksCrypto',
                                  'notifications': None,
                                  'profile_background_color': 'F5F8FA',
                                  'profile_background_image_url': None,
                                  'profile_background_image_url_https': None,
                                  'profile_background_tile': False,
                                  'profile_image_url': 'http://pbs.twimg.com/profile_images/1031992230289059840/xxNbMvh3_normal.jpg',
                                  'profile_image_url_https': 'https://pbs.twimg.com/profile_images/1031992230289059840/xxNbMvh3_normal.jpg',
                                  'profile_link_color': '1DA1F2',
                                  'profile_sidebar_border_color': 'C0DEED',
                                  'profile_sidebar_fill_color': 'DDEEF6',
                                  'profile_text_color': '333333',
                                  'profile_use_background_image': True,
                                  'protected': False,
                                  'screen_name': 'blocks_crypto',
                                  'statuses_count': 156,
                                  'time_zone': None,
                                  'translator_type': 'none',
                                  'url': 'https://t.co/ODdy4aewVI',
                                  'utc_offset': None,
                                  'verified': False}},
  'source': '<a href="https://mobile.twitter.com" rel="nofollow">Twitter Web '
            'App</a>',
  'text': 'RT @blocks_crypto: Name: Building Blocks Token\n'
          'Symbol: BH4H\n'
          'Total supply: 100,000,000,000\n'
          '\n'
          'AIRDROP HAS STARTED!\n'
          '\n'
          'To qualify for Airdrop:\n'
          '-F…',
  'truncated': False,
  'user': { 'contributors_enabled': False,
            'created_at': 'Sat Jun 23 15:40:48 +0000 2018',
            'default_profile': True,
            'default_profile_image': False,
            'description': '',
            'entities': {'description': {'urls': []}},
            'favourites_count': 2,
            'follow_request_sent': None,
            'followers_count': 2,
            'following': None,
            'friends_count': 75,
            'geo_enabled': False,
            'has_extended_profile': False,
            'id': 1010548231804080128,
            'id_str': '1010548231804080128',
            'is_translation_enabled': False,
            'is_translator': False,
            'lang': None,
            'listed_count': 0,
            'location': '',
            'name': 'auliahunaputri',
            'notifications': None,
            'profile_background_color': 'F5F8FA',
            'profile_background_image_url': None,
            'profile_background_image_url_https': None,
            'profile_background_tile': False,
            'profile_image_url': 'http://pbs.twimg.com/profile_images/1073574753057759233/qR9lKDqP_normal.jpg',
            'profile_image_url_https': 'https://pbs.twimg.com/profile_images/1073574753057759233/qR9lKDqP_normal.jpg',
            'profile_link_color': '1DA1F2',
            'profile_sidebar_border_color': 'C0DEED',
            'profile_sidebar_fill_color': 'DDEEF6',
            'profile_text_color': '333333',
            'profile_use_background_image': True,
            'protected': False,
            'screen_name': 'auliahunaputri',
            'statuses_count': 16,
            'time_zone': None,
            'translator_type': 'none',
            'url': None,
            'utc_offset': None,
            'verified': False}}
----------Summary----------
{ 'entities': {},
  'id_str': '1156652874236981248',
  'retweeted_status': { 'entities': { 'urls': { 'display_url': 'twitter.com/i/web/status/1…',
                                                'expanded_url': 'https://twitter.com/i/web/status/1154993578667577344'}},
                        'id_str': '1154993578667577344',
                        'text': 'name: building blocks token symbol: bh4h '
                                'total supply: 100,000,000,000  airdrop has '
                                'started!  to qualify for airdro '
                                'https://t.co/uegupss8ge',
                        'user': { 'entities': {},
                                  'id_str': '1029438676705714176',
                                  'twitter_user': 'blocks_crypto'}},
  'text': 'rt @blocks_crypto: name: building blocks token symbol: bh4h total '
          'supply: 100,000,000,000  airdrop has started!  to qualify for '
          'airdrop: -f',
  'user': { 'entities': {},
            'id_str': '1010548231804080128',
            'twitter_user': 'auliahunaputri'}}
----------Groups----------
{ 'Bitcoin': ['bitcoin', 'Bitcoin', 'btc', 'satoshi nakamoto'],
  'Ethereum': ['ethereum', 'Ethereum', 'eth', 'vitalik buterin'],
  'Litecoin': ['litecoin', 'Litecoin', 'ltc', 'charles lee'],
  'Monero': ['monero', 'Monero', 'xmr', 'riccardo spagni'],
  'Ripple': [ 'ripple',
              'Ripple',
              'xrp',
              'xrapid',
              'xcurrent',
              'chris larsen',
              'jed mccaleb']}
---------------------------Fetch-------2019-07-31 15:55:29.716750: Tweet filed under "misc":----------Data----------
{ 'contributors': None,
  'coordinates': None,
  'created_at': 'Wed Jul 31 19:47:06 +0000 2019',
  'entities': { 'hashtags': [],
                'symbols': [],
                'urls': [],
                'user_mentions': [ { 'id': 1106452185573810176,
                                     'id_str': '1106452185573810176',
                                     'indices': [3, 15],
                                     'name': 'BITSAVEREUM',
                                     'screen_name': 'Bitsavereum'}]},
  'favorite_count': 0,
  'favorited': False,
  'geo': None,
  'id': 1156652526076354564,
  'id_str': '1156652526076354564',
  'in_reply_to_screen_name': None,
  'in_reply_to_status_id': None,
  'in_reply_to_status_id_str': None,
  'in_reply_to_user_id': None,
  'in_reply_to_user_id_str': None,
  'is_quote_status': False,
  'lang': 'en',
  'metadata': {'iso_language_code': 'en', 'result_type': 'recent'},
  'place': None,
  'retweet_count': 159,
  'retweeted': False,
  'retweeted_status': { 'contributors': None,
                        'coordinates': None,
                        'created_at': 'Wed Jul 31 03:20:32 +0000 2019',
                        'entities': { 'hashtags': [],
                                      'symbols': [],
                                      'urls': [ { 'display_url': 'twitter.com/i/web/status/1…',
                                                  'expanded_url': 'https://twitter.com/i/web/status/1156404248910761984',
                                                  'indices': [121, 144],
                                                  'url': 'https://t.co/SVnPIv19Qm'}],
                                      'user_mentions': []},
                        'favorite_count': 263,
                        'favorited': False,
                        'geo': None,
                        'id': 1156404248910761984,
                        'id_str': '1156404248910761984',
                        'in_reply_to_screen_name': None,
                        'in_reply_to_status_id': None,
                        'in_reply_to_status_id_str': None,
                        'in_reply_to_user_id': None,
                        'in_reply_to_user_id_str': None,
                        'is_quote_status': False,
                        'lang': 'en',
                        'metadata': { 'iso_language_code': 'en',
                                      'result_type': 'recent'},
                        'place': None,
                        'possibly_sensitive': False,
                        'retweet_count': 159,
                        'retweeted': False,
                        'source': '<a href="https://mobile.twitter.com" '
                                  'rel="nofollow">Twitter Web App</a>',
                        'text': '🌏 BITSAVEREUM AIRDROP LIVE NOW..\n'
                                '\n'
                                '$1,5 MILLION AIRDROP POOL\n'
                                '\n'
                                'Task &amp; Get free BVM\n'
                                '✅👉15$ BVM Every Person.\n'
                                '✅👉1,5$ BVM… https://t.co/SVnPIv19Qm',
                        'truncated': True,
                        'user': { 'contributors_enabled': False,
                                  'created_at': 'Fri Mar 15 07:08:52 +0000 '
                                                '2019',
                                  'default_profile': True,
                                  'default_profile_image': False,
                                  'description': 'BITSAVEREUM IS A '
                                                 'DECENTRALIZED APPLICATION '
                                                 'ECOSYSTEM PLATFORM\n'
                                                 '\n'
                                                 'DESIGNED TO SUPPORT THE '
                                                 'BITSAVEREUM COMMUNITY',
                                  'entities': { 'description': {'urls': []},
                                                'url': { 'urls': [ { 'display_url': 'bitsavereum.com',
                                                                     'expanded_url': 'https://bitsavereum.com',
                                                                     'indices': [ 0,
                                                                                  23],
                                                                     'url': 'https://t.co/sp4Aqau2ij'}]}},
                                  'favourites_count': 253,
                                  'follow_request_sent': None,
                                  'followers_count': 2194,
                                  'following': None,
                                  'friends_count': 87,
                                  'geo_enabled': False,
                                  'has_extended_profile': False,
                                  'id': 1106452185573810176,
                                  'id_str': '1106452185573810176',
                                  'is_translation_enabled': False,
                                  'is_translator': False,
                                  'lang': None,
                                  'listed_count': 0,
                                  'location': '',
                                  'name': 'BITSAVEREUM',
                                  'notifications': None,
                                  'profile_background_color': 'F5F8FA',
                                  'profile_background_image_url': None,
                                  'profile_background_image_url_https': None,
                                  'profile_background_tile': False,
                                  'profile_banner_url': 'https://pbs.twimg.com/profile_banners/1106452185573810176/1564585032',
                                  'profile_image_url': 'http://pbs.twimg.com/profile_images/1156236210227912706/KkwGhz6q_normal.jpg',
                                  'profile_image_url_https': 'https://pbs.twimg.com/profile_images/1156236210227912706/KkwGhz6q_normal.jpg',
                                  'profile_link_color': '1DA1F2',
                                  'profile_sidebar_border_color': 'C0DEED',
                                  'profile_sidebar_fill_color': 'DDEEF6',
                                  'profile_text_color': '333333',
                                  'profile_use_background_image': True,
                                  'protected': False,
                                  'screen_name': 'Bitsavereum',
                                  'statuses_count': 14,
                                  'time_zone': None,
                                  'translator_type': 'none',
                                  'url': 'https://t.co/sp4Aqau2ij',
                                  'utc_offset': None,
                                  'verified': False}},
  'source': '<a href="https://mobile.twitter.com" rel="nofollow">Twitter Web '
            'App</a>',
  'text': 'RT @Bitsavereum: 🌏 BITSAVEREUM AIRDROP LIVE NOW..\n'
          '\n'
          '$1,5 MILLION AIRDROP POOL\n'
          '\n'
          'Task &amp; Get free BVM\n'
          '✅👉15$ BVM Every Person.\n'
          '✅👉1,5$ BVM Reffer…',
  'truncated': False,
  'user': { 'contributors_enabled': False,
            'created_at': 'Fri Jul 20 21:37:55 +0000 2018',
            'default_profile': False,
            'default_profile_image': False,
            'description': '',
            'entities': {'description': {'urls': []}},
            'favourites_count': 523,
            'follow_request_sent': None,
            'followers_count': 429,
            'following': None,
            'friends_count': 1012,
            'geo_enabled': False,
            'has_extended_profile': True,
            'id': 1020422575971815424,
            'id_str': '1020422575971815424',
            'is_translation_enabled': False,
            'is_translator': False,
            'lang': None,
            'listed_count': 2,
            'location': 'Türkiye',
            'name': 'v.butyerim',
            'notifications': None,
            'profile_background_color': '000000',
            'profile_background_image_url': 'http://abs.twimg.com/images/themes/theme1/bg.png',
            'profile_background_image_url_https': 'https://abs.twimg.com/images/themes/theme1/bg.png',
            'profile_background_tile': False,
            'profile_image_url': 'http://pbs.twimg.com/profile_images/1020428562871078912/EtnuXqkJ_normal.jpg',
            'profile_image_url_https': 'https://pbs.twimg.com/profile_images/1020428562871078912/EtnuXqkJ_normal.jpg',
            'profile_link_color': 'E81C4F',
            'profile_sidebar_border_color': '000000',
            'profile_sidebar_fill_color': '000000',
            'profile_text_color': '000000',
            'profile_use_background_image': False,
            'protected': False,
            'screen_name': 'butyerim',
            'statuses_count': 651,
            'time_zone': None,
            'translator_type': 'none',
            'url': None,
            'utc_offset': None,
            'verified': False}}
----------Summary----------
{ 'entities': {},
  'id_str': '1156652526076354564',
  'retweeted_status': { 'entities': { 'urls': { 'display_url': 'twitter.com/i/web/status/1…',
                                                'expanded_url': 'https://twitter.com/i/web/status/1156404248910761984'}},
                        'id_str': '1156404248910761984',
                        'text': ' bitsavereum airdrop live now..  $1,5 million '
                                'airdrop pool  task &amp; get free bvm 15$ bvm '
                                'every person. 1,5$ bvm '
                                'https://t.co/svnpiv19qm',
                        'user': { 'entities': {},
                                  'id_str': '1106452185573810176',
                                  'twitter_user': 'Bitsavereum'}},
  'text': 'rt @bitsavereum:  bitsavereum airdrop live now..  $1,5 million '
          'airdrop pool  task &amp; get free bvm 15$ bvm every person. 1,5$ '
          'bvm reffer',
  'user': { 'entities': {},
            'id_str': '1020422575971815424',
            'twitter_user': 'butyerim'}}
----------Groups----------
{ 'Bitcoin': ['bitcoin', 'Bitcoin', 'btc', 'satoshi nakamoto'],
  'Ethereum': ['ethereum', 'Ethereum', 'eth', 'vitalik buterin'],
  'Litecoin': ['litecoin', 'Litecoin', 'ltc', 'charles lee'],
  'Monero': ['monero', 'Monero', 'xmr', 'riccardo spagni'],
  'Ripple': [ 'ripple',
              'Ripple',
              'xrp',
              'xrapid',
              'xcurrent',
              'chris larsen',
              'jed mccaleb']}
---------------------------Fetch-------2019-07-31 15:55:30.591088: Tweet filed under "misc":----------Data----------
{ 'contributors': None,
  'coordinates': None,
  'created_at': 'Wed Jul 31 19:46:56 +0000 2019',
  'entities': { 'hashtags': [],
                'symbols': [],
                'urls': [ { 'display_url': 'twitter.com/i/web/status/1…',
                            'expanded_url': 'https://twitter.com/i/web/status/1156652485140013057',
                            'indices': [116, 139],
                            'url': 'https://t.co/cNWxJ0O5JO'}],
                'user_mentions': [ { 'id': 956670268596015105,
                                     'id_str': '956670268596015105',
                                     'indices': [0, 14],
                                     'name': "Aftab 'DCinvestor' Hossain",
                                     'screen_name': 'iamDCinvestor'}]},
  'favorite_count': 0,
  'favorited': False,
  'geo': None,
  'id': 1156652485140013057,
  'id_str': '1156652485140013057',
  'in_reply_to_screen_name': 'iamDCinvestor',
  'in_reply_to_status_id': 1156646989708320768,
  'in_reply_to_status_id_str': '1156646989708320768',
  'in_reply_to_user_id': 956670268596015105,
  'in_reply_to_user_id_str': '956670268596015105',
  'is_quote_status': False,
  'lang': 'en',
  'metadata': {'iso_language_code': 'en', 'result_type': 'recent'},
  'place': None,
  'retweet_count': 0,
  'retweeted': False,
  'source': '<a href="https://mobile.twitter.com" rel="nofollow">Twitter Web '
            'App</a>',
  'text': '@iamDCinvestor To me it feels like in the grand scheme of things, '
          'crypto twitter is a small niche battleground. If… '
          'https://t.co/cNWxJ0O5JO',
  'truncated': True,
  'user': { 'contributors_enabled': False,
            'created_at': 'Fri Feb 06 11:00:14 +0000 2009',
            'default_profile': False,
            'default_profile_image': False,
            'description': 'MSc Digital Currency, Founder @ '
                           'https://t.co/c0Lsla5Rd3 & https://t.co/RltLcxGlXt '
                           '| Tech Evangelist @ https://t.co/06fMWfJHV5 | Far '
                           'far down the crypto rabbit hole.',
            'entities': { 'description': { 'urls': [ { 'display_url': 'Cryptodyssey.Capital',
                                                       'expanded_url': 'http://Cryptodyssey.Capital',
                                                       'indices': [32, 55],
                                                       'url': 'https://t.co/c0Lsla5Rd3'},
                                                     { 'display_url': 'ICODueDiligence.com',
                                                       'expanded_url': 'http://ICODueDiligence.com',
                                                       'indices': [58, 81],
                                                       'url': 'https://t.co/RltLcxGlXt'},
                                                     { 'display_url': 'Kyber.Network',
                                                       'expanded_url': 'http://Kyber.Network',
                                                       'indices': [102, 125],
                                                       'url': 'https://t.co/06fMWfJHV5'}]},
                          'url': { 'urls': [ { 'display_url': 'cryptodyssey.capital',
                                               'expanded_url': 'http://cryptodyssey.capital',
                                               'indices': [0, 23],
                                               'url': 'https://t.co/s1BUO8ItaG'}]}},
            'favourites_count': 5730,
            'follow_request_sent': None,
            'followers_count': 484,
            'following': None,
            'friends_count': 549,
            'geo_enabled': True,
            'has_extended_profile': False,
            'id': 20229431,
            'id_str': '20229431',
            'is_translation_enabled': False,
            'is_translator': False,
            'lang': None,
            'listed_count': 20,
            'location': 'Nicosia, Cyprus',
            'name': "Deniz 'Denis' Omer",
            'notifications': None,
            'profile_background_color': 'FFFFFF',
            'profile_background_image_url': 'http://abs.twimg.com/images/themes/theme1/bg.png',
            'profile_background_image_url_https': 'https://abs.twimg.com/images/themes/theme1/bg.png',
            'profile_background_tile': False,
            'profile_banner_url': 'https://pbs.twimg.com/profile_banners/20229431/1556371478',
            'profile_image_url': 'http://pbs.twimg.com/profile_images/1013134389839106048/xLzuQ2D2_normal.jpg',
            'profile_image_url_https': 'https://pbs.twimg.com/profile_images/1013134389839106048/xLzuQ2D2_normal.jpg',
            'profile_link_color': '1B95E0',
            'profile_sidebar_border_color': 'A0EEF5',
            'profile_sidebar_fill_color': '1A3F57',
            'profile_text_color': '72B9BF',
            'profile_use_background_image': True,
            'protected': False,
            'screen_name': 'DenizOmer',
            'statuses_count': 1165,
            'time_zone': None,
            'translator_type': 'none',
            'url': 'https://t.co/s1BUO8ItaG',
            'utc_offset': None,
            'verified': False}}
----------Summary----------
{ 'entities': { 'urls': { 'display_url': 'twitter.com/i/web/status/1…',
                          'expanded_url': 'https://twitter.com/i/web/status/1156652485140013057'}},
  'id_str': '1156652485140013057',
  'text': '@iamdcinvestor to me it feels like in the grand scheme of things, '
          'crypto twitter is a small niche battleground. if '
          'https://t.co/cnwxj0o5jo',
  'user': {'entities': {}, 'id_str': '20229431', 'twitter_user': 'DenizOmer'}}
----------Groups----------
{ 'Bitcoin': ['bitcoin', 'Bitcoin', 'btc', 'satoshi nakamoto'],
  'Ethereum': ['ethereum', 'Ethereum', 'eth', 'vitalik buterin'],
  'Litecoin': ['litecoin', 'Litecoin', 'ltc', 'charles lee'],
  'Monero': ['monero', 'Monero', 'xmr', 'riccardo spagni'],
  'Ripple': [ 'ripple',
              'Ripple',
              'xrp',
              'xrapid',
              'xcurrent',
              'chris larsen',
              'jed mccaleb']}
---------------------------Fetch-------2019-07-31 15:55:33.390848: Tweet filed under "misc":----------Data----------
{ 'contributors': None,
  'coordinates': None,
  'created_at': 'Wed Jul 31 19:46:31 +0000 2019',
  'entities': { 'hashtags': [],
                'symbols': [],
                'urls': [],
                'user_mentions': [ { 'id': 1029438676705714176,
                                     'id_str': '1029438676705714176',
                                     'indices': [3, 17],
                                     'name': 'BuildingBlocksCrypto',
                                     'screen_name': 'blocks_crypto'}]},
  'favorite_count': 0,
  'favorited': False,
  'geo': None,
  'id': 1156652379015667714,
  'id_str': '1156652379015667714',
  'in_reply_to_screen_name': None,
  'in_reply_to_status_id': None,
  'in_reply_to_status_id_str': None,
  'in_reply_to_user_id': None,
  'in_reply_to_user_id_str': None,
  'is_quote_status': False,
  'lang': 'en',
  'metadata': {'iso_language_code': 'en', 'result_type': 'recent'},
  'place': None,
  'retweet_count': 91,
  'retweeted': False,
  'retweeted_status': { 'contributors': None,
                        'coordinates': None,
                        'created_at': 'Sat Jul 27 05:55:02 +0000 2019',
                        'entities': { 'hashtags': [],
                                      'symbols': [],
                                      'urls': [ { 'display_url': 'twitter.com/i/web/status/1…',
                                                  'expanded_url': 'https://twitter.com/i/web/status/1154993578667577344',
                                                  'indices': [117, 140],
                                                  'url': 'https://t.co/uEGUpSS8ge'}],
                                      'user_mentions': []},
                        'favorite_count': 101,
                        'favorited': False,
                        'geo': None,
                        'id': 1154993578667577344,
                        'id_str': '1154993578667577344',
                        'in_reply_to_screen_name': None,
                        'in_reply_to_status_id': None,
                        'in_reply_to_status_id_str': None,
                        'in_reply_to_user_id': None,
                        'in_reply_to_user_id_str': None,
                        'is_quote_status': False,
                        'lang': 'en',
                        'metadata': { 'iso_language_code': 'en',
                                      'result_type': 'recent'},
                        'place': None,
                        'possibly_sensitive': False,
                        'retweet_count': 91,
                        'retweeted': False,
                        'source': '<a href="https://mobile.twitter.com" '
                                  'rel="nofollow">Twitter Web App</a>',
                        'text': 'Name: Building Blocks Token\n'
                                'Symbol: BH4H\n'
                                'Total supply: 100,000,000,000\n'
                                '\n'
                                'AIRDROP HAS STARTED!\n'
                                '\n'
                                'To qualify for Airdro… '
                                'https://t.co/uEGUpSS8ge',
                        'truncated': True,
                        'user': { 'contributors_enabled': False,
                                  'created_at': 'Tue Aug 14 18:44:41 +0000 '
                                                '2018',
                                  'default_profile': True,
                                  'default_profile_image': False,
                                  'description': 'We are Building Blocks. Our '
                                                 'Crypto was created with the '
                                                 'homeless at mind. We aim to '
                                                 'build or Buy Hostels and '
                                                 'Hotels with the help of you '
                                                 'guys.',
                                  'entities': { 'description': {'urls': []},
                                                'url': { 'urls': [ { 'display_url': 'buidinghomes4homeless.xyz',
                                                                     'expanded_url': 'http://www.buidinghomes4homeless.xyz/',
                                                                     'indices': [ 0,
                                                                                  23],
                                                                     'url': 'https://t.co/ODdy4aewVI'}]}},
                                  'favourites_count': 146,
                                  'follow_request_sent': None,
                                  'followers_count': 280,
                                  'following': None,
                                  'friends_count': 0,
                                  'geo_enabled': False,
                                  'has_extended_profile': True,
                                  'id': 1029438676705714176,
                                  'id_str': '1029438676705714176',
                                  'is_translation_enabled': False,
                                  'is_translator': False,
                                  'lang': None,
                                  'listed_count': 0,
                                  'location': 'United Kingdom',
                                  'name': 'BuildingBlocksCrypto',
                                  'notifications': None,
                                  'profile_background_color': 'F5F8FA',
                                  'profile_background_image_url': None,
                                  'profile_background_image_url_https': None,
                                  'profile_background_tile': False,
                                  'profile_image_url': 'http://pbs.twimg.com/profile_images/1031992230289059840/xxNbMvh3_normal.jpg',
                                  'profile_image_url_https': 'https://pbs.twimg.com/profile_images/1031992230289059840/xxNbMvh3_normal.jpg',
                                  'profile_link_color': '1DA1F2',
                                  'profile_sidebar_border_color': 'C0DEED',
                                  'profile_sidebar_fill_color': 'DDEEF6',
                                  'profile_text_color': '333333',
                                  'profile_use_background_image': True,
                                  'protected': False,
                                  'screen_name': 'blocks_crypto',
                                  'statuses_count': 156,
                                  'time_zone': None,
                                  'translator_type': 'none',
                                  'url': 'https://t.co/ODdy4aewVI',
                                  'utc_offset': None,
                                  'verified': False}},
  'source': '<a href="https://mobile.twitter.com" rel="nofollow">Twitter Web '
            'App</a>',
  'text': 'RT @blocks_crypto: Name: Building Blocks Token\n'
          'Symbol: BH4H\n'
          'Total supply: 100,000,000,000\n'
          '\n'
          'AIRDROP HAS STARTED!\n'
          '\n'
          'To qualify for Airdrop:\n'
          '-F…',
  'truncated': False,
  'user': { 'contributors_enabled': False,
            'created_at': 'Wed Nov 08 20:23:23 +0000 2017',
            'default_profile': True,
            'default_profile_image': False,
            'description': '',
            'entities': {'description': {'urls': []}},
            'favourites_count': 3,
            'follow_request_sent': None,
            'followers_count': 14,
            'following': None,
            'friends_count': 75,
            'geo_enabled': False,
            'has_extended_profile': False,
            'id': 928357302855331840,
            'id_str': '928357302855331840',
            'is_translation_enabled': False,
            'is_translator': False,
            'lang': None,
            'listed_count': 0,
            'location': '',
            'name': 'utamipanjaitan',
            'notifications': None,
            'profile_background_color': 'F5F8FA',
            'profile_background_image_url': None,
            'profile_background_image_url_https': None,
            'profile_background_tile': False,
            'profile_banner_url': 'https://pbs.twimg.com/profile_banners/928357302855331840/1530527720',
            'profile_image_url': 'http://pbs.twimg.com/profile_images/1013732942810681344/qnctnZu-_normal.jpg',
            'profile_image_url_https': 'https://pbs.twimg.com/profile_images/1013732942810681344/qnctnZu-_normal.jpg',
            'profile_link_color': '1DA1F2',
            'profile_sidebar_border_color': 'C0DEED',
            'profile_sidebar_fill_color': 'DDEEF6',
            'profile_text_color': '333333',
            'profile_use_background_image': True,
            'protected': False,
            'screen_name': 'utamipanjaitan6',
            'statuses_count': 28,
            'time_zone': None,
            'translator_type': 'none',
            'url': None,
            'utc_offset': None,
            'verified': False}}
----------Summary----------
{ 'entities': {},
  'id_str': '1156652379015667714',
  'retweeted_status': { 'entities': { 'urls': { 'display_url': 'twitter.com/i/web/status/1…',
                                                'expanded_url': 'https://twitter.com/i/web/status/1154993578667577344'}},
                        'id_str': '1154993578667577344',
                        'text': 'name: building blocks token symbol: bh4h '
                                'total supply: 100,000,000,000  airdrop has '
                                'started!  to qualify for airdro '
                                'https://t.co/uegupss8ge',
                        'user': { 'entities': {},
                                  'id_str': '1029438676705714176',
                                  'twitter_user': 'blocks_crypto'}},
  'text': 'rt @blocks_crypto: name: building blocks token symbol: bh4h total '
          'supply: 100,000,000,000  airdrop has started!  to qualify for '
          'airdrop: -f',
  'user': { 'entities': {},
            'id_str': '928357302855331840',
            'twitter_user': 'utamipanjaitan6'}}
----------Groups----------
{ 'Bitcoin': ['bitcoin', 'Bitcoin', 'btc', 'satoshi nakamoto'],
  'Ethereum': ['ethereum', 'Ethereum', 'eth', 'vitalik buterin'],
  'Litecoin': ['litecoin', 'Litecoin', 'ltc', 'charles lee'],
  'Monero': ['monero', 'Monero', 'xmr', 'riccardo spagni'],
  'Ripple': [ 'ripple',
              'Ripple',
              'xrp',
              'xrapid',
              'xcurrent',
              'chris larsen',
              'jed mccaleb']}
---------------------------Fetch-------2019-07-31 15:55:34.756318: Tweet filed under "misc":----------Data----------
{ 'contributors': None,
  'coordinates': None,
  'created_at': 'Wed Jul 31 19:45:56 +0000 2019',
  'entities': { 'hashtags': [],
                'symbols': [],
                'urls': [],
                'user_mentions': [ { 'id': 14101591,
                                     'id_str': '14101591',
                                     'indices': [3, 11],
                                     'name': 'Eric Conner',
                                     'screen_name': 'econoar'}]},
  'favorite_count': 0,
  'favorited': False,
  'geo': None,
  'id': 1156652234068779009,
  'id_str': '1156652234068779009',
  'in_reply_to_screen_name': None,
  'in_reply_to_status_id': None,
  'in_reply_to_status_id_str': None,
  'in_reply_to_user_id': None,
  'in_reply_to_user_id_str': None,
  'is_quote_status': False,
  'lang': 'en',
  'metadata': {'iso_language_code': 'en', 'result_type': 'recent'},
  'place': None,
  'retweet_count': 25,
  'retweeted': False,
  'retweeted_status': { 'contributors': None,
                        'coordinates': None,
                        'created_at': 'Wed Jul 31 15:35:43 +0000 2019',
                        'entities': { 'hashtags': [],
                                      'symbols': [],
                                      'urls': [ { 'display_url': 'twitter.com/i/web/status/1…',
                                                  'expanded_url': 'https://twitter.com/i/web/status/1156589265670639616',
                                                  'indices': [116, 139],
                                                  'url': 'https://t.co/f2m4W30osG'}],
                                      'user_mentions': []},
                        'favorite_count': 90,
                        'favorited': False,
                        'geo': None,
                        'id': 1156589265670639616,
                        'id_str': '1156589265670639616',
                        'in_reply_to_screen_name': None,
                        'in_reply_to_status_id': None,
                        'in_reply_to_status_id_str': None,
                        'in_reply_to_user_id': None,
                        'in_reply_to_user_id_str': None,
                        'is_quote_status': False,
                        'lang': 'en',
                        'metadata': { 'iso_language_code': 'en',
                                      'result_type': 'recent'},
                        'place': None,
                        'possibly_sensitive': False,
                        'retweet_count': 25,
                        'retweeted': False,
                        'source': '<a href="https://mobile.twitter.com" '
                                  'rel="nofollow">Twitter Web App</a>',
                        'text': 'I just published "Smart Wallets are Here".\n'
                                '\n'
                                'In this article I discuss the benefits that '
                                'smart contract wallets are… '
                                'https://t.co/f2m4W30osG',
                        'truncated': True,
                        'user': { 'contributors_enabled': False,
                                  'created_at': 'Sat Mar 08 17:58:18 +0000 '
                                                '2008',
                                  'default_profile': False,
                                  'default_profile_image': False,
                                  'description': 'Ethereum. Helping build '
                                                 'products at @gnosispm. '
                                                 'Founded @ethhub_io with '
                                                 '@sassal0x. Hosting Into the '
                                                 'Ether podcast. Big fan of '
                                                 'the Bitcoin meme.',
                                  'entities': { 'description': {'urls': []},
                                                'url': { 'urls': [ { 'display_url': 'ethhub.io',
                                                                     'expanded_url': 'https://ethhub.io',
                                                                     'indices': [ 0,
                                                                                  23],
                                                                     'url': 'https://t.co/6hdQsUNOrQ'}]}},
                                  'favourites_count': 15779,
                                  'follow_request_sent': None,
                                  'followers_count': 8391,
                                  'following': None,
                                  'friends_count': 164,
                                  'geo_enabled': False,
                                  'has_extended_profile': False,
                                  'id': 14101591,
                                  'id_str': '14101591',
                                  'is_translation_enabled': False,
                                  'is_translator': False,
                                  'lang': None,
                                  'listed_count': 196,
                                  'location': '0x',
                                  'name': 'Eric Conner',
                                  'notifications': None,
                                  'profile_background_color': '000000',
                                  'profile_background_image_url': 'http://abs.twimg.com/images/themes/theme15/bg.png',
                                  'profile_background_image_url_https': 'https://abs.twimg.com/images/themes/theme15/bg.png',
                                  'profile_background_tile': False,
                                  'profile_banner_url': 'https://pbs.twimg.com/profile_banners/14101591/1526999732',
                                  'profile_image_url': 'http://pbs.twimg.com/profile_images/1154471633408552960/-ecFWzC5_normal.png',
                                  'profile_image_url_https': 'https://pbs.twimg.com/profile_images/1154471633408552960/-ecFWzC5_normal.png',
                                  'profile_link_color': '7AC7D4',
                                  'profile_sidebar_border_color': '000000',
                                  'profile_sidebar_fill_color': '000000',
                                  'profile_text_color': '000000',
                                  'profile_use_background_image': False,
                                  'protected': False,
                                  'screen_name': 'econoar',
                                  'statuses_count': 7037,
                                  'time_zone': None,
                                  'translator_type': 'none',
                                  'url': 'https://t.co/6hdQsUNOrQ',
                                  'utc_offset': None,
                                  'verified': False}},
  'source': '<a href="https://mobile.twitter.com" rel="nofollow">Twitter Web '
            'App</a>',
  'text': 'RT @econoar: I just published "Smart Wallets are Here".\n'
          '\n'
          'In this article I discuss the benefits that smart contract wallets '
          'are bringing to…',
  'truncated': False,
  'user': { 'contributors_enabled': False,
            'created_at': 'Wed Sep 19 16:52:17 +0000 2018',
            'default_profile': True,
            'default_profile_image': False,
            'description': '',
            'entities': {'description': {'urls': []}},
            'favourites_count': 7820,
            'follow_request_sent': None,
            'followers_count': 1182,
            'following': None,
            'friends_count': 521,
            'geo_enabled': False,
            'has_extended_profile': False,
            'id': 1042456352734539776,
            'id_str': '1042456352734539776',
            'is_translation_enabled': False,
            'is_translator': False,
            'lang': None,
            'listed_count': 21,
            'location': '',
            'name': "HuntingIsland - 'ETH is programmable money'",
            'notifications': None,
            'profile_background_color': 'F5F8FA',
            'profile_background_image_url': None,
            'profile_background_image_url_https': None,
            'profile_background_tile': False,
            'profile_image_url': 'http://pbs.twimg.com/profile_images/1093982364999532551/8jodYASD_normal.jpg',
            'profile_image_url_https': 'https://pbs.twimg.com/profile_images/1093982364999532551/8jodYASD_normal.jpg',
            'profile_link_color': '1DA1F2',
            'profile_sidebar_border_color': 'C0DEED',
            'profile_sidebar_fill_color': 'DDEEF6',
            'profile_text_color': '333333',
            'profile_use_background_image': True,
            'protected': False,
            'screen_name': 'IslandHunting',
            'statuses_count': 5943,
            'time_zone': None,
            'translator_type': 'none',
            'url': None,
            'utc_offset': None,
            'verified': False}}
----------Summary----------
{ 'entities': {},
  'id_str': '1156652234068779009',
  'retweeted_status': { 'entities': { 'urls': { 'display_url': 'twitter.com/i/web/status/1…',
                                                'expanded_url': 'https://twitter.com/i/web/status/1156589265670639616'}},
                        'id_str': '1156589265670639616',
                        'text': 'i just published "smart wallets are here".  '
                                'in this article i discuss the benefits that '
                                'smart contract wallets are '
                                'https://t.co/f2m4w30osg',
                        'user': { 'entities': {},
                                  'id_str': '14101591',
                                  'twitter_user': 'econoar'}},
  'text': 'rt @econoar: i just published "smart wallets are here".  in this '
          'article i discuss the benefits that smart contract wallets are '
          'bringing to',
  'user': { 'entities': {},
            'id_str': '1042456352734539776',
            'twitter_user': 'IslandHunting'}}
----------Groups----------
{ 'Bitcoin': ['bitcoin', 'Bitcoin', 'btc', 'satoshi nakamoto'],
  'Ethereum': ['ethereum', 'Ethereum', 'eth', 'vitalik buterin'],
  'Litecoin': ['litecoin', 'Litecoin', 'ltc', 'charles lee'],
  'Monero': ['monero', 'Monero', 'xmr', 'riccardo spagni'],
  'Ripple': [ 'ripple',
              'Ripple',
              'xrp',
              'xrapid',
              'xcurrent',
              'chris larsen',
              'jed mccaleb']}
---------------------------Fetch-------2019-07-31 15:55:36.155430: Tweet filed under "misc":----------Data----------
{ 'contributors': None,
  'coordinates': None,
  'created_at': 'Wed Jul 31 19:45:38 +0000 2019',
  'entities': { 'hashtags': [],
                'symbols': [],
                'urls': [ { 'display_url': 'ift.tt/2N3TzNH',
                            'expanded_url': 'https://ift.tt/2N3TzNH',
                            'indices': [85, 108],
                            'url': 'https://t.co/4iFD5NRVGd'},
                          { 'display_url': 'twitter.com/i/web/status/1…',
                            'expanded_url': 'https://twitter.com/i/web/status/1156652155857752064',
                            'indices': [110, 133],
                            'url': 'https://t.co/ScuZMvkaqk'}],
                'user_mentions': []},
  'favorite_count': 0,
  'favorited': False,
  'geo': None,
  'id': 1156652155857752064,
  'id_str': '1156652155857752064',
  'in_reply_to_screen_name': None,
  'in_reply_to_status_id': None,
  'in_reply_to_status_id_str': None,
  'in_reply_to_user_id': None,
  'in_reply_to_user_id_str': None,
  'is_quote_status': False,
  'lang': 'en',
  'metadata': {'iso_language_code': 'en', 'result_type': 'recent'},
  'place': None,
  'possibly_sensitive': False,
  'retweet_count': 0,
  'retweeted': False,
  'source': '<a href="https://ifttt.com" rel="nofollow">IFTTT</a>',
  'text': 'This indexing crypto strategy will make you a millionaire. '
          'Explained with nice cars! https://t.co/4iFD5NRVGd… '
          'https://t.co/ScuZMvkaqk',
  'truncated': True,
  'user': { 'contributors_enabled': False,
            'created_at': 'Sun Jan 16 15:01:33 +0000 2011',
            'default_profile': False,
            'default_profile_image': False,
            'description': 'Find out your diversification score and build a '
                           'professional crypto portfolio holding the '
                           'millionth of supply of the top crypto currencies  '
                           'by market cap.',
            'entities': { 'description': {'urls': []},
                          'url': { 'urls': [ { 'display_url': 'cryptomillionaireapp.com',
                                               'expanded_url': 'http://cryptomillionaireapp.com',
                                               'indices': [0, 23],
                                               'url': 'https://t.co/A23Iuq00jz'}]}},
            'favourites_count': 20042,
            'follow_request_sent': None,
            'followers_count': 3157,
            'following': None,
            'friends_count': 2654,
            'geo_enabled': False,
            'has_extended_profile': False,
            'id': 238994600,
            'id_str': '238994600',
            'is_translation_enabled': False,
            'is_translator': False,
            'lang': None,
            'listed_count': 30,
            'location': 'Florida, USA',
            'name': 'Crypto Millionaire App',
            'notifications': None,
            'profile_background_color': '010214',
            'profile_background_image_url': 'http://abs.twimg.com/images/themes/theme1/bg.png',
            'profile_background_image_url_https': 'https://abs.twimg.com/images/themes/theme1/bg.png',
            'profile_background_tile': True,
            'profile_banner_url': 'https://pbs.twimg.com/profile_banners/238994600/1392703364',
            'profile_image_url': 'http://pbs.twimg.com/profile_images/1032310032900214784/hTqDFthb_normal.jpg',
            'profile_image_url_https': 'https://pbs.twimg.com/profile_images/1032310032900214784/hTqDFthb_normal.jpg',
            'profile_link_color': '038543',
            'profile_sidebar_border_color': 'FFFFFF',
            'profile_sidebar_fill_color': 'DDEEF6',
            'profile_text_color': '333333',
            'profile_use_background_image': True,
            'protected': False,
            'screen_name': 'eagletwitt3r',
            'statuses_count': 20562,
            'time_zone': None,
            'translator_type': 'none',
            'url': 'https://t.co/A23Iuq00jz',
            'utc_offset': None,
            'verified': False}}
----------Summary----------
{ 'entities': { 'urls': { 'display_url': 'twitter.com/i/web/status/1…',
                          'expanded_url': 'https://twitter.com/i/web/status/1156652155857752064'}},
  'id_str': '1156652155857752064',
  'text': 'this indexing crypto strategy will make you a millionaire. '
          'explained with nice cars! https://t.co/4ifd5nrvgd '
          'https://t.co/scuzmvkaqk',
  'user': { 'entities': {},
            'id_str': '238994600',
            'twitter_user': 'eagletwitt3r'}}
----------Groups----------
{ 'Bitcoin': ['bitcoin', 'Bitcoin', 'btc', 'satoshi nakamoto'],
  'Ethereum': ['ethereum', 'Ethereum', 'eth', 'vitalik buterin'],
  'Litecoin': ['litecoin', 'Litecoin', 'ltc', 'charles lee'],
  'Monero': ['monero', 'Monero', 'xmr', 'riccardo spagni'],
  'Ripple': [ 'ripple',
              'Ripple',
              'xrp',
              'xrapid',
              'xcurrent',
              'chris larsen',
              'jed mccaleb']}
---------------------------Fetch-------2019-07-31 15:55:36.691535: Tweet filed under "misc":----------Data----------
{ 'contributors': None,
  'coordinates': None,
  'created_at': 'Wed Jul 31 19:45:37 +0000 2019',
  'entities': { 'hashtags': [],
                'symbols': [],
                'urls': [],
                'user_mentions': [ { 'id': 1029438676705714176,
                                     'id_str': '1029438676705714176',
                                     'indices': [3, 17],
                                     'name': 'BuildingBlocksCrypto',
                                     'screen_name': 'blocks_crypto'}]},
  'favorite_count': 0,
  'favorited': False,
  'geo': None,
  'id': 1156652152606973952,
  'id_str': '1156652152606973952',
  'in_reply_to_screen_name': None,
  'in_reply_to_status_id': None,
  'in_reply_to_status_id_str': None,
  'in_reply_to_user_id': None,
  'in_reply_to_user_id_str': None,
  'is_quote_status': False,
  'lang': 'en',
  'metadata': {'iso_language_code': 'en', 'result_type': 'recent'},
  'place': None,
  'retweet_count': 91,
  'retweeted': False,
  'retweeted_status': { 'contributors': None,
                        'coordinates': None,
                        'created_at': 'Sat Jul 27 05:55:02 +0000 2019',
                        'entities': { 'hashtags': [],
                                      'symbols': [],
                                      'urls': [ { 'display_url': 'twitter.com/i/web/status/1…',
                                                  'expanded_url': 'https://twitter.com/i/web/status/1154993578667577344',
                                                  'indices': [117, 140],
                                                  'url': 'https://t.co/uEGUpSS8ge'}],
                                      'user_mentions': []},
                        'favorite_count': 101,
                        'favorited': False,
                        'geo': None,
                        'id': 1154993578667577344,
                        'id_str': '1154993578667577344',
                        'in_reply_to_screen_name': None,
                        'in_reply_to_status_id': None,
                        'in_reply_to_status_id_str': None,
                        'in_reply_to_user_id': None,
                        'in_reply_to_user_id_str': None,
                        'is_quote_status': False,
                        'lang': 'en',
                        'metadata': { 'iso_language_code': 'en',
                                      'result_type': 'recent'},
                        'place': None,
                        'possibly_sensitive': False,
                        'retweet_count': 91,
                        'retweeted': False,
                        'source': '<a href="https://mobile.twitter.com" '
                                  'rel="nofollow">Twitter Web App</a>',
                        'text': 'Name: Building Blocks Token\n'
                                'Symbol: BH4H\n'
                                'Total supply: 100,000,000,000\n'
                                '\n'
                                'AIRDROP HAS STARTED!\n'
                                '\n'
                                'To qualify for Airdro… '
                                'https://t.co/uEGUpSS8ge',
                        'truncated': True,
                        'user': { 'contributors_enabled': False,
                                  'created_at': 'Tue Aug 14 18:44:41 +0000 '
                                                '2018',
                                  'default_profile': True,
                                  'default_profile_image': False,
                                  'description': 'We are Building Blocks. Our '
                                                 'Crypto was created with the '
                                                 'homeless at mind. We aim to '
                                                 'build or Buy Hostels and '
                                                 'Hotels with the help of you '
                                                 'guys.',
                                  'entities': { 'description': {'urls': []},
                                                'url': { 'urls': [ { 'display_url': 'buidinghomes4homeless.xyz',
                                                                     'expanded_url': 'http://www.buidinghomes4homeless.xyz/',
                                                                     'indices': [ 0,
                                                                                  23],
                                                                     'url': 'https://t.co/ODdy4aewVI'}]}},
                                  'favourites_count': 146,
                                  'follow_request_sent': None,
                                  'followers_count': 280,
                                  'following': None,
                                  'friends_count': 0,
                                  'geo_enabled': False,
                                  'has_extended_profile': True,
                                  'id': 1029438676705714176,
                                  'id_str': '1029438676705714176',
                                  'is_translation_enabled': False,
                                  'is_translator': False,
                                  'lang': None,
                                  'listed_count': 0,
                                  'location': 'United Kingdom',
                                  'name': 'BuildingBlocksCrypto',
                                  'notifications': None,
                                  'profile_background_color': 'F5F8FA',
                                  'profile_background_image_url': None,
                                  'profile_background_image_url_https': None,
                                  'profile_background_tile': False,
                                  'profile_image_url': 'http://pbs.twimg.com/profile_images/1031992230289059840/xxNbMvh3_normal.jpg',
                                  'profile_image_url_https': 'https://pbs.twimg.com/profile_images/1031992230289059840/xxNbMvh3_normal.jpg',
                                  'profile_link_color': '1DA1F2',
                                  'profile_sidebar_border_color': 'C0DEED',
                                  'profile_sidebar_fill_color': 'DDEEF6',
                                  'profile_text_color': '333333',
                                  'profile_use_background_image': True,
                                  'protected': False,
                                  'screen_name': 'blocks_crypto',
                                  'statuses_count': 156,
                                  'time_zone': None,
                                  'translator_type': 'none',
                                  'url': 'https://t.co/ODdy4aewVI',
                                  'utc_offset': None,
                                  'verified': False}},
  'source': '<a href="https://mobile.twitter.com" rel="nofollow">Twitter Web '
            'App</a>',
  'text': 'RT @blocks_crypto: Name: Building Blocks Token\n'
          'Symbol: BH4H\n'
          'Total supply: 100,000,000,000\n'
          '\n'
          'AIRDROP HAS STARTED!\n'
          '\n'
          'To qualify for Airdrop:\n'
          '-F…',
  'truncated': False,
  'user': { 'contributors_enabled': False,
            'created_at': 'Sun Jun 24 17:14:11 +0000 2018',
            'default_profile': True,
            'default_profile_image': False,
            'description': '',
            'entities': {'description': {'urls': []}},
            'favourites_count': 2,
            'follow_request_sent': None,
            'followers_count': 9,
            'following': None,
            'friends_count': 10,
            'geo_enabled': False,
            'has_extended_profile': False,
            'id': 1010934119579041792,
            'id_str': '1010934119579041792',
            'is_translation_enabled': False,
            'is_translator': False,
            'lang': None,
            'listed_count': 0,
            'location': '',
            'name': 'tirnakurus',
            'notifications': None,
            'profile_background_color': 'F5F8FA',
            'profile_background_image_url': None,
            'profile_background_image_url_https': None,
            'profile_background_tile': False,
            'profile_image_url': 'http://pbs.twimg.com/profile_images/1012604202361556992/hjvD8cEE_normal.jpg',
            'profile_image_url_https': 'https://pbs.twimg.com/profile_images/1012604202361556992/hjvD8cEE_normal.jpg',
            'profile_link_color': '1DA1F2',
            'profile_sidebar_border_color': 'C0DEED',
            'profile_sidebar_fill_color': 'DDEEF6',
            'profile_text_color': '333333',
            'profile_use_background_image': True,
            'protected': False,
            'screen_name': 'tirnakurus',
            'statuses_count': 12,
            'time_zone': None,
            'translator_type': 'none',
            'url': None,
            'utc_offset': None,
            'verified': False}}
----------Summary----------
{ 'entities': {},
  'id_str': '1156652152606973952',
  'retweeted_status': { 'entities': { 'urls': { 'display_url': 'twitter.com/i/web/status/1…',
                                                'expanded_url': 'https://twitter.com/i/web/status/1154993578667577344'}},
                        'id_str': '1154993578667577344',
                        'text': 'name: building blocks token symbol: bh4h '
                                'total supply: 100,000,000,000  airdrop has '
                                'started!  to qualify for airdro '
                                'https://t.co/uegupss8ge',
                        'user': { 'entities': {},
                                  'id_str': '1029438676705714176',
                                  'twitter_user': 'blocks_crypto'}},
  'text': 'rt @blocks_crypto: name: building blocks token symbol: bh4h total '
          'supply: 100,000,000,000  airdrop has started!  to qualify for '
          'airdrop: -f',
  'user': { 'entities': {},
            'id_str': '1010934119579041792',
            'twitter_user': 'tirnakurus'}}
----------Groups----------
{ 'Bitcoin': ['bitcoin', 'Bitcoin', 'btc', 'satoshi nakamoto'],
  'Ethereum': ['ethereum', 'Ethereum', 'eth', 'vitalik buterin'],
  'Litecoin': ['litecoin', 'Litecoin', 'ltc', 'charles lee'],
  'Monero': ['monero', 'Monero', 'xmr', 'riccardo spagni'],
  'Ripple': [ 'ripple',
              'Ripple',
              'xrp',
              'xrapid',
              'xcurrent',
              'chris larsen',
              'jed mccaleb']}
---------------------------Fetch-------2019-07-31 15:55:37.852659: Tweet filed under "misc":----------Data----------
{ 'contributors': None,
  'coordinates': None,
  'created_at': 'Wed Jul 31 19:45:13 +0000 2019',
  'entities': { 'hashtags': [],
                'symbols': [],
                'urls': [],
                'user_mentions': [ { 'id': 834374677560705024,
                                     'id_str': '834374677560705024',
                                     'indices': [3, 19],
                                     'name': 'Want Marketplaces',
                                     'screen_name': 'wantmarketplace'}]},
  'favorite_count': 0,
  'favorited': False,
  'geo': None,
  'id': 1156652053470404613,
  'id_str': '1156652053470404613',
  'in_reply_to_screen_name': None,
  'in_reply_to_status_id': None,
  'in_reply_to_status_id_str': None,
  'in_reply_to_user_id': None,
  'in_reply_to_user_id_str': None,
  'is_quote_status': False,
  'lang': 'en',
  'metadata': {'iso_language_code': 'en', 'result_type': 'recent'},
  'place': None,
  'retweet_count': 57,
  'retweeted': False,
  'retweeted_status': { 'contributors': None,
                        'coordinates': None,
                        'created_at': 'Tue Jul 09 15:56:23 +0000 2019',
                        'entities': { 'hashtags': [],
                                      'symbols': [],
                                      'urls': [ { 'display_url': 'twitter.com/i/web/status/1…',
                                                  'expanded_url': 'https://twitter.com/i/web/status/1148621932805275649',
                                                  'indices': [117, 140],
                                                  'url': 'https://t.co/lsacTnkOcv'}],
                                      'user_mentions': []},
                        'favorite_count': 172,
                        'favorited': False,
                        'geo': None,
                        'id': 1148621932805275649,
                        'id_str': '1148621932805275649',
                        'in_reply_to_screen_name': None,
                        'in_reply_to_status_id': None,
                        'in_reply_to_status_id_str': None,
                        'in_reply_to_user_id': None,
                        'in_reply_to_user_id_str': None,
                        'is_quote_status': False,
                        'lang': 'en',
                        'metadata': { 'iso_language_code': 'en',
                                      'result_type': 'recent'},
                        'place': None,
                        'possibly_sensitive': False,
                        'retweet_count': 57,
                        'retweeted': False,
                        'source': '<a href="https://mobile.twitter.com" '
                                  'rel="nofollow">Twitter Web App</a>',
                        'text': 'WANT Marketplaces Security Token Offering '
                                'raising $20 Million. \n'
                                '\n'
                                'Private Sale open NOW till Aug 31 - 40% Off - '
                                '$0.1… https://t.co/lsacTnkOcv',
                        'truncated': True,
                        'user': { 'contributors_enabled': False,
                                  'created_at': 'Wed Feb 22 12:09:59 +0000 '
                                                '2017',
                                  'default_profile': True,
                                  'default_profile_image': False,
                                  'description': 'Official Account for WANT '
                                                 'Marketplaces STO Offering',
                                  'entities': { 'description': {'urls': []},
                                                'url': { 'urls': [ { 'display_url': 'benipal.com',
                                                                     'expanded_url': 'https://benipal.com',
                                                                     'indices': [ 0,
                                                                                  23],
                                                                     'url': 'https://t.co/FpJbeDXvVn'}]}},
                                  'favourites_count': 4,
                                  'follow_request_sent': None,
                                  'followers_count': 1600,
                                  'following': None,
                                  'friends_count': 1,
                                  'geo_enabled': False,
                                  'has_extended_profile': False,
                                  'id': 834374677560705024,
                                  'id_str': '834374677560705024',
                                  'is_translation_enabled': False,
                                  'is_translator': False,
                                  'lang': None,
                                  'listed_count': 2,
                                  'location': 'New York, NY',
                                  'name': 'Want Marketplaces',
                                  'notifications': None,
                                  'profile_background_color': 'F5F8FA',
                                  'profile_background_image_url': None,
                                  'profile_background_image_url_https': None,
                                  'profile_background_tile': False,
                                  'profile_banner_url': 'https://pbs.twimg.com/profile_banners/834374677560705024/1559981725',
                                  'profile_image_url': 'http://pbs.twimg.com/profile_images/1137267216955482114/4tG-zMA6_normal.jpg',
                                  'profile_image_url_https': 'https://pbs.twimg.com/profile_images/1137267216955482114/4tG-zMA6_normal.jpg',
                                  'profile_link_color': '1DA1F2',
                                  'profile_sidebar_border_color': 'C0DEED',
                                  'profile_sidebar_fill_color': 'DDEEF6',
                                  'profile_text_color': '333333',
                                  'profile_use_background_image': True,
                                  'protected': False,
                                  'screen_name': 'wantmarketplace',
                                  'statuses_count': 76,
                                  'time_zone': None,
                                  'translator_type': 'none',
                                  'url': 'https://t.co/FpJbeDXvVn',
                                  'utc_offset': None,
                                  'verified': False}},
  'source': '<a href="http://twitter.com/download/android" '
            'rel="nofollow">Twitter for Android</a>',
  'text': 'RT @wantmarketplace: WANT Marketplaces Security Token Offering '
          'raising $20 Million. \n'
          '\n'
          'Private Sale open NOW till Aug 31 - 40% Off - $0.18…',
  'truncated': False,
  'user': { 'contributors_enabled': False,
            'created_at': 'Fri Sep 08 05:49:12 +0000 2017',
            'default_profile': True,
            'default_profile_image': False,
            'description': 'I am Medical student\n'
                           '#****(simple man)\n'
                           '#Follow  back',
            'entities': {'description': {'urls': []}},
            'favourites_count': 4843,
            'follow_request_sent': None,
            'followers_count': 4817,
            'following': None,
            'friends_count': 5295,
            'geo_enabled': False,
            'has_extended_profile': True,
            'id': 906031646884765701,
            'id_str': '906031646884765701',
            'is_translation_enabled': False,
            'is_translator': False,
            'lang': None,
            'listed_count': 14,
            'location': 'Dhaka, Bangladesh',
            'name': 'Md Mostofa kamal',
            'notifications': None,
            'profile_background_color': 'F5F8FA',
            'profile_background_image_url': None,
            'profile_background_image_url_https': None,
            'profile_background_tile': False,
            'profile_banner_url': 'https://pbs.twimg.com/profile_banners/906031646884765701/1543978436',
            'profile_image_url': 'http://pbs.twimg.com/profile_images/1122456466047127552/jObVPMAo_normal.jpg',
            'profile_image_url_https': 'https://pbs.twimg.com/profile_images/1122456466047127552/jObVPMAo_normal.jpg',
            'profile_link_color': '1DA1F2',
            'profile_sidebar_border_color': 'C0DEED',
            'profile_sidebar_fill_color': 'DDEEF6',
            'profile_text_color': '333333',
            'profile_use_background_image': True,
            'protected': False,
            'screen_name': 'Mostofa2020',
            'statuses_count': 5960,
            'time_zone': None,
            'translator_type': 'none',
            'url': None,
            'utc_offset': None,
            'verified': False}}
----------Summary----------
{ 'entities': {},
  'id_str': '1156652053470404613',
  'retweeted_status': { 'entities': { 'urls': { 'display_url': 'twitter.com/i/web/status/1…',
                                                'expanded_url': 'https://twitter.com/i/web/status/1148621932805275649'}},
                        'id_str': '1148621932805275649',
                        'text': 'want marketplaces security token offering '
                                'raising $20 million.   private sale open now '
                                'till aug 31 - 40% off - $0.1 '
                                'https://t.co/lsactnkocv',
                        'user': { 'entities': {},
                                  'id_str': '834374677560705024',
                                  'twitter_user': 'wantmarketplace'}},
  'text': 'rt @wantmarketplace: want marketplaces security token offering '
          'raising $20 million.   private sale open now till aug 31 - 40% off '
          '- $0.18',
  'user': { 'entities': {},
            'id_str': '906031646884765701',
            'twitter_user': 'Mostofa2020'}}
----------Groups----------
{ 'Bitcoin': ['bitcoin', 'Bitcoin', 'btc', 'satoshi nakamoto'],
  'Ethereum': ['ethereum', 'Ethereum', 'eth', 'vitalik buterin'],
  'Litecoin': ['litecoin', 'Litecoin', 'ltc', 'charles lee'],
  'Monero': ['monero', 'Monero', 'xmr', 'riccardo spagni'],
  'Ripple': [ 'ripple',
              'Ripple',
              'xrp',
              'xrapid',
              'xcurrent',
              'chris larsen',
              'jed mccaleb']}
---------------------------Fetch-------2019-07-31 15:55:38.306664: Tweet filed under "misc":----------Data----------
{ 'contributors': None,
  'coordinates': None,
  'created_at': 'Wed Jul 31 19:45:09 +0000 2019',
  'entities': { 'hashtags': [],
                'symbols': [],
                'urls': [],
                'user_mentions': [ { 'id': 834374677560705024,
                                     'id_str': '834374677560705024',
                                     'indices': [3, 19],
                                     'name': 'Want Marketplaces',
                                     'screen_name': 'wantmarketplace'}]},
  'favorite_count': 0,
  'favorited': False,
  'geo': None,
  'id': 1156652036181516288,
  'id_str': '1156652036181516288',
  'in_reply_to_screen_name': None,
  'in_reply_to_status_id': None,
  'in_reply_to_status_id_str': None,
  'in_reply_to_user_id': None,
  'in_reply_to_user_id_str': None,
  'is_quote_status': False,
  'lang': 'en',
  'metadata': {'iso_language_code': 'en', 'result_type': 'recent'},
  'place': None,
  'retweet_count': 36,
  'retweeted': False,
  'retweeted_status': { 'contributors': None,
                        'coordinates': None,
                        'created_at': 'Mon Jul 29 09:52:58 +0000 2019',
                        'entities': { 'hashtags': [],
                                      'symbols': [],
                                      'urls': [ { 'display_url': 'twitter.com/i/web/status/1…',
                                                  'expanded_url': 'https://twitter.com/i/web/status/1155778231963832321',
                                                  'indices': [116, 139],
                                                  'url': 'https://t.co/t7qW5qWTCz'}],
                                      'user_mentions': []},
                        'favorite_count': 132,
                        'favorited': False,
                        'geo': None,
                        'id': 1155778231963832321,
                        'id_str': '1155778231963832321',
                        'in_reply_to_screen_name': None,
                        'in_reply_to_status_id': None,
                        'in_reply_to_status_id_str': None,
                        'in_reply_to_user_id': None,
                        'in_reply_to_user_id_str': None,
                        'is_quote_status': False,
                        'lang': 'en',
                        'metadata': { 'iso_language_code': 'en',
                                      'result_type': 'recent'},
                        'place': None,
                        'possibly_sensitive': False,
                        'retweet_count': 36,
                        'retweeted': False,
                        'source': '<a href="https://mobile.twitter.com" '
                                  'rel="nofollow">Twitter Web App</a>',
                        'text': 'Building the most powerful servers for our '
                                'amazing shopping search engine! 20 TFlops - '
                                'CPU only.\n'
                                '\n'
                                'WNT Private Sale… https://t.co/t7qW5qWTCz',
                        'truncated': True,
                        'user': { 'contributors_enabled': False,
                                  'created_at': 'Wed Feb 22 12:09:59 +0000 '
                                                '2017',
                                  'default_profile': True,
                                  'default_profile_image': False,
                                  'description': 'Official Account for WANT '
                                                 'Marketplaces STO Offering',
                                  'entities': { 'description': {'urls': []},
                                                'url': { 'urls': [ { 'display_url': 'benipal.com',
                                                                     'expanded_url': 'https://benipal.com',
                                                                     'indices': [ 0,
                                                                                  23],
                                                                     'url': 'https://t.co/FpJbeDXvVn'}]}},
                                  'favourites_count': 4,
                                  'follow_request_sent': None,
                                  'followers_count': 1600,
                                  'following': None,
                                  'friends_count': 1,
                                  'geo_enabled': False,
                                  'has_extended_profile': False,
                                  'id': 834374677560705024,
                                  'id_str': '834374677560705024',
                                  'is_translation_enabled': False,
                                  'is_translator': False,
                                  'lang': None,
                                  'listed_count': 2,
                                  'location': 'New York, NY',
                                  'name': 'Want Marketplaces',
                                  'notifications': None,
                                  'profile_background_color': 'F5F8FA',
                                  'profile_background_image_url': None,
                                  'profile_background_image_url_https': None,
                                  'profile_background_tile': False,
                                  'profile_banner_url': 'https://pbs.twimg.com/profile_banners/834374677560705024/1559981725',
                                  'profile_image_url': 'http://pbs.twimg.com/profile_images/1137267216955482114/4tG-zMA6_normal.jpg',
                                  'profile_image_url_https': 'https://pbs.twimg.com/profile_images/1137267216955482114/4tG-zMA6_normal.jpg',
                                  'profile_link_color': '1DA1F2',
                                  'profile_sidebar_border_color': 'C0DEED',
                                  'profile_sidebar_fill_color': 'DDEEF6',
                                  'profile_text_color': '333333',
                                  'profile_use_background_image': True,
                                  'protected': False,
                                  'screen_name': 'wantmarketplace',
                                  'statuses_count': 76,
                                  'time_zone': None,
                                  'translator_type': 'none',
                                  'url': 'https://t.co/FpJbeDXvVn',
                                  'utc_offset': None,
                                  'verified': False}},
  'source': '<a href="http://twitter.com/download/android" '
            'rel="nofollow">Twitter for Android</a>',
  'text': 'RT @wantmarketplace: Building the most powerful servers for our '
          'amazing shopping search engine! 20 TFlops - CPU only.\n'
          '\n'
          'WNT Private Sale rai…',
  'truncated': False,
  'user': { 'contributors_enabled': False,
            'created_at': 'Fri Sep 08 05:49:12 +0000 2017',
            'default_profile': True,
            'default_profile_image': False,
            'description': 'I am Medical student\n'
                           '#****(simple man)\n'
                           '#Follow  back',
            'entities': {'description': {'urls': []}},
            'favourites_count': 4843,
            'follow_request_sent': None,
            'followers_count': 4817,
            'following': None,
            'friends_count': 5295,
            'geo_enabled': False,
            'has_extended_profile': True,
            'id': 906031646884765701,
            'id_str': '906031646884765701',
            'is_translation_enabled': False,
            'is_translator': False,
            'lang': None,
            'listed_count': 14,
            'location': 'Dhaka, Bangladesh',
            'name': 'Md Mostofa kamal',
            'notifications': None,
            'profile_background_color': 'F5F8FA',
            'profile_background_image_url': None,
            'profile_background_image_url_https': None,
            'profile_background_tile': False,
            'profile_banner_url': 'https://pbs.twimg.com/profile_banners/906031646884765701/1543978436',
            'profile_image_url': 'http://pbs.twimg.com/profile_images/1122456466047127552/jObVPMAo_normal.jpg',
            'profile_image_url_https': 'https://pbs.twimg.com/profile_images/1122456466047127552/jObVPMAo_normal.jpg',
            'profile_link_color': '1DA1F2',
            'profile_sidebar_border_color': 'C0DEED',
            'profile_sidebar_fill_color': 'DDEEF6',
            'profile_text_color': '333333',
            'profile_use_background_image': True,
            'protected': False,
            'screen_name': 'Mostofa2020',
            'statuses_count': 5960,
            'time_zone': None,
            'translator_type': 'none',
            'url': None,
            'utc_offset': None,
            'verified': False}}
----------Summary----------
{ 'entities': {},
  'id_str': '1156652036181516288',
  'retweeted_status': { 'entities': { 'urls': { 'display_url': 'twitter.com/i/web/status/1…',
                                                'expanded_url': 'https://twitter.com/i/web/status/1155778231963832321'}},
                        'id_str': '1155778231963832321',
                        'text': 'building the most powerful servers for our '
                                'amazing shopping search engine! 20 tflops - '
                                'cpu only.  wnt private sale '
                                'https://t.co/t7qw5qwtcz',
                        'user': { 'entities': {},
                                  'id_str': '834374677560705024',
                                  'twitter_user': 'wantmarketplace'}},
  'text': 'rt @wantmarketplace: building the most powerful servers for our '
          'amazing shopping search engine! 20 tflops - cpu only.  wnt private '
          'sale rai',
  'user': { 'entities': {},
            'id_str': '906031646884765701',
            'twitter_user': 'Mostofa2020'}}
----------Groups----------
{ 'Bitcoin': ['bitcoin', 'Bitcoin', 'btc', 'satoshi nakamoto'],
  'Ethereum': ['ethereum', 'Ethereum', 'eth', 'vitalik buterin'],
  'Litecoin': ['litecoin', 'Litecoin', 'ltc', 'charles lee'],
  'Monero': ['monero', 'Monero', 'xmr', 'riccardo spagni'],
  'Ripple': [ 'ripple',
              'Ripple',
              'xrp',
              'xrapid',
              'xcurrent',
              'chris larsen',
              'jed mccaleb']}
---------------------------Fetch-------2019-07-31 15:55:38.817900: Tweet filed under "misc":----------Data----------
{ 'contributors': None,
  'coordinates': None,
  'created_at': 'Wed Jul 31 19:45:06 +0000 2019',
  'entities': { 'hashtags': [],
                'symbols': [],
                'urls': [],
                'user_mentions': [ { 'id': 834374677560705024,
                                     'id_str': '834374677560705024',
                                     'indices': [3, 19],
                                     'name': 'Want Marketplaces',
                                     'screen_name': 'wantmarketplace'}]},
  'favorite_count': 0,
  'favorited': False,
  'geo': None,
  'id': 1156652023082713088,
  'id_str': '1156652023082713088',
  'in_reply_to_screen_name': None,
  'in_reply_to_status_id': None,
  'in_reply_to_status_id_str': None,
  'in_reply_to_user_id': None,
  'in_reply_to_user_id_str': None,
  'is_quote_status': False,
  'lang': 'en',
  'metadata': {'iso_language_code': 'en', 'result_type': 'recent'},
  'place': None,
  'retweet_count': 228,
  'retweeted': False,
  'retweeted_status': { 'contributors': None,
                        'coordinates': None,
                        'created_at': 'Fri Jul 05 02:41:25 +0000 2019',
                        'entities': { 'hashtags': [],
                                      'symbols': [],
                                      'urls': [ { 'display_url': 'twitter.com/i/web/status/1…',
                                                  'expanded_url': 'https://twitter.com/i/web/status/1146972320012988416',
                                                  'indices': [106, 129],
                                                  'url': 'https://t.co/BRa0KgR4Y1'}],
                                      'user_mentions': []},
                        'favorite_count': 398,
                        'favorited': False,
                        'geo': None,
                        'id': 1146972320012988416,
                        'id_str': '1146972320012988416',
                        'in_reply_to_screen_name': None,
                        'in_reply_to_status_id': None,
                        'in_reply_to_status_id_str': None,
                        'in_reply_to_user_id': None,
                        'in_reply_to_user_id_str': None,
                        'is_quote_status': False,
                        'lang': 'en',
                        'metadata': { 'iso_language_code': 'en',
                                      'result_type': 'recent'},
                        'place': None,
                        'possibly_sensitive': False,
                        'retweet_count': 228,
                        'retweeted': False,
                        'source': '<a href="https://mobile.twitter.com" '
                                  'rel="nofollow">Twitter Web App</a>',
                        'text': 'WANT MARKETPLACES (WNT) - Our Private Sale is '
                                'OPEN @ $0.18 up to 40% Off Public Sale price '
                                '- Know More -… https://t.co/BRa0KgR4Y1',
                        'truncated': True,
                        'user': { 'contributors_enabled': False,
                                  'created_at': 'Wed Feb 22 12:09:59 +0000 '
                                                '2017',
                                  'default_profile': True,
                                  'default_profile_image': False,
                                  'description': 'Official Account for WANT '
                                                 'Marketplaces STO Offering',
                                  'entities': { 'description': {'urls': []},
                                                'url': { 'urls': [ { 'display_url': 'benipal.com',
                                                                     'expanded_url': 'https://benipal.com',
                                                                     'indices': [ 0,
                                                                                  23],
                                                                     'url': 'https://t.co/FpJbeDXvVn'}]}},
                                  'favourites_count': 4,
                                  'follow_request_sent': None,
                                  'followers_count': 1600,
                                  'following': None,
                                  'friends_count': 1,
                                  'geo_enabled': False,
                                  'has_extended_profile': False,
                                  'id': 834374677560705024,
                                  'id_str': '834374677560705024',
                                  'is_translation_enabled': False,
                                  'is_translator': False,
                                  'lang': None,
                                  'listed_count': 2,
                                  'location': 'New York, NY',
                                  'name': 'Want Marketplaces',
                                  'notifications': None,
                                  'profile_background_color': 'F5F8FA',
                                  'profile_background_image_url': None,
                                  'profile_background_image_url_https': None,
                                  'profile_background_tile': False,
                                  'profile_banner_url': 'https://pbs.twimg.com/profile_banners/834374677560705024/1559981725',
                                  'profile_image_url': 'http://pbs.twimg.com/profile_images/1137267216955482114/4tG-zMA6_normal.jpg',
                                  'profile_image_url_https': 'https://pbs.twimg.com/profile_images/1137267216955482114/4tG-zMA6_normal.jpg',
                                  'profile_link_color': '1DA1F2',
                                  'profile_sidebar_border_color': 'C0DEED',
                                  'profile_sidebar_fill_color': 'DDEEF6',
                                  'profile_text_color': '333333',
                                  'profile_use_background_image': True,
                                  'protected': False,
                                  'screen_name': 'wantmarketplace',
                                  'statuses_count': 76,
                                  'time_zone': None,
                                  'translator_type': 'none',
                                  'url': 'https://t.co/FpJbeDXvVn',
                                  'utc_offset': None,
                                  'verified': False}},
  'source': '<a href="http://twitter.com/download/android" '
            'rel="nofollow">Twitter for Android</a>',
  'text': 'RT @wantmarketplace: WANT MARKETPLACES (WNT) - Our Private Sale is '
          'OPEN @ $0.18 up to 40% Off Public Sale price - Know More - '
          'https://t.co/…',
  'truncated': False,
  'user': { 'contributors_enabled': False,
            'created_at': 'Fri Sep 08 05:49:12 +0000 2017',
            'default_profile': True,
            'default_profile_image': False,
            'description': 'I am Medical student\n'
                           '#****(simple man)\n'
                           '#Follow  back',
            'entities': {'description': {'urls': []}},
            'favourites_count': 4843,
            'follow_request_sent': None,
            'followers_count': 4817,
            'following': None,
            'friends_count': 5295,
            'geo_enabled': False,
            'has_extended_profile': True,
            'id': 906031646884765701,
            'id_str': '906031646884765701',
            'is_translation_enabled': False,
            'is_translator': False,
            'lang': None,
            'listed_count': 14,
            'location': 'Dhaka, Bangladesh',
            'name': 'Md Mostofa kamal',
            'notifications': None,
            'profile_background_color': 'F5F8FA',
            'profile_background_image_url': None,
            'profile_background_image_url_https': None,
            'profile_background_tile': False,
            'profile_banner_url': 'https://pbs.twimg.com/profile_banners/906031646884765701/1543978436',
            'profile_image_url': 'http://pbs.twimg.com/profile_images/1122456466047127552/jObVPMAo_normal.jpg',
            'profile_image_url_https': 'https://pbs.twimg.com/profile_images/1122456466047127552/jObVPMAo_normal.jpg',
            'profile_link_color': '1DA1F2',
            'profile_sidebar_border_color': 'C0DEED',
            'profile_sidebar_fill_color': 'DDEEF6',
            'profile_text_color': '333333',
            'profile_use_background_image': True,
            'protected': False,
            'screen_name': 'Mostofa2020',
            'statuses_count': 5960,
            'time_zone': None,
            'translator_type': 'none',
            'url': None,
            'utc_offset': None,
            'verified': False}}
----------Summary----------
{ 'entities': {},
  'id_str': '1156652023082713088',
  'retweeted_status': { 'entities': { 'urls': { 'display_url': 'twitter.com/i/web/status/1…',
                                                'expanded_url': 'https://twitter.com/i/web/status/1146972320012988416'}},
                        'id_str': '1146972320012988416',
                        'text': 'want marketplaces (wnt) - our private sale is '
                                'open @ $0.18 up to 40% off public sale price '
                                '- know more - https://t.co/bra0kgr4y1',
                        'user': { 'entities': {},
                                  'id_str': '834374677560705024',
                                  'twitter_user': 'wantmarketplace'}},
  'text': 'rt @wantmarketplace: want marketplaces (wnt) - our private sale is '
          'open @ $0.18 up to 40% off public sale price - know more - '
          'https://t.co/',
  'user': { 'entities': {},
            'id_str': '906031646884765701',
            'twitter_user': 'Mostofa2020'}}
----------Groups----------
{ 'Bitcoin': ['bitcoin', 'Bitcoin', 'btc', 'satoshi nakamoto'],
  'Ethereum': ['ethereum', 'Ethereum', 'eth', 'vitalik buterin'],
  'Litecoin': ['litecoin', 'Litecoin', 'ltc', 'charles lee'],
  'Monero': ['monero', 'Monero', 'xmr', 'riccardo spagni'],
  'Ripple': [ 'ripple',
              'Ripple',
              'xrp',
              'xrapid',
              'xcurrent',
              'chris larsen',
              'jed mccaleb']}
---------------------------Fetch-------2019-07-31 15:55:39.893802: Tweet filed under "misc":----------Data----------
{ 'contributors': None,
  'coordinates': None,
  'created_at': 'Wed Jul 31 19:44:46 +0000 2019',
  'entities': { 'hashtags': [],
                'symbols': [],
                'urls': [],
                'user_mentions': [ { 'id': 1029438676705714176,
                                     'id_str': '1029438676705714176',
                                     'indices': [3, 17],
                                     'name': 'BuildingBlocksCrypto',
                                     'screen_name': 'blocks_crypto'}]},
  'favorite_count': 0,
  'favorited': False,
  'geo': None,
  'id': 1156651937732804608,
  'id_str': '1156651937732804608',
  'in_reply_to_screen_name': None,
  'in_reply_to_status_id': None,
  'in_reply_to_status_id_str': None,
  'in_reply_to_user_id': None,
  'in_reply_to_user_id_str': None,
  'is_quote_status': False,
  'lang': 'en',
  'metadata': {'iso_language_code': 'en', 'result_type': 'recent'},
  'place': None,
  'retweet_count': 90,
  'retweeted': False,
  'retweeted_status': { 'contributors': None,
                        'coordinates': None,
                        'created_at': 'Sat Jul 27 05:55:02 +0000 2019',
                        'entities': { 'hashtags': [],
                                      'symbols': [],
                                      'urls': [ { 'display_url': 'twitter.com/i/web/status/1…',
                                                  'expanded_url': 'https://twitter.com/i/web/status/1154993578667577344',
                                                  'indices': [117, 140],
                                                  'url': 'https://t.co/uEGUpSS8ge'}],
                                      'user_mentions': []},
                        'favorite_count': 100,
                        'favorited': False,
                        'geo': None,
                        'id': 1154993578667577344,
                        'id_str': '1154993578667577344',
                        'in_reply_to_screen_name': None,
                        'in_reply_to_status_id': None,
                        'in_reply_to_status_id_str': None,
                        'in_reply_to_user_id': None,
                        'in_reply_to_user_id_str': None,
                        'is_quote_status': False,
                        'lang': 'en',
                        'metadata': { 'iso_language_code': 'en',
                                      'result_type': 'recent'},
                        'place': None,
                        'possibly_sensitive': False,
                        'retweet_count': 90,
                        'retweeted': False,
                        'source': '<a href="https://mobile.twitter.com" '
                                  'rel="nofollow">Twitter Web App</a>',
                        'text': 'Name: Building Blocks Token\n'
                                'Symbol: BH4H\n'
                                'Total supply: 100,000,000,000\n'
                                '\n'
                                'AIRDROP HAS STARTED!\n'
                                '\n'
                                'To qualify for Airdro… '
                                'https://t.co/uEGUpSS8ge',
                        'truncated': True,
                        'user': { 'contributors_enabled': False,
                                  'created_at': 'Tue Aug 14 18:44:41 +0000 '
                                                '2018',
                                  'default_profile': True,
                                  'default_profile_image': False,
                                  'description': 'We are Building Blocks. Our '
                                                 'Crypto was created with the '
                                                 'homeless at mind. We aim to '
                                                 'build or Buy Hostels and '
                                                 'Hotels with the help of you '
                                                 'guys.',
                                  'entities': { 'description': {'urls': []},
                                                'url': { 'urls': [ { 'display_url': 'buidinghomes4homeless.xyz',
                                                                     'expanded_url': 'http://www.buidinghomes4homeless.xyz/',
                                                                     'indices': [ 0,
                                                                                  23],
                                                                     'url': 'https://t.co/ODdy4aewVI'}]}},
                                  'favourites_count': 146,
                                  'follow_request_sent': None,
                                  'followers_count': 280,
                                  'following': None,
                                  'friends_count': 0,
                                  'geo_enabled': False,
                                  'has_extended_profile': True,
                                  'id': 1029438676705714176,
                                  'id_str': '1029438676705714176',
                                  'is_translation_enabled': False,
                                  'is_translator': False,
                                  'lang': None,
                                  'listed_count': 0,
                                  'location': 'United Kingdom',
                                  'name': 'BuildingBlocksCrypto',
                                  'notifications': None,
                                  'profile_background_color': 'F5F8FA',
                                  'profile_background_image_url': None,
                                  'profile_background_image_url_https': None,
                                  'profile_background_tile': False,
                                  'profile_image_url': 'http://pbs.twimg.com/profile_images/1031992230289059840/xxNbMvh3_normal.jpg',
                                  'profile_image_url_https': 'https://pbs.twimg.com/profile_images/1031992230289059840/xxNbMvh3_normal.jpg',
                                  'profile_link_color': '1DA1F2',
                                  'profile_sidebar_border_color': 'C0DEED',
                                  'profile_sidebar_fill_color': 'DDEEF6',
                                  'profile_text_color': '333333',
                                  'profile_use_background_image': True,
                                  'protected': False,
                                  'screen_name': 'blocks_crypto',
                                  'statuses_count': 156,
                                  'time_zone': None,
                                  'translator_type': 'none',
                                  'url': 'https://t.co/ODdy4aewVI',
                                  'utc_offset': None,
                                  'verified': False}},
  'source': '<a href="https://mobile.twitter.com" rel="nofollow">Twitter Web '
            'App</a>',
  'text': 'RT @blocks_crypto: Name: Building Blocks Token\n'
          'Symbol: BH4H\n'
          'Total supply: 100,000,000,000\n'
          '\n'
          'AIRDROP HAS STARTED!\n'
          '\n'
          'To qualify for Airdrop:\n'
          '-F…',
  'truncated': False,
  'user': { 'contributors_enabled': False,
            'created_at': 'Sun Jun 24 17:02:02 +0000 2018',
            'default_profile': True,
            'default_profile_image': False,
            'description': '',
            'entities': {'description': {'urls': []}},
            'favourites_count': 2,
            'follow_request_sent': None,
            'followers_count': 0,
            'following': None,
            'friends_count': 9,
            'geo_enabled': False,
            'has_extended_profile': False,
            'id': 1010931064330522624,
            'id_str': '1010931064330522624',
            'is_translation_enabled': False,
            'is_translator': False,
            'lang': None,
            'listed_count': 0,
            'location': '',
            'name': 'cikemi839',
            'notifications': None,
            'profile_background_color': 'F5F8FA',
            'profile_background_image_url': None,
            'profile_background_image_url_https': None,
            'profile_background_tile': False,
            'profile_banner_url': 'https://pbs.twimg.com/profile_banners/1010931064330522624/1564602265',
            'profile_image_url': 'http://pbs.twimg.com/profile_images/1156651840869564416/oRB4wx-E_normal.jpg',
            'profile_image_url_https': 'https://pbs.twimg.com/profile_images/1156651840869564416/oRB4wx-E_normal.jpg',
            'profile_link_color': '1DA1F2',
            'profile_sidebar_border_color': 'C0DEED',
            'profile_sidebar_fill_color': 'DDEEF6',
            'profile_text_color': '333333',
            'profile_use_background_image': True,
            'protected': False,
            'screen_name': 'cikemi839',
            'statuses_count': 13,
            'time_zone': None,
            'translator_type': 'none',
            'url': None,
            'utc_offset': None,
            'verified': False}}
----------Summary----------
{ 'entities': {},
  'id_str': '1156651937732804608',
  'retweeted_status': { 'entities': { 'urls': { 'display_url': 'twitter.com/i/web/status/1…',
                                                'expanded_url': 'https://twitter.com/i/web/status/1154993578667577344'}},
                        'id_str': '1154993578667577344',
                        'text': 'name: building blocks token symbol: bh4h '
                                'total supply: 100,000,000,000  airdrop has '
                                'started!  to qualify for airdro '
                                'https://t.co/uegupss8ge',
                        'user': { 'entities': {},
                                  'id_str': '1029438676705714176',
                                  'twitter_user': 'blocks_crypto'}},
  'text': 'rt @blocks_crypto: name: building blocks token symbol: bh4h total '
          'supply: 100,000,000,000  airdrop has started!  to qualify for '
          'airdrop: -f',
  'user': { 'entities': {},
            'id_str': '1010931064330522624',
            'twitter_user': 'cikemi839'}}
----------Groups----------
{ 'Bitcoin': ['bitcoin', 'Bitcoin', 'btc', 'satoshi nakamoto'],
  'Ethereum': ['ethereum', 'Ethereum', 'eth', 'vitalik buterin'],
  'Litecoin': ['litecoin', 'Litecoin', 'ltc', 'charles lee'],
  'Monero': ['monero', 'Monero', 'xmr', 'riccardo spagni'],
  'Ripple': [ 'ripple',
              'Ripple',
              'xrp',
              'xrapid',
              'xcurrent',
              'chris larsen',
              'jed mccaleb']}
---------------------------Fetch-------2019-07-31 15:55:40.761626: Tweet filed under "misc":----------Data----------
{ 'contributors': None,
  'coordinates': None,
  'created_at': 'Wed Jul 31 19:52:52 +0000 2019',
  'entities': { 'hashtags': [],
                'symbols': [],
                'urls': [ { 'display_url': 'twitter.com/i/web/status/1…',
                            'expanded_url': 'https://twitter.com/i/web/status/1156653975854309377',
                            'indices': [117, 140],
                            'url': 'https://t.co/CQ2yPn13VA'}],
                'user_mentions': []},
  'favorite_count': 0,
  'favorited': False,
  'geo': None,
  'id': 1156653975854309377,
  'id_str': '1156653975854309377',
  'in_reply_to_screen_name': None,
  'in_reply_to_status_id': None,
  'in_reply_to_status_id_str': None,
  'in_reply_to_user_id': None,
  'in_reply_to_user_id_str': None,
  'is_quote_status': False,
  'lang': 'en',
  'metadata': {'iso_language_code': 'en', 'result_type': 'recent'},
  'place': None,
  'possibly_sensitive': False,
  'retweet_count': 0,
  'retweeted': False,
  'source': '<a href="https://ifttt.com" rel="nofollow">IFTTT</a>',
  'text': 'The Supreme Court of Nova Scotia approved the activities, fees and '
          'disbursements incurred by firms in the ongoing p… '
          'https://t.co/CQ2yPn13VA',
  'truncated': True,
  'user': { 'contributors_enabled': False,
            'created_at': 'Fri Jul 26 21:20:25 +0000 2013',
            'default_profile': True,
            'default_profile_image': False,
            'description': 'How many millionaires do you know who have become '
                           'wealthy by investing in savings accounts?\xa0\n'
                           '4 years and counting! #bitcoin #btc $btc',
            'entities': {'description': {'urls': []}},
            'favourites_count': 766,
            'follow_request_sent': None,
            'followers_count': 433,
            'following': None,
            'friends_count': 79,
            'geo_enabled': False,
            'has_extended_profile': False,
            'id': 1623913573,
            'id_str': '1623913573',
            'is_translation_enabled': False,
            'is_translator': False,
            'lang': None,
            'listed_count': 0,
            'location': 'Canada',
            'name': 'CryptoGryphon',
            'notifications': None,
            'profile_background_color': 'C0DEED',
            'profile_background_image_url': 'http://abs.twimg.com/images/themes/theme1/bg.png',
            'profile_background_image_url_https': 'https://abs.twimg.com/images/themes/theme1/bg.png',
            'profile_background_tile': False,
            'profile_banner_url': 'https://pbs.twimg.com/profile_banners/1623913573/1552504621',
            'profile_image_url': 'http://pbs.twimg.com/profile_images/1105909904408117248/ykxqaMQK_normal.jpg',
            'profile_image_url_https': 'https://pbs.twimg.com/profile_images/1105909904408117248/ykxqaMQK_normal.jpg',
            'profile_link_color': '1DA1F2',
            'profile_sidebar_border_color': 'C0DEED',
            'profile_sidebar_fill_color': 'DDEEF6',
            'profile_text_color': '333333',
            'profile_use_background_image': True,
            'protected': False,
            'screen_name': 'cryptogryphon',
            'statuses_count': 2130,
            'time_zone': None,
            'translator_type': 'none',
            'url': None,
            'utc_offset': None,
            'verified': False}}
----------Summary----------
{ 'entities': { 'urls': { 'display_url': 'twitter.com/i/web/status/1…',
                          'expanded_url': 'https://twitter.com/i/web/status/1156653975854309377'}},
  'id_str': '1156653975854309377',
  'text': 'the supreme court of nova scotia approved the activities, fees and '
          'disbursements incurred by firms in the ongoing p '
          'https://t.co/cq2ypn13va',
  'user': { 'entities': {},
            'id_str': '1623913573',
            'twitter_user': 'cryptogryphon'}}
----------Groups----------
{ 'Bitcoin': ['bitcoin', 'Bitcoin', 'btc', 'satoshi nakamoto'],
  'Ethereum': ['ethereum', 'Ethereum', 'eth', 'vitalik buterin'],
  'Litecoin': ['litecoin', 'Litecoin', 'ltc', 'charles lee'],
  'Monero': ['monero', 'Monero', 'xmr', 'riccardo spagni'],
  'Ripple': [ 'ripple',
              'Ripple',
              'xrp',
              'xrapid',
              'xcurrent',
              'chris larsen',
              'jed mccaleb']}
---------------------------Fetch-------2019-07-31 15:55:40.973606: Tweet filed under "misc":----------Data----------
{ 'contributors': None,
  'coordinates': None,
  'created_at': 'Wed Jul 31 19:52:44 +0000 2019',
  'entities': { 'hashtags': [],
                'symbols': [],
                'urls': [ { 'display_url': 'twitter.com/i/web/status/1…',
                            'expanded_url': 'https://twitter.com/i/web/status/1156653944443215872',
                            'indices': [115, 138],
                            'url': 'https://t.co/0zLe4w772s'}],
                'user_mentions': []},
  'favorite_count': 0,
  'favorited': False,
  'geo': None,
  'id': 1156653944443215872,
  'id_str': '1156653944443215872',
  'in_reply_to_screen_name': None,
  'in_reply_to_status_id': None,
  'in_reply_to_status_id_str': None,
  'in_reply_to_user_id': None,
  'in_reply_to_user_id_str': None,
  'is_quote_status': False,
  'lang': 'en',
  'metadata': {'iso_language_code': 'en', 'result_type': 'recent'},
  'place': None,
  'possibly_sensitive': False,
  'retweet_count': 0,
  'retweeted': False,
  'source': '<a href="https://mobile.twitter.com" rel="nofollow">Twitter Web '
            'App</a>',
  'text': '♣️ New Listing ♣️\n'
          '\n'
          'We are glad to announce that we will add MotaCoin (MOTA) to AIO '
          'Casino.\n'
          '\n'
          'Join AIO Casino here:… https://t.co/0zLe4w772s',
  'truncated': True,
  'user': { 'contributors_enabled': False,
            'created_at': 'Tue Apr 09 14:23:11 +0000 2019',
            'default_profile': False,
            'default_profile_image': False,
            'description': 'AIO Casino is a cryptocurrency casino, which aims '
                           'to connect all possible games in the gambling '
                           'industry on one platform.',
            'entities': { 'description': {'urls': []},
                          'url': { 'urls': [ { 'display_url': 'aiocasino.com',
                                               'expanded_url': 'http://www.aiocasino.com',
                                               'indices': [0, 23],
                                               'url': 'https://t.co/ilzffCUZlS'}]}},
            'favourites_count': 3,
            'follow_request_sent': None,
            'followers_count': 1521,
            'following': None,
            'friends_count': 10,
            'geo_enabled': False,
            'has_extended_profile': False,
            'id': 1115621181472686080,
            'id_str': '1115621181472686080',
            'is_translation_enabled': False,
            'is_translator': False,
            'lang': None,
            'listed_count': 0,
            'location': 'Blockchain',
            'name': 'AIO Casino',
            'notifications': None,
            'profile_background_color': '000000',
            'profile_background_image_url': 'http://abs.twimg.com/images/themes/theme1/bg.png',
            'profile_background_image_url_https': 'https://abs.twimg.com/images/themes/theme1/bg.png',
            'profile_background_tile': False,
            'profile_banner_url': 'https://pbs.twimg.com/profile_banners/1115621181472686080/1555011542',
            'profile_image_url': 'http://pbs.twimg.com/profile_images/1116419292973678593/-huZ59dZ_normal.png',
            'profile_image_url_https': 'https://pbs.twimg.com/profile_images/1116419292973678593/-huZ59dZ_normal.png',
            'profile_link_color': '15244C',
            'profile_sidebar_border_color': '000000',
            'profile_sidebar_fill_color': '000000',
            'profile_text_color': '000000',
            'profile_use_background_image': False,
            'protected': False,
            'screen_name': 'AioCasino',
            'statuses_count': 44,
            'time_zone': None,
            'translator_type': 'none',
            'url': 'https://t.co/ilzffCUZlS',
            'utc_offset': None,
            'verified': False}}
----------Summary----------
{ 'entities': { 'urls': { 'display_url': 'twitter.com/i/web/status/1…',
                          'expanded_url': 'https://twitter.com/i/web/status/1156653944443215872'}},
  'id_str': '1156653944443215872',
  'text': ' new listing   we are glad to announce that we will add motacoin '
          '(mota) to aio casino.  join aio casino here: '
          'https://t.co/0zle4w772s',
  'user': { 'entities': {},
            'id_str': '1115621181472686080',
            'twitter_user': 'AioCasino'}}
----------Groups----------
{ 'Bitcoin': ['bitcoin', 'Bitcoin', 'btc', 'satoshi nakamoto'],
  'Ethereum': ['ethereum', 'Ethereum', 'eth', 'vitalik buterin'],
  'Litecoin': ['litecoin', 'Litecoin', 'ltc', 'charles lee'],
  'Monero': ['monero', 'Monero', 'xmr', 'riccardo spagni'],
  'Ripple': [ 'ripple',
              'Ripple',
              'xrp',
              'xrapid',
              'xcurrent',
              'chris larsen',
              'jed mccaleb']}
---------------------------Fetch-------2019-07-31 15:55:41.507227: Tweet filed under "misc":----------Data----------
{ 'contributors': None,
  'coordinates': None,
  'created_at': 'Wed Jul 31 19:52:44 +0000 2019',
  'entities': { 'hashtags': [],
                'symbols': [{'indices': [51, 55], 'text': 'XVG'}],
                'urls': [],
                'user_mentions': [ { 'id': 1102270056568766466,
                                     'id_str': '1102270056568766466',
                                     'indices': [3, 19],
                                     'name': 'Angelita E. McCrory',
                                     'screen_name': 'MccroryAngelita'}]},
  'favorite_count': 0,
  'favorited': False,
  'geo': None,
  'id': 1156653942325071872,
  'id_str': '1156653942325071872',
  'in_reply_to_screen_name': None,
  'in_reply_to_status_id': None,
  'in_reply_to_status_id_str': None,
  'in_reply_to_user_id': None,
  'in_reply_to_user_id_str': None,
  'is_quote_status': False,
  'lang': 'en',
  'metadata': {'iso_language_code': 'en', 'result_type': 'recent'},
  'place': None,
  'retweet_count': 207,
  'retweeted': False,
  'retweeted_status': { 'contributors': None,
                        'coordinates': None,
                        'created_at': 'Wed Jul 31 06:17:13 +0000 2019',
                        'entities': { 'hashtags': [],
                                      'symbols': [ { 'indices': [30, 34],
                                                     'text': 'XVG'}],
                                      'urls': [ { 'display_url': 'twitter.com/i/web/status/1…',
                                                  'expanded_url': 'https://twitter.com/i/web/status/1156448712425525248',
                                                  'indices': [116, 139],
                                                  'url': 'https://t.co/kPUaJL4ZZW'}],
                                      'user_mentions': []},
                        'favorite_count': 238,
                        'favorited': False,
                        'geo': None,
                        'id': 1156448712425525248,
                        'id_str': '1156448712425525248',
                        'in_reply_to_screen_name': None,
                        'in_reply_to_status_id': None,
                        'in_reply_to_status_id_str': None,
                        'in_reply_to_user_id': None,
                        'in_reply_to_user_id_str': None,
                        'is_quote_status': False,
                        'lang': 'en',
                        'metadata': { 'iso_language_code': 'en',
                                      'result_type': 'recent'},
                        'place': None,
                        'retweet_count': 207,
                        'retweeted': False,
                        'source': '<a href="https://mobile.twitter.com" '
                                  'rel="nofollow">Twitter Web App</a>',
                        'text': 'I decided to give away 50,000 $XVG to someone '
                                'at the end of August 10\n'
                                'All you have to do to win is:\n'
                                '\n'
                                '-Be following… https://t.co/kPUaJL4ZZW',
                        'truncated': True,
                        'user': { 'contributors_enabled': False,
                                  'created_at': 'Sun Mar 03 18:10:35 +0000 '
                                                '2019',
                                  'default_profile': True,
                                  'default_profile_image': False,
                                  'description': 'My name is Angelita E. '
                                                 'McCrory, my favorite hobby '
                                                 'is travelling. I’m '
                                                 'interested in seeing new '
                                                 'sights, exploring different '
                                                 'cultures and else.',
                                  'entities': {'description': {'urls': []}},
                                  'favourites_count': 23,
                                  'follow_request_sent': None,
                                  'followers_count': 3906,
                                  'following': None,
                                  'friends_count': 300,
                                  'geo_enabled': False,
                                  'has_extended_profile': True,
                                  'id': 1102270056568766466,
                                  'id_str': '1102270056568766466',
                                  'is_translation_enabled': False,
                                  'is_translator': False,
                                  'lang': None,
                                  'listed_count': 7,
                                  'location': 'NYC',
                                  'name': 'Angelita E. McCrory',
                                  'notifications': None,
                                  'profile_background_color': 'F5F8FA',
                                  'profile_background_image_url': None,
                                  'profile_background_image_url_https': None,
                                  'profile_background_tile': False,
                                  'profile_banner_url': 'https://pbs.twimg.com/profile_banners/1102270056568766466/1551638208',
                                  'profile_image_url': 'http://pbs.twimg.com/profile_images/1110228722257297413/nTZSt0Xz_normal.png',
                                  'profile_image_url_https': 'https://pbs.twimg.com/profile_images/1110228722257297413/nTZSt0Xz_normal.png',
                                  'profile_link_color': '1DA1F2',
                                  'profile_sidebar_border_color': 'C0DEED',
                                  'profile_sidebar_fill_color': 'DDEEF6',
                                  'profile_text_color': '333333',
                                  'profile_use_background_image': True,
                                  'protected': False,
                                  'screen_name': 'MccroryAngelita',
                                  'statuses_count': 79,
                                  'time_zone': None,
                                  'translator_type': 'none',
                                  'url': None,
                                  'utc_offset': None,
                                  'verified': False}},
  'source': '<a href="http://twitter.com/download/android" '
            'rel="nofollow">Twitter for Android</a>',
  'text': 'RT @MccroryAngelita: I decided to give away 50,000 $XVG to someone '
          'at the end of August 10\n'
          'All you have to do to win is:\n'
          '\n'
          '-Be following me…',
  'truncated': False,
  'user': { 'contributors_enabled': False,
            'created_at': 'Wed Jun 26 21:09:08 +0000 2019',
            'default_profile': True,
            'default_profile_image': False,
            'description': 'just a broke guy trying to ride a crypto wave to '
                           'financial freedom.',
            'entities': {'description': {'urls': []}},
            'favourites_count': 30,
            'follow_request_sent': None,
            'followers_count': 7,
            'following': None,
            'friends_count': 45,
            'geo_enabled': False,
            'has_extended_profile': False,
            'id': 1143989596558172167,
            'id_str': '1143989596558172167',
            'is_translation_enabled': False,
            'is_translator': False,
            'lang': None,
            'listed_count': 0,
            'location': 'United States',
            'name': 'Ryan Alpha',
            'notifications': None,
            'profile_background_color': 'F5F8FA',
            'profile_background_image_url': None,
            'profile_background_image_url_https': None,
            'profile_background_tile': False,
            'profile_banner_url': 'https://pbs.twimg.com/profile_banners/1143989596558172167/1561764608',
            'profile_image_url': 'http://pbs.twimg.com/profile_images/1144749858450038785/hp0keyz3_normal.jpg',
            'profile_image_url_https': 'https://pbs.twimg.com/profile_images/1144749858450038785/hp0keyz3_normal.jpg',
            'profile_link_color': '1DA1F2',
            'profile_sidebar_border_color': 'C0DEED',
            'profile_sidebar_fill_color': 'DDEEF6',
            'profile_text_color': '333333',
            'profile_use_background_image': True,
            'protected': False,
            'screen_name': 'RyanAlpha9',
            'statuses_count': 14,
            'time_zone': None,
            'translator_type': 'none',
            'url': None,
            'utc_offset': None,
            'verified': False}}
----------Summary----------
{ 'entities': {},
  'id_str': '1156653942325071872',
  'retweeted_status': { 'entities': { 'urls': { 'display_url': 'twitter.com/i/web/status/1…',
                                                'expanded_url': 'https://twitter.com/i/web/status/1156448712425525248'}},
                        'id_str': '1156448712425525248',
                        'text': 'i decided to give away 50,000 $xvg to someone '
                                'at the end of august 10 all you have to do to '
                                'win is:  -be following '
                                'https://t.co/kpuajl4zzw',
                        'user': { 'entities': {},
                                  'id_str': '1102270056568766466',
                                  'twitter_user': 'MccroryAngelita'}},
  'text': 'rt @mccroryangelita: i decided to give away 50,000 $xvg to someone '
          'at the end of august 10 all you have to do to win is:  -be '
          'following me',
  'user': { 'entities': {},
            'id_str': '1143989596558172167',
            'twitter_user': 'RyanAlpha9'}}
----------Groups----------
{ 'Bitcoin': ['bitcoin', 'Bitcoin', 'btc', 'satoshi nakamoto'],
  'Ethereum': ['ethereum', 'Ethereum', 'eth', 'vitalik buterin'],
  'Litecoin': ['litecoin', 'Litecoin', 'ltc', 'charles lee'],
  'Monero': ['monero', 'Monero', 'xmr', 'riccardo spagni'],
  'Ripple': [ 'ripple',
              'Ripple',
              'xrp',
              'xrapid',
              'xcurrent',
              'chris larsen',
              'jed mccaleb']}
---------------------------Fetch-------2019-07-31 15:55:41.786237: Tweet filed under "misc":----------Data----------
{ 'contributors': None,
  'coordinates': None,
  'created_at': 'Wed Jul 31 19:52:37 +0000 2019',
  'entities': { 'hashtags': [],
                'symbols': [{'indices': [91, 96], 'text': 'IOST'}],
                'urls': [],
                'user_mentions': [ { 'id': 755070940309032961,
                                     'id_str': '755070940309032961',
                                     'indices': [3, 19],
                                     'name': 'Jimmy Zhong',
                                     'screen_name': 'jimmyzhong_iost'}]},
  'favorite_count': 0,
  'favorited': False,
  'geo': None,
  'id': 1156653915804459009,
  'id_str': '1156653915804459009',
  'in_reply_to_screen_name': None,
  'in_reply_to_status_id': None,
  'in_reply_to_status_id_str': None,
  'in_reply_to_user_id': None,
  'in_reply_to_user_id_str': None,
  'is_quote_status': False,
  'lang': 'en',
  'metadata': {'iso_language_code': 'en', 'result_type': 'recent'},
  'place': None,
  'retweet_count': 112,
  'retweeted': False,
  'retweeted_status': { 'contributors': None,
                        'coordinates': None,
                        'created_at': 'Wed Jul 31 15:06:01 +0000 2019',
                        'entities': { 'hashtags': [],
                                      'symbols': [ { 'indices': [70, 75],
                                                     'text': 'IOST'}],
                                      'urls': [ { 'display_url': 'twitter.com/i/web/status/1…',
                                                  'expanded_url': 'https://twitter.com/i/web/status/1156581791253356544',
                                                  'indices': [117, 140],
                                                  'url': 'https://t.co/BGWmQOnJuJ'}],
                                      'user_mentions': []},
                        'favorite_count': 131,
                        'favorited': False,
                        'geo': None,
                        'id': 1156581791253356544,
                        'id_str': '1156581791253356544',
                        'in_reply_to_screen_name': None,
                        'in_reply_to_status_id': None,
                        'in_reply_to_status_id_str': None,
                        'in_reply_to_user_id': None,
                        'in_reply_to_user_id_str': None,
                        'is_quote_status': False,
                        'lang': 'en',
                        'metadata': { 'iso_language_code': 'en',
                                      'result_type': 'recent'},
                        'place': None,
                        'possibly_sensitive': False,
                        'retweet_count': 112,
                        'retweeted': False,
                        'source': '<a href="https://sproutsocial.com" '
                                  'rel="nofollow">Sprout Social</a>',
                        'text': 'I’m not sure what you guys are waiting for '
                                'but if you are not staking $IOST today, you '
                                'are missing out on some of t… '
                                'https://t.co/BGWmQOnJuJ',
                        'truncated': True,
                        'user': { 'contributors_enabled': False,
                                  'created_at': 'Mon Jul 18 16:05:15 +0000 '
                                                '2016',
                                  'default_profile': True,
                                  'default_profile_image': False,
                                  'description': 'Bring blockchain to the '
                                                 'masses | Build a powerful & '
                                                 'scalable blockchain app '
                                                 'platform for your next big '
                                                 'idea. Co-founder of '
                                                 '@IOSToken | Instagram: '
                                                 'jimmyzhong_zjm',
                                  'entities': { 'description': {'urls': []},
                                                'url': { 'urls': [ { 'display_url': 'iost.io',
                                                                     'expanded_url': 'https://iost.io',
                                                                     'indices': [ 0,
                                                                                  23],
                                                                     'url': 'https://t.co/aMOgKYwpKa'}]}},
                                  'favourites_count': 2794,
                                  'follow_request_sent': None,
                                  'followers_count': 32003,
                                  'following': None,
                                  'friends_count': 384,
                                  'geo_enabled': True,
                                  'has_extended_profile': False,
                                  'id': 755070940309032961,
                                  'id_str': '755070940309032961',
                                  'is_translation_enabled': False,
                                  'is_translator': False,
                                  'lang': None,
                                  'listed_count': 90,
                                  'location': 'San Francisco, CA',
                                  'name': 'Jimmy Zhong',
                                  'notifications': None,
                                  'profile_background_color': 'F5F8FA',
                                  'profile_background_image_url': None,
                                  'profile_background_image_url_https': None,
                                  'profile_background_tile': False,
                                  'profile_banner_url': 'https://pbs.twimg.com/profile_banners/755070940309032961/1517040266',
                                  'profile_image_url': 'http://pbs.twimg.com/profile_images/1092834945553367046/dkyE_l6k_normal.jpg',
                                  'profile_image_url_https': 'https://pbs.twimg.com/profile_images/1092834945553367046/dkyE_l6k_normal.jpg',
                                  'profile_link_color': '1DA1F2',
                                  'profile_sidebar_border_color': 'C0DEED',
                                  'profile_sidebar_fill_color': 'DDEEF6',
                                  'profile_text_color': '333333',
                                  'profile_use_background_image': True,
                                  'protected': False,
                                  'screen_name': 'jimmyzhong_iost',
                                  'statuses_count': 1856,
                                  'time_zone': None,
                                  'translator_type': 'none',
                                  'url': 'https://t.co/aMOgKYwpKa',
                                  'utc_offset': None,
                                  'verified': False}},
  'source': '<a href="https://mobile.twitter.com" rel="nofollow">Twitter Web '
            'App</a>',
  'text': 'RT @jimmyzhong_iost: I’m not sure what you guys are waiting for but '
          'if you are not staking $IOST today, you are missing out on some of '
          'the…',
  'truncated': False,
  'user': { 'contributors_enabled': False,
            'created_at': 'Tue Jul 02 14:06:15 +0000 2019',
            'default_profile': True,
            'default_profile_image': False,
            'description': 'https://t.co/toB9PplxXW',
            'entities': { 'description': { 'urls': [ { 'display_url': 't.me/DigitalCoinMin…',
                                                       'expanded_url': 'http://t.me/DigitalCoinMineers',
                                                       'indices': [0, 23],
                                                       'url': 'https://t.co/toB9PplxXW'}]},
                          'url': { 'urls': [ { 'display_url': 't.me/digitalcoinmin…',
                                               'expanded_url': 'http://t.me/digitalcoinmineers',
                                               'indices': [0, 23],
                                               'url': 'https://t.co/hotWpDZcCo'}]}},
            'favourites_count': 92,
            'follow_request_sent': None,
            'followers_count': 2,
            'following': None,
            'friends_count': 15,
            'geo_enabled': False,
            'has_extended_profile': True,
            'id': 1146057500531183617,
            'id_str': '1146057500531183617',
            'is_translation_enabled': False,
            'is_translator': False,
            'lang': None,
            'listed_count': 0,
            'location': 'Iran',
            'name': 'Arash Akbarie',
            'notifications': None,
            'profile_background_color': 'F5F8FA',
            'profile_background_image_url': None,
            'profile_background_image_url_https': None,
            'profile_background_tile': False,
            'profile_image_url': 'http://pbs.twimg.com/profile_images/1146058243069763584/6O0lL7h5_normal.jpg',
            'profile_image_url_https': 'https://pbs.twimg.com/profile_images/1146058243069763584/6O0lL7h5_normal.jpg',
            'profile_link_color': '1DA1F2',
            'profile_sidebar_border_color': 'C0DEED',
            'profile_sidebar_fill_color': 'DDEEF6',
            'profile_text_color': '333333',
            'profile_use_background_image': True,
            'protected': False,
            'screen_name': 'allcoinmineers',
            'statuses_count': 100,
            'time_zone': None,
            'translator_type': 'none',
            'url': 'https://t.co/hotWpDZcCo',
            'utc_offset': None,
            'verified': False}}
----------Summary----------
{ 'entities': {},
  'id_str': '1156653915804459009',
  'retweeted_status': { 'entities': { 'urls': { 'display_url': 'twitter.com/i/web/status/1…',
                                                'expanded_url': 'https://twitter.com/i/web/status/1156581791253356544'}},
                        'id_str': '1156581791253356544',
                        'text': 'im not sure what you guys are waiting for but '
                                'if you are not staking $iost today, you are '
                                'missing out on some of t '
                                'https://t.co/bgwmqonjuj',
                        'user': { 'entities': {},
                                  'id_str': '755070940309032961',
                                  'twitter_user': 'jimmyzhong_iost'}},
  'text': 'rt @jimmyzhong_iost: im not sure what you guys are waiting for but '
          'if you are not staking $iost today, you are missing out on some of '
          'the',
  'user': { 'entities': {},
            'id_str': '1146057500531183617',
            'twitter_user': 'allcoinmineers'}}
----------Groups----------
{ 'Bitcoin': ['bitcoin', 'Bitcoin', 'btc', 'satoshi nakamoto'],
  'Ethereum': ['ethereum', 'Ethereum', 'eth', 'vitalik buterin'],
  'Litecoin': ['litecoin', 'Litecoin', 'ltc', 'charles lee'],
  'Monero': ['monero', 'Monero', 'xmr', 'riccardo spagni'],
  'Ripple': [ 'ripple',
              'Ripple',
              'xrp',
              'xrapid',
              'xcurrent',
              'chris larsen',
              'jed mccaleb']}
---------------------------Fetch-------2019-07-31 15:55:42.402365: Tweet filed under "misc":----------Data----------
{ 'contributors': None,
  'coordinates': None,
  'created_at': 'Wed Jul 31 19:52:25 +0000 2019',
  'entities': { 'hashtags': [],
                'symbols': [{'indices': [37, 43], 'text': 'Droid'}],
                'urls': [ { 'display_url': 'buff.ly/31PpdCo',
                            'expanded_url': 'https://buff.ly/31PpdCo',
                            'indices': [113, 136],
                            'url': 'https://t.co/rUMVdhwfbW'}],
                'user_mentions': [ { 'id': 3171193993,
                                     'id_str': '3171193993',
                                     'indices': [3, 15],
                                     'name': 'Silica Nexus',
                                     'screen_name': 'SilicaNexus'}]},
  'favorite_count': 0,
  'favorited': False,
  'geo': None,
  'id': 1156653862813622273,
  'id_str': '1156653862813622273',
  'in_reply_to_screen_name': None,
  'in_reply_to_status_id': None,
  'in_reply_to_status_id_str': None,
  'in_reply_to_user_id': None,
  'in_reply_to_user_id_str': None,
  'is_quote_status': False,
  'lang': 'en',
  'metadata': {'iso_language_code': 'en', 'result_type': 'recent'},
  'place': None,
  'possibly_sensitive': False,
  'retweet_count': 56,
  'retweeted': False,
  'retweeted_status': { 'contributors': None,
                        'coordinates': None,
                        'created_at': 'Wed Jul 31 17:48:01 +0000 2019',
                        'entities': { 'hashtags': [],
                                      'symbols': [ { 'indices': [20, 26],
                                                     'text': 'Droid'}],
                                      'urls': [ { 'display_url': 'twitter.com/i/web/status/1…',
                                                  'expanded_url': 'https://twitter.com/i/web/status/1156622557786910720',
                                                  'indices': [97, 120],
                                                  'url': 'https://t.co/WDzSzWkO94'}],
                                      'user_mentions': []},
                        'favorite_count': 68,
                        'favorited': False,
                        'geo': None,
                        'id': 1156622557786910720,
                        'id_str': '1156622557786910720',
                        'in_reply_to_screen_name': None,
                        'in_reply_to_status_id': None,
                        'in_reply_to_status_id_str': None,
                        'in_reply_to_user_id': None,
                        'in_reply_to_user_id_str': None,
                        'is_quote_status': False,
                        'lang': 'en',
                        'metadata': { 'iso_language_code': 'en',
                                      'result_type': 'recent'},
                        'place': None,
                        'possibly_sensitive': False,
                        'retweet_count': 56,
                        'retweeted': False,
                        'source': '<a href="https://buffer.com" '
                                  'rel="nofollow">Buffer</a>',
                        'text': 'A treasure trove of $Droid can be bought on '
                                'LA Token. Go here and participate in our IEO '
                                'today!… https://t.co/WDzSzWkO94',
                        'truncated': True,
                        'user': { 'contributors_enabled': False,
                                  'created_at': 'Fri Apr 24 18:53:01 +0000 '
                                                '2015',
                                  'default_profile': True,
                                  'default_profile_image': False,
                                  'description': '1st Cross-Reality Virtual '
                                                 'Universe using a Crypto '
                                                 'Collectibles Marketplace. '
                                                 '$Droid Join telegram: '
                                                 'https://t.co/ydF19IxxJu',
                                  'entities': { 'description': { 'urls': [ { 'display_url': 't.me/joinchat/IMGkj…',
                                                                             'expanded_url': 'https://t.me/joinchat/IMGkjUolBO6uW0MY_vo6rw',
                                                                             'indices': [ 98,
                                                                                          121],
                                                                             'url': 'https://t.co/ydF19IxxJu'}]},
                                                'url': { 'urls': [ { 'display_url': 'SilicaNexus.com',
                                                                     'expanded_url': 'http://SilicaNexus.com',
                                                                     'indices': [ 0,
                                                                                  23],
                                                                     'url': 'https://t.co/QzNl0xxWk6'}]}},
                                  'favourites_count': 255,
                                  'follow_request_sent': None,
                                  'followers_count': 2930,
                                  'following': None,
                                  'friends_count': 3410,
                                  'geo_enabled': True,
                                  'has_extended_profile': False,
                                  'id': 3171193993,
                                  'id_str': '3171193993',
                                  'is_translation_enabled': False,
                                  'is_translator': False,
                                  'lang': None,
                                  'listed_count': 51,
                                  'location': 'Mountain View, CA',
                                  'name': 'Silica Nexus',
                                  'notifications': None,
                                  'profile_background_color': 'C0DEED',
                                  'profile_background_image_url': 'http://abs.twimg.com/images/themes/theme1/bg.png',
                                  'profile_background_image_url_https': 'https://abs.twimg.com/images/themes/theme1/bg.png',
                                  'profile_background_tile': False,
                                  'profile_banner_url': 'https://pbs.twimg.com/profile_banners/3171193993/1437427179',
                                  'profile_image_url': 'http://pbs.twimg.com/profile_images/1070443023828422657/dFw-jzZE_normal.jpg',
                                  'profile_image_url_https': 'https://pbs.twimg.com/profile_images/1070443023828422657/dFw-jzZE_normal.jpg',
                                  'profile_link_color': '1DA1F2',
                                  'profile_sidebar_border_color': 'C0DEED',
                                  'profile_sidebar_fill_color': 'DDEEF6',
                                  'profile_text_color': '333333',
                                  'profile_use_background_image': True,
                                  'protected': False,
                                  'screen_name': 'SilicaNexus',
                                  'statuses_count': 649,
                                  'time_zone': None,
                                  'translator_type': 'none',
                                  'url': 'https://t.co/QzNl0xxWk6',
                                  'utc_offset': None,
                                  'verified': False}},
  'source': '<a href="https://mobile.twitter.com" rel="nofollow">Twitter Web '
            'App</a>',
  'text': 'RT @SilicaNexus: A treasure trove of $Droid can be bought on LA '
          'Token. Go here and participate in our IEO today! '
          'https://t.co/rUMVdhwfbW \n'
          '#…',
  'truncated': False,
  'user': { 'contributors_enabled': False,
            'created_at': 'Fri Nov 02 16:19:06 +0000 2018',
            'default_profile': False,
            'default_profile_image': False,
            'description': '',
            'entities': {'description': {'urls': []}},
            'favourites_count': 2101,
            'follow_request_sent': None,
            'followers_count': 1859,
            'following': None,
            'friends_count': 3036,
            'geo_enabled': False,
            'has_extended_profile': False,
            'id': 1058393067483529216,
            'id_str': '1058393067483529216',
            'is_translation_enabled': False,
            'is_translator': False,
            'lang': None,
            'listed_count': 3,
            'location': '',
            'name': 'Вася Полищук',
            'notifications': None,
            'profile_background_color': '000000',
            'profile_background_image_url': 'http://abs.twimg.com/images/themes/theme1/bg.png',
            'profile_background_image_url_https': 'https://abs.twimg.com/images/themes/theme1/bg.png',
            'profile_background_tile': False,
            'profile_image_url': 'http://pbs.twimg.com/profile_images/1058393885314084864/LoDml8-q_normal.jpg',
            'profile_image_url_https': 'https://pbs.twimg.com/profile_images/1058393885314084864/LoDml8-q_normal.jpg',
            'profile_link_color': 'FAB81E',
            'profile_sidebar_border_color': '000000',
            'profile_sidebar_fill_color': '000000',
            'profile_text_color': '000000',
            'profile_use_background_image': False,
            'protected': False,
            'screen_name': 'vasiaqwe123',
            'statuses_count': 3588,
            'time_zone': None,
            'translator_type': 'none',
            'url': None,
            'utc_offset': None,
            'verified': False}}
----------Summary----------
{ 'entities': { 'urls': { 'display_url': 'buff.ly/31PpdCo',
                          'expanded_url': 'https://buff.ly/31PpdCo'}},
  'id_str': '1156653862813622273',
  'retweeted_status': { 'entities': { 'urls': { 'display_url': 'twitter.com/i/web/status/1…',
                                                'expanded_url': 'https://twitter.com/i/web/status/1156622557786910720'}},
                        'id_str': '1156622557786910720',
                        'text': 'a treasure trove of $droid can be bought on '
                                'la token. go here and participate in our ieo '
                                'today! https://t.co/wdzszwko94',
                        'user': { 'entities': {},
                                  'id_str': '3171193993',
                                  'twitter_user': 'SilicaNexus'}},
  'text': 'rt @silicanexus: a treasure trove of $droid can be bought on la '
          'token. go here and participate in our ieo today! '
          'https://t.co/rumvdhwfbw  #',
  'user': { 'entities': {},
            'id_str': '1058393067483529216',
            'twitter_user': 'vasiaqwe123'}}
----------Groups----------
{ 'Bitcoin': ['bitcoin', 'Bitcoin', 'btc', 'satoshi nakamoto'],
  'Ethereum': ['ethereum', 'Ethereum', 'eth', 'vitalik buterin'],
  'Litecoin': ['litecoin', 'Litecoin', 'ltc', 'charles lee'],
  'Monero': ['monero', 'Monero', 'xmr', 'riccardo spagni'],
  'Ripple': [ 'ripple',
              'Ripple',
              'xrp',
              'xrapid',
              'xcurrent',
              'chris larsen',
              'jed mccaleb']}
---------------------------Fetch-------2019-07-31 15:55:42.709596: Tweet filed under "misc":----------Data----------
{ 'contributors': None,
  'coordinates': None,
  'created_at': 'Wed Jul 31 19:52:20 +0000 2019',
  'entities': { 'hashtags': [],
                'symbols': [],
                'urls': [ { 'display_url': 'twitter.com/i/web/status/1…',
                            'expanded_url': 'https://twitter.com/i/web/status/1156653845424103424',
                            'indices': [117, 140],
                            'url': 'https://t.co/MUOdTVexDW'}],
                'user_mentions': []},
  'favorite_count': 0,
  'favorited': False,
  'geo': None,
  'id': 1156653845424103424,
  'id_str': '1156653845424103424',
  'in_reply_to_screen_name': None,
  'in_reply_to_status_id': None,
  'in_reply_to_status_id_str': None,
  'in_reply_to_user_id': None,
  'in_reply_to_user_id_str': None,
  'is_quote_status': False,
  'lang': 'en',
  'metadata': {'iso_language_code': 'en', 'result_type': 'recent'},
  'place': None,
  'possibly_sensitive': False,
  'retweet_count': 0,
  'retweeted': False,
  'source': '<a href="http://twitter.com" rel="nofollow">Twitter Web '
            'Client</a>',
  'text': 'Airdrop MotoCoin Has begun Motocoin Available in coinmarketcap For '
          'all users 3000 Motocoin  65$ Invite friends 50 M… '
          'https://t.co/MUOdTVexDW',
  'truncated': True,
  'user': { 'contributors_enabled': False,
            'created_at': 'Wed Apr 24 10:27:12 +0000 2019',
            'default_profile': True,
            'default_profile_image': False,
            'description': 'nothing to say',
            'entities': { 'description': {'urls': []},
                          'url': { 'urls': [ { 'display_url': 't.me/AirdropsQueens/',
                                               'expanded_url': 'https://t.me/AirdropsQueens/',
                                               'indices': [0, 23],
                                               'url': 'https://t.co/klpn5YWgMW'}]}},
            'favourites_count': 432,
            'follow_request_sent': None,
            'followers_count': 85,
            'following': None,
            'friends_count': 509,
            'geo_enabled': False,
            'has_extended_profile': False,
            'id': 1120997612168126464,
            'id_str': '1120997612168126464',
            'is_translation_enabled': False,
            'is_translator': False,
            'lang': None,
            'listed_count': 1,
            'location': '',
            'name': 'hamid',
            'notifications': None,
            'profile_background_color': 'F5F8FA',
            'profile_background_image_url': None,
            'profile_background_image_url_https': None,
            'profile_background_tile': False,
            'profile_image_url': 'http://pbs.twimg.com/profile_images/1120998018944258050/CYcv45sg_normal.jpg',
            'profile_image_url_https': 'https://pbs.twimg.com/profile_images/1120998018944258050/CYcv45sg_normal.jpg',
            'profile_link_color': '1DA1F2',
            'profile_sidebar_border_color': 'C0DEED',
            'profile_sidebar_fill_color': 'DDEEF6',
            'profile_text_color': '333333',
            'profile_use_background_image': True,
            'protected': False,
            'screen_name': 'hamid97004264',
            'statuses_count': 444,
            'time_zone': None,
            'translator_type': 'none',
            'url': 'https://t.co/klpn5YWgMW',
            'utc_offset': None,
            'verified': False}}
----------Summary----------
{ 'entities': { 'urls': { 'display_url': 'twitter.com/i/web/status/1…',
                          'expanded_url': 'https://twitter.com/i/web/status/1156653845424103424'}},
  'id_str': '1156653845424103424',
  'text': 'airdrop motocoin has begun motocoin available in coinmarketcap for '
          'all users 3000 motocoin  65$ invite friends 50 m '
          'https://t.co/muodtvexdw',
  'user': { 'entities': {},
            'id_str': '1120997612168126464',
            'twitter_user': 'hamid97004264'}}
----------Groups----------
{ 'Bitcoin': ['bitcoin', 'Bitcoin', 'btc', 'satoshi nakamoto'],
  'Ethereum': ['ethereum', 'Ethereum', 'eth', 'vitalik buterin'],
  'Litecoin': ['litecoin', 'Litecoin', 'ltc', 'charles lee'],
  'Monero': ['monero', 'Monero', 'xmr', 'riccardo spagni'],
  'Ripple': [ 'ripple',
              'Ripple',
              'xrp',
              'xrapid',
              'xcurrent',
              'chris larsen',
              'jed mccaleb']}
---------------------------Fetch-------2019-07-31 15:55:43.017628: Tweet filed under "misc":----------Data----------
{ 'contributors': None,
  'coordinates': None,
  'created_at': 'Wed Jul 31 19:52:09 +0000 2019',
  'entities': { 'hashtags': [],
                'symbols': [],
                'urls': [ { 'display_url': 'twitter.com/i/web/status/1…',
                            'expanded_url': 'https://twitter.com/i/web/status/1156653795193085956',
                            'indices': [117, 140],
                            'url': 'https://t.co/XltkLVeOxM'}],
                'user_mentions': [ { 'id': 961136520597032961,
                                     'id_str': '961136520597032961',
                                     'indices': [0, 11],
                                     'name': 'Cryptocurrency Blockchain News',
                                     'screen_name': 'cbnewswire'}]},
  'favorite_count': 0,
  'favorited': False,
  'geo': None,
  'id': 1156653795193085956,
  'id_str': '1156653795193085956',
  'in_reply_to_screen_name': 'cbnewswire',
  'in_reply_to_status_id': None,
  'in_reply_to_status_id_str': None,
  'in_reply_to_user_id': 961136520597032961,
  'in_reply_to_user_id_str': '961136520597032961',
  'is_quote_status': False,
  'lang': 'en',
  'metadata': {'iso_language_code': 'en', 'result_type': 'recent'},
  'place': None,
  'possibly_sensitive': False,
  'retweet_count': 0,
  'retweeted': False,
  'source': '<a href="http://twitter.com/download/android" '
            'rel="nofollow">Twitter for Android</a>',
  'text': "@cbnewswire IOST has partnered with Grimm's Antiques to realize "
          'enterprise blockchain use case in artwork traceabil… '
          'https://t.co/XltkLVeOxM',
  'truncated': True,
  'user': { 'contributors_enabled': False,
            'created_at': 'Sat Aug 22 13:27:36 +0000 2009',
            'default_profile': False,
            'default_profile_image': False,
            'description': 'Welcome to Biniam Ghezai photography. \r\n'
                           'I´m a travel, lifestyle and portrait '
                           'photographer.\r\n'
                           'I love what I do, and do what I love.',
            'entities': { 'description': {'urls': []},
                          'url': { 'urls': [ { 'display_url': 'biniamghezai.com',
                                               'expanded_url': 'http://www.biniamghezai.com',
                                               'indices': [0, 22],
                                               'url': 'http://t.co/lQFv8Cj2nX'}]}},
            'favourites_count': 2215,
            'follow_request_sent': None,
            'followers_count': 413,
            'following': None,
            'friends_count': 1275,
            'geo_enabled': True,
            'has_extended_profile': False,
            'id': 67887952,
            'id_str': '67887952',
            'is_translation_enabled': False,
            'is_translator': False,
            'lang': None,
            'listed_count': 35,
            'location': 'Madrid and London',
            'name': 'Biniam Ghezai',
            'notifications': None,
            'profile_background_color': 'FCFCFC',
            'profile_background_image_url': 'http://abs.twimg.com/images/themes/theme5/bg.gif',
            'profile_background_image_url_https': 'https://abs.twimg.com/images/themes/theme5/bg.gif',
            'profile_background_tile': True,
            'profile_banner_url': 'https://pbs.twimg.com/profile_banners/67887952/1444730040',
            'profile_image_url': 'http://pbs.twimg.com/profile_images/653870319892058113/D0kkU3vI_normal.jpg',
            'profile_image_url_https': 'https://pbs.twimg.com/profile_images/653870319892058113/D0kkU3vI_normal.jpg',
            'profile_link_color': '856330',
            'profile_sidebar_border_color': 'FFFFFF',
            'profile_sidebar_fill_color': '242011',
            'profile_text_color': 'FAF7FA',
            'profile_use_background_image': True,
            'protected': False,
            'screen_name': 'biniamghezai',
            'statuses_count': 3499,
            'time_zone': None,
            'translator_type': 'none',
            'url': 'http://t.co/lQFv8Cj2nX',
            'utc_offset': None,
            'verified': False}}
----------Summary----------
{ 'entities': { 'urls': { 'display_url': 'twitter.com/i/web/status/1…',
                          'expanded_url': 'https://twitter.com/i/web/status/1156653795193085956'}},
  'id_str': '1156653795193085956',
  'text': "@cbnewswire iost has partnered with grimm's antiques to realize "
          'enterprise blockchain use case in artwork traceabil '
          'https://t.co/xltklveoxm',
  'user': { 'entities': {},
            'id_str': '67887952',
            'twitter_user': 'biniamghezai'}}
----------Groups----------
{ 'Bitcoin': ['bitcoin', 'Bitcoin', 'btc', 'satoshi nakamoto'],
  'Ethereum': ['ethereum', 'Ethereum', 'eth', 'vitalik buterin'],
  'Litecoin': ['litecoin', 'Litecoin', 'ltc', 'charles lee'],
  'Monero': ['monero', 'Monero', 'xmr', 'riccardo spagni'],
  'Ripple': [ 'ripple',
              'Ripple',
              'xrp',
              'xrapid',
              'xcurrent',
              'chris larsen',
              'jed mccaleb']}
---------------------------Fetch-------2019-07-31 15:55:43.322735: Tweet filed under "misc":----------Data----------
{ 'contributors': None,
  'coordinates': None,
  'created_at': 'Wed Jul 31 19:51:41 +0000 2019',
  'entities': { 'hashtags': [],
                'symbols': [ {'indices': [19, 23], 'text': 'WIN'},
                             {'indices': [76, 80], 'text': 'WIN'}],
                'urls': [],
                'user_mentions': [ { 'id': 75149736,
                                     'id_str': '75149736',
                                     'indices': [3, 17],
                                     'name': 'Tommy Mustache',
                                     'screen_name': 'MustacheTommy'}]},
  'favorite_count': 0,
  'favorited': False,
  'geo': None,
  'id': 1156653679212204032,
  'id_str': '1156653679212204032',
  'in_reply_to_screen_name': None,
  'in_reply_to_status_id': None,
  'in_reply_to_status_id_str': None,
  'in_reply_to_user_id': None,
  'in_reply_to_user_id_str': None,
  'is_quote_status': False,
  'lang': 'en',
  'metadata': {'iso_language_code': 'en', 'result_type': 'recent'},
  'place': None,
  'retweet_count': 96,
  'retweeted': False,
  'retweeted_status': { 'contributors': None,
                        'coordinates': None,
                        'created_at': 'Fri Jul 26 16:24:53 +0000 2019',
                        'entities': { 'hashtags': [],
                                      'symbols': [ { 'indices': [0, 4],
                                                     'text': 'WIN'},
                                                   { 'indices': [57, 61],
                                                     'text': 'WIN'}],
                                      'urls': [ { 'display_url': 'twitter.com/i/web/status/1…',
                                                  'expanded_url': 'https://twitter.com/i/web/status/1154789698130173952',
                                                  'indices': [117, 140],
                                                  'url': 'https://t.co/wMifhUSYls'}],
                                      'user_mentions': []},
                        'favorite_count': 440,
                        'favorited': False,
                        'geo': None,
                        'id': 1154789698130173952,
                        'id_str': '1154789698130173952',
                        'in_reply_to_screen_name': None,
                        'in_reply_to_status_id': None,
                        'in_reply_to_status_id_str': None,
                        'in_reply_to_user_id': None,
                        'in_reply_to_user_id_str': None,
                        'is_quote_status': False,
                        'lang': 'en',
                        'metadata': { 'iso_language_code': 'en',
                                      'result_type': 'recent'},
                        'place': None,
                        'possibly_sensitive': False,
                        'retweet_count': 96,
                        'retweeted': False,
                        'source': '<a href="https://mobile.twitter.com" '
                                  'rel="nofollow">Twitter Web App</a>',
                        'text': '$WIN Token is the first Binance launchpad '
                                'gaming token.\n'
                                '\n'
                                '$WIN token ushers in a revolutionary revenue '
                                'sharing model… https://t.co/wMifhUSYls',
                        'truncated': True,
                        'user': { 'contributors_enabled': False,
                                  'created_at': 'Thu Sep 17 23:52:55 +0000 '
                                                '2009',
                                  'default_profile': True,
                                  'default_profile_image': False,
                                  'description': 'Crypto warrior for life. '
                                                 'Proud supporter of "Freedom '
                                                 'of Money". Nothing can stop '
                                                 'the mass adoption of crypto. '
                                                 '$btc $trx $bnb $dgb $ante',
                                  'entities': {'description': {'urls': []}},
                                  'favourites_count': 36157,
                                  'follow_request_sent': None,
                                  'followers_count': 14756,
                                  'following': None,
                                  'friends_count': 587,
                                  'geo_enabled': False,
                                  'has_extended_profile': True,
                                  'id': 75149736,
                                  'id_str': '75149736',
                                  'is_translation_enabled': False,
                                  'is_translator': False,
                                  'lang': None,
                                  'listed_count': 91,
                                  'location': 'San Jose, CA',
                                  'name': 'Tommy Mustache',
                                  'notifications': None,
                                  'profile_background_color': 'C0DEED',
                                  'profile_background_image_url': 'http://abs.twimg.com/images/themes/theme1/bg.png',
                                  'profile_background_image_url_https': 'https://abs.twimg.com/images/themes/theme1/bg.png',
                                  'profile_background_tile': False,
                                  'profile_banner_url': 'https://pbs.twimg.com/profile_banners/75149736/1541534033',
                                  'profile_image_url': 'http://pbs.twimg.com/profile_images/996634038742876161/POcZHby5_normal.jpg',
                                  'profile_image_url_https': 'https://pbs.twimg.com/profile_images/996634038742876161/POcZHby5_normal.jpg',
                                  'profile_link_color': '1DA1F2',
                                  'profile_sidebar_border_color': 'C0DEED',
                                  'profile_sidebar_fill_color': 'DDEEF6',
                                  'profile_text_color': '333333',
                                  'profile_use_background_image': True,
                                  'protected': False,
                                  'screen_name': 'MustacheTommy',
                                  'statuses_count': 22671,
                                  'time_zone': None,
                                  'translator_type': 'none',
                                  'url': None,
                                  'utc_offset': None,
                                  'verified': False}},
  'source': '<a href="http://twitter.com/download/iphone" '
            'rel="nofollow">Twitter for iPhone</a>',
  'text': 'RT @MustacheTommy: $WIN Token is the first Binance launchpad gaming '
          'token.\n'
          '\n'
          '$WIN token ushers in a revolutionary revenue sharing model that…',
  'truncated': False,
  'user': { 'contributors_enabled': False,
            'created_at': 'Mon Mar 11 14:01:33 +0000 2019',
            'default_profile': True,
            'default_profile_image': False,
            'description': '#Ante , #Crypto , #TRX , Extreme Sports , Racing',
            'entities': {'description': {'urls': []}},
            'favourites_count': 197,
            'follow_request_sent': None,
            'followers_count': 15,
            'following': None,
            'friends_count': 67,
            'geo_enabled': False,
            'has_extended_profile': False,
            'id': 1105106489058955264,
            'id_str': '1105106489058955264',
            'is_translation_enabled': False,
            'is_translator': False,
            'lang': None,
            'listed_count': 0,
            'location': 'İn Deep',
            'name': 'Crypto Deep',
            'notifications': None,
            'profile_background_color': 'F5F8FA',
            'profile_background_image_url': None,
            'profile_background_image_url_https': None,
            'profile_background_tile': False,
            'profile_banner_url': 'https://pbs.twimg.com/profile_banners/1105106489058955264/1552316864',
            'profile_image_url': 'http://pbs.twimg.com/profile_images/1105107026445783040/OkICmrxj_normal.jpg',
            'profile_image_url_https': 'https://pbs.twimg.com/profile_images/1105107026445783040/OkICmrxj_normal.jpg',
            'profile_link_color': '1DA1F2',
            'profile_sidebar_border_color': 'C0DEED',
            'profile_sidebar_fill_color': 'DDEEF6',
            'profile_text_color': '333333',
            'profile_use_background_image': True,
            'protected': False,
            'screen_name': 'CryptoDeep2',
            'statuses_count': 58,
            'time_zone': None,
            'translator_type': 'none',
            'url': None,
            'utc_offset': None,
            'verified': False}}
----------Summary----------
{ 'entities': {},
  'id_str': '1156653679212204032',
  'retweeted_status': { 'entities': { 'urls': { 'display_url': 'twitter.com/i/web/status/1…',
                                                'expanded_url': 'https://twitter.com/i/web/status/1154789698130173952'}},
                        'id_str': '1154789698130173952',
                        'text': '$win token is the first binance launchpad '
                                'gaming token.  $win token ushers in a '
                                'revolutionary revenue sharing model '
                                'https://t.co/wmifhusyls',
                        'user': { 'entities': {},
                                  'id_str': '75149736',
                                  'twitter_user': 'MustacheTommy'}},
  'text': 'rt @mustachetommy: $win token is the first binance launchpad gaming '
          'token.  $win token ushers in a revolutionary revenue sharing model '
          'that',
  'user': { 'entities': {},
            'id_str': '1105106489058955264',
            'twitter_user': 'CryptoDeep2'}}
----------Groups----------
{ 'Bitcoin': ['bitcoin', 'Bitcoin', 'btc', 'satoshi nakamoto'],
  'Ethereum': ['ethereum', 'Ethereum', 'eth', 'vitalik buterin'],
  'Litecoin': ['litecoin', 'Litecoin', 'ltc', 'charles lee'],
  'Monero': ['monero', 'Monero', 'xmr', 'riccardo spagni'],
  'Ripple': [ 'ripple',
              'Ripple',
              'xrp',
              'xrapid',
              'xcurrent',
              'chris larsen',
              'jed mccaleb']}
---------------------------Fetch-------2019-07-31 15:55:45.167842: Tweet filed under "misc":----------Data----------
{ 'contributors': None,
  'coordinates': None,
  'created_at': 'Wed Jul 31 19:51:07 +0000 2019',
  'entities': { 'hashtags': [],
                'symbols': [],
                'urls': [],
                'user_mentions': [ { 'id': 1144132581115465728,
                                     'id_str': '1144132581115465728',
                                     'indices': [3, 15],
                                     'name': 'DOLVEN TOKEN',
                                     'screen_name': 'DolvenToken'}]},
  'favorite_count': 0,
  'favorited': False,
  'geo': None,
  'id': 1156653535150387200,
  'id_str': '1156653535150387200',
  'in_reply_to_screen_name': None,
  'in_reply_to_status_id': None,
  'in_reply_to_status_id_str': None,
  'in_reply_to_user_id': None,
  'in_reply_to_user_id_str': None,
  'is_quote_status': False,
  'lang': 'en',
  'metadata': {'iso_language_code': 'en', 'result_type': 'recent'},
  'place': None,
  'retweet_count': 28,
  'retweeted': False,
  'retweeted_status': { 'contributors': None,
                        'coordinates': None,
                        'created_at': 'Wed Jul 31 06:46:36 +0000 2019',
                        'entities': { 'hashtags': [],
                                      'symbols': [],
                                      'urls': [ { 'display_url': 'twitter.com/i/web/status/1…',
                                                  'expanded_url': 'https://twitter.com/i/web/status/1156456106878803973',
                                                  'indices': [117, 140],
                                                  'url': 'https://t.co/lV2xHnbMoM'}],
                                      'user_mentions': []},
                        'favorite_count': 30,
                        'favorited': False,
                        'geo': None,
                        'id': 1156456106878803973,
                        'id_str': '1156456106878803973',
                        'in_reply_to_screen_name': None,
                        'in_reply_to_status_id': None,
                        'in_reply_to_status_id_str': None,
                        'in_reply_to_user_id': None,
                        'in_reply_to_user_id_str': None,
                        'is_quote_status': False,
                        'lang': 'en',
                        'metadata': { 'iso_language_code': 'en',
                                      'result_type': 'recent'},
                        'place': None,
                        'possibly_sensitive': False,
                        'retweet_count': 28,
                        'retweeted': False,
                        'source': '<a '
                                  'href="http://twitter.com/download/android" '
                                  'rel="nofollow">Twitter for Android</a>',
                        'text': 'DOLVEN TOKEN 1,000,000,000 Airdrop for first '
                                '1000 people, 1,000,000 DOT EACH\n'
                                '\n'
                                'DOLVEN TOKEN LISTING ON BITMEX!\n'
                                '\n'
                                'Foll… https://t.co/lV2xHnbMoM',
                        'truncated': True,
                        'user': { 'contributors_enabled': False,
                                  'created_at': 'Thu Jun 27 06:37:19 +0000 '
                                                '2019',
                                  'default_profile': True,
                                  'default_profile_image': False,
                                  'description': 'Decentralized Blockchain on '
                                                 'Mobility',
                                  'entities': {'description': {'urls': []}},
                                  'favourites_count': 0,
                                  'follow_request_sent': None,
                                  'followers_count': 1149,
                                  'following': None,
                                  'friends_count': 7,
                                  'geo_enabled': False,
                                  'has_extended_profile': False,
                                  'id': 1144132581115465728,
                                  'id_str': '1144132581115465728',
                                  'is_translation_enabled': False,
                                  'is_translator': False,
                                  'lang': None,
                                  'listed_count': 0,
                                  'location': '',
                                  'name': 'DOLVEN TOKEN',
                                  'notifications': None,
                                  'profile_background_color': 'F5F8FA',
                                  'profile_background_image_url': None,
                                  'profile_background_image_url_https': None,
                                  'profile_background_tile': False,
                                  'profile_banner_url': 'https://pbs.twimg.com/profile_banners/1144132581115465728/1564262378',
                                  'profile_image_url': 'http://pbs.twimg.com/profile_images/1155226256578949120/IG00lI4f_normal.jpg',
                                  'profile_image_url_https': 'https://pbs.twimg.com/profile_images/1155226256578949120/IG00lI4f_normal.jpg',
                                  'profile_link_color': '1DA1F2',
                                  'profile_sidebar_border_color': 'C0DEED',
                                  'profile_sidebar_fill_color': 'DDEEF6',
                                  'profile_text_color': '333333',
                                  'profile_use_background_image': True,
                                  'protected': False,
                                  'screen_name': 'DolvenToken',
                                  'statuses_count': 19,
                                  'time_zone': None,
                                  'translator_type': 'none',
                                  'url': None,
                                  'utc_offset': None,
                                  'verified': False}},
  'source': '<a href="http://twitter.com/download/android" '
            'rel="nofollow">Twitter for Android</a>',
  'text': 'RT @DolvenToken: DOLVEN TOKEN 1,000,000,000 Airdrop for first 1000 '
          'people, 1,000,000 DOT EACH\n'
          '\n'
          'DOLVEN TOKEN LISTING ON BITMEX!\n'
          '\n'
          'Follow\n'
          'Retw…',
  'truncated': False,
  'user': { 'contributors_enabled': False,
            'created_at': 'Tue Apr 16 13:11:54 +0000 2019',
            'default_profile': True,
            'default_profile_image': False,
            'description': '',
            'entities': {'description': {'urls': []}},
            'favourites_count': 386,
            'follow_request_sent': None,
            'followers_count': 133,
            'following': None,
            'friends_count': 639,
            'geo_enabled': False,
            'has_extended_profile': True,
            'id': 1118139956650758145,
            'id_str': '1118139956650758145',
            'is_translation_enabled': False,
            'is_translator': False,
            'lang': None,
            'listed_count': 2,
            'location': '',
            'name': 'hani bouchenne',
            'notifications': None,
            'profile_background_color': 'F5F8FA',
            'profile_background_image_url': None,
            'profile_background_image_url_https': None,
            'profile_background_tile': False,
            'profile_image_url': 'http://pbs.twimg.com/profile_images/1118140281617113090/Je0TD4LU_normal.jpg',
            'profile_image_url_https': 'https://pbs.twimg.com/profile_images/1118140281617113090/Je0TD4LU_normal.jpg',
            'profile_link_color': '1DA1F2',
            'profile_sidebar_border_color': 'C0DEED',
            'profile_sidebar_fill_color': 'DDEEF6',
            'profile_text_color': '333333',
            'profile_use_background_image': True,
            'protected': False,
            'screen_name': 'HBouchenne',
            'statuses_count': 615,
            'time_zone': None,
            'translator_type': 'none',
            'url': None,
            'utc_offset': None,
            'verified': False}}
----------Summary----------
{ 'entities': {},
  'id_str': '1156653535150387200',
  'retweeted_status': { 'entities': { 'urls': { 'display_url': 'twitter.com/i/web/status/1…',
                                                'expanded_url': 'https://twitter.com/i/web/status/1156456106878803973'}},
                        'id_str': '1156456106878803973',
                        'text': 'dolven token 1,000,000,000 airdrop for first '
                                '1000 people, 1,000,000 dot each  dolven token '
                                'listing on bitmex!  foll '
                                'https://t.co/lv2xhnbmom',
                        'user': { 'entities': {},
                                  'id_str': '1144132581115465728',
                                  'twitter_user': 'DolvenToken'}},
  'text': 'rt @dolventoken: dolven token 1,000,000,000 airdrop for first 1000 '
          'people, 1,000,000 dot each  dolven token listing on bitmex!  follow '
          'retw',
  'user': { 'entities': {},
            'id_str': '1118139956650758145',
            'twitter_user': 'HBouchenne'}}
----------Groups----------
{ 'Bitcoin': ['bitcoin', 'Bitcoin', 'btc', 'satoshi nakamoto'],
  'Ethereum': ['ethereum', 'Ethereum', 'eth', 'vitalik buterin'],
  'Litecoin': ['litecoin', 'Litecoin', 'ltc', 'charles lee'],
  'Monero': ['monero', 'Monero', 'xmr', 'riccardo spagni'],
  'Ripple': [ 'ripple',
              'Ripple',
              'xrp',
              'xrapid',
              'xcurrent',
              'chris larsen',
              'jed mccaleb']}
---------------------------Fetch-------2019-07-31 15:55:45.703749: Tweet filed under "misc":----------Data----------
{ 'contributors': None,
  'coordinates': None,
  'created_at': 'Wed Jul 31 19:51:01 +0000 2019',
  'entities': { 'hashtags': [],
                'symbols': [],
                'urls': [],
                'user_mentions': [ { 'id': 1029438676705714176,
                                     'id_str': '1029438676705714176',
                                     'indices': [3, 17],
                                     'name': 'BuildingBlocksCrypto',
                                     'screen_name': 'blocks_crypto'}]},
  'favorite_count': 0,
  'favorited': False,
  'geo': None,
  'id': 1156653512349982720,
  'id_str': '1156653512349982720',
  'in_reply_to_screen_name': None,
  'in_reply_to_status_id': None,
  'in_reply_to_status_id_str': None,
  'in_reply_to_user_id': None,
  'in_reply_to_user_id_str': None,
  'is_quote_status': False,
  'lang': 'en',
  'metadata': {'iso_language_code': 'en', 'result_type': 'recent'},
  'place': None,
  'retweet_count': 91,
  'retweeted': False,
  'retweeted_status': { 'contributors': None,
                        'coordinates': None,
                        'created_at': 'Sat Jul 27 05:55:02 +0000 2019',
                        'entities': { 'hashtags': [],
                                      'symbols': [],
                                      'urls': [ { 'display_url': 'twitter.com/i/web/status/1…',
                                                  'expanded_url': 'https://twitter.com/i/web/status/1154993578667577344',
                                                  'indices': [117, 140],
                                                  'url': 'https://t.co/uEGUpSS8ge'}],
                                      'user_mentions': []},
                        'favorite_count': 101,
                        'favorited': False,
                        'geo': None,
                        'id': 1154993578667577344,
                        'id_str': '1154993578667577344',
                        'in_reply_to_screen_name': None,
                        'in_reply_to_status_id': None,
                        'in_reply_to_status_id_str': None,
                        'in_reply_to_user_id': None,
                        'in_reply_to_user_id_str': None,
                        'is_quote_status': False,
                        'lang': 'en',
                        'metadata': { 'iso_language_code': 'en',
                                      'result_type': 'recent'},
                        'place': None,
                        'possibly_sensitive': False,
                        'retweet_count': 91,
                        'retweeted': False,
                        'source': '<a href="https://mobile.twitter.com" '
                                  'rel="nofollow">Twitter Web App</a>',
                        'text': 'Name: Building Blocks Token\n'
                                'Symbol: BH4H\n'
                                'Total supply: 100,000,000,000\n'
                                '\n'
                                'AIRDROP HAS STARTED!\n'
                                '\n'
                                'To qualify for Airdro… '
                                'https://t.co/uEGUpSS8ge',
                        'truncated': True,
                        'user': { 'contributors_enabled': False,
                                  'created_at': 'Tue Aug 14 18:44:41 +0000 '
                                                '2018',
                                  'default_profile': True,
                                  'default_profile_image': False,
                                  'description': 'We are Building Blocks. Our '
                                                 'Crypto was created with the '
                                                 'homeless at mind. We aim to '
                                                 'build or Buy Hostels and '
                                                 'Hotels with the help of you '
                                                 'guys.',
                                  'entities': { 'description': {'urls': []},
                                                'url': { 'urls': [ { 'display_url': 'buidinghomes4homeless.xyz',
                                                                     'expanded_url': 'http://www.buidinghomes4homeless.xyz/',
                                                                     'indices': [ 0,
                                                                                  23],
                                                                     'url': 'https://t.co/ODdy4aewVI'}]}},
                                  'favourites_count': 146,
                                  'follow_request_sent': None,
                                  'followers_count': 280,
                                  'following': None,
                                  'friends_count': 0,
                                  'geo_enabled': False,
                                  'has_extended_profile': True,
                                  'id': 1029438676705714176,
                                  'id_str': '1029438676705714176',
                                  'is_translation_enabled': False,
                                  'is_translator': False,
                                  'lang': None,
                                  'listed_count': 0,
                                  'location': 'United Kingdom',
                                  'name': 'BuildingBlocksCrypto',
                                  'notifications': None,
                                  'profile_background_color': 'F5F8FA',
                                  'profile_background_image_url': None,
                                  'profile_background_image_url_https': None,
                                  'profile_background_tile': False,
                                  'profile_image_url': 'http://pbs.twimg.com/profile_images/1031992230289059840/xxNbMvh3_normal.jpg',
                                  'profile_image_url_https': 'https://pbs.twimg.com/profile_images/1031992230289059840/xxNbMvh3_normal.jpg',
                                  'profile_link_color': '1DA1F2',
                                  'profile_sidebar_border_color': 'C0DEED',
                                  'profile_sidebar_fill_color': 'DDEEF6',
                                  'profile_text_color': '333333',
                                  'profile_use_background_image': True,
                                  'protected': False,
                                  'screen_name': 'blocks_crypto',
                                  'statuses_count': 156,
                                  'time_zone': None,
                                  'translator_type': 'none',
                                  'url': 'https://t.co/ODdy4aewVI',
                                  'utc_offset': None,
                                  'verified': False}},
  'source': '<a href="https://mobile.twitter.com" rel="nofollow">Twitter Web '
            'App</a>',
  'text': 'RT @blocks_crypto: Name: Building Blocks Token\n'
          'Symbol: BH4H\n'
          'Total supply: 100,000,000,000\n'
          '\n'
          'AIRDROP HAS STARTED!\n'
          '\n'
          'To qualify for Airdrop:\n'
          '-F…',
  'truncated': False,
  'user': { 'contributors_enabled': False,
            'created_at': 'Sun Jun 24 17:25:29 +0000 2018',
            'default_profile': True,
            'default_profile_image': False,
            'description': '',
            'entities': {'description': {'urls': []}},
            'favourites_count': 2,
            'follow_request_sent': None,
            'followers_count': 0,
            'following': None,
            'friends_count': 9,
            'geo_enabled': False,
            'has_extended_profile': False,
            'id': 1010936963241611264,
            'id_str': '1010936963241611264',
            'is_translation_enabled': False,
            'is_translator': False,
            'lang': None,
            'listed_count': 0,
            'location': '',
            'name': 'syarifacul',
            'notifications': None,
            'profile_background_color': 'F5F8FA',
            'profile_background_image_url': None,
            'profile_background_image_url_https': None,
            'profile_background_tile': False,
            'profile_image_url': 'http://pbs.twimg.com/profile_images/1012604785936089088/93tFxgk5_normal.jpg',
            'profile_image_url_https': 'https://pbs.twimg.com/profile_images/1012604785936089088/93tFxgk5_normal.jpg',
            'profile_link_color': '1DA1F2',
            'profile_sidebar_border_color': 'C0DEED',
            'profile_sidebar_fill_color': 'DDEEF6',
            'profile_text_color': '333333',
            'profile_use_background_image': True,
            'protected': False,
            'screen_name': 'syarifacul',
            'statuses_count': 11,
            'time_zone': None,
            'translator_type': 'none',
            'url': None,
            'utc_offset': None,
            'verified': False}}
----------Summary----------
{ 'entities': {},
  'id_str': '1156653512349982720',
  'retweeted_status': { 'entities': { 'urls': { 'display_url': 'twitter.com/i/web/status/1…',
                                                'expanded_url': 'https://twitter.com/i/web/status/1154993578667577344'}},
                        'id_str': '1154993578667577344',
                        'text': 'name: building blocks token symbol: bh4h '
                                'total supply: 100,000,000,000  airdrop has '
                                'started!  to qualify for airdro '
                                'https://t.co/uegupss8ge',
                        'user': { 'entities': {},
                                  'id_str': '1029438676705714176',
                                  'twitter_user': 'blocks_crypto'}},
  'text': 'rt @blocks_crypto: name: building blocks token symbol: bh4h total '
          'supply: 100,000,000,000  airdrop has started!  to qualify for '
          'airdrop: -f',
  'user': { 'entities': {},
            'id_str': '1010936963241611264',
            'twitter_user': 'syarifacul'}}
----------Groups----------
{ 'Bitcoin': ['bitcoin', 'Bitcoin', 'btc', 'satoshi nakamoto'],
  'Ethereum': ['ethereum', 'Ethereum', 'eth', 'vitalik buterin'],
  'Litecoin': ['litecoin', 'Litecoin', 'ltc', 'charles lee'],
  'Monero': ['monero', 'Monero', 'xmr', 'riccardo spagni'],
  'Ripple': [ 'ripple',
              'Ripple',
              'xrp',
              'xrapid',
              'xcurrent',
              'chris larsen',
              'jed mccaleb']}
---------------------------Fetch-------2019-07-31 15:55:46.942418: Tweet filed under "misc":----------Data----------
{ 'contributors': None,
  'coordinates': None,
  'created_at': 'Wed Jul 31 19:49:39 +0000 2019',
  'entities': { 'hashtags': [ {'indices': [15, 21], 'text': 'Bcnex'},
                              {'indices': [22, 27], 'text': 'Bcnx'},
                              { 'indices': [28, 47],
                                'text': 'TradingCompetition'},
                              {'indices': [48, 57], 'text': 'GiveAway'}],
                'symbols': [],
                'urls': [],
                'user_mentions': [ { 'id': 1057480280322129920,
                                     'id_str': '1057480280322129920',
                                     'indices': [3, 13],
                                     'name': 'Bcnex',
                                     'screen_name': 'bcnex_net'}]},
  'favorite_count': 0,
  'favorited': False,
  'geo': None,
  'id': 1156653166601146368,
  'id_str': '1156653166601146368',
  'in_reply_to_screen_name': None,
  'in_reply_to_status_id': None,
  'in_reply_to_status_id_str': None,
  'in_reply_to_user_id': None,
  'in_reply_to_user_id_str': None,
  'is_quote_status': False,
  'lang': 'en',
  'metadata': {'iso_language_code': 'en', 'result_type': 'recent'},
  'place': None,
  'retweet_count': 183,
  'retweeted': False,
  'retweeted_status': { 'contributors': None,
                        'coordinates': None,
                        'created_at': 'Wed Jul 31 02:34:02 +0000 2019',
                        'entities': { 'hashtags': [ { 'indices': [0, 6],
                                                      'text': 'Bcnex'},
                                                    { 'indices': [7, 12],
                                                      'text': 'Bcnx'},
                                                    { 'indices': [13, 32],
                                                      'text': 'TradingCompetition'},
                                                    { 'indices': [33, 42],
                                                      'text': 'GiveAway'}],
                                      'symbols': [],
                                      'urls': [ { 'display_url': 'twitter.com/i/web/status/1…',
                                                  'expanded_url': 'https://twitter.com/i/web/status/1156392546043482112',
                                                  'indices': [117, 140],
                                                  'url': 'https://t.co/PkZOFi6xfU'}],
                                      'user_mentions': []},
                        'favorite_count': 269,
                        'favorited': False,
                        'geo': None,
                        'id': 1156392546043482112,
                        'id_str': '1156392546043482112',
                        'in_reply_to_screen_name': None,
                        'in_reply_to_status_id': None,
                        'in_reply_to_status_id_str': None,
                        'in_reply_to_user_id': None,
                        'in_reply_to_user_id_str': None,
                        'is_quote_status': False,
                        'lang': 'en',
                        'metadata': { 'iso_language_code': 'en',
                                      'result_type': 'recent'},
                        'place': None,
                        'possibly_sensitive': False,
                        'retweet_count': 183,
                        'retweeted': False,
                        'source': '<a href="https://mobile.twitter.com" '
                                  'rel="nofollow">Twitter Web App</a>',
                        'text': '#Bcnex #Bcnx #TradingCompetition #GiveAway \n'
                                'Bcnex Winner Reward Distribution\n'
                                '\n'
                                '️⛳ Time: 11h AM 31/07/2019 (GMT+7)\n'
                                '️⛳… https://t.co/PkZOFi6xfU',
                        'truncated': True,
                        'user': { 'contributors_enabled': False,
                                  'created_at': 'Wed Oct 31 03:52:00 +0000 '
                                                '2018',
                                  'default_profile': True,
                                  'default_profile_image': False,
                                  'description': 'The Ultimate Blockchain '
                                                 'Trading Platform',
                                  'entities': { 'description': {'urls': []},
                                                'url': { 'urls': [ { 'display_url': 'bcnex.net',
                                                                     'expanded_url': 'http://bcnex.net',
                                                                     'indices': [ 0,
                                                                                  23],
                                                                     'url': 'https://t.co/TLu5BAD9iK'}]}},
                                  'favourites_count': 701,
                                  'follow_request_sent': None,
                                  'followers_count': 32794,
                                  'following': None,
                                  'friends_count': 5,
                                  'geo_enabled': False,
                                  'has_extended_profile': True,
                                  'id': 1057480280322129920,
                                  'id_str': '1057480280322129920',
                                  'is_translation_enabled': False,
                                  'is_translator': False,
                                  'lang': None,
                                  'listed_count': 19,
                                  'location': 'Belize',
                                  'name': 'Bcnex',
                                  'notifications': None,
                                  'profile_background_color': 'F5F8FA',
                                  'profile_background_image_url': None,
                                  'profile_background_image_url_https': None,
                                  'profile_background_tile': False,
                                  'profile_banner_url': 'https://pbs.twimg.com/profile_banners/1057480280322129920/1563957309',
                                  'profile_image_url': 'http://pbs.twimg.com/profile_images/1061671611651174400/kfOgSADr_normal.jpg',
                                  'profile_image_url_https': 'https://pbs.twimg.com/profile_images/1061671611651174400/kfOgSADr_normal.jpg',
                                  'profile_link_color': '1DA1F2',
                                  'profile_sidebar_border_color': 'C0DEED',
                                  'profile_sidebar_fill_color': 'DDEEF6',
                                  'profile_text_color': '333333',
                                  'profile_use_background_image': True,
                                  'protected': False,
                                  'screen_name': 'bcnex_net',
                                  'statuses_count': 306,
                                  'time_zone': None,
                                  'translator_type': 'none',
                                  'url': 'https://t.co/TLu5BAD9iK',
                                  'utc_offset': None,
                                  'verified': False}},
  'source': '<a href="https://mobile.twitter.com" rel="nofollow">Twitter Web '
            'App</a>',
  'text': 'RT @bcnex_net: #Bcnex #Bcnx #TradingCompetition #GiveAway \n'
          'Bcnex Winner Reward Distribution\n'
          '\n'
          '️⛳ Time: 11h AM 31/07/2019 (GMT+7)\n'
          '️⛳ 08 tradi…',
  'truncated': False,
  'user': { 'contributors_enabled': False,
            'created_at': 'Sun Nov 04 20:00:34 +0000 2018',
            'default_profile': False,
            'default_profile_image': False,
            'description': '🇸🇦🇰🇼  أجمل إحساس هو الغموض، إنه مصدر الفن والعلوم '
                           '#البرت_اينشتاين\n'
                           '#تابعني_اتابعك #تبادل_رتويت',
            'entities': {'description': {'urls': []}},
            'favourites_count': 445,
            'follow_request_sent': None,
            'followers_count': 6402,
            'following': None,
            'friends_count': 6802,
            'geo_enabled': False,
            'has_extended_profile': True,
            'id': 1059173580074897409,
            'id_str': '1059173580074897409',
            'is_translation_enabled': False,
            'is_translator': False,
            'lang': None,
            'listed_count': 4,
            'location': 'London, England',
            'name': 'Mamad Win',
            'notifications': None,
            'profile_background_color': '000000',
            'profile_background_image_url': 'http://abs.twimg.com/images/themes/theme1/bg.png',
            'profile_background_image_url_https': 'https://abs.twimg.com/images/themes/theme1/bg.png',
            'profile_background_tile': False,
            'profile_banner_url': 'https://pbs.twimg.com/profile_banners/1059173580074897409/1541362560',
            'profile_image_url': 'http://pbs.twimg.com/profile_images/1061566611537231872/GF3v0pyZ_normal.jpg',
            'profile_image_url_https': 'https://pbs.twimg.com/profile_images/1061566611537231872/GF3v0pyZ_normal.jpg',
            'profile_link_color': '0048FF',
            'profile_sidebar_border_color': '000000',
            'profile_sidebar_fill_color': '000000',
            'profile_text_color': '000000',
            'profile_use_background_image': False,
            'protected': False,
            'screen_name': 'mamad_win',
            'statuses_count': 625,
            'time_zone': None,
            'translator_type': 'none',
            'url': None,
            'utc_offset': None,
            'verified': False}}
----------Summary----------
{ 'entities': {},
  'id_str': '1156653166601146368',
  'retweeted_status': { 'entities': { 'urls': { 'display_url': 'twitter.com/i/web/status/1…',
                                                'expanded_url': 'https://twitter.com/i/web/status/1156392546043482112'}},
                        'id_str': '1156392546043482112',
                        'text': '#bcnex #bcnx #tradingcompetition #giveaway  '
                                'bcnex winner reward distribution   time: 11h '
                                'am 31/07/2019 (gmt+7)  '
                                'https://t.co/pkzofi6xfu',
                        'user': { 'entities': {},
                                  'id_str': '1057480280322129920',
                                  'twitter_user': 'bcnex_net'}},
  'text': 'rt @bcnex_net: #bcnex #bcnx #tradingcompetition #giveaway  bcnex '
          'winner reward distribution   time: 11h am 31/07/2019 (gmt+7)  08 '
          'tradi',
  'user': { 'entities': {},
            'id_str': '1059173580074897409',
            'twitter_user': 'mamad_win'}}
----------Groups----------
{ 'Bitcoin': ['bitcoin', 'Bitcoin', 'btc', 'satoshi nakamoto'],
  'Ethereum': ['ethereum', 'Ethereum', 'eth', 'vitalik buterin'],
  'Litecoin': ['litecoin', 'Litecoin', 'ltc', 'charles lee'],
  'Monero': ['monero', 'Monero', 'xmr', 'riccardo spagni'],
  'Ripple': [ 'ripple',
              'Ripple',
              'xrp',
              'xrapid',
              'xcurrent',
              'chris larsen',
              'jed mccaleb']}
---------------------------Fetch-------2019-07-31 15:55:47.724413: Tweet filed under "misc":----------Data----------
{ 'contributors': None,
  'coordinates': None,
  'created_at': 'Wed Jul 31 19:49:21 +0000 2019',
  'entities': { 'hashtags': [],
                'symbols': [{'indices': [91, 96], 'text': 'IOST'}],
                'urls': [],
                'user_mentions': [ { 'id': 755070940309032961,
                                     'id_str': '755070940309032961',
                                     'indices': [3, 19],
                                     'name': 'Jimmy Zhong',
                                     'screen_name': 'jimmyzhong_iost'}]},
  'favorite_count': 0,
  'favorited': False,
  'geo': None,
  'id': 1156653092366102528,
  'id_str': '1156653092366102528',
  'in_reply_to_screen_name': None,
  'in_reply_to_status_id': None,
  'in_reply_to_status_id_str': None,
  'in_reply_to_user_id': None,
  'in_reply_to_user_id_str': None,
  'is_quote_status': False,
  'lang': 'en',
  'metadata': {'iso_language_code': 'en', 'result_type': 'recent'},
  'place': None,
  'retweet_count': 112,
  'retweeted': False,
  'retweeted_status': { 'contributors': None,
                        'coordinates': None,
                        'created_at': 'Wed Jul 31 15:06:01 +0000 2019',
                        'entities': { 'hashtags': [],
                                      'symbols': [ { 'indices': [70, 75],
                                                     'text': 'IOST'}],
                                      'urls': [ { 'display_url': 'twitter.com/i/web/status/1…',
                                                  'expanded_url': 'https://twitter.com/i/web/status/1156581791253356544',
                                                  'indices': [117, 140],
                                                  'url': 'https://t.co/BGWmQOnJuJ'}],
                                      'user_mentions': []},
                        'favorite_count': 131,
                        'favorited': False,
                        'geo': None,
                        'id': 1156581791253356544,
                        'id_str': '1156581791253356544',
                        'in_reply_to_screen_name': None,
                        'in_reply_to_status_id': None,
                        'in_reply_to_status_id_str': None,
                        'in_reply_to_user_id': None,
                        'in_reply_to_user_id_str': None,
                        'is_quote_status': False,
                        'lang': 'en',
                        'metadata': { 'iso_language_code': 'en',
                                      'result_type': 'recent'},
                        'place': None,
                        'possibly_sensitive': False,
                        'retweet_count': 112,
                        'retweeted': False,
                        'source': '<a href="https://sproutsocial.com" '
                                  'rel="nofollow">Sprout Social</a>',
                        'text': 'I’m not sure what you guys are waiting for '
                                'but if you are not staking $IOST today, you '
                                'are missing out on some of t… '
                                'https://t.co/BGWmQOnJuJ',
                        'truncated': True,
                        'user': { 'contributors_enabled': False,
                                  'created_at': 'Mon Jul 18 16:05:15 +0000 '
                                                '2016',
                                  'default_profile': True,
                                  'default_profile_image': False,
                                  'description': 'Bring blockchain to the '
                                                 'masses | Build a powerful & '
                                                 'scalable blockchain app '
                                                 'platform for your next big '
                                                 'idea. Co-founder of '
                                                 '@IOSToken | Instagram: '
                                                 'jimmyzhong_zjm',
                                  'entities': { 'description': {'urls': []},
                                                'url': { 'urls': [ { 'display_url': 'iost.io',
                                                                     'expanded_url': 'https://iost.io',
                                                                     'indices': [ 0,
                                                                                  23],
                                                                     'url': 'https://t.co/aMOgKYwpKa'}]}},
                                  'favourites_count': 2794,
                                  'follow_request_sent': None,
                                  'followers_count': 32003,
                                  'following': None,
                                  'friends_count': 384,
                                  'geo_enabled': True,
                                  'has_extended_profile': False,
                                  'id': 755070940309032961,
                                  'id_str': '755070940309032961',
                                  'is_translation_enabled': False,
                                  'is_translator': False,
                                  'lang': None,
                                  'listed_count': 90,
                                  'location': 'San Francisco, CA',
                                  'name': 'Jimmy Zhong',
                                  'notifications': None,
                                  'profile_background_color': 'F5F8FA',
                                  'profile_background_image_url': None,
                                  'profile_background_image_url_https': None,
                                  'profile_background_tile': False,
                                  'profile_banner_url': 'https://pbs.twimg.com/profile_banners/755070940309032961/1517040266',
                                  'profile_image_url': 'http://pbs.twimg.com/profile_images/1092834945553367046/dkyE_l6k_normal.jpg',
                                  'profile_image_url_https': 'https://pbs.twimg.com/profile_images/1092834945553367046/dkyE_l6k_normal.jpg',
                                  'profile_link_color': '1DA1F2',
                                  'profile_sidebar_border_color': 'C0DEED',
                                  'profile_sidebar_fill_color': 'DDEEF6',
                                  'profile_text_color': '333333',
                                  'profile_use_background_image': True,
                                  'protected': False,
                                  'screen_name': 'jimmyzhong_iost',
                                  'statuses_count': 1856,
                                  'time_zone': None,
                                  'translator_type': 'none',
                                  'url': 'https://t.co/aMOgKYwpKa',
                                  'utc_offset': None,
                                  'verified': False}},
  'source': '<a href="https://mobile.twitter.com" rel="nofollow">Twitter Web '
            'App</a>',
  'text': 'RT @jimmyzhong_iost: I’m not sure what you guys are waiting for but '
          'if you are not staking $IOST today, you are missing out on some of '
          'the…',
  'truncated': False,
  'user': { 'contributors_enabled': False,
            'created_at': 'Wed Sep 13 16:56:26 +0000 2017',
            'default_profile': False,
            'default_profile_image': False,
            'description': 'I am interested in blockchain, cryptocurrency, new '
                           'revolutionary projects. #Folow #folowback #folowme '
                           '#взаимнаяподписка #читаювзаимно #cryptoenthusiast',
            'entities': {'description': {'urls': []}},
            'favourites_count': 505,
            'follow_request_sent': None,
            'followers_count': 564,
            'following': None,
            'friends_count': 794,
            'geo_enabled': False,
            'has_extended_profile': True,
            'id': 908011499968442368,
            'id_str': '908011499968442368',
            'is_translation_enabled': False,
            'is_translator': False,
            'lang': None,
            'listed_count': 1,
            'location': 'Украина',
            'name': 'Иван Шевченко',
            'notifications': None,
            'profile_background_color': '000000',
            'profile_background_image_url': 'http://abs.twimg.com/images/themes/theme1/bg.png',
            'profile_background_image_url_https': 'https://abs.twimg.com/images/themes/theme1/bg.png',
            'profile_background_tile': False,
            'profile_banner_url': 'https://pbs.twimg.com/profile_banners/908011499968442368/1541495515',
            'profile_image_url': 'http://pbs.twimg.com/profile_images/1059353701985517568/ZYntxWw3_normal.jpg',
            'profile_image_url_https': 'https://pbs.twimg.com/profile_images/1059353701985517568/ZYntxWw3_normal.jpg',
            'profile_link_color': '7FDBB6',
            'profile_sidebar_border_color': '000000',
            'profile_sidebar_fill_color': '000000',
            'profile_text_color': '000000',
            'profile_use_background_image': False,
            'protected': False,
            'screen_name': 'IvanVladShev',
            'statuses_count': 755,
            'time_zone': None,
            'translator_type': 'none',
            'url': None,
            'utc_offset': None,
            'verified': False}}
----------Summary----------
{ 'entities': {},
  'id_str': '1156653092366102528',
  'retweeted_status': { 'entities': { 'urls': { 'display_url': 'twitter.com/i/web/status/1…',
                                                'expanded_url': 'https://twitter.com/i/web/status/1156581791253356544'}},
                        'id_str': '1156581791253356544',
                        'text': 'im not sure what you guys are waiting for but '
                                'if you are not staking $iost today, you are '
                                'missing out on some of t '
                                'https://t.co/bgwmqonjuj',
                        'user': { 'entities': {},
                                  'id_str': '755070940309032961',
                                  'twitter_user': 'jimmyzhong_iost'}},
  'text': 'rt @jimmyzhong_iost: im not sure what you guys are waiting for but '
          'if you are not staking $iost today, you are missing out on some of '
          'the',
  'user': { 'entities': {},
            'id_str': '908011499968442368',
            'twitter_user': 'IvanVladShev'}}
----------Groups----------
{ 'Bitcoin': ['bitcoin', 'Bitcoin', 'btc', 'satoshi nakamoto'],
  'Ethereum': ['ethereum', 'Ethereum', 'eth', 'vitalik buterin'],
  'Litecoin': ['litecoin', 'Litecoin', 'ltc', 'charles lee'],
  'Monero': ['monero', 'Monero', 'xmr', 'riccardo spagni'],
  'Ripple': [ 'ripple',
              'Ripple',
              'xrp',
              'xrapid',
              'xcurrent',
              'chris larsen',
              'jed mccaleb']}
---------------------------Fetch-------2019-07-31 15:55:49.364681: Tweet filed under "misc":----------Data----------
{ 'contributors': None,
  'coordinates': None,
  'created_at': 'Wed Jul 31 19:48:59 +0000 2019',
  'entities': { 'hashtags': [],
                'symbols': [],
                'urls': [ { 'display_url': 'twitter.com/i/web/status/1…',
                            'expanded_url': 'https://twitter.com/i/web/status/1156653001672708096',
                            'indices': [117, 140],
                            'url': 'https://t.co/CqALwdmSWL'}],
                'user_mentions': []},
  'favorite_count': 0,
  'favorited': False,
  'geo': None,
  'id': 1156653001672708096,
  'id_str': '1156653001672708096',
  'in_reply_to_screen_name': 'GregBasileIIF',
  'in_reply_to_status_id': 1156652998304706560,
  'in_reply_to_status_id_str': '1156652998304706560',
  'in_reply_to_user_id': 1006902765363351552,
  'in_reply_to_user_id_str': '1006902765363351552',
  'is_quote_status': False,
  'lang': 'en',
  'metadata': {'iso_language_code': 'en', 'result_type': 'recent'},
  'place': None,
  'possibly_sensitive': False,
  'retweet_count': 0,
  'retweeted': False,
  'source': '<a href="https://mobile.twitter.com" rel="nofollow">Twitter Web '
            'App</a>',
  'text': '(2/2) But the cause of these deficits range considerably. Most of '
          'SSA saves/invests around 10-20% of GDP. But sever… '
          'https://t.co/CqALwdmSWL',
  'truncated': True,
  'user': { 'contributors_enabled': False,
            'created_at': 'Wed Jun 13 14:15:01 +0000 2018',
            'default_profile': False,
            'default_profile_image': False,
            'description': 'Associate Economist at the IIF. Opinions are my '
                           'own. Email: gbasile@iif.com',
            'entities': { 'description': {'urls': []},
                          'url': { 'urls': [ { 'display_url': 'iif.com/people/gregory…',
                                               'expanded_url': 'https://www.iif.com/people/gregory-basile',
                                               'indices': [0, 23],
                                               'url': 'https://t.co/1RbIWfXsA4'}]}},
            'favourites_count': 372,
            'follow_request_sent': None,
            'followers_count': 976,
            'following': None,
            'friends_count': 140,
            'geo_enabled': False,
            'has_extended_profile': True,
            'id': 1006902765363351552,
            'id_str': '1006902765363351552',
            'is_translation_enabled': False,
            'is_translator': False,
            'lang': None,
            'listed_count': 28,
            'location': 'Washington, DC',
            'name': 'Greg Basile',
            'notifications': None,
            'profile_background_color': '000000',
            'profile_background_image_url': 'http://abs.twimg.com/images/themes/theme1/bg.png',
            'profile_background_image_url_https': 'https://abs.twimg.com/images/themes/theme1/bg.png',
            'profile_background_tile': False,
            'profile_image_url': 'http://pbs.twimg.com/profile_images/1040201038056357888/qp1-gwZF_normal.jpg',
            'profile_image_url_https': 'https://pbs.twimg.com/profile_images/1040201038056357888/qp1-gwZF_normal.jpg',
            'profile_link_color': '1B95E0',
            'profile_sidebar_border_color': '000000',
            'profile_sidebar_fill_color': '000000',
            'profile_text_color': '000000',
            'profile_use_background_image': False,
            'protected': False,
            'screen_name': 'GregBasileIIF',
            'statuses_count': 139,
            'time_zone': None,
            'translator_type': 'none',
            'url': 'https://t.co/1RbIWfXsA4',
            'utc_offset': None,
            'verified': False}}
----------Summary----------
{ 'entities': { 'urls': { 'display_url': 'twitter.com/i/web/status/1…',
                          'expanded_url': 'https://twitter.com/i/web/status/1156653001672708096'}},
  'id_str': '1156653001672708096',
  'text': '(2/2) but the cause of these deficits range considerably. most of '
          'ssa saves/invests around 10-20% of gdp. but sever '
          'https://t.co/cqalwdmswl',
  'user': { 'entities': {},
            'id_str': '1006902765363351552',
            'twitter_user': 'GregBasileIIF'}}
----------Groups----------
{ 'Bitcoin': ['bitcoin', 'Bitcoin', 'btc', 'satoshi nakamoto'],
  'Ethereum': ['ethereum', 'Ethereum', 'eth', 'vitalik buterin'],
  'Litecoin': ['litecoin', 'Litecoin', 'ltc', 'charles lee'],
  'Monero': ['monero', 'Monero', 'xmr', 'riccardo spagni'],
  'Ripple': [ 'ripple',
              'Ripple',
              'xrp',
              'xrapid',
              'xcurrent',
              'chris larsen',
              'jed mccaleb']}
---------------------------Fetch-------2019-07-31 15:55:49.673603: Tweet filed under "misc":----------Data----------
{ 'contributors': None,
  'coordinates': None,
  'created_at': 'Wed Jul 31 19:48:52 +0000 2019',
  'entities': { 'hashtags': [],
                'symbols': [],
                'urls': [],
                'user_mentions': [ { 'id': 946758251902881792,
                                     'id_str': '946758251902881792',
                                     'indices': [3, 12],
                                     'name': 'IOStoken',
                                     'screen_name': 'IOStoken'}]},
  'favorite_count': 0,
  'favorited': False,
  'geo': None,
  'id': 1156652969078796288,
  'id_str': '1156652969078796288',
  'in_reply_to_screen_name': None,
  'in_reply_to_status_id': None,
  'in_reply_to_status_id_str': None,
  'in_reply_to_user_id': None,
  'in_reply_to_user_id_str': None,
  'is_quote_status': False,
  'lang': 'en',
  'metadata': {'iso_language_code': 'en', 'result_type': 'recent'},
  'place': None,
  'retweet_count': 76,
  'retweeted': False,
  'retweeted_status': { 'contributors': None,
                        'coordinates': None,
                        'created_at': 'Wed Jul 31 16:02:32 +0000 2019',
                        'entities': { 'hashtags': [],
                                      'symbols': [],
                                      'urls': [ { 'display_url': 'twitter.com/i/web/status/1…',
                                                  'expanded_url': 'https://twitter.com/i/web/status/1156596014314217472',
                                                  'indices': [117, 140],
                                                  'url': 'https://t.co/w3oxkVFwu6'}],
                                      'user_mentions': []},
                        'favorite_count': 96,
                        'favorited': False,
                        'geo': None,
                        'id': 1156596014314217472,
                        'id_str': '1156596014314217472',
                        'in_reply_to_screen_name': None,
                        'in_reply_to_status_id': None,
                        'in_reply_to_status_id_str': None,
                        'in_reply_to_user_id': None,
                        'in_reply_to_user_id_str': None,
                        'is_quote_status': False,
                        'lang': 'en',
                        'metadata': { 'iso_language_code': 'en',
                                      'result_type': 'recent'},
                        'place': None,
                        'possibly_sensitive': False,
                        'retweet_count': 76,
                        'retweeted': False,
                        'source': '<a href="https://mobile.twitter.com" '
                                  'rel="nofollow">Twitter Web App</a>',
                        'text': "What's happening at Berm? The leading short "
                                'video app in Latin America (ranking above '
                                'Snapchat and TikTok) now brin… '
                                'https://t.co/w3oxkVFwu6',
                        'truncated': True,
                        'user': { 'contributors_enabled': False,
                                  'created_at': 'Fri Dec 29 15:02:11 +0000 '
                                                '2017',
                                  'default_profile': False,
                                  'default_profile_image': False,
                                  'description': 'A Scalable & Secure\n'
                                                 '#Blockchain Platform that '
                                                 'will bring blockchain to the '
                                                 'masses // Reddit: '
                                                 'https://t.co/yVBmRkAo4e // '
                                                 'Telegram: '
                                                 'https://t.co/9DUC7nYJZ6 '
                                                 '#IOST',
                                  'entities': { 'description': { 'urls': [ { 'display_url': 'reddit.com/r/iostoken',
                                                                             'expanded_url': 'https://reddit.com/r/iostoken',
                                                                             'indices': [ 93,
                                                                                          116],
                                                                             'url': 'https://t.co/yVBmRkAo4e'},
                                                                           { 'display_url': 't.me/officialios',
                                                                             'expanded_url': 'https://t.me/officialios',
                                                                             'indices': [ 130,
                                                                                          153],
                                                                             'url': 'https://t.co/9DUC7nYJZ6'}]},
                                                'url': { 'urls': [ { 'display_url': 'iost.io',
                                                                     'expanded_url': 'http://iost.io',
                                                                     'indices': [ 0,
                                                                                  23],
                                                                     'url': 'https://t.co/rGs9tv1xUe'}]}},
                                  'favourites_count': 3971,
                                  'follow_request_sent': None,
                                  'followers_count': 196861,
                                  'following': None,
                                  'friends_count': 60,
                                  'geo_enabled': True,
                                  'has_extended_profile': True,
                                  'id': 946758251902881792,
                                  'id_str': '946758251902881792',
                                  'is_translation_enabled': False,
                                  'is_translator': False,
                                  'lang': None,
                                  'listed_count': 576,
                                  'location': '',
                                  'name': 'IOStoken',
                                  'notifications': None,
                                  'profile_background_color': '000000',
                                  'profile_background_image_url': 'http://abs.twimg.com/images/themes/theme1/bg.png',
                                  'profile_background_image_url_https': 'https://abs.twimg.com/images/themes/theme1/bg.png',
                                  'profile_background_tile': False,
                                  'profile_banner_url': 'https://pbs.twimg.com/profile_banners/946758251902881792/1514990566',
                                  'profile_image_url': 'http://pbs.twimg.com/profile_images/1082490177048567808/2RIdjXw3_normal.jpg',
                                  'profile_image_url_https': 'https://pbs.twimg.com/profile_images/1082490177048567808/2RIdjXw3_normal.jpg',
                                  'profile_link_color': '1B95E0',
                                  'profile_sidebar_border_color': '000000',
                                  'profile_sidebar_fill_color': '000000',
                                  'profile_text_color': '000000',
                                  'profile_use_background_image': False,
                                  'protected': False,
                                  'screen_name': 'IOStoken',
                                  'statuses_count': 2379,
                                  'time_zone': None,
                                  'translator_type': 'none',
                                  'url': 'https://t.co/rGs9tv1xUe',
                                  'utc_offset': None,
                                  'verified': False}},
  'source': '<a href="https://mobile.twitter.com" rel="nofollow">Twitter Web '
            'App</a>',
  'text': "RT @IOStoken: What's happening at Berm? The leading short video app "
          'in Latin America (ranking above Snapchat and TikTok) now bringing '
          'milli…',
  'truncated': False,
  'user': { 'contributors_enabled': False,
            'created_at': 'Wed Sep 13 16:56:26 +0000 2017',
            'default_profile': False,
            'default_profile_image': False,
            'description': 'I am interested in blockchain, cryptocurrency, new '
                           'revolutionary projects. #Folow #folowback #folowme '
                           '#взаимнаяподписка #читаювзаимно #cryptoenthusiast',
            'entities': {'description': {'urls': []}},
            'favourites_count': 505,
            'follow_request_sent': None,
            'followers_count': 564,
            'following': None,
            'friends_count': 794,
            'geo_enabled': False,
            'has_extended_profile': True,
            'id': 908011499968442368,
            'id_str': '908011499968442368',
            'is_translation_enabled': False,
            'is_translator': False,
            'lang': None,
            'listed_count': 1,
            'location': 'Украина',
            'name': 'Иван Шевченко',
            'notifications': None,
            'profile_background_color': '000000',
            'profile_background_image_url': 'http://abs.twimg.com/images/themes/theme1/bg.png',
            'profile_background_image_url_https': 'https://abs.twimg.com/images/themes/theme1/bg.png',
            'profile_background_tile': False,
            'profile_banner_url': 'https://pbs.twimg.com/profile_banners/908011499968442368/1541495515',
            'profile_image_url': 'http://pbs.twimg.com/profile_images/1059353701985517568/ZYntxWw3_normal.jpg',
            'profile_image_url_https': 'https://pbs.twimg.com/profile_images/1059353701985517568/ZYntxWw3_normal.jpg',
            'profile_link_color': '7FDBB6',
            'profile_sidebar_border_color': '000000',
            'profile_sidebar_fill_color': '000000',
            'profile_text_color': '000000',
            'profile_use_background_image': False,
            'protected': False,
            'screen_name': 'IvanVladShev',
            'statuses_count': 755,
            'time_zone': None,
            'translator_type': 'none',
            'url': None,
            'utc_offset': None,
            'verified': False}}
----------Summary----------
{ 'entities': {},
  'id_str': '1156652969078796288',
  'retweeted_status': { 'entities': { 'urls': { 'display_url': 'twitter.com/i/web/status/1…',
                                                'expanded_url': 'https://twitter.com/i/web/status/1156596014314217472'}},
                        'id_str': '1156596014314217472',
                        'text': "what's happening at berm? the leading short "
                                'video app in latin america (ranking above '
                                'snapchat and tiktok) now brin '
                                'https://t.co/w3oxkvfwu6',
                        'user': { 'entities': {},
                                  'id_str': '946758251902881792',
                                  'twitter_user': 'IOStoken'}},
  'text': "rt @iostoken: what's happening at berm? the leading short video app "
          'in latin america (ranking above snapchat and tiktok) now bringing '
          'milli',
  'user': { 'entities': {},
            'id_str': '908011499968442368',
            'twitter_user': 'IvanVladShev'}}
----------Groups----------
{ 'Bitcoin': ['bitcoin', 'Bitcoin', 'btc', 'satoshi nakamoto'],
  'Ethereum': ['ethereum', 'Ethereum', 'eth', 'vitalik buterin'],
  'Litecoin': ['litecoin', 'Litecoin', 'ltc', 'charles lee'],
  'Monero': ['monero', 'Monero', 'xmr', 'riccardo spagni'],
  'Ripple': [ 'ripple',
              'Ripple',
              'xrp',
              'xrapid',
              'xcurrent',
              'chris larsen',
              'jed mccaleb']}
---------------------------Fetch-------2019-07-31 15:55:50.184521: Tweet filed under "misc":----------Data----------
{ 'contributors': None,
  'coordinates': None,
  'created_at': 'Wed Jul 31 19:48:29 +0000 2019',
  'entities': { 'hashtags': [],
                'symbols': [],
                'urls': [],
                'user_mentions': [ { 'id': 1029438676705714176,
                                     'id_str': '1029438676705714176',
                                     'indices': [3, 17],
                                     'name': 'BuildingBlocksCrypto',
                                     'screen_name': 'blocks_crypto'}]},
  'favorite_count': 0,
  'favorited': False,
  'geo': None,
  'id': 1156652874236981248,
  'id_str': '1156652874236981248',
  'in_reply_to_screen_name': None,
  'in_reply_to_status_id': None,
  'in_reply_to_status_id_str': None,
  'in_reply_to_user_id': None,
  'in_reply_to_user_id_str': None,
  'is_quote_status': False,
  'lang': 'en',
  'metadata': {'iso_language_code': 'en', 'result_type': 'recent'},
  'place': None,
  'retweet_count': 91,
  'retweeted': False,
  'retweeted_status': { 'contributors': None,
                        'coordinates': None,
                        'created_at': 'Sat Jul 27 05:55:02 +0000 2019',
                        'entities': { 'hashtags': [],
                                      'symbols': [],
                                      'urls': [ { 'display_url': 'twitter.com/i/web/status/1…',
                                                  'expanded_url': 'https://twitter.com/i/web/status/1154993578667577344',
                                                  'indices': [117, 140],
                                                  'url': 'https://t.co/uEGUpSS8ge'}],
                                      'user_mentions': []},
                        'favorite_count': 101,
                        'favorited': False,
                        'geo': None,
                        'id': 1154993578667577344,
                        'id_str': '1154993578667577344',
                        'in_reply_to_screen_name': None,
                        'in_reply_to_status_id': None,
                        'in_reply_to_status_id_str': None,
                        'in_reply_to_user_id': None,
                        'in_reply_to_user_id_str': None,
                        'is_quote_status': False,
                        'lang': 'en',
                        'metadata': { 'iso_language_code': 'en',
                                      'result_type': 'recent'},
                        'place': None,
                        'possibly_sensitive': False,
                        'retweet_count': 91,
                        'retweeted': False,
                        'source': '<a href="https://mobile.twitter.com" '
                                  'rel="nofollow">Twitter Web App</a>',
                        'text': 'Name: Building Blocks Token\n'
                                'Symbol: BH4H\n'
                                'Total supply: 100,000,000,000\n'
                                '\n'
                                'AIRDROP HAS STARTED!\n'
                                '\n'
                                'To qualify for Airdro… '
                                'https://t.co/uEGUpSS8ge',
                        'truncated': True,
                        'user': { 'contributors_enabled': False,
                                  'created_at': 'Tue Aug 14 18:44:41 +0000 '
                                                '2018',
                                  'default_profile': True,
                                  'default_profile_image': False,
                                  'description': 'We are Building Blocks. Our '
                                                 'Crypto was created with the '
                                                 'homeless at mind. We aim to '
                                                 'build or Buy Hostels and '
                                                 'Hotels with the help of you '
                                                 'guys.',
                                  'entities': { 'description': {'urls': []},
                                                'url': { 'urls': [ { 'display_url': 'buidinghomes4homeless.xyz',
                                                                     'expanded_url': 'http://www.buidinghomes4homeless.xyz/',
                                                                     'indices': [ 0,
                                                                                  23],
                                                                     'url': 'https://t.co/ODdy4aewVI'}]}},
                                  'favourites_count': 146,
                                  'follow_request_sent': None,
                                  'followers_count': 280,
                                  'following': None,
                                  'friends_count': 0,
                                  'geo_enabled': False,
                                  'has_extended_profile': True,
                                  'id': 1029438676705714176,
                                  'id_str': '1029438676705714176',
                                  'is_translation_enabled': False,
                                  'is_translator': False,
                                  'lang': None,
                                  'listed_count': 0,
                                  'location': 'United Kingdom',
                                  'name': 'BuildingBlocksCrypto',
                                  'notifications': None,
                                  'profile_background_color': 'F5F8FA',
                                  'profile_background_image_url': None,
                                  'profile_background_image_url_https': None,
                                  'profile_background_tile': False,
                                  'profile_image_url': 'http://pbs.twimg.com/profile_images/1031992230289059840/xxNbMvh3_normal.jpg',
                                  'profile_image_url_https': 'https://pbs.twimg.com/profile_images/1031992230289059840/xxNbMvh3_normal.jpg',
                                  'profile_link_color': '1DA1F2',
                                  'profile_sidebar_border_color': 'C0DEED',
                                  'profile_sidebar_fill_color': 'DDEEF6',
                                  'profile_text_color': '333333',
                                  'profile_use_background_image': True,
                                  'protected': False,
                                  'screen_name': 'blocks_crypto',
                                  'statuses_count': 156,
                                  'time_zone': None,
                                  'translator_type': 'none',
                                  'url': 'https://t.co/ODdy4aewVI',
                                  'utc_offset': None,
                                  'verified': False}},
  'source': '<a href="https://mobile.twitter.com" rel="nofollow">Twitter Web '
            'App</a>',
  'text': 'RT @blocks_crypto: Name: Building Blocks Token\n'
          'Symbol: BH4H\n'
          'Total supply: 100,000,000,000\n'
          '\n'
          'AIRDROP HAS STARTED!\n'
          '\n'
          'To qualify for Airdrop:\n'
          '-F…',
  'truncated': False,
  'user': { 'contributors_enabled': False,
            'created_at': 'Sat Jun 23 15:40:48 +0000 2018',
            'default_profile': True,
            'default_profile_image': False,
            'description': '',
            'entities': {'description': {'urls': []}},
            'favourites_count': 2,
            'follow_request_sent': None,
            'followers_count': 2,
            'following': None,
            'friends_count': 75,
            'geo_enabled': False,
            'has_extended_profile': False,
            'id': 1010548231804080128,
            'id_str': '1010548231804080128',
            'is_translation_enabled': False,
            'is_translator': False,
            'lang': None,
            'listed_count': 0,
            'location': '',
            'name': 'auliahunaputri',
            'notifications': None,
            'profile_background_color': 'F5F8FA',
            'profile_background_image_url': None,
            'profile_background_image_url_https': None,
            'profile_background_tile': False,
            'profile_image_url': 'http://pbs.twimg.com/profile_images/1073574753057759233/qR9lKDqP_normal.jpg',
            'profile_image_url_https': 'https://pbs.twimg.com/profile_images/1073574753057759233/qR9lKDqP_normal.jpg',
            'profile_link_color': '1DA1F2',
            'profile_sidebar_border_color': 'C0DEED',
            'profile_sidebar_fill_color': 'DDEEF6',
            'profile_text_color': '333333',
            'profile_use_background_image': True,
            'protected': False,
            'screen_name': 'auliahunaputri',
            'statuses_count': 16,
            'time_zone': None,
            'translator_type': 'none',
            'url': None,
            'utc_offset': None,
            'verified': False}}
----------Summary----------
{ 'entities': {},
  'id_str': '1156652874236981248',
  'retweeted_status': { 'entities': { 'urls': { 'display_url': 'twitter.com/i/web/status/1…',
                                                'expanded_url': 'https://twitter.com/i/web/status/1154993578667577344'}},
                        'id_str': '1154993578667577344',
                        'text': 'name: building blocks token symbol: bh4h '
                                'total supply: 100,000,000,000  airdrop has '
                                'started!  to qualify for airdro '
                                'https://t.co/uegupss8ge',
                        'user': { 'entities': {},
                                  'id_str': '1029438676705714176',
                                  'twitter_user': 'blocks_crypto'}},
  'text': 'rt @blocks_crypto: name: building blocks token symbol: bh4h total '
          'supply: 100,000,000,000  airdrop has started!  to qualify for '
          'airdrop: -f',
  'user': { 'entities': {},
            'id_str': '1010548231804080128',
            'twitter_user': 'auliahunaputri'}}
----------Groups----------
{ 'Bitcoin': ['bitcoin', 'Bitcoin', 'btc', 'satoshi nakamoto'],
  'Ethereum': ['ethereum', 'Ethereum', 'eth', 'vitalik buterin'],
  'Litecoin': ['litecoin', 'Litecoin', 'ltc', 'charles lee'],
  'Monero': ['monero', 'Monero', 'xmr', 'riccardo spagni'],
  'Ripple': [ 'ripple',
              'Ripple',
              'xrp',
              'xrapid',
              'xcurrent',
              'chris larsen',
              'jed mccaleb']}
---------------------------Fetch-------2019-07-31 15:55:50.489336: Tweet filed under "misc":----------Data----------
{ 'contributors': None,
  'coordinates': None,
  'created_at': 'Wed Jul 31 19:48:27 +0000 2019',
  'entities': { 'hashtags': [{'indices': [68, 75], 'text': 'RBSCHE'}],
                'media': [ { 'display_url': 'pic.twitter.com/AOgpVfZ9GC',
                             'expanded_url': 'https://twitter.com/ChelseaFC/status/1156652585807482885/video/1',
                             'id': 1034449250439110656,
                             'id_str': '1034449250439110656',
                             'indices': [76, 99],
                             'media_url': 'http://pbs.twimg.com/amplify_video_thumb/1034449250439110656/img/ULIGT7CHfpGuRNCz.jpg',
                             'media_url_https': 'https://pbs.twimg.com/amplify_video_thumb/1034449250439110656/img/ULIGT7CHfpGuRNCz.jpg',
                             'sizes': { 'large': { 'h': 720,
                                                   'resize': 'fit',
                                                   'w': 1280},
                                        'medium': { 'h': 675,
                                                    'resize': 'fit',
                                                    'w': 1200},
                                        'small': { 'h': 383,
                                                   'resize': 'fit',
                                                   'w': 680},
                                        'thumb': { 'h': 150,
                                                   'resize': 'crop',
                                                   'w': 150}},
                             'source_status_id': 1156652585807482885,
                             'source_status_id_str': '1156652585807482885',
                             'source_user_id': 22910295,
                             'source_user_id_str': '22910295',
                             'type': 'photo',
                             'url': 'https://t.co/AOgpVfZ9GC'}],
                'symbols': [],
                'urls': [],
                'user_mentions': [ { 'id': 22910295,
                                     'id_str': '22910295',
                                     'indices': [3, 13],
                                     'name': 'Chelsea FC',
                                     'screen_name': 'ChelseaFC'},
                                   { 'id': 2353374818,
                                     'id_str': '2353374818',
                                     'indices': [16, 27],
                                     'name': 'Michy Batshuayi',
                                     'screen_name': 'mbatshuayi'}]},
  'extended_entities': { 'media': [ { 'additional_media_info': { 'description': '',
                                                                 'embeddable': True,
                                                                 'monetizable': False,
                                                                 'source_user': { 'contributors_enabled': False,
                                                                                  'created_at': 'Thu '
                                                                                                'Mar '
                                                                                                '05 '
                                                                                                '11:54:25 '
                                                                                                '+0000 '
                                                                                                '2009',
                                                                                  'default_profile': False,
                                                                                  'default_profile_image': False,
                                                                                  'description': 'Welcome '
                                                                                                 'to '
                                                                                                 'the '
                                                                                                 'official '
                                                                                                 'Twitter '
                                                                                                 'account '
                                                                                                 'of '
                                                                                                 'Chelsea '
                                                                                                 'Football '
                                                                                                 'Club. '
                                                                                                 'Download '
                                                                                                 'our '
                                                                                                 'new '
                                                                                                 'app! '
                                                                                                 '📲 '
                                                                                                 'https://t.co/6SCdoEikEp',
                                                                                  'entities': { 'description': { 'urls': [ { 'display_url': 'che.lc/the5thstand',
                                                                                                                             'expanded_url': 'http://che.lc/the5thstand',
                                                                                                                             'indices': [ 90,
                                                                                                                                          113],
                                                                                                                             'url': 'https://t.co/6SCdoEikEp'}]},
                                                                                                'url': { 'urls': [ { 'display_url': 'chelseafc.com',
                                                                                                                     'expanded_url': 'http://www.chelseafc.com',
                                                                                                                     'indices': [ 0,
                                                                                                                                  23],
                                                                                                                     'url': 'https://t.co/7dGFqETrL0'}]}},
                                                                                  'favourites_count': 16931,
                                                                                  'follow_request_sent': None,
                                                                                  'followers_count': 13107140,
                                                                                  'following': None,
                                                                                  'friends_count': 256,
                                                                                  'geo_enabled': True,
                                                                                  'has_extended_profile': False,
                                                                                  'id': 22910295,
                                                                                  'id_str': '22910295',
                                                                                  'is_translation_enabled': True,
                                                                                  'is_translator': False,
                                                                                  'lang': None,
                                                                                  'listed_count': 23368,
                                                                                  'location': 'London, '
                                                                                              'England',
                                                                                  'name': 'Chelsea '
                                                                                          'FC',
                                                                                  'notifications': None,
                                                                                  'profile_background_color': '023F84',
                                                                                  'profile_background_image_url': 'http://abs.twimg.com/images/themes/theme1/bg.png',
                                                                                  'profile_background_image_url_https': 'https://abs.twimg.com/images/themes/theme1/bg.png',
                                                                                  'profile_background_tile': False,
                                                                                  'profile_banner_url': 'https://pbs.twimg.com/profile_banners/22910295/1563353838',
                                                                                  'profile_image_url': 'http://pbs.twimg.com/profile_images/1071012031514451968/Yh1SnKN6_normal.jpg',
                                                                                  'profile_image_url_https': 'https://pbs.twimg.com/profile_images/1071012031514451968/Yh1SnKN6_normal.jpg',
                                                                                  'profile_link_color': '375EF1',
                                                                                  'profile_sidebar_border_color': 'FFFFFF',
                                                                                  'profile_sidebar_fill_color': '37D3FA',
                                                                                  'profile_text_color': '000000',
                                                                                  'profile_use_background_image': True,
                                                                                  'protected': False,
                                                                                  'screen_name': 'ChelseaFC',
                                                                                  'statuses_count': 89434,
                                                                                  'time_zone': None,
                                                                                  'translator_type': 'none',
                                                                                  'url': 'https://t.co/7dGFqETrL0',
                                                                                  'utc_offset': None,
                                                                                  'verified': True},
                                                                 'title': ''},
                                      'display_url': 'pic.twitter.com/AOgpVfZ9GC',
                                      'expanded_url': 'https://twitter.com/ChelseaFC/status/1156652585807482885/video/1',
                                      'id': 1034449250439110656,
                                      'id_str': '1034449250439110656',
                                      'indices': [76, 99],
                                      'media_url': 'http://pbs.twimg.com/amplify_video_thumb/1034449250439110656/img/ULIGT7CHfpGuRNCz.jpg',
                                      'media_url_https': 'https://pbs.twimg.com/amplify_video_thumb/1034449250439110656/img/ULIGT7CHfpGuRNCz.jpg',
                                      'sizes': { 'large': { 'h': 720,
                                                            'resize': 'fit',
                                                            'w': 1280},
                                                 'medium': { 'h': 675,
                                                             'resize': 'fit',
                                                             'w': 1200},
                                                 'small': { 'h': 383,
                                                            'resize': 'fit',
                                                            'w': 680},
                                                 'thumb': { 'h': 150,
                                                            'resize': 'crop',
                                                            'w': 150}},
                                      'source_status_id': 1156652585807482885,
                                      'source_status_id_str': '1156652585807482885',
                                      'source_user_id': 22910295,
                                      'source_user_id_str': '22910295',
                                      'type': 'video',
                                      'url': 'https://t.co/AOgpVfZ9GC',
                                      'video_info': { 'aspect_ratio': [16, 9],
                                                      'duration_millis': 6006,
                                                      'variants': [ { 'bitrate': 832000,
                                                                      'content_type': 'video/mp4',
                                                                      'url': 'https://video.twimg.com/amplify_video/1034449250439110656/vid/640x360/ApRhuQBpb1Ex8jdP.mp4?tag=8'},
                                                                    { 'bitrate': 2176000,
                                                                      'content_type': 'video/mp4',
                                                                      'url': 'https://video.twimg.com/amplify_video/1034449250439110656/vid/1280x720/17hpER6dQ8U8EbQ_.mp4?tag=8'},
                                                                    { 'content_type': 'application/x-mpegURL',
                                                                      'url': 'https://video.twimg.com/amplify_video/1034449250439110656/pl/puJjFtWEKjqwuvBr.m3u8?tag=8'},
                                                                    { 'bitrate': 288000,
                                                                      'content_type': 'video/mp4',
                                                                      'url': 'https://video.twimg.com/amplify_video/1034449250439110656/vid/320x180/0ty86nVKk2c589RN.mp4?tag=8'}]}}]},
  'favorite_count': 0,
  'favorited': False,
  'geo': None,
  'id': 1156652864716103686,
  'id_str': '1156652864716103686',
  'in_reply_to_screen_name': None,
  'in_reply_to_status_id': None,
  'in_reply_to_status_id_str': None,
  'in_reply_to_user_id': None,
  'in_reply_to_user_id_str': None,
  'is_quote_status': False,
  'lang': 'en',
  'metadata': {'iso_language_code': 'en', 'result_type': 'recent'},
  'place': None,
  'possibly_sensitive': False,
  'retweet_count': 243,
  'retweeted': False,
  'retweeted_status': { 'contributors': None,
                        'coordinates': None,
                        'created_at': 'Wed Jul 31 19:47:20 +0000 2019',
                        'entities': { 'hashtags': [ { 'indices': [53, 60],
                                                      'text': 'RBSCHE'}],
                                      'media': [ { 'display_url': 'pic.twitter.com/AOgpVfZ9GC',
                                                   'expanded_url': 'https://twitter.com/ChelseaFC/status/1156652585807482885/video/1',
                                                   'id': 1034449250439110656,
                                                   'id_str': '1034449250439110656',
                                                   'indices': [61, 84],
                                                   'media_url': 'http://pbs.twimg.com/amplify_video_thumb/1034449250439110656/img/ULIGT7CHfpGuRNCz.jpg',
                                                   'media_url_https': 'https://pbs.twimg.com/amplify_video_thumb/1034449250439110656/img/ULIGT7CHfpGuRNCz.jpg',
                                                   'sizes': { 'large': { 'h': 720,
                                                                         'resize': 'fit',
                                                                         'w': 1280},
                                                              'medium': { 'h': 675,
                                                                          'resize': 'fit',
                                                                          'w': 1200},
                                                              'small': { 'h': 383,
                                                                         'resize': 'fit',
                                                                         'w': 680},
                                                              'thumb': { 'h': 150,
                                                                         'resize': 'crop',
                                                                         'w': 150}},
                                                   'type': 'photo',
                                                   'url': 'https://t.co/AOgpVfZ9GC'}],
                                      'symbols': [],
                                      'urls': [],
                                      'user_mentions': [ { 'id': 2353374818,
                                                           'id_str': '2353374818',
                                                           'indices': [1, 12],
                                                           'name': 'Michy '
                                                                   'Batshuayi',
                                                           'screen_name': 'mbatshuayi'}]},
                        'extended_entities': { 'media': [ { 'additional_media_info': { 'description': '',
                                                                                       'embeddable': True,
                                                                                       'monetizable': False,
                                                                                       'title': ''},
                                                            'display_url': 'pic.twitter.com/AOgpVfZ9GC',
                                                            'expanded_url': 'https://twitter.com/ChelseaFC/status/1156652585807482885/video/1',
                                                            'id': 1034449250439110656,
                                                            'id_str': '1034449250439110656',
                                                            'indices': [61, 84],
                                                            'media_url': 'http://pbs.twimg.com/amplify_video_thumb/1034449250439110656/img/ULIGT7CHfpGuRNCz.jpg',
                                                            'media_url_https': 'https://pbs.twimg.com/amplify_video_thumb/1034449250439110656/img/ULIGT7CHfpGuRNCz.jpg',
                                                            'sizes': { 'large': { 'h': 720,
                                                                                  'resize': 'fit',
                                                                                  'w': 1280},
                                                                       'medium': { 'h': 675,
                                                                                   'resize': 'fit',
                                                                                   'w': 1200},
                                                                       'small': { 'h': 383,
                                                                                  'resize': 'fit',
                                                                                  'w': 680},
                                                                       'thumb': { 'h': 150,
                                                                                  'resize': 'crop',
                                                                                  'w': 150}},
                                                            'type': 'video',
                                                            'url': 'https://t.co/AOgpVfZ9GC',
                                                            'video_info': { 'aspect_ratio': [ 16,
                                                                                              9],
                                                                            'duration_millis': 6006,
                                                                            'variants': [ { 'bitrate': 832000,
                                                                                            'content_type': 'video/mp4',
                                                                                            'url': 'https://video.twimg.com/amplify_video/1034449250439110656/vid/640x360/ApRhuQBpb1Ex8jdP.mp4?tag=8'},
                                                                                          { 'bitrate': 2176000,
                                                                                            'content_type': 'video/mp4',
                                                                                            'url': 'https://video.twimg.com/amplify_video/1034449250439110656/vid/1280x720/17hpER6dQ8U8EbQ_.mp4?tag=8'},
                                                                                          { 'content_type': 'application/x-mpegURL',
                                                                                            'url': 'https://video.twimg.com/amplify_video/1034449250439110656/pl/puJjFtWEKjqwuvBr.m3u8?tag=8'},
                                                                                          { 'bitrate': 288000,
                                                                                            'content_type': 'video/mp4',
                                                                                            'url': 'https://video.twimg.com/amplify_video/1034449250439110656/vid/320x180/0ty86nVKk2c589RN.mp4?tag=8'}]}}]},
                        'favorite_count': 1285,
                        'favorited': False,
                        'geo': None,
                        'id': 1156652585807482885,
                        'id_str': '1156652585807482885',
                        'in_reply_to_screen_name': None,
                        'in_reply_to_status_id': None,
                        'in_reply_to_status_id_str': None,
                        'in_reply_to_user_id': None,
                        'in_reply_to_user_id_str': None,
                        'is_quote_status': False,
                        'lang': 'en',
                        'metadata': { 'iso_language_code': 'en',
                                      'result_type': 'recent'},
                        'place': None,
                        'possibly_sensitive': False,
                        'retweet_count': 243,
                        'retweeted': False,
                        'source': '<a href="https://studio.twitter.com" '
                                  'rel="nofollow">Twitter Media Studio</a>',
                        'text': '.@MBatshuayi smashes in our fifth!! 🙌\n'
                                '\n'
                                "🔴 2-5 🔵 [88'] #RBSCHE https://t.co/AOgpVfZ9GC",
                        'truncated': False,
                        'user': { 'contributors_enabled': False,
                                  'created_at': 'Thu Mar 05 11:54:25 +0000 '
                                                '2009',
                                  'default_profile': False,
                                  'default_profile_image': False,
                                  'description': 'Welcome to the official '
                                                 'Twitter account of Chelsea '
                                                 'Football Club. Download our '
                                                 'new app! 📲 '
                                                 'https://t.co/6SCdoEikEp',
                                  'entities': { 'description': { 'urls': [ { 'display_url': 'che.lc/the5thstand',
                                                                             'expanded_url': 'http://che.lc/the5thstand',
                                                                             'indices': [ 90,
                                                                                          113],
                                                                             'url': 'https://t.co/6SCdoEikEp'}]},
                                                'url': { 'urls': [ { 'display_url': 'chelseafc.com',
                                                                     'expanded_url': 'http://www.chelseafc.com',
                                                                     'indices': [ 0,
                                                                                  23],
                                                                     'url': 'https://t.co/7dGFqETrL0'}]}},
                                  'favourites_count': 16931,
                                  'follow_request_sent': None,
                                  'followers_count': 13107140,
                                  'following': None,
                                  'friends_count': 256,
                                  'geo_enabled': True,
                                  'has_extended_profile': False,
                                  'id': 22910295,
                                  'id_str': '22910295',
                                  'is_translation_enabled': True,
                                  'is_translator': False,
                                  'lang': None,
                                  'listed_count': 23368,
                                  'location': 'London, England',
                                  'name': 'Chelsea FC',
                                  'notifications': None,
                                  'profile_background_color': '023F84',
                                  'profile_background_image_url': 'http://abs.twimg.com/images/themes/theme1/bg.png',
                                  'profile_background_image_url_https': 'https://abs.twimg.com/images/themes/theme1/bg.png',
                                  'profile_background_tile': False,
                                  'profile_banner_url': 'https://pbs.twimg.com/profile_banners/22910295/1563353838',
                                  'profile_image_url': 'http://pbs.twimg.com/profile_images/1071012031514451968/Yh1SnKN6_normal.jpg',
                                  'profile_image_url_https': 'https://pbs.twimg.com/profile_images/1071012031514451968/Yh1SnKN6_normal.jpg',
                                  'profile_link_color': '375EF1',
                                  'profile_sidebar_border_color': 'FFFFFF',
                                  'profile_sidebar_fill_color': '37D3FA',
                                  'profile_text_color': '000000',
                                  'profile_use_background_image': True,
                                  'protected': False,
                                  'screen_name': 'ChelseaFC',
                                  'statuses_count': 89434,
                                  'time_zone': None,
                                  'translator_type': 'none',
                                  'url': 'https://t.co/7dGFqETrL0',
                                  'utc_offset': None,
                                  'verified': True}},
  'source': '<a href="http://twitter.com/download/iphone" '
            'rel="nofollow">Twitter for iPhone</a>',
  'text': 'RT @ChelseaFC: .@MBatshuayi smashes in our fifth!! 🙌\n'
          '\n'
          "🔴 2-5 🔵 [88'] #RBSCHE https://t.co/AOgpVfZ9GC",
  'truncated': False,
  'user': { 'contributors_enabled': False,
            'created_at': 'Wed Dec 12 10:54:55 +0000 2018',
            'default_profile': True,
            'default_profile_image': False,
            'description': '| 3rd Generation In The Family | “Lampard, Start '
                           'The Bounce” | “We’re the only team in London with '
                           'a European Cup” ‘12🏆 | '
                           '🏴\U000e0067\U000e0062\U000e0065\U000e006e\U000e0067\U000e007f '
                           '|',
            'entities': {'description': {'urls': []}},
            'favourites_count': 1873,
            'follow_request_sent': None,
            'followers_count': 155,
            'following': None,
            'friends_count': 171,
            'geo_enabled': False,
            'has_extended_profile': False,
            'id': 1072807002185838593,
            'id_str': '1072807002185838593',
            'is_translation_enabled': False,
            'is_translator': False,
            'lang': None,
            'listed_count': 0,
            'location': 'Ipswich, England',
            'name': 'CFCETH',
            'notifications': None,
            'profile_background_color': 'F5F8FA',
            'profile_background_image_url': None,
            'profile_background_image_url_https': None,
            'profile_background_tile': False,
            'profile_banner_url': 'https://pbs.twimg.com/profile_banners/1072807002185838593/1544612949',
            'profile_image_url': 'http://pbs.twimg.com/profile_images/1147480804324511746/6uAJx_t3_normal.jpg',
            'profile_image_url_https': 'https://pbs.twimg.com/profile_images/1147480804324511746/6uAJx_t3_normal.jpg',
            'profile_link_color': '1DA1F2',
            'profile_sidebar_border_color': 'C0DEED',
            'profile_sidebar_fill_color': 'DDEEF6',
            'profile_text_color': '333333',
            'profile_use_background_image': True,
            'protected': False,
            'screen_name': 'CareFree_Eth',
            'statuses_count': 1941,
            'time_zone': None,
            'translator_type': 'none',
            'url': None,
            'utc_offset': None,
            'verified': False}}
----------Summary----------
{ 'entities': {},
  'id_str': '1156652864716103686',
  'retweeted_status': { 'entities': {},
                        'id_str': '1156652585807482885',
                        'text': '.@mbatshuayi smashes in our fifth!!    2-5  '
                                "[88'] #rbsche https://t.co/aogpvfz9gc",
                        'user': { 'entities': {},
                                  'id_str': '22910295',
                                  'twitter_user': 'ChelseaFC'}},
  'text': "rt @chelseafc: .@mbatshuayi smashes in our fifth!!    2-5  [88'] "
          '#rbsche https://t.co/aogpvfz9gc',
  'user': { 'entities': {},
            'id_str': '1072807002185838593',
            'twitter_user': 'CareFree_Eth'}}
----------Groups----------
{ 'Bitcoin': ['bitcoin', 'Bitcoin', 'btc', 'satoshi nakamoto'],
  'Ethereum': ['ethereum', 'Ethereum', 'eth', 'vitalik buterin'],
  'Litecoin': ['litecoin', 'Litecoin', 'ltc', 'charles lee'],
  'Monero': ['monero', 'Monero', 'xmr', 'riccardo spagni'],
  'Ripple': [ 'ripple',
              'Ripple',
              'xrp',
              'xrapid',
              'xcurrent',
              'chris larsen',
              'jed mccaleb']}
---------------------------Fetch-------2019-07-31 15:55:51.617716: Tweet filed under "misc":----------Data----------
{ 'contributors': None,
  'coordinates': None,
  'created_at': 'Wed Jul 31 19:47:51 +0000 2019',
  'entities': { 'hashtags': [],
                'symbols': [],
                'urls': [ { 'display_url': 'twitter.com/i/web/status/1…',
                            'expanded_url': 'https://twitter.com/i/web/status/1156652715138789376',
                            'indices': [117, 140],
                            'url': 'https://t.co/dC1ts7Azu0'}],
                'user_mentions': [ { 'id': 1573877180,
                                     'id_str': '1573877180',
                                     'indices': [0, 13],
                                     'name': 'Rissa',
                                     'screen_name': 'MsRissaRissa'},
                                   { 'id': 25556566,
                                     'id_str': '25556566',
                                     'indices': [14, 28],
                                     'name': 'Captain E.O.',
                                     'screen_name': 'Eugene_ONeil_'},
                                   { 'id': 3282142021,
                                     'id_str': '3282142021',
                                     'indices': [29, 40],
                                     'name': 'Micah-Jade Coleman Stanback',
                                     'screen_name': 'girlwitfro'},
                                   { 'id': 31108138,
                                     'id_str': '31108138',
                                     'indices': [41, 55],
                                     'name': 'Raquel Willis',
                                     'screen_name': 'RaquelWillis_'}]},
  'favorite_count': 0,
  'favorited': False,
  'geo': None,
  'id': 1156652715138789376,
  'id_str': '1156652715138789376',
  'in_reply_to_screen_name': 'MsRissaRissa',
  'in_reply_to_status_id': 1156652219019563008,
  'in_reply_to_status_id_str': '1156652219019563008',
  'in_reply_to_user_id': 1573877180,
  'in_reply_to_user_id_str': '1573877180',
  'is_quote_status': False,
  'lang': 'en',
  'metadata': {'iso_language_code': 'en', 'result_type': 'recent'},
  'place': None,
  'retweet_count': 0,
  'retweeted': False,
  'source': '<a href="http://twitter.com/download/iphone" '
            'rel="nofollow">Twitter for iPhone</a>',
  'text': '@MsRissaRissa @Eugene_ONeil_ @girlwitfro @RaquelWillis_ If someone '
          'wants to be berated and harassed online for a tr… '
          'https://t.co/dC1ts7Azu0',
  'truncated': True,
  'user': { 'contributors_enabled': False,
            'created_at': 'Tue May 28 01:50:41 +0000 2019',
            'default_profile': True,
            'default_profile_image': False,
            'description': 'solo stans stay in my mentions',
            'entities': { 'description': {'urls': []},
                          'url': { 'urls': [ { 'display_url': 'youtu.be/846cjX0ZTrk',
                                               'expanded_url': 'https://youtu.be/846cjX0ZTrk',
                                               'indices': [0, 23],
                                               'url': 'https://t.co/f6rXLQpry0'}]}},
            'favourites_count': 171,
            'follow_request_sent': None,
            'followers_count': 39,
            'following': None,
            'friends_count': 47,
            'geo_enabled': False,
            'has_extended_profile': True,
            'id': 1133188812123721728,
            'id_str': '1133188812123721728',
            'is_translation_enabled': False,
            'is_translator': False,
            'lang': None,
            'listed_count': 0,
            'location': 'choerry’s roach cage',
            'name': 'Anna said Stream Epiphany and Vote Smelly🌧🎟',
            'notifications': None,
            'profile_background_color': 'F5F8FA',
            'profile_background_image_url': None,
            'profile_background_image_url_https': None,
            'profile_background_tile': False,
            'profile_banner_url': 'https://pbs.twimg.com/profile_banners/1133188812123721728/1563654272',
            'profile_image_url': 'http://pbs.twimg.com/profile_images/1154578987831701505/yOVE_W0J_normal.jpg',
            'profile_image_url_https': 'https://pbs.twimg.com/profile_images/1154578987831701505/yOVE_W0J_normal.jpg',
            'profile_link_color': '1DA1F2',
            'profile_sidebar_border_color': 'C0DEED',
            'profile_sidebar_fill_color': 'DDEEF6',
            'profile_text_color': '333333',
            'profile_use_background_image': True,
            'protected': False,
            'screen_name': 'mangoshapespace',
            'statuses_count': 262,
            'time_zone': None,
            'translator_type': 'none',
            'url': 'https://t.co/f6rXLQpry0',
            'utc_offset': None,
            'verified': False}}
----------Summary----------
{ 'entities': { 'urls': { 'display_url': 'twitter.com/i/web/status/1…',
                          'expanded_url': 'https://twitter.com/i/web/status/1156652715138789376'}},
  'id_str': '1156652715138789376',
  'text': '@msrissarissa @eugene_oneil_ @girlwitfro @raquelwillis_ if someone '
          'wants to be berated and harassed online for a tr '
          'https://t.co/dc1ts7azu0',
  'user': { 'entities': {},
            'id_str': '1133188812123721728',
            'twitter_user': 'mangoshapespace'}}
----------Groups----------
{ 'Bitcoin': ['bitcoin', 'Bitcoin', 'btc', 'satoshi nakamoto'],
  'Ethereum': ['ethereum', 'Ethereum', 'eth', 'vitalik buterin'],
  'Litecoin': ['litecoin', 'Litecoin', 'ltc', 'charles lee'],
  'Monero': ['monero', 'Monero', 'xmr', 'riccardo spagni'],
  'Ripple': [ 'ripple',
              'Ripple',
              'xrp',
              'xrapid',
              'xcurrent',
              'chris larsen',
              'jed mccaleb']}
---------------------------Fetch-------2019-07-31 15:55:52.849749: Tweet filed under "misc":----------Data----------
{ 'contributors': None,
  'coordinates': None,
  'created_at': 'Wed Jul 31 19:47:13 +0000 2019',
  'entities': { 'hashtags': [],
                'symbols': [],
                'urls': [],
                'user_mentions': [ { 'id': 989503594532552704,
                                     'id_str': '989503594532552704',
                                     'indices': [3, 18],
                                     'name': 'Nikita Sachdev',
                                     'screen_name': 'cryptoqueen999'}]},
  'favorite_count': 0,
  'favorited': False,
  'geo': None,
  'id': 1156652557030137856,
  'id_str': '1156652557030137856',
  'in_reply_to_screen_name': None,
  'in_reply_to_status_id': None,
  'in_reply_to_status_id_str': None,
  'in_reply_to_user_id': None,
  'in_reply_to_user_id_str': None,
  'is_quote_status': False,
  'lang': 'en',
  'metadata': {'iso_language_code': 'en', 'result_type': 'recent'},
  'place': None,
  'retweet_count': 33,
  'retweeted': False,
  'retweeted_status': { 'contributors': None,
                        'coordinates': None,
                        'created_at': 'Wed Jul 31 16:25:50 +0000 2019',
                        'entities': { 'hashtags': [],
                                      'symbols': [],
                                      'urls': [ { 'display_url': 'twitter.com/i/web/status/1…',
                                                  'expanded_url': 'https://twitter.com/i/web/status/1156601876055580672',
                                                  'indices': [117, 140],
                                                  'url': 'https://t.co/9IpZUnwkjl'}],
                                      'user_mentions': []},
                        'favorite_count': 27,
                        'favorited': False,
                        'geo': None,
                        'id': 1156601876055580672,
                        'id_str': '1156601876055580672',
                        'in_reply_to_screen_name': None,
                        'in_reply_to_status_id': None,
                        'in_reply_to_status_id_str': None,
                        'in_reply_to_user_id': None,
                        'in_reply_to_user_id_str': None,
                        'is_quote_status': False,
                        'lang': 'en',
                        'metadata': { 'iso_language_code': 'en',
                                      'result_type': 'recent'},
                        'place': None,
                        'retweet_count': 33,
                        'retweeted': False,
                        'source': '<a '
                                  'href="http://twitter.com/download/iphone" '
                                  'rel="nofollow">Twitter for iPhone</a>',
                        'text': 'One more giveaway once I’ve sorted the '
                                'previous winners out with their prizes? \n'
                                '\n'
                                'RETWEET if you want another giveaw… '
                                'https://t.co/9IpZUnwkjl',
                        'truncated': True,
                        'user': { 'contributors_enabled': False,
                                  'created_at': 'Thu Apr 26 13:56:55 +0000 '
                                                '2018',
                                  'default_profile': False,
                                  'default_profile_image': False,
                                  'description': 'Blockchain & Crypto '
                                                 'Enthusiast • Co-founder of '
                                                 'Luna Management',
                                  'entities': { 'description': {'urls': []},
                                                'url': { 'urls': [ { 'display_url': 'instagram.com/nikitasachdev5/',
                                                                     'expanded_url': 'https://www.instagram.com/nikitasachdev5/',
                                                                     'indices': [ 0,
                                                                                  23],
                                                                     'url': 'https://t.co/txlEKzaNvj'}]}},
                                  'favourites_count': 109,
                                  'follow_request_sent': None,
                                  'followers_count': 5003,
                                  'following': None,
                                  'friends_count': 50,
                                  'geo_enabled': False,
                                  'has_extended_profile': False,
                                  'id': 989503594532552704,
                                  'id_str': '989503594532552704',
                                  'is_translation_enabled': False,
                                  'is_translator': False,
                                  'lang': None,
                                  'listed_count': 12,
                                  'location': '',
                                  'name': 'Nikita Sachdev',
                                  'notifications': None,
                                  'profile_background_color': '000000',
                                  'profile_background_image_url': 'http://abs.twimg.com/images/themes/theme1/bg.png',
                                  'profile_background_image_url_https': 'https://abs.twimg.com/images/themes/theme1/bg.png',
                                  'profile_background_tile': False,
                                  'profile_banner_url': 'https://pbs.twimg.com/profile_banners/989503594532552704/1524751356',
                                  'profile_image_url': 'http://pbs.twimg.com/profile_images/989504736511508480/x9yP-jXC_normal.jpg',
                                  'profile_image_url_https': 'https://pbs.twimg.com/profile_images/989504736511508480/x9yP-jXC_normal.jpg',
                                  'profile_link_color': 'ABB8C2',
                                  'profile_sidebar_border_color': '000000',
                                  'profile_sidebar_fill_color': '000000',
                                  'profile_text_color': '000000',
                                  'profile_use_background_image': False,
                                  'protected': False,
                                  'screen_name': 'cryptoqueen999',
                                  'statuses_count': 88,
                                  'time_zone': None,
                                  'translator_type': 'none',
                                  'url': 'https://t.co/txlEKzaNvj',
                                  'utc_offset': None,
                                  'verified': False}},
  'source': '<a href="http://twitter.com/download/iphone" '
            'rel="nofollow">Twitter for iPhone</a>',
  'text': 'RT @cryptoqueen999: One more giveaway once I’ve sorted the previous '
          'winners out with their prizes? \n'
          '\n'
          'RETWEET if you want another giveaway.…',
  'truncated': False,
  'user': { 'contributors_enabled': False,
            'created_at': 'Mon Jun 13 04:43:27 +0000 2016',
            'default_profile': True,
            'default_profile_image': False,
            'description': '💲💲💲 21yr Investor $XRP, $VET, $KIN, $HOT 🇳🇬',
            'entities': { 'description': {'urls': []},
                          'url': { 'urls': [ { 'display_url': 'learncrypto.io/ref/ketchie20/',
                                               'expanded_url': 'https://learncrypto.io/ref/ketchie20/',
                                               'indices': [0, 23],
                                               'url': 'https://t.co/5mEXZCszla'}]}},
            'favourites_count': 10417,
            'follow_request_sent': None,
            'followers_count': 419,
            'following': None,
            'friends_count': 1562,
            'geo_enabled': False,
            'has_extended_profile': False,
            'id': 742215785578270720,
            'id_str': '742215785578270720',
            'is_translation_enabled': False,
            'is_translator': False,
            'lang': None,
            'listed_count': 4,
            'location': '',
            'name': 'XRP20 🇳🇬',
            'notifications': None,
            'profile_background_color': 'F5F8FA',
            'profile_background_image_url': None,
            'profile_background_image_url_https': None,
            'profile_background_tile': False,
            'profile_banner_url': 'https://pbs.twimg.com/profile_banners/742215785578270720/1529084683',
            'profile_image_url': 'http://pbs.twimg.com/profile_images/1007680697782288384/suma-nAH_normal.jpg',
            'profile_image_url_https': 'https://pbs.twimg.com/profile_images/1007680697782288384/suma-nAH_normal.jpg',
            'profile_link_color': '1DA1F2',
            'profile_sidebar_border_color': 'C0DEED',
            'profile_sidebar_fill_color': 'DDEEF6',
            'profile_text_color': '333333',
            'profile_use_background_image': True,
            'protected': False,
            'screen_name': 'XRPHOLDR',
            'statuses_count': 4931,
            'time_zone': None,
            'translator_type': 'none',
            'url': 'https://t.co/5mEXZCszla',
            'utc_offset': None,
            'verified': False}}
----------Summary----------
{ 'entities': {},
  'id_str': '1156652557030137856',
  'retweeted_status': { 'entities': { 'urls': { 'display_url': 'twitter.com/i/web/status/1…',
                                                'expanded_url': 'https://twitter.com/i/web/status/1156601876055580672'}},
                        'id_str': '1156601876055580672',
                        'text': 'one more giveaway once ive sorted the '
                                'previous winners out with their prizes?   '
                                'retweet if you want another giveaw '
                                'https://t.co/9ipzunwkjl',
                        'user': { 'entities': {},
                                  'id_str': '989503594532552704',
                                  'twitter_user': 'cryptoqueen999'}},
  'text': 'rt @cryptoqueen999: one more giveaway once ive sorted the previous '
          'winners out with their prizes?   retweet if you want another '
          'giveaway.',
  'user': { 'entities': {},
            'id_str': '742215785578270720',
            'twitter_user': 'XRPHOLDR'}}
----------Groups----------
{ 'Bitcoin': ['bitcoin', 'Bitcoin', 'btc', 'satoshi nakamoto'],
  'Ethereum': ['ethereum', 'Ethereum', 'eth', 'vitalik buterin'],
  'Litecoin': ['litecoin', 'Litecoin', 'ltc', 'charles lee'],
  'Monero': ['monero', 'Monero', 'xmr', 'riccardo spagni'],
  'Ripple': [ 'ripple',
              'Ripple',
              'xrp',
              'xrapid',
              'xcurrent',
              'chris larsen',
              'jed mccaleb']}
---------------------------Fetch-------2019-07-31 15:55:53.973501: Tweet filed under "misc":----------Data----------
{ 'contributors': None,
  'coordinates': None,
  'created_at': 'Wed Jul 31 19:46:32 +0000 2019',
  'entities': { 'hashtags': [],
                'symbols': [{'indices': [112, 119], 'text': 'Credit'}],
                'urls': [],
                'user_mentions': [ { 'id': 1063362448391094272,
                                     'id_str': '1063362448391094272',
                                     'indices': [3, 15],
                                     'name': 'Terra Credit',
                                     'screen_name': 'CreditTerra'}]},
  'favorite_count': 0,
  'favorited': False,
  'geo': None,
  'id': 1156652381758742532,
  'id_str': '1156652381758742532',
  'in_reply_to_screen_name': None,
  'in_reply_to_status_id': None,
  'in_reply_to_status_id_str': None,
  'in_reply_to_user_id': None,
  'in_reply_to_user_id_str': None,
  'is_quote_status': False,
  'lang': 'en',
  'metadata': {'iso_language_code': 'en', 'result_type': 'recent'},
  'place': None,
  'retweet_count': 1665,
  'retweeted': False,
  'retweeted_status': { 'contributors': None,
                        'coordinates': None,
                        'created_at': 'Wed Jun 19 17:18:23 +0000 2019',
                        'entities': { 'hashtags': [],
                                      'symbols': [ { 'indices': [95, 102],
                                                     'text': 'Credit'}],
                                      'urls': [ { 'display_url': 'twitter.com/i/web/status/1…',
                                                  'expanded_url': 'https://twitter.com/i/web/status/1141394809183019009',
                                                  'indices': [117, 140],
                                                  'url': 'https://t.co/IoL91Bm5p6'}],
                                      'user_mentions': []},
                        'favorite_count': 1471,
                        'favorited': False,
                        'geo': None,
                        'id': 1141394809183019009,
                        'id_str': '1141394809183019009',
                        'in_reply_to_screen_name': None,
                        'in_reply_to_status_id': None,
                        'in_reply_to_status_id_str': None,
                        'in_reply_to_user_id': None,
                        'in_reply_to_user_id_str': None,
                        'is_quote_status': False,
                        'lang': 'en',
                        'metadata': { 'iso_language_code': 'en',
                                      'result_type': 'recent'},
                        'place': None,
                        'possibly_sensitive': False,
                        'retweet_count': 1665,
                        'retweeted': False,
                        'source': '<a '
                                  'href="http://twitter.com/download/android" '
                                  'rel="nofollow">Twitter for Android</a>',
                        'text': 'We are excited to announce our first Gleam '
                                'contest. Terra foundation is giving away '
                                '28,000,000 $Credit to the top 1… '
                                'https://t.co/IoL91Bm5p6',
                        'truncated': True,
                        'user': { 'contributors_enabled': False,
                                  'created_at': 'Fri Nov 16 09:25:38 +0000 '
                                                '2018',
                                  'default_profile': True,
                                  'default_profile_image': False,
                                  'description': '',
                                  'entities': {'description': {'urls': []}},
                                  'favourites_count': 200,
                                  'follow_request_sent': None,
                                  'followers_count': 7377,
                                  'following': None,
                                  'friends_count': 3,
                                  'geo_enabled': False,
                                  'has_extended_profile': False,
                                  'id': 1063362448391094272,
                                  'id_str': '1063362448391094272',
                                  'is_translation_enabled': False,
                                  'is_translator': False,
                                  'lang': None,
                                  'listed_count': 5,
                                  'location': '',
                                  'name': 'Terra Credit',
                                  'notifications': None,
                                  'profile_background_color': 'F5F8FA',
                                  'profile_background_image_url': None,
                                  'profile_background_image_url_https': None,
                                  'profile_background_tile': False,
                                  'profile_banner_url': 'https://pbs.twimg.com/profile_banners/1063362448391094272/1549967428',
                                  'profile_image_url': 'http://pbs.twimg.com/profile_images/1110822806176960512/nokpBnyU_normal.jpg',
                                  'profile_image_url_https': 'https://pbs.twimg.com/profile_images/1110822806176960512/nokpBnyU_normal.jpg',
                                  'profile_link_color': '1DA1F2',
                                  'profile_sidebar_border_color': 'C0DEED',
                                  'profile_sidebar_fill_color': 'DDEEF6',
                                  'profile_text_color': '333333',
                                  'profile_use_background_image': True,
                                  'protected': False,
                                  'screen_name': 'CreditTerra',
                                  'statuses_count': 167,
                                  'time_zone': None,
                                  'translator_type': 'none',
                                  'url': None,
                                  'utc_offset': None,
                                  'verified': False}},
  'source': '<a href="https://mobile.twitter.com" rel="nofollow">Twitter Web '
            'App</a>',
  'text': 'RT @CreditTerra: We are excited to announce our first Gleam '
          'contest. Terra foundation is giving away 28,000,000 $Credit to the '
          'top 10 leade…',
  'truncated': False,
  'user': { 'contributors_enabled': False,
            'created_at': 'Tue May 08 09:10:55 +0000 2012',
            'default_profile': True,
            'default_profile_image': False,
            'description': '',
            'entities': {'description': {'urls': []}},
            'favourites_count': 17,
            'follow_request_sent': None,
            'followers_count': 2,
            'following': None,
            'friends_count': 31,
            'geo_enabled': False,
            'has_extended_profile': False,
            'id': 574331212,
            'id_str': '574331212',
            'is_translation_enabled': False,
            'is_translator': False,
            'lang': None,
            'listed_count': 0,
            'location': '',
            'name': 'Christine Popp',
            'notifications': None,
            'profile_background_color': 'C0DEED',
            'profile_background_image_url': 'http://abs.twimg.com/images/themes/theme1/bg.png',
            'profile_background_image_url_https': 'https://abs.twimg.com/images/themes/theme1/bg.png',
            'profile_background_tile': False,
            'profile_banner_url': 'https://pbs.twimg.com/profile_banners/574331212/1564555994',
            'profile_image_url': 'http://pbs.twimg.com/profile_images/1156457914384732161/MJwSani6_normal.jpg',
            'profile_image_url_https': 'https://pbs.twimg.com/profile_images/1156457914384732161/MJwSani6_normal.jpg',
            'profile_link_color': '1DA1F2',
            'profile_sidebar_border_color': 'C0DEED',
            'profile_sidebar_fill_color': 'DDEEF6',
            'profile_text_color': '333333',
            'profile_use_background_image': True,
            'protected': False,
            'screen_name': 'ch_popp',
            'statuses_count': 34,
            'time_zone': None,
            'translator_type': 'none',
            'url': None,
            'utc_offset': None,
            'verified': False}}
----------Summary----------
{ 'entities': {},
  'id_str': '1156652381758742532',
  'retweeted_status': { 'entities': { 'urls': { 'display_url': 'twitter.com/i/web/status/1…',
                                                'expanded_url': 'https://twitter.com/i/web/status/1141394809183019009'}},
                        'id_str': '1141394809183019009',
                        'text': 'we are excited to announce our first gleam '
                                'contest. terra foundation is giving away '
                                '28,000,000 $credit to the top 1 '
                                'https://t.co/iol91bm5p6',
                        'user': { 'entities': {},
                                  'id_str': '1063362448391094272',
                                  'twitter_user': 'CreditTerra'}},
  'text': 'rt @creditterra: we are excited to announce our first gleam '
          'contest. terra foundation is giving away 28,000,000 $credit to the '
          'top 10 leade',
  'user': {'entities': {}, 'id_str': '574331212', 'twitter_user': 'ch_popp'}}
----------Groups----------
{ 'Bitcoin': ['bitcoin', 'Bitcoin', 'btc', 'satoshi nakamoto'],
  'Ethereum': ['ethereum', 'Ethereum', 'eth', 'vitalik buterin'],
  'Litecoin': ['litecoin', 'Litecoin', 'ltc', 'charles lee'],
  'Monero': ['monero', 'Monero', 'xmr', 'riccardo spagni'],
  'Ripple': [ 'ripple',
              'Ripple',
              'xrp',
              'xrapid',
              'xcurrent',
              'chris larsen',
              'jed mccaleb']}
---------------------------Fetch-------2019-07-31 15:55:54.281442: Tweet filed under "misc":----------Data----------
{ 'contributors': None,
  'coordinates': None,
  'created_at': 'Wed Jul 31 19:46:31 +0000 2019',
  'entities': { 'hashtags': [],
                'symbols': [],
                'urls': [],
                'user_mentions': [ { 'id': 1029438676705714176,
                                     'id_str': '1029438676705714176',
                                     'indices': [3, 17],
                                     'name': 'BuildingBlocksCrypto',
                                     'screen_name': 'blocks_crypto'}]},
  'favorite_count': 0,
  'favorited': False,
  'geo': None,
  'id': 1156652379015667714,
  'id_str': '1156652379015667714',
  'in_reply_to_screen_name': None,
  'in_reply_to_status_id': None,
  'in_reply_to_status_id_str': None,
  'in_reply_to_user_id': None,
  'in_reply_to_user_id_str': None,
  'is_quote_status': False,
  'lang': 'en',
  'metadata': {'iso_language_code': 'en', 'result_type': 'recent'},
  'place': None,
  'retweet_count': 91,
  'retweeted': False,
  'retweeted_status': { 'contributors': None,
                        'coordinates': None,
                        'created_at': 'Sat Jul 27 05:55:02 +0000 2019',
                        'entities': { 'hashtags': [],
                                      'symbols': [],
                                      'urls': [ { 'display_url': 'twitter.com/i/web/status/1…',
                                                  'expanded_url': 'https://twitter.com/i/web/status/1154993578667577344',
                                                  'indices': [117, 140],
                                                  'url': 'https://t.co/uEGUpSS8ge'}],
                                      'user_mentions': []},
                        'favorite_count': 101,
                        'favorited': False,
                        'geo': None,
                        'id': 1154993578667577344,
                        'id_str': '1154993578667577344',
                        'in_reply_to_screen_name': None,
                        'in_reply_to_status_id': None,
                        'in_reply_to_status_id_str': None,
                        'in_reply_to_user_id': None,
                        'in_reply_to_user_id_str': None,
                        'is_quote_status': False,
                        'lang': 'en',
                        'metadata': { 'iso_language_code': 'en',
                                      'result_type': 'recent'},
                        'place': None,
                        'possibly_sensitive': False,
                        'retweet_count': 91,
                        'retweeted': False,
                        'source': '<a href="https://mobile.twitter.com" '
                                  'rel="nofollow">Twitter Web App</a>',
                        'text': 'Name: Building Blocks Token\n'
                                'Symbol: BH4H\n'
                                'Total supply: 100,000,000,000\n'
                                '\n'
                                'AIRDROP HAS STARTED!\n'
                                '\n'
                                'To qualify for Airdro… '
                                'https://t.co/uEGUpSS8ge',
                        'truncated': True,
                        'user': { 'contributors_enabled': False,
                                  'created_at': 'Tue Aug 14 18:44:41 +0000 '
                                                '2018',
                                  'default_profile': True,
                                  'default_profile_image': False,
                                  'description': 'We are Building Blocks. Our '
                                                 'Crypto was created with the '
                                                 'homeless at mind. We aim to '
                                                 'build or Buy Hostels and '
                                                 'Hotels with the help of you '
                                                 'guys.',
                                  'entities': { 'description': {'urls': []},
                                                'url': { 'urls': [ { 'display_url': 'buidinghomes4homeless.xyz',
                                                                     'expanded_url': 'http://www.buidinghomes4homeless.xyz/',
                                                                     'indices': [ 0,
                                                                                  23],
                                                                     'url': 'https://t.co/ODdy4aewVI'}]}},
                                  'favourites_count': 146,
                                  'follow_request_sent': None,
                                  'followers_count': 280,
                                  'following': None,
                                  'friends_count': 0,
                                  'geo_enabled': False,
                                  'has_extended_profile': True,
                                  'id': 1029438676705714176,
                                  'id_str': '1029438676705714176',
                                  'is_translation_enabled': False,
                                  'is_translator': False,
                                  'lang': None,
                                  'listed_count': 0,
                                  'location': 'United Kingdom',
                                  'name': 'BuildingBlocksCrypto',
                                  'notifications': None,
                                  'profile_background_color': 'F5F8FA',
                                  'profile_background_image_url': None,
                                  'profile_background_image_url_https': None,
                                  'profile_background_tile': False,
                                  'profile_image_url': 'http://pbs.twimg.com/profile_images/1031992230289059840/xxNbMvh3_normal.jpg',
                                  'profile_image_url_https': 'https://pbs.twimg.com/profile_images/1031992230289059840/xxNbMvh3_normal.jpg',
                                  'profile_link_color': '1DA1F2',
                                  'profile_sidebar_border_color': 'C0DEED',
                                  'profile_sidebar_fill_color': 'DDEEF6',
                                  'profile_text_color': '333333',
                                  'profile_use_background_image': True,
                                  'protected': False,
                                  'screen_name': 'blocks_crypto',
                                  'statuses_count': 156,
                                  'time_zone': None,
                                  'translator_type': 'none',
                                  'url': 'https://t.co/ODdy4aewVI',
                                  'utc_offset': None,
                                  'verified': False}},
  'source': '<a href="https://mobile.twitter.com" rel="nofollow">Twitter Web '
            'App</a>',
  'text': 'RT @blocks_crypto: Name: Building Blocks Token\n'
          'Symbol: BH4H\n'
          'Total supply: 100,000,000,000\n'
          '\n'
          'AIRDROP HAS STARTED!\n'
          '\n'
          'To qualify for Airdrop:\n'
          '-F…',
  'truncated': False,
  'user': { 'contributors_enabled': False,
            'created_at': 'Wed Nov 08 20:23:23 +0000 2017',
            'default_profile': True,
            'default_profile_image': False,
            'description': '',
            'entities': {'description': {'urls': []}},
            'favourites_count': 3,
            'follow_request_sent': None,
            'followers_count': 14,
            'following': None,
            'friends_count': 75,
            'geo_enabled': False,
            'has_extended_profile': False,
            'id': 928357302855331840,
            'id_str': '928357302855331840',
            'is_translation_enabled': False,
            'is_translator': False,
            'lang': None,
            'listed_count': 0,
            'location': '',
            'name': 'utamipanjaitan',
            'notifications': None,
            'profile_background_color': 'F5F8FA',
            'profile_background_image_url': None,
            'profile_background_image_url_https': None,
            'profile_background_tile': False,
            'profile_banner_url': 'https://pbs.twimg.com/profile_banners/928357302855331840/1530527720',
            'profile_image_url': 'http://pbs.twimg.com/profile_images/1013732942810681344/qnctnZu-_normal.jpg',
            'profile_image_url_https': 'https://pbs.twimg.com/profile_images/1013732942810681344/qnctnZu-_normal.jpg',
            'profile_link_color': '1DA1F2',
            'profile_sidebar_border_color': 'C0DEED',
            'profile_sidebar_fill_color': 'DDEEF6',
            'profile_text_color': '333333',
            'profile_use_background_image': True,
            'protected': False,
            'screen_name': 'utamipanjaitan6',
            'statuses_count': 28,
            'time_zone': None,
            'translator_type': 'none',
            'url': None,
            'utc_offset': None,
            'verified': False}}
----------Summary----------
{ 'entities': {},
  'id_str': '1156652379015667714',
  'retweeted_status': { 'entities': { 'urls': { 'display_url': 'twitter.com/i/web/status/1…',
                                                'expanded_url': 'https://twitter.com/i/web/status/1154993578667577344'}},
                        'id_str': '1154993578667577344',
                        'text': 'name: building blocks token symbol: bh4h '
                                'total supply: 100,000,000,000  airdrop has '
                                'started!  to qualify for airdro '
                                'https://t.co/uegupss8ge',
                        'user': { 'entities': {},
                                  'id_str': '1029438676705714176',
                                  'twitter_user': 'blocks_crypto'}},
  'text': 'rt @blocks_crypto: name: building blocks token symbol: bh4h total '
          'supply: 100,000,000,000  airdrop has started!  to qualify for '
          'airdrop: -f',
  'user': { 'entities': {},
            'id_str': '928357302855331840',
            'twitter_user': 'utamipanjaitan6'}}
----------Groups----------
{ 'Bitcoin': ['bitcoin', 'Bitcoin', 'btc', 'satoshi nakamoto'],
  'Ethereum': ['ethereum', 'Ethereum', 'eth', 'vitalik buterin'],
  'Litecoin': ['litecoin', 'Litecoin', 'ltc', 'charles lee'],
  'Monero': ['monero', 'Monero', 'xmr', 'riccardo spagni'],
  'Ripple': [ 'ripple',
              'Ripple',
              'xrp',
              'xrapid',
              'xcurrent',
              'chris larsen',
              'jed mccaleb']}
---------------------------Fetch-------2019-07-31 15:55:56.121743: Tweet filed under "misc":----------Data----------
{ 'contributors': None,
  'coordinates': None,
  'created_at': 'Wed Jul 31 19:46:01 +0000 2019',
  'entities': { 'hashtags': [],
                'symbols': [{'indices': [91, 96], 'text': 'IOST'}],
                'urls': [],
                'user_mentions': [ { 'id': 755070940309032961,
                                     'id_str': '755070940309032961',
                                     'indices': [3, 19],
                                     'name': 'Jimmy Zhong',
                                     'screen_name': 'jimmyzhong_iost'}]},
  'favorite_count': 0,
  'favorited': False,
  'geo': None,
  'id': 1156652251995365377,
  'id_str': '1156652251995365377',
  'in_reply_to_screen_name': None,
  'in_reply_to_status_id': None,
  'in_reply_to_status_id_str': None,
  'in_reply_to_user_id': None,
  'in_reply_to_user_id_str': None,
  'is_quote_status': False,
  'lang': 'en',
  'metadata': {'iso_language_code': 'en', 'result_type': 'recent'},
  'place': None,
  'retweet_count': 112,
  'retweeted': False,
  'retweeted_status': { 'contributors': None,
                        'coordinates': None,
                        'created_at': 'Wed Jul 31 15:06:01 +0000 2019',
                        'entities': { 'hashtags': [],
                                      'symbols': [ { 'indices': [70, 75],
                                                     'text': 'IOST'}],
                                      'urls': [ { 'display_url': 'twitter.com/i/web/status/1…',
                                                  'expanded_url': 'https://twitter.com/i/web/status/1156581791253356544',
                                                  'indices': [117, 140],
                                                  'url': 'https://t.co/BGWmQOnJuJ'}],
                                      'user_mentions': []},
                        'favorite_count': 131,
                        'favorited': False,
                        'geo': None,
                        'id': 1156581791253356544,
                        'id_str': '1156581791253356544',
                        'in_reply_to_screen_name': None,
                        'in_reply_to_status_id': None,
                        'in_reply_to_status_id_str': None,
                        'in_reply_to_user_id': None,
                        'in_reply_to_user_id_str': None,
                        'is_quote_status': False,
                        'lang': 'en',
                        'metadata': { 'iso_language_code': 'en',
                                      'result_type': 'recent'},
                        'place': None,
                        'possibly_sensitive': False,
                        'retweet_count': 112,
                        'retweeted': False,
                        'source': '<a href="https://sproutsocial.com" '
                                  'rel="nofollow">Sprout Social</a>',
                        'text': 'I’m not sure what you guys are waiting for '
                                'but if you are not staking $IOST today, you '
                                'are missing out on some of t… '
                                'https://t.co/BGWmQOnJuJ',
                        'truncated': True,
                        'user': { 'contributors_enabled': False,
                                  'created_at': 'Mon Jul 18 16:05:15 +0000 '
                                                '2016',
                                  'default_profile': True,
                                  'default_profile_image': False,
                                  'description': 'Bring blockchain to the '
                                                 'masses | Build a powerful & '
                                                 'scalable blockchain app '
                                                 'platform for your next big '
                                                 'idea. Co-founder of '
                                                 '@IOSToken | Instagram: '
                                                 'jimmyzhong_zjm',
                                  'entities': { 'description': {'urls': []},
                                                'url': { 'urls': [ { 'display_url': 'iost.io',
                                                                     'expanded_url': 'https://iost.io',
                                                                     'indices': [ 0,
                                                                                  23],
                                                                     'url': 'https://t.co/aMOgKYwpKa'}]}},
                                  'favourites_count': 2794,
                                  'follow_request_sent': None,
                                  'followers_count': 32003,
                                  'following': None,
                                  'friends_count': 384,
                                  'geo_enabled': True,
                                  'has_extended_profile': False,
                                  'id': 755070940309032961,
                                  'id_str': '755070940309032961',
                                  'is_translation_enabled': False,
                                  'is_translator': False,
                                  'lang': None,
                                  'listed_count': 90,
                                  'location': 'San Francisco, CA',
                                  'name': 'Jimmy Zhong',
                                  'notifications': None,
                                  'profile_background_color': 'F5F8FA',
                                  'profile_background_image_url': None,
                                  'profile_background_image_url_https': None,
                                  'profile_background_tile': False,
                                  'profile_banner_url': 'https://pbs.twimg.com/profile_banners/755070940309032961/1517040266',
                                  'profile_image_url': 'http://pbs.twimg.com/profile_images/1092834945553367046/dkyE_l6k_normal.jpg',
                                  'profile_image_url_https': 'https://pbs.twimg.com/profile_images/1092834945553367046/dkyE_l6k_normal.jpg',
                                  'profile_link_color': '1DA1F2',
                                  'profile_sidebar_border_color': 'C0DEED',
                                  'profile_sidebar_fill_color': 'DDEEF6',
                                  'profile_text_color': '333333',
                                  'profile_use_background_image': True,
                                  'protected': False,
                                  'screen_name': 'jimmyzhong_iost',
                                  'statuses_count': 1856,
                                  'time_zone': None,
                                  'translator_type': 'none',
                                  'url': 'https://t.co/aMOgKYwpKa',
                                  'utc_offset': None,
                                  'verified': False}},
  'source': '<a href="https://mobile.twitter.com" rel="nofollow">Twitter Web '
            'App</a>',
  'text': 'RT @jimmyzhong_iost: I’m not sure what you guys are waiting for but '
          'if you are not staking $IOST today, you are missing out on some of '
          'the…',
  'truncated': False,
  'user': { 'contributors_enabled': False,
            'created_at': 'Sun Feb 21 21:35:39 +0000 2016',
            'default_profile': True,
            'default_profile_image': False,
            'description': '',
            'entities': {'description': {'urls': []}},
            'favourites_count': 469,
            'follow_request_sent': None,
            'followers_count': 1235,
            'following': None,
            'friends_count': 2040,
            'geo_enabled': False,
            'has_extended_profile': True,
            'id': 701520684074323968,
            'id_str': '701520684074323968',
            'is_translation_enabled': False,
            'is_translator': False,
            'lang': None,
            'listed_count': 2,
            'location': 'Украина',
            'name': 'Serg',
            'notifications': None,
            'profile_background_color': 'F5F8FA',
            'profile_background_image_url': None,
            'profile_background_image_url_https': None,
            'profile_background_tile': False,
            'profile_image_url': 'http://pbs.twimg.com/profile_images/701522021147086853/6jy8AURC_normal.jpg',
            'profile_image_url_https': 'https://pbs.twimg.com/profile_images/701522021147086853/6jy8AURC_normal.jpg',
            'profile_link_color': '1DA1F2',
            'profile_sidebar_border_color': 'C0DEED',
            'profile_sidebar_fill_color': 'DDEEF6',
            'profile_text_color': '333333',
            'profile_use_background_image': True,
            'protected': False,
            'screen_name': 'Serg_Rezident',
            'statuses_count': 900,
            'time_zone': None,
            'translator_type': 'none',
            'url': None,
            'utc_offset': None,
            'verified': False}}
----------Summary----------
{ 'entities': {},
  'id_str': '1156652251995365377',
  'retweeted_status': { 'entities': { 'urls': { 'display_url': 'twitter.com/i/web/status/1…',
                                                'expanded_url': 'https://twitter.com/i/web/status/1156581791253356544'}},
                        'id_str': '1156581791253356544',
                        'text': 'im not sure what you guys are waiting for but '
                                'if you are not staking $iost today, you are '
                                'missing out on some of t '
                                'https://t.co/bgwmqonjuj',
                        'user': { 'entities': {},
                                  'id_str': '755070940309032961',
                                  'twitter_user': 'jimmyzhong_iost'}},
  'text': 'rt @jimmyzhong_iost: im not sure what you guys are waiting for but '
          'if you are not staking $iost today, you are missing out on some of '
          'the',
  'user': { 'entities': {},
            'id_str': '701520684074323968',
            'twitter_user': 'Serg_Rezident'}}
----------Groups----------
{ 'Bitcoin': ['bitcoin', 'Bitcoin', 'btc', 'satoshi nakamoto'],
  'Ethereum': ['ethereum', 'Ethereum', 'eth', 'vitalik buterin'],
  'Litecoin': ['litecoin', 'Litecoin', 'ltc', 'charles lee'],
  'Monero': ['monero', 'Monero', 'xmr', 'riccardo spagni'],
  'Ripple': [ 'ripple',
              'Ripple',
              'xrp',
              'xrapid',
              'xcurrent',
              'chris larsen',
              'jed mccaleb']}
---------------------------Fetch-------2019-07-31 15:55:56.635730: Tweet filed under "misc":----------Data----------
{ 'contributors': None,
  'coordinates': None,
  'created_at': 'Wed Jul 31 19:45:56 +0000 2019',
  'entities': { 'hashtags': [ {'indices': [35, 42], 'text': 'CRYPTO'},
                              {'indices': [43, 52], 'text': 'GIVEAWAY'}],
                'symbols': [{'indices': [27, 34], 'text': 'INSTAR'}],
                'urls': [],
                'user_mentions': [ { 'id': 798107102732500992,
                                     'id_str': '798107102732500992',
                                     'indices': [3, 19],
                                     'name': 'Crypto Adventure',
                                     'screen_name': 'cryptoadventura'},
                                   { 'id': 1027476579893608448,
                                     'id_str': '1027476579893608448',
                                     'indices': [119, 132],
                                     'name': 'INSTAR WALLET',
                                     'screen_name': 'instarwallet'}]},
  'favorite_count': 0,
  'favorited': False,
  'geo': None,
  'id': 1156652233360125952,
  'id_str': '1156652233360125952',
  'in_reply_to_screen_name': None,
  'in_reply_to_status_id': None,
  'in_reply_to_status_id_str': None,
  'in_reply_to_user_id': None,
  'in_reply_to_user_id_str': None,
  'is_quote_status': False,
  'lang': 'en',
  'metadata': {'iso_language_code': 'en', 'result_type': 'recent'},
  'place': None,
  'retweet_count': 53,
  'retweeted': False,
  'retweeted_status': { 'contributors': None,
                        'coordinates': None,
                        'created_at': 'Wed Jul 31 16:52:32 +0000 2019',
                        'entities': { 'hashtags': [ { 'indices': [14, 21],
                                                      'text': 'CRYPTO'},
                                                    { 'indices': [22, 31],
                                                      'text': 'GIVEAWAY'}],
                                      'symbols': [ { 'indices': [6, 13],
                                                     'text': 'INSTAR'}],
                                      'urls': [ { 'display_url': 'twitter.com/i/web/status/1…',
                                                  'expanded_url': 'https://twitter.com/i/web/status/1156608595632566273',
                                                  'indices': [119, 142],
                                                  'url': 'https://t.co/jCiFeF9crt'}],
                                      'user_mentions': [ { 'id': 1027476579893608448,
                                                           'id_str': '1027476579893608448',
                                                           'indices': [98, 111],
                                                           'name': 'INSTAR '
                                                                   'WALLET',
                                                           'screen_name': 'instarwallet'}]},
                        'favorite_count': 60,
                        'favorited': False,
                        'geo': None,
                        'id': 1156608595632566273,
                        'id_str': '1156608595632566273',
                        'in_reply_to_screen_name': None,
                        'in_reply_to_status_id': None,
                        'in_reply_to_status_id_str': None,
                        'in_reply_to_user_id': None,
                        'in_reply_to_user_id_str': None,
                        'is_quote_status': False,
                        'lang': 'en',
                        'metadata': { 'iso_language_code': 'en',
                                      'result_type': 'recent'},
                        'place': None,
                        'possibly_sensitive': False,
                        'retweet_count': 53,
                        'retweeted': False,
                        'source': '<a href="https://mobile.twitter.com" '
                                  'rel="nofollow">Twitter Web App</a>',
                        'text': '📣1000 $INSTAR #CRYPTO #GIVEAWAY \n'
                                '\n'
                                '🥳4 participants will split the reward on '
                                '7/08\n'
                                '\n'
                                'Rules:\n'
                                '↗️ Follow @instarwallet &amp;… '
                                'https://t.co/jCiFeF9crt',
                        'truncated': True,
                        'user': { 'contributors_enabled': False,
                                  'created_at': 'Mon Nov 14 10:15:36 +0000 '
                                                '2016',
                                  'default_profile': False,
                                  'default_profile_image': False,
                                  'description': 'We strive to provide you '
                                                 'with the best #crypto '
                                                 'articles & tools for '
                                                 'educational and '
                                                 'entertainment purposes, to '
                                                 'boost your #CryptoAdventure! '
                                                 'No financial advice!',
                                  'entities': { 'description': {'urls': []},
                                                'url': { 'urls': [ { 'display_url': 'cryptoadventure.org',
                                                                     'expanded_url': 'http://www.cryptoadventure.org',
                                                                     'indices': [ 0,
                                                                                  23],
                                                                     'url': 'https://t.co/NwgmcN3xDK'}]}},
                                  'favourites_count': 8997,
                                  'follow_request_sent': None,
                                  'followers_count': 17269,
                                  'following': None,
                                  'friends_count': 5366,
                                  'geo_enabled': False,
                                  'has_extended_profile': False,
                                  'id': 798107102732500992,
                                  'id_str': '798107102732500992',
                                  'is_translation_enabled': False,
                                  'is_translator': False,
                                  'lang': None,
                                  'listed_count': 75,
                                  'location': 'info@cryptoadventure.org',
                                  'name': 'Crypto Adventure',
                                  'notifications': None,
                                  'profile_background_color': '000000',
                                  'profile_background_image_url': 'http://abs.twimg.com/images/themes/theme1/bg.png',
                                  'profile_background_image_url_https': 'https://abs.twimg.com/images/themes/theme1/bg.png',
                                  'profile_background_tile': False,
                                  'profile_banner_url': 'https://pbs.twimg.com/profile_banners/798107102732500992/1550828601',
                                  'profile_image_url': 'http://pbs.twimg.com/profile_images/1129417287587516416/rSiQx9Ga_normal.jpg',
                                  'profile_image_url_https': 'https://pbs.twimg.com/profile_images/1129417287587516416/rSiQx9Ga_normal.jpg',
                                  'profile_link_color': '1B95E0',
                                  'profile_sidebar_border_color': '000000',
                                  'profile_sidebar_fill_color': '000000',
                                  'profile_text_color': '000000',
                                  'profile_use_background_image': False,
                                  'protected': False,
                                  'screen_name': 'cryptoadventura',
                                  'statuses_count': 4383,
                                  'time_zone': None,
                                  'translator_type': 'none',
                                  'url': 'https://t.co/NwgmcN3xDK',
                                  'utc_offset': None,
                                  'verified': False}},
  'source': '<a href="https://mobile.twitter.com" rel="nofollow">Twitter Web '
            'App</a>',
  'text': 'RT @cryptoadventura: 📣1000 $INSTAR #CRYPTO #GIVEAWAY \n'
          '\n'
          '🥳4 participants will split the reward on 7/08\n'
          '\n'
          'Rules:\n'
          '↗️ Follow @instarwallet &amp; @ins…',
  'truncated': False,
  'user': { 'contributors_enabled': False,
            'created_at': 'Wed Jul 31 19:30:25 +0000 2019',
            'default_profile': True,
            'default_profile_image': False,
            'description': '',
            'entities': {'description': {'urls': []}},
            'favourites_count': 4,
            'follow_request_sent': None,
            'followers_count': 1,
            'following': None,
            'friends_count': 16,
            'geo_enabled': False,
            'has_extended_profile': False,
            'id': 1156648327150219264,
            'id_str': '1156648327150219264',
            'is_translation_enabled': False,
            'is_translator': False,
            'lang': None,
            'listed_count': 0,
            'location': '',
            'name': 'PastarPastar',
            'notifications': None,
            'profile_background_color': 'F5F8FA',
            'profile_background_image_url': None,
            'profile_background_image_url_https': None,
            'profile_background_tile': False,
            'profile_banner_url': 'https://pbs.twimg.com/profile_banners/1156648327150219264/1564601721',
            'profile_image_url': 'http://pbs.twimg.com/profile_images/1156648674069532672/sPt0mwkA_normal.jpg',
            'profile_image_url_https': 'https://pbs.twimg.com/profile_images/1156648674069532672/sPt0mwkA_normal.jpg',
            'profile_link_color': '1DA1F2',
            'profile_sidebar_border_color': 'C0DEED',
            'profile_sidebar_fill_color': 'DDEEF6',
            'profile_text_color': '333333',
            'profile_use_background_image': True,
            'protected': False,
            'screen_name': 'PastarPastar1',
            'statuses_count': 5,
            'time_zone': None,
            'translator_type': 'none',
            'url': None,
            'utc_offset': None,
            'verified': False}}
----------Summary----------
{ 'entities': {},
  'id_str': '1156652233360125952',
  'retweeted_status': { 'entities': { 'urls': { 'display_url': 'twitter.com/i/web/status/1…',
                                                'expanded_url': 'https://twitter.com/i/web/status/1156608595632566273'}},
                        'id_str': '1156608595632566273',
                        'text': '1000 $instar #crypto #giveaway   4 '
                                'participants will split the reward on 7/08  '
                                'rules:  follow @instarwallet &amp; '
                                'https://t.co/jcifef9crt',
                        'user': { 'entities': {},
                                  'id_str': '798107102732500992',
                                  'twitter_user': 'cryptoadventura'}},
  'text': 'rt @cryptoadventura: 1000 $instar #crypto #giveaway   4 '
          'participants will split the reward on 7/08  rules:  follow '
          '@instarwallet &amp; @ins',
  'user': { 'entities': {},
            'id_str': '1156648327150219264',
            'twitter_user': 'PastarPastar1'}}
----------Groups----------
{ 'Bitcoin': ['bitcoin', 'Bitcoin', 'btc', 'satoshi nakamoto'],
  'Ethereum': ['ethereum', 'Ethereum', 'eth', 'vitalik buterin'],
  'Litecoin': ['litecoin', 'Litecoin', 'ltc', 'charles lee'],
  'Monero': ['monero', 'Monero', 'xmr', 'riccardo spagni'],
  'Ripple': [ 'ripple',
              'Ripple',
              'xrp',
              'xrapid',
              'xcurrent',
              'chris larsen',
              'jed mccaleb']}
---------------------------Fetch-------2019-07-31 15:55:56.942339: Tweet filed under "misc":----------Data----------
{ 'contributors': None,
  'coordinates': None,
  'created_at': 'Wed Jul 31 19:45:51 +0000 2019',
  'entities': { 'hashtags': [],
                'symbols': [],
                'urls': [],
                'user_mentions': [ { 'id': 946021849632247809,
                                     'id_str': '946021849632247809',
                                     'indices': [3, 17],
                                     'name': 'BitFreezer Official',
                                     'screen_name': 'TheBitFreezer'}]},
  'favorite_count': 0,
  'favorited': False,
  'geo': None,
  'id': 1156652211633565696,
  'id_str': '1156652211633565696',
  'in_reply_to_screen_name': None,
  'in_reply_to_status_id': None,
  'in_reply_to_status_id_str': None,
  'in_reply_to_user_id': None,
  'in_reply_to_user_id_str': None,
  'is_quote_status': False,
  'lang': 'en',
  'metadata': {'iso_language_code': 'en', 'result_type': 'recent'},
  'place': None,
  'retweet_count': 9,
  'retweeted': False,
  'retweeted_status': { 'contributors': None,
                        'coordinates': None,
                        'created_at': 'Sun Jun 02 20:27:56 +0000 2019',
                        'entities': { 'hashtags': [],
                                      'symbols': [],
                                      'urls': [ { 'display_url': 'twitter.com/i/web/status/1…',
                                                  'expanded_url': 'https://twitter.com/i/web/status/1135281919728295936',
                                                  'indices': [117, 140],
                                                  'url': 'https://t.co/MMccNKXeOD'}],
                                      'user_mentions': []},
                        'favorite_count': 141,
                        'favorited': False,
                        'geo': None,
                        'id': 1135281919728295936,
                        'id_str': '1135281919728295936',
                        'in_reply_to_screen_name': None,
                        'in_reply_to_status_id': None,
                        'in_reply_to_status_id_str': None,
                        'in_reply_to_user_id': None,
                        'in_reply_to_user_id_str': None,
                        'is_quote_status': False,
                        'lang': 'en',
                        'metadata': { 'iso_language_code': 'en',
                                      'result_type': 'recent'},
                        'place': None,
                        'retweet_count': 9,
                        'retweeted': False,
                        'scopes': {'followers': False},
                        'source': '<a href="https://ads-api.twitter.com" '
                                  'rel="nofollow">Twitter Ads Composer</a>',
                        'text': 'BitFreezer is here to replace your hardware '
                                'wallet completely! Coming straight from the '
                                'Crypto Valley, Switzerland.… '
                                'https://t.co/MMccNKXeOD',
                        'truncated': True,
                        'user': { 'contributors_enabled': False,
                                  'created_at': 'Wed Dec 27 14:15:59 +0000 '
                                                '2017',
                                  'default_profile': False,
                                  'default_profile_image': False,
                                  'description': 'As a hardware wallet '
                                                 'manufacturer, we are happy '
                                                 'to announce BitFreezer app! '
                                                 'Crypto wallet app with '
                                                 'hardware levels of security.',
                                  'entities': { 'description': {'urls': []},
                                                'url': { 'urls': [ { 'display_url': 'bitfreezer.app',
                                                                     'expanded_url': 'https://www.bitfreezer.app',
                                                                     'indices': [ 0,
                                                                                  23],
                                                                     'url': 'https://t.co/T7YU951A6U'}]}},
                                  'favourites_count': 51,
                                  'follow_request_sent': None,
                                  'followers_count': 293,
                                  'following': None,
                                  'friends_count': 165,
                                  'geo_enabled': True,
                                  'has_extended_profile': False,
                                  'id': 946021849632247809,
                                  'id_str': '946021849632247809',
                                  'is_translation_enabled': False,
                                  'is_translator': False,
                                  'lang': None,
                                  'listed_count': 4,
                                  'location': 'United States',
                                  'name': 'BitFreezer Official',
                                  'notifications': None,
                                  'profile_background_color': '000000',
                                  'profile_background_image_url': 'http://abs.twimg.com/images/themes/theme1/bg.png',
                                  'profile_background_image_url_https': 'https://abs.twimg.com/images/themes/theme1/bg.png',
                                  'profile_background_tile': False,
                                  'profile_banner_url': 'https://pbs.twimg.com/profile_banners/946021849632247809/1550507436',
                                  'profile_image_url': 'http://pbs.twimg.com/profile_images/1097533105177542657/1OckcAsx_normal.png',
                                  'profile_image_url_https': 'https://pbs.twimg.com/profile_images/1097533105177542657/1OckcAsx_normal.png',
                                  'profile_link_color': 'ABB8C2',
                                  'profile_sidebar_border_color': '000000',
                                  'profile_sidebar_fill_color': '000000',
                                  'profile_text_color': '000000',
                                  'profile_use_background_image': False,
                                  'protected': False,
                                  'screen_name': 'TheBitFreezer',
                                  'statuses_count': 108,
                                  'time_zone': None,
                                  'translator_type': 'none',
                                  'url': 'https://t.co/T7YU951A6U',
                                  'utc_offset': None,
                                  'verified': False}},
  'source': '<a href="http://twitter.com/download/iphone" '
            'rel="nofollow">Twitter for iPhone</a>',
  'text': 'RT @TheBitFreezer: BitFreezer is here to replace your hardware '
          'wallet completely! Coming straight from the Crypto Valley, '
          'Switzerland.\n'
          'Your…',
  'truncated': False,
  'user': { 'contributors_enabled': False,
            'created_at': 'Fri Jul 14 00:56:09 +0000 2017',
            'default_profile': True,
            'default_profile_image': False,
            'description': 'https://t.co/yd3HrM5lmb',
            'entities': { 'description': { 'urls': [ { 'display_url': 'CRIPTONEWS.br',
                                                       'expanded_url': 'http://CRIPTONEWS.br',
                                                       'indices': [0, 23],
                                                       'url': 'https://t.co/yd3HrM5lmb'}]},
                          'url': { 'urls': [ { 'display_url': 'youtube.com/channel/UCeLCx…',
                                               'expanded_url': 'https://www.youtube.com/channel/UCeLCx4smdB9-g3pLtcdgJxw',
                                               'indices': [0, 23],
                                               'url': 'https://t.co/ctIK61Z4ei'}]}},
            'favourites_count': 1957,
            'follow_request_sent': None,
            'followers_count': 84,
            'following': None,
            'friends_count': 331,
            'geo_enabled': False,
            'has_extended_profile': True,
            'id': 885664178463223810,
            'id_str': '885664178463223810',
            'is_translation_enabled': False,
            'is_translator': False,
            'lang': None,
            'listed_count': 1,
            'location': 'Campinas, Brasil',
            'name': 'CRIPTO_NEWS_BR',
            'notifications': None,
            'profile_background_color': 'F5F8FA',
            'profile_background_image_url': None,
            'profile_background_image_url_https': None,
            'profile_background_tile': False,
            'profile_banner_url': 'https://pbs.twimg.com/profile_banners/885664178463223810/1537565260',
            'profile_image_url': 'http://pbs.twimg.com/profile_images/1043250428144693250/-u0EOfVW_normal.jpg',
            'profile_image_url_https': 'https://pbs.twimg.com/profile_images/1043250428144693250/-u0EOfVW_normal.jpg',
            'profile_link_color': '1DA1F2',
            'profile_sidebar_border_color': 'C0DEED',
            'profile_sidebar_fill_color': 'DDEEF6',
            'profile_text_color': '333333',
            'profile_use_background_image': True,
            'protected': False,
            'screen_name': 'CRIPTONEWS_br',
            'statuses_count': 1573,
            'time_zone': None,
            'translator_type': 'none',
            'url': 'https://t.co/ctIK61Z4ei',
            'utc_offset': None,
            'verified': False}}
----------Summary----------
{ 'entities': {},
  'id_str': '1156652211633565696',
  'retweeted_status': { 'entities': { 'urls': { 'display_url': 'twitter.com/i/web/status/1…',
                                                'expanded_url': 'https://twitter.com/i/web/status/1135281919728295936'}},
                        'id_str': '1135281919728295936',
                        'text': 'bitfreezer is here to replace your hardware '
                                'wallet completely! coming straight from the '
                                'crypto valley, switzerland. '
                                'https://t.co/mmccnkxeod',
                        'user': { 'entities': {},
                                  'id_str': '946021849632247809',
                                  'twitter_user': 'TheBitFreezer'}},
  'text': 'rt @thebitfreezer: bitfreezer is here to replace your hardware '
          'wallet completely! coming straight from the crypto valley, '
          'switzerland. your',
  'user': { 'entities': {},
            'id_str': '885664178463223810',
            'twitter_user': 'CRIPTONEWS_br'}}
----------Groups----------
{ 'Bitcoin': ['bitcoin', 'Bitcoin', 'btc', 'satoshi nakamoto'],
  'Ethereum': ['ethereum', 'Ethereum', 'eth', 'vitalik buterin'],
  'Litecoin': ['litecoin', 'Litecoin', 'ltc', 'charles lee'],
  'Monero': ['monero', 'Monero', 'xmr', 'riccardo spagni'],
  'Ripple': [ 'ripple',
              'Ripple',
              'xrp',
              'xrapid',
              'xcurrent',
              'chris larsen',
              'jed mccaleb']}
---------------------------Fetch-------2019-07-31 15:55:57.865741: Tweet filed under "misc":----------Data----------
{ 'contributors': None,
  'coordinates': None,
  'created_at': 'Wed Jul 31 19:45:37 +0000 2019',
  'entities': { 'hashtags': [],
                'symbols': [],
                'urls': [],
                'user_mentions': [ { 'id': 1029438676705714176,
                                     'id_str': '1029438676705714176',
                                     'indices': [3, 17],
                                     'name': 'BuildingBlocksCrypto',
                                     'screen_name': 'blocks_crypto'}]},
  'favorite_count': 0,
  'favorited': False,
  'geo': None,
  'id': 1156652152606973952,
  'id_str': '1156652152606973952',
  'in_reply_to_screen_name': None,
  'in_reply_to_status_id': None,
  'in_reply_to_status_id_str': None,
  'in_reply_to_user_id': None,
  'in_reply_to_user_id_str': None,
  'is_quote_status': False,
  'lang': 'en',
  'metadata': {'iso_language_code': 'en', 'result_type': 'recent'},
  'place': None,
  'retweet_count': 91,
  'retweeted': False,
  'retweeted_status': { 'contributors': None,
                        'coordinates': None,
                        'created_at': 'Sat Jul 27 05:55:02 +0000 2019',
                        'entities': { 'hashtags': [],
                                      'symbols': [],
                                      'urls': [ { 'display_url': 'twitter.com/i/web/status/1…',
                                                  'expanded_url': 'https://twitter.com/i/web/status/1154993578667577344',
                                                  'indices': [117, 140],
                                                  'url': 'https://t.co/uEGUpSS8ge'}],
                                      'user_mentions': []},
                        'favorite_count': 101,
                        'favorited': False,
                        'geo': None,
                        'id': 1154993578667577344,
                        'id_str': '1154993578667577344',
                        'in_reply_to_screen_name': None,
                        'in_reply_to_status_id': None,
                        'in_reply_to_status_id_str': None,
                        'in_reply_to_user_id': None,
                        'in_reply_to_user_id_str': None,
                        'is_quote_status': False,
                        'lang': 'en',
                        'metadata': { 'iso_language_code': 'en',
                                      'result_type': 'recent'},
                        'place': None,
                        'possibly_sensitive': False,
                        'retweet_count': 91,
                        'retweeted': False,
                        'source': '<a href="https://mobile.twitter.com" '
                                  'rel="nofollow">Twitter Web App</a>',
                        'text': 'Name: Building Blocks Token\n'
                                'Symbol: BH4H\n'
                                'Total supply: 100,000,000,000\n'
                                '\n'
                                'AIRDROP HAS STARTED!\n'
                                '\n'
                                'To qualify for Airdro… '
                                'https://t.co/uEGUpSS8ge',
                        'truncated': True,
                        'user': { 'contributors_enabled': False,
                                  'created_at': 'Tue Aug 14 18:44:41 +0000 '
                                                '2018',
                                  'default_profile': True,
                                  'default_profile_image': False,
                                  'description': 'We are Building Blocks. Our '
                                                 'Crypto was created with the '
                                                 'homeless at mind. We aim to '
                                                 'build or Buy Hostels and '
                                                 'Hotels with the help of you '
                                                 'guys.',
                                  'entities': { 'description': {'urls': []},
                                                'url': { 'urls': [ { 'display_url': 'buidinghomes4homeless.xyz',
                                                                     'expanded_url': 'http://www.buidinghomes4homeless.xyz/',
                                                                     'indices': [ 0,
                                                                                  23],
                                                                     'url': 'https://t.co/ODdy4aewVI'}]}},
                                  'favourites_count': 146,
                                  'follow_request_sent': None,
                                  'followers_count': 280,
                                  'following': None,
                                  'friends_count': 0,
                                  'geo_enabled': False,
                                  'has_extended_profile': True,
                                  'id': 1029438676705714176,
                                  'id_str': '1029438676705714176',
                                  'is_translation_enabled': False,
                                  'is_translator': False,
                                  'lang': None,
                                  'listed_count': 0,
                                  'location': 'United Kingdom',
                                  'name': 'BuildingBlocksCrypto',
                                  'notifications': None,
                                  'profile_background_color': 'F5F8FA',
                                  'profile_background_image_url': None,
                                  'profile_background_image_url_https': None,
                                  'profile_background_tile': False,
                                  'profile_image_url': 'http://pbs.twimg.com/profile_images/1031992230289059840/xxNbMvh3_normal.jpg',
                                  'profile_image_url_https': 'https://pbs.twimg.com/profile_images/1031992230289059840/xxNbMvh3_normal.jpg',
                                  'profile_link_color': '1DA1F2',
                                  'profile_sidebar_border_color': 'C0DEED',
                                  'profile_sidebar_fill_color': 'DDEEF6',
                                  'profile_text_color': '333333',
                                  'profile_use_background_image': True,
                                  'protected': False,
                                  'screen_name': 'blocks_crypto',
                                  'statuses_count': 156,
                                  'time_zone': None,
                                  'translator_type': 'none',
                                  'url': 'https://t.co/ODdy4aewVI',
                                  'utc_offset': None,
                                  'verified': False}},
  'source': '<a href="https://mobile.twitter.com" rel="nofollow">Twitter Web '
            'App</a>',
  'text': 'RT @blocks_crypto: Name: Building Blocks Token\n'
          'Symbol: BH4H\n'
          'Total supply: 100,000,000,000\n'
          '\n'
          'AIRDROP HAS STARTED!\n'
          '\n'
          'To qualify for Airdrop:\n'
          '-F…',
  'truncated': False,
  'user': { 'contributors_enabled': False,
            'created_at': 'Sun Jun 24 17:14:11 +0000 2018',
            'default_profile': True,
            'default_profile_image': False,
            'description': '',
            'entities': {'description': {'urls': []}},
            'favourites_count': 2,
            'follow_request_sent': None,
            'followers_count': 9,
            'following': None,
            'friends_count': 10,
            'geo_enabled': False,
            'has_extended_profile': False,
            'id': 1010934119579041792,
            'id_str': '1010934119579041792',
            'is_translation_enabled': False,
            'is_translator': False,
            'lang': None,
            'listed_count': 0,
            'location': '',
            'name': 'tirnakurus',
            'notifications': None,
            'profile_background_color': 'F5F8FA',
            'profile_background_image_url': None,
            'profile_background_image_url_https': None,
            'profile_background_tile': False,
            'profile_image_url': 'http://pbs.twimg.com/profile_images/1012604202361556992/hjvD8cEE_normal.jpg',
            'profile_image_url_https': 'https://pbs.twimg.com/profile_images/1012604202361556992/hjvD8cEE_normal.jpg',
            'profile_link_color': '1DA1F2',
            'profile_sidebar_border_color': 'C0DEED',
            'profile_sidebar_fill_color': 'DDEEF6',
            'profile_text_color': '333333',
            'profile_use_background_image': True,
            'protected': False,
            'screen_name': 'tirnakurus',
            'statuses_count': 12,
            'time_zone': None,
            'translator_type': 'none',
            'url': None,
            'utc_offset': None,
            'verified': False}}
----------Summary----------
{ 'entities': {},
  'id_str': '1156652152606973952',
  'retweeted_status': { 'entities': { 'urls': { 'display_url': 'twitter.com/i/web/status/1…',
                                                'expanded_url': 'https://twitter.com/i/web/status/1154993578667577344'}},
                        'id_str': '1154993578667577344',
                        'text': 'name: building blocks token symbol: bh4h '
                                'total supply: 100,000,000,000  airdrop has '
                                'started!  to qualify for airdro '
                                'https://t.co/uegupss8ge',
                        'user': { 'entities': {},
                                  'id_str': '1029438676705714176',
                                  'twitter_user': 'blocks_crypto'}},
  'text': 'rt @blocks_crypto: name: building blocks token symbol: bh4h total '
          'supply: 100,000,000,000  airdrop has started!  to qualify for '
          'airdrop: -f',
  'user': { 'entities': {},
            'id_str': '1010934119579041792',
            'twitter_user': 'tirnakurus'}}
----------Groups----------
{ 'Bitcoin': ['bitcoin', 'Bitcoin', 'btc', 'satoshi nakamoto'],
  'Ethereum': ['ethereum', 'Ethereum', 'eth', 'vitalik buterin'],
  'Litecoin': ['litecoin', 'Litecoin', 'ltc', 'charles lee'],
  'Monero': ['monero', 'Monero', 'xmr', 'riccardo spagni'],
  'Ripple': [ 'ripple',
              'Ripple',
              'xrp',
              'xrapid',
              'xcurrent',
              'chris larsen',
              'jed mccaleb']}
---------------------------Fetch-------2019-07-31 15:55:58.169665: Tweet filed under "misc":----------Data----------
{ 'contributors': None,
  'coordinates': None,
  'created_at': 'Wed Jul 31 19:45:37 +0000 2019',
  'entities': { 'hashtags': [],
                'symbols': [],
                'urls': [],
                'user_mentions': [ { 'id': 946758251902881792,
                                     'id_str': '946758251902881792',
                                     'indices': [3, 12],
                                     'name': 'IOStoken',
                                     'screen_name': 'IOStoken'}]},
  'favorite_count': 0,
  'favorited': False,
  'geo': None,
  'id': 1156652151470481408,
  'id_str': '1156652151470481408',
  'in_reply_to_screen_name': None,
  'in_reply_to_status_id': None,
  'in_reply_to_status_id_str': None,
  'in_reply_to_user_id': None,
  'in_reply_to_user_id_str': None,
  'is_quote_status': False,
  'lang': 'en',
  'metadata': {'iso_language_code': 'en', 'result_type': 'recent'},
  'place': None,
  'retweet_count': 76,
  'retweeted': False,
  'retweeted_status': { 'contributors': None,
                        'coordinates': None,
                        'created_at': 'Wed Jul 31 16:02:32 +0000 2019',
                        'entities': { 'hashtags': [],
                                      'symbols': [],
                                      'urls': [ { 'display_url': 'twitter.com/i/web/status/1…',
                                                  'expanded_url': 'https://twitter.com/i/web/status/1156596014314217472',
                                                  'indices': [117, 140],
                                                  'url': 'https://t.co/w3oxkVFwu6'}],
                                      'user_mentions': []},
                        'favorite_count': 96,
                        'favorited': False,
                        'geo': None,
                        'id': 1156596014314217472,
                        'id_str': '1156596014314217472',
                        'in_reply_to_screen_name': None,
                        'in_reply_to_status_id': None,
                        'in_reply_to_status_id_str': None,
                        'in_reply_to_user_id': None,
                        'in_reply_to_user_id_str': None,
                        'is_quote_status': False,
                        'lang': 'en',
                        'metadata': { 'iso_language_code': 'en',
                                      'result_type': 'recent'},
                        'place': None,
                        'possibly_sensitive': False,
                        'retweet_count': 76,
                        'retweeted': False,
                        'source': '<a href="https://mobile.twitter.com" '
                                  'rel="nofollow">Twitter Web App</a>',
                        'text': "What's happening at Berm? The leading short "
                                'video app in Latin America (ranking above '
                                'Snapchat and TikTok) now brin… '
                                'https://t.co/w3oxkVFwu6',
                        'truncated': True,
                        'user': { 'contributors_enabled': False,
                                  'created_at': 'Fri Dec 29 15:02:11 +0000 '
                                                '2017',
                                  'default_profile': False,
                                  'default_profile_image': False,
                                  'description': 'A Scalable & Secure\n'
                                                 '#Blockchain Platform that '
                                                 'will bring blockchain to the '
                                                 'masses // Reddit: '
                                                 'https://t.co/yVBmRkAo4e // '
                                                 'Telegram: '
                                                 'https://t.co/9DUC7nYJZ6 '
                                                 '#IOST',
                                  'entities': { 'description': { 'urls': [ { 'display_url': 'reddit.com/r/iostoken',
                                                                             'expanded_url': 'https://reddit.com/r/iostoken',
                                                                             'indices': [ 93,
                                                                                          116],
                                                                             'url': 'https://t.co/yVBmRkAo4e'},
                                                                           { 'display_url': 't.me/officialios',
                                                                             'expanded_url': 'https://t.me/officialios',
                                                                             'indices': [ 130,
                                                                                          153],
                                                                             'url': 'https://t.co/9DUC7nYJZ6'}]},
                                                'url': { 'urls': [ { 'display_url': 'iost.io',
                                                                     'expanded_url': 'http://iost.io',
                                                                     'indices': [ 0,
                                                                                  23],
                                                                     'url': 'https://t.co/rGs9tv1xUe'}]}},
                                  'favourites_count': 3971,
                                  'follow_request_sent': None,
                                  'followers_count': 196861,
                                  'following': None,
                                  'friends_count': 60,
                                  'geo_enabled': True,
                                  'has_extended_profile': True,
                                  'id': 946758251902881792,
                                  'id_str': '946758251902881792',
                                  'is_translation_enabled': False,
                                  'is_translator': False,
                                  'lang': None,
                                  'listed_count': 576,
                                  'location': '',
                                  'name': 'IOStoken',
                                  'notifications': None,
                                  'profile_background_color': '000000',
                                  'profile_background_image_url': 'http://abs.twimg.com/images/themes/theme1/bg.png',
                                  'profile_background_image_url_https': 'https://abs.twimg.com/images/themes/theme1/bg.png',
                                  'profile_background_tile': False,
                                  'profile_banner_url': 'https://pbs.twimg.com/profile_banners/946758251902881792/1514990566',
                                  'profile_image_url': 'http://pbs.twimg.com/profile_images/1082490177048567808/2RIdjXw3_normal.jpg',
                                  'profile_image_url_https': 'https://pbs.twimg.com/profile_images/1082490177048567808/2RIdjXw3_normal.jpg',
                                  'profile_link_color': '1B95E0',
                                  'profile_sidebar_border_color': '000000',
                                  'profile_sidebar_fill_color': '000000',
                                  'profile_text_color': '000000',
                                  'profile_use_background_image': False,
                                  'protected': False,
                                  'screen_name': 'IOStoken',
                                  'statuses_count': 2379,
                                  'time_zone': None,
                                  'translator_type': 'none',
                                  'url': 'https://t.co/rGs9tv1xUe',
                                  'utc_offset': None,
                                  'verified': False}},
  'source': '<a href="https://mobile.twitter.com" rel="nofollow">Twitter Web '
            'App</a>',
  'text': "RT @IOStoken: What's happening at Berm? The leading short video app "
          'in Latin America (ranking above Snapchat and TikTok) now bringing '
          'milli…',
  'truncated': False,
  'user': { 'contributors_enabled': False,
            'created_at': 'Sun Feb 21 21:35:39 +0000 2016',
            'default_profile': True,
            'default_profile_image': False,
            'description': '',
            'entities': {'description': {'urls': []}},
            'favourites_count': 469,
            'follow_request_sent': None,
            'followers_count': 1235,
            'following': None,
            'friends_count': 2040,
            'geo_enabled': False,
            'has_extended_profile': True,
            'id': 701520684074323968,
            'id_str': '701520684074323968',
            'is_translation_enabled': False,
            'is_translator': False,
            'lang': None,
            'listed_count': 2,
            'location': 'Украина',
            'name': 'Serg',
            'notifications': None,
            'profile_background_color': 'F5F8FA',
            'profile_background_image_url': None,
            'profile_background_image_url_https': None,
            'profile_background_tile': False,
            'profile_image_url': 'http://pbs.twimg.com/profile_images/701522021147086853/6jy8AURC_normal.jpg',
            'profile_image_url_https': 'https://pbs.twimg.com/profile_images/701522021147086853/6jy8AURC_normal.jpg',
            'profile_link_color': '1DA1F2',
            'profile_sidebar_border_color': 'C0DEED',
            'profile_sidebar_fill_color': 'DDEEF6',
            'profile_text_color': '333333',
            'profile_use_background_image': True,
            'protected': False,
            'screen_name': 'Serg_Rezident',
            'statuses_count': 900,
            'time_zone': None,
            'translator_type': 'none',
            'url': None,
            'utc_offset': None,
            'verified': False}}
----------Summary----------
{ 'entities': {},
  'id_str': '1156652151470481408',
  'retweeted_status': { 'entities': { 'urls': { 'display_url': 'twitter.com/i/web/status/1…',
                                                'expanded_url': 'https://twitter.com/i/web/status/1156596014314217472'}},
                        'id_str': '1156596014314217472',
                        'text': "what's happening at berm? the leading short "
                                'video app in latin america (ranking above '
                                'snapchat and tiktok) now brin '
                                'https://t.co/w3oxkvfwu6',
                        'user': { 'entities': {},
                                  'id_str': '946758251902881792',
                                  'twitter_user': 'IOStoken'}},
  'text': "rt @iostoken: what's happening at berm? the leading short video app "
          'in latin america (ranking above snapchat and tiktok) now bringing '
          'milli',
  'user': { 'entities': {},
            'id_str': '701520684074323968',
            'twitter_user': 'Serg_Rezident'}}
----------Groups----------
{ 'Bitcoin': ['bitcoin', 'Bitcoin', 'btc', 'satoshi nakamoto'],
  'Ethereum': ['ethereum', 'Ethereum', 'eth', 'vitalik buterin'],
  'Litecoin': ['litecoin', 'Litecoin', 'ltc', 'charles lee'],
  'Monero': ['monero', 'Monero', 'xmr', 'riccardo spagni'],
  'Ripple': [ 'ripple',
              'Ripple',
              'xrp',
              'xrapid',
              'xcurrent',
              'chris larsen',
              'jed mccaleb']}
---------------------------Fetch-------2019-07-31 15:55:58.786707: Tweet filed under "misc":----------Data----------
{ 'contributors': None,
  'coordinates': None,
  'created_at': 'Wed Jul 31 19:45:22 +0000 2019',
  'entities': { 'hashtags': [ {'indices': [42, 53], 'text': 'FireXToken'},
                              {'indices': [54, 59], 'text': 'FRXT'}],
                'symbols': [],
                'urls': [],
                'user_mentions': [ { 'id': 1154333133774262273,
                                     'id_str': '1154333133774262273',
                                     'indices': [3, 18],
                                     'name': 'FireX Ecosystem',
                                     'screen_name': 'EcosystemFirex'},
                                   { 'id': 1134888377948418053,
                                     'id_str': '1134888377948418053',
                                     'indices': [63, 77],
                                     'name': 'OpenDEX Exchange',
                                     'screen_name': 'opendexmarket'}]},
  'favorite_count': 0,
  'favorited': False,
  'geo': None,
  'id': 1156652091399639046,
  'id_str': '1156652091399639046',
  'in_reply_to_screen_name': None,
  'in_reply_to_status_id': None,
  'in_reply_to_status_id_str': None,
  'in_reply_to_user_id': None,
  'in_reply_to_user_id_str': None,
  'is_quote_status': False,
  'lang': 'en',
  'metadata': {'iso_language_code': 'en', 'result_type': 'recent'},
  'place': None,
  'retweet_count': 104,
  'retweeted': False,
  'retweeted_status': { 'contributors': None,
                        'coordinates': None,
                        'created_at': 'Wed Jul 31 00:17:38 +0000 2019',
                        'entities': { 'hashtags': [ { 'indices': [22, 33],
                                                      'text': 'FireXToken'},
                                                    { 'indices': [34, 39],
                                                      'text': 'FRXT'}],
                                      'symbols': [],
                                      'urls': [ { 'display_url': 'twitter.com/i/web/status/1…',
                                                  'expanded_url': 'https://twitter.com/i/web/status/1156358219876327424',
                                                  'indices': [116, 139],
                                                  'url': 'https://t.co/dqCLGw9W5p'}],
                                      'user_mentions': [ { 'id': 1134888377948418053,
                                                           'id_str': '1134888377948418053',
                                                           'indices': [43, 57],
                                                           'name': 'OpenDEX '
                                                                   'Exchange',
                                                           'screen_name': 'opendexmarket'}]},
                        'favorite_count': 183,
                        'favorited': False,
                        'geo': None,
                        'id': 1156358219876327424,
                        'id_str': '1156358219876327424',
                        'in_reply_to_screen_name': None,
                        'in_reply_to_status_id': None,
                        'in_reply_to_status_id_str': None,
                        'in_reply_to_user_id': None,
                        'in_reply_to_user_id_str': None,
                        'is_quote_status': False,
                        'lang': 'en',
                        'metadata': { 'iso_language_code': 'en',
                                      'result_type': 'recent'},
                        'place': None,
                        'possibly_sensitive': False,
                        'retweet_count': 104,
                        'retweeted': False,
                        'source': '<a '
                                  'href="http://twitter.com/download/android" '
                                  'rel="nofollow">Twitter for Android</a>',
                        'text': 'Just The Beginning !!\n'
                                '#FireXToken #FRXT on @opendexmarket \n'
                                '\n'
                                '🚀🚀Presale is live 🚀🚀\n'
                                ' 30% funds collected will be used… '
                                'https://t.co/dqCLGw9W5p',
                        'truncated': True,
                        'user': { 'contributors_enabled': False,
                                  'created_at': 'Thu Jul 25 10:10:40 +0000 '
                                                '2019',
                                  'default_profile': True,
                                  'default_profile_image': False,
                                  'description': 'FireX Ecosystem \n'
                                                 '-Smart Payment Mobile App',
                                  'entities': { 'description': {'urls': []},
                                                'url': { 'urls': [ { 'display_url': 'firexecosystem.com',
                                                                     'expanded_url': 'https://firexecosystem.com',
                                                                     'indices': [ 0,
                                                                                  23],
                                                                     'url': 'https://t.co/mldipiTH5m'}]}},
                                  'favourites_count': 2,
                                  'follow_request_sent': None,
                                  'followers_count': 1619,
                                  'following': None,
                                  'friends_count': 4,
                                  'geo_enabled': False,
                                  'has_extended_profile': False,
                                  'id': 1154333133774262273,
                                  'id_str': '1154333133774262273',
                                  'is_translation_enabled': False,
                                  'is_translator': False,
                                  'lang': None,
                                  'listed_count': 3,
                                  'location': '대한민국',
                                  'name': 'FireX Ecosystem',
                                  'notifications': None,
                                  'profile_background_color': 'F5F8FA',
                                  'profile_background_image_url': None,
                                  'profile_background_image_url_https': None,
                                  'profile_background_tile': False,
                                  'profile_banner_url': 'https://pbs.twimg.com/profile_banners/1154333133774262273/1564211858',
                                  'profile_image_url': 'http://pbs.twimg.com/profile_images/1154333396253806592/VTxOk8Xy_normal.jpg',
                                  'profile_image_url_https': 'https://pbs.twimg.com/profile_images/1154333396253806592/VTxOk8Xy_normal.jpg',
                                  'profile_link_color': '1DA1F2',
                                  'profile_sidebar_border_color': 'C0DEED',
                                  'profile_sidebar_fill_color': 'DDEEF6',
                                  'profile_text_color': '333333',
                                  'profile_use_background_image': True,
                                  'protected': False,
                                  'screen_name': 'EcosystemFirex',
                                  'statuses_count': 10,
                                  'time_zone': None,
                                  'translator_type': 'none',
                                  'url': 'https://t.co/mldipiTH5m',
                                  'utc_offset': None,
                                  'verified': False}},
  'source': '<a href="https://mobile.twitter.com" rel="nofollow">Twitter Web '
            'App</a>',
  'text': 'RT @EcosystemFirex: Just The Beginning !!\n'
          '#FireXToken #FRXT on @opendexmarket \n'
          '\n'
          '🚀🚀Presale is live 🚀🚀\n'
          ' 30% funds collected will be used for…',
  'truncated': False,
  'user': { 'contributors_enabled': False,
            'created_at': 'Fri Jun 14 09:37:55 +0000 2019',
            'default_profile': True,
            'default_profile_image': False,
            'description': '#Криптовалюты #ICO #Bounty #Blockchain #Баунти '
                           '#Cryptocurrency #Token #Bitcoin #Investment '
                           '#TokenSale #Ethereum',
            'entities': {'description': {'urls': []}},
            'favourites_count': 22,
            'follow_request_sent': None,
            'followers_count': 881,
            'following': None,
            'friends_count': 999,
            'geo_enabled': False,
            'has_extended_profile': False,
            'id': 1139466989423013890,
            'id_str': '1139466989423013890',
            'is_translation_enabled': False,
            'is_translator': False,
            'lang': None,
            'listed_count': 1,
            'location': '',
            'name': 'figuradroka',
            'notifications': None,
            'profile_background_color': 'F5F8FA',
            'profile_background_image_url': None,
            'profile_background_image_url_https': None,
            'profile_background_tile': False,
            'profile_image_url': 'http://pbs.twimg.com/profile_images/1139467636914479109/Xvs_n0D5_normal.jpg',
            'profile_image_url_https': 'https://pbs.twimg.com/profile_images/1139467636914479109/Xvs_n0D5_normal.jpg',
            'profile_link_color': '1DA1F2',
            'profile_sidebar_border_color': 'C0DEED',
            'profile_sidebar_fill_color': 'DDEEF6',
            'profile_text_color': '333333',
            'profile_use_background_image': True,
            'protected': False,
            'screen_name': 'figuradroka',
            'statuses_count': 70,
            'time_zone': None,
            'translator_type': 'none',
            'url': None,
            'utc_offset': None,
            'verified': False}}
----------Summary----------
{ 'entities': {},
  'id_str': '1156652091399639046',
  'retweeted_status': { 'entities': { 'urls': { 'display_url': 'twitter.com/i/web/status/1…',
                                                'expanded_url': 'https://twitter.com/i/web/status/1156358219876327424'}},
                        'id_str': '1156358219876327424',
                        'text': 'just the beginning !! #firextoken #frxt on '
                                '@opendexmarket   presale is live   30% funds '
                                'collected will be used '
                                'https://t.co/dqclgw9w5p',
                        'user': { 'entities': {},
                                  'id_str': '1154333133774262273',
                                  'twitter_user': 'EcosystemFirex'}},
  'text': 'rt @ecosystemfirex: just the beginning !! #firextoken #frxt on '
          '@opendexmarket   presale is live   30% funds collected will be used '
          'for',
  'user': { 'entities': {},
            'id_str': '1139466989423013890',
            'twitter_user': 'figuradroka'}}
----------Groups----------
{ 'Bitcoin': ['bitcoin', 'Bitcoin', 'btc', 'satoshi nakamoto'],
  'Ethereum': ['ethereum', 'Ethereum', 'eth', 'vitalik buterin'],
  'Litecoin': ['litecoin', 'Litecoin', 'ltc', 'charles lee'],
  'Monero': ['monero', 'Monero', 'xmr', 'riccardo spagni'],
  'Ripple': [ 'ripple',
              'Ripple',
              'xrp',
              'xrapid',
              'xcurrent',
              'chris larsen',
              'jed mccaleb']}
---------------------------Fetch-------2019-07-31 15:55:59.398928: Tweet filed under "misc":----------Data----------
{ 'contributors': None,
  'coordinates': None,
  'created_at': 'Wed Jul 31 19:45:05 +0000 2019',
  'entities': { 'hashtags': [ {'indices': [44, 57], 'text': 'forextrading'},
                              {'indices': [58, 65], 'text': 'stocks'},
                              {'indices': [66, 79], 'text': 'forexsignals'},
                              {'indices': [80, 97], 'text': 'cityofinvestment'},
                              {'indices': [98, 105], 'text': 'Mexico'}],
                'symbols': [],
                'urls': [ { 'display_url': 'twitter.com/i/web/status/1…',
                            'expanded_url': 'https://twitter.com/i/web/status/1156652019370905601',
                            'indices': [107, 130],
                            'url': 'https://t.co/tuKuqRCfwA'}],
                'user_mentions': []},
  'favorite_count': 0,
  'favorited': False,
  'geo': None,
  'id': 1156652019370905601,
  'id_str': '1156652019370905601',
  'in_reply_to_screen_name': None,
  'in_reply_to_status_id': None,
  'in_reply_to_status_id_str': None,
  'in_reply_to_user_id': None,
  'in_reply_to_user_id_str': None,
  'is_quote_status': False,
  'lang': 'en',
  'metadata': {'iso_language_code': 'en', 'result_type': 'recent'},
  'place': None,
  'possibly_sensitive': False,
  'retweet_count': 0,
  'retweeted': False,
  'source': '<a href="https://ifttt.com" rel="nofollow">IFTTT</a>',
  'text': 'Forex Managed Accounts Exclusive x3 45%-75% #forextrading #stocks '
          '#forexsignals #cityofinvestment #Mexico… https://t.co/tuKuqRCfwA',
  'truncated': True,
  'user': { 'contributors_enabled': False,
            'created_at': 'Mon Mar 27 17:44:55 +0000 2017',
            'default_profile': False,
            'default_profile_image': False,
            'description': 'Make your money grow with https://t.co/roZQkyZSRo '
                           'Global market leader in Forex Managed Account. '
                           'https://t.co/G2JrDCtrKw Minimum deposit €1000',
            'entities': { 'description': { 'urls': [ { 'display_url': 'CityOfInvestment.com',
                                                       'expanded_url': 'http://CityOfInvestment.com',
                                                       'indices': [26, 49],
                                                       'url': 'https://t.co/roZQkyZSRo'},
                                                     { 'display_url': 'cityofinvestment.com/getting-starte…',
                                                       'expanded_url': 'http://cityofinvestment.com/getting-started/',
                                                       'indices': [97, 120],
                                                       'url': 'https://t.co/G2JrDCtrKw'}]},
                          'url': { 'urls': [ { 'display_url': 'cityofinvestment.com',
                                               'expanded_url': 'http://www.cityofinvestment.com',
                                               'indices': [0, 23],
                                               'url': 'https://t.co/plO5SFdWJ3'}]}},
            'favourites_count': 67,
            'follow_request_sent': None,
            'followers_count': 10152,
            'following': None,
            'friends_count': 9161,
            'geo_enabled': False,
            'has_extended_profile': True,
            'id': 846417765351276544,
            'id_str': '846417765351276544',
            'is_translation_enabled': False,
            'is_translator': False,
            'lang': None,
            'listed_count': 35,
            'location': 'City of London, London',
            'name': 'City Of Investment',
            'notifications': None,
            'profile_background_color': '000000',
            'profile_background_image_url': 'http://abs.twimg.com/images/themes/theme1/bg.png',
            'profile_background_image_url_https': 'https://abs.twimg.com/images/themes/theme1/bg.png',
            'profile_background_tile': False,
            'profile_banner_url': 'https://pbs.twimg.com/profile_banners/846417765351276544/1500331437',
            'profile_image_url': 'http://pbs.twimg.com/profile_images/887079869196185604/oGmO0xwi_normal.jpg',
            'profile_image_url_https': 'https://pbs.twimg.com/profile_images/887079869196185604/oGmO0xwi_normal.jpg',
            'profile_link_color': '1B95E0',
            'profile_sidebar_border_color': '000000',
            'profile_sidebar_fill_color': '000000',
            'profile_text_color': '000000',
            'profile_use_background_image': False,
            'protected': False,
            'screen_name': 'CityofInvestmnt',
            'statuses_count': 81380,
            'time_zone': None,
            'translator_type': 'none',
            'url': 'https://t.co/plO5SFdWJ3',
            'utc_offset': None,
            'verified': False}}
----------Summary----------
{ 'entities': { 'urls': { 'display_url': 'twitter.com/i/web/status/1…',
                          'expanded_url': 'https://twitter.com/i/web/status/1156652019370905601'}},
  'id_str': '1156652019370905601',
  'text': 'forex managed accounts exclusive x3 45%-75% #forextrading #stocks '
          '#forexsignals #cityofinvestment #mexico https://t.co/tukuqrcfwa',
  'user': { 'entities': {},
            'id_str': '846417765351276544',
            'twitter_user': 'CityofInvestmnt'}}
----------Groups----------
{ 'Bitcoin': ['bitcoin', 'Bitcoin', 'btc', 'satoshi nakamoto'],
  'Ethereum': ['ethereum', 'Ethereum', 'eth', 'vitalik buterin'],
  'Litecoin': ['litecoin', 'Litecoin', 'ltc', 'charles lee'],
  'Monero': ['monero', 'Monero', 'xmr', 'riccardo spagni'],
  'Ripple': [ 'ripple',
              'Ripple',
              'xrp',
              'xrapid',
              'xcurrent',
              'chris larsen',
              'jed mccaleb']}
---------------------------Fetch-------2019-07-31 15:56:00.426621: Tweet filed under "misc":----------Data----------
{ 'contributors': None,
  'coordinates': None,
  'created_at': 'Wed Jul 31 19:44:46 +0000 2019',
  'entities': { 'hashtags': [],
                'symbols': [],
                'urls': [],
                'user_mentions': [ { 'id': 1029438676705714176,
                                     'id_str': '1029438676705714176',
                                     'indices': [3, 17],
                                     'name': 'BuildingBlocksCrypto',
                                     'screen_name': 'blocks_crypto'}]},
  'favorite_count': 0,
  'favorited': False,
  'geo': None,
  'id': 1156651937732804608,
  'id_str': '1156651937732804608',
  'in_reply_to_screen_name': None,
  'in_reply_to_status_id': None,
  'in_reply_to_status_id_str': None,
  'in_reply_to_user_id': None,
  'in_reply_to_user_id_str': None,
  'is_quote_status': False,
  'lang': 'en',
  'metadata': {'iso_language_code': 'en', 'result_type': 'recent'},
  'place': None,
  'retweet_count': 91,
  'retweeted': False,
  'retweeted_status': { 'contributors': None,
                        'coordinates': None,
                        'created_at': 'Sat Jul 27 05:55:02 +0000 2019',
                        'entities': { 'hashtags': [],
                                      'symbols': [],
                                      'urls': [ { 'display_url': 'twitter.com/i/web/status/1…',
                                                  'expanded_url': 'https://twitter.com/i/web/status/1154993578667577344',
                                                  'indices': [117, 140],
                                                  'url': 'https://t.co/uEGUpSS8ge'}],
                                      'user_mentions': []},
                        'favorite_count': 101,
                        'favorited': False,
                        'geo': None,
                        'id': 1154993578667577344,
                        'id_str': '1154993578667577344',
                        'in_reply_to_screen_name': None,
                        'in_reply_to_status_id': None,
                        'in_reply_to_status_id_str': None,
                        'in_reply_to_user_id': None,
                        'in_reply_to_user_id_str': None,
                        'is_quote_status': False,
                        'lang': 'en',
                        'metadata': { 'iso_language_code': 'en',
                                      'result_type': 'recent'},
                        'place': None,
                        'possibly_sensitive': False,
                        'retweet_count': 91,
                        'retweeted': False,
                        'source': '<a href="https://mobile.twitter.com" '
                                  'rel="nofollow">Twitter Web App</a>',
                        'text': 'Name: Building Blocks Token\n'
                                'Symbol: BH4H\n'
                                'Total supply: 100,000,000,000\n'
                                '\n'
                                'AIRDROP HAS STARTED!\n'
                                '\n'
                                'To qualify for Airdro… '
                                'https://t.co/uEGUpSS8ge',
                        'truncated': True,
                        'user': { 'contributors_enabled': False,
                                  'created_at': 'Tue Aug 14 18:44:41 +0000 '
                                                '2018',
                                  'default_profile': True,
                                  'default_profile_image': False,
                                  'description': 'We are Building Blocks. Our '
                                                 'Crypto was created with the '
                                                 'homeless at mind. We aim to '
                                                 'build or Buy Hostels and '
                                                 'Hotels with the help of you '
                                                 'guys.',
                                  'entities': { 'description': {'urls': []},
                                                'url': { 'urls': [ { 'display_url': 'buidinghomes4homeless.xyz',
                                                                     'expanded_url': 'http://www.buidinghomes4homeless.xyz/',
                                                                     'indices': [ 0,
                                                                                  23],
                                                                     'url': 'https://t.co/ODdy4aewVI'}]}},
                                  'favourites_count': 146,
                                  'follow_request_sent': None,
                                  'followers_count': 280,
                                  'following': None,
                                  'friends_count': 0,
                                  'geo_enabled': False,
                                  'has_extended_profile': True,
                                  'id': 1029438676705714176,
                                  'id_str': '1029438676705714176',
                                  'is_translation_enabled': False,
                                  'is_translator': False,
                                  'lang': None,
                                  'listed_count': 0,
                                  'location': 'United Kingdom',
                                  'name': 'BuildingBlocksCrypto',
                                  'notifications': None,
                                  'profile_background_color': 'F5F8FA',
                                  'profile_background_image_url': None,
                                  'profile_background_image_url_https': None,
                                  'profile_background_tile': False,
                                  'profile_image_url': 'http://pbs.twimg.com/profile_images/1031992230289059840/xxNbMvh3_normal.jpg',
                                  'profile_image_url_https': 'https://pbs.twimg.com/profile_images/1031992230289059840/xxNbMvh3_normal.jpg',
                                  'profile_link_color': '1DA1F2',
                                  'profile_sidebar_border_color': 'C0DEED',
                                  'profile_sidebar_fill_color': 'DDEEF6',
                                  'profile_text_color': '333333',
                                  'profile_use_background_image': True,
                                  'protected': False,
                                  'screen_name': 'blocks_crypto',
                                  'statuses_count': 156,
                                  'time_zone': None,
                                  'translator_type': 'none',
                                  'url': 'https://t.co/ODdy4aewVI',
                                  'utc_offset': None,
                                  'verified': False}},
  'source': '<a href="https://mobile.twitter.com" rel="nofollow">Twitter Web '
            'App</a>',
  'text': 'RT @blocks_crypto: Name: Building Blocks Token\n'
          'Symbol: BH4H\n'
          'Total supply: 100,000,000,000\n'
          '\n'
          'AIRDROP HAS STARTED!\n'
          '\n'
          'To qualify for Airdrop:\n'
          '-F…',
  'truncated': False,
  'user': { 'contributors_enabled': False,
            'created_at': 'Sun Jun 24 17:02:02 +0000 2018',
            'default_profile': True,
            'default_profile_image': False,
            'description': '',
            'entities': {'description': {'urls': []}},
            'favourites_count': 2,
            'follow_request_sent': None,
            'followers_count': 0,
            'following': None,
            'friends_count': 9,
            'geo_enabled': False,
            'has_extended_profile': False,
            'id': 1010931064330522624,
            'id_str': '1010931064330522624',
            'is_translation_enabled': False,
            'is_translator': False,
            'lang': None,
            'listed_count': 0,
            'location': '',
            'name': 'cikemi839',
            'notifications': None,
            'profile_background_color': 'F5F8FA',
            'profile_background_image_url': None,
            'profile_background_image_url_https': None,
            'profile_background_tile': False,
            'profile_banner_url': 'https://pbs.twimg.com/profile_banners/1010931064330522624/1564602265',
            'profile_image_url': 'http://pbs.twimg.com/profile_images/1156651840869564416/oRB4wx-E_normal.jpg',
            'profile_image_url_https': 'https://pbs.twimg.com/profile_images/1156651840869564416/oRB4wx-E_normal.jpg',
            'profile_link_color': '1DA1F2',
            'profile_sidebar_border_color': 'C0DEED',
            'profile_sidebar_fill_color': 'DDEEF6',
            'profile_text_color': '333333',
            'profile_use_background_image': True,
            'protected': False,
            'screen_name': 'cikemi839',
            'statuses_count': 13,
            'time_zone': None,
            'translator_type': 'none',
            'url': None,
            'utc_offset': None,
            'verified': False}}
----------Summary----------
{ 'entities': {},
  'id_str': '1156651937732804608',
  'retweeted_status': { 'entities': { 'urls': { 'display_url': 'twitter.com/i/web/status/1…',
                                                'expanded_url': 'https://twitter.com/i/web/status/1154993578667577344'}},
                        'id_str': '1154993578667577344',
                        'text': 'name: building blocks token symbol: bh4h '
                                'total supply: 100,000,000,000  airdrop has '
                                'started!  to qualify for airdro '
                                'https://t.co/uegupss8ge',
                        'user': { 'entities': {},
                                  'id_str': '1029438676705714176',
                                  'twitter_user': 'blocks_crypto'}},
  'text': 'rt @blocks_crypto: name: building blocks token symbol: bh4h total '
          'supply: 100,000,000,000  airdrop has started!  to qualify for '
          'airdrop: -f',
  'user': { 'entities': {},
            'id_str': '1010931064330522624',
            'twitter_user': 'cikemi839'}}
----------Groups----------
{ 'Bitcoin': ['bitcoin', 'Bitcoin', 'btc', 'satoshi nakamoto'],
  'Ethereum': ['ethereum', 'Ethereum', 'eth', 'vitalik buterin'],
  'Litecoin': ['litecoin', 'Litecoin', 'ltc', 'charles lee'],
  'Monero': ['monero', 'Monero', 'xmr', 'riccardo spagni'],
  'Ripple': [ 'ripple',
              'Ripple',
              'xrp',
              'xrapid',
              'xcurrent',
              'chris larsen',
              'jed mccaleb']}
---------------------------Fetch-------2019-07-31 15:56:01.652783: Tweet filed under "misc":----------Data----------
{ 'contributors': None,
  'coordinates': None,
  'created_at': 'Wed Jul 31 19:44:25 +0000 2019',
  'entities': { 'hashtags': [],
                'symbols': [],
                'urls': [ { 'display_url': 'mercatox.com/exchange/MRO/B…',
                            'expanded_url': 'https://mercatox.com/exchange/MRO/BTC',
                            'indices': [87, 110],
                            'url': 'https://t.co/tTwqehRDUL'},
                          { 'display_url': 'mercatox.com/exchange/MRO/E…',
                            'expanded_url': 'https://mercatox.com/exchange/MRO/ETH',
                            'indices': [111, 134],
                            'url': 'https://t.co/1xXcIg9GVR'}],
                'user_mentions': [ { 'id': 974716009708912640,
                                     'id_str': '974716009708912640',
                                     'indices': [3, 16],
                                     'name': 'Mero Currency',
                                     'screen_name': 'merocurrency'},
                                   { 'id': 473229258,
                                     'id_str': '473229258',
                                     'indices': [51, 63],
                                     'name': 'MERCATOX',
                                     'screen_name': 'MetcatoxCom'}]},
  'favorite_count': 0,
  'favorited': False,
  'geo': None,
  'id': 1156651851929939973,
  'id_str': '1156651851929939973',
  'in_reply_to_screen_name': None,
  'in_reply_to_status_id': None,
  'in_reply_to_status_id_str': None,
  'in_reply_to_user_id': None,
  'in_reply_to_user_id_str': None,
  'is_quote_status': False,
  'lang': 'en',
  'metadata': {'iso_language_code': 'en', 'result_type': 'recent'},
  'place': None,
  'possibly_sensitive': False,
  'retweet_count': 361,
  'retweeted': False,
  'retweeted_status': { 'contributors': None,
                        'coordinates': None,
                        'created_at': 'Mon Jul 29 16:14:52 +0000 2019',
                        'entities': { 'hashtags': [],
                                      'symbols': [],
                                      'urls': [ { 'display_url': 'mercatox.com/exchange/MRO/B…',
                                                  'expanded_url': 'https://mercatox.com/exchange/MRO/BTC',
                                                  'indices': [69, 92],
                                                  'url': 'https://t.co/tTwqehRDUL'},
                                                { 'display_url': 'twitter.com/i/web/status/1…',
                                                  'expanded_url': 'https://twitter.com/i/web/status/1155874340723933184',
                                                  'indices': [94, 117],
                                                  'url': 'https://t.co/IKjqyvKEK0'}],
                                      'user_mentions': [ { 'id': 473229258,
                                                           'id_str': '473229258',
                                                           'indices': [33, 45],
                                                           'name': 'MERCATOX',
                                                           'screen_name': 'MetcatoxCom'}]},
                        'favorite_count': 495,
                        'favorited': False,
                        'geo': None,
                        'id': 1155874340723933184,
                        'id_str': '1155874340723933184',
                        'in_reply_to_screen_name': None,
                        'in_reply_to_status_id': None,
                        'in_reply_to_status_id_str': None,
                        'in_reply_to_user_id': None,
                        'in_reply_to_user_id_str': None,
                        'is_quote_status': False,
                        'lang': 'en',
                        'metadata': { 'iso_language_code': 'en',
                                      'result_type': 'recent'},
                        'place': None,
                        'possibly_sensitive': False,
                        'retweet_count': 361,
                        'retweeted': False,
                        'source': '<a href="http://twitter.com" '
                                  'rel="nofollow">Twitter Web Client</a>',
                        'text': 'Surprise!!! 😀🔥🔥 We are listed on @MetcatoxCom '
                                'Mercatox exchange! 🚀🚀🚀\n'
                                'https://t.co/tTwqehRDUL… '
                                'https://t.co/IKjqyvKEK0',
                        'truncated': True,
                        'user': { 'contributors_enabled': False,
                                  'created_at': 'Fri Mar 16 18:36:20 +0000 '
                                                '2018',
                                  'default_profile': True,
                                  'default_profile_image': False,
                                  'description': '$MRO Mero Currency, The '
                                                 'First Low 0.001% Burn-Rate '
                                                 'Deflationary Token, Open '
                                                 'Source. #MeroCurrency '
                                                 '#ERC20  Telegram: '
                                                 'https://t.co/vDZfkE9C6G',
                                  'entities': { 'description': { 'urls': [ { 'display_url': 't.me/merocurrency',
                                                                             'expanded_url': 'https://t.me/merocurrency',
                                                                             'indices': [ 116,
                                                                                          139],
                                                                             'url': 'https://t.co/vDZfkE9C6G'}]},
                                                'url': { 'urls': [ { 'display_url': 'merocurrency.com',
                                                                     'expanded_url': 'https://www.merocurrency.com',
                                                                     'indices': [ 0,
                                                                                  23],
                                                                     'url': 'https://t.co/CGRjrBNHme'}]}},
                                  'favourites_count': 234,
                                  'follow_request_sent': None,
                                  'followers_count': 16078,
                                  'following': None,
                                  'friends_count': 265,
                                  'geo_enabled': False,
                                  'has_extended_profile': False,
                                  'id': 974716009708912640,
                                  'id_str': '974716009708912640',
                                  'is_translation_enabled': False,
                                  'is_translator': False,
                                  'lang': None,
                                  'listed_count': 9,
                                  'location': '',
                                  'name': 'Mero Currency',
                                  'notifications': None,
                                  'profile_background_color': 'F5F8FA',
                                  'profile_background_image_url': None,
                                  'profile_background_image_url_https': None,
                                  'profile_background_tile': False,
                                  'profile_banner_url': 'https://pbs.twimg.com/profile_banners/974716009708912640/1561656521',
                                  'profile_image_url': 'http://pbs.twimg.com/profile_images/1147149309298839553/Vv95gLan_normal.png',
                                  'profile_image_url_https': 'https://pbs.twimg.com/profile_images/1147149309298839553/Vv95gLan_normal.png',
                                  'profile_link_color': '1DA1F2',
                                  'profile_sidebar_border_color': 'C0DEED',
                                  'profile_sidebar_fill_color': 'DDEEF6',
                                  'profile_text_color': '333333',
                                  'profile_use_background_image': True,
                                  'protected': False,
                                  'screen_name': 'merocurrency',
                                  'statuses_count': 222,
                                  'time_zone': None,
                                  'translator_type': 'none',
                                  'url': 'https://t.co/CGRjrBNHme',
                                  'utc_offset': None,
                                  'verified': False}},
  'source': '<a href="https://mobile.twitter.com" rel="nofollow">Twitter Web '
            'App</a>',
  'text': 'RT @merocurrency: Surprise!!! 😀🔥🔥 We are listed on @MetcatoxCom '
          'Mercatox exchange! 🚀🚀🚀\n'
          'https://t.co/tTwqehRDUL\n'
          'https://t.co/1xXcIg9GVR\n'
          '\n'
          'Get…',
  'truncated': False,
  'user': { 'contributors_enabled': False,
            'created_at': 'Tue Apr 02 18:32:23 +0000 2019',
            'default_profile': True,
            'default_profile_image': False,
            'description': 'YouTuber Akash\n'
                           '\n'
                           'Student Plus Crypto Trader And  Airdrop Hunter',
            'entities': {'description': {'urls': []}},
            'favourites_count': 283,
            'follow_request_sent': None,
            'followers_count': 35,
            'following': None,
            'friends_count': 230,
            'geo_enabled': False,
            'has_extended_profile': True,
            'id': 1113147179449716736,
            'id_str': '1113147179449716736',
            'is_translation_enabled': False,
            'is_translator': False,
            'lang': None,
            'listed_count': 1,
            'location': 'Dhaka, Bangladesh',
            'name': 'Akash',
            'notifications': None,
            'profile_background_color': 'F5F8FA',
            'profile_background_image_url': None,
            'profile_background_image_url_https': None,
            'profile_background_tile': False,
            'profile_banner_url': 'https://pbs.twimg.com/profile_banners/1113147179449716736/1554233578',
            'profile_image_url': 'http://pbs.twimg.com/profile_images/1113162432409509888/CO21AuX-_normal.jpg',
            'profile_image_url_https': 'https://pbs.twimg.com/profile_images/1113162432409509888/CO21AuX-_normal.jpg',
            'profile_link_color': '1DA1F2',
            'profile_sidebar_border_color': 'C0DEED',
            'profile_sidebar_fill_color': 'DDEEF6',
            'profile_text_color': '333333',
            'profile_use_background_image': True,
            'protected': False,
            'screen_name': 'Akash94323473',
            'statuses_count': 335,
            'time_zone': None,
            'translator_type': 'none',
            'url': None,
            'utc_offset': None,
            'verified': False}}
----------Summary----------
{ 'entities': { 'urls': { 'display_url': 'mercatox.com/exchange/MRO/E…',
                          'expanded_url': 'https://mercatox.com/exchange/MRO/ETH'}},
  'id_str': '1156651851929939973',
  'retweeted_status': { 'entities': { 'urls': { 'display_url': 'twitter.com/i/web/status/1…',
                                                'expanded_url': 'https://twitter.com/i/web/status/1155874340723933184'}},
                        'id_str': '1155874340723933184',
                        'text': 'surprise!!!  we are listed on @metcatoxcom '
                                'mercatox exchange!  https://t.co/ttwqehrdul '
                                'https://t.co/ikjqyvkek0',
                        'user': { 'entities': {},
                                  'id_str': '974716009708912640',
                                  'twitter_user': 'merocurrency'}},
  'text': 'rt @merocurrency: surprise!!!  we are listed on @metcatoxcom '
          'mercatox exchange!  https://t.co/ttwqehrdul '
          'https://t.co/1xxcig9gvr  get',
  'user': { 'entities': {},
            'id_str': '1113147179449716736',
            'twitter_user': 'Akash94323473'}}
----------Groups----------
{ 'Bitcoin': ['bitcoin', 'Bitcoin', 'btc', 'satoshi nakamoto'],
  'Ethereum': ['ethereum', 'Ethereum', 'eth', 'vitalik buterin'],
  'Litecoin': ['litecoin', 'Litecoin', 'ltc', 'charles lee'],
  'Monero': ['monero', 'Monero', 'xmr', 'riccardo spagni'],
  'Ripple': [ 'ripple',
              'Ripple',
              'xrp',
              'xrapid',
              'xcurrent',
              'chris larsen',
              'jed mccaleb']}
---------------------------Fetch-------2019-07-31 15:56:02.202315: Tweet filed under "misc":----------Data----------
{ 'contributors': None,
  'coordinates': None,
  'created_at': 'Wed Jul 31 19:44:23 +0000 2019',
  'entities': { 'hashtags': [],
                'symbols': [{'indices': [50, 54], 'text': 'Vol'}],
                'urls': [],
                'user_mentions': [ { 'id': 1120720272238108672,
                                     'id_str': '1120720272238108672',
                                     'indices': [3, 18],
                                     'name': 'Volume Network',
                                     'screen_name': 'network_volume'}]},
  'favorite_count': 0,
  'favorited': False,
  'geo': None,
  'id': 1156651843222679553,
  'id_str': '1156651843222679553',
  'in_reply_to_screen_name': None,
  'in_reply_to_status_id': None,
  'in_reply_to_status_id_str': None,
  'in_reply_to_user_id': None,
  'in_reply_to_user_id_str': None,
  'is_quote_status': False,
  'lang': 'en',
  'metadata': {'iso_language_code': 'en', 'result_type': 'recent'},
  'place': None,
  'possibly_sensitive': False,
  'retweet_count': 451,
  'retweeted': False,
  'retweeted_status': { 'contributors': None,
                        'coordinates': None,
                        'created_at': 'Sun Jul 28 19:24:24 +0000 2019',
                        'entities': { 'hashtags': [],
                                      'symbols': [ { 'indices': [30, 34],
                                                     'text': 'Vol'}],
                                      'urls': [ { 'display_url': 'twitter.com/i/web/status/1…',
                                                  'expanded_url': 'https://twitter.com/i/web/status/1155559651565613057',
                                                  'indices': [116, 139],
                                                  'url': 'https://t.co/aj7dOFbjos'}],
                                      'user_mentions': []},
                        'favorite_count': 561,
                        'favorited': False,
                        'geo': None,
                        'id': 1155559651565613057,
                        'id_str': '1155559651565613057',
                        'in_reply_to_screen_name': None,
                        'in_reply_to_status_id': None,
                        'in_reply_to_status_id_str': None,
                        'in_reply_to_user_id': None,
                        'in_reply_to_user_id_str': None,
                        'is_quote_status': False,
                        'lang': 'en',
                        'metadata': { 'iso_language_code': 'en',
                                      'result_type': 'recent'},
                        'place': None,
                        'possibly_sensitive': False,
                        'retweet_count': 451,
                        'retweeted': False,
                        'source': '<a '
                                  'href="https://about.twitter.com/products/tweetdeck" '
                                  'rel="nofollow">TweetDeck</a>',
                        'text': '🔊VOLUME NETWORK AIRDROP\n'
                                '2,500 $Vol up for grabs 💵 (trading at '
                                '$0.0659)\n'
                                '1. Follow this Twitter account.\n'
                                '2. Join our… https://t.co/aj7dOFbjos',
                        'truncated': True,
                        'user': { 'contributors_enabled': False,
                                  'created_at': 'Tue Apr 23 16:05:09 +0000 '
                                                '2019',
                                  'default_profile': True,
                                  'default_profile_image': False,
                                  'description': 'Former CTO of TRON and '
                                                 'Lambda core team built '
                                                 'Volume Network together. '
                                                 'Volume Network is a hard '
                                                 'disk mining currency.\n'
                                                 '\n'
                                                 'Community: '
                                                 'https://t.co/H5fBJKHypx',
                                  'entities': { 'description': { 'urls': [ { 'display_url': 't.me/volumenetworkio',
                                                                             'expanded_url': 'http://t.me/volumenetworkio',
                                                                             'indices': [ 130,
                                                                                          153],
                                                                             'url': 'https://t.co/H5fBJKHypx'}]},
                                                'url': { 'urls': [ { 'display_url': 'volumenetwork.io',
                                                                     'expanded_url': 'https://volumenetwork.io',
                                                                     'indices': [ 0,
                                                                                  23],
                                                                     'url': 'https://t.co/DkOQeisnqn'}]}},
                                  'favourites_count': 1,
                                  'follow_request_sent': None,
                                  'followers_count': 1509,
                                  'following': None,
                                  'friends_count': 92,
                                  'geo_enabled': False,
                                  'has_extended_profile': False,
                                  'id': 1120720272238108672,
                                  'id_str': '1120720272238108672',
                                  'is_translation_enabled': False,
                                  'is_translator': False,
                                  'lang': None,
                                  'listed_count': 6,
                                  'location': '',
                                  'name': 'Volume Network',
                                  'notifications': None,
                                  'profile_background_color': 'F5F8FA',
                                  'profile_background_image_url': None,
                                  'profile_background_image_url_https': None,
                                  'profile_background_tile': False,
                                  'profile_banner_url': 'https://pbs.twimg.com/profile_banners/1120720272238108672/1558876670',
                                  'profile_image_url': 'http://pbs.twimg.com/profile_images/1132636954217111553/3VHpCvwZ_normal.jpg',
                                  'profile_image_url_https': 'https://pbs.twimg.com/profile_images/1132636954217111553/3VHpCvwZ_normal.jpg',
                                  'profile_link_color': '1DA1F2',
                                  'profile_sidebar_border_color': 'C0DEED',
                                  'profile_sidebar_fill_color': 'DDEEF6',
                                  'profile_text_color': '333333',
                                  'profile_use_background_image': True,
                                  'protected': False,
                                  'screen_name': 'network_volume',
                                  'statuses_count': 174,
                                  'time_zone': None,
                                  'translator_type': 'none',
                                  'url': 'https://t.co/DkOQeisnqn',
                                  'utc_offset': None,
                                  'verified': False}},
  'source': '<a href="https://mobile.twitter.com" rel="nofollow">Twitter Web '
            'App</a>',
  'text': 'RT @network_volume: 🔊VOLUME NETWORK AIRDROP\n'
          '2,500 $Vol up for grabs 💵 (trading at $0.0659)\n'
          '1. Follow this Twitter account.\n'
          '2. Join our Tele…',
  'truncated': False,
  'user': { 'contributors_enabled': False,
            'created_at': 'Sat Jan 16 14:50:42 +0000 2016',
            'default_profile': True,
            'default_profile_image': False,
            'description': 'Hello World! #Trader #CryptoEnthusiast #BTC #ETH '
                           '#LTC #TRX #BNB',
            'entities': {'description': {'urls': []}},
            'favourites_count': 544,
            'follow_request_sent': None,
            'followers_count': 106,
            'following': None,
            'friends_count': 507,
            'geo_enabled': False,
            'has_extended_profile': False,
            'id': 4818227051,
            'id_str': '4818227051',
            'is_translation_enabled': False,
            'is_translator': False,
            'lang': None,
            'listed_count': 2,
            'location': 'Sioux Falls',
            'name': 'Connie✳️Olson',
            'notifications': None,
            'profile_background_color': 'F5F8FA',
            'profile_background_image_url': None,
            'profile_background_image_url_https': None,
            'profile_background_tile': False,
            'profile_banner_url': 'https://pbs.twimg.com/profile_banners/4818227051/1553113351',
            'profile_image_url': 'http://pbs.twimg.com/profile_images/1108463575000104960/NpEGZ53q_normal.png',
            'profile_image_url_https': 'https://pbs.twimg.com/profile_images/1108463575000104960/NpEGZ53q_normal.png',
            'profile_link_color': '1DA1F2',
            'profile_sidebar_border_color': 'C0DEED',
            'profile_sidebar_fill_color': 'DDEEF6',
            'profile_text_color': '333333',
            'profile_use_background_image': True,
            'protected': False,
            'screen_name': 'insomnite92',
            'statuses_count': 600,
            'time_zone': None,
            'translator_type': 'none',
            'url': None,
            'utc_offset': None,
            'verified': False}}
----------Summary----------
{ 'entities': {},
  'id_str': '1156651843222679553',
  'retweeted_status': { 'entities': { 'urls': { 'display_url': 'twitter.com/i/web/status/1…',
                                                'expanded_url': 'https://twitter.com/i/web/status/1155559651565613057'}},
                        'id_str': '1155559651565613057',
                        'text': 'volume network airdrop 2,500 $vol up for '
                                'grabs  (trading at $0.0659) 1. follow this '
                                'twitter account. 2. join our '
                                'https://t.co/aj7dofbjos',
                        'user': { 'entities': {},
                                  'id_str': '1120720272238108672',
                                  'twitter_user': 'network_volume'}},
  'text': 'rt @network_volume: volume network airdrop 2,500 $vol up for grabs  '
          '(trading at $0.0659) 1. follow this twitter account. 2. join our '
          'tele',
  'user': { 'entities': {},
            'id_str': '4818227051',
            'twitter_user': 'insomnite92'}}
----------Groups----------
{ 'Bitcoin': ['bitcoin', 'Bitcoin', 'btc', 'satoshi nakamoto'],
  'Ethereum': ['ethereum', 'Ethereum', 'eth', 'vitalik buterin'],
  'Litecoin': ['litecoin', 'Litecoin', 'ltc', 'charles lee'],
  'Monero': ['monero', 'Monero', 'xmr', 'riccardo spagni'],
  'Ripple': [ 'ripple',
              'Ripple',
              'xrp',
              'xrapid',
              'xcurrent',
              'chris larsen',
              'jed mccaleb']}
---------------------------Fetch-------2019-07-31 15:56:10.477600: Tweet filed under "misc":----------Data----------
{ 'contributors': None,
  'coordinates': None,
  'created_at': 'Wed Jul 31 14:00:10 +0000 2019',
  'entities': { 'hashtags': [],
                'symbols': [],
                'urls': [ { 'display_url': 'twitter.com/i/web/status/1…',
                            'expanded_url': 'https://twitter.com/i/web/status/1156565219398868992',
                            'indices': [117, 140],
                            'url': 'https://t.co/wk1wrWhrn0'}],
                'user_mentions': [ { 'id': 109549001,
                                     'id_str': '109549001',
                                     'indices': [0, 7],
                                     'name': 'Bas Peters ⚡️',
                                     'screen_name': 'Bas_02'},
                                   { 'id': 774970148533002240,
                                     'id_str': '774970148533002240',
                                     'indices': [8, 23],
                                     'name': 'OpenTimestamps',
                                     'screen_name': 'opentimestamps'},
                                   { 'id': 1073095629910478848,
                                     'id_str': '1073095629910478848',
                                     'indices': [24, 40],
                                     'name': 'timestamp.network',
                                     'screen_name': 'timestampnetwrk'}]},
  'favorite_count': 1,
  'favorited': False,
  'geo': None,
  'id': 1156565219398868992,
  'id_str': '1156565219398868992',
  'in_reply_to_screen_name': 'PeterHebly',
  'in_reply_to_status_id': 1156561918028648449,
  'in_reply_to_status_id_str': '1156561918028648449',
  'in_reply_to_user_id': 14220791,
  'in_reply_to_user_id_str': '14220791',
  'is_quote_status': False,
  'lang': 'en',
  'metadata': {'iso_language_code': 'en', 'result_type': 'recent'},
  'place': None,
  'possibly_sensitive': False,
  'retweet_count': 0,
  'retweeted': False,
  'source': '<a href="http://twitter.com/download/iphone" '
            'rel="nofollow">Twitter for iPhone</a>',
  'text': '@Bas_02 @opentimestamps @timestampnetwrk Whoops, didn’t mean to '
          'actually tweetstamp that. And correction: I think V… '
          'https://t.co/wk1wrWhrn0',
  'truncated': True,
  'user': { 'contributors_enabled': False,
            'created_at': 'Tue Mar 25 23:25:54 +0000 2008',
            'default_profile': False,
            'default_profile_image': False,
            'description': '🗝 Goes without sayin’ PGP: 867C EB79 2EAA F206 '
                           '9DB1 1780 EADA D5D4 CBD0 9756',
            'entities': { 'description': {'urls': []},
                          'url': { 'urls': [ { 'display_url': 'linkedin.com/in/peterhebly',
                                               'expanded_url': 'http://linkedin.com/in/peterhebly',
                                               'indices': [0, 23],
                                               'url': 'https://t.co/kbbVDUCKS5'}]}},
            'favourites_count': 1597,
            'follow_request_sent': None,
            'followers_count': 608,
            'following': None,
            'friends_count': 2497,
            'geo_enabled': False,
            'has_extended_profile': False,
            'id': 14220791,
            'id_str': '14220791',
            'is_translation_enabled': False,
            'is_translator': False,
            'lang': None,
            'listed_count': 33,
            'location': 'track and trace OFF',
            'name': '₽eter ₦. Hebly ★★★★☆',
            'notifications': None,
            'profile_background_color': '131516',
            'profile_background_image_url': 'http://abs.twimg.com/images/themes/theme14/bg.gif',
            'profile_background_image_url_https': 'https://abs.twimg.com/images/themes/theme14/bg.gif',
            'profile_background_tile': True,
            'profile_banner_url': 'https://pbs.twimg.com/profile_banners/14220791/1431971028',
            'profile_image_url': 'http://pbs.twimg.com/profile_images/575076852907294720/Lg8A27Oz_normal.jpeg',
            'profile_image_url_https': 'https://pbs.twimg.com/profile_images/575076852907294720/Lg8A27Oz_normal.jpeg',
            'profile_link_color': '009999',
            'profile_sidebar_border_color': 'EEEEEE',
            'profile_sidebar_fill_color': 'EFEFEF',
            'profile_text_color': '333333',
            'profile_use_background_image': True,
            'protected': False,
            'screen_name': 'PeterHebly',
            'statuses_count': 3755,
            'time_zone': None,
            'translator_type': 'none',
            'url': 'https://t.co/kbbVDUCKS5',
            'utc_offset': None,
            'verified': False}}
----------Summary----------
{ 'entities': { 'urls': { 'display_url': 'twitter.com/i/web/status/1…',
                          'expanded_url': 'https://twitter.com/i/web/status/1156565219398868992'}},
  'id_str': '1156565219398868992',
  'text': '@bas_02 @opentimestamps @timestampnetwrk whoops, didnt mean to '
          'actually tweetstamp that. and correction: i think v '
          'https://t.co/wk1wrwhrn0',
  'user': {'entities': {}, 'id_str': '14220791', 'twitter_user': 'PeterHebly'}}
----------Groups----------
{ 'Bitcoin': ['bitcoin', 'Bitcoin', 'btc', 'satoshi nakamoto'],
  'Ethereum': ['ethereum', 'Ethereum', 'eth', 'vitalik buterin'],
  'Litecoin': ['litecoin', 'Litecoin', 'ltc', 'charles lee'],
  'Monero': ['monero', 'Monero', 'xmr', 'riccardo spagni'],
  'Ripple': [ 'ripple',
              'Ripple',
              'xrp',
              'xrapid',
              'xcurrent',
              'chris larsen',
              'jed mccaleb']}
---------------------------Fetch-------2019-07-31 15:56:14.761122: Tweet filed under "misc":----------Data----------
{ 'contributors': None,
  'coordinates': None,
  'created_at': 'Wed Jul 31 09:41:49 +0000 2019',
  'entities': { 'hashtags': [ {'indices': [126, 132], 'text': '52sec'},
                              {'indices': [133, 138], 'text': 'life'}],
                'symbols': [],
                'urls': [],
                'user_mentions': [ { 'id': 1069664446388363267,
                                     'id_str': '1069664446388363267',
                                     'indices': [3, 14],
                                     'name': 'Iskra-coin',
                                     'screen_name': 'Iskra_Coin'}]},
  'favorite_count': 0,
  'favorited': False,
  'geo': None,
  'id': 1156500201760329729,
  'id_str': '1156500201760329729',
  'in_reply_to_screen_name': None,
  'in_reply_to_status_id': None,
  'in_reply_to_status_id_str': None,
  'in_reply_to_user_id': None,
  'in_reply_to_user_id_str': None,
  'is_quote_status': False,
  'lang': 'en',
  'metadata': {'iso_language_code': 'en', 'result_type': 'recent'},
  'place': None,
  'retweet_count': 189,
  'retweeted': False,
  'retweeted_status': { 'contributors': None,
                        'coordinates': None,
                        'created_at': 'Wed Jul 17 14:25:13 +0000 2019',
                        'entities': { 'hashtags': [],
                                      'symbols': [],
                                      'urls': [ { 'display_url': 'twitter.com/i/web/status/1…',
                                                  'expanded_url': 'https://twitter.com/i/web/status/1151498091075428363',
                                                  'indices': [111, 134],
                                                  'url': 'https://t.co/8rFuvoGvCf'}],
                                      'user_mentions': []},
                        'favorite_count': 213,
                        'favorited': False,
                        'geo': None,
                        'id': 1151498091075428363,
                        'id_str': '1151498091075428363',
                        'in_reply_to_screen_name': None,
                        'in_reply_to_status_id': None,
                        'in_reply_to_status_id_str': None,
                        'in_reply_to_user_id': None,
                        'in_reply_to_user_id_str': None,
                        'is_quote_status': False,
                        'lang': 'en',
                        'metadata': { 'iso_language_code': 'en',
                                      'result_type': 'recent'},
                        'place': None,
                        'possibly_sensitive': False,
                        'retweet_count': 189,
                        'retweeted': False,
                        'source': '<a '
                                  'href="http://twitter.com/download/iphone" '
                                  'rel="nofollow">Twitter for iPhone</a>',
                        'text': '🎉🎉🎉Congratulations🎉🎉🎉\n'
                                'The 3⃣ distribution of awards - completed '
                                'successfully.\n'
                                '⚡️⚡️🥇⚡️⚡️\n'
                                '496 tnx\n'
                                '180 150 ISKRA… https://t.co/8rFuvoGvCf',
                        'truncated': True,
                        'user': { 'contributors_enabled': False,
                                  'created_at': 'Mon Dec 03 18:47:32 +0000 '
                                                '2018',
                                  'default_profile': True,
                                  'default_profile_image': False,
                                  'description': 'You give a hope.\n'
                                                 'An innovative method for '
                                                 'supporting children around '
                                                 'the world. \n'
                                                 '\n'
                                                 'ISKRA does not just help '
                                                 'children. It is also a '
                                                 'profitable investment.',
                                  'entities': { 'description': {'urls': []},
                                                'url': { 'urls': [ { 'display_url': 'iskra-coin.io',
                                                                     'expanded_url': 'https://iskra-coin.io/',
                                                                     'indices': [ 0,
                                                                                  23],
                                                                     'url': 'https://t.co/1qAIKROXSX'}]}},
                                  'favourites_count': 16,
                                  'follow_request_sent': None,
                                  'followers_count': 2263,
                                  'following': None,
                                  'friends_count': 13,
                                  'geo_enabled': False,
                                  'has_extended_profile': False,
                                  'id': 1069664446388363267,
                                  'id_str': '1069664446388363267',
                                  'is_translation_enabled': False,
                                  'is_translator': False,
                                  'lang': None,
                                  'listed_count': 5,
                                  'location': '',
                                  'name': 'Iskra-coin',
                                  'notifications': None,
                                  'profile_background_color': 'F5F8FA',
                                  'profile_background_image_url': None,
                                  'profile_background_image_url_https': None,
                                  'profile_background_tile': False,
                                  'profile_banner_url': 'https://pbs.twimg.com/profile_banners/1069664446388363267/1545769176',
                                  'profile_image_url': 'http://pbs.twimg.com/profile_images/1094700802072027136/Op71cmuK_normal.jpg',
                                  'profile_image_url_https': 'https://pbs.twimg.com/profile_images/1094700802072027136/Op71cmuK_normal.jpg',
                                  'profile_link_color': '1DA1F2',
                                  'profile_sidebar_border_color': 'C0DEED',
                                  'profile_sidebar_fill_color': 'DDEEF6',
                                  'profile_text_color': '333333',
                                  'profile_use_background_image': True,
                                  'protected': False,
                                  'screen_name': 'Iskra_Coin',
                                  'statuses_count': 78,
                                  'time_zone': None,
                                  'translator_type': 'none',
                                  'url': 'https://t.co/1qAIKROXSX',
                                  'utc_offset': None,
                                  'verified': False}},
  'source': '<a href="https://mobile.twitter.com" rel="nofollow">Twitter Web '
            'App</a>',
  'text': 'RT @Iskra_Coin: 🎉🎉🎉Congratulations🎉🎉🎉\n'
          'The 3⃣ distribution of awards - completed successfully.\n'
          '⚡️⚡️🥇⚡️⚡️\n'
          '496 tnx\n'
          '180 150 ISKRA #52sec #life…',
  'truncated': False,
  'user': { 'contributors_enabled': False,
            'created_at': 'Fri Apr 26 11:31:36 +0000 2019',
            'default_profile': True,
            'default_profile_image': False,
            'description': 'I aspire to become a model someday, but for now, I '
                           'just want to make friends, have a fresh start and '
                           'stay happy...I am also single',
            'entities': {'description': {'urls': []}},
            'favourites_count': 5960,
            'follow_request_sent': None,
            'followers_count': 1149,
            'following': None,
            'friends_count': 1721,
            'geo_enabled': False,
            'has_extended_profile': True,
            'id': 1121738593448407040,
            'id_str': '1121738593448407040',
            'is_translation_enabled': False,
            'is_translator': False,
            'lang': None,
            'listed_count': 1,
            'location': 'Lagos, Nigeria',
            'name': 'Oluwakemi ❤️💋candy ❤️😄🥰🥰🥰',
            'notifications': None,
            'profile_background_color': 'F5F8FA',
            'profile_background_image_url': None,
            'profile_background_image_url_https': None,
            'profile_background_tile': False,
            'profile_banner_url': 'https://pbs.twimg.com/profile_banners/1121738593448407040/1556278551',
            'profile_image_url': 'http://pbs.twimg.com/profile_images/1121738728265977857/rOe2djlT_normal.jpg',
            'profile_image_url_https': 'https://pbs.twimg.com/profile_images/1121738728265977857/rOe2djlT_normal.jpg',
            'profile_link_color': '1DA1F2',
            'profile_sidebar_border_color': 'C0DEED',
            'profile_sidebar_fill_color': 'DDEEF6',
            'profile_text_color': '333333',
            'profile_use_background_image': True,
            'protected': False,
            'screen_name': 'AdelekeOluwak19',
            'statuses_count': 374,
            'time_zone': None,
            'translator_type': 'none',
            'url': None,
            'utc_offset': None,
            'verified': False}}
----------Summary----------
{ 'entities': {},
  'id_str': '1156500201760329729',
  'retweeted_status': { 'entities': { 'urls': { 'display_url': 'twitter.com/i/web/status/1…',
                                                'expanded_url': 'https://twitter.com/i/web/status/1151498091075428363'}},
                        'id_str': '1151498091075428363',
                        'text': 'congratulations the 3 distribution of awards '
                                '- completed successfully.  496 tnx 180 150 '
                                'iskra https://t.co/8rfuvogvcf',
                        'user': { 'entities': {},
                                  'id_str': '1069664446388363267',
                                  'twitter_user': 'Iskra_Coin'}},
  'text': 'rt @iskra_coin: congratulations the 3 distribution of awards - '
          'completed successfully.  496 tnx 180 150 iskra #52sec #life',
  'user': { 'entities': {},
            'id_str': '1121738593448407040',
            'twitter_user': 'AdelekeOluwak19'}}
----------Groups----------
{ 'Bitcoin': ['bitcoin', 'Bitcoin', 'btc', 'satoshi nakamoto'],
  'Ethereum': ['ethereum', 'Ethereum', 'eth', 'vitalik buterin'],
  'Litecoin': ['litecoin', 'Litecoin', 'ltc', 'charles lee'],
  'Monero': ['monero', 'Monero', 'xmr', 'riccardo spagni'],
  'Ripple': [ 'ripple',
              'Ripple',
              'xrp',
              'xrapid',
              'xcurrent',
              'chris larsen',
              'jed mccaleb']}
---------------------------Fetch-------2019-07-31 15:56:18.037056: Tweet filed under "misc":----------Data----------
{ 'contributors': None,
  'coordinates': None,
  'created_at': 'Wed Jul 31 19:52:50 +0000 2019',
  'entities': { 'hashtags': [],
                'symbols': [],
                'urls': [],
                'user_mentions': [ { 'id': 849225260,
                                     'id_str': '849225260',
                                     'indices': [3, 15],
                                     'name': 'ESOTERIC TRADING SOLUTIONS',
                                     'screen_name': 'susietrader'}]},
  'favorite_count': 0,
  'favorited': False,
  'geo': None,
  'id': 1156653970259136512,
  'id_str': '1156653970259136512',
  'in_reply_to_screen_name': None,
  'in_reply_to_status_id': None,
  'in_reply_to_status_id_str': None,
  'in_reply_to_user_id': None,
  'in_reply_to_user_id_str': None,
  'is_quote_status': False,
  'lang': 'en',
  'metadata': {'iso_language_code': 'en', 'result_type': 'recent'},
  'place': None,
  'retweet_count': 8,
  'retweeted': False,
  'retweeted_status': { 'contributors': None,
                        'coordinates': None,
                        'created_at': 'Wed Jul 31 19:24:36 +0000 2019',
                        'entities': { 'hashtags': [],
                                      'symbols': [],
                                      'urls': [ { 'display_url': 'twitter.com/i/web/status/1…',
                                                  'expanded_url': 'https://twitter.com/i/web/status/1156646864609001473',
                                                  'indices': [117, 140],
                                                  'url': 'https://t.co/IYWFfnhXap'}],
                                      'user_mentions': []},
                        'favorite_count': 39,
                        'favorited': False,
                        'geo': None,
                        'id': 1156646864609001473,
                        'id_str': '1156646864609001473',
                        'in_reply_to_screen_name': None,
                        'in_reply_to_status_id': None,
                        'in_reply_to_status_id_str': None,
                        'in_reply_to_user_id': None,
                        'in_reply_to_user_id_str': None,
                        'is_quote_status': False,
                        'lang': 'en',
                        'metadata': { 'iso_language_code': 'en',
                                      'result_type': 'recent'},
                        'place': None,
                        'retweet_count': 8,
                        'retweeted': False,
                        'source': '<a '
                                  'href="http://twitter.com/download/iphone" '
                                  'rel="nofollow">Twitter for iPhone</a>',
                        'text': 'Fed Chair Powell asked at Fed rate cut press '
                                'conference “about real time payment system”by '
                                'Politico journo . He sai… '
                                'https://t.co/IYWFfnhXap',
                        'truncated': True,
                        'user': { 'contributors_enabled': False,
                                  'created_at': 'Thu Sep 27 13:05:27 +0000 '
                                                '2012',
                                  'default_profile': False,
                                  'default_profile_image': False,
                                  'description': '',
                                  'entities': { 'description': {'urls': []},
                                                'url': { 'urls': [ { 'display_url': 'esoterictradingsolutions.com.au',
                                                                     'expanded_url': 'https://www.esoterictradingsolutions.com.au/',
                                                                     'indices': [ 0,
                                                                                  23],
                                                                     'url': 'https://t.co/DBA1Qe6cUo'}]}},
                                  'favourites_count': 233,
                                  'follow_request_sent': None,
                                  'followers_count': 3770,
                                  'following': None,
                                  'friends_count': 909,
                                  'geo_enabled': False,
                                  'has_extended_profile': False,
                                  'id': 849225260,
                                  'id_str': '849225260',
                                  'is_translation_enabled': False,
                                  'is_translator': False,
                                  'lang': None,
                                  'listed_count': 11,
                                  'location': 'Melbourne, Victoria',
                                  'name': 'ESOTERIC TRADING SOLUTIONS',
                                  'notifications': None,
                                  'profile_background_color': '000000',
                                  'profile_background_image_url': 'http://abs.twimg.com/images/themes/theme1/bg.png',
                                  'profile_background_image_url_https': 'https://abs.twimg.com/images/themes/theme1/bg.png',
                                  'profile_background_tile': False,
                                  'profile_banner_url': 'https://pbs.twimg.com/profile_banners/849225260/1543821868',
                                  'profile_image_url': 'http://pbs.twimg.com/profile_images/1068526441715757056/I7GJZB9e_normal.jpg',
                                  'profile_image_url_https': 'https://pbs.twimg.com/profile_images/1068526441715757056/I7GJZB9e_normal.jpg',
                                  'profile_link_color': 'ABB8C2',
                                  'profile_sidebar_border_color': '000000',
                                  'profile_sidebar_fill_color': '000000',
                                  'profile_text_color': '000000',
                                  'profile_use_background_image': False,
                                  'protected': False,
                                  'screen_name': 'susietrader',
                                  'statuses_count': 795,
                                  'time_zone': None,
                                  'translator_type': 'none',
                                  'url': 'https://t.co/DBA1Qe6cUo',
                                  'utc_offset': None,
                                  'verified': False}},
  'source': '<a href="http://twitter.com/download/android" '
            'rel="nofollow">Twitter for Android</a>',
  'text': 'RT @susietrader: Fed Chair Powell asked at Fed rate cut press '
          'conference “about real time payment system”by Politico journo . He '
          'said US ve…',
  'truncated': False,
  'user': { 'contributors_enabled': False,
            'created_at': 'Sat Aug 06 19:51:41 +0000 2011',
            'default_profile': False,
            'default_profile_image': False,
            'description': '',
            'entities': {'description': {'urls': []}},
            'favourites_count': 13942,
            'follow_request_sent': None,
            'followers_count': 323,
            'following': None,
            'friends_count': 1792,
            'geo_enabled': False,
            'has_extended_profile': False,
            'id': 349840063,
            'id_str': '349840063',
            'is_translation_enabled': False,
            'is_translator': False,
            'lang': None,
            'listed_count': 2,
            'location': '',
            'name': 'The Night Owl ⚡💧',
            'notifications': None,
            'profile_background_color': '000000',
            'profile_background_image_url': 'http://abs.twimg.com/images/themes/theme14/bg.gif',
            'profile_background_image_url_https': 'https://abs.twimg.com/images/themes/theme14/bg.gif',
            'profile_background_tile': False,
            'profile_banner_url': 'https://pbs.twimg.com/profile_banners/349840063/1544490875',
            'profile_image_url': 'http://pbs.twimg.com/profile_images/1072290568187858945/gt_GYI8g_normal.jpg',
            'profile_image_url_https': 'https://pbs.twimg.com/profile_images/1072290568187858945/gt_GYI8g_normal.jpg',
            'profile_link_color': '000000',
            'profile_sidebar_border_color': '000000',
            'profile_sidebar_fill_color': '000000',
            'profile_text_color': '000000',
            'profile_use_background_image': False,
            'protected': False,
            'screen_name': 'HOOS1693',
            'statuses_count': 3045,
            'time_zone': None,
            'translator_type': 'none',
            'url': None,
            'utc_offset': None,
            'verified': False}}
----------Summary----------
{ 'entities': {},
  'id_str': '1156653970259136512',
  'retweeted_status': { 'entities': { 'urls': { 'display_url': 'twitter.com/i/web/status/1…',
                                                'expanded_url': 'https://twitter.com/i/web/status/1156646864609001473'}},
                        'id_str': '1156646864609001473',
                        'text': 'fed chair powell asked at fed rate cut press '
                                'conference about real time payment systemby '
                                'politico journo . he sai '
                                'https://t.co/iywffnhxap',
                        'user': { 'entities': {},
                                  'id_str': '849225260',
                                  'twitter_user': 'susietrader'}},
  'text': 'rt @susietrader: fed chair powell asked at fed rate cut press '
          'conference about real time payment systemby politico journo . he '
          'said us ve',
  'user': {'entities': {}, 'id_str': '349840063', 'twitter_user': 'HOOS1693'}}
----------Groups----------
{ 'Bitcoin': ['bitcoin', 'Bitcoin', 'btc', 'satoshi nakamoto'],
  'Ethereum': ['ethereum', 'Ethereum', 'eth', 'vitalik buterin'],
  'Litecoin': ['litecoin', 'Litecoin', 'ltc', 'charles lee'],
  'Monero': ['monero', 'Monero', 'xmr', 'riccardo spagni'],
  'Ripple': [ 'ripple',
              'Ripple',
              'xrp',
              'xrapid',
              'xcurrent',
              'chris larsen',
              'jed mccaleb']}
---------------------------Fetch-------2019-07-31 15:56:19.266551: Tweet filed under "misc":----------Data----------
{ 'contributors': None,
  'coordinates': None,
  'created_at': 'Wed Jul 31 19:52:19 +0000 2019',
  'entities': { 'hashtags': [],
                'symbols': [],
                'urls': [ { 'display_url': 'twitter.com/i/web/status/1…',
                            'expanded_url': 'https://twitter.com/i/web/status/1156653837685534721',
                            'indices': [117, 140],
                            'url': 'https://t.co/I875pDv11p'}],
                'user_mentions': [ { 'id': 800718270798045185,
                                     'id_str': '800718270798045185',
                                     'indices': [0, 9],
                                     'name': 'beach chicken stan account Ⓥ',
                                     'screen_name': 'soypreme'}]},
  'favorite_count': 0,
  'favorited': False,
  'geo': None,
  'id': 1156653837685534721,
  'id_str': '1156653837685534721',
  'in_reply_to_screen_name': 'soypreme',
  'in_reply_to_status_id': 1156647038026690560,
  'in_reply_to_status_id_str': '1156647038026690560',
  'in_reply_to_user_id': 800718270798045185,
  'in_reply_to_user_id_str': '800718270798045185',
  'is_quote_status': False,
  'lang': 'en',
  'metadata': {'iso_language_code': 'en', 'result_type': 'recent'},
  'place': None,
  'retweet_count': 0,
  'retweeted': False,
  'source': '<a href="https://mobile.twitter.com" rel="nofollow">Twitter Web '
            'App</a>',
  'text': "@soypreme I'm vegan 23.5 years and cut out soy milk maybe 8 years "
          'ago since it is processed and most is GMO soy. Lo… '
          'https://t.co/I875pDv11p',
  'truncated': True,
  'user': { 'contributors_enabled': False,
            'created_at': 'Wed Dec 05 18:31:02 +0000 2018',
            'default_profile': False,
            'default_profile_image': False,
            'description': 'Never eat anything with a personality. Biocentric. '
                           'Aquarius. Up for puns. \n'
                           'https://t.co/orpwXdpMjS\n'
                           'https://t.co/KMXd6G3nhg',
            'entities': { 'description': { 'urls': [ { 'display_url': 'instagram.com/susan.anton/',
                                                       'expanded_url': 'https://www.instagram.com/susan.anton/',
                                                       'indices': [75, 98],
                                                       'url': 'https://t.co/orpwXdpMjS'},
                                                     { 'display_url': 'poppitstoothpaste.com',
                                                       'expanded_url': 'https://www.poppitstoothpaste.com',
                                                       'indices': [99, 122],
                                                       'url': 'https://t.co/KMXd6G3nhg'}]}},
            'favourites_count': 15444,
            'follow_request_sent': None,
            'followers_count': 570,
            'following': None,
            'friends_count': 1530,
            'geo_enabled': False,
            'has_extended_profile': False,
            'id': 1070385069834014727,
            'id_str': '1070385069834014727',
            'is_translation_enabled': False,
            'is_translator': False,
            'lang': None,
            'listed_count': 5,
            'location': 'New York, USA',
            'name': 'susan.anton Ⓥ',
            'notifications': None,
            'profile_background_color': '000000',
            'profile_background_image_url': 'http://abs.twimg.com/images/themes/theme1/bg.png',
            'profile_background_image_url_https': 'https://abs.twimg.com/images/themes/theme1/bg.png',
            'profile_background_tile': False,
            'profile_banner_url': 'https://pbs.twimg.com/profile_banners/1070385069834014727/1562735848',
            'profile_image_url': 'http://pbs.twimg.com/profile_images/1148824260682457088/XXeuGvi-_normal.png',
            'profile_image_url_https': 'https://pbs.twimg.com/profile_images/1148824260682457088/XXeuGvi-_normal.png',
            'profile_link_color': 'F58EA8',
            'profile_sidebar_border_color': '000000',
            'profile_sidebar_fill_color': '000000',
            'profile_text_color': '000000',
            'profile_use_background_image': False,
            'protected': False,
            'screen_name': 'vegansince96',
            'statuses_count': 5015,
            'time_zone': None,
            'translator_type': 'none',
            'url': None,
            'utc_offset': None,
            'verified': False}}
----------Summary----------
{ 'entities': { 'urls': { 'display_url': 'twitter.com/i/web/status/1…',
                          'expanded_url': 'https://twitter.com/i/web/status/1156653837685534721'}},
  'id_str': '1156653837685534721',
  'text': "@soypreme i'm vegan 23.5 years and cut out soy milk maybe 8 years "
          'ago since it is processed and most is gmo soy. lo '
          'https://t.co/i875pdv11p',
  'user': { 'entities': {},
            'id_str': '1070385069834014727',
            'twitter_user': 'vegansince96'}}
----------Groups----------
{ 'Bitcoin': ['bitcoin', 'Bitcoin', 'btc', 'satoshi nakamoto'],
  'Ethereum': ['ethereum', 'Ethereum', 'eth', 'vitalik buterin'],
  'Litecoin': ['litecoin', 'Litecoin', 'ltc', 'charles lee'],
  'Monero': ['monero', 'Monero', 'xmr', 'riccardo spagni'],
  'Ripple': [ 'ripple',
              'Ripple',
              'xrp',
              'xrapid',
              'xcurrent',
              'chris larsen',
              'jed mccaleb']}
---------------------------Fetch-------2019-07-31 15:56:21.418157: Tweet filed under "misc":----------Data----------
{ 'contributors': None,
  'coordinates': None,
  'created_at': 'Wed Jul 31 19:49:42 +0000 2019',
  'entities': { 'hashtags': [],
                'symbols': [],
                'urls': [ { 'display_url': 'twitter.com/i/web/status/1…',
                            'expanded_url': 'https://twitter.com/i/web/status/1156653180802887680',
                            'indices': [117, 140],
                            'url': 'https://t.co/zlC0kL9PYS'}],
                'user_mentions': []},
  'favorite_count': 1,
  'favorited': False,
  'geo': None,
  'id': 1156653180802887680,
  'id_str': '1156653180802887680',
  'in_reply_to_screen_name': None,
  'in_reply_to_status_id': None,
  'in_reply_to_status_id_str': None,
  'in_reply_to_user_id': None,
  'in_reply_to_user_id_str': None,
  'is_quote_status': False,
  'lang': 'en',
  'metadata': {'iso_language_code': 'en', 'result_type': 'recent'},
  'place': None,
  'possibly_sensitive': False,
  'retweet_count': 0,
  'retweeted': False,
  'source': '<a href="https://mobile.twitter.com" rel="nofollow">Twitter Web '
            'App</a>',
  'text': '... She even recruited 2 friends to help. She stops  strangers in '
          'the neighborhood to deliver her detailed speech a… '
          'https://t.co/zlC0kL9PYS',
  'truncated': True,
  'user': { 'contributors_enabled': False,
            'created_at': 'Wed Apr 29 15:47:10 +0000 2009',
            'default_profile': False,
            'default_profile_image': False,
            'description': 'Author Be Nice (Or Else!). Host MASTERS Audio '
                           'Club. Dean/Cofounder @paulmitchelledu. When you '
                           'start being nice, everyone wins! #keynote '
                           '#leadership #management',
            'entities': { 'description': {'urls': []},
                          'url': { 'urls': [ { 'display_url': 'winnclaybaugh.com',
                                               'expanded_url': 'http://www.winnclaybaugh.com',
                                               'indices': [0, 23],
                                               'url': 'https://t.co/juJgplnB1G'}]}},
            'favourites_count': 2319,
            'follow_request_sent': None,
            'followers_count': 8557,
            'following': None,
            'friends_count': 1432,
            'geo_enabled': False,
            'has_extended_profile': False,
            'id': 36389311,
            'id_str': '36389311',
            'is_translation_enabled': False,
            'is_translator': False,
            'lang': None,
            'listed_count': 52,
            'location': 'Long Beach, CA',
            'name': 'Winn Claybaugh',
            'notifications': None,
            'profile_background_color': '000000',
            'profile_background_image_url': 'http://abs.twimg.com/images/themes/theme1/bg.png',
            'profile_background_image_url_https': 'https://abs.twimg.com/images/themes/theme1/bg.png',
            'profile_background_tile': False,
            'profile_banner_url': 'https://pbs.twimg.com/profile_banners/36389311/1558029580',
            'profile_image_url': 'http://pbs.twimg.com/profile_images/690007615628283904/aNhuos_D_normal.jpg',
            'profile_image_url_https': 'https://pbs.twimg.com/profile_images/690007615628283904/aNhuos_D_normal.jpg',
            'profile_link_color': '3B94D9',
            'profile_sidebar_border_color': 'BDDCAD',
            'profile_sidebar_fill_color': '789ADE',
            'profile_text_color': '333333',
            'profile_use_background_image': True,
            'protected': False,
            'screen_name': 'WinnClaybaugh',
            'statuses_count': 6634,
            'time_zone': None,
            'translator_type': 'none',
            'url': 'https://t.co/juJgplnB1G',
            'utc_offset': None,
            'verified': False}}
----------Summary----------
{ 'entities': { 'urls': { 'display_url': 'twitter.com/i/web/status/1…',
                          'expanded_url': 'https://twitter.com/i/web/status/1156653180802887680'}},
  'id_str': '1156653180802887680',
  'text': '... she even recruited 2 friends to help. she stops  strangers in '
          'the neighborhood to deliver her detailed speech a '
          'https://t.co/zlc0kl9pys',
  'user': { 'entities': {},
            'id_str': '36389311',
            'twitter_user': 'WinnClaybaugh'}}
----------Groups----------
{ 'Bitcoin': ['bitcoin', 'Bitcoin', 'btc', 'satoshi nakamoto'],
  'Ethereum': ['ethereum', 'Ethereum', 'eth', 'vitalik buterin'],
  'Litecoin': ['litecoin', 'Litecoin', 'ltc', 'charles lee'],
  'Monero': ['monero', 'Monero', 'xmr', 'riccardo spagni'],
  'Ripple': [ 'ripple',
              'Ripple',
              'xrp',
              'xrapid',
              'xcurrent',
              'chris larsen',
              'jed mccaleb']}
---------------------------Fetch-------2019-07-31 15:56:22.338942: Tweet filed under "misc":----------Data----------
{ 'contributors': None,
  'coordinates': None,
  'created_at': 'Wed Jul 31 19:49:21 +0000 2019',
  'entities': { 'hashtags': [],
                'symbols': [],
                'urls': [ { 'display_url': 'twitter.com/i/web/status/1…',
                            'expanded_url': 'https://twitter.com/i/web/status/1156653093163012098',
                            'indices': [117, 140],
                            'url': 'https://t.co/5V8pyksbs7'}],
                'user_mentions': [ { 'id': 932715410,
                                     'id_str': '932715410',
                                     'indices': [0, 10],
                                     'name': 'Adolf Cryptler',
                                     'screen_name': 'acryptler'},
                                   { 'id': 1025075253494595584,
                                     'id_str': '1025075253494595584',
                                     'indices': [11, 20],
                                     'name': 'ciTEZen',
                                     'screen_name': 'CitezenB'},
                                   { 'id': 635744771,
                                     'id_str': '635744771',
                                     'indices': [21, 34],
                                     'name': 'Zone Zero Apps',
                                     'screen_name': 'zonezeroapps'},
                                   { 'id': 2680350607,
                                     'id_str': '2680350607',
                                     'indices': [35, 46],
                                     'name': 'Tiffany Hayden',
                                     'screen_name': 'haydentiff'},
                                   { 'id': 884667957779017729,
                                     'id_str': '884667957779017729',
                                     'indices': [47, 63],
                                     'name': 'Shubham',
                                     'screen_name': 'ManglaShubham94'},
                                   { 'id': 963568407118462976,
                                     'id_str': '963568407118462976',
                                     'indices': [64, 75],
                                     'name': 'Securitize',
                                     'screen_name': 'Securitize'}]},
  'favorite_count': 0,
  'favorited': False,
  'geo': None,
  'id': 1156653093163012098,
  'id_str': '1156653093163012098',
  'in_reply_to_screen_name': 'acryptler',
  'in_reply_to_status_id': 1156639540318285827,
  'in_reply_to_status_id_str': '1156639540318285827',
  'in_reply_to_user_id': 932715410,
  'in_reply_to_user_id_str': '932715410',
  'is_quote_status': False,
  'lang': 'en',
  'metadata': {'iso_language_code': 'en', 'result_type': 'recent'},
  'place': None,
  'retweet_count': 0,
  'retweeted': False,
  'source': '<a href="http://www.echofon.com/" rel="nofollow">Echofon</a>',
  'text': '@acryptler @CitezenB @zonezeroapps @haydentiff @ManglaShubham94 '
          '@Securitize Ahhhh a bit of casual antisemetism thro… '
          'https://t.co/5V8pyksbs7',
  'truncated': True,
  'user': { 'contributors_enabled': False,
            'created_at': 'Tue Oct 28 15:41:06 +0000 2008',
            'default_profile': True,
            'default_profile_image': False,
            'description': 'Software developer. Wrangler of people. Work for '
                           'IBM Compose. Tinkerer of motorbikes, vans, '
                           'Arduinos, etc. Interested in Cryptocurrencies. '
                           'Opinions my own.',
            'entities': { 'description': {'urls': []},
                          'url': { 'urls': [ { 'display_url': 'quernus.co.uk',
                                               'expanded_url': 'https://www.quernus.co.uk',
                                               'indices': [0, 23],
                                               'url': 'https://t.co/1YsNt81Sw0'}]}},
            'favourites_count': 901,
            'follow_request_sent': None,
            'followers_count': 7916,
            'following': None,
            'friends_count': 419,
            'geo_enabled': True,
            'has_extended_profile': True,
            'id': 17023078,
            'id_str': '17023078',
            'is_translation_enabled': False,
            'is_translator': False,
            'lang': None,
            'listed_count': 155,
            'location': 'Bristol',
            'name': 'Matt Hamilton',
            'notifications': None,
            'profile_background_color': 'C0DEED',
            'profile_background_image_url': 'http://abs.twimg.com/images/themes/theme1/bg.png',
            'profile_background_image_url_https': 'https://abs.twimg.com/images/themes/theme1/bg.png',
            'profile_background_tile': False,
            'profile_banner_url': 'https://pbs.twimg.com/profile_banners/17023078/1550436296',
            'profile_image_url': 'http://pbs.twimg.com/profile_images/854244143165579264/8O8SmxtH_normal.jpg',
            'profile_image_url_https': 'https://pbs.twimg.com/profile_images/854244143165579264/8O8SmxtH_normal.jpg',
            'profile_link_color': '1DA1F2',
            'profile_sidebar_border_color': 'C0DEED',
            'profile_sidebar_fill_color': 'DDEEF6',
            'profile_text_color': '333333',
            'profile_use_background_image': True,
            'protected': False,
            'screen_name': 'HammerToe',
            'statuses_count': 42812,
            'time_zone': None,
            'translator_type': 'none',
            'url': 'https://t.co/1YsNt81Sw0',
            'utc_offset': None,
            'verified': False}}
----------Summary----------
{ 'entities': { 'urls': { 'display_url': 'twitter.com/i/web/status/1…',
                          'expanded_url': 'https://twitter.com/i/web/status/1156653093163012098'}},
  'id_str': '1156653093163012098',
  'text': '@acryptler @citezenb @zonezeroapps @haydentiff @manglashubham94 '
          '@securitize ahhhh a bit of casual antisemetism thro '
          'https://t.co/5v8pyksbs7',
  'user': {'entities': {}, 'id_str': '17023078', 'twitter_user': 'HammerToe'}}
----------Groups----------
{ 'Bitcoin': ['bitcoin', 'Bitcoin', 'btc', 'satoshi nakamoto'],
  'Ethereum': ['ethereum', 'Ethereum', 'eth', 'vitalik buterin'],
  'Litecoin': ['litecoin', 'Litecoin', 'ltc', 'charles lee'],
  'Monero': ['monero', 'Monero', 'xmr', 'riccardo spagni'],
  'Ripple': [ 'ripple',
              'Ripple',
              'xrp',
              'xrapid',
              'xcurrent',
              'chris larsen',
              'jed mccaleb']}
---------------------------Fetch-------2019-07-31 15:56:22.645716: Tweet filed under "misc":----------Data----------
{ 'contributors': None,
  'coordinates': None,
  'created_at': 'Wed Jul 31 19:49:20 +0000 2019',
  'entities': { 'hashtags': [],
                'symbols': [],
                'urls': [ { 'display_url': 'twitter.com/i/web/status/1…',
                            'expanded_url': 'https://twitter.com/i/web/status/1156653089459494912',
                            'indices': [121, 144],
                            'url': 'https://t.co/erQFQdZbGH'}],
                'user_mentions': [ { 'id': 2379160658,
                                     'id_str': '2379160658',
                                     'indices': [0, 12],
                                     'name': 'Ken❣',
                                     'screen_name': 'kennsimones'}]},
  'favorite_count': 0,
  'favorited': False,
  'geo': None,
  'id': 1156653089459494912,
  'id_str': '1156653089459494912',
  'in_reply_to_screen_name': 'kennsimones',
  'in_reply_to_status_id': 1061707529888190465,
  'in_reply_to_status_id_str': '1061707529888190465',
  'in_reply_to_user_id': 2379160658,
  'in_reply_to_user_id_str': '2379160658',
  'is_quote_status': False,
  'lang': 'en',
  'metadata': {'iso_language_code': 'en', 'result_type': 'recent'},
  'place': None,
  'retweet_count': 0,
  'retweeted': False,
  'source': '<a href="http://twitter.com/download/android" '
            'rel="nofollow">Twitter for Android</a>',
  'text': '@kennsimones Officers came &amp; noted that no money was exchanged '
          'for sex we were just Hanging out with the coolest gu… '
          'https://t.co/erQFQdZbGH',
  'truncated': True,
  'user': { 'contributors_enabled': False,
            'created_at': 'Tue May 13 22:22:13 +0000 2014',
            'default_profile': True,
            'default_profile_image': True,
            'description': '',
            'entities': {'description': {'urls': []}},
            'favourites_count': 1109,
            'follow_request_sent': None,
            'followers_count': 3,
            'following': None,
            'friends_count': 351,
            'geo_enabled': False,
            'has_extended_profile': False,
            'id': 2493547266,
            'id_str': '2493547266',
            'is_translation_enabled': False,
            'is_translator': False,
            'lang': None,
            'listed_count': 0,
            'location': '',
            'name': 'Derodney',
            'notifications': None,
            'profile_background_color': 'C0DEED',
            'profile_background_image_url': 'http://abs.twimg.com/images/themes/theme1/bg.png',
            'profile_background_image_url_https': 'https://abs.twimg.com/images/themes/theme1/bg.png',
            'profile_background_tile': False,
            'profile_image_url': 'http://abs.twimg.com/sticky/default_profile_images/default_profile_normal.png',
            'profile_image_url_https': 'https://abs.twimg.com/sticky/default_profile_images/default_profile_normal.png',
            'profile_link_color': '1DA1F2',
            'profile_sidebar_border_color': 'C0DEED',
            'profile_sidebar_fill_color': 'DDEEF6',
            'profile_text_color': '333333',
            'profile_use_background_image': True,
            'protected': False,
            'screen_name': 'Derodney1',
            'statuses_count': 1324,
            'time_zone': None,
            'translator_type': 'none',
            'url': None,
            'utc_offset': None,
            'verified': False}}
----------Summary----------
{ 'entities': { 'urls': { 'display_url': 'twitter.com/i/web/status/1…',
                          'expanded_url': 'https://twitter.com/i/web/status/1156653089459494912'}},
  'id_str': '1156653089459494912',
  'text': '@kennsimones officers came &amp; noted that no money was exchanged '
          'for sex we were just hanging out with the coolest gu '
          'https://t.co/erqfqdzbgh',
  'user': {'entities': {}, 'id_str': '2493547266', 'twitter_user': 'Derodney1'}}
----------Groups----------
{ 'Bitcoin': ['bitcoin', 'Bitcoin', 'btc', 'satoshi nakamoto'],
  'Ethereum': ['ethereum', 'Ethereum', 'eth', 'vitalik buterin'],
  'Litecoin': ['litecoin', 'Litecoin', 'ltc', 'charles lee'],
  'Monero': ['monero', 'Monero', 'xmr', 'riccardo spagni'],
  'Ripple': [ 'ripple',
              'Ripple',
              'xrp',
              'xrapid',
              'xcurrent',
              'chris larsen',
              'jed mccaleb']}
---------------------------Fetch-------2019-07-31 15:56:22.954147: Tweet filed under "misc":----------Data----------
{ 'contributors': None,
  'coordinates': None,
  'created_at': 'Wed Jul 31 19:49:12 +0000 2019',
  'entities': { 'hashtags': [],
                'symbols': [],
                'urls': [ { 'display_url': 'twitter.com/i/web/status/1…',
                            'expanded_url': 'https://twitter.com/i/web/status/1156653055703736321',
                            'indices': [117, 140],
                            'url': 'https://t.co/Ujmi5ug0pL'}],
                'user_mentions': []},
  'favorite_count': 0,
  'favorited': False,
  'geo': None,
  'id': 1156653055703736321,
  'id_str': '1156653055703736321',
  'in_reply_to_screen_name': None,
  'in_reply_to_status_id': None,
  'in_reply_to_status_id_str': None,
  'in_reply_to_user_id': None,
  'in_reply_to_user_id_str': None,
  'is_quote_status': False,
  'lang': 'en',
  'metadata': {'iso_language_code': 'en', 'result_type': 'recent'},
  'place': None,
  'possibly_sensitive': False,
  'retweet_count': 0,
  'retweeted': False,
  'source': '<a href="https://panel.socialpilot.co/" '
            'rel="nofollow">SocialPilot.co</a>',
  'text': 'Indiana State Fairgoers will have the opportunity to join '
          'Indianapolis Mayor Joe Hogsett on a bike ride to the Indi… '
          'https://t.co/Ujmi5ug0pL',
  'truncated': True,
  'user': { 'contributors_enabled': False,
            'created_at': 'Thu Feb 16 15:56:45 +0000 2012',
            'default_profile': False,
            'default_profile_image': False,
            'description': 'Rollfast is a cycling brand that hosts world-class '
                           'cycling races, community biking events, and '
                           'creates opportunities for youth.',
            'entities': { 'description': {'urls': []},
                          'url': { 'urls': [ { 'display_url': 'rollfast.us/rollfast-cycli…',
                                               'expanded_url': 'https://rollfast.us/rollfast-cycling/rollfast-gran-fondo/rollfast-fondo-registration/',
                                               'indices': [0, 23],
                                               'url': 'https://t.co/kwdP2iQR1R'}]}},
            'favourites_count': 5358,
            'follow_request_sent': None,
            'followers_count': 1708,
            'following': None,
            'friends_count': 4999,
            'geo_enabled': True,
            'has_extended_profile': False,
            'id': 494160943,
            'id_str': '494160943',
            'is_translation_enabled': False,
            'is_translator': False,
            'lang': None,
            'listed_count': 25,
            'location': 'Indianapolis Indiana',
            'name': 'Rollfast',
            'notifications': None,
            'profile_background_color': '000000',
            'profile_background_image_url': 'http://abs.twimg.com/images/themes/theme14/bg.gif',
            'profile_background_image_url_https': 'https://abs.twimg.com/images/themes/theme14/bg.gif',
            'profile_background_tile': False,
            'profile_banner_url': 'https://pbs.twimg.com/profile_banners/494160943/1512759805',
            'profile_image_url': 'http://pbs.twimg.com/profile_images/1831653539/rollfast-logo2_normal.png',
            'profile_image_url_https': 'https://pbs.twimg.com/profile_images/1831653539/rollfast-logo2_normal.png',
            'profile_link_color': '00B1F2',
            'profile_sidebar_border_color': '000000',
            'profile_sidebar_fill_color': '000000',
            'profile_text_color': '000000',
            'profile_use_background_image': False,
            'protected': False,
            'screen_name': 'Rollfast',
            'statuses_count': 11967,
            'time_zone': None,
            'translator_type': 'none',
            'url': 'https://t.co/kwdP2iQR1R',
            'utc_offset': None,
            'verified': False}}
----------Summary----------
{ 'entities': { 'urls': { 'display_url': 'twitter.com/i/web/status/1…',
                          'expanded_url': 'https://twitter.com/i/web/status/1156653055703736321'}},
  'id_str': '1156653055703736321',
  'text': 'indiana state fairgoers will have the opportunity to join '
          'indianapolis mayor joe hogsett on a bike ride to the indi '
          'https://t.co/ujmi5ug0pl',
  'user': {'entities': {}, 'id_str': '494160943', 'twitter_user': 'Rollfast'}}
----------Groups----------
{ 'Bitcoin': ['bitcoin', 'Bitcoin', 'btc', 'satoshi nakamoto'],
  'Ethereum': ['ethereum', 'Ethereum', 'eth', 'vitalik buterin'],
  'Litecoin': ['litecoin', 'Litecoin', 'ltc', 'charles lee'],
  'Monero': ['monero', 'Monero', 'xmr', 'riccardo spagni'],
  'Ripple': [ 'ripple',
              'Ripple',
              'xrp',
              'xrapid',
              'xcurrent',
              'chris larsen',
              'jed mccaleb']}
---------------------------Fetch-------2019-07-31 15:56:23.465388: Tweet filed under "misc":----------Data----------
{ 'contributors': None,
  'coordinates': None,
  'created_at': 'Wed Jul 31 19:48:50 +0000 2019',
  'entities': { 'hashtags': [],
                'symbols': [],
                'urls': [],
                'user_mentions': [ { 'id': 849225260,
                                     'id_str': '849225260',
                                     'indices': [3, 15],
                                     'name': 'ESOTERIC TRADING SOLUTIONS',
                                     'screen_name': 'susietrader'}]},
  'favorite_count': 0,
  'favorited': False,
  'geo': None,
  'id': 1156652962002792448,
  'id_str': '1156652962002792448',
  'in_reply_to_screen_name': None,
  'in_reply_to_status_id': None,
  'in_reply_to_status_id_str': None,
  'in_reply_to_user_id': None,
  'in_reply_to_user_id_str': None,
  'is_quote_status': False,
  'lang': 'en',
  'metadata': {'iso_language_code': 'en', 'result_type': 'recent'},
  'place': None,
  'retweet_count': 8,
  'retweeted': False,
  'retweeted_status': { 'contributors': None,
                        'coordinates': None,
                        'created_at': 'Wed Jul 31 19:24:36 +0000 2019',
                        'entities': { 'hashtags': [],
                                      'symbols': [],
                                      'urls': [ { 'display_url': 'twitter.com/i/web/status/1…',
                                                  'expanded_url': 'https://twitter.com/i/web/status/1156646864609001473',
                                                  'indices': [117, 140],
                                                  'url': 'https://t.co/IYWFfnhXap'}],
                                      'user_mentions': []},
                        'favorite_count': 39,
                        'favorited': False,
                        'geo': None,
                        'id': 1156646864609001473,
                        'id_str': '1156646864609001473',
                        'in_reply_to_screen_name': None,
                        'in_reply_to_status_id': None,
                        'in_reply_to_status_id_str': None,
                        'in_reply_to_user_id': None,
                        'in_reply_to_user_id_str': None,
                        'is_quote_status': False,
                        'lang': 'en',
                        'metadata': { 'iso_language_code': 'en',
                                      'result_type': 'recent'},
                        'place': None,
                        'retweet_count': 8,
                        'retweeted': False,
                        'source': '<a '
                                  'href="http://twitter.com/download/iphone" '
                                  'rel="nofollow">Twitter for iPhone</a>',
                        'text': 'Fed Chair Powell asked at Fed rate cut press '
                                'conference “about real time payment system”by '
                                'Politico journo . He sai… '
                                'https://t.co/IYWFfnhXap',
                        'truncated': True,
                        'user': { 'contributors_enabled': False,
                                  'created_at': 'Thu Sep 27 13:05:27 +0000 '
                                                '2012',
                                  'default_profile': False,
                                  'default_profile_image': False,
                                  'description': '',
                                  'entities': { 'description': {'urls': []},
                                                'url': { 'urls': [ { 'display_url': 'esoterictradingsolutions.com.au',
                                                                     'expanded_url': 'https://www.esoterictradingsolutions.com.au/',
                                                                     'indices': [ 0,
                                                                                  23],
                                                                     'url': 'https://t.co/DBA1Qe6cUo'}]}},
                                  'favourites_count': 233,
                                  'follow_request_sent': None,
                                  'followers_count': 3770,
                                  'following': None,
                                  'friends_count': 909,
                                  'geo_enabled': False,
                                  'has_extended_profile': False,
                                  'id': 849225260,
                                  'id_str': '849225260',
                                  'is_translation_enabled': False,
                                  'is_translator': False,
                                  'lang': None,
                                  'listed_count': 11,
                                  'location': 'Melbourne, Victoria',
                                  'name': 'ESOTERIC TRADING SOLUTIONS',
                                  'notifications': None,
                                  'profile_background_color': '000000',
                                  'profile_background_image_url': 'http://abs.twimg.com/images/themes/theme1/bg.png',
                                  'profile_background_image_url_https': 'https://abs.twimg.com/images/themes/theme1/bg.png',
                                  'profile_background_tile': False,
                                  'profile_banner_url': 'https://pbs.twimg.com/profile_banners/849225260/1543821868',
                                  'profile_image_url': 'http://pbs.twimg.com/profile_images/1068526441715757056/I7GJZB9e_normal.jpg',
                                  'profile_image_url_https': 'https://pbs.twimg.com/profile_images/1068526441715757056/I7GJZB9e_normal.jpg',
                                  'profile_link_color': 'ABB8C2',
                                  'profile_sidebar_border_color': '000000',
                                  'profile_sidebar_fill_color': '000000',
                                  'profile_text_color': '000000',
                                  'profile_use_background_image': False,
                                  'protected': False,
                                  'screen_name': 'susietrader',
                                  'statuses_count': 795,
                                  'time_zone': None,
                                  'translator_type': 'none',
                                  'url': 'https://t.co/DBA1Qe6cUo',
                                  'utc_offset': None,
                                  'verified': False}},
  'source': '<a href="http://twitter.com/download/iphone" '
            'rel="nofollow">Twitter for iPhone</a>',
  'text': 'RT @susietrader: Fed Chair Powell asked at Fed rate cut press '
          'conference “about real time payment system”by Politico journo . He '
          'said US ve…',
  'truncated': False,
  'user': { 'contributors_enabled': False,
            'created_at': 'Mon Jun 13 04:43:27 +0000 2016',
            'default_profile': True,
            'default_profile_image': False,
            'description': '💲💲💲 21yr Investor $XRP, $VET, $KIN, $HOT 🇳🇬',
            'entities': { 'description': {'urls': []},
                          'url': { 'urls': [ { 'display_url': 'learncrypto.io/ref/ketchie20/',
                                               'expanded_url': 'https://learncrypto.io/ref/ketchie20/',
                                               'indices': [0, 23],
                                               'url': 'https://t.co/5mEXZCszla'}]}},
            'favourites_count': 10417,
            'follow_request_sent': None,
            'followers_count': 419,
            'following': None,
            'friends_count': 1562,
            'geo_enabled': False,
            'has_extended_profile': False,
            'id': 742215785578270720,
            'id_str': '742215785578270720',
            'is_translation_enabled': False,
            'is_translator': False,
            'lang': None,
            'listed_count': 4,
            'location': '',
            'name': 'XRP20 🇳🇬',
            'notifications': None,
            'profile_background_color': 'F5F8FA',
            'profile_background_image_url': None,
            'profile_background_image_url_https': None,
            'profile_background_tile': False,
            'profile_banner_url': 'https://pbs.twimg.com/profile_banners/742215785578270720/1529084683',
            'profile_image_url': 'http://pbs.twimg.com/profile_images/1007680697782288384/suma-nAH_normal.jpg',
            'profile_image_url_https': 'https://pbs.twimg.com/profile_images/1007680697782288384/suma-nAH_normal.jpg',
            'profile_link_color': '1DA1F2',
            'profile_sidebar_border_color': 'C0DEED',
            'profile_sidebar_fill_color': 'DDEEF6',
            'profile_text_color': '333333',
            'profile_use_background_image': True,
            'protected': False,
            'screen_name': 'XRPHOLDR',
            'statuses_count': 4931,
            'time_zone': None,
            'translator_type': 'none',
            'url': 'https://t.co/5mEXZCszla',
            'utc_offset': None,
            'verified': False}}
----------Summary----------
{ 'entities': {},
  'id_str': '1156652962002792448',
  'retweeted_status': { 'entities': { 'urls': { 'display_url': 'twitter.com/i/web/status/1…',
                                                'expanded_url': 'https://twitter.com/i/web/status/1156646864609001473'}},
                        'id_str': '1156646864609001473',
                        'text': 'fed chair powell asked at fed rate cut press '
                                'conference about real time payment systemby '
                                'politico journo . he sai '
                                'https://t.co/iywffnhxap',
                        'user': { 'entities': {},
                                  'id_str': '849225260',
                                  'twitter_user': 'susietrader'}},
  'text': 'rt @susietrader: fed chair powell asked at fed rate cut press '
          'conference about real time payment systemby politico journo . he '
          'said us ve',
  'user': { 'entities': {},
            'id_str': '742215785578270720',
            'twitter_user': 'XRPHOLDR'}}
----------Groups----------
{ 'Bitcoin': ['bitcoin', 'Bitcoin', 'btc', 'satoshi nakamoto'],
  'Ethereum': ['ethereum', 'Ethereum', 'eth', 'vitalik buterin'],
  'Litecoin': ['litecoin', 'Litecoin', 'ltc', 'charles lee'],
  'Monero': ['monero', 'Monero', 'xmr', 'riccardo spagni'],
  'Ripple': [ 'ripple',
              'Ripple',
              'xrp',
              'xrapid',
              'xcurrent',
              'chris larsen',
              'jed mccaleb']}
---------------------------Fetch-------2019-07-31 15:56:25.619109: Tweet filed under "misc":----------Data----------
{ 'contributors': None,
  'coordinates': None,
  'created_at': 'Wed Jul 31 19:47:07 +0000 2019',
  'entities': { 'hashtags': [],
                'symbols': [],
                'urls': [ { 'display_url': 'twitter.com/i/web/status/1…',
                            'expanded_url': 'https://twitter.com/i/web/status/1156652528953634816',
                            'indices': [116, 139],
                            'url': 'https://t.co/SPAubr5CiQ'}],
                'user_mentions': [ { 'id': 35749949,
                                     'id_str': '35749949',
                                     'indices': [25, 34],
                                     'name': 'David Schwartz',
                                     'screen_name': 'JoelKatz'}]},
  'favorite_count': 0,
  'favorited': False,
  'geo': None,
  'id': 1156652528953634816,
  'id_str': '1156652528953634816',
  'in_reply_to_screen_name': None,
  'in_reply_to_status_id': None,
  'in_reply_to_status_id_str': None,
  'in_reply_to_user_id': None,
  'in_reply_to_user_id_str': None,
  'is_quote_status': False,
  'lang': 'en',
  'metadata': {'iso_language_code': 'en', 'result_type': 'recent'},
  'place': None,
  'retweet_count': 0,
  'retweeted': False,
  'source': '<a href="https://mobile.twitter.com" rel="nofollow">Twitter Web '
            'App</a>',
  'text': 'Last night I had a dream @JoelKatz came over to my apartment and '
          'did an informal AMA with my roomates, some randos… '
          'https://t.co/SPAubr5CiQ',
  'truncated': True,
  'user': { 'contributors_enabled': False,
            'created_at': 'Sat Mar 30 19:41:10 +0000 2019',
            'default_profile': False,
            'default_profile_image': False,
            'description': '"Blessed are those who are persecuted because of '
                           'me. The world will hate you, fear not for I have '
                           'overcome the world."',
            'entities': {'description': {'urls': []}},
            'favourites_count': 4697,
            'follow_request_sent': None,
            'followers_count': 107,
            'following': None,
            'friends_count': 418,
            'geo_enabled': False,
            'has_extended_profile': False,
            'id': 1112077325678665728,
            'id_str': '1112077325678665728',
            'is_translation_enabled': False,
            'is_translator': False,
            'lang': None,
            'listed_count': 0,
            'location': 'Asheville, NC',
            'name': 'ABC[AlwaysBuyCrypto]🇺🇸',
            'notifications': None,
            'profile_background_color': '000000',
            'profile_background_image_url': 'http://abs.twimg.com/images/themes/theme1/bg.png',
            'profile_background_image_url_https': 'https://abs.twimg.com/images/themes/theme1/bg.png',
            'profile_background_tile': False,
            'profile_banner_url': 'https://pbs.twimg.com/profile_banners/1112077325678665728/1554165777',
            'profile_image_url': 'http://pbs.twimg.com/profile_images/1153015333910908928/A85wiNhE_normal.jpg',
            'profile_image_url_https': 'https://pbs.twimg.com/profile_images/1153015333910908928/A85wiNhE_normal.jpg',
            'profile_link_color': 'FAB81E',
            'profile_sidebar_border_color': '000000',
            'profile_sidebar_fill_color': '000000',
            'profile_text_color': '000000',
            'profile_use_background_image': False,
            'protected': False,
            'screen_name': 'BuyTheDip33',
            'statuses_count': 647,
            'time_zone': None,
            'translator_type': 'none',
            'url': None,
            'utc_offset': None,
            'verified': False}}
----------Summary----------
{ 'entities': { 'urls': { 'display_url': 'twitter.com/i/web/status/1…',
                          'expanded_url': 'https://twitter.com/i/web/status/1156652528953634816'}},
  'id_str': '1156652528953634816',
  'text': 'last night i had a dream @joelkatz came over to my apartment and '
          'did an informal ama with my roomates, some randos '
          'https://t.co/spaubr5ciq',
  'user': { 'entities': {},
            'id_str': '1112077325678665728',
            'twitter_user': 'BuyTheDip33'}}
----------Groups----------
{ 'Bitcoin': ['bitcoin', 'Bitcoin', 'btc', 'satoshi nakamoto'],
  'Ethereum': ['ethereum', 'Ethereum', 'eth', 'vitalik buterin'],
  'Litecoin': ['litecoin', 'Litecoin', 'ltc', 'charles lee'],
  'Monero': ['monero', 'Monero', 'xmr', 'riccardo spagni'],
  'Ripple': [ 'ripple',
              'Ripple',
              'xrp',
              'xrapid',
              'xcurrent',
              'chris larsen',
              'jed mccaleb']}
---------------------------Fetch-------2019-07-31 15:56:26.524606: Tweet filed under "misc":----------Data----------
{ 'contributors': None,
  'coordinates': None,
  'created_at': 'Wed Jul 31 19:45:38 +0000 2019',
  'entities': { 'hashtags': [],
                'symbols': [],
                'urls': [ { 'display_url': 'ift.tt/2N3TzNH',
                            'expanded_url': 'https://ift.tt/2N3TzNH',
                            'indices': [85, 108],
                            'url': 'https://t.co/4iFD5NRVGd'},
                          { 'display_url': 'twitter.com/i/web/status/1…',
                            'expanded_url': 'https://twitter.com/i/web/status/1156652155857752064',
                            'indices': [110, 133],
                            'url': 'https://t.co/ScuZMvkaqk'}],
                'user_mentions': []},
  'favorite_count': 0,
  'favorited': False,
  'geo': None,
  'id': 1156652155857752064,
  'id_str': '1156652155857752064',
  'in_reply_to_screen_name': None,
  'in_reply_to_status_id': None,
  'in_reply_to_status_id_str': None,
  'in_reply_to_user_id': None,
  'in_reply_to_user_id_str': None,
  'is_quote_status': False,
  'lang': 'en',
  'metadata': {'iso_language_code': 'en', 'result_type': 'recent'},
  'place': None,
  'possibly_sensitive': False,
  'retweet_count': 0,
  'retweeted': False,
  'source': '<a href="https://ifttt.com" rel="nofollow">IFTTT</a>',
  'text': 'This indexing crypto strategy will make you a millionaire. '
          'Explained with nice cars! https://t.co/4iFD5NRVGd… '
          'https://t.co/ScuZMvkaqk',
  'truncated': True,
  'user': { 'contributors_enabled': False,
            'created_at': 'Sun Jan 16 15:01:33 +0000 2011',
            'default_profile': False,
            'default_profile_image': False,
            'description': 'Find out your diversification score and build a '
                           'professional crypto portfolio holding the '
                           'millionth of supply of the top crypto currencies  '
                           'by market cap.',
            'entities': { 'description': {'urls': []},
                          'url': { 'urls': [ { 'display_url': 'cryptomillionaireapp.com',
                                               'expanded_url': 'http://cryptomillionaireapp.com',
                                               'indices': [0, 23],
                                               'url': 'https://t.co/A23Iuq00jz'}]}},
            'favourites_count': 20042,
            'follow_request_sent': None,
            'followers_count': 3157,
            'following': None,
            'friends_count': 2654,
            'geo_enabled': False,
            'has_extended_profile': False,
            'id': 238994600,
            'id_str': '238994600',
            'is_translation_enabled': False,
            'is_translator': False,
            'lang': None,
            'listed_count': 30,
            'location': 'Florida, USA',
            'name': 'Crypto Millionaire App',
            'notifications': None,
            'profile_background_color': '010214',
            'profile_background_image_url': 'http://abs.twimg.com/images/themes/theme1/bg.png',
            'profile_background_image_url_https': 'https://abs.twimg.com/images/themes/theme1/bg.png',
            'profile_background_tile': True,
            'profile_banner_url': 'https://pbs.twimg.com/profile_banners/238994600/1392703364',
            'profile_image_url': 'http://pbs.twimg.com/profile_images/1032310032900214784/hTqDFthb_normal.jpg',
            'profile_image_url_https': 'https://pbs.twimg.com/profile_images/1032310032900214784/hTqDFthb_normal.jpg',
            'profile_link_color': '038543',
            'profile_sidebar_border_color': 'FFFFFF',
            'profile_sidebar_fill_color': 'DDEEF6',
            'profile_text_color': '333333',
            'profile_use_background_image': True,
            'protected': False,
            'screen_name': 'eagletwitt3r',
            'statuses_count': 20562,
            'time_zone': None,
            'translator_type': 'none',
            'url': 'https://t.co/A23Iuq00jz',
            'utc_offset': None,
            'verified': False}}
----------Summary----------
{ 'entities': { 'urls': { 'display_url': 'twitter.com/i/web/status/1…',
                          'expanded_url': 'https://twitter.com/i/web/status/1156652155857752064'}},
  'id_str': '1156652155857752064',
  'text': 'this indexing crypto strategy will make you a millionaire. '
          'explained with nice cars! https://t.co/4ifd5nrvgd '
          'https://t.co/scuzmvkaqk',
  'user': { 'entities': {},
            'id_str': '238994600',
            'twitter_user': 'eagletwitt3r'}}
----------Groups----------
{ 'Bitcoin': ['bitcoin', 'Bitcoin', 'btc', 'satoshi nakamoto'],
  'Ethereum': ['ethereum', 'Ethereum', 'eth', 'vitalik buterin'],
  'Litecoin': ['litecoin', 'Litecoin', 'ltc', 'charles lee'],
  'Monero': ['monero', 'Monero', 'xmr', 'riccardo spagni'],
  'Ripple': [ 'ripple',
              'Ripple',
              'xrp',
              'xrapid',
              'xcurrent',
              'chris larsen',
              'jed mccaleb']}
---------------------------Fetch-------2019-07-31 15:56:26.730681: Tweet filed under "misc":----------Data----------
{ 'contributors': None,
  'coordinates': None,
  'created_at': 'Wed Jul 31 19:45:30 +0000 2019',
  'entities': { 'hashtags': [],
                'symbols': [],
                'urls': [ { 'display_url': 'twitter.com/i/web/status/1…',
                            'expanded_url': 'https://twitter.com/i/web/status/1156652123884572672',
                            'indices': [105, 128],
                            'url': 'https://t.co/ABNbrUKycT'}],
                'user_mentions': [ { 'id': 965065798845804544,
                                     'id_str': '965065798845804544',
                                     'indices': [6, 18],
                                     'name': 'OzAlphaWolf',
                                     'screen_name': 'OzAlphaWolf'}]},
  'favorite_count': 2,
  'favorited': False,
  'geo': None,
  'id': 1156652123884572672,
  'id_str': '1156652123884572672',
  'in_reply_to_screen_name': None,
  'in_reply_to_status_id': None,
  'in_reply_to_status_id_str': None,
  'in_reply_to_user_id': None,
  'in_reply_to_user_id_str': None,
  'is_quote_status': False,
  'lang': 'en',
  'metadata': {'iso_language_code': 'en', 'result_type': 'recent'},
  'place': None,
  'possibly_sensitive': False,
  'retweet_count': 0,
  'retweeted': False,
  'source': '<a href="http://www.tweetcaster.com" rel="nofollow">TweetCaster '
            'for Android</a>',
  'text': '😲\n'
          '\n'
          'RT @OzAlphaWolf: Today the UK Financial Conduct Authority released '
          'their "Guidance on cryptoassets".… https://t.co/ABNbrUKycT',
  'truncated': True,
  'user': { 'contributors_enabled': False,
            'created_at': 'Tue Jul 19 21:45:55 +0000 2011',
            'default_profile': True,
            'default_profile_image': False,
            'description': '💩 Crypto shitposter. 🤑 In it for the '
                           'technolomoney. 🤯 All opinions are my own or '
                           'plagiarized. 🦙Actually in it for the drama. 🎰🎲 '
                           'CasinoCoin.',
            'entities': {'description': {'urls': []}},
            'favourites_count': 31,
            'follow_request_sent': None,
            'followers_count': 153,
            'following': None,
            'friends_count': 261,
            'geo_enabled': False,
            'has_extended_profile': False,
            'id': 338642017,
            'id_str': '338642017',
            'is_translation_enabled': False,
            'is_translator': False,
            'lang': None,
            'listed_count': 1,
            'location': '',
            'name': '🐂 CasinoCoin Moo 💹',
            'notifications': None,
            'profile_background_color': 'C0DEED',
            'profile_background_image_url': 'http://abs.twimg.com/images/themes/theme1/bg.png',
            'profile_background_image_url_https': 'https://abs.twimg.com/images/themes/theme1/bg.png',
            'profile_background_tile': False,
            'profile_banner_url': 'https://pbs.twimg.com/profile_banners/338642017/1562485425',
            'profile_image_url': 'http://pbs.twimg.com/profile_images/1126093576314793984/Uv96fIYm_normal.jpg',
            'profile_image_url_https': 'https://pbs.twimg.com/profile_images/1126093576314793984/Uv96fIYm_normal.jpg',
            'profile_link_color': '1DA1F2',
            'profile_sidebar_border_color': 'C0DEED',
            'profile_sidebar_fill_color': 'DDEEF6',
            'profile_text_color': '333333',
            'profile_use_background_image': True,
            'protected': False,
            'screen_name': 'CryptMoo',
            'statuses_count': 2203,
            'time_zone': None,
            'translator_type': 'none',
            'url': None,
            'utc_offset': None,
            'verified': False}}
----------Summary----------
{ 'entities': { 'urls': { 'display_url': 'twitter.com/i/web/status/1…',
                          'expanded_url': 'https://twitter.com/i/web/status/1156652123884572672'}},
  'id_str': '1156652123884572672',
  'text': '  rt @ozalphawolf: today the uk financial conduct authority '
          'released their "guidance on cryptoassets". https://t.co/abnbrukyct',
  'user': {'entities': {}, 'id_str': '338642017', 'twitter_user': 'CryptMoo'}}
----------Groups----------
{ 'Bitcoin': ['bitcoin', 'Bitcoin', 'btc', 'satoshi nakamoto'],
  'Ethereum': ['ethereum', 'Ethereum', 'eth', 'vitalik buterin'],
  'Litecoin': ['litecoin', 'Litecoin', 'ltc', 'charles lee'],
  'Monero': ['monero', 'Monero', 'xmr', 'riccardo spagni'],
  'Ripple': [ 'ripple',
              'Ripple',
              'xrp',
              'xrapid',
              'xcurrent',
              'chris larsen',
              'jed mccaleb']}
---------------------------Fetch-------2019-07-31 15:56:27.661261: Tweet filed under "misc":----------Data----------
{ 'contributors': None,
  'coordinates': None,
  'created_at': 'Wed Jul 31 19:45:11 +0000 2019',
  'entities': { 'hashtags': [],
                'symbols': [],
                'urls': [],
                'user_mentions': [ { 'id': 929641526866731008,
                                     'id_str': '929641526866731008',
                                     'indices': [3, 18],
                                     'name': 'Peter Masiakos',
                                     'screen_name': 'peter_masiakos'},
                                   { 'id': 2396153558,
                                     'id_str': '2396153558',
                                     'indices': [20, 32],
                                     'name': 'Jamie Coleman',
                                     'screen_name': 'JJcolemanMD'}]},
  'favorite_count': 0,
  'favorited': False,
  'geo': None,
  'id': 1156652045144715264,
  'id_str': '1156652045144715264',
  'in_reply_to_screen_name': None,
  'in_reply_to_status_id': None,
  'in_reply_to_status_id_str': None,
  'in_reply_to_user_id': None,
  'in_reply_to_user_id_str': None,
  'is_quote_status': False,
  'lang': 'en',
  'metadata': {'iso_language_code': 'en', 'result_type': 'recent'},
  'place': None,
  'retweet_count': 4,
  'retweeted': False,
  'retweeted_status': { 'contributors': None,
                        'coordinates': None,
                        'created_at': 'Tue Jul 30 17:52:54 +0000 2019',
                        'entities': { 'hashtags': [],
                                      'symbols': [],
                                      'urls': [ { 'display_url': 'twitter.com/i/web/status/1…',
                                                  'expanded_url': 'https://twitter.com/i/web/status/1156261397287882752',
                                                  'indices': [116, 139],
                                                  'url': 'https://t.co/vVgGKpznFX'}],
                                      'user_mentions': [ { 'id': 2396153558,
                                                           'id_str': '2396153558',
                                                           'indices': [0, 12],
                                                           'name': 'Jamie '
                                                                   'Coleman',
                                                           'screen_name': 'JJcolemanMD'}]},
                        'favorite_count': 7,
                        'favorited': False,
                        'geo': None,
                        'id': 1156261397287882752,
                        'id_str': '1156261397287882752',
                        'in_reply_to_screen_name': 'JJcolemanMD',
                        'in_reply_to_status_id': 1156223909412265985,
                        'in_reply_to_status_id_str': '1156223909412265985',
                        'in_reply_to_user_id': 2396153558,
                        'in_reply_to_user_id_str': '2396153558',
                        'is_quote_status': False,
                        'lang': 'en',
                        'metadata': { 'iso_language_code': 'en',
                                      'result_type': 'recent'},
                        'place': None,
                        'retweet_count': 4,
                        'retweeted': False,
                        'source': '<a '
                                  'href="http://twitter.com/download/iphone" '
                                  'rel="nofollow">Twitter for iPhone</a>',
                        'text': '@JJcolemanMD ‘Each time we act to improve the '
                                'lot of others, or strike out against '
                                'injustice, we send forth a tiny… '
                                'https://t.co/vVgGKpznFX',
                        'truncated': True,
                        'user': { 'contributors_enabled': False,
                                  'created_at': 'Sun Nov 12 09:26:26 +0000 '
                                                '2017',
                                  'default_profile': False,
                                  'default_profile_image': False,
                                  'description': 'Pediatric Surgeon, Trauma '
                                                 'Surgeon, @MGHSurgery, COT '
                                                 'member, Injury Prevention '
                                                 'Advocate. Eagle Scout. '
                                                 '#thisisourlane '
                                                 '#PreventTheBleed, (all '
                                                 'tweets are my own)',
                                  'entities': {'description': {'urls': []}},
                                  'favourites_count': 1250,
                                  'follow_request_sent': None,
                                  'followers_count': 3415,
                                  'following': None,
                                  'friends_count': 1650,
                                  'geo_enabled': True,
                                  'has_extended_profile': False,
                                  'id': 929641526866731008,
                                  'id_str': '929641526866731008',
                                  'is_translation_enabled': False,
                                  'is_translator': False,
                                  'lang': None,
                                  'listed_count': 35,
                                  'location': '',
                                  'name': 'Peter Masiakos',
                                  'notifications': None,
                                  'profile_background_color': '000000',
                                  'profile_background_image_url': 'http://abs.twimg.com/images/themes/theme1/bg.png',
                                  'profile_background_image_url_https': 'https://abs.twimg.com/images/themes/theme1/bg.png',
                                  'profile_background_tile': False,
                                  'profile_banner_url': 'https://pbs.twimg.com/profile_banners/929641526866731008/1560439782',
                                  'profile_image_url': 'http://pbs.twimg.com/profile_images/1139191958491029507/eurCxMhb_normal.jpg',
                                  'profile_image_url_https': 'https://pbs.twimg.com/profile_images/1139191958491029507/eurCxMhb_normal.jpg',
                                  'profile_link_color': '1B95E0',
                                  'profile_sidebar_border_color': '000000',
                                  'profile_sidebar_fill_color': '000000',
                                  'profile_text_color': '000000',
                                  'profile_use_background_image': False,
                                  'protected': False,
                                  'screen_name': 'peter_masiakos',
                                  'statuses_count': 3439,
                                  'time_zone': None,
                                  'translator_type': 'none',
                                  'url': None,
                                  'utc_offset': None,
                                  'verified': False}},
  'source': '<a href="http://twitter.com/download/iphone" '
            'rel="nofollow">Twitter for iPhone</a>',
  'text': 'RT @peter_masiakos: @JJcolemanMD ‘Each time we act to improve the '
          'lot of others, or strike out against injustice, we send forth a '
          'tiny ripp…',
  'truncated': False,
  'user': { 'contributors_enabled': False,
            'created_at': 'Mon May 26 05:48:02 +0000 2008',
            'default_profile': True,
            'default_profile_image': False,
            'description': 'Sarcastic Dad; Spontaneous thoughts mainly aimed '
                           'at my sister who gets me; laughing is better '
                           'than...',
            'entities': {'description': {'urls': []}},
            'favourites_count': 7264,
            'follow_request_sent': None,
            'followers_count': 67,
            'following': None,
            'friends_count': 507,
            'geo_enabled': False,
            'has_extended_profile': True,
            'id': 14905674,
            'id_str': '14905674',
            'is_translation_enabled': False,
            'is_translator': False,
            'lang': None,
            'listed_count': 1,
            'location': 'Denver',
            'name': 'S_Thomas',
            'notifications': None,
            'profile_background_color': 'C0DEED',
            'profile_background_image_url': 'http://abs.twimg.com/images/themes/theme1/bg.png',
            'profile_background_image_url_https': 'https://abs.twimg.com/images/themes/theme1/bg.png',
            'profile_background_tile': False,
            'profile_banner_url': 'https://pbs.twimg.com/profile_banners/14905674/1447866321',
            'profile_image_url': 'http://pbs.twimg.com/profile_images/1739029297/image_normal.jpg',
            'profile_image_url_https': 'https://pbs.twimg.com/profile_images/1739029297/image_normal.jpg',
            'profile_link_color': '1DA1F2',
            'profile_sidebar_border_color': 'C0DEED',
            'profile_sidebar_fill_color': 'DDEEF6',
            'profile_text_color': '333333',
            'profile_use_background_image': True,
            'protected': False,
            'screen_name': 'S_Thomas_',
            'statuses_count': 1338,
            'time_zone': None,
            'translator_type': 'none',
            'url': None,
            'utc_offset': None,
            'verified': False}}
----------Summary----------
{ 'entities': {},
  'id_str': '1156652045144715264',
  'retweeted_status': { 'entities': { 'urls': { 'display_url': 'twitter.com/i/web/status/1…',
                                                'expanded_url': 'https://twitter.com/i/web/status/1156261397287882752'}},
                        'id_str': '1156261397287882752',
                        'text': '@jjcolemanmd each time we act to improve the '
                                'lot of others, or strike out against '
                                'injustice, we send forth a tiny '
                                'https://t.co/vvggkpznfx',
                        'user': { 'entities': {},
                                  'id_str': '929641526866731008',
                                  'twitter_user': 'peter_masiakos'}},
  'text': 'rt @peter_masiakos: @jjcolemanmd each time we act to improve the '
          'lot of others, or strike out against injustice, we send forth a '
          'tiny ripp',
  'user': {'entities': {}, 'id_str': '14905674', 'twitter_user': 'S_Thomas_'}}
----------Groups----------
{ 'Bitcoin': ['bitcoin', 'Bitcoin', 'btc', 'satoshi nakamoto'],
  'Ethereum': ['ethereum', 'Ethereum', 'eth', 'vitalik buterin'],
  'Litecoin': ['litecoin', 'Litecoin', 'ltc', 'charles lee'],
  'Monero': ['monero', 'Monero', 'xmr', 'riccardo spagni'],
  'Ripple': [ 'ripple',
              'Ripple',
              'xrp',
              'xrapid',
              'xcurrent',
              'chris larsen',
              'jed mccaleb']}
---------------------------Fetch-------2019-07-31 15:56:28.311095: Tweet filed under "misc":----------Data----------
{ 'contributors': None,
  'coordinates': None,
  'created_at': 'Wed Jul 31 19:44:31 +0000 2019',
  'entities': { 'hashtags': [],
                'symbols': [],
                'urls': [ { 'display_url': 'twitter.com/i/web/status/1…',
                            'expanded_url': 'https://twitter.com/i/web/status/1156651876538114050',
                            'indices': [121, 144],
                            'url': 'https://t.co/Laz5IBLkMi'}],
                'user_mentions': [ { 'id': 2379160658,
                                     'id_str': '2379160658',
                                     'indices': [0, 12],
                                     'name': 'Ken❣',
                                     'screen_name': 'kennsimones'}]},
  'favorite_count': 0,
  'favorited': False,
  'geo': None,
  'id': 1156651876538114050,
  'id_str': '1156651876538114050',
  'in_reply_to_screen_name': 'kennsimones',
  'in_reply_to_status_id': 1061707529888190465,
  'in_reply_to_status_id_str': '1061707529888190465',
  'in_reply_to_user_id': 2379160658,
  'in_reply_to_user_id_str': '2379160658',
  'is_quote_status': False,
  'lang': 'en',
  'metadata': {'iso_language_code': 'en', 'result_type': 'recent'},
  'place': None,
  'retweet_count': 0,
  'retweeted': False,
  'source': '<a href="http://twitter.com/download/android" '
            'rel="nofollow">Twitter for Android</a>',
  'text': '@kennsimones Anna said have sex with her im tried of her stealing '
          "your money &amp; Chase Bank asked why Mr. Degrate's C… "
          'https://t.co/Laz5IBLkMi',
  'truncated': True,
  'user': { 'contributors_enabled': False,
            'created_at': 'Tue May 13 22:22:13 +0000 2014',
            'default_profile': True,
            'default_profile_image': True,
            'description': '',
            'entities': {'description': {'urls': []}},
            'favourites_count': 1109,
            'follow_request_sent': None,
            'followers_count': 3,
            'following': None,
            'friends_count': 351,
            'geo_enabled': False,
            'has_extended_profile': False,
            'id': 2493547266,
            'id_str': '2493547266',
            'is_translation_enabled': False,
            'is_translator': False,
            'lang': None,
            'listed_count': 0,
            'location': '',
            'name': 'Derodney',
            'notifications': None,
            'profile_background_color': 'C0DEED',
            'profile_background_image_url': 'http://abs.twimg.com/images/themes/theme1/bg.png',
            'profile_background_image_url_https': 'https://abs.twimg.com/images/themes/theme1/bg.png',
            'profile_background_tile': False,
            'profile_image_url': 'http://abs.twimg.com/sticky/default_profile_images/default_profile_normal.png',
            'profile_image_url_https': 'https://abs.twimg.com/sticky/default_profile_images/default_profile_normal.png',
            'profile_link_color': '1DA1F2',
            'profile_sidebar_border_color': 'C0DEED',
            'profile_sidebar_fill_color': 'DDEEF6',
            'profile_text_color': '333333',
            'profile_use_background_image': True,
            'protected': False,
            'screen_name': 'Derodney1',
            'statuses_count': 1324,
            'time_zone': None,
            'translator_type': 'none',
            'url': None,
            'utc_offset': None,
            'verified': False}}
----------Summary----------
{ 'entities': { 'urls': { 'display_url': 'twitter.com/i/web/status/1…',
                          'expanded_url': 'https://twitter.com/i/web/status/1156651876538114050'}},
  'id_str': '1156651876538114050',
  'text': '@kennsimones anna said have sex with her im tried of her stealing '
          "your money &amp; chase bank asked why mr. degrate's c "
          'https://t.co/laz5iblkmi',
  'user': {'entities': {}, 'id_str': '2493547266', 'twitter_user': 'Derodney1'}}
----------Groups----------
{ 'Bitcoin': ['bitcoin', 'Bitcoin', 'btc', 'satoshi nakamoto'],
  'Ethereum': ['ethereum', 'Ethereum', 'eth', 'vitalik buterin'],
  'Litecoin': ['litecoin', 'Litecoin', 'ltc', 'charles lee'],
  'Monero': ['monero', 'Monero', 'xmr', 'riccardo spagni'],
  'Ripple': [ 'ripple',
              'Ripple',
              'xrp',
              'xrapid',
              'xcurrent',
              'chris larsen',
              'jed mccaleb']}
---------------------------Fetch-------2019-07-31 15:56:29.021601: Tweet filed under "misc":----------Data----------
{ 'contributors': None,
  'coordinates': None,
  'created_at': 'Wed Jul 31 19:44:21 +0000 2019',
  'entities': { 'hashtags': [],
                'symbols': [],
                'urls': [ { 'display_url': 'twitter.com/i/web/status/1…',
                            'expanded_url': 'https://twitter.com/i/web/status/1156651833139638273',
                            'indices': [117, 140],
                            'url': 'https://t.co/HueSYn2GIR'}],
                'user_mentions': [ { 'id': 947673769694416896,
                                     'id_str': '947673769694416896',
                                     'indices': [0, 12],
                                     'name': 'Moon Lambo',
                                     'screen_name': 'MoonLamboio'},
                                   { 'id': 17023078,
                                     'id_str': '17023078',
                                     'indices': [13, 23],
                                     'name': 'Matt Hamilton',
                                     'screen_name': 'HammerToe'},
                                   { 'id': 1085317983810056193,
                                     'id_str': '1085317983810056193',
                                     'indices': [24, 39],
                                     'name': 'BulldawgBrewer',
                                     'screen_name': 'BullDawgBrewer'},
                                   { 'id': 1073380009958608896,
                                     'id_str': '1073380009958608896',
                                     'indices': [40, 50],
                                     'name': 'WrathofKahneman',
                                     'screen_name': 'WKahneman'},
                                   { 'id': 1032996786665705473,
                                     'id_str': '1032996786665705473',
                                     'indices': [51, 59],
                                     'name': 'Charles Lee',
                                     'screen_name': 'guest1x'}]},
  'favorite_count': 2,
  'favorited': False,
  'geo': None,
  'id': 1156651833139638273,
  'id_str': '1156651833139638273',
  'in_reply_to_screen_name': 'MoonLamboio',
  'in_reply_to_status_id': 1156642968461332480,
  'in_reply_to_status_id_str': '1156642968461332480',
  'in_reply_to_user_id': 947673769694416896,
  'in_reply_to_user_id_str': '947673769694416896',
  'is_quote_status': False,
  'lang': 'en',
  'metadata': {'iso_language_code': 'en', 'result_type': 'recent'},
  'place': None,
  'retweet_count': 0,
  'retweeted': False,
  'source': '<a href="https://mobile.twitter.com" rel="nofollow">Twitter Web '
            'App</a>',
  'text': '@MoonLamboio @HammerToe @BullDawgBrewer @WKahneman @guest1x '
          'Ultimately, there are a bunch of different ways you can… '
          'https://t.co/HueSYn2GIR',
  'truncated': True,
  'user': { 'contributors_enabled': False,
            'created_at': 'Thu Jul 04 14:33:16 +0000 2019',
            'default_profile': True,
            'default_profile_image': False,
            'description': 'Just a guy who likes investing and likes markets. '
                           'Amateur Crypto investor and XRP enthusiast.',
            'entities': {'description': {'urls': []}},
            'favourites_count': 632,
            'follow_request_sent': None,
            'followers_count': 193,
            'following': None,
            'friends_count': 95,
            'geo_enabled': False,
            'has_extended_profile': True,
            'id': 1146789072930779136,
            'id_str': '1146789072930779136',
            'is_translation_enabled': False,
            'is_translator': False,
            'lang': None,
            'listed_count': 0,
            'location': 'North Carolina',
            'name': 'Alltheway08',
            'notifications': None,
            'profile_background_color': 'F5F8FA',
            'profile_background_image_url': None,
            'profile_background_image_url_https': None,
            'profile_background_tile': False,
            'profile_banner_url': 'https://pbs.twimg.com/profile_banners/1146789072930779136/1562251639',
            'profile_image_url': 'http://pbs.twimg.com/profile_images/1146792119933292545/mtIfXv6d_normal.jpg',
            'profile_image_url_https': 'https://pbs.twimg.com/profile_images/1146792119933292545/mtIfXv6d_normal.jpg',
            'profile_link_color': '1DA1F2',
            'profile_sidebar_border_color': 'C0DEED',
            'profile_sidebar_fill_color': 'DDEEF6',
            'profile_text_color': '333333',
            'profile_use_background_image': True,
            'protected': False,
            'screen_name': 'alltheway08',
            'statuses_count': 679,
            'time_zone': None,
            'translator_type': 'none',
            'url': None,
            'utc_offset': None,
            'verified': False}}
----------Summary----------
{ 'entities': { 'urls': { 'display_url': 'twitter.com/i/web/status/1…',
                          'expanded_url': 'https://twitter.com/i/web/status/1156651833139638273'}},
  'id_str': '1156651833139638273',
  'text': '@moonlamboio @hammertoe @bulldawgbrewer @wkahneman @guest1x '
          'ultimately, there are a bunch of different ways you can '
          'https://t.co/huesyn2gir',
  'user': { 'entities': {},
            'id_str': '1146789072930779136',
            'twitter_user': 'alltheway08'}}
----------Groups----------
{ 'Bitcoin': ['bitcoin', 'Bitcoin', 'btc', 'satoshi nakamoto'],
  'Ethereum': ['ethereum', 'Ethereum', 'eth', 'vitalik buterin'],
  'Litecoin': ['litecoin', 'Litecoin', 'ltc', 'charles lee'],
  'Monero': ['monero', 'Monero', 'xmr', 'riccardo spagni'],
  'Ripple': [ 'ripple',
              'Ripple',
              'xrp',
              'xrapid',
              'xcurrent',
              'chris larsen',
              'jed mccaleb']}
---------------------------Fetch-------2019-07-31 15:56:29.811356: Tweet filed under "misc":----------Data----------
{ 'contributors': None,
  'coordinates': None,
  'created_at': 'Wed Jul 31 19:43:30 +0000 2019',
  'entities': { 'hashtags': [],
                'symbols': [],
                'urls': [ { 'display_url': 'twitter.com/i/web/status/1…',
                            'expanded_url': 'https://twitter.com/i/web/status/1156651621788598274',
                            'indices': [117, 140],
                            'url': 'https://t.co/N6sX3KP5YH'}],
                'user_mentions': [ { 'id': 2222251036,
                                     'id_str': '2222251036',
                                     'indices': [0, 8],
                                     'name': 'Nathan Dowdell, not even '
                                             'slightly covered in bees',
                                     'screen_name': 'N01H3r3'},
                                   { 'id': 1135314939067936768,
                                     'id_str': '1135314939067936768',
                                     'indices': [9, 24],
                                     'name': 'Matthew Embrey',
                                     'screen_name': 'embrey_matthew'},
                                   { 'id': 25023948,
                                     'id_str': '25023948',
                                     'indices': [25, 33],
                                     'name': 'MadLori',
                                     'screen_name': 'madlori'},
                                   { 'id': 14297863,
                                     'id_str': '14297863',
                                     'indices': [34, 47],
                                     'name': 'Scott Santens',
                                     'screen_name': 'scottsantens'}]},
  'favorite_count': 0,
  'favorited': False,
  'geo': None,
  'id': 1156651621788598274,
  'id_str': '1156651621788598274',
  'in_reply_to_screen_name': 'N01H3r3',
  'in_reply_to_status_id': 1153779194016489472,
  'in_reply_to_status_id_str': '1153779194016489472',
  'in_reply_to_user_id': 2222251036,
  'in_reply_to_user_id_str': '2222251036',
  'is_quote_status': False,
  'lang': 'en',
  'metadata': {'iso_language_code': 'en', 'result_type': 'recent'},
  'place': None,
  'retweet_count': 0,
  'retweeted': False,
  'source': '<a href="http://twitter.com/download/iphone" '
            'rel="nofollow">Twitter for iPhone</a>',
  'text': '@N01H3r3 @embrey_matthew @madlori @scottsantens Giving people money '
          'through a UBI would not suddenly improve everyo… '
          'https://t.co/N6sX3KP5YH',
  'truncated': True,
  'user': { 'contributors_enabled': False,
            'created_at': 'Fri Jun 26 21:53:51 +0000 2015',
            'default_profile': True,
            'default_profile_image': False,
            'description': '',
            'entities': {'description': {'urls': []}},
            'favourites_count': 70,
            'follow_request_sent': None,
            'followers_count': 16,
            'following': None,
            'friends_count': 48,
            'geo_enabled': False,
            'has_extended_profile': True,
            'id': 3346964351,
            'id_str': '3346964351',
            'is_translation_enabled': False,
            'is_translator': False,
            'lang': None,
            'listed_count': 2,
            'location': '',
            'name': 'Lamort',
            'notifications': None,
            'profile_background_color': 'C0DEED',
            'profile_background_image_url': 'http://abs.twimg.com/images/themes/theme1/bg.png',
            'profile_background_image_url_https': 'https://abs.twimg.com/images/themes/theme1/bg.png',
            'profile_background_tile': False,
            'profile_banner_url': 'https://pbs.twimg.com/profile_banners/3346964351/1533680128',
            'profile_image_url': 'http://pbs.twimg.com/profile_images/614552328297967616/xtv6UQeg_normal.png',
            'profile_image_url_https': 'https://pbs.twimg.com/profile_images/614552328297967616/xtv6UQeg_normal.png',
            'profile_link_color': '1DA1F2',
            'profile_sidebar_border_color': 'C0DEED',
            'profile_sidebar_fill_color': 'DDEEF6',
            'profile_text_color': '333333',
            'profile_use_background_image': True,
            'protected': False,
            'screen_name': 'Lamortykins',
            'statuses_count': 648,
            'time_zone': None,
            'translator_type': 'none',
            'url': None,
            'utc_offset': None,
            'verified': False}}
----------Summary----------
{ 'entities': { 'urls': { 'display_url': 'twitter.com/i/web/status/1…',
                          'expanded_url': 'https://twitter.com/i/web/status/1156651621788598274'}},
  'id_str': '1156651621788598274',
  'text': '@n01h3r3 @embrey_matthew @madlori @scottsantens giving people money '
          'through a ubi would not suddenly improve everyo '
          'https://t.co/n6sx3kp5yh',
  'user': { 'entities': {},
            'id_str': '3346964351',
            'twitter_user': 'Lamortykins'}}
----------Groups----------
{ 'Bitcoin': ['bitcoin', 'Bitcoin', 'btc', 'satoshi nakamoto'],
  'Ethereum': ['ethereum', 'Ethereum', 'eth', 'vitalik buterin'],
  'Litecoin': ['litecoin', 'Litecoin', 'ltc', 'charles lee'],
  'Monero': ['monero', 'Monero', 'xmr', 'riccardo spagni'],
  'Ripple': [ 'ripple',
              'Ripple',
              'xrp',
              'xrapid',
              'xcurrent',
              'chris larsen',
              'jed mccaleb']}
---------------------------Fetch-------2019-07-31 15:56:30.632241: Tweet filed under "misc":----------Data----------
{ 'contributors': None,
  'coordinates': None,
  'created_at': 'Wed Jul 31 19:43:26 +0000 2019',
  'entities': { 'hashtags': [],
                'symbols': [],
                'urls': [],
                'user_mentions': [ { 'id': 849225260,
                                     'id_str': '849225260',
                                     'indices': [3, 15],
                                     'name': 'ESOTERIC TRADING SOLUTIONS',
                                     'screen_name': 'susietrader'}]},
  'favorite_count': 0,
  'favorited': False,
  'geo': None,
  'id': 1156651604013191168,
  'id_str': '1156651604013191168',
  'in_reply_to_screen_name': None,
  'in_reply_to_status_id': None,
  'in_reply_to_status_id_str': None,
  'in_reply_to_user_id': None,
  'in_reply_to_user_id_str': None,
  'is_quote_status': False,
  'lang': 'en',
  'metadata': {'iso_language_code': 'en', 'result_type': 'recent'},
  'place': None,
  'retweet_count': 8,
  'retweeted': False,
  'retweeted_status': { 'contributors': None,
                        'coordinates': None,
                        'created_at': 'Wed Jul 31 19:24:36 +0000 2019',
                        'entities': { 'hashtags': [],
                                      'symbols': [],
                                      'urls': [ { 'display_url': 'twitter.com/i/web/status/1…',
                                                  'expanded_url': 'https://twitter.com/i/web/status/1156646864609001473',
                                                  'indices': [117, 140],
                                                  'url': 'https://t.co/IYWFfnhXap'}],
                                      'user_mentions': []},
                        'favorite_count': 39,
                        'favorited': False,
                        'geo': None,
                        'id': 1156646864609001473,
                        'id_str': '1156646864609001473',
                        'in_reply_to_screen_name': None,
                        'in_reply_to_status_id': None,
                        'in_reply_to_status_id_str': None,
                        'in_reply_to_user_id': None,
                        'in_reply_to_user_id_str': None,
                        'is_quote_status': False,
                        'lang': 'en',
                        'metadata': { 'iso_language_code': 'en',
                                      'result_type': 'recent'},
                        'place': None,
                        'retweet_count': 8,
                        'retweeted': False,
                        'source': '<a '
                                  'href="http://twitter.com/download/iphone" '
                                  'rel="nofollow">Twitter for iPhone</a>',
                        'text': 'Fed Chair Powell asked at Fed rate cut press '
                                'conference “about real time payment system”by '
                                'Politico journo . He sai… '
                                'https://t.co/IYWFfnhXap',
                        'truncated': True,
                        'user': { 'contributors_enabled': False,
                                  'created_at': 'Thu Sep 27 13:05:27 +0000 '
                                                '2012',
                                  'default_profile': False,
                                  'default_profile_image': False,
                                  'description': '',
                                  'entities': { 'description': {'urls': []},
                                                'url': { 'urls': [ { 'display_url': 'esoterictradingsolutions.com.au',
                                                                     'expanded_url': 'https://www.esoterictradingsolutions.com.au/',
                                                                     'indices': [ 0,
                                                                                  23],
                                                                     'url': 'https://t.co/DBA1Qe6cUo'}]}},
                                  'favourites_count': 233,
                                  'follow_request_sent': None,
                                  'followers_count': 3770,
                                  'following': None,
                                  'friends_count': 909,
                                  'geo_enabled': False,
                                  'has_extended_profile': False,
                                  'id': 849225260,
                                  'id_str': '849225260',
                                  'is_translation_enabled': False,
                                  'is_translator': False,
                                  'lang': None,
                                  'listed_count': 11,
                                  'location': 'Melbourne, Victoria',
                                  'name': 'ESOTERIC TRADING SOLUTIONS',
                                  'notifications': None,
                                  'profile_background_color': '000000',
                                  'profile_background_image_url': 'http://abs.twimg.com/images/themes/theme1/bg.png',
                                  'profile_background_image_url_https': 'https://abs.twimg.com/images/themes/theme1/bg.png',
                                  'profile_background_tile': False,
                                  'profile_banner_url': 'https://pbs.twimg.com/profile_banners/849225260/1543821868',
                                  'profile_image_url': 'http://pbs.twimg.com/profile_images/1068526441715757056/I7GJZB9e_normal.jpg',
                                  'profile_image_url_https': 'https://pbs.twimg.com/profile_images/1068526441715757056/I7GJZB9e_normal.jpg',
                                  'profile_link_color': 'ABB8C2',
                                  'profile_sidebar_border_color': '000000',
                                  'profile_sidebar_fill_color': '000000',
                                  'profile_text_color': '000000',
                                  'profile_use_background_image': False,
                                  'protected': False,
                                  'screen_name': 'susietrader',
                                  'statuses_count': 795,
                                  'time_zone': None,
                                  'translator_type': 'none',
                                  'url': 'https://t.co/DBA1Qe6cUo',
                                  'utc_offset': None,
                                  'verified': False}},
  'source': '<a href="http://twitter.com/download/android" '
            'rel="nofollow">Twitter for Android</a>',
  'text': 'RT @susietrader: Fed Chair Powell asked at Fed rate cut press '
          'conference “about real time payment system”by Politico journo . He '
          'said US ve…',
  'truncated': False,
  'user': { 'contributors_enabled': False,
            'created_at': 'Thu Sep 21 14:02:43 +0000 2017',
            'default_profile': True,
            'default_profile_image': False,
            'description': '',
            'entities': {'description': {'urls': []}},
            'favourites_count': 8139,
            'follow_request_sent': None,
            'followers_count': 91,
            'following': None,
            'friends_count': 185,
            'geo_enabled': False,
            'has_extended_profile': False,
            'id': 910866887084580864,
            'id_str': '910866887084580864',
            'is_translation_enabled': False,
            'is_translator': False,
            'lang': None,
            'listed_count': 0,
            'location': '',
            'name': 'Antonio Matassa',
            'notifications': None,
            'profile_background_color': 'F5F8FA',
            'profile_background_image_url': None,
            'profile_background_image_url_https': None,
            'profile_background_tile': False,
            'profile_image_url': 'http://pbs.twimg.com/profile_images/1076211356767014912/-UQ3BETF_normal.jpg',
            'profile_image_url_https': 'https://pbs.twimg.com/profile_images/1076211356767014912/-UQ3BETF_normal.jpg',
            'profile_link_color': '1DA1F2',
            'profile_sidebar_border_color': 'C0DEED',
            'profile_sidebar_fill_color': 'DDEEF6',
            'profile_text_color': '333333',
            'profile_use_background_image': True,
            'protected': False,
            'screen_name': 'MatassaAntonio',
            'statuses_count': 4329,
            'time_zone': None,
            'translator_type': 'none',
            'url': None,
            'utc_offset': None,
            'verified': False}}
----------Summary----------
{ 'entities': {},
  'id_str': '1156651604013191168',
  'retweeted_status': { 'entities': { 'urls': { 'display_url': 'twitter.com/i/web/status/1…',
                                                'expanded_url': 'https://twitter.com/i/web/status/1156646864609001473'}},
                        'id_str': '1156646864609001473',
                        'text': 'fed chair powell asked at fed rate cut press '
                                'conference about real time payment systemby '
                                'politico journo . he sai '
                                'https://t.co/iywffnhxap',
                        'user': { 'entities': {},
                                  'id_str': '849225260',
                                  'twitter_user': 'susietrader'}},
  'text': 'rt @susietrader: fed chair powell asked at fed rate cut press '
          'conference about real time payment systemby politico journo . he '
          'said us ve',
  'user': { 'entities': {},
            'id_str': '910866887084580864',
            'twitter_user': 'MatassaAntonio'}}
----------Groups----------
{ 'Bitcoin': ['bitcoin', 'Bitcoin', 'btc', 'satoshi nakamoto'],
  'Ethereum': ['ethereum', 'Ethereum', 'eth', 'vitalik buterin'],
  'Litecoin': ['litecoin', 'Litecoin', 'ltc', 'charles lee'],
  'Monero': ['monero', 'Monero', 'xmr', 'riccardo spagni'],
  'Ripple': [ 'ripple',
              'Ripple',
              'xrp',
              'xrapid',
              'xcurrent',
              'chris larsen',
              'jed mccaleb']}
---------------------------Fetch-------2019-07-31 15:56:34.011235: Tweet filed under "misc":----------Data----------
{ 'contributors': None,
  'coordinates': None,
  'created_at': 'Wed Jul 31 19:40:03 +0000 2019',
  'entities': { 'hashtags': [],
                'symbols': [],
                'urls': [ { 'display_url': 'twitter.com/i/web/status/1…',
                            'expanded_url': 'https://twitter.com/i/web/status/1156650754163257345',
                            'indices': [117, 140],
                            'url': 'https://t.co/xOLHB9Gl5X'}],
                'user_mentions': [ { 'id': 926149790269935618,
                                     'id_str': '926149790269935618',
                                     'indices': [0, 15],
                                     'name': 'Tavern WI Sports',
                                     'screen_name': 'TavernWISports'}]},
  'favorite_count': 0,
  'favorited': False,
  'geo': None,
  'id': 1156650754163257345,
  'id_str': '1156650754163257345',
  'in_reply_to_screen_name': 'TavernWISports',
  'in_reply_to_status_id': 1156638273667649536,
  'in_reply_to_status_id_str': '1156638273667649536',
  'in_reply_to_user_id': 926149790269935618,
  'in_reply_to_user_id_str': '926149790269935618',
  'is_quote_status': False,
  'lang': 'en',
  'metadata': {'iso_language_code': 'en', 'result_type': 'recent'},
  'place': None,
  'retweet_count': 0,
  'retweeted': False,
  'source': '<a href="http://twitter.com/download/iphone" '
            'rel="nofollow">Twitter for iPhone</a>',
  'text': '@TavernWISports Right now I am hoping and praying somebody does not '
          'pass their physical in this trade is voided, an… '
          'https://t.co/xOLHB9Gl5X',
  'truncated': True,
  'user': { 'contributors_enabled': False,
            'created_at': 'Sat Mar 17 13:17:06 +0000 2012',
            'default_profile': True,
            'default_profile_image': False,
            'description': '',
            'entities': {'description': {'urls': []}},
            'favourites_count': 725,
            'follow_request_sent': None,
            'followers_count': 21,
            'following': None,
            'friends_count': 171,
            'geo_enabled': False,
            'has_extended_profile': False,
            'id': 527445902,
            'id_str': '527445902',
            'is_translation_enabled': False,
            'is_translator': False,
            'lang': None,
            'listed_count': 1,
            'location': 'WI',
            'name': 'Dave Gaulke',
            'notifications': None,
            'profile_background_color': 'C0DEED',
            'profile_background_image_url': 'http://abs.twimg.com/images/themes/theme1/bg.png',
            'profile_background_image_url_https': 'https://abs.twimg.com/images/themes/theme1/bg.png',
            'profile_background_tile': False,
            'profile_image_url': 'http://pbs.twimg.com/profile_images/2152227349/image_normal.jpg',
            'profile_image_url_https': 'https://pbs.twimg.com/profile_images/2152227349/image_normal.jpg',
            'profile_link_color': '1DA1F2',
            'profile_sidebar_border_color': 'C0DEED',
            'profile_sidebar_fill_color': 'DDEEF6',
            'profile_text_color': '333333',
            'profile_use_background_image': True,
            'protected': False,
            'screen_name': 'DaveGaulke',
            'statuses_count': 1146,
            'time_zone': None,
            'translator_type': 'none',
            'url': None,
            'utc_offset': None,
            'verified': False}}
----------Summary----------
{ 'entities': { 'urls': { 'display_url': 'twitter.com/i/web/status/1…',
                          'expanded_url': 'https://twitter.com/i/web/status/1156650754163257345'}},
  'id_str': '1156650754163257345',
  'text': '@tavernwisports right now i am hoping and praying somebody does not '
          'pass their physical in this trade is voided, an '
          'https://t.co/xolhb9gl5x',
  'user': {'entities': {}, 'id_str': '527445902', 'twitter_user': 'DaveGaulke'}}
----------Groups----------
{ 'Bitcoin': ['bitcoin', 'Bitcoin', 'btc', 'satoshi nakamoto'],
  'Ethereum': ['ethereum', 'Ethereum', 'eth', 'vitalik buterin'],
  'Litecoin': ['litecoin', 'Litecoin', 'ltc', 'charles lee'],
  'Monero': ['monero', 'Monero', 'xmr', 'riccardo spagni'],
  'Ripple': [ 'ripple',
              'Ripple',
              'xrp',
              'xrapid',
              'xcurrent',
              'chris larsen',
              'jed mccaleb']}
---------------------------Fetch-------2019-07-31 15:56:34.523008: Tweet filed under "misc":----------Data----------
{ 'contributors': None,
  'coordinates': None,
  'created_at': 'Wed Jul 31 19:39:47 +0000 2019',
  'entities': { 'hashtags': [],
                'symbols': [],
                'urls': [],
                'user_mentions': [ { 'id': 253377135,
                                     'id_str': '253377135',
                                     'indices': [3, 13],
                                     'name': 'Annie Zak',
                                     'screen_name': 'annie_zak'}]},
  'favorite_count': 0,
  'favorited': False,
  'geo': None,
  'id': 1156650683715575808,
  'id_str': '1156650683715575808',
  'in_reply_to_screen_name': None,
  'in_reply_to_status_id': None,
  'in_reply_to_status_id_str': None,
  'in_reply_to_user_id': None,
  'in_reply_to_user_id_str': None,
  'is_quote_status': False,
  'lang': 'en',
  'metadata': {'iso_language_code': 'en', 'result_type': 'recent'},
  'place': None,
  'retweet_count': 7,
  'retweeted': False,
  'retweeted_status': { 'contributors': None,
                        'coordinates': None,
                        'created_at': 'Wed Jul 31 17:35:24 +0000 2019',
                        'entities': { 'hashtags': [],
                                      'symbols': [],
                                      'urls': [ { 'display_url': 'twitter.com/i/web/status/1…',
                                                  'expanded_url': 'https://twitter.com/i/web/status/1156619380886659072',
                                                  'indices': [117, 140],
                                                  'url': 'https://t.co/WYUa2uPwJt'}],
                                      'user_mentions': []},
                        'favorite_count': 7,
                        'favorited': False,
                        'geo': None,
                        'id': 1156619380886659072,
                        'id_str': '1156619380886659072',
                        'in_reply_to_screen_name': None,
                        'in_reply_to_status_id': None,
                        'in_reply_to_status_id_str': None,
                        'in_reply_to_user_id': None,
                        'in_reply_to_user_id_str': None,
                        'is_quote_status': False,
                        'lang': 'en',
                        'metadata': { 'iso_language_code': 'en',
                                      'result_type': 'recent'},
                        'place': None,
                        'possibly_sensitive': False,
                        'retweet_count': 7,
                        'retweeted': False,
                        'source': '<a href="https://mobile.twitter.com" '
                                  'rel="nofollow">Twitter Web App</a>',
                        'text': 'The Alaska ferry workers strike has been '
                                'going on for a week. \n'
                                '\n'
                                'In the tiny Southeast community of Pelican, '
                                'which d… https://t.co/WYUa2uPwJt',
                        'truncated': True,
                        'user': { 'contributors_enabled': False,
                                  'created_at': 'Thu Feb 17 03:29:19 +0000 '
                                                '2011',
                                  'default_profile': False,
                                  'default_profile_image': False,
                                  'description': 'Biz/econ reporter in Alaska '
                                                 '@adndotcom. Past: '
                                                 '@ocregister @PSBJ '
                                                 '@columbiajourn. Cat mom. '
                                                 'Chicagolander. Midwest '
                                                 'forever. Host '
                                                 '@outnorthradio. Tips: '
                                                 'azak@adn.com',
                                  'entities': { 'description': {'urls': []},
                                                'url': { 'urls': [ { 'display_url': 'anniezak.com',
                                                                     'expanded_url': 'http://anniezak.com',
                                                                     'indices': [ 0,
                                                                                  23],
                                                                     'url': 'https://t.co/YA0YyL7xdE'}]}},
                                  'favourites_count': 19587,
                                  'follow_request_sent': None,
                                  'followers_count': 2781,
                                  'following': None,
                                  'friends_count': 4929,
                                  'geo_enabled': False,
                                  'has_extended_profile': True,
                                  'id': 253377135,
                                  'id_str': '253377135',
                                  'is_translation_enabled': False,
                                  'is_translator': False,
                                  'lang': None,
                                  'listed_count': 117,
                                  'location': 'Anchorage',
                                  'name': 'Annie Zak',
                                  'notifications': None,
                                  'profile_background_color': '352726',
                                  'profile_background_image_url': 'http://abs.twimg.com/images/themes/theme5/bg.gif',
                                  'profile_background_image_url_https': 'https://abs.twimg.com/images/themes/theme5/bg.gif',
                                  'profile_background_tile': True,
                                  'profile_banner_url': 'https://pbs.twimg.com/profile_banners/253377135/1437854181',
                                  'profile_image_url': 'http://pbs.twimg.com/profile_images/1147990328122605568/AaKYTUxT_normal.jpg',
                                  'profile_image_url_https': 'https://pbs.twimg.com/profile_images/1147990328122605568/AaKYTUxT_normal.jpg',
                                  'profile_link_color': '38704A',
                                  'profile_sidebar_border_color': '829D5E',
                                  'profile_sidebar_fill_color': '99CC33',
                                  'profile_text_color': '3E4415',
                                  'profile_use_background_image': True,
                                  'protected': False,
                                  'screen_name': 'annie_zak',
                                  'statuses_count': 11213,
                                  'time_zone': None,
                                  'translator_type': 'none',
                                  'url': 'https://t.co/YA0YyL7xdE',
                                  'utc_offset': None,
                                  'verified': False}},
  'source': '<a href="http://twitter.com/download/iphone" '
            'rel="nofollow">Twitter for iPhone</a>',
  'text': 'RT @annie_zak: The Alaska ferry workers strike has been going on '
          'for a week. \n'
          '\n'
          "In the tiny Southeast community of Pelican, which doesn't ha…",
  'truncated': False,
  'user': { 'contributors_enabled': False,
            'created_at': 'Sun Sep 11 03:35:41 +0000 2011',
            'default_profile': True,
            'default_profile_image': False,
            'description': 'Writes / @akpublicnews🎙📸📱💻📧kswann@alaskapublic.org',
            'entities': { 'description': {'urls': []},
                          'url': { 'urls': [ { 'display_url': 'alaskapublic.org/newsletters/',
                                               'expanded_url': 'https://www.alaskapublic.org/newsletters/',
                                               'indices': [0, 23],
                                               'url': 'https://t.co/Avg99clbAU'}]}},
            'favourites_count': 4379,
            'follow_request_sent': None,
            'followers_count': 2005,
            'following': None,
            'friends_count': 1521,
            'geo_enabled': True,
            'has_extended_profile': False,
            'id': 371574354,
            'id_str': '371574354',
            'is_translation_enabled': False,
            'is_translator': False,
            'lang': None,
            'listed_count': 92,
            'location': 'Anchorage, AK',
            'name': 'Kirsten Swann',
            'notifications': None,
            'profile_background_color': 'C0DEED',
            'profile_background_image_url': 'http://abs.twimg.com/images/themes/theme1/bg.png',
            'profile_background_image_url_https': 'https://abs.twimg.com/images/themes/theme1/bg.png',
            'profile_background_tile': False,
            'profile_banner_url': 'https://pbs.twimg.com/profile_banners/371574354/1543008405',
            'profile_image_url': 'http://pbs.twimg.com/profile_images/1066080629677158400/IJqnjYjt_normal.jpg',
            'profile_image_url_https': 'https://pbs.twimg.com/profile_images/1066080629677158400/IJqnjYjt_normal.jpg',
            'profile_link_color': '1DA1F2',
            'profile_sidebar_border_color': 'C0DEED',
            'profile_sidebar_fill_color': 'DDEEF6',
            'profile_text_color': '333333',
            'profile_use_background_image': True,
            'protected': False,
            'screen_name': 'kirsteswann',
            'statuses_count': 5567,
            'time_zone': None,
            'translator_type': 'none',
            'url': 'https://t.co/Avg99clbAU',
            'utc_offset': None,
            'verified': False}}
----------Summary----------
{ 'entities': {},
  'id_str': '1156650683715575808',
  'retweeted_status': { 'entities': { 'urls': { 'display_url': 'twitter.com/i/web/status/1…',
                                                'expanded_url': 'https://twitter.com/i/web/status/1156619380886659072'}},
                        'id_str': '1156619380886659072',
                        'text': 'the alaska ferry workers strike has been '
                                'going on for a week.   in the tiny southeast '
                                'community of pelican, which d '
                                'https://t.co/wyua2upwjt',
                        'user': { 'entities': {},
                                  'id_str': '253377135',
                                  'twitter_user': 'annie_zak'}},
  'text': 'rt @annie_zak: the alaska ferry workers strike has been going on '
          'for a week.   in the tiny southeast community of pelican, which '
          "doesn't ha",
  'user': { 'entities': {},
            'id_str': '371574354',
            'twitter_user': 'kirsteswann'}}
----------Groups----------
{ 'Bitcoin': ['bitcoin', 'Bitcoin', 'btc', 'satoshi nakamoto'],
  'Ethereum': ['ethereum', 'Ethereum', 'eth', 'vitalik buterin'],
  'Litecoin': ['litecoin', 'Litecoin', 'ltc', 'charles lee'],
  'Monero': ['monero', 'Monero', 'xmr', 'riccardo spagni'],
  'Ripple': [ 'ripple',
              'Ripple',
              'xrp',
              'xrapid',
              'xcurrent',
              'chris larsen',
              'jed mccaleb']}
---------------------------Fetch-------2019-07-31 15:56:35.111176: Tweet filed under "misc":----------Data----------
{ 'contributors': None,
  'coordinates': None,
  'created_at': 'Wed Jul 31 19:39:18 +0000 2019',
  'entities': { 'hashtags': [ {'indices': [71, 84], 'text': 'calisthenics'},
                              {'indices': [85, 96], 'text': 'gymnastics'},
                              {'indices': [97, 108], 'text': 'stretching'}],
                'symbols': [],
                'urls': [ { 'display_url': 'twitter.com/i/web/status/1…',
                            'expanded_url': 'https://twitter.com/i/web/status/1156650563641204736',
                            'indices': [110, 133],
                            'url': 'https://t.co/2PX1v2t1mP'}],
                'user_mentions': []},
  'favorite_count': 0,
  'favorited': False,
  'geo': None,
  'id': 1156650563641204736,
  'id_str': '1156650563641204736',
  'in_reply_to_screen_name': None,
  'in_reply_to_status_id': None,
  'in_reply_to_status_id_str': None,
  'in_reply_to_user_id': None,
  'in_reply_to_user_id_str': None,
  'is_quote_status': False,
  'lang': 'en',
  'metadata': {'iso_language_code': 'en', 'result_type': 'recent'},
  'place': None,
  'possibly_sensitive': False,
  'retweet_count': 0,
  'retweeted': False,
  'source': '<a href="http://instagram.com" rel="nofollow">Instagram</a>',
  'text': 'Thanks adamtimm81 for the stall bars. They are going to come in '
          'handy! #calisthenics #gymnastics #stretching… '
          'https://t.co/2PX1v2t1mP',
  'truncated': True,
  'user': { 'contributors_enabled': False,
            'created_at': 'Fri Feb 18 16:39:39 +0000 2011',
            'default_profile': True,
            'default_profile_image': False,
            'description': 'Husband. Dad. Personal Trainer.',
            'entities': { 'description': {'urls': []},
                          'url': { 'urls': [ { 'display_url': 'atkinshealthandfitness.com',
                                               'expanded_url': 'http://www.atkinshealthandfitness.com',
                                               'indices': [0, 22],
                                               'url': 'http://t.co/FnkNEvCHvG'}]}},
            'favourites_count': 24,
            'follow_request_sent': None,
            'followers_count': 91,
            'following': None,
            'friends_count': 107,
            'geo_enabled': False,
            'has_extended_profile': False,
            'id': 254113880,
            'id_str': '254113880',
            'is_translation_enabled': False,
            'is_translator': False,
            'lang': None,
            'listed_count': 5,
            'location': 'Indianapolis',
            'name': 'Chris Atkins',
            'notifications': None,
            'profile_background_color': 'C0DEED',
            'profile_background_image_url': 'http://abs.twimg.com/images/themes/theme1/bg.png',
            'profile_background_image_url_https': 'https://abs.twimg.com/images/themes/theme1/bg.png',
            'profile_background_tile': False,
            'profile_image_url': 'http://pbs.twimg.com/profile_images/378800000686022110/676d059ceb8e4059941adf48fbc1c470_normal.jpeg',
            'profile_image_url_https': 'https://pbs.twimg.com/profile_images/378800000686022110/676d059ceb8e4059941adf48fbc1c470_normal.jpeg',
            'profile_link_color': '1DA1F2',
            'profile_sidebar_border_color': 'C0DEED',
            'profile_sidebar_fill_color': 'DDEEF6',
            'profile_text_color': '333333',
            'profile_use_background_image': True,
            'protected': False,
            'screen_name': 'revatkins82',
            'statuses_count': 511,
            'time_zone': None,
            'translator_type': 'none',
            'url': 'http://t.co/FnkNEvCHvG',
            'utc_offset': None,
            'verified': False}}
----------Summary----------
{ 'entities': { 'urls': { 'display_url': 'twitter.com/i/web/status/1…',
                          'expanded_url': 'https://twitter.com/i/web/status/1156650563641204736'}},
  'id_str': '1156650563641204736',
  'text': 'thanks adamtimm81 for the stall bars. they are going to come in '
          'handy! #calisthenics #gymnastics #stretching '
          'https://t.co/2px1v2t1mp',
  'user': { 'entities': {},
            'id_str': '254113880',
            'twitter_user': 'revatkins82'}}
----------Groups----------
{ 'Bitcoin': ['bitcoin', 'Bitcoin', 'btc', 'satoshi nakamoto'],
  'Ethereum': ['ethereum', 'Ethereum', 'eth', 'vitalik buterin'],
  'Litecoin': ['litecoin', 'Litecoin', 'ltc', 'charles lee'],
  'Monero': ['monero', 'Monero', 'xmr', 'riccardo spagni'],
  'Ripple': [ 'ripple',
              'Ripple',
              'xrp',
              'xrapid',
              'xcurrent',
              'chris larsen',
              'jed mccaleb']}
---------------------------Fetch-------2019-07-31 15:56:37.902170: Tweet filed under "misc":----------Data----------
{ 'contributors': None,
  'coordinates': None,
  'created_at': 'Wed Jul 31 19:37:40 +0000 2019',
  'entities': { 'hashtags': [],
                'symbols': [],
                'urls': [ { 'display_url': 'buff.ly/2Ycpbqd',
                            'expanded_url': 'https://buff.ly/2Ycpbqd',
                            'indices': [108, 131],
                            'url': 'https://t.co/8SSd9hc6se'}],
                'user_mentions': [ { 'id': 918922778073620481,
                                     'id_str': '918922778073620481',
                                     'indices': [3, 13],
                                     'name': 'CoinMetro',
                                     'screen_name': 'CoinMetro'}]},
  'favorite_count': 0,
  'favorited': False,
  'geo': None,
  'id': 1156650150892380160,
  'id_str': '1156650150892380160',
  'in_reply_to_screen_name': None,
  'in_reply_to_status_id': None,
  'in_reply_to_status_id_str': None,
  'in_reply_to_user_id': None,
  'in_reply_to_user_id_str': None,
  'is_quote_status': False,
  'lang': 'en',
  'metadata': {'iso_language_code': 'en', 'result_type': 'recent'},
  'place': None,
  'possibly_sensitive': False,
  'retweet_count': 2,
  'retweeted': False,
  'retweeted_status': { 'contributors': None,
                        'coordinates': None,
                        'created_at': 'Wed Jul 31 17:15:05 +0000 2019',
                        'entities': { 'hashtags': [],
                                      'symbols': [],
                                      'urls': [ { 'display_url': 'twitter.com/i/web/status/1…',
                                                  'expanded_url': 'https://twitter.com/i/web/status/1156614271129784320',
                                                  'indices': [94, 117],
                                                  'url': 'https://t.co/eIW6QPNxIf'}],
                                      'user_mentions': []},
                        'favorite_count': 1,
                        'favorited': False,
                        'geo': None,
                        'id': 1156614271129784320,
                        'id_str': '1156614271129784320',
                        'in_reply_to_screen_name': None,
                        'in_reply_to_status_id': None,
                        'in_reply_to_status_id_str': None,
                        'in_reply_to_user_id': None,
                        'in_reply_to_user_id_str': None,
                        'is_quote_status': False,
                        'lang': 'en',
                        'metadata': { 'iso_language_code': 'en',
                                      'result_type': 'recent'},
                        'place': None,
                        'possibly_sensitive': False,
                        'retweet_count': 2,
                        'retweeted': False,
                        'source': '<a href="https://buffer.com" '
                                  'rel="nofollow">Buffer</a>',
                        'text': 'Remember, you can always listen to "This Week '
                                'in Crypto" on-the-go on our SoundCloud '
                                'channel… https://t.co/eIW6QPNxIf',
                        'truncated': True,
                        'user': { 'contributors_enabled': False,
                                  'created_at': 'Fri Oct 13 19:33:57 +0000 '
                                                '2017',
                                  'default_profile': False,
                                  'default_profile_image': False,
                                  'description': 'https://t.co/IzjPxs3hv0 A '
                                                 'one-of-a-kind, fintech '
                                                 'platform fueling the future '
                                                 'of blockchain innovation.',
                                  'entities': { 'description': { 'urls': [ { 'display_url': 't.me/CoinMetro',
                                                                             'expanded_url': 'https://t.me/CoinMetro',
                                                                             'indices': [ 0,
                                                                                          23],
                                                                             'url': 'https://t.co/IzjPxs3hv0'}]},
                                                'url': { 'urls': [ { 'display_url': 'coinmetro.com',
                                                                     'expanded_url': 'http://coinmetro.com',
                                                                     'indices': [ 0,
                                                                                  23],
                                                                     'url': 'https://t.co/3vjC4Wlko6'}]}},
                                  'favourites_count': 221,
                                  'follow_request_sent': None,
                                  'followers_count': 3883,
                                  'following': None,
                                  'friends_count': 93,
                                  'geo_enabled': False,
                                  'has_extended_profile': True,
                                  'id': 918922778073620481,
                                  'id_str': '918922778073620481',
                                  'is_translation_enabled': False,
                                  'is_translator': False,
                                  'lang': None,
                                  'listed_count': 68,
                                  'location': 'Tallinn, Estonia',
                                  'name': 'CoinMetro',
                                  'notifications': None,
                                  'profile_background_color': '000000',
                                  'profile_background_image_url': 'http://abs.twimg.com/images/themes/theme1/bg.png',
                                  'profile_background_image_url_https': 'https://abs.twimg.com/images/themes/theme1/bg.png',
                                  'profile_background_tile': False,
                                  'profile_banner_url': 'https://pbs.twimg.com/profile_banners/918922778073620481/1546414276',
                                  'profile_image_url': 'http://pbs.twimg.com/profile_images/1080365557894078464/SjqY5vrl_normal.jpg',
                                  'profile_image_url_https': 'https://pbs.twimg.com/profile_images/1080365557894078464/SjqY5vrl_normal.jpg',
                                  'profile_link_color': 'FAB81E',
                                  'profile_sidebar_border_color': '000000',
                                  'profile_sidebar_fill_color': '000000',
                                  'profile_text_color': '000000',
                                  'profile_use_background_image': False,
                                  'protected': False,
                                  'screen_name': 'CoinMetro',
                                  'statuses_count': 1433,
                                  'time_zone': None,
                                  'translator_type': 'none',
                                  'url': 'https://t.co/3vjC4Wlko6',
                                  'utc_offset': None,
                                  'verified': False}},
  'source': '<a href="http://twitter.com/download/iphone" '
            'rel="nofollow">Twitter for iPhone</a>',
  'text': 'RT @CoinMetro: Remember, you can always listen to "This Week in '
          'Crypto" on-the-go on our SoundCloud channel '
          'https://t.co/8SSd9hc6se\n'
          '#CoinMe…',
  'truncated': False,
  'user': { 'contributors_enabled': False,
            'created_at': 'Wed May 18 18:35:38 +0000 2016',
            'default_profile': True,
            'default_profile_image': False,
            'description': '#worldtraveling | #stickfigurefan | #FCTwente | '
                           '#cheers on the #everlastingweekend',
            'entities': {'description': {'urls': []}},
            'favourites_count': 992,
            'follow_request_sent': None,
            'followers_count': 70,
            'following': None,
            'friends_count': 201,
            'geo_enabled': False,
            'has_extended_profile': True,
            'id': 733003126203125762,
            'id_str': '733003126203125762',
            'is_translation_enabled': False,
            'is_translator': False,
            'lang': None,
            'listed_count': 0,
            'location': 'Traveling south east asia',
            'name': 'Sander van Eyck',
            'notifications': None,
            'profile_background_color': 'F5F8FA',
            'profile_background_image_url': None,
            'profile_background_image_url_https': None,
            'profile_background_tile': False,
            'profile_banner_url': 'https://pbs.twimg.com/profile_banners/733003126203125762/1463603408',
            'profile_image_url': 'http://pbs.twimg.com/profile_images/733031178823970818/YFarxqte_normal.jpg',
            'profile_image_url_https': 'https://pbs.twimg.com/profile_images/733031178823970818/YFarxqte_normal.jpg',
            'profile_link_color': '1DA1F2',
            'profile_sidebar_border_color': 'C0DEED',
            'profile_sidebar_fill_color': 'DDEEF6',
            'profile_text_color': '333333',
            'profile_use_background_image': True,
            'protected': False,
            'screen_name': 'SanderEyck',
            'statuses_count': 388,
            'time_zone': None,
            'translator_type': 'none',
            'url': None,
            'utc_offset': None,
            'verified': False}}
----------Summary----------
{ 'entities': { 'urls': { 'display_url': 'buff.ly/2Ycpbqd',
                          'expanded_url': 'https://buff.ly/2Ycpbqd'}},
  'id_str': '1156650150892380160',
  'retweeted_status': { 'entities': { 'urls': { 'display_url': 'twitter.com/i/web/status/1…',
                                                'expanded_url': 'https://twitter.com/i/web/status/1156614271129784320'}},
                        'id_str': '1156614271129784320',
                        'text': 'remember, you can always listen to "this week '
                                'in crypto" on-the-go on our soundcloud '
                                'channel https://t.co/eiw6qpnxif',
                        'user': { 'entities': {},
                                  'id_str': '918922778073620481',
                                  'twitter_user': 'CoinMetro'}},
  'text': 'rt @coinmetro: remember, you can always listen to "this week in '
          'crypto" on-the-go on our soundcloud channel https://t.co/8ssd9hc6se '
          '#coinme',
  'user': { 'entities': {},
            'id_str': '733003126203125762',
            'twitter_user': 'SanderEyck'}}
----------Groups----------
{ 'Bitcoin': ['bitcoin', 'Bitcoin', 'btc', 'satoshi nakamoto'],
  'Ethereum': ['ethereum', 'Ethereum', 'eth', 'vitalik buterin'],
  'Litecoin': ['litecoin', 'Litecoin', 'ltc', 'charles lee'],
  'Monero': ['monero', 'Monero', 'xmr', 'riccardo spagni'],
  'Ripple': [ 'ripple',
              'Ripple',
              'xrp',
              'xrapid',
              'xcurrent',
              'chris larsen',
              'jed mccaleb']}
---------------------------Fetch-------2019-07-31 15:56:38.211720: Tweet filed under "misc":----------Data----------
{ 'contributors': None,
  'coordinates': None,
  'created_at': 'Wed Jul 31 19:37:36 +0000 2019',
  'entities': { 'hashtags': [],
                'symbols': [],
                'urls': [],
                'user_mentions': [ { 'id': 849225260,
                                     'id_str': '849225260',
                                     'indices': [3, 15],
                                     'name': 'ESOTERIC TRADING SOLUTIONS',
                                     'screen_name': 'susietrader'}]},
  'favorite_count': 0,
  'favorited': False,
  'geo': None,
  'id': 1156650136178532352,
  'id_str': '1156650136178532352',
  'in_reply_to_screen_name': None,
  'in_reply_to_status_id': None,
  'in_reply_to_status_id_str': None,
  'in_reply_to_user_id': None,
  'in_reply_to_user_id_str': None,
  'is_quote_status': False,
  'lang': 'en',
  'metadata': {'iso_language_code': 'en', 'result_type': 'recent'},
  'place': None,
  'retweet_count': 8,
  'retweeted': False,
  'retweeted_status': { 'contributors': None,
                        'coordinates': None,
                        'created_at': 'Wed Jul 31 19:24:36 +0000 2019',
                        'entities': { 'hashtags': [],
                                      'symbols': [],
                                      'urls': [ { 'display_url': 'twitter.com/i/web/status/1…',
                                                  'expanded_url': 'https://twitter.com/i/web/status/1156646864609001473',
                                                  'indices': [117, 140],
                                                  'url': 'https://t.co/IYWFfnhXap'}],
                                      'user_mentions': []},
                        'favorite_count': 39,
                        'favorited': False,
                        'geo': None,
                        'id': 1156646864609001473,
                        'id_str': '1156646864609001473',
                        'in_reply_to_screen_name': None,
                        'in_reply_to_status_id': None,
                        'in_reply_to_status_id_str': None,
                        'in_reply_to_user_id': None,
                        'in_reply_to_user_id_str': None,
                        'is_quote_status': False,
                        'lang': 'en',
                        'metadata': { 'iso_language_code': 'en',
                                      'result_type': 'recent'},
                        'place': None,
                        'retweet_count': 8,
                        'retweeted': False,
                        'source': '<a '
                                  'href="http://twitter.com/download/iphone" '
                                  'rel="nofollow">Twitter for iPhone</a>',
                        'text': 'Fed Chair Powell asked at Fed rate cut press '
                                'conference “about real time payment system”by '
                                'Politico journo . He sai… '
                                'https://t.co/IYWFfnhXap',
                        'truncated': True,
                        'user': { 'contributors_enabled': False,
                                  'created_at': 'Thu Sep 27 13:05:27 +0000 '
                                                '2012',
                                  'default_profile': False,
                                  'default_profile_image': False,
                                  'description': '',
                                  'entities': { 'description': {'urls': []},
                                                'url': { 'urls': [ { 'display_url': 'esoterictradingsolutions.com.au',
                                                                     'expanded_url': 'https://www.esoterictradingsolutions.com.au/',
                                                                     'indices': [ 0,
                                                                                  23],
                                                                     'url': 'https://t.co/DBA1Qe6cUo'}]}},
                                  'favourites_count': 233,
                                  'follow_request_sent': None,
                                  'followers_count': 3770,
                                  'following': None,
                                  'friends_count': 909,
                                  'geo_enabled': False,
                                  'has_extended_profile': False,
                                  'id': 849225260,
                                  'id_str': '849225260',
                                  'is_translation_enabled': False,
                                  'is_translator': False,
                                  'lang': None,
                                  'listed_count': 11,
                                  'location': 'Melbourne, Victoria',
                                  'name': 'ESOTERIC TRADING SOLUTIONS',
                                  'notifications': None,
                                  'profile_background_color': '000000',
                                  'profile_background_image_url': 'http://abs.twimg.com/images/themes/theme1/bg.png',
                                  'profile_background_image_url_https': 'https://abs.twimg.com/images/themes/theme1/bg.png',
                                  'profile_background_tile': False,
                                  'profile_banner_url': 'https://pbs.twimg.com/profile_banners/849225260/1543821868',
                                  'profile_image_url': 'http://pbs.twimg.com/profile_images/1068526441715757056/I7GJZB9e_normal.jpg',
                                  'profile_image_url_https': 'https://pbs.twimg.com/profile_images/1068526441715757056/I7GJZB9e_normal.jpg',
                                  'profile_link_color': 'ABB8C2',
                                  'profile_sidebar_border_color': '000000',
                                  'profile_sidebar_fill_color': '000000',
                                  'profile_text_color': '000000',
                                  'profile_use_background_image': False,
                                  'protected': False,
                                  'screen_name': 'susietrader',
                                  'statuses_count': 795,
                                  'time_zone': None,
                                  'translator_type': 'none',
                                  'url': 'https://t.co/DBA1Qe6cUo',
                                  'utc_offset': None,
                                  'verified': False}},
  'source': '<a href="http://twitter.com/download/android" '
            'rel="nofollow">Twitter for Android</a>',
  'text': 'RT @susietrader: Fed Chair Powell asked at Fed rate cut press '
          'conference “about real time payment system”by Politico journo . He '
          'said US ve…',
  'truncated': False,
  'user': { 'contributors_enabled': False,
            'created_at': 'Sat Aug 16 10:39:03 +0000 2008',
            'default_profile': False,
            'default_profile_image': False,
            'description': '',
            'entities': {'description': {'urls': []}},
            'favourites_count': 17436,
            'follow_request_sent': None,
            'followers_count': 2174,
            'following': None,
            'friends_count': 1853,
            'geo_enabled': True,
            'has_extended_profile': False,
            'id': 15872534,
            'id_str': '15872534',
            'is_translation_enabled': False,
            'is_translator': False,
            'lang': None,
            'listed_count': 26,
            'location': '',
            'name': 'Luke Thomas',
            'notifications': None,
            'profile_background_color': '022330',
            'profile_background_image_url': 'http://abs.twimg.com/images/themes/theme15/bg.png',
            'profile_background_image_url_https': 'https://abs.twimg.com/images/themes/theme15/bg.png',
            'profile_background_tile': False,
            'profile_banner_url': 'https://pbs.twimg.com/profile_banners/15872534/1518108067',
            'profile_image_url': 'http://pbs.twimg.com/profile_images/1038800092046606336/rpQgGxw-_normal.jpg',
            'profile_image_url_https': 'https://pbs.twimg.com/profile_images/1038800092046606336/rpQgGxw-_normal.jpg',
            'profile_link_color': '0084B4',
            'profile_sidebar_border_color': 'A8C7F7',
            'profile_sidebar_fill_color': 'C0DFEC',
            'profile_text_color': '333333',
            'profile_use_background_image': True,
            'protected': False,
            'screen_name': 'lukeeboy',
            'statuses_count': 6796,
            'time_zone': None,
            'translator_type': 'none',
            'url': None,
            'utc_offset': None,
            'verified': False}}
----------Summary----------
{ 'entities': {},
  'id_str': '1156650136178532352',
  'retweeted_status': { 'entities': { 'urls': { 'display_url': 'twitter.com/i/web/status/1…',
                                                'expanded_url': 'https://twitter.com/i/web/status/1156646864609001473'}},
                        'id_str': '1156646864609001473',
                        'text': 'fed chair powell asked at fed rate cut press '
                                'conference about real time payment systemby '
                                'politico journo . he sai '
                                'https://t.co/iywffnhxap',
                        'user': { 'entities': {},
                                  'id_str': '849225260',
                                  'twitter_user': 'susietrader'}},
  'text': 'rt @susietrader: fed chair powell asked at fed rate cut press '
          'conference about real time payment systemby politico journo . he '
          'said us ve',
  'user': {'entities': {}, 'id_str': '15872534', 'twitter_user': 'lukeeboy'}}
----------Groups----------
{ 'Bitcoin': ['bitcoin', 'Bitcoin', 'btc', 'satoshi nakamoto'],
  'Ethereum': ['ethereum', 'Ethereum', 'eth', 'vitalik buterin'],
  'Litecoin': ['litecoin', 'Litecoin', 'ltc', 'charles lee'],
  'Monero': ['monero', 'Monero', 'xmr', 'riccardo spagni'],
  'Ripple': [ 'ripple',
              'Ripple',
              'xrp',
              'xrapid',
              'xcurrent',
              'chris larsen',
              'jed mccaleb']}
---------------------------Fetch-------2019-07-31 15:56:42.100971: Tweet filed under "misc":----------Data----------
{ 'contributors': None,
  'coordinates': None,
  'created_at': 'Wed Jul 31 19:35:40 +0000 2019',
  'entities': { 'hashtags': [],
                'symbols': [],
                'urls': [ { 'display_url': 'fca.org.uk/publication/po…',
                            'expanded_url': 'https://www.fca.org.uk/publication/policy/ps19-22.pdf',
                            'indices': [101, 124],
                            'url': 'https://t.co/exSftiVtra'}],
                'user_mentions': [ { 'id': 965065798845804544,
                                     'id_str': '965065798845804544',
                                     'indices': [3, 15],
                                     'name': 'OzAlphaWolf',
                                     'screen_name': 'OzAlphaWolf'}]},
  'favorite_count': 0,
  'favorited': False,
  'geo': None,
  'id': 1156649650557874176,
  'id_str': '1156649650557874176',
  'in_reply_to_screen_name': None,
  'in_reply_to_status_id': None,
  'in_reply_to_status_id_str': None,
  'in_reply_to_user_id': None,
  'in_reply_to_user_id_str': None,
  'is_quote_status': False,
  'lang': 'en',
  'metadata': {'iso_language_code': 'en', 'result_type': 'recent'},
  'place': None,
  'possibly_sensitive': False,
  'retweet_count': 89,
  'retweeted': False,
  'retweeted_status': { 'contributors': None,
                        'coordinates': None,
                        'created_at': 'Wed Jul 31 13:28:08 +0000 2019',
                        'entities': { 'hashtags': [],
                                      'symbols': [],
                                      'urls': [ { 'display_url': 'fca.org.uk/publication/po…',
                                                  'expanded_url': 'https://www.fca.org.uk/publication/policy/ps19-22.pdf',
                                                  'indices': [84, 107],
                                                  'url': 'https://t.co/exSftiVtra'},
                                                { 'display_url': 'twitter.com/i/web/status/1…',
                                                  'expanded_url': 'https://twitter.com/i/web/status/1156557155668877317',
                                                  'indices': [117, 140],
                                                  'url': 'https://t.co/LLT8BsyMjV'}],
                                      'user_mentions': []},
                        'favorite_count': 253,
                        'favorited': False,
                        'geo': None,
                        'id': 1156557155668877317,
                        'id_str': '1156557155668877317',
                        'in_reply_to_screen_name': None,
                        'in_reply_to_status_id': None,
                        'in_reply_to_status_id_str': None,
                        'in_reply_to_user_id': None,
                        'in_reply_to_user_id_str': None,
                        'is_quote_status': False,
                        'lang': 'en',
                        'metadata': { 'iso_language_code': 'en',
                                      'result_type': 'recent'},
                        'place': None,
                        'possibly_sensitive': False,
                        'retweet_count': 89,
                        'retweeted': False,
                        'source': '<a href="https://mobile.twitter.com" '
                                  'rel="nofollow">Twitter Web App</a>',
                        'text': 'Today the UK Financial Conduct Authority '
                                'released their "Guidance on cryptoassets".\n'
                                'https://t.co/exSftiVtra\n'
                                '\n'
                                'A case… https://t.co/LLT8BsyMjV',
                        'truncated': True,
                        'user': { 'contributors_enabled': False,
                                  'created_at': 'Sun Feb 18 03:29:51 +0000 '
                                                '2018',
                                  'default_profile': True,
                                  'default_profile_image': False,
                                  'description': '',
                                  'entities': { 'description': {'urls': []},
                                                'url': { 'urls': [ { 'display_url': 'xrpchat.com/profile/13421-…',
                                                                     'expanded_url': 'https://www.xrpchat.com/profile/13421-ozalphawolf/',
                                                                     'indices': [ 0,
                                                                                  23],
                                                                     'url': 'https://t.co/7vnNzVlr4R'}]}},
                                  'favourites_count': 4110,
                                  'follow_request_sent': None,
                                  'followers_count': 1204,
                                  'following': None,
                                  'friends_count': 287,
                                  'geo_enabled': False,
                                  'has_extended_profile': False,
                                  'id': 965065798845804544,
                                  'id_str': '965065798845804544',
                                  'is_translation_enabled': False,
                                  'is_translator': False,
                                  'lang': None,
                                  'listed_count': 2,
                                  'location': '',
                                  'name': 'OzAlphaWolf',
                                  'notifications': None,
                                  'profile_background_color': 'F5F8FA',
                                  'profile_background_image_url': None,
                                  'profile_background_image_url_https': None,
                                  'profile_background_tile': False,
                                  'profile_banner_url': 'https://pbs.twimg.com/profile_banners/965065798845804544/1518924845',
                                  'profile_image_url': 'http://pbs.twimg.com/profile_images/1131033240330891264/6pb-sWsH_normal.png',
                                  'profile_image_url_https': 'https://pbs.twimg.com/profile_images/1131033240330891264/6pb-sWsH_normal.png',
                                  'profile_link_color': '1DA1F2',
                                  'profile_sidebar_border_color': 'C0DEED',
                                  'profile_sidebar_fill_color': 'DDEEF6',
                                  'profile_text_color': '333333',
                                  'profile_use_background_image': True,
                                  'protected': False,
                                  'screen_name': 'OzAlphaWolf',
                                  'statuses_count': 1943,
                                  'time_zone': None,
                                  'translator_type': 'none',
                                  'url': 'https://t.co/7vnNzVlr4R',
                                  'utc_offset': None,
                                  'verified': False}},
  'source': '<a href="https://mobile.twitter.com" rel="nofollow">Twitter Web '
            'App</a>',
  'text': 'RT @OzAlphaWolf: Today the UK Financial Conduct Authority released '
          'their "Guidance on cryptoassets".\n'
          'https://t.co/exSftiVtra\n'
          '\n'
          'A case study…',
  'truncated': False,
  'user': { 'contributors_enabled': False,
            'created_at': 'Wed Sep 19 19:50:03 +0000 2012',
            'default_profile': True,
            'default_profile_image': False,
            'description': 'We travel not to escape life, but for life not to '
                           'escape us.😀😀',
            'entities': {'description': {'urls': []}},
            'favourites_count': 5885,
            'follow_request_sent': None,
            'followers_count': 142,
            'following': None,
            'friends_count': 276,
            'geo_enabled': False,
            'has_extended_profile': True,
            'id': 834019837,
            'id_str': '834019837',
            'is_translation_enabled': False,
            'is_translator': False,
            'lang': None,
            'listed_count': 1,
            'location': 'Bangladesh',
            'name': 'Nahidul Islam',
            'notifications': None,
            'profile_background_color': 'C0DEED',
            'profile_background_image_url': 'http://abs.twimg.com/images/themes/theme1/bg.png',
            'profile_background_image_url_https': 'https://abs.twimg.com/images/themes/theme1/bg.png',
            'profile_background_tile': False,
            'profile_banner_url': 'https://pbs.twimg.com/profile_banners/834019837/1513017876',
            'profile_image_url': 'http://pbs.twimg.com/profile_images/940290446651043840/PTl3AjK9_normal.jpg',
            'profile_image_url_https': 'https://pbs.twimg.com/profile_images/940290446651043840/PTl3AjK9_normal.jpg',
            'profile_link_color': '1DA1F2',
            'profile_sidebar_border_color': 'C0DEED',
            'profile_sidebar_fill_color': 'DDEEF6',
            'profile_text_color': '333333',
            'profile_use_background_image': True,
            'protected': False,
            'screen_name': 'nahid_yss',
            'statuses_count': 1585,
            'time_zone': None,
            'translator_type': 'none',
            'url': None,
            'utc_offset': None,
            'verified': False}}
----------Summary----------
{ 'entities': { 'urls': { 'display_url': 'fca.org.uk/publication/po…',
                          'expanded_url': 'https://www.fca.org.uk/publication/policy/ps19-22.pdf'}},
  'id_str': '1156649650557874176',
  'retweeted_status': { 'entities': { 'urls': { 'display_url': 'twitter.com/i/web/status/1…',
                                                'expanded_url': 'https://twitter.com/i/web/status/1156557155668877317'}},
                        'id_str': '1156557155668877317',
                        'text': 'today the uk financial conduct authority '
                                'released their "guidance on cryptoassets". '
                                'https://t.co/exsftivtra  a case '
                                'https://t.co/llt8bsymjv',
                        'user': { 'entities': {},
                                  'id_str': '965065798845804544',
                                  'twitter_user': 'OzAlphaWolf'}},
  'text': 'rt @ozalphawolf: today the uk financial conduct authority released '
          'their "guidance on cryptoassets". https://t.co/exsftivtra  a case '
          'study',
  'user': {'entities': {}, 'id_str': '834019837', 'twitter_user': 'nahid_yss'}}
----------Groups----------
{ 'Bitcoin': ['bitcoin', 'Bitcoin', 'btc', 'satoshi nakamoto'],
  'Ethereum': ['ethereum', 'Ethereum', 'eth', 'vitalik buterin'],
  'Litecoin': ['litecoin', 'Litecoin', 'ltc', 'charles lee'],
  'Monero': ['monero', 'Monero', 'xmr', 'riccardo spagni'],
  'Ripple': [ 'ripple',
              'Ripple',
              'xrp',
              'xrapid',
              'xcurrent',
              'chris larsen',
              'jed mccaleb']}
---------------------------Fetch-------2019-07-31 15:56:42.818995: Tweet filed under "misc":----------Data----------
{ 'contributors': None,
  'coordinates': None,
  'created_at': 'Wed Jul 31 19:52:50 +0000 2019',
  'entities': { 'hashtags': [],
                'symbols': [],
                'urls': [],
                'user_mentions': [ { 'id': 849225260,
                                     'id_str': '849225260',
                                     'indices': [3, 15],
                                     'name': 'ESOTERIC TRADING SOLUTIONS',
                                     'screen_name': 'susietrader'}]},
  'favorite_count': 0,
  'favorited': False,
  'geo': None,
  'id': 1156653970259136512,
  'id_str': '1156653970259136512',
  'in_reply_to_screen_name': None,
  'in_reply_to_status_id': None,
  'in_reply_to_status_id_str': None,
  'in_reply_to_user_id': None,
  'in_reply_to_user_id_str': None,
  'is_quote_status': False,
  'lang': 'en',
  'metadata': {'iso_language_code': 'en', 'result_type': 'recent'},
  'place': None,
  'retweet_count': 8,
  'retweeted': False,
  'retweeted_status': { 'contributors': None,
                        'coordinates': None,
                        'created_at': 'Wed Jul 31 19:24:36 +0000 2019',
                        'entities': { 'hashtags': [],
                                      'symbols': [],
                                      'urls': [ { 'display_url': 'twitter.com/i/web/status/1…',
                                                  'expanded_url': 'https://twitter.com/i/web/status/1156646864609001473',
                                                  'indices': [117, 140],
                                                  'url': 'https://t.co/IYWFfnhXap'}],
                                      'user_mentions': []},
                        'favorite_count': 39,
                        'favorited': False,
                        'geo': None,
                        'id': 1156646864609001473,
                        'id_str': '1156646864609001473',
                        'in_reply_to_screen_name': None,
                        'in_reply_to_status_id': None,
                        'in_reply_to_status_id_str': None,
                        'in_reply_to_user_id': None,
                        'in_reply_to_user_id_str': None,
                        'is_quote_status': False,
                        'lang': 'en',
                        'metadata': { 'iso_language_code': 'en',
                                      'result_type': 'recent'},
                        'place': None,
                        'retweet_count': 8,
                        'retweeted': False,
                        'source': '<a '
                                  'href="http://twitter.com/download/iphone" '
                                  'rel="nofollow">Twitter for iPhone</a>',
                        'text': 'Fed Chair Powell asked at Fed rate cut press '
                                'conference “about real time payment system”by '
                                'Politico journo . He sai… '
                                'https://t.co/IYWFfnhXap',
                        'truncated': True,
                        'user': { 'contributors_enabled': False,
                                  'created_at': 'Thu Sep 27 13:05:27 +0000 '
                                                '2012',
                                  'default_profile': False,
                                  'default_profile_image': False,
                                  'description': '',
                                  'entities': { 'description': {'urls': []},
                                                'url': { 'urls': [ { 'display_url': 'esoterictradingsolutions.com.au',
                                                                     'expanded_url': 'https://www.esoterictradingsolutions.com.au/',
                                                                     'indices': [ 0,
                                                                                  23],
                                                                     'url': 'https://t.co/DBA1Qe6cUo'}]}},
                                  'favourites_count': 233,
                                  'follow_request_sent': None,
                                  'followers_count': 3770,
                                  'following': None,
                                  'friends_count': 909,
                                  'geo_enabled': False,
                                  'has_extended_profile': False,
                                  'id': 849225260,
                                  'id_str': '849225260',
                                  'is_translation_enabled': False,
                                  'is_translator': False,
                                  'lang': None,
                                  'listed_count': 11,
                                  'location': 'Melbourne, Victoria',
                                  'name': 'ESOTERIC TRADING SOLUTIONS',
                                  'notifications': None,
                                  'profile_background_color': '000000',
                                  'profile_background_image_url': 'http://abs.twimg.com/images/themes/theme1/bg.png',
                                  'profile_background_image_url_https': 'https://abs.twimg.com/images/themes/theme1/bg.png',
                                  'profile_background_tile': False,
                                  'profile_banner_url': 'https://pbs.twimg.com/profile_banners/849225260/1543821868',
                                  'profile_image_url': 'http://pbs.twimg.com/profile_images/1068526441715757056/I7GJZB9e_normal.jpg',
                                  'profile_image_url_https': 'https://pbs.twimg.com/profile_images/1068526441715757056/I7GJZB9e_normal.jpg',
                                  'profile_link_color': 'ABB8C2',
                                  'profile_sidebar_border_color': '000000',
                                  'profile_sidebar_fill_color': '000000',
                                  'profile_text_color': '000000',
                                  'profile_use_background_image': False,
                                  'protected': False,
                                  'screen_name': 'susietrader',
                                  'statuses_count': 795,
                                  'time_zone': None,
                                  'translator_type': 'none',
                                  'url': 'https://t.co/DBA1Qe6cUo',
                                  'utc_offset': None,
                                  'verified': False}},
  'source': '<a href="http://twitter.com/download/android" '
            'rel="nofollow">Twitter for Android</a>',
  'text': 'RT @susietrader: Fed Chair Powell asked at Fed rate cut press '
          'conference “about real time payment system”by Politico journo . He '
          'said US ve…',
  'truncated': False,
  'user': { 'contributors_enabled': False,
            'created_at': 'Sat Aug 06 19:51:41 +0000 2011',
            'default_profile': False,
            'default_profile_image': False,
            'description': '',
            'entities': {'description': {'urls': []}},
            'favourites_count': 13942,
            'follow_request_sent': None,
            'followers_count': 323,
            'following': None,
            'friends_count': 1792,
            'geo_enabled': False,
            'has_extended_profile': False,
            'id': 349840063,
            'id_str': '349840063',
            'is_translation_enabled': False,
            'is_translator': False,
            'lang': None,
            'listed_count': 2,
            'location': '',
            'name': 'The Night Owl ⚡💧',
            'notifications': None,
            'profile_background_color': '000000',
            'profile_background_image_url': 'http://abs.twimg.com/images/themes/theme14/bg.gif',
            'profile_background_image_url_https': 'https://abs.twimg.com/images/themes/theme14/bg.gif',
            'profile_background_tile': False,
            'profile_banner_url': 'https://pbs.twimg.com/profile_banners/349840063/1544490875',
            'profile_image_url': 'http://pbs.twimg.com/profile_images/1072290568187858945/gt_GYI8g_normal.jpg',
            'profile_image_url_https': 'https://pbs.twimg.com/profile_images/1072290568187858945/gt_GYI8g_normal.jpg',
            'profile_link_color': '000000',
            'profile_sidebar_border_color': '000000',
            'profile_sidebar_fill_color': '000000',
            'profile_text_color': '000000',
            'profile_use_background_image': False,
            'protected': False,
            'screen_name': 'HOOS1693',
            'statuses_count': 3045,
            'time_zone': None,
            'translator_type': 'none',
            'url': None,
            'utc_offset': None,
            'verified': False}}
----------Summary----------
{ 'entities': {},
  'id_str': '1156653970259136512',
  'retweeted_status': { 'entities': { 'urls': { 'display_url': 'twitter.com/i/web/status/1…',
                                                'expanded_url': 'https://twitter.com/i/web/status/1156646864609001473'}},
                        'id_str': '1156646864609001473',
                        'text': 'fed chair powell asked at fed rate cut press '
                                'conference about real time payment systemby '
                                'politico journo . he sai '
                                'https://t.co/iywffnhxap',
                        'user': { 'entities': {},
                                  'id_str': '849225260',
                                  'twitter_user': 'susietrader'}},
  'text': 'rt @susietrader: fed chair powell asked at fed rate cut press '
          'conference about real time payment systemby politico journo . he '
          'said us ve',
  'user': {'entities': {}, 'id_str': '349840063', 'twitter_user': 'HOOS1693'}}
----------Groups----------
{ 'Bitcoin': ['bitcoin', 'Bitcoin', 'btc', 'satoshi nakamoto'],
  'Ethereum': ['ethereum', 'Ethereum', 'eth', 'vitalik buterin'],
  'Litecoin': ['litecoin', 'Litecoin', 'ltc', 'charles lee'],
  'Monero': ['monero', 'Monero', 'xmr', 'riccardo spagni'],
  'Ripple': [ 'ripple',
              'Ripple',
              'xrp',
              'xrapid',
              'xcurrent',
              'chris larsen',
              'jed mccaleb']}
---------------------------Fetch-------2019-07-31 15:56:44.048933: Tweet filed under "misc":----------Data----------
{ 'contributors': None,
  'coordinates': None,
  'created_at': 'Wed Jul 31 19:52:19 +0000 2019',
  'entities': { 'hashtags': [],
                'symbols': [],
                'urls': [ { 'display_url': 'twitter.com/i/web/status/1…',
                            'expanded_url': 'https://twitter.com/i/web/status/1156653837685534721',
                            'indices': [117, 140],
                            'url': 'https://t.co/I875pDv11p'}],
                'user_mentions': [ { 'id': 800718270798045185,
                                     'id_str': '800718270798045185',
                                     'indices': [0, 9],
                                     'name': 'beach chicken stan account Ⓥ',
                                     'screen_name': 'soypreme'}]},
  'favorite_count': 0,
  'favorited': False,
  'geo': None,
  'id': 1156653837685534721,
  'id_str': '1156653837685534721',
  'in_reply_to_screen_name': 'soypreme',
  'in_reply_to_status_id': 1156647038026690560,
  'in_reply_to_status_id_str': '1156647038026690560',
  'in_reply_to_user_id': 800718270798045185,
  'in_reply_to_user_id_str': '800718270798045185',
  'is_quote_status': False,
  'lang': 'en',
  'metadata': {'iso_language_code': 'en', 'result_type': 'recent'},
  'place': None,
  'retweet_count': 0,
  'retweeted': False,
  'source': '<a href="https://mobile.twitter.com" rel="nofollow">Twitter Web '
            'App</a>',
  'text': "@soypreme I'm vegan 23.5 years and cut out soy milk maybe 8 years "
          'ago since it is processed and most is GMO soy. Lo… '
          'https://t.co/I875pDv11p',
  'truncated': True,
  'user': { 'contributors_enabled': False,
            'created_at': 'Wed Dec 05 18:31:02 +0000 2018',
            'default_profile': False,
            'default_profile_image': False,
            'description': 'Never eat anything with a personality. Biocentric. '
                           'Aquarius. Up for puns. \n'
                           'https://t.co/orpwXdpMjS\n'
                           'https://t.co/KMXd6G3nhg',
            'entities': { 'description': { 'urls': [ { 'display_url': 'instagram.com/susan.anton/',
                                                       'expanded_url': 'https://www.instagram.com/susan.anton/',
                                                       'indices': [75, 98],
                                                       'url': 'https://t.co/orpwXdpMjS'},
                                                     { 'display_url': 'poppitstoothpaste.com',
                                                       'expanded_url': 'https://www.poppitstoothpaste.com',
                                                       'indices': [99, 122],
                                                       'url': 'https://t.co/KMXd6G3nhg'}]}},
            'favourites_count': 15444,
            'follow_request_sent': None,
            'followers_count': 570,
            'following': None,
            'friends_count': 1530,
            'geo_enabled': False,
            'has_extended_profile': False,
            'id': 1070385069834014727,
            'id_str': '1070385069834014727',
            'is_translation_enabled': False,
            'is_translator': False,
            'lang': None,
            'listed_count': 5,
            'location': 'New York, USA',
            'name': 'susan.anton Ⓥ',
            'notifications': None,
            'profile_background_color': '000000',
            'profile_background_image_url': 'http://abs.twimg.com/images/themes/theme1/bg.png',
            'profile_background_image_url_https': 'https://abs.twimg.com/images/themes/theme1/bg.png',
            'profile_background_tile': False,
            'profile_banner_url': 'https://pbs.twimg.com/profile_banners/1070385069834014727/1562735848',
            'profile_image_url': 'http://pbs.twimg.com/profile_images/1148824260682457088/XXeuGvi-_normal.png',
            'profile_image_url_https': 'https://pbs.twimg.com/profile_images/1148824260682457088/XXeuGvi-_normal.png',
            'profile_link_color': 'F58EA8',
            'profile_sidebar_border_color': '000000',
            'profile_sidebar_fill_color': '000000',
            'profile_text_color': '000000',
            'profile_use_background_image': False,
            'protected': False,
            'screen_name': 'vegansince96',
            'statuses_count': 5015,
            'time_zone': None,
            'translator_type': 'none',
            'url': None,
            'utc_offset': None,
            'verified': False}}
----------Summary----------
{ 'entities': { 'urls': { 'display_url': 'twitter.com/i/web/status/1…',
                          'expanded_url': 'https://twitter.com/i/web/status/1156653837685534721'}},
  'id_str': '1156653837685534721',
  'text': "@soypreme i'm vegan 23.5 years and cut out soy milk maybe 8 years "
          'ago since it is processed and most is gmo soy. lo '
          'https://t.co/i875pdv11p',
  'user': { 'entities': {},
            'id_str': '1070385069834014727',
            'twitter_user': 'vegansince96'}}
----------Groups----------
{ 'Bitcoin': ['bitcoin', 'Bitcoin', 'btc', 'satoshi nakamoto'],
  'Ethereum': ['ethereum', 'Ethereum', 'eth', 'vitalik buterin'],
  'Litecoin': ['litecoin', 'Litecoin', 'ltc', 'charles lee'],
  'Monero': ['monero', 'Monero', 'xmr', 'riccardo spagni'],
  'Ripple': [ 'ripple',
              'Ripple',
              'xrp',
              'xrapid',
              'xcurrent',
              'chris larsen',
              'jed mccaleb']}
---------------------------Fetch-------2019-07-31 15:56:46.094028: Tweet filed under "misc":----------Data----------
{ 'contributors': None,
  'coordinates': None,
  'created_at': 'Wed Jul 31 19:49:42 +0000 2019',
  'entities': { 'hashtags': [],
                'symbols': [],
                'urls': [ { 'display_url': 'twitter.com/i/web/status/1…',
                            'expanded_url': 'https://twitter.com/i/web/status/1156653180802887680',
                            'indices': [117, 140],
                            'url': 'https://t.co/zlC0kL9PYS'}],
                'user_mentions': []},
  'favorite_count': 1,
  'favorited': False,
  'geo': None,
  'id': 1156653180802887680,
  'id_str': '1156653180802887680',
  'in_reply_to_screen_name': None,
  'in_reply_to_status_id': None,
  'in_reply_to_status_id_str': None,
  'in_reply_to_user_id': None,
  'in_reply_to_user_id_str': None,
  'is_quote_status': False,
  'lang': 'en',
  'metadata': {'iso_language_code': 'en', 'result_type': 'recent'},
  'place': None,
  'possibly_sensitive': False,
  'retweet_count': 0,
  'retweeted': False,
  'source': '<a href="https://mobile.twitter.com" rel="nofollow">Twitter Web '
            'App</a>',
  'text': '... She even recruited 2 friends to help. She stops  strangers in '
          'the neighborhood to deliver her detailed speech a… '
          'https://t.co/zlC0kL9PYS',
  'truncated': True,
  'user': { 'contributors_enabled': False,
            'created_at': 'Wed Apr 29 15:47:10 +0000 2009',
            'default_profile': False,
            'default_profile_image': False,
            'description': 'Author Be Nice (Or Else!). Host MASTERS Audio '
                           'Club. Dean/Cofounder @paulmitchelledu. When you '
                           'start being nice, everyone wins! #keynote '
                           '#leadership #management',
            'entities': { 'description': {'urls': []},
                          'url': { 'urls': [ { 'display_url': 'winnclaybaugh.com',
                                               'expanded_url': 'http://www.winnclaybaugh.com',
                                               'indices': [0, 23],
                                               'url': 'https://t.co/juJgplnB1G'}]}},
            'favourites_count': 2319,
            'follow_request_sent': None,
            'followers_count': 8557,
            'following': None,
            'friends_count': 1432,
            'geo_enabled': False,
            'has_extended_profile': False,
            'id': 36389311,
            'id_str': '36389311',
            'is_translation_enabled': False,
            'is_translator': False,
            'lang': None,
            'listed_count': 52,
            'location': 'Long Beach, CA',
            'name': 'Winn Claybaugh',
            'notifications': None,
            'profile_background_color': '000000',
            'profile_background_image_url': 'http://abs.twimg.com/images/themes/theme1/bg.png',
            'profile_background_image_url_https': 'https://abs.twimg.com/images/themes/theme1/bg.png',
            'profile_background_tile': False,
            'profile_banner_url': 'https://pbs.twimg.com/profile_banners/36389311/1558029580',
            'profile_image_url': 'http://pbs.twimg.com/profile_images/690007615628283904/aNhuos_D_normal.jpg',
            'profile_image_url_https': 'https://pbs.twimg.com/profile_images/690007615628283904/aNhuos_D_normal.jpg',
            'profile_link_color': '3B94D9',
            'profile_sidebar_border_color': 'BDDCAD',
            'profile_sidebar_fill_color': '789ADE',
            'profile_text_color': '333333',
            'profile_use_background_image': True,
            'protected': False,
            'screen_name': 'WinnClaybaugh',
            'statuses_count': 6634,
            'time_zone': None,
            'translator_type': 'none',
            'url': 'https://t.co/juJgplnB1G',
            'utc_offset': None,
            'verified': False}}
----------Summary----------
{ 'entities': { 'urls': { 'display_url': 'twitter.com/i/web/status/1…',
                          'expanded_url': 'https://twitter.com/i/web/status/1156653180802887680'}},
  'id_str': '1156653180802887680',
  'text': '... she even recruited 2 friends to help. she stops  strangers in '
          'the neighborhood to deliver her detailed speech a '
          'https://t.co/zlc0kl9pys',
  'user': { 'entities': {},
            'id_str': '36389311',
            'twitter_user': 'WinnClaybaugh'}}
----------Groups----------
{ 'Bitcoin': ['bitcoin', 'Bitcoin', 'btc', 'satoshi nakamoto'],
  'Ethereum': ['ethereum', 'Ethereum', 'eth', 'vitalik buterin'],
  'Litecoin': ['litecoin', 'Litecoin', 'ltc', 'charles lee'],
  'Monero': ['monero', 'Monero', 'xmr', 'riccardo spagni'],
  'Ripple': [ 'ripple',
              'Ripple',
              'xrp',
              'xrapid',
              'xcurrent',
              'chris larsen',
              'jed mccaleb']}
---------------------------Fetch-------2019-07-31 15:56:47.018727: Tweet filed under "misc":----------Data----------
{ 'contributors': None,
  'coordinates': None,
  'created_at': 'Wed Jul 31 19:49:21 +0000 2019',
  'entities': { 'hashtags': [],
                'symbols': [],
                'urls': [ { 'display_url': 'twitter.com/i/web/status/1…',
                            'expanded_url': 'https://twitter.com/i/web/status/1156653093163012098',
                            'indices': [117, 140],
                            'url': 'https://t.co/5V8pyksbs7'}],
                'user_mentions': [ { 'id': 932715410,
                                     'id_str': '932715410',
                                     'indices': [0, 10],
                                     'name': 'Adolf Cryptler',
                                     'screen_name': 'acryptler'},
                                   { 'id': 1025075253494595584,
                                     'id_str': '1025075253494595584',
                                     'indices': [11, 20],
                                     'name': 'ciTEZen',
                                     'screen_name': 'CitezenB'},
                                   { 'id': 635744771,
                                     'id_str': '635744771',
                                     'indices': [21, 34],
                                     'name': 'Zone Zero Apps',
                                     'screen_name': 'zonezeroapps'},
                                   { 'id': 2680350607,
                                     'id_str': '2680350607',
                                     'indices': [35, 46],
                                     'name': 'Tiffany Hayden',
                                     'screen_name': 'haydentiff'},
                                   { 'id': 884667957779017729,
                                     'id_str': '884667957779017729',
                                     'indices': [47, 63],
                                     'name': 'Shubham',
                                     'screen_name': 'ManglaShubham94'},
                                   { 'id': 963568407118462976,
                                     'id_str': '963568407118462976',
                                     'indices': [64, 75],
                                     'name': 'Securitize',
                                     'screen_name': 'Securitize'}]},
  'favorite_count': 0,
  'favorited': False,
  'geo': None,
  'id': 1156653093163012098,
  'id_str': '1156653093163012098',
  'in_reply_to_screen_name': 'acryptler',
  'in_reply_to_status_id': 1156639540318285827,
  'in_reply_to_status_id_str': '1156639540318285827',
  'in_reply_to_user_id': 932715410,
  'in_reply_to_user_id_str': '932715410',
  'is_quote_status': False,
  'lang': 'en',
  'metadata': {'iso_language_code': 'en', 'result_type': 'recent'},
  'place': None,
  'retweet_count': 0,
  'retweeted': False,
  'source': '<a href="http://www.echofon.com/" rel="nofollow">Echofon</a>',
  'text': '@acryptler @CitezenB @zonezeroapps @haydentiff @ManglaShubham94 '
          '@Securitize Ahhhh a bit of casual antisemetism thro… '
          'https://t.co/5V8pyksbs7',
  'truncated': True,
  'user': { 'contributors_enabled': False,
            'created_at': 'Tue Oct 28 15:41:06 +0000 2008',
            'default_profile': True,
            'default_profile_image': False,
            'description': 'Software developer. Wrangler of people. Work for '
                           'IBM Compose. Tinkerer of motorbikes, vans, '
                           'Arduinos, etc. Interested in Cryptocurrencies. '
                           'Opinions my own.',
            'entities': { 'description': {'urls': []},
                          'url': { 'urls': [ { 'display_url': 'quernus.co.uk',
                                               'expanded_url': 'https://www.quernus.co.uk',
                                               'indices': [0, 23],
                                               'url': 'https://t.co/1YsNt81Sw0'}]}},
            'favourites_count': 901,
            'follow_request_sent': None,
            'followers_count': 7916,
            'following': None,
            'friends_count': 419,
            'geo_enabled': True,
            'has_extended_profile': True,
            'id': 17023078,
            'id_str': '17023078',
            'is_translation_enabled': False,
            'is_translator': False,
            'lang': None,
            'listed_count': 155,
            'location': 'Bristol',
            'name': 'Matt Hamilton',
            'notifications': None,
            'profile_background_color': 'C0DEED',
            'profile_background_image_url': 'http://abs.twimg.com/images/themes/theme1/bg.png',
            'profile_background_image_url_https': 'https://abs.twimg.com/images/themes/theme1/bg.png',
            'profile_background_tile': False,
            'profile_banner_url': 'https://pbs.twimg.com/profile_banners/17023078/1550436296',
            'profile_image_url': 'http://pbs.twimg.com/profile_images/854244143165579264/8O8SmxtH_normal.jpg',
            'profile_image_url_https': 'https://pbs.twimg.com/profile_images/854244143165579264/8O8SmxtH_normal.jpg',
            'profile_link_color': '1DA1F2',
            'profile_sidebar_border_color': 'C0DEED',
            'profile_sidebar_fill_color': 'DDEEF6',
            'profile_text_color': '333333',
            'profile_use_background_image': True,
            'protected': False,
            'screen_name': 'HammerToe',
            'statuses_count': 42812,
            'time_zone': None,
            'translator_type': 'none',
            'url': 'https://t.co/1YsNt81Sw0',
            'utc_offset': None,
            'verified': False}}
----------Summary----------
{ 'entities': { 'urls': { 'display_url': 'twitter.com/i/web/status/1…',
                          'expanded_url': 'https://twitter.com/i/web/status/1156653093163012098'}},
  'id_str': '1156653093163012098',
  'text': '@acryptler @citezenb @zonezeroapps @haydentiff @manglashubham94 '
          '@securitize ahhhh a bit of casual antisemetism thro '
          'https://t.co/5v8pyksbs7',
  'user': {'entities': {}, 'id_str': '17023078', 'twitter_user': 'HammerToe'}}
----------Groups----------
{ 'Bitcoin': ['bitcoin', 'Bitcoin', 'btc', 'satoshi nakamoto'],
  'Ethereum': ['ethereum', 'Ethereum', 'eth', 'vitalik buterin'],
  'Litecoin': ['litecoin', 'Litecoin', 'ltc', 'charles lee'],
  'Monero': ['monero', 'Monero', 'xmr', 'riccardo spagni'],
  'Ripple': [ 'ripple',
              'Ripple',
              'xrp',
              'xrapid',
              'xcurrent',
              'chris larsen',
              'jed mccaleb']}
---------------------------Fetch-------2019-07-31 15:56:47.323113: Tweet filed under "misc":----------Data----------
{ 'contributors': None,
  'coordinates': None,
  'created_at': 'Wed Jul 31 19:49:20 +0000 2019',
  'entities': { 'hashtags': [],
                'symbols': [],
                'urls': [ { 'display_url': 'twitter.com/i/web/status/1…',
                            'expanded_url': 'https://twitter.com/i/web/status/1156653089459494912',
                            'indices': [121, 144],
                            'url': 'https://t.co/erQFQdZbGH'}],
                'user_mentions': [ { 'id': 2379160658,
                                     'id_str': '2379160658',
                                     'indices': [0, 12],
                                     'name': 'Ken❣',
                                     'screen_name': 'kennsimones'}]},
  'favorite_count': 0,
  'favorited': False,
  'geo': None,
  'id': 1156653089459494912,
  'id_str': '1156653089459494912',
  'in_reply_to_screen_name': 'kennsimones',
  'in_reply_to_status_id': 1061707529888190465,
  'in_reply_to_status_id_str': '1061707529888190465',
  'in_reply_to_user_id': 2379160658,
  'in_reply_to_user_id_str': '2379160658',
  'is_quote_status': False,
  'lang': 'en',
  'metadata': {'iso_language_code': 'en', 'result_type': 'recent'},
  'place': None,
  'retweet_count': 0,
  'retweeted': False,
  'source': '<a href="http://twitter.com/download/android" '
            'rel="nofollow">Twitter for Android</a>',
  'text': '@kennsimones Officers came &amp; noted that no money was exchanged '
          'for sex we were just Hanging out with the coolest gu… '
          'https://t.co/erQFQdZbGH',
  'truncated': True,
  'user': { 'contributors_enabled': False,
            'created_at': 'Tue May 13 22:22:13 +0000 2014',
            'default_profile': True,
            'default_profile_image': True,
            'description': '',
            'entities': {'description': {'urls': []}},
            'favourites_count': 1109,
            'follow_request_sent': None,
            'followers_count': 3,
            'following': None,
            'friends_count': 351,
            'geo_enabled': False,
            'has_extended_profile': False,
            'id': 2493547266,
            'id_str': '2493547266',
            'is_translation_enabled': False,
            'is_translator': False,
            'lang': None,
            'listed_count': 0,
            'location': '',
            'name': 'Derodney',
            'notifications': None,
            'profile_background_color': 'C0DEED',
            'profile_background_image_url': 'http://abs.twimg.com/images/themes/theme1/bg.png',
            'profile_background_image_url_https': 'https://abs.twimg.com/images/themes/theme1/bg.png',
            'profile_background_tile': False,
            'profile_image_url': 'http://abs.twimg.com/sticky/default_profile_images/default_profile_normal.png',
            'profile_image_url_https': 'https://abs.twimg.com/sticky/default_profile_images/default_profile_normal.png',
            'profile_link_color': '1DA1F2',
            'profile_sidebar_border_color': 'C0DEED',
            'profile_sidebar_fill_color': 'DDEEF6',
            'profile_text_color': '333333',
            'profile_use_background_image': True,
            'protected': False,
            'screen_name': 'Derodney1',
            'statuses_count': 1324,
            'time_zone': None,
            'translator_type': 'none',
            'url': None,
            'utc_offset': None,
            'verified': False}}
----------Summary----------
{ 'entities': { 'urls': { 'display_url': 'twitter.com/i/web/status/1…',
                          'expanded_url': 'https://twitter.com/i/web/status/1156653089459494912'}},
  'id_str': '1156653089459494912',
  'text': '@kennsimones officers came &amp; noted that no money was exchanged '
          'for sex we were just hanging out with the coolest gu '
          'https://t.co/erqfqdzbgh',
  'user': {'entities': {}, 'id_str': '2493547266', 'twitter_user': 'Derodney1'}}
----------Groups----------
{ 'Bitcoin': ['bitcoin', 'Bitcoin', 'btc', 'satoshi nakamoto'],
  'Ethereum': ['ethereum', 'Ethereum', 'eth', 'vitalik buterin'],
  'Litecoin': ['litecoin', 'Litecoin', 'ltc', 'charles lee'],
  'Monero': ['monero', 'Monero', 'xmr', 'riccardo spagni'],
  'Ripple': [ 'ripple',
              'Ripple',
              'xrp',
              'xrapid',
              'xcurrent',
              'chris larsen',
              'jed mccaleb']}
---------------------------Fetch-------2019-07-31 15:56:47.631975: Tweet filed under "misc":----------Data----------
{ 'contributors': None,
  'coordinates': None,
  'created_at': 'Wed Jul 31 19:49:12 +0000 2019',
  'entities': { 'hashtags': [],
                'symbols': [],
                'urls': [ { 'display_url': 'twitter.com/i/web/status/1…',
                            'expanded_url': 'https://twitter.com/i/web/status/1156653055703736321',
                            'indices': [117, 140],
                            'url': 'https://t.co/Ujmi5ug0pL'}],
                'user_mentions': []},
  'favorite_count': 0,
  'favorited': False,
  'geo': None,
  'id': 1156653055703736321,
  'id_str': '1156653055703736321',
  'in_reply_to_screen_name': None,
  'in_reply_to_status_id': None,
  'in_reply_to_status_id_str': None,
  'in_reply_to_user_id': None,
  'in_reply_to_user_id_str': None,
  'is_quote_status': False,
  'lang': 'en',
  'metadata': {'iso_language_code': 'en', 'result_type': 'recent'},
  'place': None,
  'possibly_sensitive': False,
  'retweet_count': 0,
  'retweeted': False,
  'source': '<a href="https://panel.socialpilot.co/" '
            'rel="nofollow">SocialPilot.co</a>',
  'text': 'Indiana State Fairgoers will have the opportunity to join '
          'Indianapolis Mayor Joe Hogsett on a bike ride to the Indi… '
          'https://t.co/Ujmi5ug0pL',
  'truncated': True,
  'user': { 'contributors_enabled': False,
            'created_at': 'Thu Feb 16 15:56:45 +0000 2012',
            'default_profile': False,
            'default_profile_image': False,
            'description': 'Rollfast is a cycling brand that hosts world-class '
                           'cycling races, community biking events, and '
                           'creates opportunities for youth.',
            'entities': { 'description': {'urls': []},
                          'url': { 'urls': [ { 'display_url': 'rollfast.us/rollfast-cycli…',
                                               'expanded_url': 'https://rollfast.us/rollfast-cycling/rollfast-gran-fondo/rollfast-fondo-registration/',
                                               'indices': [0, 23],
                                               'url': 'https://t.co/kwdP2iQR1R'}]}},
            'favourites_count': 5358,
            'follow_request_sent': None,
            'followers_count': 1708,
            'following': None,
            'friends_count': 4999,
            'geo_enabled': True,
            'has_extended_profile': False,
            'id': 494160943,
            'id_str': '494160943',
            'is_translation_enabled': False,
            'is_translator': False,
            'lang': None,
            'listed_count': 25,
            'location': 'Indianapolis Indiana',
            'name': 'Rollfast',
            'notifications': None,
            'profile_background_color': '000000',
            'profile_background_image_url': 'http://abs.twimg.com/images/themes/theme14/bg.gif',
            'profile_background_image_url_https': 'https://abs.twimg.com/images/themes/theme14/bg.gif',
            'profile_background_tile': False,
            'profile_banner_url': 'https://pbs.twimg.com/profile_banners/494160943/1512759805',
            'profile_image_url': 'http://pbs.twimg.com/profile_images/1831653539/rollfast-logo2_normal.png',
            'profile_image_url_https': 'https://pbs.twimg.com/profile_images/1831653539/rollfast-logo2_normal.png',
            'profile_link_color': '00B1F2',
            'profile_sidebar_border_color': '000000',
            'profile_sidebar_fill_color': '000000',
            'profile_text_color': '000000',
            'profile_use_background_image': False,
            'protected': False,
            'screen_name': 'Rollfast',
            'statuses_count': 11967,
            'time_zone': None,
            'translator_type': 'none',
            'url': 'https://t.co/kwdP2iQR1R',
            'utc_offset': None,
            'verified': False}}
----------Summary----------
{ 'entities': { 'urls': { 'display_url': 'twitter.com/i/web/status/1…',
                          'expanded_url': 'https://twitter.com/i/web/status/1156653055703736321'}},
  'id_str': '1156653055703736321',
  'text': 'indiana state fairgoers will have the opportunity to join '
          'indianapolis mayor joe hogsett on a bike ride to the indi '
          'https://t.co/ujmi5ug0pl',
  'user': {'entities': {}, 'id_str': '494160943', 'twitter_user': 'Rollfast'}}
----------Groups----------
{ 'Bitcoin': ['bitcoin', 'Bitcoin', 'btc', 'satoshi nakamoto'],
  'Ethereum': ['ethereum', 'Ethereum', 'eth', 'vitalik buterin'],
  'Litecoin': ['litecoin', 'Litecoin', 'ltc', 'charles lee'],
  'Monero': ['monero', 'Monero', 'xmr', 'riccardo spagni'],
  'Ripple': [ 'ripple',
              'Ripple',
              'xrp',
              'xrapid',
              'xcurrent',
              'chris larsen',
              'jed mccaleb']}
---------------------------Fetch-------2019-07-31 15:56:48.144207: Tweet filed under "misc":----------Data----------
{ 'contributors': None,
  'coordinates': None,
  'created_at': 'Wed Jul 31 19:48:50 +0000 2019',
  'entities': { 'hashtags': [],
                'symbols': [],
                'urls': [],
                'user_mentions': [ { 'id': 849225260,
                                     'id_str': '849225260',
                                     'indices': [3, 15],
                                     'name': 'ESOTERIC TRADING SOLUTIONS',
                                     'screen_name': 'susietrader'}]},
  'favorite_count': 0,
  'favorited': False,
  'geo': None,
  'id': 1156652962002792448,
  'id_str': '1156652962002792448',
  'in_reply_to_screen_name': None,
  'in_reply_to_status_id': None,
  'in_reply_to_status_id_str': None,
  'in_reply_to_user_id': None,
  'in_reply_to_user_id_str': None,
  'is_quote_status': False,
  'lang': 'en',
  'metadata': {'iso_language_code': 'en', 'result_type': 'recent'},
  'place': None,
  'retweet_count': 8,
  'retweeted': False,
  'retweeted_status': { 'contributors': None,
                        'coordinates': None,
                        'created_at': 'Wed Jul 31 19:24:36 +0000 2019',
                        'entities': { 'hashtags': [],
                                      'symbols': [],
                                      'urls': [ { 'display_url': 'twitter.com/i/web/status/1…',
                                                  'expanded_url': 'https://twitter.com/i/web/status/1156646864609001473',
                                                  'indices': [117, 140],
                                                  'url': 'https://t.co/IYWFfnhXap'}],
                                      'user_mentions': []},
                        'favorite_count': 39,
                        'favorited': False,
                        'geo': None,
                        'id': 1156646864609001473,
                        'id_str': '1156646864609001473',
                        'in_reply_to_screen_name': None,
                        'in_reply_to_status_id': None,
                        'in_reply_to_status_id_str': None,
                        'in_reply_to_user_id': None,
                        'in_reply_to_user_id_str': None,
                        'is_quote_status': False,
                        'lang': 'en',
                        'metadata': { 'iso_language_code': 'en',
                                      'result_type': 'recent'},
                        'place': None,
                        'retweet_count': 8,
                        'retweeted': False,
                        'source': '<a '
                                  'href="http://twitter.com/download/iphone" '
                                  'rel="nofollow">Twitter for iPhone</a>',
                        'text': 'Fed Chair Powell asked at Fed rate cut press '
                                'conference “about real time payment system”by '
                                'Politico journo . He sai… '
                                'https://t.co/IYWFfnhXap',
                        'truncated': True,
                        'user': { 'contributors_enabled': False,
                                  'created_at': 'Thu Sep 27 13:05:27 +0000 '
                                                '2012',
                                  'default_profile': False,
                                  'default_profile_image': False,
                                  'description': '',
                                  'entities': { 'description': {'urls': []},
                                                'url': { 'urls': [ { 'display_url': 'esoterictradingsolutions.com.au',
                                                                     'expanded_url': 'https://www.esoterictradingsolutions.com.au/',
                                                                     'indices': [ 0,
                                                                                  23],
                                                                     'url': 'https://t.co/DBA1Qe6cUo'}]}},
                                  'favourites_count': 233,
                                  'follow_request_sent': None,
                                  'followers_count': 3770,
                                  'following': None,
                                  'friends_count': 909,
                                  'geo_enabled': False,
                                  'has_extended_profile': False,
                                  'id': 849225260,
                                  'id_str': '849225260',
                                  'is_translation_enabled': False,
                                  'is_translator': False,
                                  'lang': None,
                                  'listed_count': 11,
                                  'location': 'Melbourne, Victoria',
                                  'name': 'ESOTERIC TRADING SOLUTIONS',
                                  'notifications': None,
                                  'profile_background_color': '000000',
                                  'profile_background_image_url': 'http://abs.twimg.com/images/themes/theme1/bg.png',
                                  'profile_background_image_url_https': 'https://abs.twimg.com/images/themes/theme1/bg.png',
                                  'profile_background_tile': False,
                                  'profile_banner_url': 'https://pbs.twimg.com/profile_banners/849225260/1543821868',
                                  'profile_image_url': 'http://pbs.twimg.com/profile_images/1068526441715757056/I7GJZB9e_normal.jpg',
                                  'profile_image_url_https': 'https://pbs.twimg.com/profile_images/1068526441715757056/I7GJZB9e_normal.jpg',
                                  'profile_link_color': 'ABB8C2',
                                  'profile_sidebar_border_color': '000000',
                                  'profile_sidebar_fill_color': '000000',
                                  'profile_text_color': '000000',
                                  'profile_use_background_image': False,
                                  'protected': False,
                                  'screen_name': 'susietrader',
                                  'statuses_count': 795,
                                  'time_zone': None,
                                  'translator_type': 'none',
                                  'url': 'https://t.co/DBA1Qe6cUo',
                                  'utc_offset': None,
                                  'verified': False}},
  'source': '<a href="http://twitter.com/download/iphone" '
            'rel="nofollow">Twitter for iPhone</a>',
  'text': 'RT @susietrader: Fed Chair Powell asked at Fed rate cut press '
          'conference “about real time payment system”by Politico journo . He '
          'said US ve…',
  'truncated': False,
  'user': { 'contributors_enabled': False,
            'created_at': 'Mon Jun 13 04:43:27 +0000 2016',
            'default_profile': True,
            'default_profile_image': False,
            'description': '💲💲💲 21yr Investor $XRP, $VET, $KIN, $HOT 🇳🇬',
            'entities': { 'description': {'urls': []},
                          'url': { 'urls': [ { 'display_url': 'learncrypto.io/ref/ketchie20/',
                                               'expanded_url': 'https://learncrypto.io/ref/ketchie20/',
                                               'indices': [0, 23],
                                               'url': 'https://t.co/5mEXZCszla'}]}},
            'favourites_count': 10417,
            'follow_request_sent': None,
            'followers_count': 419,
            'following': None,
            'friends_count': 1562,
            'geo_enabled': False,
            'has_extended_profile': False,
            'id': 742215785578270720,
            'id_str': '742215785578270720',
            'is_translation_enabled': False,
            'is_translator': False,
            'lang': None,
            'listed_count': 4,
            'location': '',
            'name': 'XRP20 🇳🇬',
            'notifications': None,
            'profile_background_color': 'F5F8FA',
            'profile_background_image_url': None,
            'profile_background_image_url_https': None,
            'profile_background_tile': False,
            'profile_banner_url': 'https://pbs.twimg.com/profile_banners/742215785578270720/1529084683',
            'profile_image_url': 'http://pbs.twimg.com/profile_images/1007680697782288384/suma-nAH_normal.jpg',
            'profile_image_url_https': 'https://pbs.twimg.com/profile_images/1007680697782288384/suma-nAH_normal.jpg',
            'profile_link_color': '1DA1F2',
            'profile_sidebar_border_color': 'C0DEED',
            'profile_sidebar_fill_color': 'DDEEF6',
            'profile_text_color': '333333',
            'profile_use_background_image': True,
            'protected': False,
            'screen_name': 'XRPHOLDR',
            'statuses_count': 4931,
            'time_zone': None,
            'translator_type': 'none',
            'url': 'https://t.co/5mEXZCszla',
            'utc_offset': None,
            'verified': False}}
----------Summary----------
{ 'entities': {},
  'id_str': '1156652962002792448',
  'retweeted_status': { 'entities': { 'urls': { 'display_url': 'twitter.com/i/web/status/1…',
                                                'expanded_url': 'https://twitter.com/i/web/status/1156646864609001473'}},
                        'id_str': '1156646864609001473',
                        'text': 'fed chair powell asked at fed rate cut press '
                                'conference about real time payment systemby '
                                'politico journo . he sai '
                                'https://t.co/iywffnhxap',
                        'user': { 'entities': {},
                                  'id_str': '849225260',
                                  'twitter_user': 'susietrader'}},
  'text': 'rt @susietrader: fed chair powell asked at fed rate cut press '
          'conference about real time payment systemby politico journo . he '
          'said us ve',
  'user': { 'entities': {},
            'id_str': '742215785578270720',
            'twitter_user': 'XRPHOLDR'}}
----------Groups----------
{ 'Bitcoin': ['bitcoin', 'Bitcoin', 'btc', 'satoshi nakamoto'],
  'Ethereum': ['ethereum', 'Ethereum', 'eth', 'vitalik buterin'],
  'Litecoin': ['litecoin', 'Litecoin', 'ltc', 'charles lee'],
  'Monero': ['monero', 'Monero', 'xmr', 'riccardo spagni'],
  'Ripple': [ 'ripple',
              'Ripple',
              'xrp',
              'xrapid',
              'xcurrent',
              'chris larsen',
              'jed mccaleb']}
---------------------------Fetch-------2019-07-31 15:56:50.394828: Tweet filed under "misc":----------Data----------
{ 'contributors': None,
  'coordinates': None,
  'created_at': 'Wed Jul 31 19:47:07 +0000 2019',
  'entities': { 'hashtags': [],
                'symbols': [],
                'urls': [ { 'display_url': 'twitter.com/i/web/status/1…',
                            'expanded_url': 'https://twitter.com/i/web/status/1156652528953634816',
                            'indices': [116, 139],
                            'url': 'https://t.co/SPAubr5CiQ'}],
                'user_mentions': [ { 'id': 35749949,
                                     'id_str': '35749949',
                                     'indices': [25, 34],
                                     'name': 'David Schwartz',
                                     'screen_name': 'JoelKatz'}]},
  'favorite_count': 0,
  'favorited': False,
  'geo': None,
  'id': 1156652528953634816,
  'id_str': '1156652528953634816',
  'in_reply_to_screen_name': None,
  'in_reply_to_status_id': None,
  'in_reply_to_status_id_str': None,
  'in_reply_to_user_id': None,
  'in_reply_to_user_id_str': None,
  'is_quote_status': False,
  'lang': 'en',
  'metadata': {'iso_language_code': 'en', 'result_type': 'recent'},
  'place': None,
  'retweet_count': 0,
  'retweeted': False,
  'source': '<a href="https://mobile.twitter.com" rel="nofollow">Twitter Web '
            'App</a>',
  'text': 'Last night I had a dream @JoelKatz came over to my apartment and '
          'did an informal AMA with my roomates, some randos… '
          'https://t.co/SPAubr5CiQ',
  'truncated': True,
  'user': { 'contributors_enabled': False,
            'created_at': 'Sat Mar 30 19:41:10 +0000 2019',
            'default_profile': False,
            'default_profile_image': False,
            'description': '"Blessed are those who are persecuted because of '
                           'me. The world will hate you, fear not for I have '
                           'overcome the world."',
            'entities': {'description': {'urls': []}},
            'favourites_count': 4697,
            'follow_request_sent': None,
            'followers_count': 107,
            'following': None,
            'friends_count': 418,
            'geo_enabled': False,
            'has_extended_profile': False,
            'id': 1112077325678665728,
            'id_str': '1112077325678665728',
            'is_translation_enabled': False,
            'is_translator': False,
            'lang': None,
            'listed_count': 0,
            'location': 'Asheville, NC',
            'name': 'ABC[AlwaysBuyCrypto]🇺🇸',
            'notifications': None,
            'profile_background_color': '000000',
            'profile_background_image_url': 'http://abs.twimg.com/images/themes/theme1/bg.png',
            'profile_background_image_url_https': 'https://abs.twimg.com/images/themes/theme1/bg.png',
            'profile_background_tile': False,
            'profile_banner_url': 'https://pbs.twimg.com/profile_banners/1112077325678665728/1554165777',
            'profile_image_url': 'http://pbs.twimg.com/profile_images/1153015333910908928/A85wiNhE_normal.jpg',
            'profile_image_url_https': 'https://pbs.twimg.com/profile_images/1153015333910908928/A85wiNhE_normal.jpg',
            'profile_link_color': 'FAB81E',
            'profile_sidebar_border_color': '000000',
            'profile_sidebar_fill_color': '000000',
            'profile_text_color': '000000',
            'profile_use_background_image': False,
            'protected': False,
            'screen_name': 'BuyTheDip33',
            'statuses_count': 647,
            'time_zone': None,
            'translator_type': 'none',
            'url': None,
            'utc_offset': None,
            'verified': False}}
----------Summary----------
{ 'entities': { 'urls': { 'display_url': 'twitter.com/i/web/status/1…',
                          'expanded_url': 'https://twitter.com/i/web/status/1156652528953634816'}},
  'id_str': '1156652528953634816',
  'text': 'last night i had a dream @joelkatz came over to my apartment and '
          'did an informal ama with my roomates, some randos '
          'https://t.co/spaubr5ciq',
  'user': { 'entities': {},
            'id_str': '1112077325678665728',
            'twitter_user': 'BuyTheDip33'}}
----------Groups----------
{ 'Bitcoin': ['bitcoin', 'Bitcoin', 'btc', 'satoshi nakamoto'],
  'Ethereum': ['ethereum', 'Ethereum', 'eth', 'vitalik buterin'],
  'Litecoin': ['litecoin', 'Litecoin', 'ltc', 'charles lee'],
  'Monero': ['monero', 'Monero', 'xmr', 'riccardo spagni'],
  'Ripple': [ 'ripple',
              'Ripple',
              'xrp',
              'xrapid',
              'xcurrent',
              'chris larsen',
              'jed mccaleb']}
---------------------------Fetch-------2019-07-31 15:56:51.316321: Tweet filed under "misc":----------Data----------
{ 'contributors': None,
  'coordinates': None,
  'created_at': 'Wed Jul 31 19:45:38 +0000 2019',
  'entities': { 'hashtags': [],
                'symbols': [],
                'urls': [ { 'display_url': 'ift.tt/2N3TzNH',
                            'expanded_url': 'https://ift.tt/2N3TzNH',
                            'indices': [85, 108],
                            'url': 'https://t.co/4iFD5NRVGd'},
                          { 'display_url': 'twitter.com/i/web/status/1…',
                            'expanded_url': 'https://twitter.com/i/web/status/1156652155857752064',
                            'indices': [110, 133],
                            'url': 'https://t.co/ScuZMvkaqk'}],
                'user_mentions': []},
  'favorite_count': 0,
  'favorited': False,
  'geo': None,
  'id': 1156652155857752064,
  'id_str': '1156652155857752064',
  'in_reply_to_screen_name': None,
  'in_reply_to_status_id': None,
  'in_reply_to_status_id_str': None,
  'in_reply_to_user_id': None,
  'in_reply_to_user_id_str': None,
  'is_quote_status': False,
  'lang': 'en',
  'metadata': {'iso_language_code': 'en', 'result_type': 'recent'},
  'place': None,
  'possibly_sensitive': False,
  'retweet_count': 0,
  'retweeted': False,
  'source': '<a href="https://ifttt.com" rel="nofollow">IFTTT</a>',
  'text': 'This indexing crypto strategy will make you a millionaire. '
          'Explained with nice cars! https://t.co/4iFD5NRVGd… '
          'https://t.co/ScuZMvkaqk',
  'truncated': True,
  'user': { 'contributors_enabled': False,
            'created_at': 'Sun Jan 16 15:01:33 +0000 2011',
            'default_profile': False,
            'default_profile_image': False,
            'description': 'Find out your diversification score and build a '
                           'professional crypto portfolio holding the '
                           'millionth of supply of the top crypto currencies  '
                           'by market cap.',
            'entities': { 'description': {'urls': []},
                          'url': { 'urls': [ { 'display_url': 'cryptomillionaireapp.com',
                                               'expanded_url': 'http://cryptomillionaireapp.com',
                                               'indices': [0, 23],
                                               'url': 'https://t.co/A23Iuq00jz'}]}},
            'favourites_count': 20042,
            'follow_request_sent': None,
            'followers_count': 3157,
            'following': None,
            'friends_count': 2654,
            'geo_enabled': False,
            'has_extended_profile': False,
            'id': 238994600,
            'id_str': '238994600',
            'is_translation_enabled': False,
            'is_translator': False,
            'lang': None,
            'listed_count': 30,
            'location': 'Florida, USA',
            'name': 'Crypto Millionaire App',
            'notifications': None,
            'profile_background_color': '010214',
            'profile_background_image_url': 'http://abs.twimg.com/images/themes/theme1/bg.png',
            'profile_background_image_url_https': 'https://abs.twimg.com/images/themes/theme1/bg.png',
            'profile_background_tile': True,
            'profile_banner_url': 'https://pbs.twimg.com/profile_banners/238994600/1392703364',
            'profile_image_url': 'http://pbs.twimg.com/profile_images/1032310032900214784/hTqDFthb_normal.jpg',
            'profile_image_url_https': 'https://pbs.twimg.com/profile_images/1032310032900214784/hTqDFthb_normal.jpg',
            'profile_link_color': '038543',
            'profile_sidebar_border_color': 'FFFFFF',
            'profile_sidebar_fill_color': 'DDEEF6',
            'profile_text_color': '333333',
            'profile_use_background_image': True,
            'protected': False,
            'screen_name': 'eagletwitt3r',
            'statuses_count': 20562,
            'time_zone': None,
            'translator_type': 'none',
            'url': 'https://t.co/A23Iuq00jz',
            'utc_offset': None,
            'verified': False}}
----------Summary----------
{ 'entities': { 'urls': { 'display_url': 'twitter.com/i/web/status/1…',
                          'expanded_url': 'https://twitter.com/i/web/status/1156652155857752064'}},
  'id_str': '1156652155857752064',
  'text': 'this indexing crypto strategy will make you a millionaire. '
          'explained with nice cars! https://t.co/4ifd5nrvgd '
          'https://t.co/scuzmvkaqk',
  'user': { 'entities': {},
            'id_str': '238994600',
            'twitter_user': 'eagletwitt3r'}}
----------Groups----------
{ 'Bitcoin': ['bitcoin', 'Bitcoin', 'btc', 'satoshi nakamoto'],
  'Ethereum': ['ethereum', 'Ethereum', 'eth', 'vitalik buterin'],
  'Litecoin': ['litecoin', 'Litecoin', 'ltc', 'charles lee'],
  'Monero': ['monero', 'Monero', 'xmr', 'riccardo spagni'],
  'Ripple': [ 'ripple',
              'Ripple',
              'xrp',
              'xrapid',
              'xcurrent',
              'chris larsen',
              'jed mccaleb']}
---------------------------Fetch-------2019-07-31 15:56:51.527164: Tweet filed under "misc":----------Data----------
{ 'contributors': None,
  'coordinates': None,
  'created_at': 'Wed Jul 31 19:45:30 +0000 2019',
  'entities': { 'hashtags': [],
                'symbols': [],
                'urls': [ { 'display_url': 'twitter.com/i/web/status/1…',
                            'expanded_url': 'https://twitter.com/i/web/status/1156652123884572672',
                            'indices': [105, 128],
                            'url': 'https://t.co/ABNbrUKycT'}],
                'user_mentions': [ { 'id': 965065798845804544,
                                     'id_str': '965065798845804544',
                                     'indices': [6, 18],
                                     'name': 'OzAlphaWolf',
                                     'screen_name': 'OzAlphaWolf'}]},
  'favorite_count': 2,
  'favorited': False,
  'geo': None,
  'id': 1156652123884572672,
  'id_str': '1156652123884572672',
  'in_reply_to_screen_name': None,
  'in_reply_to_status_id': None,
  'in_reply_to_status_id_str': None,
  'in_reply_to_user_id': None,
  'in_reply_to_user_id_str': None,
  'is_quote_status': False,
  'lang': 'en',
  'metadata': {'iso_language_code': 'en', 'result_type': 'recent'},
  'place': None,
  'possibly_sensitive': False,
  'retweet_count': 0,
  'retweeted': False,
  'source': '<a href="http://www.tweetcaster.com" rel="nofollow">TweetCaster '
            'for Android</a>',
  'text': '😲\n'
          '\n'
          'RT @OzAlphaWolf: Today the UK Financial Conduct Authority released '
          'their "Guidance on cryptoassets".… https://t.co/ABNbrUKycT',
  'truncated': True,
  'user': { 'contributors_enabled': False,
            'created_at': 'Tue Jul 19 21:45:55 +0000 2011',
            'default_profile': True,
            'default_profile_image': False,
            'description': '💩 Crypto shitposter. 🤑 In it for the '
                           'technolomoney. 🤯 All opinions are my own or '
                           'plagiarized. 🦙Actually in it for the drama. 🎰🎲 '
                           'CasinoCoin.',
            'entities': {'description': {'urls': []}},
            'favourites_count': 31,
            'follow_request_sent': None,
            'followers_count': 153,
            'following': None,
            'friends_count': 261,
            'geo_enabled': False,
            'has_extended_profile': False,
            'id': 338642017,
            'id_str': '338642017',
            'is_translation_enabled': False,
            'is_translator': False,
            'lang': None,
            'listed_count': 1,
            'location': '',
            'name': '🐂 CasinoCoin Moo 💹',
            'notifications': None,
            'profile_background_color': 'C0DEED',
            'profile_background_image_url': 'http://abs.twimg.com/images/themes/theme1/bg.png',
            'profile_background_image_url_https': 'https://abs.twimg.com/images/themes/theme1/bg.png',
            'profile_background_tile': False,
            'profile_banner_url': 'https://pbs.twimg.com/profile_banners/338642017/1562485425',
            'profile_image_url': 'http://pbs.twimg.com/profile_images/1126093576314793984/Uv96fIYm_normal.jpg',
            'profile_image_url_https': 'https://pbs.twimg.com/profile_images/1126093576314793984/Uv96fIYm_normal.jpg',
            'profile_link_color': '1DA1F2',
            'profile_sidebar_border_color': 'C0DEED',
            'profile_sidebar_fill_color': 'DDEEF6',
            'profile_text_color': '333333',
            'profile_use_background_image': True,
            'protected': False,
            'screen_name': 'CryptMoo',
            'statuses_count': 2203,
            'time_zone': None,
            'translator_type': 'none',
            'url': None,
            'utc_offset': None,
            'verified': False}}
----------Summary----------
{ 'entities': { 'urls': { 'display_url': 'twitter.com/i/web/status/1…',
                          'expanded_url': 'https://twitter.com/i/web/status/1156652123884572672'}},
  'id_str': '1156652123884572672',
  'text': '  rt @ozalphawolf: today the uk financial conduct authority '
          'released their "guidance on cryptoassets". https://t.co/abnbrukyct',
  'user': {'entities': {}, 'id_str': '338642017', 'twitter_user': 'CryptMoo'}}
----------Groups----------
{ 'Bitcoin': ['bitcoin', 'Bitcoin', 'btc', 'satoshi nakamoto'],
  'Ethereum': ['ethereum', 'Ethereum', 'eth', 'vitalik buterin'],
  'Litecoin': ['litecoin', 'Litecoin', 'ltc', 'charles lee'],
  'Monero': ['monero', 'Monero', 'xmr', 'riccardo spagni'],
  'Ripple': [ 'ripple',
              'Ripple',
              'xrp',
              'xrapid',
              'xcurrent',
              'chris larsen',
              'jed mccaleb']}
---------------------------Fetch-------2019-07-31 15:56:52.753953: Tweet filed under "misc":----------Data----------
{ 'contributors': None,
  'coordinates': None,
  'created_at': 'Wed Jul 31 19:45:11 +0000 2019',
  'entities': { 'hashtags': [],
                'symbols': [],
                'urls': [],
                'user_mentions': [ { 'id': 929641526866731008,
                                     'id_str': '929641526866731008',
                                     'indices': [3, 18],
                                     'name': 'Peter Masiakos',
                                     'screen_name': 'peter_masiakos'},
                                   { 'id': 2396153558,
                                     'id_str': '2396153558',
                                     'indices': [20, 32],
                                     'name': 'Jamie Coleman',
                                     'screen_name': 'JJcolemanMD'}]},
  'favorite_count': 0,
  'favorited': False,
  'geo': None,
  'id': 1156652045144715264,
  'id_str': '1156652045144715264',
  'in_reply_to_screen_name': None,
  'in_reply_to_status_id': None,
  'in_reply_to_status_id_str': None,
  'in_reply_to_user_id': None,
  'in_reply_to_user_id_str': None,
  'is_quote_status': False,
  'lang': 'en',
  'metadata': {'iso_language_code': 'en', 'result_type': 'recent'},
  'place': None,
  'retweet_count': 4,
  'retweeted': False,
  'retweeted_status': { 'contributors': None,
                        'coordinates': None,
                        'created_at': 'Tue Jul 30 17:52:54 +0000 2019',
                        'entities': { 'hashtags': [],
                                      'symbols': [],
                                      'urls': [ { 'display_url': 'twitter.com/i/web/status/1…',
                                                  'expanded_url': 'https://twitter.com/i/web/status/1156261397287882752',
                                                  'indices': [116, 139],
                                                  'url': 'https://t.co/vVgGKpznFX'}],
                                      'user_mentions': [ { 'id': 2396153558,
                                                           'id_str': '2396153558',
                                                           'indices': [0, 12],
                                                           'name': 'Jamie '
                                                                   'Coleman',
                                                           'screen_name': 'JJcolemanMD'}]},
                        'favorite_count': 7,
                        'favorited': False,
                        'geo': None,
                        'id': 1156261397287882752,
                        'id_str': '1156261397287882752',
                        'in_reply_to_screen_name': 'JJcolemanMD',
                        'in_reply_to_status_id': 1156223909412265985,
                        'in_reply_to_status_id_str': '1156223909412265985',
                        'in_reply_to_user_id': 2396153558,
                        'in_reply_to_user_id_str': '2396153558',
                        'is_quote_status': False,
                        'lang': 'en',
                        'metadata': { 'iso_language_code': 'en',
                                      'result_type': 'recent'},
                        'place': None,
                        'retweet_count': 4,
                        'retweeted': False,
                        'source': '<a '
                                  'href="http://twitter.com/download/iphone" '
                                  'rel="nofollow">Twitter for iPhone</a>',
                        'text': '@JJcolemanMD ‘Each time we act to improve the '
                                'lot of others, or strike out against '
                                'injustice, we send forth a tiny… '
                                'https://t.co/vVgGKpznFX',
                        'truncated': True,
                        'user': { 'contributors_enabled': False,
                                  'created_at': 'Sun Nov 12 09:26:26 +0000 '
                                                '2017',
                                  'default_profile': False,
                                  'default_profile_image': False,
                                  'description': 'Pediatric Surgeon, Trauma '
                                                 'Surgeon, @MGHSurgery, COT '
                                                 'member, Injury Prevention '
                                                 'Advocate. Eagle Scout. '
                                                 '#thisisourlane '
                                                 '#PreventTheBleed, (all '
                                                 'tweets are my own)',
                                  'entities': {'description': {'urls': []}},
                                  'favourites_count': 1250,
                                  'follow_request_sent': None,
                                  'followers_count': 3415,
                                  'following': None,
                                  'friends_count': 1650,
                                  'geo_enabled': True,
                                  'has_extended_profile': False,
                                  'id': 929641526866731008,
                                  'id_str': '929641526866731008',
                                  'is_translation_enabled': False,
                                  'is_translator': False,
                                  'lang': None,
                                  'listed_count': 35,
                                  'location': '',
                                  'name': 'Peter Masiakos',
                                  'notifications': None,
                                  'profile_background_color': '000000',
                                  'profile_background_image_url': 'http://abs.twimg.com/images/themes/theme1/bg.png',
                                  'profile_background_image_url_https': 'https://abs.twimg.com/images/themes/theme1/bg.png',
                                  'profile_background_tile': False,
                                  'profile_banner_url': 'https://pbs.twimg.com/profile_banners/929641526866731008/1560439782',
                                  'profile_image_url': 'http://pbs.twimg.com/profile_images/1139191958491029507/eurCxMhb_normal.jpg',
                                  'profile_image_url_https': 'https://pbs.twimg.com/profile_images/1139191958491029507/eurCxMhb_normal.jpg',
                                  'profile_link_color': '1B95E0',
                                  'profile_sidebar_border_color': '000000',
                                  'profile_sidebar_fill_color': '000000',
                                  'profile_text_color': '000000',
                                  'profile_use_background_image': False,
                                  'protected': False,
                                  'screen_name': 'peter_masiakos',
                                  'statuses_count': 3439,
                                  'time_zone': None,
                                  'translator_type': 'none',
                                  'url': None,
                                  'utc_offset': None,
                                  'verified': False}},
  'source': '<a href="http://twitter.com/download/iphone" '
            'rel="nofollow">Twitter for iPhone</a>',
  'text': 'RT @peter_masiakos: @JJcolemanMD ‘Each time we act to improve the '
          'lot of others, or strike out against injustice, we send forth a '
          'tiny ripp…',
  'truncated': False,
  'user': { 'contributors_enabled': False,
            'created_at': 'Mon May 26 05:48:02 +0000 2008',
            'default_profile': True,
            'default_profile_image': False,
            'description': 'Sarcastic Dad; Spontaneous thoughts mainly aimed '
                           'at my sister who gets me; laughing is better '
                           'than...',
            'entities': {'description': {'urls': []}},
            'favourites_count': 7264,
            'follow_request_sent': None,
            'followers_count': 67,
            'following': None,
            'friends_count': 507,
            'geo_enabled': False,
            'has_extended_profile': True,
            'id': 14905674,
            'id_str': '14905674',
            'is_translation_enabled': False,
            'is_translator': False,
            'lang': None,
            'listed_count': 1,
            'location': 'Denver',
            'name': 'S_Thomas',
            'notifications': None,
            'profile_background_color': 'C0DEED',
            'profile_background_image_url': 'http://abs.twimg.com/images/themes/theme1/bg.png',
            'profile_background_image_url_https': 'https://abs.twimg.com/images/themes/theme1/bg.png',
            'profile_background_tile': False,
            'profile_banner_url': 'https://pbs.twimg.com/profile_banners/14905674/1447866321',
            'profile_image_url': 'http://pbs.twimg.com/profile_images/1739029297/image_normal.jpg',
            'profile_image_url_https': 'https://pbs.twimg.com/profile_images/1739029297/image_normal.jpg',
            'profile_link_color': '1DA1F2',
            'profile_sidebar_border_color': 'C0DEED',
            'profile_sidebar_fill_color': 'DDEEF6',
            'profile_text_color': '333333',
            'profile_use_background_image': True,
            'protected': False,
            'screen_name': 'S_Thomas_',
            'statuses_count': 1338,
            'time_zone': None,
            'translator_type': 'none',
            'url': None,
            'utc_offset': None,
            'verified': False}}
----------Summary----------
{ 'entities': {},
  'id_str': '1156652045144715264',
  'retweeted_status': { 'entities': { 'urls': { 'display_url': 'twitter.com/i/web/status/1…',
                                                'expanded_url': 'https://twitter.com/i/web/status/1156261397287882752'}},
                        'id_str': '1156261397287882752',
                        'text': '@jjcolemanmd each time we act to improve the '
                                'lot of others, or strike out against '
                                'injustice, we send forth a tiny '
                                'https://t.co/vvggkpznfx',
                        'user': { 'entities': {},
                                  'id_str': '929641526866731008',
                                  'twitter_user': 'peter_masiakos'}},
  'text': 'rt @peter_masiakos: @jjcolemanmd each time we act to improve the '
          'lot of others, or strike out against injustice, we send forth a '
          'tiny ripp',
  'user': {'entities': {}, 'id_str': '14905674', 'twitter_user': 'S_Thomas_'}}
----------Groups----------
{ 'Bitcoin': ['bitcoin', 'Bitcoin', 'btc', 'satoshi nakamoto'],
  'Ethereum': ['ethereum', 'Ethereum', 'eth', 'vitalik buterin'],
  'Litecoin': ['litecoin', 'Litecoin', 'ltc', 'charles lee'],
  'Monero': ['monero', 'Monero', 'xmr', 'riccardo spagni'],
  'Ripple': [ 'ripple',
              'Ripple',
              'xrp',
              'xrapid',
              'xcurrent',
              'chris larsen',
              'jed mccaleb']}
---------------------------Fetch-------2019-07-31 15:56:53.672207: Tweet filed under "misc":----------Data----------
{ 'contributors': None,
  'coordinates': None,
  'created_at': 'Wed Jul 31 19:44:31 +0000 2019',
  'entities': { 'hashtags': [],
                'symbols': [],
                'urls': [ { 'display_url': 'twitter.com/i/web/status/1…',
                            'expanded_url': 'https://twitter.com/i/web/status/1156651876538114050',
                            'indices': [121, 144],
                            'url': 'https://t.co/Laz5IBLkMi'}],
                'user_mentions': [ { 'id': 2379160658,
                                     'id_str': '2379160658',
                                     'indices': [0, 12],
                                     'name': 'Ken❣',
                                     'screen_name': 'kennsimones'}]},
  'favorite_count': 0,
  'favorited': False,
  'geo': None,
  'id': 1156651876538114050,
  'id_str': '1156651876538114050',
  'in_reply_to_screen_name': 'kennsimones',
  'in_reply_to_status_id': 1061707529888190465,
  'in_reply_to_status_id_str': '1061707529888190465',
  'in_reply_to_user_id': 2379160658,
  'in_reply_to_user_id_str': '2379160658',
  'is_quote_status': False,
  'lang': 'en',
  'metadata': {'iso_language_code': 'en', 'result_type': 'recent'},
  'place': None,
  'retweet_count': 0,
  'retweeted': False,
  'source': '<a href="http://twitter.com/download/android" '
            'rel="nofollow">Twitter for Android</a>',
  'text': '@kennsimones Anna said have sex with her im tried of her stealing '
          "your money &amp; Chase Bank asked why Mr. Degrate's C… "
          'https://t.co/Laz5IBLkMi',
  'truncated': True,
  'user': { 'contributors_enabled': False,
            'created_at': 'Tue May 13 22:22:13 +0000 2014',
            'default_profile': True,
            'default_profile_image': True,
            'description': '',
            'entities': {'description': {'urls': []}},
            'favourites_count': 1109,
            'follow_request_sent': None,
            'followers_count': 3,
            'following': None,
            'friends_count': 351,
            'geo_enabled': False,
            'has_extended_profile': False,
            'id': 2493547266,
            'id_str': '2493547266',
            'is_translation_enabled': False,
            'is_translator': False,
            'lang': None,
            'listed_count': 0,
            'location': '',
            'name': 'Derodney',
            'notifications': None,
            'profile_background_color': 'C0DEED',
            'profile_background_image_url': 'http://abs.twimg.com/images/themes/theme1/bg.png',
            'profile_background_image_url_https': 'https://abs.twimg.com/images/themes/theme1/bg.png',
            'profile_background_tile': False,
            'profile_image_url': 'http://abs.twimg.com/sticky/default_profile_images/default_profile_normal.png',
            'profile_image_url_https': 'https://abs.twimg.com/sticky/default_profile_images/default_profile_normal.png',
            'profile_link_color': '1DA1F2',
            'profile_sidebar_border_color': 'C0DEED',
            'profile_sidebar_fill_color': 'DDEEF6',
            'profile_text_color': '333333',
            'profile_use_background_image': True,
            'protected': False,
            'screen_name': 'Derodney1',
            'statuses_count': 1324,
            'time_zone': None,
            'translator_type': 'none',
            'url': None,
            'utc_offset': None,
            'verified': False}}
----------Summary----------
{ 'entities': { 'urls': { 'display_url': 'twitter.com/i/web/status/1…',
                          'expanded_url': 'https://twitter.com/i/web/status/1156651876538114050'}},
  'id_str': '1156651876538114050',
  'text': '@kennsimones anna said have sex with her im tried of her stealing '
          "your money &amp; chase bank asked why mr. degrate's c "
          'https://t.co/laz5iblkmi',
  'user': {'entities': {}, 'id_str': '2493547266', 'twitter_user': 'Derodney1'}}
----------Groups----------
{ 'Bitcoin': ['bitcoin', 'Bitcoin', 'btc', 'satoshi nakamoto'],
  'Ethereum': ['ethereum', 'Ethereum', 'eth', 'vitalik buterin'],
  'Litecoin': ['litecoin', 'Litecoin', 'ltc', 'charles lee'],
  'Monero': ['monero', 'Monero', 'xmr', 'riccardo spagni'],
  'Ripple': [ 'ripple',
              'Ripple',
              'xrp',
              'xrapid',
              'xcurrent',
              'chris larsen',
              'jed mccaleb']}
---------------------------Fetch-------2019-07-31 15:56:54.505106: Tweet filed under "misc":----------Data----------
{ 'contributors': None,
  'coordinates': None,
  'created_at': 'Wed Jul 31 19:44:21 +0000 2019',
  'entities': { 'hashtags': [],
                'symbols': [],
                'urls': [ { 'display_url': 'twitter.com/i/web/status/1…',
                            'expanded_url': 'https://twitter.com/i/web/status/1156651833139638273',
                            'indices': [117, 140],
                            'url': 'https://t.co/HueSYn2GIR'}],
                'user_mentions': [ { 'id': 947673769694416896,
                                     'id_str': '947673769694416896',
                                     'indices': [0, 12],
                                     'name': 'Moon Lambo',
                                     'screen_name': 'MoonLamboio'},
                                   { 'id': 17023078,
                                     'id_str': '17023078',
                                     'indices': [13, 23],
                                     'name': 'Matt Hamilton',
                                     'screen_name': 'HammerToe'},
                                   { 'id': 1085317983810056193,
                                     'id_str': '1085317983810056193',
                                     'indices': [24, 39],
                                     'name': 'BulldawgBrewer',
                                     'screen_name': 'BullDawgBrewer'},
                                   { 'id': 1073380009958608896,
                                     'id_str': '1073380009958608896',
                                     'indices': [40, 50],
                                     'name': 'WrathofKahneman',
                                     'screen_name': 'WKahneman'},
                                   { 'id': 1032996786665705473,
                                     'id_str': '1032996786665705473',
                                     'indices': [51, 59],
                                     'name': 'Charles Lee',
                                     'screen_name': 'guest1x'}]},
  'favorite_count': 2,
  'favorited': False,
  'geo': None,
  'id': 1156651833139638273,
  'id_str': '1156651833139638273',
  'in_reply_to_screen_name': 'MoonLamboio',
  'in_reply_to_status_id': 1156642968461332480,
  'in_reply_to_status_id_str': '1156642968461332480',
  'in_reply_to_user_id': 947673769694416896,
  'in_reply_to_user_id_str': '947673769694416896',
  'is_quote_status': False,
  'lang': 'en',
  'metadata': {'iso_language_code': 'en', 'result_type': 'recent'},
  'place': None,
  'retweet_count': 0,
  'retweeted': False,
  'source': '<a href="https://mobile.twitter.com" rel="nofollow">Twitter Web '
            'App</a>',
  'text': '@MoonLamboio @HammerToe @BullDawgBrewer @WKahneman @guest1x '
          'Ultimately, there are a bunch of different ways you can… '
          'https://t.co/HueSYn2GIR',
  'truncated': True,
  'user': { 'contributors_enabled': False,
            'created_at': 'Thu Jul 04 14:33:16 +0000 2019',
            'default_profile': True,
            'default_profile_image': False,
            'description': 'Just a guy who likes investing and likes markets. '
                           'Amateur Crypto investor and XRP enthusiast.',
            'entities': {'description': {'urls': []}},
            'favourites_count': 632,
            'follow_request_sent': None,
            'followers_count': 193,
            'following': None,
            'friends_count': 95,
            'geo_enabled': False,
            'has_extended_profile': True,
            'id': 1146789072930779136,
            'id_str': '1146789072930779136',
            'is_translation_enabled': False,
            'is_translator': False,
            'lang': None,
            'listed_count': 0,
            'location': 'North Carolina',
            'name': 'Alltheway08',
            'notifications': None,
            'profile_background_color': 'F5F8FA',
            'profile_background_image_url': None,
            'profile_background_image_url_https': None,
            'profile_background_tile': False,
            'profile_banner_url': 'https://pbs.twimg.com/profile_banners/1146789072930779136/1562251639',
            'profile_image_url': 'http://pbs.twimg.com/profile_images/1146792119933292545/mtIfXv6d_normal.jpg',
            'profile_image_url_https': 'https://pbs.twimg.com/profile_images/1146792119933292545/mtIfXv6d_normal.jpg',
            'profile_link_color': '1DA1F2',
            'profile_sidebar_border_color': 'C0DEED',
            'profile_sidebar_fill_color': 'DDEEF6',
            'profile_text_color': '333333',
            'profile_use_background_image': True,
            'protected': False,
            'screen_name': 'alltheway08',
            'statuses_count': 679,
            'time_zone': None,
            'translator_type': 'none',
            'url': None,
            'utc_offset': None,
            'verified': False}}
----------Summary----------
{ 'entities': { 'urls': { 'display_url': 'twitter.com/i/web/status/1…',
                          'expanded_url': 'https://twitter.com/i/web/status/1156651833139638273'}},
  'id_str': '1156651833139638273',
  'text': '@moonlamboio @hammertoe @bulldawgbrewer @wkahneman @guest1x '
          'ultimately, there are a bunch of different ways you can '
          'https://t.co/huesyn2gir',
  'user': { 'entities': {},
            'id_str': '1146789072930779136',
            'twitter_user': 'alltheway08'}}
----------Groups----------
{ 'Bitcoin': ['bitcoin', 'Bitcoin', 'btc', 'satoshi nakamoto'],
  'Ethereum': ['ethereum', 'Ethereum', 'eth', 'vitalik buterin'],
  'Litecoin': ['litecoin', 'Litecoin', 'ltc', 'charles lee'],
  'Monero': ['monero', 'Monero', 'xmr', 'riccardo spagni'],
  'Ripple': [ 'ripple',
              'Ripple',
              'xrp',
              'xrapid',
              'xcurrent',
              'chris larsen',
              'jed mccaleb']}
---------------------------Fetch-------2019-07-31 15:56:55.311417: Tweet filed under "misc":----------Data----------
{ 'contributors': None,
  'coordinates': None,
  'created_at': 'Wed Jul 31 19:43:30 +0000 2019',
  'entities': { 'hashtags': [],
                'symbols': [],
                'urls': [ { 'display_url': 'twitter.com/i/web/status/1…',
                            'expanded_url': 'https://twitter.com/i/web/status/1156651621788598274',
                            'indices': [117, 140],
                            'url': 'https://t.co/N6sX3KP5YH'}],
                'user_mentions': [ { 'id': 2222251036,
                                     'id_str': '2222251036',
                                     'indices': [0, 8],
                                     'name': 'Nathan Dowdell, not even '
                                             'slightly covered in bees',
                                     'screen_name': 'N01H3r3'},
                                   { 'id': 1135314939067936768,
                                     'id_str': '1135314939067936768',
                                     'indices': [9, 24],
                                     'name': 'Matthew Embrey',
                                     'screen_name': 'embrey_matthew'},
                                   { 'id': 25023948,
                                     'id_str': '25023948',
                                     'indices': [25, 33],
                                     'name': 'MadLori',
                                     'screen_name': 'madlori'},
                                   { 'id': 14297863,
                                     'id_str': '14297863',
                                     'indices': [34, 47],
                                     'name': 'Scott Santens',
                                     'screen_name': 'scottsantens'}]},
  'favorite_count': 0,
  'favorited': False,
  'geo': None,
  'id': 1156651621788598274,
  'id_str': '1156651621788598274',
  'in_reply_to_screen_name': 'N01H3r3',
  'in_reply_to_status_id': 1153779194016489472,
  'in_reply_to_status_id_str': '1153779194016489472',
  'in_reply_to_user_id': 2222251036,
  'in_reply_to_user_id_str': '2222251036',
  'is_quote_status': False,
  'lang': 'en',
  'metadata': {'iso_language_code': 'en', 'result_type': 'recent'},
  'place': None,
  'retweet_count': 0,
  'retweeted': False,
  'source': '<a href="http://twitter.com/download/iphone" '
            'rel="nofollow">Twitter for iPhone</a>',
  'text': '@N01H3r3 @embrey_matthew @madlori @scottsantens Giving people money '
          'through a UBI would not suddenly improve everyo… '
          'https://t.co/N6sX3KP5YH',
  'truncated': True,
  'user': { 'contributors_enabled': False,
            'created_at': 'Fri Jun 26 21:53:51 +0000 2015',
            'default_profile': True,
            'default_profile_image': False,
            'description': '',
            'entities': {'description': {'urls': []}},
            'favourites_count': 70,
            'follow_request_sent': None,
            'followers_count': 16,
            'following': None,
            'friends_count': 48,
            'geo_enabled': False,
            'has_extended_profile': True,
            'id': 3346964351,
            'id_str': '3346964351',
            'is_translation_enabled': False,
            'is_translator': False,
            'lang': None,
            'listed_count': 2,
            'location': '',
            'name': 'Lamort',
            'notifications': None,
            'profile_background_color': 'C0DEED',
            'profile_background_image_url': 'http://abs.twimg.com/images/themes/theme1/bg.png',
            'profile_background_image_url_https': 'https://abs.twimg.com/images/themes/theme1/bg.png',
            'profile_background_tile': False,
            'profile_banner_url': 'https://pbs.twimg.com/profile_banners/3346964351/1533680128',
            'profile_image_url': 'http://pbs.twimg.com/profile_images/614552328297967616/xtv6UQeg_normal.png',
            'profile_image_url_https': 'https://pbs.twimg.com/profile_images/614552328297967616/xtv6UQeg_normal.png',
            'profile_link_color': '1DA1F2',
            'profile_sidebar_border_color': 'C0DEED',
            'profile_sidebar_fill_color': 'DDEEF6',
            'profile_text_color': '333333',
            'profile_use_background_image': True,
            'protected': False,
            'screen_name': 'Lamortykins',
            'statuses_count': 648,
            'time_zone': None,
            'translator_type': 'none',
            'url': None,
            'utc_offset': None,
            'verified': False}}
----------Summary----------
{ 'entities': { 'urls': { 'display_url': 'twitter.com/i/web/status/1…',
                          'expanded_url': 'https://twitter.com/i/web/status/1156651621788598274'}},
  'id_str': '1156651621788598274',
  'text': '@n01h3r3 @embrey_matthew @madlori @scottsantens giving people money '
          'through a ubi would not suddenly improve everyo '
          'https://t.co/n6sx3kp5yh',
  'user': { 'entities': {},
            'id_str': '3346964351',
            'twitter_user': 'Lamortykins'}}
----------Groups----------
{ 'Bitcoin': ['bitcoin', 'Bitcoin', 'btc', 'satoshi nakamoto'],
  'Ethereum': ['ethereum', 'Ethereum', 'eth', 'vitalik buterin'],
  'Litecoin': ['litecoin', 'Litecoin', 'ltc', 'charles lee'],
  'Monero': ['monero', 'Monero', 'xmr', 'riccardo spagni'],
  'Ripple': [ 'ripple',
              'Ripple',
              'xrp',
              'xrapid',
              'xcurrent',
              'chris larsen',
              'jed mccaleb']}
---------------------------Fetch-------2019-07-31 15:56:56.234409: Tweet filed under "misc":----------Data----------
{ 'contributors': None,
  'coordinates': None,
  'created_at': 'Wed Jul 31 19:43:26 +0000 2019',
  'entities': { 'hashtags': [],
                'symbols': [],
                'urls': [],
                'user_mentions': [ { 'id': 849225260,
                                     'id_str': '849225260',
                                     'indices': [3, 15],
                                     'name': 'ESOTERIC TRADING SOLUTIONS',
                                     'screen_name': 'susietrader'}]},
  'favorite_count': 0,
  'favorited': False,
  'geo': None,
  'id': 1156651604013191168,
  'id_str': '1156651604013191168',
  'in_reply_to_screen_name': None,
  'in_reply_to_status_id': None,
  'in_reply_to_status_id_str': None,
  'in_reply_to_user_id': None,
  'in_reply_to_user_id_str': None,
  'is_quote_status': False,
  'lang': 'en',
  'metadata': {'iso_language_code': 'en', 'result_type': 'recent'},
  'place': None,
  'retweet_count': 8,
  'retweeted': False,
  'retweeted_status': { 'contributors': None,
                        'coordinates': None,
                        'created_at': 'Wed Jul 31 19:24:36 +0000 2019',
                        'entities': { 'hashtags': [],
                                      'symbols': [],
                                      'urls': [ { 'display_url': 'twitter.com/i/web/status/1…',
                                                  'expanded_url': 'https://twitter.com/i/web/status/1156646864609001473',
                                                  'indices': [117, 140],
                                                  'url': 'https://t.co/IYWFfnhXap'}],
                                      'user_mentions': []},
                        'favorite_count': 39,
                        'favorited': False,
                        'geo': None,
                        'id': 1156646864609001473,
                        'id_str': '1156646864609001473',
                        'in_reply_to_screen_name': None,
                        'in_reply_to_status_id': None,
                        'in_reply_to_status_id_str': None,
                        'in_reply_to_user_id': None,
                        'in_reply_to_user_id_str': None,
                        'is_quote_status': False,
                        'lang': 'en',
                        'metadata': { 'iso_language_code': 'en',
                                      'result_type': 'recent'},
                        'place': None,
                        'retweet_count': 8,
                        'retweeted': False,
                        'source': '<a '
                                  'href="http://twitter.com/download/iphone" '
                                  'rel="nofollow">Twitter for iPhone</a>',
                        'text': 'Fed Chair Powell asked at Fed rate cut press '
                                'conference “about real time payment system”by '
                                'Politico journo . He sai… '
                                'https://t.co/IYWFfnhXap',
                        'truncated': True,
                        'user': { 'contributors_enabled': False,
                                  'created_at': 'Thu Sep 27 13:05:27 +0000 '
                                                '2012',
                                  'default_profile': False,
                                  'default_profile_image': False,
                                  'description': '',
                                  'entities': { 'description': {'urls': []},
                                                'url': { 'urls': [ { 'display_url': 'esoterictradingsolutions.com.au',
                                                                     'expanded_url': 'https://www.esoterictradingsolutions.com.au/',
                                                                     'indices': [ 0,
                                                                                  23],
                                                                     'url': 'https://t.co/DBA1Qe6cUo'}]}},
                                  'favourites_count': 233,
                                  'follow_request_sent': None,
                                  'followers_count': 3770,
                                  'following': None,
                                  'friends_count': 909,
                                  'geo_enabled': False,
                                  'has_extended_profile': False,
                                  'id': 849225260,
                                  'id_str': '849225260',
                                  'is_translation_enabled': False,
                                  'is_translator': False,
                                  'lang': None,
                                  'listed_count': 11,
                                  'location': 'Melbourne, Victoria',
                                  'name': 'ESOTERIC TRADING SOLUTIONS',
                                  'notifications': None,
                                  'profile_background_color': '000000',
                                  'profile_background_image_url': 'http://abs.twimg.com/images/themes/theme1/bg.png',
                                  'profile_background_image_url_https': 'https://abs.twimg.com/images/themes/theme1/bg.png',
                                  'profile_background_tile': False,
                                  'profile_banner_url': 'https://pbs.twimg.com/profile_banners/849225260/1543821868',
                                  'profile_image_url': 'http://pbs.twimg.com/profile_images/1068526441715757056/I7GJZB9e_normal.jpg',
                                  'profile_image_url_https': 'https://pbs.twimg.com/profile_images/1068526441715757056/I7GJZB9e_normal.jpg',
                                  'profile_link_color': 'ABB8C2',
                                  'profile_sidebar_border_color': '000000',
                                  'profile_sidebar_fill_color': '000000',
                                  'profile_text_color': '000000',
                                  'profile_use_background_image': False,
                                  'protected': False,
                                  'screen_name': 'susietrader',
                                  'statuses_count': 795,
                                  'time_zone': None,
                                  'translator_type': 'none',
                                  'url': 'https://t.co/DBA1Qe6cUo',
                                  'utc_offset': None,
                                  'verified': False}},
  'source': '<a href="http://twitter.com/download/android" '
            'rel="nofollow">Twitter for Android</a>',
  'text': 'RT @susietrader: Fed Chair Powell asked at Fed rate cut press '
          'conference “about real time payment system”by Politico journo . He '
          'said US ve…',
  'truncated': False,
  'user': { 'contributors_enabled': False,
            'created_at': 'Thu Sep 21 14:02:43 +0000 2017',
            'default_profile': True,
            'default_profile_image': False,
            'description': '',
            'entities': {'description': {'urls': []}},
            'favourites_count': 8139,
            'follow_request_sent': None,
            'followers_count': 91,
            'following': None,
            'friends_count': 185,
            'geo_enabled': False,
            'has_extended_profile': False,
            'id': 910866887084580864,
            'id_str': '910866887084580864',
            'is_translation_enabled': False,
            'is_translator': False,
            'lang': None,
            'listed_count': 0,
            'location': '',
            'name': 'Antonio Matassa',
            'notifications': None,
            'profile_background_color': 'F5F8FA',
            'profile_background_image_url': None,
            'profile_background_image_url_https': None,
            'profile_background_tile': False,
            'profile_image_url': 'http://pbs.twimg.com/profile_images/1076211356767014912/-UQ3BETF_normal.jpg',
            'profile_image_url_https': 'https://pbs.twimg.com/profile_images/1076211356767014912/-UQ3BETF_normal.jpg',
            'profile_link_color': '1DA1F2',
            'profile_sidebar_border_color': 'C0DEED',
            'profile_sidebar_fill_color': 'DDEEF6',
            'profile_text_color': '333333',
            'profile_use_background_image': True,
            'protected': False,
            'screen_name': 'MatassaAntonio',
            'statuses_count': 4329,
            'time_zone': None,
            'translator_type': 'none',
            'url': None,
            'utc_offset': None,
            'verified': False}}
----------Summary----------
{ 'entities': {},
  'id_str': '1156651604013191168',
  'retweeted_status': { 'entities': { 'urls': { 'display_url': 'twitter.com/i/web/status/1…',
                                                'expanded_url': 'https://twitter.com/i/web/status/1156646864609001473'}},
                        'id_str': '1156646864609001473',
                        'text': 'fed chair powell asked at fed rate cut press '
                                'conference about real time payment systemby '
                                'politico journo . he sai '
                                'https://t.co/iywffnhxap',
                        'user': { 'entities': {},
                                  'id_str': '849225260',
                                  'twitter_user': 'susietrader'}},
  'text': 'rt @susietrader: fed chair powell asked at fed rate cut press '
          'conference about real time payment systemby politico journo . he '
          'said us ve',
  'user': { 'entities': {},
            'id_str': '910866887084580864',
            'twitter_user': 'MatassaAntonio'}}
----------Groups----------
{ 'Bitcoin': ['bitcoin', 'Bitcoin', 'btc', 'satoshi nakamoto'],
  'Ethereum': ['ethereum', 'Ethereum', 'eth', 'vitalik buterin'],
  'Litecoin': ['litecoin', 'Litecoin', 'ltc', 'charles lee'],
  'Monero': ['monero', 'Monero', 'xmr', 'riccardo spagni'],
  'Ripple': [ 'ripple',
              'Ripple',
              'xrp',
              'xrapid',
              'xcurrent',
              'chris larsen',
              'jed mccaleb']}
---------------------------Fetch-------2019-07-31 15:56:59.767182: Tweet filed under "misc":----------Data----------
{ 'contributors': None,
  'coordinates': None,
  'created_at': 'Wed Jul 31 19:40:03 +0000 2019',
  'entities': { 'hashtags': [],
                'symbols': [],
                'urls': [ { 'display_url': 'twitter.com/i/web/status/1…',
                            'expanded_url': 'https://twitter.com/i/web/status/1156650754163257345',
                            'indices': [117, 140],
                            'url': 'https://t.co/xOLHB9Gl5X'}],
                'user_mentions': [ { 'id': 926149790269935618,
                                     'id_str': '926149790269935618',
                                     'indices': [0, 15],
                                     'name': 'Tavern WI Sports',
                                     'screen_name': 'TavernWISports'}]},
  'favorite_count': 0,
  'favorited': False,
  'geo': None,
  'id': 1156650754163257345,
  'id_str': '1156650754163257345',
  'in_reply_to_screen_name': 'TavernWISports',
  'in_reply_to_status_id': 1156638273667649536,
  'in_reply_to_status_id_str': '1156638273667649536',
  'in_reply_to_user_id': 926149790269935618,
  'in_reply_to_user_id_str': '926149790269935618',
  'is_quote_status': False,
  'lang': 'en',
  'metadata': {'iso_language_code': 'en', 'result_type': 'recent'},
  'place': None,
  'retweet_count': 0,
  'retweeted': False,
  'source': '<a href="http://twitter.com/download/iphone" '
            'rel="nofollow">Twitter for iPhone</a>',
  'text': '@TavernWISports Right now I am hoping and praying somebody does not '
          'pass their physical in this trade is voided, an… '
          'https://t.co/xOLHB9Gl5X',
  'truncated': True,
  'user': { 'contributors_enabled': False,
            'created_at': 'Sat Mar 17 13:17:06 +0000 2012',
            'default_profile': True,
            'default_profile_image': False,
            'description': '',
            'entities': {'description': {'urls': []}},
            'favourites_count': 725,
            'follow_request_sent': None,
            'followers_count': 21,
            'following': None,
            'friends_count': 171,
            'geo_enabled': False,
            'has_extended_profile': False,
            'id': 527445902,
            'id_str': '527445902',
            'is_translation_enabled': False,
            'is_translator': False,
            'lang': None,
            'listed_count': 1,
            'location': 'WI',
            'name': 'Dave Gaulke',
            'notifications': None,
            'profile_background_color': 'C0DEED',
            'profile_background_image_url': 'http://abs.twimg.com/images/themes/theme1/bg.png',
            'profile_background_image_url_https': 'https://abs.twimg.com/images/themes/theme1/bg.png',
            'profile_background_tile': False,
            'profile_image_url': 'http://pbs.twimg.com/profile_images/2152227349/image_normal.jpg',
            'profile_image_url_https': 'https://pbs.twimg.com/profile_images/2152227349/image_normal.jpg',
            'profile_link_color': '1DA1F2',
            'profile_sidebar_border_color': 'C0DEED',
            'profile_sidebar_fill_color': 'DDEEF6',
            'profile_text_color': '333333',
            'profile_use_background_image': True,
            'protected': False,
            'screen_name': 'DaveGaulke',
            'statuses_count': 1146,
            'time_zone': None,
            'translator_type': 'none',
            'url': None,
            'utc_offset': None,
            'verified': False}}
----------Summary----------
{ 'entities': { 'urls': { 'display_url': 'twitter.com/i/web/status/1…',
                          'expanded_url': 'https://twitter.com/i/web/status/1156650754163257345'}},
  'id_str': '1156650754163257345',
  'text': '@tavernwisports right now i am hoping and praying somebody does not '
          'pass their physical in this trade is voided, an '
          'https://t.co/xolhb9gl5x',
  'user': {'entities': {}, 'id_str': '527445902', 'twitter_user': 'DaveGaulke'}}
----------Groups----------
{ 'Bitcoin': ['bitcoin', 'Bitcoin', 'btc', 'satoshi nakamoto'],
  'Ethereum': ['ethereum', 'Ethereum', 'eth', 'vitalik buterin'],
  'Litecoin': ['litecoin', 'Litecoin', 'ltc', 'charles lee'],
  'Monero': ['monero', 'Monero', 'xmr', 'riccardo spagni'],
  'Ripple': [ 'ripple',
              'Ripple',
              'xrp',
              'xrapid',
              'xcurrent',
              'chris larsen',
              'jed mccaleb']}
---------------------------Fetch-------2019-07-31 15:57:00.207169: Tweet filed under "misc":----------Data----------
{ 'contributors': None,
  'coordinates': None,
  'created_at': 'Wed Jul 31 19:39:47 +0000 2019',
  'entities': { 'hashtags': [],
                'symbols': [],
                'urls': [],
                'user_mentions': [ { 'id': 253377135,
                                     'id_str': '253377135',
                                     'indices': [3, 13],
                                     'name': 'Annie Zak',
                                     'screen_name': 'annie_zak'}]},
  'favorite_count': 0,
  'favorited': False,
  'geo': None,
  'id': 1156650683715575808,
  'id_str': '1156650683715575808',
  'in_reply_to_screen_name': None,
  'in_reply_to_status_id': None,
  'in_reply_to_status_id_str': None,
  'in_reply_to_user_id': None,
  'in_reply_to_user_id_str': None,
  'is_quote_status': False,
  'lang': 'en',
  'metadata': {'iso_language_code': 'en', 'result_type': 'recent'},
  'place': None,
  'retweet_count': 7,
  'retweeted': False,
  'retweeted_status': { 'contributors': None,
                        'coordinates': None,
                        'created_at': 'Wed Jul 31 17:35:24 +0000 2019',
                        'entities': { 'hashtags': [],
                                      'symbols': [],
                                      'urls': [ { 'display_url': 'twitter.com/i/web/status/1…',
                                                  'expanded_url': 'https://twitter.com/i/web/status/1156619380886659072',
                                                  'indices': [117, 140],
                                                  'url': 'https://t.co/WYUa2uPwJt'}],
                                      'user_mentions': []},
                        'favorite_count': 7,
                        'favorited': False,
                        'geo': None,
                        'id': 1156619380886659072,
                        'id_str': '1156619380886659072',
                        'in_reply_to_screen_name': None,
                        'in_reply_to_status_id': None,
                        'in_reply_to_status_id_str': None,
                        'in_reply_to_user_id': None,
                        'in_reply_to_user_id_str': None,
                        'is_quote_status': False,
                        'lang': 'en',
                        'metadata': { 'iso_language_code': 'en',
                                      'result_type': 'recent'},
                        'place': None,
                        'possibly_sensitive': False,
                        'retweet_count': 7,
                        'retweeted': False,
                        'source': '<a href="https://mobile.twitter.com" '
                                  'rel="nofollow">Twitter Web App</a>',
                        'text': 'The Alaska ferry workers strike has been '
                                'going on for a week. \n'
                                '\n'
                                'In the tiny Southeast community of Pelican, '
                                'which d… https://t.co/WYUa2uPwJt',
                        'truncated': True,
                        'user': { 'contributors_enabled': False,
                                  'created_at': 'Thu Feb 17 03:29:19 +0000 '
                                                '2011',
                                  'default_profile': False,
                                  'default_profile_image': False,
                                  'description': 'Biz/econ reporter in Alaska '
                                                 '@adndotcom. Past: '
                                                 '@ocregister @PSBJ '
                                                 '@columbiajourn. Cat mom. '
                                                 'Chicagolander. Midwest '
                                                 'forever. Host '
                                                 '@outnorthradio. Tips: '
                                                 'azak@adn.com',
                                  'entities': { 'description': {'urls': []},
                                                'url': { 'urls': [ { 'display_url': 'anniezak.com',
                                                                     'expanded_url': 'http://anniezak.com',
                                                                     'indices': [ 0,
                                                                                  23],
                                                                     'url': 'https://t.co/YA0YyL7xdE'}]}},
                                  'favourites_count': 19587,
                                  'follow_request_sent': None,
                                  'followers_count': 2781,
                                  'following': None,
                                  'friends_count': 4929,
                                  'geo_enabled': False,
                                  'has_extended_profile': True,
                                  'id': 253377135,
                                  'id_str': '253377135',
                                  'is_translation_enabled': False,
                                  'is_translator': False,
                                  'lang': None,
                                  'listed_count': 117,
                                  'location': 'Anchorage',
                                  'name': 'Annie Zak',
                                  'notifications': None,
                                  'profile_background_color': '352726',
                                  'profile_background_image_url': 'http://abs.twimg.com/images/themes/theme5/bg.gif',
                                  'profile_background_image_url_https': 'https://abs.twimg.com/images/themes/theme5/bg.gif',
                                  'profile_background_tile': True,
                                  'profile_banner_url': 'https://pbs.twimg.com/profile_banners/253377135/1437854181',
                                  'profile_image_url': 'http://pbs.twimg.com/profile_images/1147990328122605568/AaKYTUxT_normal.jpg',
                                  'profile_image_url_https': 'https://pbs.twimg.com/profile_images/1147990328122605568/AaKYTUxT_normal.jpg',
                                  'profile_link_color': '38704A',
                                  'profile_sidebar_border_color': '829D5E',
                                  'profile_sidebar_fill_color': '99CC33',
                                  'profile_text_color': '3E4415',
                                  'profile_use_background_image': True,
                                  'protected': False,
                                  'screen_name': 'annie_zak',
                                  'statuses_count': 11213,
                                  'time_zone': None,
                                  'translator_type': 'none',
                                  'url': 'https://t.co/YA0YyL7xdE',
                                  'utc_offset': None,
                                  'verified': False}},
  'source': '<a href="http://twitter.com/download/iphone" '
            'rel="nofollow">Twitter for iPhone</a>',
  'text': 'RT @annie_zak: The Alaska ferry workers strike has been going on '
          'for a week. \n'
          '\n'
          "In the tiny Southeast community of Pelican, which doesn't ha…",
  'truncated': False,
  'user': { 'contributors_enabled': False,
            'created_at': 'Sun Sep 11 03:35:41 +0000 2011',
            'default_profile': True,
            'default_profile_image': False,
            'description': 'Writes / @akpublicnews🎙📸📱💻📧kswann@alaskapublic.org',
            'entities': { 'description': {'urls': []},
                          'url': { 'urls': [ { 'display_url': 'alaskapublic.org/newsletters/',
                                               'expanded_url': 'https://www.alaskapublic.org/newsletters/',
                                               'indices': [0, 23],
                                               'url': 'https://t.co/Avg99clbAU'}]}},
            'favourites_count': 4379,
            'follow_request_sent': None,
            'followers_count': 2005,
            'following': None,
            'friends_count': 1521,
            'geo_enabled': True,
            'has_extended_profile': False,
            'id': 371574354,
            'id_str': '371574354',
            'is_translation_enabled': False,
            'is_translator': False,
            'lang': None,
            'listed_count': 92,
            'location': 'Anchorage, AK',
            'name': 'Kirsten Swann',
            'notifications': None,
            'profile_background_color': 'C0DEED',
            'profile_background_image_url': 'http://abs.twimg.com/images/themes/theme1/bg.png',
            'profile_background_image_url_https': 'https://abs.twimg.com/images/themes/theme1/bg.png',
            'profile_background_tile': False,
            'profile_banner_url': 'https://pbs.twimg.com/profile_banners/371574354/1543008405',
            'profile_image_url': 'http://pbs.twimg.com/profile_images/1066080629677158400/IJqnjYjt_normal.jpg',
            'profile_image_url_https': 'https://pbs.twimg.com/profile_images/1066080629677158400/IJqnjYjt_normal.jpg',
            'profile_link_color': '1DA1F2',
            'profile_sidebar_border_color': 'C0DEED',
            'profile_sidebar_fill_color': 'DDEEF6',
            'profile_text_color': '333333',
            'profile_use_background_image': True,
            'protected': False,
            'screen_name': 'kirsteswann',
            'statuses_count': 5567,
            'time_zone': None,
            'translator_type': 'none',
            'url': 'https://t.co/Avg99clbAU',
            'utc_offset': None,
            'verified': False}}
----------Summary----------
{ 'entities': {},
  'id_str': '1156650683715575808',
  'retweeted_status': { 'entities': { 'urls': { 'display_url': 'twitter.com/i/web/status/1…',
                                                'expanded_url': 'https://twitter.com/i/web/status/1156619380886659072'}},
                        'id_str': '1156619380886659072',
                        'text': 'the alaska ferry workers strike has been '
                                'going on for a week.   in the tiny southeast '
                                'community of pelican, which d '
                                'https://t.co/wyua2upwjt',
                        'user': { 'entities': {},
                                  'id_str': '253377135',
                                  'twitter_user': 'annie_zak'}},
  'text': 'rt @annie_zak: the alaska ferry workers strike has been going on '
          'for a week.   in the tiny southeast community of pelican, which '
          "doesn't ha",
  'user': { 'entities': {},
            'id_str': '371574354',
            'twitter_user': 'kirsteswann'}}
----------Groups----------
{ 'Bitcoin': ['bitcoin', 'Bitcoin', 'btc', 'satoshi nakamoto'],
  'Ethereum': ['ethereum', 'Ethereum', 'eth', 'vitalik buterin'],
  'Litecoin': ['litecoin', 'Litecoin', 'ltc', 'charles lee'],
  'Monero': ['monero', 'Monero', 'xmr', 'riccardo spagni'],
  'Ripple': [ 'ripple',
              'Ripple',
              'xrp',
              'xrapid',
              'xcurrent',
              'chris larsen',
              'jed mccaleb']}
---------------------------Fetch-------2019-07-31 15:57:00.673106: Tweet filed under "misc":----------Data----------
{ 'contributors': None,
  'coordinates': None,
  'created_at': 'Wed Jul 31 19:39:18 +0000 2019',
  'entities': { 'hashtags': [ {'indices': [71, 84], 'text': 'calisthenics'},
                              {'indices': [85, 96], 'text': 'gymnastics'},
                              {'indices': [97, 108], 'text': 'stretching'}],
                'symbols': [],
                'urls': [ { 'display_url': 'twitter.com/i/web/status/1…',
                            'expanded_url': 'https://twitter.com/i/web/status/1156650563641204736',
                            'indices': [110, 133],
                            'url': 'https://t.co/2PX1v2t1mP'}],
                'user_mentions': []},
  'favorite_count': 0,
  'favorited': False,
  'geo': None,
  'id': 1156650563641204736,
  'id_str': '1156650563641204736',
  'in_reply_to_screen_name': None,
  'in_reply_to_status_id': None,
  'in_reply_to_status_id_str': None,
  'in_reply_to_user_id': None,
  'in_reply_to_user_id_str': None,
  'is_quote_status': False,
  'lang': 'en',
  'metadata': {'iso_language_code': 'en', 'result_type': 'recent'},
  'place': None,
  'possibly_sensitive': False,
  'retweet_count': 0,
  'retweeted': False,
  'source': '<a href="http://instagram.com" rel="nofollow">Instagram</a>',
  'text': 'Thanks adamtimm81 for the stall bars. They are going to come in '
          'handy! #calisthenics #gymnastics #stretching… '
          'https://t.co/2PX1v2t1mP',
  'truncated': True,
  'user': { 'contributors_enabled': False,
            'created_at': 'Fri Feb 18 16:39:39 +0000 2011',
            'default_profile': True,
            'default_profile_image': False,
            'description': 'Husband. Dad. Personal Trainer.',
            'entities': { 'description': {'urls': []},
                          'url': { 'urls': [ { 'display_url': 'atkinshealthandfitness.com',
                                               'expanded_url': 'http://www.atkinshealthandfitness.com',
                                               'indices': [0, 22],
                                               'url': 'http://t.co/FnkNEvCHvG'}]}},
            'favourites_count': 24,
            'follow_request_sent': None,
            'followers_count': 91,
            'following': None,
            'friends_count': 107,
            'geo_enabled': False,
            'has_extended_profile': False,
            'id': 254113880,
            'id_str': '254113880',
            'is_translation_enabled': False,
            'is_translator': False,
            'lang': None,
            'listed_count': 5,
            'location': 'Indianapolis',
            'name': 'Chris Atkins',
            'notifications': None,
            'profile_background_color': 'C0DEED',
            'profile_background_image_url': 'http://abs.twimg.com/images/themes/theme1/bg.png',
            'profile_background_image_url_https': 'https://abs.twimg.com/images/themes/theme1/bg.png',
            'profile_background_tile': False,
            'profile_image_url': 'http://pbs.twimg.com/profile_images/378800000686022110/676d059ceb8e4059941adf48fbc1c470_normal.jpeg',
            'profile_image_url_https': 'https://pbs.twimg.com/profile_images/378800000686022110/676d059ceb8e4059941adf48fbc1c470_normal.jpeg',
            'profile_link_color': '1DA1F2',
            'profile_sidebar_border_color': 'C0DEED',
            'profile_sidebar_fill_color': 'DDEEF6',
            'profile_text_color': '333333',
            'profile_use_background_image': True,
            'protected': False,
            'screen_name': 'revatkins82',
            'statuses_count': 511,
            'time_zone': None,
            'translator_type': 'none',
            'url': 'http://t.co/FnkNEvCHvG',
            'utc_offset': None,
            'verified': False}}
----------Summary----------
{ 'entities': { 'urls': { 'display_url': 'twitter.com/i/web/status/1…',
                          'expanded_url': 'https://twitter.com/i/web/status/1156650563641204736'}},
  'id_str': '1156650563641204736',
  'text': 'thanks adamtimm81 for the stall bars. they are going to come in '
          'handy! #calisthenics #gymnastics #stretching '
          'https://t.co/2px1v2t1mp',
  'user': { 'entities': {},
            'id_str': '254113880',
            'twitter_user': 'revatkins82'}}
----------Groups----------
{ 'Bitcoin': ['bitcoin', 'Bitcoin', 'btc', 'satoshi nakamoto'],
  'Ethereum': ['ethereum', 'Ethereum', 'eth', 'vitalik buterin'],
  'Litecoin': ['litecoin', 'Litecoin', 'ltc', 'charles lee'],
  'Monero': ['monero', 'Monero', 'xmr', 'riccardo spagni'],
  'Ripple': [ 'ripple',
              'Ripple',
              'xrp',
              'xrapid',
              'xcurrent',
              'chris larsen',
              'jed mccaleb']}
---------------------------Fetch-------2019-07-31 15:57:03.297505: Tweet filed under "misc":----------Data----------
{ 'contributors': None,
  'coordinates': None,
  'created_at': 'Wed Jul 31 19:37:40 +0000 2019',
  'entities': { 'hashtags': [],
                'symbols': [],
                'urls': [ { 'display_url': 'buff.ly/2Ycpbqd',
                            'expanded_url': 'https://buff.ly/2Ycpbqd',
                            'indices': [108, 131],
                            'url': 'https://t.co/8SSd9hc6se'}],
                'user_mentions': [ { 'id': 918922778073620481,
                                     'id_str': '918922778073620481',
                                     'indices': [3, 13],
                                     'name': 'CoinMetro',
                                     'screen_name': 'CoinMetro'}]},
  'favorite_count': 0,
  'favorited': False,
  'geo': None,
  'id': 1156650150892380160,
  'id_str': '1156650150892380160',
  'in_reply_to_screen_name': None,
  'in_reply_to_status_id': None,
  'in_reply_to_status_id_str': None,
  'in_reply_to_user_id': None,
  'in_reply_to_user_id_str': None,
  'is_quote_status': False,
  'lang': 'en',
  'metadata': {'iso_language_code': 'en', 'result_type': 'recent'},
  'place': None,
  'possibly_sensitive': False,
  'retweet_count': 2,
  'retweeted': False,
  'retweeted_status': { 'contributors': None,
                        'coordinates': None,
                        'created_at': 'Wed Jul 31 17:15:05 +0000 2019',
                        'entities': { 'hashtags': [],
                                      'symbols': [],
                                      'urls': [ { 'display_url': 'twitter.com/i/web/status/1…',
                                                  'expanded_url': 'https://twitter.com/i/web/status/1156614271129784320',
                                                  'indices': [94, 117],
                                                  'url': 'https://t.co/eIW6QPNxIf'}],
                                      'user_mentions': []},
                        'favorite_count': 1,
                        'favorited': False,
                        'geo': None,
                        'id': 1156614271129784320,
                        'id_str': '1156614271129784320',
                        'in_reply_to_screen_name': None,
                        'in_reply_to_status_id': None,
                        'in_reply_to_status_id_str': None,
                        'in_reply_to_user_id': None,
                        'in_reply_to_user_id_str': None,
                        'is_quote_status': False,
                        'lang': 'en',
                        'metadata': { 'iso_language_code': 'en',
                                      'result_type': 'recent'},
                        'place': None,
                        'possibly_sensitive': False,
                        'retweet_count': 2,
                        'retweeted': False,
                        'source': '<a href="https://buffer.com" '
                                  'rel="nofollow">Buffer</a>',
                        'text': 'Remember, you can always listen to "This Week '
                                'in Crypto" on-the-go on our SoundCloud '
                                'channel… https://t.co/eIW6QPNxIf',
                        'truncated': True,
                        'user': { 'contributors_enabled': False,
                                  'created_at': 'Fri Oct 13 19:33:57 +0000 '
                                                '2017',
                                  'default_profile': False,
                                  'default_profile_image': False,
                                  'description': 'https://t.co/IzjPxs3hv0 A '
                                                 'one-of-a-kind, fintech '
                                                 'platform fueling the future '
                                                 'of blockchain innovation.',
                                  'entities': { 'description': { 'urls': [ { 'display_url': 't.me/CoinMetro',
                                                                             'expanded_url': 'https://t.me/CoinMetro',
                                                                             'indices': [ 0,
                                                                                          23],
                                                                             'url': 'https://t.co/IzjPxs3hv0'}]},
                                                'url': { 'urls': [ { 'display_url': 'coinmetro.com',
                                                                     'expanded_url': 'http://coinmetro.com',
                                                                     'indices': [ 0,
                                                                                  23],
                                                                     'url': 'https://t.co/3vjC4Wlko6'}]}},
                                  'favourites_count': 221,
                                  'follow_request_sent': None,
                                  'followers_count': 3883,
                                  'following': None,
                                  'friends_count': 93,
                                  'geo_enabled': False,
                                  'has_extended_profile': True,
                                  'id': 918922778073620481,
                                  'id_str': '918922778073620481',
                                  'is_translation_enabled': False,
                                  'is_translator': False,
                                  'lang': None,
                                  'listed_count': 68,
                                  'location': 'Tallinn, Estonia',
                                  'name': 'CoinMetro',
                                  'notifications': None,
                                  'profile_background_color': '000000',
                                  'profile_background_image_url': 'http://abs.twimg.com/images/themes/theme1/bg.png',
                                  'profile_background_image_url_https': 'https://abs.twimg.com/images/themes/theme1/bg.png',
                                  'profile_background_tile': False,
                                  'profile_banner_url': 'https://pbs.twimg.com/profile_banners/918922778073620481/1546414276',
                                  'profile_image_url': 'http://pbs.twimg.com/profile_images/1080365557894078464/SjqY5vrl_normal.jpg',
                                  'profile_image_url_https': 'https://pbs.twimg.com/profile_images/1080365557894078464/SjqY5vrl_normal.jpg',
                                  'profile_link_color': 'FAB81E',
                                  'profile_sidebar_border_color': '000000',
                                  'profile_sidebar_fill_color': '000000',
                                  'profile_text_color': '000000',
                                  'profile_use_background_image': False,
                                  'protected': False,
                                  'screen_name': 'CoinMetro',
                                  'statuses_count': 1433,
                                  'time_zone': None,
                                  'translator_type': 'none',
                                  'url': 'https://t.co/3vjC4Wlko6',
                                  'utc_offset': None,
                                  'verified': False}},
  'source': '<a href="http://twitter.com/download/iphone" '
            'rel="nofollow">Twitter for iPhone</a>',
  'text': 'RT @CoinMetro: Remember, you can always listen to "This Week in '
          'Crypto" on-the-go on our SoundCloud channel '
          'https://t.co/8SSd9hc6se\n'
          '#CoinMe…',
  'truncated': False,
  'user': { 'contributors_enabled': False,
            'created_at': 'Wed May 18 18:35:38 +0000 2016',
            'default_profile': True,
            'default_profile_image': False,
            'description': '#worldtraveling | #stickfigurefan | #FCTwente | '
                           '#cheers on the #everlastingweekend',
            'entities': {'description': {'urls': []}},
            'favourites_count': 992,
            'follow_request_sent': None,
            'followers_count': 70,
            'following': None,
            'friends_count': 201,
            'geo_enabled': False,
            'has_extended_profile': True,
            'id': 733003126203125762,
            'id_str': '733003126203125762',
            'is_translation_enabled': False,
            'is_translator': False,
            'lang': None,
            'listed_count': 0,
            'location': 'Traveling south east asia',
            'name': 'Sander van Eyck',
            'notifications': None,
            'profile_background_color': 'F5F8FA',
            'profile_background_image_url': None,
            'profile_background_image_url_https': None,
            'profile_background_tile': False,
            'profile_banner_url': 'https://pbs.twimg.com/profile_banners/733003126203125762/1463603408',
            'profile_image_url': 'http://pbs.twimg.com/profile_images/733031178823970818/YFarxqte_normal.jpg',
            'profile_image_url_https': 'https://pbs.twimg.com/profile_images/733031178823970818/YFarxqte_normal.jpg',
            'profile_link_color': '1DA1F2',
            'profile_sidebar_border_color': 'C0DEED',
            'profile_sidebar_fill_color': 'DDEEF6',
            'profile_text_color': '333333',
            'profile_use_background_image': True,
            'protected': False,
            'screen_name': 'SanderEyck',
            'statuses_count': 388,
            'time_zone': None,
            'translator_type': 'none',
            'url': None,
            'utc_offset': None,
            'verified': False}}
----------Summary----------
{ 'entities': { 'urls': { 'display_url': 'buff.ly/2Ycpbqd',
                          'expanded_url': 'https://buff.ly/2Ycpbqd'}},
  'id_str': '1156650150892380160',
  'retweeted_status': { 'entities': { 'urls': { 'display_url': 'twitter.com/i/web/status/1…',
                                                'expanded_url': 'https://twitter.com/i/web/status/1156614271129784320'}},
                        'id_str': '1156614271129784320',
                        'text': 'remember, you can always listen to "this week '
                                'in crypto" on-the-go on our soundcloud '
                                'channel https://t.co/eiw6qpnxif',
                        'user': { 'entities': {},
                                  'id_str': '918922778073620481',
                                  'twitter_user': 'CoinMetro'}},
  'text': 'rt @coinmetro: remember, you can always listen to "this week in '
          'crypto" on-the-go on our soundcloud channel https://t.co/8ssd9hc6se '
          '#coinme',
  'user': { 'entities': {},
            'id_str': '733003126203125762',
            'twitter_user': 'SanderEyck'}}
----------Groups----------
{ 'Bitcoin': ['bitcoin', 'Bitcoin', 'btc', 'satoshi nakamoto'],
  'Ethereum': ['ethereum', 'Ethereum', 'eth', 'vitalik buterin'],
  'Litecoin': ['litecoin', 'Litecoin', 'ltc', 'charles lee'],
  'Monero': ['monero', 'Monero', 'xmr', 'riccardo spagni'],
  'Ripple': [ 'ripple',
              'Ripple',
              'xrp',
              'xrapid',
              'xcurrent',
              'chris larsen',
              'jed mccaleb']}
---------------------------Fetch-------2019-07-31 15:57:03.607074: Tweet filed under "misc":----------Data----------
{ 'contributors': None,
  'coordinates': None,
  'created_at': 'Wed Jul 31 19:37:36 +0000 2019',
  'entities': { 'hashtags': [],
                'symbols': [],
                'urls': [],
                'user_mentions': [ { 'id': 849225260,
                                     'id_str': '849225260',
                                     'indices': [3, 15],
                                     'name': 'ESOTERIC TRADING SOLUTIONS',
                                     'screen_name': 'susietrader'}]},
  'favorite_count': 0,
  'favorited': False,
  'geo': None,
  'id': 1156650136178532352,
  'id_str': '1156650136178532352',
  'in_reply_to_screen_name': None,
  'in_reply_to_status_id': None,
  'in_reply_to_status_id_str': None,
  'in_reply_to_user_id': None,
  'in_reply_to_user_id_str': None,
  'is_quote_status': False,
  'lang': 'en',
  'metadata': {'iso_language_code': 'en', 'result_type': 'recent'},
  'place': None,
  'retweet_count': 8,
  'retweeted': False,
  'retweeted_status': { 'contributors': None,
                        'coordinates': None,
                        'created_at': 'Wed Jul 31 19:24:36 +0000 2019',
                        'entities': { 'hashtags': [],
                                      'symbols': [],
                                      'urls': [ { 'display_url': 'twitter.com/i/web/status/1…',
                                                  'expanded_url': 'https://twitter.com/i/web/status/1156646864609001473',
                                                  'indices': [117, 140],
                                                  'url': 'https://t.co/IYWFfnhXap'}],
                                      'user_mentions': []},
                        'favorite_count': 39,
                        'favorited': False,
                        'geo': None,
                        'id': 1156646864609001473,
                        'id_str': '1156646864609001473',
                        'in_reply_to_screen_name': None,
                        'in_reply_to_status_id': None,
                        'in_reply_to_status_id_str': None,
                        'in_reply_to_user_id': None,
                        'in_reply_to_user_id_str': None,
                        'is_quote_status': False,
                        'lang': 'en',
                        'metadata': { 'iso_language_code': 'en',
                                      'result_type': 'recent'},
                        'place': None,
                        'retweet_count': 8,
                        'retweeted': False,
                        'source': '<a '
                                  'href="http://twitter.com/download/iphone" '
                                  'rel="nofollow">Twitter for iPhone</a>',
                        'text': 'Fed Chair Powell asked at Fed rate cut press '
                                'conference “about real time payment system”by '
                                'Politico journo . He sai… '
                                'https://t.co/IYWFfnhXap',
                        'truncated': True,
                        'user': { 'contributors_enabled': False,
                                  'created_at': 'Thu Sep 27 13:05:27 +0000 '
                                                '2012',
                                  'default_profile': False,
                                  'default_profile_image': False,
                                  'description': '',
                                  'entities': { 'description': {'urls': []},
                                                'url': { 'urls': [ { 'display_url': 'esoterictradingsolutions.com.au',
                                                                     'expanded_url': 'https://www.esoterictradingsolutions.com.au/',
                                                                     'indices': [ 0,
                                                                                  23],
                                                                     'url': 'https://t.co/DBA1Qe6cUo'}]}},
                                  'favourites_count': 233,
                                  'follow_request_sent': None,
                                  'followers_count': 3770,
                                  'following': None,
                                  'friends_count': 909,
                                  'geo_enabled': False,
                                  'has_extended_profile': False,
                                  'id': 849225260,
                                  'id_str': '849225260',
                                  'is_translation_enabled': False,
                                  'is_translator': False,
                                  'lang': None,
                                  'listed_count': 11,
                                  'location': 'Melbourne, Victoria',
                                  'name': 'ESOTERIC TRADING SOLUTIONS',
                                  'notifications': None,
                                  'profile_background_color': '000000',
                                  'profile_background_image_url': 'http://abs.twimg.com/images/themes/theme1/bg.png',
                                  'profile_background_image_url_https': 'https://abs.twimg.com/images/themes/theme1/bg.png',
                                  'profile_background_tile': False,
                                  'profile_banner_url': 'https://pbs.twimg.com/profile_banners/849225260/1543821868',
                                  'profile_image_url': 'http://pbs.twimg.com/profile_images/1068526441715757056/I7GJZB9e_normal.jpg',
                                  'profile_image_url_https': 'https://pbs.twimg.com/profile_images/1068526441715757056/I7GJZB9e_normal.jpg',
                                  'profile_link_color': 'ABB8C2',
                                  'profile_sidebar_border_color': '000000',
                                  'profile_sidebar_fill_color': '000000',
                                  'profile_text_color': '000000',
                                  'profile_use_background_image': False,
                                  'protected': False,
                                  'screen_name': 'susietrader',
                                  'statuses_count': 795,
                                  'time_zone': None,
                                  'translator_type': 'none',
                                  'url': 'https://t.co/DBA1Qe6cUo',
                                  'utc_offset': None,
                                  'verified': False}},
  'source': '<a href="http://twitter.com/download/android" '
            'rel="nofollow">Twitter for Android</a>',
  'text': 'RT @susietrader: Fed Chair Powell asked at Fed rate cut press '
          'conference “about real time payment system”by Politico journo . He '
          'said US ve…',
  'truncated': False,
  'user': { 'contributors_enabled': False,
            'created_at': 'Sat Aug 16 10:39:03 +0000 2008',
            'default_profile': False,
            'default_profile_image': False,
            'description': '',
            'entities': {'description': {'urls': []}},
            'favourites_count': 17436,
            'follow_request_sent': None,
            'followers_count': 2174,
            'following': None,
            'friends_count': 1853,
            'geo_enabled': True,
            'has_extended_profile': False,
            'id': 15872534,
            'id_str': '15872534',
            'is_translation_enabled': False,
            'is_translator': False,
            'lang': None,
            'listed_count': 26,
            'location': '',
            'name': 'Luke Thomas',
            'notifications': None,
            'profile_background_color': '022330',
            'profile_background_image_url': 'http://abs.twimg.com/images/themes/theme15/bg.png',
            'profile_background_image_url_https': 'https://abs.twimg.com/images/themes/theme15/bg.png',
            'profile_background_tile': False,
            'profile_banner_url': 'https://pbs.twimg.com/profile_banners/15872534/1518108067',
            'profile_image_url': 'http://pbs.twimg.com/profile_images/1038800092046606336/rpQgGxw-_normal.jpg',
            'profile_image_url_https': 'https://pbs.twimg.com/profile_images/1038800092046606336/rpQgGxw-_normal.jpg',
            'profile_link_color': '0084B4',
            'profile_sidebar_border_color': 'A8C7F7',
            'profile_sidebar_fill_color': 'C0DFEC',
            'profile_text_color': '333333',
            'profile_use_background_image': True,
            'protected': False,
            'screen_name': 'lukeeboy',
            'statuses_count': 6796,
            'time_zone': None,
            'translator_type': 'none',
            'url': None,
            'utc_offset': None,
            'verified': False}}
----------Summary----------
{ 'entities': {},
  'id_str': '1156650136178532352',
  'retweeted_status': { 'entities': { 'urls': { 'display_url': 'twitter.com/i/web/status/1…',
                                                'expanded_url': 'https://twitter.com/i/web/status/1156646864609001473'}},
                        'id_str': '1156646864609001473',
                        'text': 'fed chair powell asked at fed rate cut press '
                                'conference about real time payment systemby '
                                'politico journo . he sai '
                                'https://t.co/iywffnhxap',
                        'user': { 'entities': {},
                                  'id_str': '849225260',
                                  'twitter_user': 'susietrader'}},
  'text': 'rt @susietrader: fed chair powell asked at fed rate cut press '
          'conference about real time payment systemby politico journo . he '
          'said us ve',
  'user': {'entities': {}, 'id_str': '15872534', 'twitter_user': 'lukeeboy'}}
----------Groups----------
{ 'Bitcoin': ['bitcoin', 'Bitcoin', 'btc', 'satoshi nakamoto'],
  'Ethereum': ['ethereum', 'Ethereum', 'eth', 'vitalik buterin'],
  'Litecoin': ['litecoin', 'Litecoin', 'ltc', 'charles lee'],
  'Monero': ['monero', 'Monero', 'xmr', 'riccardo spagni'],
  'Ripple': [ 'ripple',
              'Ripple',
              'xrp',
              'xrapid',
              'xcurrent',
              'chris larsen',
              'jed mccaleb']}
---------------------------Fetch-------2019-07-31 15:57:07.598095: Tweet filed under "misc":----------Data----------
{ 'contributors': None,
  'coordinates': None,
  'created_at': 'Wed Jul 31 19:35:40 +0000 2019',
  'entities': { 'hashtags': [],
                'symbols': [],
                'urls': [ { 'display_url': 'fca.org.uk/publication/po…',
                            'expanded_url': 'https://www.fca.org.uk/publication/policy/ps19-22.pdf',
                            'indices': [101, 124],
                            'url': 'https://t.co/exSftiVtra'}],
                'user_mentions': [ { 'id': 965065798845804544,
                                     'id_str': '965065798845804544',
                                     'indices': [3, 15],
                                     'name': 'OzAlphaWolf',
                                     'screen_name': 'OzAlphaWolf'}]},
  'favorite_count': 0,
  'favorited': False,
  'geo': None,
  'id': 1156649650557874176,
  'id_str': '1156649650557874176',
  'in_reply_to_screen_name': None,
  'in_reply_to_status_id': None,
  'in_reply_to_status_id_str': None,
  'in_reply_to_user_id': None,
  'in_reply_to_user_id_str': None,
  'is_quote_status': False,
  'lang': 'en',
  'metadata': {'iso_language_code': 'en', 'result_type': 'recent'},
  'place': None,
  'possibly_sensitive': False,
  'retweet_count': 89,
  'retweeted': False,
  'retweeted_status': { 'contributors': None,
                        'coordinates': None,
                        'created_at': 'Wed Jul 31 13:28:08 +0000 2019',
                        'entities': { 'hashtags': [],
                                      'symbols': [],
                                      'urls': [ { 'display_url': 'fca.org.uk/publication/po…',
                                                  'expanded_url': 'https://www.fca.org.uk/publication/policy/ps19-22.pdf',
                                                  'indices': [84, 107],
                                                  'url': 'https://t.co/exSftiVtra'},
                                                { 'display_url': 'twitter.com/i/web/status/1…',
                                                  'expanded_url': 'https://twitter.com/i/web/status/1156557155668877317',
                                                  'indices': [117, 140],
                                                  'url': 'https://t.co/LLT8BsyMjV'}],
                                      'user_mentions': []},
                        'favorite_count': 253,
                        'favorited': False,
                        'geo': None,
                        'id': 1156557155668877317,
                        'id_str': '1156557155668877317',
                        'in_reply_to_screen_name': None,
                        'in_reply_to_status_id': None,
                        'in_reply_to_status_id_str': None,
                        'in_reply_to_user_id': None,
                        'in_reply_to_user_id_str': None,
                        'is_quote_status': False,
                        'lang': 'en',
                        'metadata': { 'iso_language_code': 'en',
                                      'result_type': 'recent'},
                        'place': None,
                        'possibly_sensitive': False,
                        'retweet_count': 89,
                        'retweeted': False,
                        'source': '<a href="https://mobile.twitter.com" '
                                  'rel="nofollow">Twitter Web App</a>',
                        'text': 'Today the UK Financial Conduct Authority '
                                'released their "Guidance on cryptoassets".\n'
                                'https://t.co/exSftiVtra\n'
                                '\n'
                                'A case… https://t.co/LLT8BsyMjV',
                        'truncated': True,
                        'user': { 'contributors_enabled': False,
                                  'created_at': 'Sun Feb 18 03:29:51 +0000 '
                                                '2018',
                                  'default_profile': True,
                                  'default_profile_image': False,
                                  'description': '',
                                  'entities': { 'description': {'urls': []},
                                                'url': { 'urls': [ { 'display_url': 'xrpchat.com/profile/13421-…',
                                                                     'expanded_url': 'https://www.xrpchat.com/profile/13421-ozalphawolf/',
                                                                     'indices': [ 0,
                                                                                  23],
                                                                     'url': 'https://t.co/7vnNzVlr4R'}]}},
                                  'favourites_count': 4110,
                                  'follow_request_sent': None,
                                  'followers_count': 1204,
                                  'following': None,
                                  'friends_count': 287,
                                  'geo_enabled': False,
                                  'has_extended_profile': False,
                                  'id': 965065798845804544,
                                  'id_str': '965065798845804544',
                                  'is_translation_enabled': False,
                                  'is_translator': False,
                                  'lang': None,
                                  'listed_count': 2,
                                  'location': '',
                                  'name': 'OzAlphaWolf',
                                  'notifications': None,
                                  'profile_background_color': 'F5F8FA',
                                  'profile_background_image_url': None,
                                  'profile_background_image_url_https': None,
                                  'profile_background_tile': False,
                                  'profile_banner_url': 'https://pbs.twimg.com/profile_banners/965065798845804544/1518924845',
                                  'profile_image_url': 'http://pbs.twimg.com/profile_images/1131033240330891264/6pb-sWsH_normal.png',
                                  'profile_image_url_https': 'https://pbs.twimg.com/profile_images/1131033240330891264/6pb-sWsH_normal.png',
                                  'profile_link_color': '1DA1F2',
                                  'profile_sidebar_border_color': 'C0DEED',
                                  'profile_sidebar_fill_color': 'DDEEF6',
                                  'profile_text_color': '333333',
                                  'profile_use_background_image': True,
                                  'protected': False,
                                  'screen_name': 'OzAlphaWolf',
                                  'statuses_count': 1943,
                                  'time_zone': None,
                                  'translator_type': 'none',
                                  'url': 'https://t.co/7vnNzVlr4R',
                                  'utc_offset': None,
                                  'verified': False}},
  'source': '<a href="https://mobile.twitter.com" rel="nofollow">Twitter Web '
            'App</a>',
  'text': 'RT @OzAlphaWolf: Today the UK Financial Conduct Authority released '
          'their "Guidance on cryptoassets".\n'
          'https://t.co/exSftiVtra\n'
          '\n'
          'A case study…',
  'truncated': False,
  'user': { 'contributors_enabled': False,
            'created_at': 'Wed Sep 19 19:50:03 +0000 2012',
            'default_profile': True,
            'default_profile_image': False,
            'description': 'We travel not to escape life, but for life not to '
                           'escape us.😀😀',
            'entities': {'description': {'urls': []}},
            'favourites_count': 5885,
            'follow_request_sent': None,
            'followers_count': 142,
            'following': None,
            'friends_count': 276,
            'geo_enabled': False,
            'has_extended_profile': True,
            'id': 834019837,
            'id_str': '834019837',
            'is_translation_enabled': False,
            'is_translator': False,
            'lang': None,
            'listed_count': 1,
            'location': 'Bangladesh',
            'name': 'Nahidul Islam',
            'notifications': None,
            'profile_background_color': 'C0DEED',
            'profile_background_image_url': 'http://abs.twimg.com/images/themes/theme1/bg.png',
            'profile_background_image_url_https': 'https://abs.twimg.com/images/themes/theme1/bg.png',
            'profile_background_tile': False,
            'profile_banner_url': 'https://pbs.twimg.com/profile_banners/834019837/1513017876',
            'profile_image_url': 'http://pbs.twimg.com/profile_images/940290446651043840/PTl3AjK9_normal.jpg',
            'profile_image_url_https': 'https://pbs.twimg.com/profile_images/940290446651043840/PTl3AjK9_normal.jpg',
            'profile_link_color': '1DA1F2',
            'profile_sidebar_border_color': 'C0DEED',
            'profile_sidebar_fill_color': 'DDEEF6',
            'profile_text_color': '333333',
            'profile_use_background_image': True,
            'protected': False,
            'screen_name': 'nahid_yss',
            'statuses_count': 1585,
            'time_zone': None,
            'translator_type': 'none',
            'url': None,
            'utc_offset': None,
            'verified': False}}
----------Summary----------
{ 'entities': { 'urls': { 'display_url': 'fca.org.uk/publication/po…',
                          'expanded_url': 'https://www.fca.org.uk/publication/policy/ps19-22.pdf'}},
  'id_str': '1156649650557874176',
  'retweeted_status': { 'entities': { 'urls': { 'display_url': 'twitter.com/i/web/status/1…',
                                                'expanded_url': 'https://twitter.com/i/web/status/1156557155668877317'}},
                        'id_str': '1156557155668877317',
                        'text': 'today the uk financial conduct authority '
                                'released their "guidance on cryptoassets". '
                                'https://t.co/exsftivtra  a case '
                                'https://t.co/llt8bsymjv',
                        'user': { 'entities': {},
                                  'id_str': '965065798845804544',
                                  'twitter_user': 'OzAlphaWolf'}},
  'text': 'rt @ozalphawolf: today the uk financial conduct authority released '
          'their "guidance on cryptoassets". https://t.co/exsftivtra  a case '
          'study',
  'user': {'entities': {}, 'id_str': '834019837', 'twitter_user': 'nahid_yss'}}
----------Groups----------
{ 'Bitcoin': ['bitcoin', 'Bitcoin', 'btc', 'satoshi nakamoto'],
  'Ethereum': ['ethereum', 'Ethereum', 'eth', 'vitalik buterin'],
  'Litecoin': ['litecoin', 'Litecoin', 'ltc', 'charles lee'],
  'Monero': ['monero', 'Monero', 'xmr', 'riccardo spagni'],
  'Ripple': [ 'ripple',
              'Ripple',
              'xrp',
              'xrapid',
              'xcurrent',
              'chris larsen',
              'jed mccaleb']}
---------------------------Fetch-------2019-07-31 15:57:07.907343: Tweet filed under "misc":----------Data----------
{ 'contributors': None,
  'coordinates': None,
  'created_at': 'Wed Jul 31 19:52:56 +0000 2019',
  'entities': { 'hashtags': [],
                'symbols': [],
                'urls': [],
                'user_mentions': [ { 'id': 66837127,
                                     'id_str': '66837127',
                                     'indices': [0, 12],
                                     'name': 'laura',
                                     'screen_name': 'laurajoycex'}]},
  'favorite_count': 0,
  'favorited': False,
  'geo': None,
  'id': 1156653995508797443,
  'id_str': '1156653995508797443',
  'in_reply_to_screen_name': 'laurajoycex',
  'in_reply_to_status_id': 1156652268890009602,
  'in_reply_to_status_id_str': '1156652268890009602',
  'in_reply_to_user_id': 66837127,
  'in_reply_to_user_id_str': '66837127',
  'is_quote_status': False,
  'lang': 'en',
  'metadata': {'iso_language_code': 'en', 'result_type': 'recent'},
  'place': None,
  'retweet_count': 0,
  'retweeted': False,
  'source': '<a href="http://twitter.com/download/iphone" '
            'rel="nofollow">Twitter for iPhone</a>',
  'text': '@laurajoycex Can you ask Toni why she hasn’t responded to me? I '
          'need a safe space.',
  'truncated': False,
  'user': { 'contributors_enabled': False,
            'created_at': 'Thu Mar 07 15:29:34 +0000 2019',
            'default_profile': True,
            'default_profile_image': False,
            'description': 'Investment Analyst. American. Stocks. Crypto. '
                           '#XRP🚀',
            'entities': {'description': {'urls': []}},
            'favourites_count': 12,
            'follow_request_sent': None,
            'followers_count': 14,
            'following': None,
            'friends_count': 306,
            'geo_enabled': False,
            'has_extended_profile': False,
            'id': 1103679088278028288,
            'id_str': '1103679088278028288',
            'is_translation_enabled': False,
            'is_translator': False,
            'lang': None,
            'listed_count': 0,
            'location': 'New York, NY',
            'name': '#XRP We Trust',
            'notifications': None,
            'profile_background_color': 'F5F8FA',
            'profile_background_image_url': None,
            'profile_background_image_url_https': None,
            'profile_background_tile': False,
            'profile_banner_url': 'https://pbs.twimg.com/profile_banners/1103679088278028288/1551973090',
            'profile_image_url': 'http://pbs.twimg.com/profile_images/1133362014322122753/IOQtBwrd_normal.png',
            'profile_image_url_https': 'https://pbs.twimg.com/profile_images/1133362014322122753/IOQtBwrd_normal.png',
            'profile_link_color': '1DA1F2',
            'profile_sidebar_border_color': 'C0DEED',
            'profile_sidebar_fill_color': 'DDEEF6',
            'profile_text_color': '333333',
            'profile_use_background_image': True,
            'protected': False,
            'screen_name': 'XRP_Gainz',
            'statuses_count': 1521,
            'time_zone': None,
            'translator_type': 'none',
            'url': None,
            'utc_offset': None,
            'verified': False}}
----------Summary----------
{ 'entities': {},
  'id_str': '1156653995508797443',
  'text': '@laurajoycex can you ask toni why she hasnt responded to me? i need '
          'a safe space.',
  'user': { 'entities': {},
            'id_str': '1103679088278028288',
            'twitter_user': 'XRP_Gainz'}}
----------Groups----------
{ 'Bitcoin': ['bitcoin', 'Bitcoin', 'btc', 'satoshi nakamoto'],
  'Ethereum': ['ethereum', 'Ethereum', 'eth', 'vitalik buterin'],
  'Litecoin': ['litecoin', 'Litecoin', 'ltc', 'charles lee'],
  'Monero': ['monero', 'Monero', 'xmr', 'riccardo spagni'],
  'Ripple': [ 'ripple',
              'Ripple',
              'xrp',
              'xrapid',
              'xcurrent',
              'chris larsen',
              'jed mccaleb']}
---------------------------Fetch-------2019-07-31 15:57:08.214837: Tweet filed under "misc":----------Data----------
{ 'contributors': None,
  'coordinates': None,
  'created_at': 'Wed Jul 31 19:52:52 +0000 2019',
  'entities': { 'hashtags': [],
                'symbols': [],
                'urls': [ { 'display_url': 'youtu.be/Ba0iZsXku9c',
                            'expanded_url': 'https://youtu.be/Ba0iZsXku9c',
                            'indices': [95, 118],
                            'url': 'https://t.co/RCs24GXl3t'}],
                'user_mentions': [ { 'id': 24784463,
                                     'id_str': '24784463',
                                     'indices': [3, 13],
                                     'name': 'Ron Wells 🚀',
                                     'screen_name': 'Ron_Wells'}]},
  'favorite_count': 0,
  'favorited': False,
  'geo': None,
  'id': 1156653979620827138,
  'id_str': '1156653979620827138',
  'in_reply_to_screen_name': None,
  'in_reply_to_status_id': None,
  'in_reply_to_status_id_str': None,
  'in_reply_to_user_id': None,
  'in_reply_to_user_id_str': None,
  'is_quote_status': False,
  'lang': 'en',
  'metadata': {'iso_language_code': 'en', 'result_type': 'recent'},
  'place': None,
  'possibly_sensitive': False,
  'retweet_count': 1,
  'retweeted': False,
  'retweeted_status': { 'contributors': None,
                        'coordinates': None,
                        'created_at': 'Wed Jul 31 19:52:03 +0000 2019',
                        'entities': { 'hashtags': [],
                                      'symbols': [],
                                      'urls': [ { 'display_url': 'youtu.be/Ba0iZsXku9c',
                                                  'expanded_url': 'https://youtu.be/Ba0iZsXku9c',
                                                  'indices': [80, 103],
                                                  'url': 'https://t.co/RCs24GXl3t'},
                                                { 'display_url': 'twitter.com/i/web/status/1…',
                                                  'expanded_url': 'https://twitter.com/i/web/status/1156653772136861696',
                                                  'indices': [135, 158],
                                                  'url': 'https://t.co/JjNyBbdxCz'}],
                                      'user_mentions': []},
                        'favorite_count': 1,
                        'favorited': False,
                        'geo': None,
                        'id': 1156653772136861696,
                        'id_str': '1156653772136861696',
                        'in_reply_to_screen_name': None,
                        'in_reply_to_status_id': None,
                        'in_reply_to_status_id_str': None,
                        'in_reply_to_user_id': None,
                        'in_reply_to_user_id_str': None,
                        'is_quote_status': False,
                        'lang': 'en',
                        'metadata': { 'iso_language_code': 'en',
                                      'result_type': 'recent'},
                        'place': None,
                        'possibly_sensitive': False,
                        'retweet_count': 1,
                        'retweeted': False,
                        'source': '<a '
                                  'href="http://twitter.com/download/iphone" '
                                  'rel="nofollow">Twitter for iPhone</a>',
                        'text': 'Fed Chair Jerome Powell on interest rate cut '
                                'decision – 07/31/2019 &gt;&gt;&gt; '
                                'https://t.co/RCs24GXl3t &lt;&lt;&lt; '
                                'discussing real-… https://t.co/JjNyBbdxCz',
                        'truncated': True,
                        'user': { 'contributors_enabled': False,
                                  'created_at': 'Mon Mar 16 22:29:21 +0000 '
                                                '2009',
                                  'default_profile': False,
                                  'default_profile_image': False,
                                  'description': '',
                                  'entities': {'description': {'urls': []}},
                                  'favourites_count': 477,
                                  'follow_request_sent': None,
                                  'followers_count': 13288,
                                  'following': None,
                                  'friends_count': 12987,
                                  'geo_enabled': True,
                                  'has_extended_profile': False,
                                  'id': 24784463,
                                  'id_str': '24784463',
                                  'is_translation_enabled': False,
                                  'is_translator': False,
                                  'lang': None,
                                  'listed_count': 104,
                                  'location': 'Earth',
                                  'name': 'Ron Wells 🚀',
                                  'notifications': None,
                                  'profile_background_color': 'C0DEED',
                                  'profile_background_image_url': 'http://abs.twimg.com/images/themes/theme1/bg.png',
                                  'profile_background_image_url_https': 'https://abs.twimg.com/images/themes/theme1/bg.png',
                                  'profile_background_tile': True,
                                  'profile_banner_url': 'https://pbs.twimg.com/profile_banners/24784463/1358560954',
                                  'profile_image_url': 'http://pbs.twimg.com/profile_images/751098968734437376/rz5SXxVZ_normal.jpg',
                                  'profile_image_url_https': 'https://pbs.twimg.com/profile_images/751098968734437376/rz5SXxVZ_normal.jpg',
                                  'profile_link_color': '0084B4',
                                  'profile_sidebar_border_color': 'FFFFFF',
                                  'profile_sidebar_fill_color': 'DDEEF6',
                                  'profile_text_color': '333333',
                                  'profile_use_background_image': True,
                                  'protected': False,
                                  'screen_name': 'Ron_Wells',
                                  'statuses_count': 6144,
                                  'time_zone': None,
                                  'translator_type': 'none',
                                  'url': None,
                                  'utc_offset': None,
                                  'verified': False}},
  'source': '<a href="http://twitter.com/download/android" '
            'rel="nofollow">Twitter for Android</a>',
  'text': 'RT @Ron_Wells: Fed Chair Jerome Powell on interest rate cut '
          'decision – 07/31/2019 &gt;&gt;&gt; https://t.co/RCs24GXl3t '
          '&lt;&lt;&lt; discussing real-time paym…',
  'truncated': False,
  'user': { 'contributors_enabled': False,
            'created_at': 'Tue May 22 03:24:43 +0000 2018',
            'default_profile': True,
            'default_profile_image': False,
            'description': '',
            'entities': {'description': {'urls': []}},
            'favourites_count': 1180,
            'follow_request_sent': None,
            'followers_count': 301,
            'following': None,
            'friends_count': 363,
            'geo_enabled': False,
            'has_extended_profile': False,
            'id': 998766581034508288,
            'id_str': '998766581034508288',
            'is_translation_enabled': False,
            'is_translator': False,
            'lang': None,
            'listed_count': 1,
            'location': '',
            'name': 'Freecoiner',
            'notifications': None,
            'profile_background_color': 'F5F8FA',
            'profile_background_image_url': None,
            'profile_background_image_url_https': None,
            'profile_background_tile': False,
            'profile_banner_url': 'https://pbs.twimg.com/profile_banners/998766581034508288/1563320416',
            'profile_image_url': 'http://pbs.twimg.com/profile_images/1151275382190067712/Y-wzc99P_normal.jpg',
            'profile_image_url_https': 'https://pbs.twimg.com/profile_images/1151275382190067712/Y-wzc99P_normal.jpg',
            'profile_link_color': '1DA1F2',
            'profile_sidebar_border_color': 'C0DEED',
            'profile_sidebar_fill_color': 'DDEEF6',
            'profile_text_color': '333333',
            'profile_use_background_image': True,
            'protected': False,
            'screen_name': 'Freecoiner1',
            'statuses_count': 778,
            'time_zone': None,
            'translator_type': 'none',
            'url': None,
            'utc_offset': None,
            'verified': False}}
----------Summary----------
{ 'entities': { 'urls': { 'display_url': 'youtu.be/Ba0iZsXku9c',
                          'expanded_url': 'https://youtu.be/Ba0iZsXku9c'}},
  'id_str': '1156653979620827138',
  'retweeted_status': { 'entities': { 'urls': { 'display_url': 'twitter.com/i/web/status/1…',
                                                'expanded_url': 'https://twitter.com/i/web/status/1156653772136861696'}},
                        'id_str': '1156653772136861696',
                        'text': 'fed chair jerome powell on interest rate cut '
                                'decision  07/31/2019 &gt;&gt;&gt; '
                                'https://t.co/rcs24gxl3t &lt;&lt;&lt; '
                                'discussing real- https://t.co/jjnybbdxcz',
                        'user': { 'entities': {},
                                  'id_str': '24784463',
                                  'twitter_user': 'Ron_Wells'}},
  'text': 'rt @ron_wells: fed chair jerome powell on interest rate cut '
          'decision  07/31/2019 &gt;&gt;&gt; https://t.co/rcs24gxl3t '
          '&lt;&lt;&lt; discussing real-time paym',
  'user': { 'entities': {},
            'id_str': '998766581034508288',
            'twitter_user': 'Freecoiner1'}}
----------Groups----------
{ 'Bitcoin': ['bitcoin', 'Bitcoin', 'btc', 'satoshi nakamoto'],
  'Ethereum': ['ethereum', 'Ethereum', 'eth', 'vitalik buterin'],
  'Litecoin': ['litecoin', 'Litecoin', 'ltc', 'charles lee'],
  'Monero': ['monero', 'Monero', 'xmr', 'riccardo spagni'],
  'Ripple': [ 'ripple',
              'Ripple',
              'xrp',
              'xrapid',
              'xcurrent',
              'chris larsen',
              'jed mccaleb']}
---------------------------Fetch-------2019-07-31 15:57:08.519250: Tweet filed under "misc":----------Data----------
{ 'contributors': None,
  'coordinates': None,
  'created_at': 'Wed Jul 31 19:52:52 +0000 2019',
  'entities': { 'hashtags': [],
                'symbols': [],
                'urls': [ { 'display_url': 'twitter.com/i/web/status/1…',
                            'expanded_url': 'https://twitter.com/i/web/status/1156653975854309377',
                            'indices': [117, 140],
                            'url': 'https://t.co/CQ2yPn13VA'}],
                'user_mentions': []},
  'favorite_count': 0,
  'favorited': False,
  'geo': None,
  'id': 1156653975854309377,
  'id_str': '1156653975854309377',
  'in_reply_to_screen_name': None,
  'in_reply_to_status_id': None,
  'in_reply_to_status_id_str': None,
  'in_reply_to_user_id': None,
  'in_reply_to_user_id_str': None,
  'is_quote_status': False,
  'lang': 'en',
  'metadata': {'iso_language_code': 'en', 'result_type': 'recent'},
  'place': None,
  'possibly_sensitive': False,
  'retweet_count': 0,
  'retweeted': False,
  'source': '<a href="https://ifttt.com" rel="nofollow">IFTTT</a>',
  'text': 'The Supreme Court of Nova Scotia approved the activities, fees and '
          'disbursements incurred by firms in the ongoing p… '
          'https://t.co/CQ2yPn13VA',
  'truncated': True,
  'user': { 'contributors_enabled': False,
            'created_at': 'Fri Jul 26 21:20:25 +0000 2013',
            'default_profile': True,
            'default_profile_image': False,
            'description': 'How many millionaires do you know who have become '
                           'wealthy by investing in savings accounts?\xa0\n'
                           '4 years and counting! #bitcoin #btc $btc',
            'entities': {'description': {'urls': []}},
            'favourites_count': 766,
            'follow_request_sent': None,
            'followers_count': 433,
            'following': None,
            'friends_count': 79,
            'geo_enabled': False,
            'has_extended_profile': False,
            'id': 1623913573,
            'id_str': '1623913573',
            'is_translation_enabled': False,
            'is_translator': False,
            'lang': None,
            'listed_count': 0,
            'location': 'Canada',
            'name': 'CryptoGryphon',
            'notifications': None,
            'profile_background_color': 'C0DEED',
            'profile_background_image_url': 'http://abs.twimg.com/images/themes/theme1/bg.png',
            'profile_background_image_url_https': 'https://abs.twimg.com/images/themes/theme1/bg.png',
            'profile_background_tile': False,
            'profile_banner_url': 'https://pbs.twimg.com/profile_banners/1623913573/1552504621',
            'profile_image_url': 'http://pbs.twimg.com/profile_images/1105909904408117248/ykxqaMQK_normal.jpg',
            'profile_image_url_https': 'https://pbs.twimg.com/profile_images/1105909904408117248/ykxqaMQK_normal.jpg',
            'profile_link_color': '1DA1F2',
            'profile_sidebar_border_color': 'C0DEED',
            'profile_sidebar_fill_color': 'DDEEF6',
            'profile_text_color': '333333',
            'profile_use_background_image': True,
            'protected': False,
            'screen_name': 'cryptogryphon',
            'statuses_count': 2130,
            'time_zone': None,
            'translator_type': 'none',
            'url': None,
            'utc_offset': None,
            'verified': False}}
----------Summary----------
{ 'entities': { 'urls': { 'display_url': 'twitter.com/i/web/status/1…',
                          'expanded_url': 'https://twitter.com/i/web/status/1156653975854309377'}},
  'id_str': '1156653975854309377',
  'text': 'the supreme court of nova scotia approved the activities, fees and '
          'disbursements incurred by firms in the ongoing p '
          'https://t.co/cq2ypn13va',
  'user': { 'entities': {},
            'id_str': '1623913573',
            'twitter_user': 'cryptogryphon'}}
----------Groups----------
{ 'Bitcoin': ['bitcoin', 'Bitcoin', 'btc', 'satoshi nakamoto'],
  'Ethereum': ['ethereum', 'Ethereum', 'eth', 'vitalik buterin'],
  'Litecoin': ['litecoin', 'Litecoin', 'ltc', 'charles lee'],
  'Monero': ['monero', 'Monero', 'xmr', 'riccardo spagni'],
  'Ripple': [ 'ripple',
              'Ripple',
              'xrp',
              'xrapid',
              'xcurrent',
              'chris larsen',
              'jed mccaleb']}
---------------------------Fetch-------2019-07-31 15:57:09.813994: Tweet filed under "misc":----------Data----------
{ 'contributors': None,
  'coordinates': None,
  'created_at': 'Wed Jul 31 19:52:35 +0000 2019',
  'entities': { 'hashtags': [],
                'symbols': [],
                'urls': [ { 'display_url': 'twitter.com/i/web/status/1…',
                            'expanded_url': 'https://twitter.com/i/web/status/1156653907671691265',
                            'indices': [117, 140],
                            'url': 'https://t.co/3lrCK1ZgMO'}],
                'user_mentions': [ { 'id': 1014380577519124480,
                                     'id_str': '1014380577519124480',
                                     'indices': [14, 29],
                                     'name': 'SBI VC Trade (SBI VCトレード）',
                                     'screen_name': 'sbivc_official'}]},
  'favorite_count': 0,
  'favorited': False,
  'geo': None,
  'id': 1156653907671691265,
  'id_str': '1156653907671691265',
  'in_reply_to_screen_name': None,
  'in_reply_to_status_id': None,
  'in_reply_to_status_id_str': None,
  'in_reply_to_user_id': None,
  'in_reply_to_user_id_str': None,
  'is_quote_status': False,
  'lang': 'en',
  'metadata': {'iso_language_code': 'en', 'result_type': 'recent'},
  'place': None,
  'possibly_sensitive': False,
  'retweet_count': 0,
  'retweeted': False,
  'source': '<a href="http://twitter.com/download/iphone" '
            'rel="nofollow">Twitter for iPhone</a>',
  'text': 'Ok, so I know @sbivc_official haven’t been live for more than like '
          '11-12 hours so far.. the 24h trend looks a bit..… '
          'https://t.co/3lrCK1ZgMO',
  'truncated': True,
  'user': { 'contributors_enabled': False,
            'created_at': 'Sat Jan 12 09:04:38 +0000 2019',
            'default_profile': True,
            'default_profile_image': False,
            'description': 'Xrp Xrpthestandard',
            'entities': {'description': {'urls': []}},
            'favourites_count': 1811,
            'follow_request_sent': None,
            'followers_count': 179,
            'following': None,
            'friends_count': 57,
            'geo_enabled': False,
            'has_extended_profile': True,
            'id': 1084013269176799232,
            'id_str': '1084013269176799232',
            'is_translation_enabled': False,
            'is_translator': False,
            'lang': None,
            'listed_count': 2,
            'location': 'Sweden',
            'name': 'XRP noob and investor',
            'notifications': None,
            'profile_background_color': 'F5F8FA',
            'profile_background_image_url': None,
            'profile_background_image_url_https': None,
            'profile_background_tile': False,
            'profile_image_url': 'http://pbs.twimg.com/profile_images/1084745507761721344/HJXgS0Uq_normal.jpg',
            'profile_image_url_https': 'https://pbs.twimg.com/profile_images/1084745507761721344/HJXgS0Uq_normal.jpg',
            'profile_link_color': '1DA1F2',
            'profile_sidebar_border_color': 'C0DEED',
            'profile_sidebar_fill_color': 'DDEEF6',
            'profile_text_color': '333333',
            'profile_use_background_image': True,
            'protected': False,
            'screen_name': 'XRPnoob1',
            'statuses_count': 915,
            'time_zone': None,
            'translator_type': 'none',
            'url': None,
            'utc_offset': None,
            'verified': False}}
----------Summary----------
{ 'entities': { 'urls': { 'display_url': 'twitter.com/i/web/status/1…',
                          'expanded_url': 'https://twitter.com/i/web/status/1156653907671691265'}},
  'id_str': '1156653907671691265',
  'text': 'ok, so i know @sbivc_official havent been live for more than like '
          '11-12 hours so far.. the 24h trend looks a bit.. '
          'https://t.co/3lrck1zgmo',
  'user': { 'entities': {},
            'id_str': '1084013269176799232',
            'twitter_user': 'XRPnoob1'}}
----------Groups----------
{ 'Bitcoin': ['bitcoin', 'Bitcoin', 'btc', 'satoshi nakamoto'],
  'Ethereum': ['ethereum', 'Ethereum', 'eth', 'vitalik buterin'],
  'Litecoin': ['litecoin', 'Litecoin', 'ltc', 'charles lee'],
  'Monero': ['monero', 'Monero', 'xmr', 'riccardo spagni'],
  'Ripple': [ 'ripple',
              'Ripple',
              'xrp',
              'xrapid',
              'xcurrent',
              'chris larsen',
              'jed mccaleb']}
---------------------------Fetch-------2019-07-31 15:57:11.023301: Tweet filed under "misc":----------Data----------
{ 'contributors': None,
  'coordinates': None,
  'created_at': 'Wed Jul 31 19:52:03 +0000 2019',
  'entities': { 'hashtags': [],
                'symbols': [],
                'urls': [ { 'display_url': 'youtu.be/Ba0iZsXku9c',
                            'expanded_url': 'https://youtu.be/Ba0iZsXku9c',
                            'indices': [80, 103],
                            'url': 'https://t.co/RCs24GXl3t'},
                          { 'display_url': 'twitter.com/i/web/status/1…',
                            'expanded_url': 'https://twitter.com/i/web/status/1156653772136861696',
                            'indices': [135, 158],
                            'url': 'https://t.co/JjNyBbdxCz'}],
                'user_mentions': []},
  'favorite_count': 1,
  'favorited': False,
  'geo': None,
  'id': 1156653772136861696,
  'id_str': '1156653772136861696',
  'in_reply_to_screen_name': None,
  'in_reply_to_status_id': None,
  'in_reply_to_status_id_str': None,
  'in_reply_to_user_id': None,
  'in_reply_to_user_id_str': None,
  'is_quote_status': False,
  'lang': 'en',
  'metadata': {'iso_language_code': 'en', 'result_type': 'recent'},
  'place': None,
  'possibly_sensitive': False,
  'retweet_count': 1,
  'retweeted': False,
  'source': '<a href="http://twitter.com/download/iphone" '
            'rel="nofollow">Twitter for iPhone</a>',
  'text': 'Fed Chair Jerome Powell on interest rate cut decision – 07/31/2019 '
          '&gt;&gt;&gt; https://t.co/RCs24GXl3t &lt;&lt;&lt; discussing real-… '
          'https://t.co/JjNyBbdxCz',
  'truncated': True,
  'user': { 'contributors_enabled': False,
            'created_at': 'Mon Mar 16 22:29:21 +0000 2009',
            'default_profile': False,
            'default_profile_image': False,
            'description': '',
            'entities': {'description': {'urls': []}},
            'favourites_count': 477,
            'follow_request_sent': None,
            'followers_count': 13288,
            'following': None,
            'friends_count': 12987,
            'geo_enabled': True,
            'has_extended_profile': False,
            'id': 24784463,
            'id_str': '24784463',
            'is_translation_enabled': False,
            'is_translator': False,
            'lang': None,
            'listed_count': 104,
            'location': 'Earth',
            'name': 'Ron Wells 🚀',
            'notifications': None,
            'profile_background_color': 'C0DEED',
            'profile_background_image_url': 'http://abs.twimg.com/images/themes/theme1/bg.png',
            'profile_background_image_url_https': 'https://abs.twimg.com/images/themes/theme1/bg.png',
            'profile_background_tile': True,
            'profile_banner_url': 'https://pbs.twimg.com/profile_banners/24784463/1358560954',
            'profile_image_url': 'http://pbs.twimg.com/profile_images/751098968734437376/rz5SXxVZ_normal.jpg',
            'profile_image_url_https': 'https://pbs.twimg.com/profile_images/751098968734437376/rz5SXxVZ_normal.jpg',
            'profile_link_color': '0084B4',
            'profile_sidebar_border_color': 'FFFFFF',
            'profile_sidebar_fill_color': 'DDEEF6',
            'profile_text_color': '333333',
            'profile_use_background_image': True,
            'protected': False,
            'screen_name': 'Ron_Wells',
            'statuses_count': 6144,
            'time_zone': None,
            'translator_type': 'none',
            'url': None,
            'utc_offset': None,
            'verified': False}}
----------Summary----------
{ 'entities': { 'urls': { 'display_url': 'twitter.com/i/web/status/1…',
                          'expanded_url': 'https://twitter.com/i/web/status/1156653772136861696'}},
  'id_str': '1156653772136861696',
  'text': 'fed chair jerome powell on interest rate cut decision  07/31/2019 '
          '&gt;&gt;&gt; https://t.co/rcs24gxl3t &lt;&lt;&lt; discussing real- '
          'https://t.co/jjnybbdxcz',
  'user': {'entities': {}, 'id_str': '24784463', 'twitter_user': 'Ron_Wells'}}
----------Groups----------
{ 'Bitcoin': ['bitcoin', 'Bitcoin', 'btc', 'satoshi nakamoto'],
  'Ethereum': ['ethereum', 'Ethereum', 'eth', 'vitalik buterin'],
  'Litecoin': ['litecoin', 'Litecoin', 'ltc', 'charles lee'],
  'Monero': ['monero', 'Monero', 'xmr', 'riccardo spagni'],
  'Ripple': [ 'ripple',
              'Ripple',
              'xrp',
              'xrapid',
              'xcurrent',
              'chris larsen',
              'jed mccaleb']}
---------------------------Fetch-------2019-07-31 15:57:16.404733: Tweet filed under "misc":----------Data----------
{ 'contributors': None,
  'coordinates': None,
  'created_at': 'Wed Jul 31 19:49:33 +0000 2019',
  'entities': { 'hashtags': [],
                'media': [ { 'display_url': 'pic.twitter.com/6Svj3OHcln',
                             'expanded_url': 'https://twitter.com/WORLD_MONEY_XRP/status/1156653143561789441/photo/1',
                             'id': 1156653134267265024,
                             'id_str': '1156653134267265024',
                             'indices': [89, 112],
                             'media_url': 'http://pbs.twimg.com/tweet_video_thumb/EA1B5bxXsAAlujS.jpg',
                             'media_url_https': 'https://pbs.twimg.com/tweet_video_thumb/EA1B5bxXsAAlujS.jpg',
                             'sizes': { 'large': { 'h': 206,
                                                   'resize': 'fit',
                                                   'w': 498},
                                        'medium': { 'h': 206,
                                                    'resize': 'fit',
                                                    'w': 498},
                                        'small': { 'h': 206,
                                                   'resize': 'fit',
                                                   'w': 498},
                                        'thumb': { 'h': 150,
                                                   'resize': 'crop',
                                                   'w': 150}},
                             'type': 'photo',
                             'url': 'https://t.co/6Svj3OHcln'}],
                'symbols': [],
                'urls': [],
                'user_mentions': [ { 'id': 195271137,
                                     'id_str': '195271137',
                                     'indices': [0, 11],
                                     'name': 'Larry Elder',
                                     'screen_name': 'larryelder'},
                                   { 'id': 17995040,
                                     'id_str': '17995040',
                                     'indices': [12, 23],
                                     'name': 'Ben Shapiro',
                                     'screen_name': 'benshapiro'}]},
  'extended_entities': { 'media': [ { 'display_url': 'pic.twitter.com/6Svj3OHcln',
                                      'expanded_url': 'https://twitter.com/WORLD_MONEY_XRP/status/1156653143561789441/photo/1',
                                      'id': 1156653134267265024,
                                      'id_str': '1156653134267265024',
                                      'indices': [89, 112],
                                      'media_url': 'http://pbs.twimg.com/tweet_video_thumb/EA1B5bxXsAAlujS.jpg',
                                      'media_url_https': 'https://pbs.twimg.com/tweet_video_thumb/EA1B5bxXsAAlujS.jpg',
                                      'sizes': { 'large': { 'h': 206,
                                                            'resize': 'fit',
                                                            'w': 498},
                                                 'medium': { 'h': 206,
                                                             'resize': 'fit',
                                                             'w': 498},
                                                 'small': { 'h': 206,
                                                            'resize': 'fit',
                                                            'w': 498},
                                                 'thumb': { 'h': 150,
                                                            'resize': 'crop',
                                                            'w': 150}},
                                      'type': 'animated_gif',
                                      'url': 'https://t.co/6Svj3OHcln',
                                      'video_info': { 'aspect_ratio': [ 249,
                                                                        103],
                                                      'variants': [ { 'bitrate': 0,
                                                                      'content_type': 'video/mp4',
                                                                      'url': 'https://video.twimg.com/tweet_video/EA1B5bxXsAAlujS.mp4'}]}}]},
  'favorite_count': 0,
  'favorited': False,
  'geo': None,
  'id': 1156653143561789441,
  'id_str': '1156653143561789441',
  'in_reply_to_screen_name': 'larryelder',
  'in_reply_to_status_id': 1156652313018163200,
  'in_reply_to_status_id_str': '1156652313018163200',
  'in_reply_to_user_id': 195271137,
  'in_reply_to_user_id_str': '195271137',
  'is_quote_status': False,
  'lang': 'en',
  'metadata': {'iso_language_code': 'en', 'result_type': 'recent'},
  'place': None,
  'possibly_sensitive': False,
  'retweet_count': 0,
  'retweeted': False,
  'source': '<a href="http://twitter.com/download/iphone" '
            'rel="nofollow">Twitter for iPhone</a>',
  'text': '@larryelder @benshapiro Lol welll you know the saying about the '
          'jungle 😂😂😂😂 it’s so true https://t.co/6Svj3OHcln',
  'truncated': False,
  'user': { 'contributors_enabled': False,
            'created_at': 'Sat Oct 03 02:53:05 +0000 2009',
            'default_profile': True,
            'default_profile_image': False,
            'description': 'not investing advice entertainment only not a '
                           'financial advisor',
            'entities': {'description': {'urls': []}},
            'favourites_count': 1121,
            'follow_request_sent': None,
            'followers_count': 118,
            'following': None,
            'friends_count': 477,
            'geo_enabled': False,
            'has_extended_profile': False,
            'id': 79357019,
            'id_str': '79357019',
            'is_translation_enabled': False,
            'is_translator': False,
            'lang': None,
            'listed_count': 0,
            'location': '',
            'name': '@STOP - LOSS',
            'notifications': None,
            'profile_background_color': 'C0DEED',
            'profile_background_image_url': 'http://abs.twimg.com/images/themes/theme1/bg.png',
            'profile_background_image_url_https': 'https://abs.twimg.com/images/themes/theme1/bg.png',
            'profile_background_tile': False,
            'profile_banner_url': 'https://pbs.twimg.com/profile_banners/79357019/1561023735',
            'profile_image_url': 'http://pbs.twimg.com/profile_images/1141642403151056897/oliVpzoV_normal.jpg',
            'profile_image_url_https': 'https://pbs.twimg.com/profile_images/1141642403151056897/oliVpzoV_normal.jpg',
            'profile_link_color': '1DA1F2',
            'profile_sidebar_border_color': 'C0DEED',
            'profile_sidebar_fill_color': 'DDEEF6',
            'profile_text_color': '333333',
            'profile_use_background_image': True,
            'protected': False,
            'screen_name': 'WORLD_MONEY_XRP',
            'statuses_count': 1209,
            'time_zone': None,
            'translator_type': 'none',
            'url': None,
            'utc_offset': None,
            'verified': False}}
----------Summary----------
{ 'entities': {},
  'id_str': '1156653143561789441',
  'text': '@larryelder @benshapiro lol welll you know the saying about the '
          'jungle  its so true https://t.co/6svj3ohcln',
  'user': { 'entities': {},
            'id_str': '79357019',
            'twitter_user': 'WORLD_MONEY_XRP'}}
----------Groups----------
{ 'Bitcoin': ['bitcoin', 'Bitcoin', 'btc', 'satoshi nakamoto'],
  'Ethereum': ['ethereum', 'Ethereum', 'eth', 'vitalik buterin'],
  'Litecoin': ['litecoin', 'Litecoin', 'ltc', 'charles lee'],
  'Monero': ['monero', 'Monero', 'xmr', 'riccardo spagni'],
  'Ripple': [ 'ripple',
              'Ripple',
              'xrp',
              'xrapid',
              'xcurrent',
              'chris larsen',
              'jed mccaleb']}
---------------------------Fetch-------2019-07-31 15:57:16.614858: Tweet filed under "misc":----------Data----------
{ 'contributors': None,
  'coordinates': None,
  'created_at': 'Wed Jul 31 19:49:21 +0000 2019',
  'entities': { 'hashtags': [],
                'symbols': [],
                'urls': [ { 'display_url': 'twitter.com/i/web/status/1…',
                            'expanded_url': 'https://twitter.com/i/web/status/1156653093163012098',
                            'indices': [117, 140],
                            'url': 'https://t.co/5V8pyksbs7'}],
                'user_mentions': [ { 'id': 932715410,
                                     'id_str': '932715410',
                                     'indices': [0, 10],
                                     'name': 'Adolf Cryptler',
                                     'screen_name': 'acryptler'},
                                   { 'id': 1025075253494595584,
                                     'id_str': '1025075253494595584',
                                     'indices': [11, 20],
                                     'name': 'ciTEZen',
                                     'screen_name': 'CitezenB'},
                                   { 'id': 635744771,
                                     'id_str': '635744771',
                                     'indices': [21, 34],
                                     'name': 'Zone Zero Apps',
                                     'screen_name': 'zonezeroapps'},
                                   { 'id': 2680350607,
                                     'id_str': '2680350607',
                                     'indices': [35, 46],
                                     'name': 'Tiffany Hayden',
                                     'screen_name': 'haydentiff'},
                                   { 'id': 884667957779017729,
                                     'id_str': '884667957779017729',
                                     'indices': [47, 63],
                                     'name': 'Shubham',
                                     'screen_name': 'ManglaShubham94'},
                                   { 'id': 963568407118462976,
                                     'id_str': '963568407118462976',
                                     'indices': [64, 75],
                                     'name': 'Securitize',
                                     'screen_name': 'Securitize'}]},
  'favorite_count': 0,
  'favorited': False,
  'geo': None,
  'id': 1156653093163012098,
  'id_str': '1156653093163012098',
  'in_reply_to_screen_name': 'acryptler',
  'in_reply_to_status_id': 1156639540318285827,
  'in_reply_to_status_id_str': '1156639540318285827',
  'in_reply_to_user_id': 932715410,
  'in_reply_to_user_id_str': '932715410',
  'is_quote_status': False,
  'lang': 'en',
  'metadata': {'iso_language_code': 'en', 'result_type': 'recent'},
  'place': None,
  'retweet_count': 0,
  'retweeted': False,
  'source': '<a href="http://www.echofon.com/" rel="nofollow">Echofon</a>',
  'text': '@acryptler @CitezenB @zonezeroapps @haydentiff @ManglaShubham94 '
          '@Securitize Ahhhh a bit of casual antisemetism thro… '
          'https://t.co/5V8pyksbs7',
  'truncated': True,
  'user': { 'contributors_enabled': False,
            'created_at': 'Tue Oct 28 15:41:06 +0000 2008',
            'default_profile': True,
            'default_profile_image': False,
            'description': 'Software developer. Wrangler of people. Work for '
                           'IBM Compose. Tinkerer of motorbikes, vans, '
                           'Arduinos, etc. Interested in Cryptocurrencies. '
                           'Opinions my own.',
            'entities': { 'description': {'urls': []},
                          'url': { 'urls': [ { 'display_url': 'quernus.co.uk',
                                               'expanded_url': 'https://www.quernus.co.uk',
                                               'indices': [0, 23],
                                               'url': 'https://t.co/1YsNt81Sw0'}]}},
            'favourites_count': 901,
            'follow_request_sent': None,
            'followers_count': 7916,
            'following': None,
            'friends_count': 419,
            'geo_enabled': True,
            'has_extended_profile': True,
            'id': 17023078,
            'id_str': '17023078',
            'is_translation_enabled': False,
            'is_translator': False,
            'lang': None,
            'listed_count': 155,
            'location': 'Bristol',
            'name': 'Matt Hamilton',
            'notifications': None,
            'profile_background_color': 'C0DEED',
            'profile_background_image_url': 'http://abs.twimg.com/images/themes/theme1/bg.png',
            'profile_background_image_url_https': 'https://abs.twimg.com/images/themes/theme1/bg.png',
            'profile_background_tile': False,
            'profile_banner_url': 'https://pbs.twimg.com/profile_banners/17023078/1550436296',
            'profile_image_url': 'http://pbs.twimg.com/profile_images/854244143165579264/8O8SmxtH_normal.jpg',
            'profile_image_url_https': 'https://pbs.twimg.com/profile_images/854244143165579264/8O8SmxtH_normal.jpg',
            'profile_link_color': '1DA1F2',
            'profile_sidebar_border_color': 'C0DEED',
            'profile_sidebar_fill_color': 'DDEEF6',
            'profile_text_color': '333333',
            'profile_use_background_image': True,
            'protected': False,
            'screen_name': 'HammerToe',
            'statuses_count': 42812,
            'time_zone': None,
            'translator_type': 'none',
            'url': 'https://t.co/1YsNt81Sw0',
            'utc_offset': None,
            'verified': False}}
----------Summary----------
{ 'entities': { 'urls': { 'display_url': 'twitter.com/i/web/status/1…',
                          'expanded_url': 'https://twitter.com/i/web/status/1156653093163012098'}},
  'id_str': '1156653093163012098',
  'text': '@acryptler @citezenb @zonezeroapps @haydentiff @manglashubham94 '
          '@securitize ahhhh a bit of casual antisemetism thro '
          'https://t.co/5v8pyksbs7',
  'user': {'entities': {}, 'id_str': '17023078', 'twitter_user': 'HammerToe'}}
----------Groups----------
{ 'Bitcoin': ['bitcoin', 'Bitcoin', 'btc', 'satoshi nakamoto'],
  'Ethereum': ['ethereum', 'Ethereum', 'eth', 'vitalik buterin'],
  'Litecoin': ['litecoin', 'Litecoin', 'ltc', 'charles lee'],
  'Monero': ['monero', 'Monero', 'xmr', 'riccardo spagni'],
  'Ripple': [ 'ripple',
              'Ripple',
              'xrp',
              'xrapid',
              'xcurrent',
              'chris larsen',
              'jed mccaleb']}
---------------------------Fetch-------2019-07-31 15:57:18.251725: Tweet filed under "misc":----------Data----------
{ 'contributors': None,
  'coordinates': None,
  'created_at': 'Wed Jul 31 19:48:49 +0000 2019',
  'entities': { 'hashtags': [{'indices': [20, 26], 'text': 'Libra'}],
                'symbols': [],
                'urls': [ { 'display_url': 'twitter.com/i/web/status/1…',
                            'expanded_url': 'https://twitter.com/i/web/status/1156652959251468289',
                            'indices': [117, 140],
                            'url': 'https://t.co/AR7owgoD0I'}],
                'user_mentions': []},
  'favorite_count': 0,
  'favorited': False,
  'geo': None,
  'id': 1156652959251468289,
  'id_str': '1156652959251468289',
  'in_reply_to_screen_name': None,
  'in_reply_to_status_id': None,
  'in_reply_to_status_id_str': None,
  'in_reply_to_user_id': None,
  'in_reply_to_user_id_str': None,
  'is_quote_status': False,
  'lang': 'en',
  'metadata': {'iso_language_code': 'en', 'result_type': 'recent'},
  'place': None,
  'possibly_sensitive': False,
  'retweet_count': 0,
  'retweeted': False,
  'source': '<a href="http://twitter.com/download/iphone" '
            'rel="nofollow">Twitter for iPhone</a>',
  'text': 'Facebook announcing #Libra was a colossal game theory mistake... it '
          'may fail to launch now but the door has been bu… '
          'https://t.co/AR7owgoD0I',
  'truncated': True,
  'user': { 'contributors_enabled': False,
            'created_at': 'Tue Dec 13 22:49:00 +0000 2016',
            'default_profile': True,
            'default_profile_image': False,
            'description': 'Peterson Fellow @ActonMBA, All Things Blockchain, '
                           'Jiu Jitsu Blue Belt, Startup Modeling - @ '
                           'UptrendSolutions. Did someone say shenanigans?',
            'entities': {'description': {'urls': []}},
            'favourites_count': 2042,
            'follow_request_sent': None,
            'followers_count': 72,
            'following': None,
            'friends_count': 408,
            'geo_enabled': False,
            'has_extended_profile': True,
            'id': 808805952975564800,
            'id_str': '808805952975564800',
            'is_translation_enabled': False,
            'is_translator': False,
            'lang': None,
            'listed_count': 1,
            'location': 'Colorado, USA',
            'name': 'Thaddeus Pryor',
            'notifications': None,
            'profile_background_color': 'F5F8FA',
            'profile_background_image_url': None,
            'profile_background_image_url_https': None,
            'profile_background_tile': False,
            'profile_banner_url': 'https://pbs.twimg.com/profile_banners/808805952975564800/1560269619',
            'profile_image_url': 'http://pbs.twimg.com/profile_images/980576407343349760/EzG0D1aX_normal.jpg',
            'profile_image_url_https': 'https://pbs.twimg.com/profile_images/980576407343349760/EzG0D1aX_normal.jpg',
            'profile_link_color': '1DA1F2',
            'profile_sidebar_border_color': 'C0DEED',
            'profile_sidebar_fill_color': 'DDEEF6',
            'profile_text_color': '333333',
            'profile_use_background_image': True,
            'protected': False,
            'screen_name': 'thaddeuspryor',
            'statuses_count': 210,
            'time_zone': None,
            'translator_type': 'none',
            'url': None,
            'utc_offset': None,
            'verified': False}}
----------Summary----------
{ 'entities': { 'urls': { 'display_url': 'twitter.com/i/web/status/1…',
                          'expanded_url': 'https://twitter.com/i/web/status/1156652959251468289'}},
  'id_str': '1156652959251468289',
  'text': 'facebook announcing #libra was a colossal game theory mistake... it '
          'may fail to launch now but the door has been bu '
          'https://t.co/ar7owgod0i',
  'user': { 'entities': {},
            'id_str': '808805952975564800',
            'twitter_user': 'thaddeuspryor'}}
----------Groups----------
{ 'Bitcoin': ['bitcoin', 'Bitcoin', 'btc', 'satoshi nakamoto'],
  'Ethereum': ['ethereum', 'Ethereum', 'eth', 'vitalik buterin'],
  'Litecoin': ['litecoin', 'Litecoin', 'ltc', 'charles lee'],
  'Monero': ['monero', 'Monero', 'xmr', 'riccardo spagni'],
  'Ripple': [ 'ripple',
              'Ripple',
              'xrp',
              'xrapid',
              'xcurrent',
              'chris larsen',
              'jed mccaleb']}
---------------------------Fetch-------2019-07-31 15:57:21.524883: Tweet filed under "misc":----------Data----------
{ 'contributors': None,
  'coordinates': None,
  'created_at': 'Wed Jul 31 19:47:48 +0000 2019',
  'entities': { 'hashtags': [{'indices': [114, 124], 'text': 'Baltimore'}],
                'symbols': [],
                'urls': [ { 'display_url': 'baltimoresun.com/maryland/balti…',
                            'expanded_url': 'https://www.baltimoresun.com/maryland/baltimore-city/bs-md-ci-grants-audit-20180321-story.html',
                            'indices': [89, 112],
                            'url': 'https://t.co/JBPyDXKHuu'}],
                'user_mentions': [ { 'id': 195271137,
                                     'id_str': '195271137',
                                     'indices': [3, 14],
                                     'name': 'Larry Elder',
                                     'screen_name': 'larryelder'}]},
  'favorite_count': 0,
  'favorited': False,
  'geo': None,
  'id': 1156652701331140609,
  'id_str': '1156652701331140609',
  'in_reply_to_screen_name': None,
  'in_reply_to_status_id': None,
  'in_reply_to_status_id_str': None,
  'in_reply_to_user_id': None,
  'in_reply_to_user_id_str': None,
  'is_quote_status': False,
  'lang': 'en',
  'metadata': {'iso_language_code': 'en', 'result_type': 'recent'},
  'place': None,
  'possibly_sensitive': False,
  'retweet_count': 109,
  'retweeted': False,
  'retweeted_status': { 'contributors': None,
                        'coordinates': None,
                        'created_at': 'Wed Jul 31 19:46:15 +0000 2019',
                        'entities': { 'hashtags': [ { 'indices': [98, 108],
                                                      'text': 'Baltimore'}],
                                      'symbols': [],
                                      'urls': [ { 'display_url': 'baltimoresun.com/maryland/balti…',
                                                  'expanded_url': 'https://www.baltimoresun.com/maryland/baltimore-city/bs-md-ci-grants-audit-20180321-story.html',
                                                  'indices': [73, 96],
                                                  'url': 'https://t.co/JBPyDXKHuu'}],
                                      'user_mentions': []},
                        'favorite_count': 199,
                        'favorited': False,
                        'geo': None,
                        'id': 1156652313018163200,
                        'id_str': '1156652313018163200',
                        'in_reply_to_screen_name': None,
                        'in_reply_to_status_id': None,
                        'in_reply_to_status_id_str': None,
                        'in_reply_to_user_id': None,
                        'in_reply_to_user_id_str': None,
                        'is_quote_status': False,
                        'lang': 'en',
                        'metadata': { 'iso_language_code': 'en',
                                      'result_type': 'recent'},
                        'place': None,
                        'possibly_sensitive': False,
                        'retweet_count': 109,
                        'retweeted': False,
                        'source': '<a '
                                  'href="http://twitter.com/#!/download/ipad" '
                                  'rel="nofollow">Twitter for iPad</a>',
                        'text': "Auditor: Baltimore hasn't kept track of "
                                'millions in grant money. (Again)\n'
                                'https://t.co/JBPyDXKHuu\n'
                                '\n'
                                '#Baltimore',
                        'truncated': False,
                        'user': { 'contributors_enabled': False,
                                  'created_at': 'Sun Sep 26 07:34:31 +0000 '
                                                '2010',
                                  'default_profile': False,
                                  'default_profile_image': False,
                                  'description': 'Sage from South Central; '
                                                 'Larry Elder Show; Salem/CRN; '
                                                 '(KRLA L.A. 6-9p PT); 6-9p '
                                                 'ET; (888) 971-SAGE; '
                                                 'https://t.co/sXv5JWRKRA',
                                  'entities': { 'description': { 'urls': [ { 'display_url': 'elderstatement.com',
                                                                             'expanded_url': 'http://www.elderstatement.com',
                                                                             'indices': [ 100,
                                                                                          123],
                                                                             'url': 'https://t.co/sXv5JWRKRA'}]},
                                                'url': { 'urls': [ { 'display_url': 'larryelder.com/membership',
                                                                     'expanded_url': 'http://www.larryelder.com/membership',
                                                                     'indices': [ 0,
                                                                                  23],
                                                                     'url': 'https://t.co/htHywSGbPA'}]}},
                                  'favourites_count': 6068,
                                  'follow_request_sent': None,
                                  'followers_count': 561237,
                                  'following': None,
                                  'friends_count': 97,
                                  'geo_enabled': True,
                                  'has_extended_profile': False,
                                  'id': 195271137,
                                  'id_str': '195271137',
                                  'is_translation_enabled': False,
                                  'is_translator': False,
                                  'lang': None,
                                  'listed_count': 3186,
                                  'location': 'L.A., Calif.',
                                  'name': 'Larry Elder',
                                  'notifications': None,
                                  'profile_background_color': '1E1728',
                                  'profile_background_image_url': 'http://abs.twimg.com/images/themes/theme1/bg.png',
                                  'profile_background_image_url_https': 'https://abs.twimg.com/images/themes/theme1/bg.png',
                                  'profile_background_tile': True,
                                  'profile_banner_url': 'https://pbs.twimg.com/profile_banners/195271137/1421715440',
                                  'profile_image_url': 'http://pbs.twimg.com/profile_images/494912342346317824/rbQxobXU_normal.jpeg',
                                  'profile_image_url_https': 'https://pbs.twimg.com/profile_images/494912342346317824/rbQxobXU_normal.jpeg',
                                  'profile_link_color': '7B6DA3',
                                  'profile_sidebar_border_color': 'FFFFFF',
                                  'profile_sidebar_fill_color': 'DDEEF6',
                                  'profile_text_color': '333333',
                                  'profile_use_background_image': True,
                                  'protected': False,
                                  'screen_name': 'larryelder',
                                  'statuses_count': 55895,
                                  'time_zone': None,
                                  'translator_type': 'none',
                                  'url': 'https://t.co/htHywSGbPA',
                                  'utc_offset': None,
                                  'verified': True}},
  'source': '<a href="http://twitter.com/download/iphone" '
            'rel="nofollow">Twitter for iPhone</a>',
  'text': "RT @larryelder: Auditor: Baltimore hasn't kept track of millions in "
          'grant money. (Again)\n'
          'https://t.co/JBPyDXKHuu\n'
          '\n'
          '#Baltimore',
  'truncated': False,
  'user': { 'contributors_enabled': False,
            'created_at': 'Sat Oct 03 02:53:05 +0000 2009',
            'default_profile': True,
            'default_profile_image': False,
            'description': 'not investing advice entertainment only not a '
                           'financial advisor',
            'entities': {'description': {'urls': []}},
            'favourites_count': 1121,
            'follow_request_sent': None,
            'followers_count': 118,
            'following': None,
            'friends_count': 477,
            'geo_enabled': False,
            'has_extended_profile': False,
            'id': 79357019,
            'id_str': '79357019',
            'is_translation_enabled': False,
            'is_translator': False,
            'lang': None,
            'listed_count': 0,
            'location': '',
            'name': '@STOP - LOSS',
            'notifications': None,
            'profile_background_color': 'C0DEED',
            'profile_background_image_url': 'http://abs.twimg.com/images/themes/theme1/bg.png',
            'profile_background_image_url_https': 'https://abs.twimg.com/images/themes/theme1/bg.png',
            'profile_background_tile': False,
            'profile_banner_url': 'https://pbs.twimg.com/profile_banners/79357019/1561023735',
            'profile_image_url': 'http://pbs.twimg.com/profile_images/1141642403151056897/oliVpzoV_normal.jpg',
            'profile_image_url_https': 'https://pbs.twimg.com/profile_images/1141642403151056897/oliVpzoV_normal.jpg',
            'profile_link_color': '1DA1F2',
            'profile_sidebar_border_color': 'C0DEED',
            'profile_sidebar_fill_color': 'DDEEF6',
            'profile_text_color': '333333',
            'profile_use_background_image': True,
            'protected': False,
            'screen_name': 'WORLD_MONEY_XRP',
            'statuses_count': 1209,
            'time_zone': None,
            'translator_type': 'none',
            'url': None,
            'utc_offset': None,
            'verified': False}}
----------Summary----------
{ 'entities': { 'urls': { 'display_url': 'baltimoresun.com/maryland/balti…',
                          'expanded_url': 'https://www.baltimoresun.com/maryland/baltimore-city/bs-md-ci-grants-audit-20180321-story.html'}},
  'id_str': '1156652701331140609',
  'retweeted_status': { 'entities': { 'urls': { 'display_url': 'baltimoresun.com/maryland/balti…',
                                                'expanded_url': 'https://www.baltimoresun.com/maryland/baltimore-city/bs-md-ci-grants-audit-20180321-story.html'}},
                        'id_str': '1156652313018163200',
                        'text': "auditor: baltimore hasn't kept track of "
                                'millions in grant money. (again) '
                                'https://t.co/jbpydxkhuu  #baltimore',
                        'user': { 'entities': {},
                                  'id_str': '195271137',
                                  'twitter_user': 'larryelder'}},
  'text': "rt @larryelder: auditor: baltimore hasn't kept track of millions in "
          'grant money. (again) https://t.co/jbpydxkhuu  #baltimore',
  'user': { 'entities': {},
            'id_str': '79357019',
            'twitter_user': 'WORLD_MONEY_XRP'}}
----------Groups----------
{ 'Bitcoin': ['bitcoin', 'Bitcoin', 'btc', 'satoshi nakamoto'],
  'Ethereum': ['ethereum', 'Ethereum', 'eth', 'vitalik buterin'],
  'Litecoin': ['litecoin', 'Litecoin', 'ltc', 'charles lee'],
  'Monero': ['monero', 'Monero', 'xmr', 'riccardo spagni'],
  'Ripple': [ 'ripple',
              'Ripple',
              'xrp',
              'xrapid',
              'xcurrent',
              'chris larsen',
              'jed mccaleb']}
---------------------------Fetch-------2019-07-31 15:57:21.759769: Tweet filed under "misc":----------Data----------
{ 'contributors': None,
  'coordinates': None,
  'created_at': 'Wed Jul 31 19:47:34 +0000 2019',
  'entities': { 'hashtags': [],
                'symbols': [],
                'urls': [],
                'user_mentions': [ { 'id': 1036942890340151296,
                                     'id_str': '1036942890340151296',
                                     'indices': [3, 16],
                                     'name': 'P2P Validator',
                                     'screen_name': 'p2pvalidator'},
                                   { 'id': 1032773383958745088,
                                     'id_str': '1032773383958745088',
                                     'indices': [32, 42],
                                     'name': 'Kava Labs',
                                     'screen_name': 'kava_labs'}]},
  'favorite_count': 0,
  'favorited': False,
  'geo': None,
  'id': 1156652641981730817,
  'id_str': '1156652641981730817',
  'in_reply_to_screen_name': None,
  'in_reply_to_status_id': None,
  'in_reply_to_status_id_str': None,
  'in_reply_to_user_id': None,
  'in_reply_to_user_id_str': None,
  'is_quote_status': False,
  'lang': 'en',
  'metadata': {'iso_language_code': 'en', 'result_type': 'recent'},
  'place': None,
  'retweet_count': 9,
  'retweeted': False,
  'retweeted_status': { 'contributors': None,
                        'coordinates': None,
                        'created_at': 'Wed Jul 31 15:17:27 +0000 2019',
                        'entities': { 'hashtags': [],
                                      'symbols': [],
                                      'urls': [ { 'display_url': 'twitter.com/i/web/status/1…',
                                                  'expanded_url': 'https://twitter.com/i/web/status/1156584667472191489',
                                                  'indices': [117, 140],
                                                  'url': 'https://t.co/u3mObOKToO'}],
                                      'user_mentions': [ { 'id': 1032773383958745088,
                                                           'id_str': '1032773383958745088',
                                                           'indices': [14, 24],
                                                           'name': 'Kava Labs',
                                                           'screen_name': 'kava_labs'}]},
                        'favorite_count': 29,
                        'favorited': False,
                        'geo': None,
                        'id': 1156584667472191489,
                        'id_str': '1156584667472191489',
                        'in_reply_to_screen_name': None,
                        'in_reply_to_status_id': None,
                        'in_reply_to_status_id_str': None,
                        'in_reply_to_user_id': None,
                        'in_reply_to_user_id_str': None,
                        'is_quote_status': False,
                        'lang': 'en',
                        'metadata': { 'iso_language_code': 'en',
                                      'result_type': 'recent'},
                        'place': None,
                        'possibly_sensitive': False,
                        'retweet_count': 9,
                        'retweeted': False,
                        'source': '<a href="https://buffer.com" '
                                  'rel="nofollow">Buffer</a>',
                        'text': '😄🎉Hooray! The @kava_labs Testnet 2000 launch '
                                'went smoothly and first 300 blocks are '
                                'successfully signed 🚀🚀\n'
                                'Greeting… https://t.co/u3mObOKToO',
                        'truncated': True,
                        'user': { 'contributors_enabled': False,
                                  'created_at': 'Tue Sep 04 11:43:45 +0000 '
                                                '2018',
                                  'default_profile': True,
                                  'default_profile_image': False,
                                  'description': 'Smart Platform to #Stake '
                                                 'Your Digital Assets and Get '
                                                 'Rewarded. #Cosmos (#ATOM), '
                                                 '#Tezos (#XTZ), #Polkadot + '
                                                 'more. Join: '
                                                 'https://t.co/BwxbxXeO6V',
                                  'entities': { 'description': { 'urls': [ { 'display_url': 'p2p.org',
                                                                             'expanded_url': 'http://p2p.org',
                                                                             'indices': [ 119,
                                                                                          142],
                                                                             'url': 'https://t.co/BwxbxXeO6V'}]},
                                                'url': { 'urls': [ { 'display_url': 'p2p.org',
                                                                     'expanded_url': 'http://p2p.org',
                                                                     'indices': [ 0,
                                                                                  23],
                                                                     'url': 'https://t.co/BwxbxXeO6V'}]}},
                                  'favourites_count': 64,
                                  'follow_request_sent': None,
                                  'followers_count': 554,
                                  'following': None,
                                  'friends_count': 26,
                                  'geo_enabled': False,
                                  'has_extended_profile': False,
                                  'id': 1036942890340151296,
                                  'id_str': '1036942890340151296',
                                  'is_translation_enabled': False,
                                  'is_translator': False,
                                  'lang': None,
                                  'listed_count': 14,
                                  'location': 'USA',
                                  'name': 'P2P Validator',
                                  'notifications': None,
                                  'profile_background_color': 'F5F8FA',
                                  'profile_background_image_url': None,
                                  'profile_background_image_url_https': None,
                                  'profile_background_tile': False,
                                  'profile_banner_url': 'https://pbs.twimg.com/profile_banners/1036942890340151296/1543398893',
                                  'profile_image_url': 'http://pbs.twimg.com/profile_images/1067702669513510912/quOrEd8N_normal.jpg',
                                  'profile_image_url_https': 'https://pbs.twimg.com/profile_images/1067702669513510912/quOrEd8N_normal.jpg',
                                  'profile_link_color': '1DA1F2',
                                  'profile_sidebar_border_color': 'C0DEED',
                                  'profile_sidebar_fill_color': 'DDEEF6',
                                  'profile_text_color': '333333',
                                  'profile_use_background_image': True,
                                  'protected': False,
                                  'screen_name': 'p2pvalidator',
                                  'statuses_count': 121,
                                  'time_zone': None,
                                  'translator_type': 'none',
                                  'url': 'https://t.co/BwxbxXeO6V',
                                  'utc_offset': None,
                                  'verified': False}},
  'source': '<a href="http://twitter.com/download/iphone" '
            'rel="nofollow">Twitter for iPhone</a>',
  'text': 'RT @p2pvalidator: 😄🎉Hooray! The @kava_labs Testnet 2000 launch went '
          'smoothly and first 300 blocks are successfully signed 🚀🚀\n'
          'Greetings to t…',
  'truncated': False,
  'user': { 'contributors_enabled': False,
            'created_at': 'Mon Jun 11 16:16:48 +0000 2012',
            'default_profile': False,
            'default_profile_image': False,
            'description': 'Head of the project Amber branch',
            'entities': {'description': {'urls': []}},
            'favourites_count': 405,
            'follow_request_sent': None,
            'followers_count': 66,
            'following': None,
            'friends_count': 185,
            'geo_enabled': False,
            'has_extended_profile': False,
            'id': 605545564,
            'id_str': '605545564',
            'is_translation_enabled': False,
            'is_translator': False,
            'lang': None,
            'listed_count': 0,
            'location': 'Kaliningrad',
            'name': 'Viacheslav Ermilov',
            'notifications': None,
            'profile_background_color': '000000',
            'profile_background_image_url': 'http://abs.twimg.com/images/themes/theme1/bg.png',
            'profile_background_image_url_https': 'https://abs.twimg.com/images/themes/theme1/bg.png',
            'profile_background_tile': False,
            'profile_banner_url': 'https://pbs.twimg.com/profile_banners/605545564/1423080430',
            'profile_image_url': 'http://pbs.twimg.com/profile_images/649699680318803968/K6bql1q7_normal.png',
            'profile_image_url_https': 'https://pbs.twimg.com/profile_images/649699680318803968/K6bql1q7_normal.png',
            'profile_link_color': '4A913C',
            'profile_sidebar_border_color': '000000',
            'profile_sidebar_fill_color': '000000',
            'profile_text_color': '000000',
            'profile_use_background_image': False,
            'protected': False,
            'screen_name': 'ermilov39',
            'statuses_count': 328,
            'time_zone': None,
            'translator_type': 'none',
            'url': None,
            'utc_offset': None,
            'verified': False}}
----------Summary----------
{ 'entities': {},
  'id_str': '1156652641981730817',
  'retweeted_status': { 'entities': { 'urls': { 'display_url': 'twitter.com/i/web/status/1…',
                                                'expanded_url': 'https://twitter.com/i/web/status/1156584667472191489'}},
                        'id_str': '1156584667472191489',
                        'text': 'hooray! the @kava_labs testnet 2000 launch '
                                'went smoothly and first 300 blocks are '
                                'successfully signed  greeting '
                                'https://t.co/u3moboktoo',
                        'user': { 'entities': {},
                                  'id_str': '1036942890340151296',
                                  'twitter_user': 'p2pvalidator'}},
  'text': 'rt @p2pvalidator: hooray! the @kava_labs testnet 2000 launch went '
          'smoothly and first 300 blocks are successfully signed  greetings to '
          't',
  'user': {'entities': {}, 'id_str': '605545564', 'twitter_user': 'ermilov39'}}
----------Groups----------
{ 'Bitcoin': ['bitcoin', 'Bitcoin', 'btc', 'satoshi nakamoto'],
  'Ethereum': ['ethereum', 'Ethereum', 'eth', 'vitalik buterin'],
  'Litecoin': ['litecoin', 'Litecoin', 'ltc', 'charles lee'],
  'Monero': ['monero', 'Monero', 'xmr', 'riccardo spagni'],
  'Ripple': [ 'ripple',
              'Ripple',
              'xrp',
              'xrapid',
              'xcurrent',
              'chris larsen',
              'jed mccaleb']}
---------------------------Fetch-------2019-07-31 15:57:22.650750: Tweet filed under "misc":----------Data----------
{ 'contributors': None,
  'coordinates': None,
  'created_at': 'Wed Jul 31 19:47:14 +0000 2019',
  'entities': { 'hashtags': [],
                'symbols': [],
                'urls': [ { 'display_url': 'twitter.com/i/web/status/1…',
                            'expanded_url': 'https://twitter.com/i/web/status/1156652560868139008',
                            'indices': [117, 140],
                            'url': 'https://t.co/2vB3hJFbCu'}],
                'user_mentions': [ { 'id': 1146789072930779136,
                                     'id_str': '1146789072930779136',
                                     'indices': [0, 12],
                                     'name': 'Alltheway08',
                                     'screen_name': 'alltheway08'},
                                   { 'id': 947673769694416896,
                                     'id_str': '947673769694416896',
                                     'indices': [13, 25],
                                     'name': 'Moon Lambo',
                                     'screen_name': 'MoonLamboio'},
                                   { 'id': 17023078,
                                     'id_str': '17023078',
                                     'indices': [26, 36],
                                     'name': 'Matt Hamilton',
                                     'screen_name': 'HammerToe'},
                                   { 'id': 1073380009958608896,
                                     'id_str': '1073380009958608896',
                                     'indices': [37, 47],
                                     'name': 'WrathofKahneman',
                                     'screen_name': 'WKahneman'},
                                   { 'id': 1032996786665705473,
                                     'id_str': '1032996786665705473',
                                     'indices': [48, 56],
                                     'name': 'Charles Lee',
                                     'screen_name': 'guest1x'}]},
  'favorite_count': 0,
  'favorited': False,
  'geo': None,
  'id': 1156652560868139008,
  'id_str': '1156652560868139008',
  'in_reply_to_screen_name': 'alltheway08',
  'in_reply_to_status_id': 1156651833139638273,
  'in_reply_to_status_id_str': '1156651833139638273',
  'in_reply_to_user_id': 1146789072930779136,
  'in_reply_to_user_id_str': '1146789072930779136',
  'is_quote_status': False,
  'lang': 'en',
  'metadata': {'iso_language_code': 'en', 'result_type': 'recent'},
  'place': None,
  'retweet_count': 0,
  'retweeted': False,
  'source': '<a href="https://mobile.twitter.com" rel="nofollow">Twitter Web '
            'App</a>',
  'text': '@alltheway08 @MoonLamboio @HammerToe @WKahneman @guest1x what about '
          'the liquidity like lambo asks? How would the li… '
          'https://t.co/2vB3hJFbCu',
  'truncated': True,
  'user': { 'contributors_enabled': False,
            'created_at': 'Tue Jan 15 23:29:06 +0000 2019',
            'default_profile': True,
            'default_profile_image': False,
            'description': 'Husband, Father, CFO - Counting beans, brewing '
                           'beer, follower of digital assets and general '
                           'markets.',
            'entities': {'description': {'urls': []}},
            'favourites_count': 1401,
            'follow_request_sent': None,
            'followers_count': 36,
            'following': None,
            'friends_count': 148,
            'geo_enabled': False,
            'has_extended_profile': False,
            'id': 1085317983810056193,
            'id_str': '1085317983810056193',
            'is_translation_enabled': False,
            'is_translator': False,
            'lang': None,
            'listed_count': 0,
            'location': 'Sunshine State',
            'name': 'BulldawgBrewer',
            'notifications': None,
            'profile_background_color': 'F5F8FA',
            'profile_background_image_url': None,
            'profile_background_image_url_https': None,
            'profile_background_tile': False,
            'profile_banner_url': 'https://pbs.twimg.com/profile_banners/1085317983810056193/1562189162',
            'profile_image_url': 'http://pbs.twimg.com/profile_images/1146529173734907904/Sb-AdFP0_normal.jpg',
            'profile_image_url_https': 'https://pbs.twimg.com/profile_images/1146529173734907904/Sb-AdFP0_normal.jpg',
            'profile_link_color': '1DA1F2',
            'profile_sidebar_border_color': 'C0DEED',
            'profile_sidebar_fill_color': 'DDEEF6',
            'profile_text_color': '333333',
            'profile_use_background_image': True,
            'protected': False,
            'screen_name': 'BullDawgBrewer',
            'statuses_count': 220,
            'time_zone': None,
            'translator_type': 'none',
            'url': None,
            'utc_offset': None,
            'verified': False}}
----------Summary----------
{ 'entities': { 'urls': { 'display_url': 'twitter.com/i/web/status/1…',
                          'expanded_url': 'https://twitter.com/i/web/status/1156652560868139008'}},
  'id_str': '1156652560868139008',
  'text': '@alltheway08 @moonlamboio @hammertoe @wkahneman @guest1x what about '
          'the liquidity like lambo asks? how would the li '
          'https://t.co/2vb3hjfbcu',
  'user': { 'entities': {},
            'id_str': '1085317983810056193',
            'twitter_user': 'BullDawgBrewer'}}
----------Groups----------
{ 'Bitcoin': ['bitcoin', 'Bitcoin', 'btc', 'satoshi nakamoto'],
  'Ethereum': ['ethereum', 'Ethereum', 'eth', 'vitalik buterin'],
  'Litecoin': ['litecoin', 'Litecoin', 'ltc', 'charles lee'],
  'Monero': ['monero', 'Monero', 'xmr', 'riccardo spagni'],
  'Ripple': [ 'ripple',
              'Ripple',
              'xrp',
              'xrapid',
              'xcurrent',
              'chris larsen',
              'jed mccaleb']}
---------------------------Fetch-------2019-07-31 15:57:22.963983: Tweet filed under "misc":----------Data----------
{ 'contributors': None,
  'coordinates': None,
  'created_at': 'Wed Jul 31 19:47:13 +0000 2019',
  'entities': { 'hashtags': [],
                'symbols': [],
                'urls': [],
                'user_mentions': [ { 'id': 989503594532552704,
                                     'id_str': '989503594532552704',
                                     'indices': [3, 18],
                                     'name': 'Nikita Sachdev',
                                     'screen_name': 'cryptoqueen999'}]},
  'favorite_count': 0,
  'favorited': False,
  'geo': None,
  'id': 1156652557030137856,
  'id_str': '1156652557030137856',
  'in_reply_to_screen_name': None,
  'in_reply_to_status_id': None,
  'in_reply_to_status_id_str': None,
  'in_reply_to_user_id': None,
  'in_reply_to_user_id_str': None,
  'is_quote_status': False,
  'lang': 'en',
  'metadata': {'iso_language_code': 'en', 'result_type': 'recent'},
  'place': None,
  'retweet_count': 33,
  'retweeted': False,
  'retweeted_status': { 'contributors': None,
                        'coordinates': None,
                        'created_at': 'Wed Jul 31 16:25:50 +0000 2019',
                        'entities': { 'hashtags': [],
                                      'symbols': [],
                                      'urls': [ { 'display_url': 'twitter.com/i/web/status/1…',
                                                  'expanded_url': 'https://twitter.com/i/web/status/1156601876055580672',
                                                  'indices': [117, 140],
                                                  'url': 'https://t.co/9IpZUnwkjl'}],
                                      'user_mentions': []},
                        'favorite_count': 27,
                        'favorited': False,
                        'geo': None,
                        'id': 1156601876055580672,
                        'id_str': '1156601876055580672',
                        'in_reply_to_screen_name': None,
                        'in_reply_to_status_id': None,
                        'in_reply_to_status_id_str': None,
                        'in_reply_to_user_id': None,
                        'in_reply_to_user_id_str': None,
                        'is_quote_status': False,
                        'lang': 'en',
                        'metadata': { 'iso_language_code': 'en',
                                      'result_type': 'recent'},
                        'place': None,
                        'retweet_count': 33,
                        'retweeted': False,
                        'source': '<a '
                                  'href="http://twitter.com/download/iphone" '
                                  'rel="nofollow">Twitter for iPhone</a>',
                        'text': 'One more giveaway once I’ve sorted the '
                                'previous winners out with their prizes? \n'
                                '\n'
                                'RETWEET if you want another giveaw… '
                                'https://t.co/9IpZUnwkjl',
                        'truncated': True,
                        'user': { 'contributors_enabled': False,
                                  'created_at': 'Thu Apr 26 13:56:55 +0000 '
                                                '2018',
                                  'default_profile': False,
                                  'default_profile_image': False,
                                  'description': 'Blockchain & Crypto '
                                                 'Enthusiast • Co-founder of '
                                                 'Luna Management',
                                  'entities': { 'description': {'urls': []},
                                                'url': { 'urls': [ { 'display_url': 'instagram.com/nikitasachdev5/',
                                                                     'expanded_url': 'https://www.instagram.com/nikitasachdev5/',
                                                                     'indices': [ 0,
                                                                                  23],
                                                                     'url': 'https://t.co/txlEKzaNvj'}]}},
                                  'favourites_count': 109,
                                  'follow_request_sent': None,
                                  'followers_count': 5003,
                                  'following': None,
                                  'friends_count': 50,
                                  'geo_enabled': False,
                                  'has_extended_profile': False,
                                  'id': 989503594532552704,
                                  'id_str': '989503594532552704',
                                  'is_translation_enabled': False,
                                  'is_translator': False,
                                  'lang': None,
                                  'listed_count': 12,
                                  'location': '',
                                  'name': 'Nikita Sachdev',
                                  'notifications': None,
                                  'profile_background_color': '000000',
                                  'profile_background_image_url': 'http://abs.twimg.com/images/themes/theme1/bg.png',
                                  'profile_background_image_url_https': 'https://abs.twimg.com/images/themes/theme1/bg.png',
                                  'profile_background_tile': False,
                                  'profile_banner_url': 'https://pbs.twimg.com/profile_banners/989503594532552704/1524751356',
                                  'profile_image_url': 'http://pbs.twimg.com/profile_images/989504736511508480/x9yP-jXC_normal.jpg',
                                  'profile_image_url_https': 'https://pbs.twimg.com/profile_images/989504736511508480/x9yP-jXC_normal.jpg',
                                  'profile_link_color': 'ABB8C2',
                                  'profile_sidebar_border_color': '000000',
                                  'profile_sidebar_fill_color': '000000',
                                  'profile_text_color': '000000',
                                  'profile_use_background_image': False,
                                  'protected': False,
                                  'screen_name': 'cryptoqueen999',
                                  'statuses_count': 88,
                                  'time_zone': None,
                                  'translator_type': 'none',
                                  'url': 'https://t.co/txlEKzaNvj',
                                  'utc_offset': None,
                                  'verified': False}},
  'source': '<a href="http://twitter.com/download/iphone" '
            'rel="nofollow">Twitter for iPhone</a>',
  'text': 'RT @cryptoqueen999: One more giveaway once I’ve sorted the previous '
          'winners out with their prizes? \n'
          '\n'
          'RETWEET if you want another giveaway.…',
  'truncated': False,
  'user': { 'contributors_enabled': False,
            'created_at': 'Mon Jun 13 04:43:27 +0000 2016',
            'default_profile': True,
            'default_profile_image': False,
            'description': '💲💲💲 21yr Investor $XRP, $VET, $KIN, $HOT 🇳🇬',
            'entities': { 'description': {'urls': []},
                          'url': { 'urls': [ { 'display_url': 'learncrypto.io/ref/ketchie20/',
                                               'expanded_url': 'https://learncrypto.io/ref/ketchie20/',
                                               'indices': [0, 23],
                                               'url': 'https://t.co/5mEXZCszla'}]}},
            'favourites_count': 10417,
            'follow_request_sent': None,
            'followers_count': 419,
            'following': None,
            'friends_count': 1562,
            'geo_enabled': False,
            'has_extended_profile': False,
            'id': 742215785578270720,
            'id_str': '742215785578270720',
            'is_translation_enabled': False,
            'is_translator': False,
            'lang': None,
            'listed_count': 4,
            'location': '',
            'name': 'XRP20 🇳🇬',
            'notifications': None,
            'profile_background_color': 'F5F8FA',
            'profile_background_image_url': None,
            'profile_background_image_url_https': None,
            'profile_background_tile': False,
            'profile_banner_url': 'https://pbs.twimg.com/profile_banners/742215785578270720/1529084683',
            'profile_image_url': 'http://pbs.twimg.com/profile_images/1007680697782288384/suma-nAH_normal.jpg',
            'profile_image_url_https': 'https://pbs.twimg.com/profile_images/1007680697782288384/suma-nAH_normal.jpg',
            'profile_link_color': '1DA1F2',
            'profile_sidebar_border_color': 'C0DEED',
            'profile_sidebar_fill_color': 'DDEEF6',
            'profile_text_color': '333333',
            'profile_use_background_image': True,
            'protected': False,
            'screen_name': 'XRPHOLDR',
            'statuses_count': 4931,
            'time_zone': None,
            'translator_type': 'none',
            'url': 'https://t.co/5mEXZCszla',
            'utc_offset': None,
            'verified': False}}
----------Summary----------
{ 'entities': {},
  'id_str': '1156652557030137856',
  'retweeted_status': { 'entities': { 'urls': { 'display_url': 'twitter.com/i/web/status/1…',
                                                'expanded_url': 'https://twitter.com/i/web/status/1156601876055580672'}},
                        'id_str': '1156601876055580672',
                        'text': 'one more giveaway once ive sorted the '
                                'previous winners out with their prizes?   '
                                'retweet if you want another giveaw '
                                'https://t.co/9ipzunwkjl',
                        'user': { 'entities': {},
                                  'id_str': '989503594532552704',
                                  'twitter_user': 'cryptoqueen999'}},
  'text': 'rt @cryptoqueen999: one more giveaway once ive sorted the previous '
          'winners out with their prizes?   retweet if you want another '
          'giveaway.',
  'user': { 'entities': {},
            'id_str': '742215785578270720',
            'twitter_user': 'XRPHOLDR'}}
----------Groups----------
{ 'Bitcoin': ['bitcoin', 'Bitcoin', 'btc', 'satoshi nakamoto'],
  'Ethereum': ['ethereum', 'Ethereum', 'eth', 'vitalik buterin'],
  'Litecoin': ['litecoin', 'Litecoin', 'ltc', 'charles lee'],
  'Monero': ['monero', 'Monero', 'xmr', 'riccardo spagni'],
  'Ripple': [ 'ripple',
              'Ripple',
              'xrp',
              'xrapid',
              'xcurrent',
              'chris larsen',
              'jed mccaleb']}
---------------------------Fetch-------2019-07-31 15:57:23.573605: Tweet filed under "misc":----------Data----------
{ 'contributors': None,
  'coordinates': None,
  'created_at': 'Wed Jul 31 19:47:07 +0000 2019',
  'entities': { 'hashtags': [],
                'symbols': [],
                'urls': [ { 'display_url': 'twitter.com/i/web/status/1…',
                            'expanded_url': 'https://twitter.com/i/web/status/1156652528953634816',
                            'indices': [116, 139],
                            'url': 'https://t.co/SPAubr5CiQ'}],
                'user_mentions': [ { 'id': 35749949,
                                     'id_str': '35749949',
                                     'indices': [25, 34],
                                     'name': 'David Schwartz',
                                     'screen_name': 'JoelKatz'}]},
  'favorite_count': 0,
  'favorited': False,
  'geo': None,
  'id': 1156652528953634816,
  'id_str': '1156652528953634816',
  'in_reply_to_screen_name': None,
  'in_reply_to_status_id': None,
  'in_reply_to_status_id_str': None,
  'in_reply_to_user_id': None,
  'in_reply_to_user_id_str': None,
  'is_quote_status': False,
  'lang': 'en',
  'metadata': {'iso_language_code': 'en', 'result_type': 'recent'},
  'place': None,
  'retweet_count': 0,
  'retweeted': False,
  'source': '<a href="https://mobile.twitter.com" rel="nofollow">Twitter Web '
            'App</a>',
  'text': 'Last night I had a dream @JoelKatz came over to my apartment and '
          'did an informal AMA with my roomates, some randos… '
          'https://t.co/SPAubr5CiQ',
  'truncated': True,
  'user': { 'contributors_enabled': False,
            'created_at': 'Sat Mar 30 19:41:10 +0000 2019',
            'default_profile': False,
            'default_profile_image': False,
            'description': '"Blessed are those who are persecuted because of '
                           'me. The world will hate you, fear not for I have '
                           'overcome the world."',
            'entities': {'description': {'urls': []}},
            'favourites_count': 4697,
            'follow_request_sent': None,
            'followers_count': 107,
            'following': None,
            'friends_count': 418,
            'geo_enabled': False,
            'has_extended_profile': False,
            'id': 1112077325678665728,
            'id_str': '1112077325678665728',
            'is_translation_enabled': False,
            'is_translator': False,
            'lang': None,
            'listed_count': 0,
            'location': 'Asheville, NC',
            'name': 'ABC[AlwaysBuyCrypto]🇺🇸',
            'notifications': None,
            'profile_background_color': '000000',
            'profile_background_image_url': 'http://abs.twimg.com/images/themes/theme1/bg.png',
            'profile_background_image_url_https': 'https://abs.twimg.com/images/themes/theme1/bg.png',
            'profile_background_tile': False,
            'profile_banner_url': 'https://pbs.twimg.com/profile_banners/1112077325678665728/1554165777',
            'profile_image_url': 'http://pbs.twimg.com/profile_images/1153015333910908928/A85wiNhE_normal.jpg',
            'profile_image_url_https': 'https://pbs.twimg.com/profile_images/1153015333910908928/A85wiNhE_normal.jpg',
            'profile_link_color': 'FAB81E',
            'profile_sidebar_border_color': '000000',
            'profile_sidebar_fill_color': '000000',
            'profile_text_color': '000000',
            'profile_use_background_image': False,
            'protected': False,
            'screen_name': 'BuyTheDip33',
            'statuses_count': 647,
            'time_zone': None,
            'translator_type': 'none',
            'url': None,
            'utc_offset': None,
            'verified': False}}
----------Summary----------
{ 'entities': { 'urls': { 'display_url': 'twitter.com/i/web/status/1…',
                          'expanded_url': 'https://twitter.com/i/web/status/1156652528953634816'}},
  'id_str': '1156652528953634816',
  'text': 'last night i had a dream @joelkatz came over to my apartment and '
          'did an informal ama with my roomates, some randos '
          'https://t.co/spaubr5ciq',
  'user': { 'entities': {},
            'id_str': '1112077325678665728',
            'twitter_user': 'BuyTheDip33'}}
----------Groups----------
{ 'Bitcoin': ['bitcoin', 'Bitcoin', 'btc', 'satoshi nakamoto'],
  'Ethereum': ['ethereum', 'Ethereum', 'eth', 'vitalik buterin'],
  'Litecoin': ['litecoin', 'Litecoin', 'ltc', 'charles lee'],
  'Monero': ['monero', 'Monero', 'xmr', 'riccardo spagni'],
  'Ripple': [ 'ripple',
              'Ripple',
              'xrp',
              'xrapid',
              'xcurrent',
              'chris larsen',
              'jed mccaleb']}
---------------------------Fetch-------2019-07-31 15:57:31.167076: Tweet filed under "misc":----------Data----------
{ 'contributors': None,
  'coordinates': None,
  'created_at': 'Wed Jul 31 19:45:15 +0000 2019',
  'entities': { 'hashtags': [],
                'symbols': [],
                'urls': [],
                'user_mentions': [ { 'id': 1062445517991542784,
                                     'id_str': '1062445517991542784',
                                     'indices': [0, 12],
                                     'name': 'PlanetXRP 🤷\u200d♀️',
                                     'screen_name': 'bashycrypto'},
                                   { 'id': 1017488432287944704,
                                     'id_str': '1017488432287944704',
                                     'indices': [13, 21],
                                     'name': 'add your name',
                                     'screen_name': 'AddName'}]},
  'favorite_count': 0,
  'favorited': False,
  'geo': None,
  'id': 1156652060684587008,
  'id_str': '1156652060684587008',
  'in_reply_to_screen_name': 'bashycrypto',
  'in_reply_to_status_id': 1156595208047529988,
  'in_reply_to_status_id_str': '1156595208047529988',
  'in_reply_to_user_id': 1062445517991542784,
  'in_reply_to_user_id_str': '1062445517991542784',
  'is_quote_status': False,
  'lang': 'en',
  'metadata': {'iso_language_code': 'en', 'result_type': 'recent'},
  'place': None,
  'retweet_count': 0,
  'retweeted': False,
  'source': '<a href="http://twitter.com/download/iphone" '
            'rel="nofollow">Twitter for iPhone</a>',
  'text': '@bashycrypto @AddName Maybe!  Let’s see! 🙏',
  'truncated': False,
  'user': { 'contributors_enabled': False,
            'created_at': 'Mon Dec 03 06:39:06 +0000 2018',
            'default_profile': False,
            'default_profile_image': False,
            'description': 'Crypto investor, XRP enthusiast and crypto '
                           'believer. Seahawks fan and lover of good food & '
                           'wine.',
            'entities': {'description': {'urls': []}},
            'favourites_count': 12045,
            'follow_request_sent': None,
            'followers_count': 763,
            'following': None,
            'friends_count': 556,
            'geo_enabled': False,
            'has_extended_profile': False,
            'id': 1069481131123322880,
            'id_str': '1069481131123322880',
            'is_translation_enabled': False,
            'is_translator': False,
            'lang': None,
            'listed_count': 1,
            'location': 'USA',
            'name': 'SunshineXRP🎋🌻',
            'notifications': None,
            'profile_background_color': '000000',
            'profile_background_image_url': 'http://abs.twimg.com/images/themes/theme1/bg.png',
            'profile_background_image_url_https': 'https://abs.twimg.com/images/themes/theme1/bg.png',
            'profile_background_tile': False,
            'profile_banner_url': 'https://pbs.twimg.com/profile_banners/1069481131123322880/1563943262',
            'profile_image_url': 'http://pbs.twimg.com/profile_images/1153888077107957760/l_ojd5ZX_normal.jpg',
            'profile_image_url_https': 'https://pbs.twimg.com/profile_images/1153888077107957760/l_ojd5ZX_normal.jpg',
            'profile_link_color': 'FAB81E',
            'profile_sidebar_border_color': '000000',
            'profile_sidebar_fill_color': '000000',
            'profile_text_color': '000000',
            'profile_use_background_image': False,
            'protected': False,
            'screen_name': 'XRP_121',
            'statuses_count': 5368,
            'time_zone': None,
            'translator_type': 'none',
            'url': None,
            'utc_offset': None,
            'verified': False}}
----------Summary----------
{ 'entities': {},
  'id_str': '1156652060684587008',
  'text': '@bashycrypto @addname maybe!  lets see! ',
  'user': { 'entities': {},
            'id_str': '1069481131123322880',
            'twitter_user': 'XRP_121'}}
----------Groups----------
{ 'Bitcoin': ['bitcoin', 'Bitcoin', 'btc', 'satoshi nakamoto'],
  'Ethereum': ['ethereum', 'Ethereum', 'eth', 'vitalik buterin'],
  'Litecoin': ['litecoin', 'Litecoin', 'ltc', 'charles lee'],
  'Monero': ['monero', 'Monero', 'xmr', 'riccardo spagni'],
  'Ripple': [ 'ripple',
              'Ripple',
              'xrp',
              'xrapid',
              'xcurrent',
              'chris larsen',
              'jed mccaleb']}
---------------------------Fetch-------2019-07-31 15:57:33.916142: Tweet filed under "misc":----------Data----------
{ 'contributors': None,
  'coordinates': None,
  'created_at': 'Wed Jul 31 19:44:21 +0000 2019',
  'entities': { 'hashtags': [],
                'symbols': [],
                'urls': [ { 'display_url': 'twitter.com/i/web/status/1…',
                            'expanded_url': 'https://twitter.com/i/web/status/1156651833139638273',
                            'indices': [117, 140],
                            'url': 'https://t.co/HueSYn2GIR'}],
                'user_mentions': [ { 'id': 947673769694416896,
                                     'id_str': '947673769694416896',
                                     'indices': [0, 12],
                                     'name': 'Moon Lambo',
                                     'screen_name': 'MoonLamboio'},
                                   { 'id': 17023078,
                                     'id_str': '17023078',
                                     'indices': [13, 23],
                                     'name': 'Matt Hamilton',
                                     'screen_name': 'HammerToe'},
                                   { 'id': 1085317983810056193,
                                     'id_str': '1085317983810056193',
                                     'indices': [24, 39],
                                     'name': 'BulldawgBrewer',
                                     'screen_name': 'BullDawgBrewer'},
                                   { 'id': 1073380009958608896,
                                     'id_str': '1073380009958608896',
                                     'indices': [40, 50],
                                     'name': 'WrathofKahneman',
                                     'screen_name': 'WKahneman'},
                                   { 'id': 1032996786665705473,
                                     'id_str': '1032996786665705473',
                                     'indices': [51, 59],
                                     'name': 'Charles Lee',
                                     'screen_name': 'guest1x'}]},
  'favorite_count': 2,
  'favorited': False,
  'geo': None,
  'id': 1156651833139638273,
  'id_str': '1156651833139638273',
  'in_reply_to_screen_name': 'MoonLamboio',
  'in_reply_to_status_id': 1156642968461332480,
  'in_reply_to_status_id_str': '1156642968461332480',
  'in_reply_to_user_id': 947673769694416896,
  'in_reply_to_user_id_str': '947673769694416896',
  'is_quote_status': False,
  'lang': 'en',
  'metadata': {'iso_language_code': 'en', 'result_type': 'recent'},
  'place': None,
  'retweet_count': 0,
  'retweeted': False,
  'source': '<a href="https://mobile.twitter.com" rel="nofollow">Twitter Web '
            'App</a>',
  'text': '@MoonLamboio @HammerToe @BullDawgBrewer @WKahneman @guest1x '
          'Ultimately, there are a bunch of different ways you can… '
          'https://t.co/HueSYn2GIR',
  'truncated': True,
  'user': { 'contributors_enabled': False,
            'created_at': 'Thu Jul 04 14:33:16 +0000 2019',
            'default_profile': True,
            'default_profile_image': False,
            'description': 'Just a guy who likes investing and likes markets. '
                           'Amateur Crypto investor and XRP enthusiast.',
            'entities': {'description': {'urls': []}},
            'favourites_count': 632,
            'follow_request_sent': None,
            'followers_count': 193,
            'following': None,
            'friends_count': 95,
            'geo_enabled': False,
            'has_extended_profile': True,
            'id': 1146789072930779136,
            'id_str': '1146789072930779136',
            'is_translation_enabled': False,
            'is_translator': False,
            'lang': None,
            'listed_count': 0,
            'location': 'North Carolina',
            'name': 'Alltheway08',
            'notifications': None,
            'profile_background_color': 'F5F8FA',
            'profile_background_image_url': None,
            'profile_background_image_url_https': None,
            'profile_background_tile': False,
            'profile_banner_url': 'https://pbs.twimg.com/profile_banners/1146789072930779136/1562251639',
            'profile_image_url': 'http://pbs.twimg.com/profile_images/1146792119933292545/mtIfXv6d_normal.jpg',
            'profile_image_url_https': 'https://pbs.twimg.com/profile_images/1146792119933292545/mtIfXv6d_normal.jpg',
            'profile_link_color': '1DA1F2',
            'profile_sidebar_border_color': 'C0DEED',
            'profile_sidebar_fill_color': 'DDEEF6',
            'profile_text_color': '333333',
            'profile_use_background_image': True,
            'protected': False,
            'screen_name': 'alltheway08',
            'statuses_count': 679,
            'time_zone': None,
            'translator_type': 'none',
            'url': None,
            'utc_offset': None,
            'verified': False}}
----------Summary----------
{ 'entities': { 'urls': { 'display_url': 'twitter.com/i/web/status/1…',
                          'expanded_url': 'https://twitter.com/i/web/status/1156651833139638273'}},
  'id_str': '1156651833139638273',
  'text': '@moonlamboio @hammertoe @bulldawgbrewer @wkahneman @guest1x '
          'ultimately, there are a bunch of different ways you can '
          'https://t.co/huesyn2gir',
  'user': { 'entities': {},
            'id_str': '1146789072930779136',
            'twitter_user': 'alltheway08'}}
----------Groups----------
{ 'Bitcoin': ['bitcoin', 'Bitcoin', 'btc', 'satoshi nakamoto'],
  'Ethereum': ['ethereum', 'Ethereum', 'eth', 'vitalik buterin'],
  'Litecoin': ['litecoin', 'Litecoin', 'ltc', 'charles lee'],
  'Monero': ['monero', 'Monero', 'xmr', 'riccardo spagni'],
  'Ripple': [ 'ripple',
              'Ripple',
              'xrp',
              'xrapid',
              'xcurrent',
              'chris larsen',
              'jed mccaleb']}
---------------------------Fetch-------2019-07-31 15:57:35.144979: Tweet filed under "misc":----------Data----------
{ 'contributors': None,
  'coordinates': None,
  'created_at': 'Wed Jul 31 19:45:30 +0000 2019',
  'entities': { 'hashtags': [],
                'symbols': [],
                'urls': [ { 'display_url': 'twitter.com/i/web/status/1…',
                            'expanded_url': 'https://twitter.com/i/web/status/1156652123884572672',
                            'indices': [105, 128],
                            'url': 'https://t.co/ABNbrUKycT'}],
                'user_mentions': [ { 'id': 965065798845804544,
                                     'id_str': '965065798845804544',
                                     'indices': [6, 18],
                                     'name': 'OzAlphaWolf',
                                     'screen_name': 'OzAlphaWolf'}]},
  'favorite_count': 2,
  'favorited': False,
  'geo': None,
  'id': 1156652123884572672,
  'id_str': '1156652123884572672',
  'in_reply_to_screen_name': None,
  'in_reply_to_status_id': None,
  'in_reply_to_status_id_str': None,
  'in_reply_to_user_id': None,
  'in_reply_to_user_id_str': None,
  'is_quote_status': False,
  'lang': 'en',
  'metadata': {'iso_language_code': 'en', 'result_type': 'recent'},
  'place': None,
  'possibly_sensitive': False,
  'retweet_count': 0,
  'retweeted': False,
  'source': '<a href="http://www.tweetcaster.com" rel="nofollow">TweetCaster '
            'for Android</a>',
  'text': '😲\n'
          '\n'
          'RT @OzAlphaWolf: Today the UK Financial Conduct Authority released '
          'their "Guidance on cryptoassets".… https://t.co/ABNbrUKycT',
  'truncated': True,
  'user': { 'contributors_enabled': False,
            'created_at': 'Tue Jul 19 21:45:55 +0000 2011',
            'default_profile': True,
            'default_profile_image': False,
            'description': '💩 Crypto shitposter. 🤑 In it for the '
                           'technolomoney. 🤯 All opinions are my own or '
                           'plagiarized. 🦙Actually in it for the drama. 🎰🎲 '
                           'CasinoCoin.',
            'entities': {'description': {'urls': []}},
            'favourites_count': 31,
            'follow_request_sent': None,
            'followers_count': 153,
            'following': None,
            'friends_count': 261,
            'geo_enabled': False,
            'has_extended_profile': False,
            'id': 338642017,
            'id_str': '338642017',
            'is_translation_enabled': False,
            'is_translator': False,
            'lang': None,
            'listed_count': 1,
            'location': '',
            'name': '🐂 CasinoCoin Moo 💹',
            'notifications': None,
            'profile_background_color': 'C0DEED',
            'profile_background_image_url': 'http://abs.twimg.com/images/themes/theme1/bg.png',
            'profile_background_image_url_https': 'https://abs.twimg.com/images/themes/theme1/bg.png',
            'profile_background_tile': False,
            'profile_banner_url': 'https://pbs.twimg.com/profile_banners/338642017/1562485425',
            'profile_image_url': 'http://pbs.twimg.com/profile_images/1126093576314793984/Uv96fIYm_normal.jpg',
            'profile_image_url_https': 'https://pbs.twimg.com/profile_images/1126093576314793984/Uv96fIYm_normal.jpg',
            'profile_link_color': '1DA1F2',
            'profile_sidebar_border_color': 'C0DEED',
            'profile_sidebar_fill_color': 'DDEEF6',
            'profile_text_color': '333333',
            'profile_use_background_image': True,
            'protected': False,
            'screen_name': 'CryptMoo',
            'statuses_count': 2203,
            'time_zone': None,
            'translator_type': 'none',
            'url': None,
            'utc_offset': None,
            'verified': False}}
----------Summary----------
{ 'entities': { 'urls': { 'display_url': 'twitter.com/i/web/status/1…',
                          'expanded_url': 'https://twitter.com/i/web/status/1156652123884572672'}},
  'id_str': '1156652123884572672',
  'text': '  rt @ozalphawolf: today the uk financial conduct authority '
          'released their "guidance on cryptoassets". https://t.co/abnbrukyct',
  'user': {'entities': {}, 'id_str': '338642017', 'twitter_user': 'CryptMoo'}}
----------Groups----------
{ 'Bitcoin': ['bitcoin', 'Bitcoin', 'btc', 'satoshi nakamoto'],
  'Ethereum': ['ethereum', 'Ethereum', 'eth', 'vitalik buterin'],
  'Litecoin': ['litecoin', 'Litecoin', 'ltc', 'charles lee'],
  'Monero': ['monero', 'Monero', 'xmr', 'riccardo spagni'],
  'Ripple': [ 'ripple',
              'Ripple',
              'xrp',
              'xrapid',
              'xcurrent',
              'chris larsen',
              'jed mccaleb']}
---------------------------Fetch-------2019-07-31 15:57:36.580283: Tweet filed under "misc":----------Data----------
{ 'contributors': None,
  'coordinates': None,
  'created_at': 'Wed Jul 31 19:35:40 +0000 2019',
  'entities': { 'hashtags': [],
                'symbols': [],
                'urls': [ { 'display_url': 'fca.org.uk/publication/po…',
                            'expanded_url': 'https://www.fca.org.uk/publication/policy/ps19-22.pdf',
                            'indices': [101, 124],
                            'url': 'https://t.co/exSftiVtra'}],
                'user_mentions': [ { 'id': 965065798845804544,
                                     'id_str': '965065798845804544',
                                     'indices': [3, 15],
                                     'name': 'OzAlphaWolf',
                                     'screen_name': 'OzAlphaWolf'}]},
  'favorite_count': 0,
  'favorited': False,
  'geo': None,
  'id': 1156649650557874176,
  'id_str': '1156649650557874176',
  'in_reply_to_screen_name': None,
  'in_reply_to_status_id': None,
  'in_reply_to_status_id_str': None,
  'in_reply_to_user_id': None,
  'in_reply_to_user_id_str': None,
  'is_quote_status': False,
  'lang': 'en',
  'metadata': {'iso_language_code': 'en', 'result_type': 'recent'},
  'place': None,
  'possibly_sensitive': False,
  'retweet_count': 89,
  'retweeted': False,
  'retweeted_status': { 'contributors': None,
                        'coordinates': None,
                        'created_at': 'Wed Jul 31 13:28:08 +0000 2019',
                        'entities': { 'hashtags': [],
                                      'symbols': [],
                                      'urls': [ { 'display_url': 'fca.org.uk/publication/po…',
                                                  'expanded_url': 'https://www.fca.org.uk/publication/policy/ps19-22.pdf',
                                                  'indices': [84, 107],
                                                  'url': 'https://t.co/exSftiVtra'},
                                                { 'display_url': 'twitter.com/i/web/status/1…',
                                                  'expanded_url': 'https://twitter.com/i/web/status/1156557155668877317',
                                                  'indices': [117, 140],
                                                  'url': 'https://t.co/LLT8BsyMjV'}],
                                      'user_mentions': []},
                        'favorite_count': 253,
                        'favorited': False,
                        'geo': None,
                        'id': 1156557155668877317,
                        'id_str': '1156557155668877317',
                        'in_reply_to_screen_name': None,
                        'in_reply_to_status_id': None,
                        'in_reply_to_status_id_str': None,
                        'in_reply_to_user_id': None,
                        'in_reply_to_user_id_str': None,
                        'is_quote_status': False,
                        'lang': 'en',
                        'metadata': { 'iso_language_code': 'en',
                                      'result_type': 'recent'},
                        'place': None,
                        'possibly_sensitive': False,
                        'retweet_count': 89,
                        'retweeted': False,
                        'source': '<a href="https://mobile.twitter.com" '
                                  'rel="nofollow">Twitter Web App</a>',
                        'text': 'Today the UK Financial Conduct Authority '
                                'released their "Guidance on cryptoassets".\n'
                                'https://t.co/exSftiVtra\n'
                                '\n'
                                'A case… https://t.co/LLT8BsyMjV',
                        'truncated': True,
                        'user': { 'contributors_enabled': False,
                                  'created_at': 'Sun Feb 18 03:29:51 +0000 '
                                                '2018',
                                  'default_profile': True,
                                  'default_profile_image': False,
                                  'description': '',
                                  'entities': { 'description': {'urls': []},
                                                'url': { 'urls': [ { 'display_url': 'xrpchat.com/profile/13421-…',
                                                                     'expanded_url': 'https://www.xrpchat.com/profile/13421-ozalphawolf/',
                                                                     'indices': [ 0,
                                                                                  23],
                                                                     'url': 'https://t.co/7vnNzVlr4R'}]}},
                                  'favourites_count': 4110,
                                  'follow_request_sent': None,
                                  'followers_count': 1204,
                                  'following': None,
                                  'friends_count': 287,
                                  'geo_enabled': False,
                                  'has_extended_profile': False,
                                  'id': 965065798845804544,
                                  'id_str': '965065798845804544',
                                  'is_translation_enabled': False,
                                  'is_translator': False,
                                  'lang': None,
                                  'listed_count': 2,
                                  'location': '',
                                  'name': 'OzAlphaWolf',
                                  'notifications': None,
                                  'profile_background_color': 'F5F8FA',
                                  'profile_background_image_url': None,
                                  'profile_background_image_url_https': None,
                                  'profile_background_tile': False,
                                  'profile_banner_url': 'https://pbs.twimg.com/profile_banners/965065798845804544/1518924845',
                                  'profile_image_url': 'http://pbs.twimg.com/profile_images/1131033240330891264/6pb-sWsH_normal.png',
                                  'profile_image_url_https': 'https://pbs.twimg.com/profile_images/1131033240330891264/6pb-sWsH_normal.png',
                                  'profile_link_color': '1DA1F2',
                                  'profile_sidebar_border_color': 'C0DEED',
                                  'profile_sidebar_fill_color': 'DDEEF6',
                                  'profile_text_color': '333333',
                                  'profile_use_background_image': True,
                                  'protected': False,
                                  'screen_name': 'OzAlphaWolf',
                                  'statuses_count': 1943,
                                  'time_zone': None,
                                  'translator_type': 'none',
                                  'url': 'https://t.co/7vnNzVlr4R',
                                  'utc_offset': None,
                                  'verified': False}},
  'source': '<a href="https://mobile.twitter.com" rel="nofollow">Twitter Web '
            'App</a>',
  'text': 'RT @OzAlphaWolf: Today the UK Financial Conduct Authority released '
          'their "Guidance on cryptoassets".\n'
          'https://t.co/exSftiVtra\n'
          '\n'
          'A case study…',
  'truncated': False,
  'user': { 'contributors_enabled': False,
            'created_at': 'Wed Sep 19 19:50:03 +0000 2012',
            'default_profile': True,
            'default_profile_image': False,
            'description': 'We travel not to escape life, but for life not to '
                           'escape us.😀😀',
            'entities': {'description': {'urls': []}},
            'favourites_count': 5885,
            'follow_request_sent': None,
            'followers_count': 142,
            'following': None,
            'friends_count': 276,
            'geo_enabled': False,
            'has_extended_profile': True,
            'id': 834019837,
            'id_str': '834019837',
            'is_translation_enabled': False,
            'is_translator': False,
            'lang': None,
            'listed_count': 1,
            'location': 'Bangladesh',
            'name': 'Nahidul Islam',
            'notifications': None,
            'profile_background_color': 'C0DEED',
            'profile_background_image_url': 'http://abs.twimg.com/images/themes/theme1/bg.png',
            'profile_background_image_url_https': 'https://abs.twimg.com/images/themes/theme1/bg.png',
            'profile_background_tile': False,
            'profile_banner_url': 'https://pbs.twimg.com/profile_banners/834019837/1513017876',
            'profile_image_url': 'http://pbs.twimg.com/profile_images/940290446651043840/PTl3AjK9_normal.jpg',
            'profile_image_url_https': 'https://pbs.twimg.com/profile_images/940290446651043840/PTl3AjK9_normal.jpg',
            'profile_link_color': '1DA1F2',
            'profile_sidebar_border_color': 'C0DEED',
            'profile_sidebar_fill_color': 'DDEEF6',
            'profile_text_color': '333333',
            'profile_use_background_image': True,
            'protected': False,
            'screen_name': 'nahid_yss',
            'statuses_count': 1585,
            'time_zone': None,
            'translator_type': 'none',
            'url': None,
            'utc_offset': None,
            'verified': False}}
----------Summary----------
{ 'entities': { 'urls': { 'display_url': 'fca.org.uk/publication/po…',
                          'expanded_url': 'https://www.fca.org.uk/publication/policy/ps19-22.pdf'}},
  'id_str': '1156649650557874176',
  'retweeted_status': { 'entities': { 'urls': { 'display_url': 'twitter.com/i/web/status/1…',
                                                'expanded_url': 'https://twitter.com/i/web/status/1156557155668877317'}},
                        'id_str': '1156557155668877317',
                        'text': 'today the uk financial conduct authority '
                                'released their "guidance on cryptoassets". '
                                'https://t.co/exsftivtra  a case '
                                'https://t.co/llt8bsymjv',
                        'user': { 'entities': {},
                                  'id_str': '965065798845804544',
                                  'twitter_user': 'OzAlphaWolf'}},
  'text': 'rt @ozalphawolf: today the uk financial conduct authority released '
          'their "guidance on cryptoassets". https://t.co/exsftivtra  a case '
          'study',
  'user': {'entities': {}, 'id_str': '834019837', 'twitter_user': 'nahid_yss'}}
----------Groups----------
{ 'Bitcoin': ['bitcoin', 'Bitcoin', 'btc', 'satoshi nakamoto'],
  'Ethereum': ['ethereum', 'Ethereum', 'eth', 'vitalik buterin'],
  'Litecoin': ['litecoin', 'Litecoin', 'ltc', 'charles lee'],
  'Monero': ['monero', 'Monero', 'xmr', 'riccardo spagni'],
  'Ripple': [ 'ripple',
              'Ripple',
              'xrp',
              'xrapid',
              'xcurrent',
              'chris larsen',
              'jed mccaleb']}
---------------------------Fetch-------2019-07-31 15:57:38.850452: Tweet filed under "misc":----------Data----------
{ 'contributors': None,
  'coordinates': None,
  'created_at': 'Wed Jul 31 19:10:30 +0000 2019',
  'entities': { 'hashtags': [],
                'symbols': [],
                'urls': [],
                'user_mentions': [ { 'id': 1431346003,
                                     'id_str': '1431346003',
                                     'indices': [3, 13],
                                     'name': 'galgitron (no price predictions)',
                                     'screen_name': 'galgitron'}]},
  'favorite_count': 0,
  'favorited': False,
  'geo': None,
  'id': 1156643315015540736,
  'id_str': '1156643315015540736',
  'in_reply_to_screen_name': None,
  'in_reply_to_status_id': None,
  'in_reply_to_status_id_str': None,
  'in_reply_to_user_id': None,
  'in_reply_to_user_id_str': None,
  'is_quote_status': False,
  'lang': 'en',
  'metadata': {'iso_language_code': 'en', 'result_type': 'recent'},
  'place': None,
  'retweet_count': 10,
  'retweeted': False,
  'retweeted_status': { 'contributors': None,
                        'coordinates': None,
                        'created_at': 'Wed Jul 31 13:26:42 +0000 2019',
                        'entities': { 'hashtags': [],
                                      'symbols': [],
                                      'urls': [ { 'display_url': 'twitter.com/i/web/status/1…',
                                                  'expanded_url': 'https://twitter.com/i/web/status/1156556796481409024',
                                                  'indices': [117, 140],
                                                  'url': 'https://t.co/c2vWgRSuwm'}],
                                      'user_mentions': []},
                        'favorite_count': 101,
                        'favorited': False,
                        'geo': None,
                        'id': 1156556796481409024,
                        'id_str': '1156556796481409024',
                        'in_reply_to_screen_name': None,
                        'in_reply_to_status_id': None,
                        'in_reply_to_status_id_str': None,
                        'in_reply_to_user_id': None,
                        'in_reply_to_user_id_str': None,
                        'is_quote_status': False,
                        'lang': 'en',
                        'metadata': { 'iso_language_code': 'en',
                                      'result_type': 'recent'},
                        'place': None,
                        'possibly_sensitive': False,
                        'retweet_count': 10,
                        'retweeted': False,
                        'source': '<a href="https://mobile.twitter.com" '
                                  'rel="nofollow">Twitter Web App</a>',
                        'text': 'Crazy spike in micropayments, driving a lot '
                                "of confusing volume, but not the volume we're "
                                'interested in.  Remittanc… '
                                'https://t.co/c2vWgRSuwm',
                        'truncated': True,
                        'user': { 'contributors_enabled': False,
                                  'created_at': 'Wed May 15 19:27:49 +0000 '
                                                '2013',
                                  'default_profile': True,
                                  'default_profile_image': False,
                                  'description': '',
                                  'entities': { 'description': {'urls': []},
                                                'url': { 'urls': [ { 'display_url': 'galgitron.net',
                                                                     'expanded_url': 'http://galgitron.net',
                                                                     'indices': [ 0,
                                                                                  23],
                                                                     'url': 'https://t.co/DTibvddPgt'}]}},
                                  'favourites_count': 21262,
                                  'follow_request_sent': None,
                                  'followers_count': 14911,
                                  'following': None,
                                  'friends_count': 295,
                                  'geo_enabled': False,
                                  'has_extended_profile': False,
                                  'id': 1431346003,
                                  'id_str': '1431346003',
                                  'is_translation_enabled': False,
                                  'is_translator': False,
                                  'lang': None,
                                  'listed_count': 71,
                                  'location': '',
                                  'name': 'galgitron (no price predictions)',
                                  'notifications': None,
                                  'profile_background_color': 'C0DEED',
                                  'profile_background_image_url': 'http://abs.twimg.com/images/themes/theme1/bg.png',
                                  'profile_background_image_url_https': 'https://abs.twimg.com/images/themes/theme1/bg.png',
                                  'profile_background_tile': False,
                                  'profile_banner_url': 'https://pbs.twimg.com/profile_banners/1431346003/1521766433',
                                  'profile_image_url': 'http://pbs.twimg.com/profile_images/957617427638038528/LerkOMyf_normal.jpg',
                                  'profile_image_url_https': 'https://pbs.twimg.com/profile_images/957617427638038528/LerkOMyf_normal.jpg',
                                  'profile_link_color': '1DA1F2',
                                  'profile_sidebar_border_color': 'C0DEED',
                                  'profile_sidebar_fill_color': 'DDEEF6',
                                  'profile_text_color': '333333',
                                  'profile_use_background_image': True,
                                  'protected': False,
                                  'screen_name': 'galgitron',
                                  'statuses_count': 25377,
                                  'time_zone': None,
                                  'translator_type': 'none',
                                  'url': 'https://t.co/DTibvddPgt',
                                  'utc_offset': None,
                                  'verified': False}},
  'source': '<a href="http://twitter.com/download/android" '
            'rel="nofollow">Twitter for Android</a>',
  'text': 'RT @galgitron: Crazy spike in micropayments, driving a lot of '
          "confusing volume, but not the volume we're interested in.  "
          'Remittance-sized p…',
  'truncated': False,
  'user': { 'contributors_enabled': False,
            'created_at': 'Sun Nov 25 23:20:25 +0000 2018',
            'default_profile': True,
            'default_profile_image': False,
            'description': '#XRP #ILP https://t.co/3mLtBvy1q8…',
            'entities': { 'description': { 'urls': [ { 'display_url': 'xrpcommunity.blog/author/wolfsbu',
                                                       'expanded_url': 'http://xrpcommunity.blog/author/wolfsbu',
                                                       'indices': [10, 33],
                                                       'url': 'https://t.co/3mLtBvy1q8'}]}},
            'favourites_count': 3348,
            'follow_request_sent': None,
            'followers_count': 214,
            'following': None,
            'friends_count': 136,
            'geo_enabled': False,
            'has_extended_profile': False,
            'id': 1066834019654918144,
            'id_str': '1066834019654918144',
            'is_translation_enabled': False,
            'is_translator': False,
            'lang': None,
            'listed_count': 0,
            'location': '',
            'name': 'WolfsburgMK1',
            'notifications': None,
            'profile_background_color': 'F5F8FA',
            'profile_background_image_url': None,
            'profile_background_image_url_https': None,
            'profile_background_tile': False,
            'profile_banner_url': 'https://pbs.twimg.com/profile_banners/1066834019654918144/1559858074',
            'profile_image_url': 'http://pbs.twimg.com/profile_images/1078226003774722049/GmX6xSNG_normal.jpg',
            'profile_image_url_https': 'https://pbs.twimg.com/profile_images/1078226003774722049/GmX6xSNG_normal.jpg',
            'profile_link_color': '1DA1F2',
            'profile_sidebar_border_color': 'C0DEED',
            'profile_sidebar_fill_color': 'DDEEF6',
            'profile_text_color': '333333',
            'profile_use_background_image': True,
            'protected': False,
            'screen_name': 'WolfsburgMK1',
            'statuses_count': 3118,
            'time_zone': None,
            'translator_type': 'none',
            'url': None,
            'utc_offset': None,
            'verified': False}}
----------Summary----------
{ 'entities': {},
  'id_str': '1156643315015540736',
  'retweeted_status': { 'entities': { 'urls': { 'display_url': 'twitter.com/i/web/status/1…',
                                                'expanded_url': 'https://twitter.com/i/web/status/1156556796481409024'}},
                        'id_str': '1156556796481409024',
                        'text': 'crazy spike in micropayments, driving a lot '
                                "of confusing volume, but not the volume we're "
                                'interested in.  remittanc '
                                'https://t.co/c2vwgrsuwm',
                        'user': { 'entities': {},
                                  'id_str': '1431346003',
                                  'twitter_user': 'galgitron'}},
  'text': 'rt @galgitron: crazy spike in micropayments, driving a lot of '
          "confusing volume, but not the volume we're interested in.  "
          'remittance-sized p',
  'user': { 'entities': {},
            'id_str': '1066834019654918144',
            'twitter_user': 'WolfsburgMK1'}}
----------Groups----------
{ 'Bitcoin': ['bitcoin', 'Bitcoin', 'btc', 'satoshi nakamoto'],
  'Ethereum': ['ethereum', 'Ethereum', 'eth', 'vitalik buterin'],
  'Litecoin': ['litecoin', 'Litecoin', 'ltc', 'charles lee'],
  'Monero': ['monero', 'Monero', 'xmr', 'riccardo spagni'],
  'Ripple': [ 'ripple',
              'Ripple',
              'xrp',
              'xrapid',
              'xcurrent',
              'chris larsen',
              'jed mccaleb']}
---------------------------Fetch-------2019-07-31 15:57:40.413777: Tweet filed under "misc":----------Data----------
{ 'contributors': None,
  'coordinates': None,
  'created_at': 'Wed Jul 31 19:02:39 +0000 2019',
  'entities': { 'hashtags': [],
                'symbols': [],
                'urls': [ { 'display_url': 'fca.org.uk/publication/po…',
                            'expanded_url': 'https://www.fca.org.uk/publication/policy/ps19-22.pdf',
                            'indices': [101, 124],
                            'url': 'https://t.co/exSftiVtra'}],
                'user_mentions': [ { 'id': 965065798845804544,
                                     'id_str': '965065798845804544',
                                     'indices': [3, 15],
                                     'name': 'OzAlphaWolf',
                                     'screen_name': 'OzAlphaWolf'}]},
  'favorite_count': 0,
  'favorited': False,
  'geo': None,
  'id': 1156641338072260609,
  'id_str': '1156641338072260609',
  'in_reply_to_screen_name': None,
  'in_reply_to_status_id': None,
  'in_reply_to_status_id_str': None,
  'in_reply_to_user_id': None,
  'in_reply_to_user_id_str': None,
  'is_quote_status': False,
  'lang': 'en',
  'metadata': {'iso_language_code': 'en', 'result_type': 'recent'},
  'place': None,
  'possibly_sensitive': False,
  'retweet_count': 89,
  'retweeted': False,
  'retweeted_status': { 'contributors': None,
                        'coordinates': None,
                        'created_at': 'Wed Jul 31 13:28:08 +0000 2019',
                        'entities': { 'hashtags': [],
                                      'symbols': [],
                                      'urls': [ { 'display_url': 'fca.org.uk/publication/po…',
                                                  'expanded_url': 'https://www.fca.org.uk/publication/policy/ps19-22.pdf',
                                                  'indices': [84, 107],
                                                  'url': 'https://t.co/exSftiVtra'},
                                                { 'display_url': 'twitter.com/i/web/status/1…',
                                                  'expanded_url': 'https://twitter.com/i/web/status/1156557155668877317',
                                                  'indices': [117, 140],
                                                  'url': 'https://t.co/LLT8BsyMjV'}],
                                      'user_mentions': []},
                        'favorite_count': 253,
                        'favorited': False,
                        'geo': None,
                        'id': 1156557155668877317,
                        'id_str': '1156557155668877317',
                        'in_reply_to_screen_name': None,
                        'in_reply_to_status_id': None,
                        'in_reply_to_status_id_str': None,
                        'in_reply_to_user_id': None,
                        'in_reply_to_user_id_str': None,
                        'is_quote_status': False,
                        'lang': 'en',
                        'metadata': { 'iso_language_code': 'en',
                                      'result_type': 'recent'},
                        'place': None,
                        'possibly_sensitive': False,
                        'retweet_count': 89,
                        'retweeted': False,
                        'source': '<a href="https://mobile.twitter.com" '
                                  'rel="nofollow">Twitter Web App</a>',
                        'text': 'Today the UK Financial Conduct Authority '
                                'released their "Guidance on cryptoassets".\n'
                                'https://t.co/exSftiVtra\n'
                                '\n'
                                'A case… https://t.co/LLT8BsyMjV',
                        'truncated': True,
                        'user': { 'contributors_enabled': False,
                                  'created_at': 'Sun Feb 18 03:29:51 +0000 '
                                                '2018',
                                  'default_profile': True,
                                  'default_profile_image': False,
                                  'description': '',
                                  'entities': { 'description': {'urls': []},
                                                'url': { 'urls': [ { 'display_url': 'xrpchat.com/profile/13421-…',
                                                                     'expanded_url': 'https://www.xrpchat.com/profile/13421-ozalphawolf/',
                                                                     'indices': [ 0,
                                                                                  23],
                                                                     'url': 'https://t.co/7vnNzVlr4R'}]}},
                                  'favourites_count': 4110,
                                  'follow_request_sent': None,
                                  'followers_count': 1204,
                                  'following': None,
                                  'friends_count': 287,
                                  'geo_enabled': False,
                                  'has_extended_profile': False,
                                  'id': 965065798845804544,
                                  'id_str': '965065798845804544',
                                  'is_translation_enabled': False,
                                  'is_translator': False,
                                  'lang': None,
                                  'listed_count': 2,
                                  'location': '',
                                  'name': 'OzAlphaWolf',
                                  'notifications': None,
                                  'profile_background_color': 'F5F8FA',
                                  'profile_background_image_url': None,
                                  'profile_background_image_url_https': None,
                                  'profile_background_tile': False,
                                  'profile_banner_url': 'https://pbs.twimg.com/profile_banners/965065798845804544/1518924845',
                                  'profile_image_url': 'http://pbs.twimg.com/profile_images/1131033240330891264/6pb-sWsH_normal.png',
                                  'profile_image_url_https': 'https://pbs.twimg.com/profile_images/1131033240330891264/6pb-sWsH_normal.png',
                                  'profile_link_color': '1DA1F2',
                                  'profile_sidebar_border_color': 'C0DEED',
                                  'profile_sidebar_fill_color': 'DDEEF6',
                                  'profile_text_color': '333333',
                                  'profile_use_background_image': True,
                                  'protected': False,
                                  'screen_name': 'OzAlphaWolf',
                                  'statuses_count': 1943,
                                  'time_zone': None,
                                  'translator_type': 'none',
                                  'url': 'https://t.co/7vnNzVlr4R',
                                  'utc_offset': None,
                                  'verified': False}},
  'source': '<a href="http://twitter.com/download/android" '
            'rel="nofollow">Twitter for Android</a>',
  'text': 'RT @OzAlphaWolf: Today the UK Financial Conduct Authority released '
          'their "Guidance on cryptoassets".\n'
          'https://t.co/exSftiVtra\n'
          '\n'
          'A case study…',
  'truncated': False,
  'user': { 'contributors_enabled': False,
            'created_at': 'Wed Aug 16 04:46:23 +0000 2017',
            'default_profile': True,
            'default_profile_image': False,
            'description': '',
            'entities': {'description': {'urls': []}},
            'favourites_count': 1280,
            'follow_request_sent': None,
            'followers_count': 47,
            'following': None,
            'friends_count': 58,
            'geo_enabled': False,
            'has_extended_profile': False,
            'id': 897680916893638658,
            'id_str': '897680916893638658',
            'is_translation_enabled': False,
            'is_translator': False,
            'lang': None,
            'listed_count': 0,
            'location': 'Bulang, Indonesia',
            'name': 'I love travel',
            'notifications': None,
            'profile_background_color': 'F5F8FA',
            'profile_background_image_url': None,
            'profile_background_image_url_https': None,
            'profile_background_tile': False,
            'profile_banner_url': 'https://pbs.twimg.com/profile_banners/897680916893638658/1561277037',
            'profile_image_url': 'http://pbs.twimg.com/profile_images/1142704575742267393/3TZnL_-5_normal.jpg',
            'profile_image_url_https': 'https://pbs.twimg.com/profile_images/1142704575742267393/3TZnL_-5_normal.jpg',
            'profile_link_color': '1DA1F2',
            'profile_sidebar_border_color': 'C0DEED',
            'profile_sidebar_fill_color': 'DDEEF6',
            'profile_text_color': '333333',
            'profile_use_background_image': True,
            'protected': False,
            'screen_name': 'ihatepumpndump',
            'statuses_count': 2465,
            'time_zone': None,
            'translator_type': 'none',
            'url': None,
            'utc_offset': None,
            'verified': False}}
----------Summary----------
{ 'entities': { 'urls': { 'display_url': 'fca.org.uk/publication/po…',
                          'expanded_url': 'https://www.fca.org.uk/publication/policy/ps19-22.pdf'}},
  'id_str': '1156641338072260609',
  'retweeted_status': { 'entities': { 'urls': { 'display_url': 'twitter.com/i/web/status/1…',
                                                'expanded_url': 'https://twitter.com/i/web/status/1156557155668877317'}},
                        'id_str': '1156557155668877317',
                        'text': 'today the uk financial conduct authority '
                                'released their "guidance on cryptoassets". '
                                'https://t.co/exsftivtra  a case '
                                'https://t.co/llt8bsymjv',
                        'user': { 'entities': {},
                                  'id_str': '965065798845804544',
                                  'twitter_user': 'OzAlphaWolf'}},
  'text': 'rt @ozalphawolf: today the uk financial conduct authority released '
          'their "guidance on cryptoassets". https://t.co/exsftivtra  a case '
          'study',
  'user': { 'entities': {},
            'id_str': '897680916893638658',
            'twitter_user': 'ihatepumpndump'}}
----------Groups----------
{ 'Bitcoin': ['bitcoin', 'Bitcoin', 'btc', 'satoshi nakamoto'],
  'Ethereum': ['ethereum', 'Ethereum', 'eth', 'vitalik buterin'],
  'Litecoin': ['litecoin', 'Litecoin', 'ltc', 'charles lee'],
  'Monero': ['monero', 'Monero', 'xmr', 'riccardo spagni'],
  'Ripple': [ 'ripple',
              'Ripple',
              'xrp',
              'xrapid',
              'xcurrent',
              'chris larsen',
              'jed mccaleb']}
---------------------------Fetch-------2019-07-31 15:57:41.423242: Tweet filed under "misc":----------Data----------
{ 'contributors': None,
  'coordinates': None,
  'created_at': 'Wed Jul 31 18:56:09 +0000 2019',
  'entities': { 'hashtags': [],
                'symbols': [],
                'urls': [ { 'display_url': 'twitter.com/i/web/status/1…',
                            'expanded_url': 'https://twitter.com/i/web/status/1156639705909346304',
                            'indices': [117, 140],
                            'url': 'https://t.co/yQeBOZPmQy'}],
                'user_mentions': [ { 'id': 104745960,
                                     'id_str': '104745960',
                                     'indices': [8, 24],
                                     'name': '北尾吉孝',
                                     'screen_name': 'yoshitaka_kitao'}]},
  'favorite_count': 0,
  'favorited': False,
  'geo': None,
  'id': 1156639705909346304,
  'id_str': '1156639705909346304',
  'in_reply_to_screen_name': None,
  'in_reply_to_status_id': None,
  'in_reply_to_status_id_str': None,
  'in_reply_to_user_id': None,
  'in_reply_to_user_id_str': None,
  'is_quote_status': False,
  'lang': 'en',
  'metadata': {'iso_language_code': 'en', 'result_type': 'recent'},
  'place': None,
  'possibly_sensitive': False,
  'retweet_count': 0,
  'retweeted': False,
  'source': '<a href="http://twitter.com/#!/download/ipad" '
            'rel="nofollow">Twitter for iPad</a>',
  'text': 'SBI CEO @yoshitaka_kitao "We want MoneyTap to accommodate '
          'international remittance, so we created a mechanism and i… '
          'https://t.co/yQeBOZPmQy',
  'truncated': True,
  'user': { 'contributors_enabled': False,
            'created_at': 'Mon Feb 20 22:44:33 +0000 2017',
            'default_profile': True,
            'default_profile_image': False,
            'description': 'You’re a ghost driving a meat coated skeleton made '
                           'from stardust. ⭕️ RH-Negative 🏳️\u200d🌈⃠',
            'entities': {'description': {'urls': []}},
            'favourites_count': 5378,
            'follow_request_sent': None,
            'followers_count': 209,
            'following': None,
            'friends_count': 319,
            'geo_enabled': False,
            'has_extended_profile': False,
            'id': 833809594551984128,
            'id_str': '833809594551984128',
            'is_translation_enabled': False,
            'is_translator': False,
            'lang': None,
            'listed_count': 2,
            'location': '',
            'name': '❌Fragglestick❌',
            'notifications': None,
            'profile_background_color': 'F5F8FA',
            'profile_background_image_url': None,
            'profile_background_image_url_https': None,
            'profile_background_tile': False,
            'profile_banner_url': 'https://pbs.twimg.com/profile_banners/833809594551984128/1551591632',
            'profile_image_url': 'http://pbs.twimg.com/profile_images/1103220553467510785/QKnje0iy_normal.jpg',
            'profile_image_url_https': 'https://pbs.twimg.com/profile_images/1103220553467510785/QKnje0iy_normal.jpg',
            'profile_link_color': '1DA1F2',
            'profile_sidebar_border_color': 'C0DEED',
            'profile_sidebar_fill_color': 'DDEEF6',
            'profile_text_color': '333333',
            'profile_use_background_image': True,
            'protected': False,
            'screen_name': 'FragglestickXrp',
            'statuses_count': 3221,
            'time_zone': None,
            'translator_type': 'none',
            'url': None,
            'utc_offset': None,
            'verified': False}}
----------Summary----------
{ 'entities': { 'urls': { 'display_url': 'twitter.com/i/web/status/1…',
                          'expanded_url': 'https://twitter.com/i/web/status/1156639705909346304'}},
  'id_str': '1156639705909346304',
  'text': 'sbi ceo @yoshitaka_kitao "we want moneytap to accommodate '
          'international remittance, so we created a mechanism and i '
          'https://t.co/yqebozpmqy',
  'user': { 'entities': {},
            'id_str': '833809594551984128',
            'twitter_user': 'FragglestickXrp'}}
----------Groups----------
{ 'Bitcoin': ['bitcoin', 'Bitcoin', 'btc', 'satoshi nakamoto'],
  'Ethereum': ['ethereum', 'Ethereum', 'eth', 'vitalik buterin'],
  'Litecoin': ['litecoin', 'Litecoin', 'ltc', 'charles lee'],
  'Monero': ['monero', 'Monero', 'xmr', 'riccardo spagni'],
  'Ripple': [ 'ripple',
              'Ripple',
              'xrp',
              'xrapid',
              'xcurrent',
              'chris larsen',
              'jed mccaleb']}
---------------------------Fetch-------2019-07-31 15:57:41.931790: Tweet filed under "misc":----------Data----------
{ 'contributors': None,
  'coordinates': None,
  'created_at': 'Wed Jul 31 18:51:31 +0000 2019',
  'entities': { 'hashtags': [],
                'symbols': [],
                'urls': [ { 'display_url': 'twitter.com/i/web/status/1…',
                            'expanded_url': 'https://twitter.com/i/web/status/1156638537288245248',
                            'indices': [117, 140],
                            'url': 'https://t.co/husEisX21X'}],
                'user_mentions': [ { 'id': 104745960,
                                     'id_str': '104745960',
                                     'indices': [8, 24],
                                     'name': '北尾吉孝',
                                     'screen_name': 'yoshitaka_kitao'}]},
  'favorite_count': 0,
  'favorited': False,
  'geo': None,
  'id': 1156638537288245248,
  'id_str': '1156638537288245248',
  'in_reply_to_screen_name': None,
  'in_reply_to_status_id': None,
  'in_reply_to_status_id_str': None,
  'in_reply_to_user_id': None,
  'in_reply_to_user_id_str': None,
  'is_quote_status': False,
  'lang': 'en',
  'metadata': {'iso_language_code': 'en', 'result_type': 'recent'},
  'place': None,
  'possibly_sensitive': False,
  'retweet_count': 0,
  'retweeted': False,
  'source': '<a href="https://blockr.news" rel="nofollow">twitboot2</a>',
  'text': 'SBI CEO @yoshitaka_kitao "We want MoneyTap to accommodate '
          'international remittance, so we created a mechanism and i… '
          'https://t.co/husEisX21X',
  'truncated': True,
  'user': { 'contributors_enabled': False,
            'created_at': 'Thu Apr 11 10:44:13 +0000 2019',
            'default_profile': False,
            'default_profile_image': False,
            'description': 'The Latest LIVE Crypto News and Price Analysis. '
                           'Follow us Today.',
            'entities': { 'description': {'urls': []},
                          'url': { 'urls': [ { 'display_url': 'blockr.news',
                                               'expanded_url': 'http://blockr.news',
                                               'indices': [0, 23],
                                               'url': 'https://t.co/q3GC7YWVzf'}]}},
            'favourites_count': 1,
            'follow_request_sent': None,
            'followers_count': 120,
            'following': None,
            'friends_count': 329,
            'geo_enabled': False,
            'has_extended_profile': False,
            'id': 1116290850198310912,
            'id_str': '1116290850198310912',
            'is_translation_enabled': False,
            'is_translator': False,
            'lang': None,
            'listed_count': 0,
            'location': 'New York, USA',
            'name': 'Crypto Updates',
            'notifications': None,
            'profile_background_color': '000000',
            'profile_background_image_url': 'http://abs.twimg.com/images/themes/theme1/bg.png',
            'profile_background_image_url_https': 'https://abs.twimg.com/images/themes/theme1/bg.png',
            'profile_background_tile': False,
            'profile_banner_url': 'https://pbs.twimg.com/profile_banners/1116290850198310912/1555189113',
            'profile_image_url': 'http://pbs.twimg.com/profile_images/1117174599991664641/E8EeLBb5_normal.png',
            'profile_image_url_https': 'https://pbs.twimg.com/profile_images/1117174599991664641/E8EeLBb5_normal.png',
            'profile_link_color': 'FAB81E',
            'profile_sidebar_border_color': '000000',
            'profile_sidebar_fill_color': '000000',
            'profile_text_color': '000000',
            'profile_use_background_image': False,
            'protected': False,
            'screen_name': 'BlockrNews',
            'statuses_count': 6552,
            'time_zone': None,
            'translator_type': 'none',
            'url': 'https://t.co/q3GC7YWVzf',
            'utc_offset': None,
            'verified': False}}
----------Summary----------
{ 'entities': { 'urls': { 'display_url': 'twitter.com/i/web/status/1…',
                          'expanded_url': 'https://twitter.com/i/web/status/1156638537288245248'}},
  'id_str': '1156638537288245248',
  'text': 'sbi ceo @yoshitaka_kitao "we want moneytap to accommodate '
          'international remittance, so we created a mechanism and i '
          'https://t.co/huseisx21x',
  'user': { 'entities': {},
            'id_str': '1116290850198310912',
            'twitter_user': 'BlockrNews'}}
----------Groups----------
{ 'Bitcoin': ['bitcoin', 'Bitcoin', 'btc', 'satoshi nakamoto'],
  'Ethereum': ['ethereum', 'Ethereum', 'eth', 'vitalik buterin'],
  'Litecoin': ['litecoin', 'Litecoin', 'ltc', 'charles lee'],
  'Monero': ['monero', 'Monero', 'xmr', 'riccardo spagni'],
  'Ripple': [ 'ripple',
              'Ripple',
              'xrp',
              'xrapid',
              'xcurrent',
              'chris larsen',
              'jed mccaleb']}
---------------------------Fetch-------2019-07-31 15:57:43.675867: Tweet filed under "misc":----------Data----------
{ 'contributors': None,
  'coordinates': None,
  'created_at': 'Wed Jul 31 18:45:31 +0000 2019',
  'entities': { 'hashtags': [],
                'symbols': [],
                'urls': [ { 'display_url': 'fca.org.uk/publication/po…',
                            'expanded_url': 'https://www.fca.org.uk/publication/policy/ps19-22.pdf',
                            'indices': [101, 124],
                            'url': 'https://t.co/exSftiVtra'}],
                'user_mentions': [ { 'id': 965065798845804544,
                                     'id_str': '965065798845804544',
                                     'indices': [3, 15],
                                     'name': 'OzAlphaWolf',
                                     'screen_name': 'OzAlphaWolf'}]},
  'favorite_count': 0,
  'favorited': False,
  'geo': None,
  'id': 1156637030258028546,
  'id_str': '1156637030258028546',
  'in_reply_to_screen_name': None,
  'in_reply_to_status_id': None,
  'in_reply_to_status_id_str': None,
  'in_reply_to_user_id': None,
  'in_reply_to_user_id_str': None,
  'is_quote_status': False,
  'lang': 'en',
  'metadata': {'iso_language_code': 'en', 'result_type': 'recent'},
  'place': None,
  'possibly_sensitive': False,
  'retweet_count': 89,
  'retweeted': False,
  'retweeted_status': { 'contributors': None,
                        'coordinates': None,
                        'created_at': 'Wed Jul 31 13:28:08 +0000 2019',
                        'entities': { 'hashtags': [],
                                      'symbols': [],
                                      'urls': [ { 'display_url': 'fca.org.uk/publication/po…',
                                                  'expanded_url': 'https://www.fca.org.uk/publication/policy/ps19-22.pdf',
                                                  'indices': [84, 107],
                                                  'url': 'https://t.co/exSftiVtra'},
                                                { 'display_url': 'twitter.com/i/web/status/1…',
                                                  'expanded_url': 'https://twitter.com/i/web/status/1156557155668877317',
                                                  'indices': [117, 140],
                                                  'url': 'https://t.co/LLT8BsyMjV'}],
                                      'user_mentions': []},
                        'favorite_count': 253,
                        'favorited': False,
                        'geo': None,
                        'id': 1156557155668877317,
                        'id_str': '1156557155668877317',
                        'in_reply_to_screen_name': None,
                        'in_reply_to_status_id': None,
                        'in_reply_to_status_id_str': None,
                        'in_reply_to_user_id': None,
                        'in_reply_to_user_id_str': None,
                        'is_quote_status': False,
                        'lang': 'en',
                        'metadata': { 'iso_language_code': 'en',
                                      'result_type': 'recent'},
                        'place': None,
                        'possibly_sensitive': False,
                        'retweet_count': 89,
                        'retweeted': False,
                        'source': '<a href="https://mobile.twitter.com" '
                                  'rel="nofollow">Twitter Web App</a>',
                        'text': 'Today the UK Financial Conduct Authority '
                                'released their "Guidance on cryptoassets".\n'
                                'https://t.co/exSftiVtra\n'
                                '\n'
                                'A case… https://t.co/LLT8BsyMjV',
                        'truncated': True,
                        'user': { 'contributors_enabled': False,
                                  'created_at': 'Sun Feb 18 03:29:51 +0000 '
                                                '2018',
                                  'default_profile': True,
                                  'default_profile_image': False,
                                  'description': '',
                                  'entities': { 'description': {'urls': []},
                                                'url': { 'urls': [ { 'display_url': 'xrpchat.com/profile/13421-…',
                                                                     'expanded_url': 'https://www.xrpchat.com/profile/13421-ozalphawolf/',
                                                                     'indices': [ 0,
                                                                                  23],
                                                                     'url': 'https://t.co/7vnNzVlr4R'}]}},
                                  'favourites_count': 4110,
                                  'follow_request_sent': None,
                                  'followers_count': 1204,
                                  'following': None,
                                  'friends_count': 287,
                                  'geo_enabled': False,
                                  'has_extended_profile': False,
                                  'id': 965065798845804544,
                                  'id_str': '965065798845804544',
                                  'is_translation_enabled': False,
                                  'is_translator': False,
                                  'lang': None,
                                  'listed_count': 2,
                                  'location': '',
                                  'name': 'OzAlphaWolf',
                                  'notifications': None,
                                  'profile_background_color': 'F5F8FA',
                                  'profile_background_image_url': None,
                                  'profile_background_image_url_https': None,
                                  'profile_background_tile': False,
                                  'profile_banner_url': 'https://pbs.twimg.com/profile_banners/965065798845804544/1518924845',
                                  'profile_image_url': 'http://pbs.twimg.com/profile_images/1131033240330891264/6pb-sWsH_normal.png',
                                  'profile_image_url_https': 'https://pbs.twimg.com/profile_images/1131033240330891264/6pb-sWsH_normal.png',
                                  'profile_link_color': '1DA1F2',
                                  'profile_sidebar_border_color': 'C0DEED',
                                  'profile_sidebar_fill_color': 'DDEEF6',
                                  'profile_text_color': '333333',
                                  'profile_use_background_image': True,
                                  'protected': False,
                                  'screen_name': 'OzAlphaWolf',
                                  'statuses_count': 1943,
                                  'time_zone': None,
                                  'translator_type': 'none',
                                  'url': 'https://t.co/7vnNzVlr4R',
                                  'utc_offset': None,
                                  'verified': False}},
  'source': '<a href="http://twitter.com/download/android" '
            'rel="nofollow">Twitter for Android</a>',
  'text': 'RT @OzAlphaWolf: Today the UK Financial Conduct Authority released '
          'their "Guidance on cryptoassets".\n'
          'https://t.co/exSftiVtra\n'
          '\n'
          'A case study…',
  'truncated': False,
  'user': { 'contributors_enabled': False,
            'created_at': 'Wed May 02 07:29:47 +0000 2012',
            'default_profile': True,
            'default_profile_image': False,
            'description': '',
            'entities': {'description': {'urls': []}},
            'favourites_count': 5029,
            'follow_request_sent': None,
            'followers_count': 114,
            'following': None,
            'friends_count': 423,
            'geo_enabled': False,
            'has_extended_profile': False,
            'id': 568885853,
            'id_str': '568885853',
            'is_translation_enabled': False,
            'is_translator': False,
            'lang': None,
            'listed_count': 2,
            'location': 'España',
            'name': 'Arlia',
            'notifications': None,
            'profile_background_color': 'C0DEED',
            'profile_background_image_url': 'http://abs.twimg.com/images/themes/theme1/bg.png',
            'profile_background_image_url_https': 'https://abs.twimg.com/images/themes/theme1/bg.png',
            'profile_background_tile': False,
            'profile_banner_url': 'https://pbs.twimg.com/profile_banners/568885853/1514838787',
            'profile_image_url': 'http://pbs.twimg.com/profile_images/1048365146823909377/5EAAPs5E_normal.jpg',
            'profile_image_url_https': 'https://pbs.twimg.com/profile_images/1048365146823909377/5EAAPs5E_normal.jpg',
            'profile_link_color': '1DA1F2',
            'profile_sidebar_border_color': 'C0DEED',
            'profile_sidebar_fill_color': 'DDEEF6',
            'profile_text_color': '333333',
            'profile_use_background_image': True,
            'protected': False,
            'screen_name': 'Arliacv2',
            'statuses_count': 1410,
            'time_zone': None,
            'translator_type': 'none',
            'url': None,
            'utc_offset': None,
            'verified': False}}
----------Summary----------
{ 'entities': { 'urls': { 'display_url': 'fca.org.uk/publication/po…',
                          'expanded_url': 'https://www.fca.org.uk/publication/policy/ps19-22.pdf'}},
  'id_str': '1156637030258028546',
  'retweeted_status': { 'entities': { 'urls': { 'display_url': 'twitter.com/i/web/status/1…',
                                                'expanded_url': 'https://twitter.com/i/web/status/1156557155668877317'}},
                        'id_str': '1156557155668877317',
                        'text': 'today the uk financial conduct authority '
                                'released their "guidance on cryptoassets". '
                                'https://t.co/exsftivtra  a case '
                                'https://t.co/llt8bsymjv',
                        'user': { 'entities': {},
                                  'id_str': '965065798845804544',
                                  'twitter_user': 'OzAlphaWolf'}},
  'text': 'rt @ozalphawolf: today the uk financial conduct authority released '
          'their "guidance on cryptoassets". https://t.co/exsftivtra  a case '
          'study',
  'user': {'entities': {}, 'id_str': '568885853', 'twitter_user': 'Arliacv2'}}
----------Groups----------
{ 'Bitcoin': ['bitcoin', 'Bitcoin', 'btc', 'satoshi nakamoto'],
  'Ethereum': ['ethereum', 'Ethereum', 'eth', 'vitalik buterin'],
  'Litecoin': ['litecoin', 'Litecoin', 'ltc', 'charles lee'],
  'Monero': ['monero', 'Monero', 'xmr', 'riccardo spagni'],
  'Ripple': [ 'ripple',
              'Ripple',
              'xrp',
              'xrapid',
              'xcurrent',
              'chris larsen',
              'jed mccaleb']}
---------------------------Fetch-------2019-07-31 15:57:46.943899: Tweet filed under "misc":----------Data----------
{ 'contributors': None,
  'coordinates': None,
  'created_at': 'Wed Jul 31 18:24:49 +0000 2019',
  'entities': { 'hashtags': [],
                'symbols': [],
                'urls': [ { 'display_url': 'twitter.com/i/web/status/1…',
                            'expanded_url': 'https://twitter.com/i/web/status/1156631818420019200',
                            'indices': [117, 140],
                            'url': 'https://t.co/lU8gte21IS'}],
                'user_mentions': [ { 'id': 373457750,
                                     'id_str': '373457750',
                                     'indices': [0, 12],
                                     'name': 'TradingView',
                                     'screen_name': 'tradingview'}]},
  'favorite_count': 1,
  'favorited': False,
  'geo': None,
  'id': 1156631818420019200,
  'id_str': '1156631818420019200',
  'in_reply_to_screen_name': 'tradingview',
  'in_reply_to_status_id': 1156631007468167168,
  'in_reply_to_status_id_str': '1156631007468167168',
  'in_reply_to_user_id': 373457750,
  'in_reply_to_user_id_str': '373457750',
  'is_quote_status': False,
  'lang': 'en',
  'metadata': {'iso_language_code': 'en', 'result_type': 'recent'},
  'place': None,
  'retweet_count': 0,
  'retweeted': False,
  'source': '<a href="https://mobile.twitter.com" rel="nofollow">Twitter Web '
            'App</a>',
  'text': '@tradingview Appreciate the efforts here but this is misleading. '
          'Would love to see the facts of it being;\n'
          '1. Cheape… https://t.co/lU8gte21IS',
  'truncated': True,
  'user': { 'contributors_enabled': False,
            'created_at': 'Thu Nov 15 22:08:25 +0000 2018',
            'default_profile': True,
            'default_profile_image': False,
            'description': '',
            'entities': {'description': {'urls': []}},
            'favourites_count': 41916,
            'follow_request_sent': None,
            'followers_count': 1402,
            'following': None,
            'friends_count': 5001,
            'geo_enabled': False,
            'has_extended_profile': False,
            'id': 1063192019005259778,
            'id_str': '1063192019005259778',
            'is_translation_enabled': False,
            'is_translator': False,
            'lang': None,
            'listed_count': 4,
            'location': '',
            'name': 'Marian',
            'notifications': None,
            'profile_background_color': 'F5F8FA',
            'profile_background_image_url': None,
            'profile_background_image_url_https': None,
            'profile_background_tile': False,
            'profile_banner_url': 'https://pbs.twimg.com/profile_banners/1063192019005259778/1549555047',
            'profile_image_url': 'http://pbs.twimg.com/profile_images/1093539229722992640/s572JUU6_normal.png',
            'profile_image_url_https': 'https://pbs.twimg.com/profile_images/1093539229722992640/s572JUU6_normal.png',
            'profile_link_color': '1DA1F2',
            'profile_sidebar_border_color': 'C0DEED',
            'profile_sidebar_fill_color': 'DDEEF6',
            'profile_text_color': '333333',
            'profile_use_background_image': True,
            'protected': False,
            'screen_name': 'Marian_XRP_hodl',
            'statuses_count': 40194,
            'time_zone': None,
            'translator_type': 'none',
            'url': None,
            'utc_offset': None,
            'verified': False}}
----------Summary----------
{ 'entities': { 'urls': { 'display_url': 'twitter.com/i/web/status/1…',
                          'expanded_url': 'https://twitter.com/i/web/status/1156631818420019200'}},
  'id_str': '1156631818420019200',
  'text': '@tradingview appreciate the efforts here but this is misleading. '
          'would love to see the facts of it being; 1. cheape '
          'https://t.co/lu8gte21is',
  'user': { 'entities': {},
            'id_str': '1063192019005259778',
            'twitter_user': 'Marian_XRP_hodl'}}
----------Groups----------
{ 'Bitcoin': ['bitcoin', 'Bitcoin', 'btc', 'satoshi nakamoto'],
  'Ethereum': ['ethereum', 'Ethereum', 'eth', 'vitalik buterin'],
  'Litecoin': ['litecoin', 'Litecoin', 'ltc', 'charles lee'],
  'Monero': ['monero', 'Monero', 'xmr', 'riccardo spagni'],
  'Ripple': [ 'ripple',
              'Ripple',
              'xrp',
              'xrapid',
              'xcurrent',
              'chris larsen',
              'jed mccaleb']}
---------------------------Fetch-------2019-07-31 15:57:49.892046: Tweet filed under "misc":----------Data----------
{ 'contributors': None,
  'coordinates': None,
  'created_at': 'Wed Jul 31 18:18:22 +0000 2019',
  'entities': { 'hashtags': [],
                'symbols': [],
                'urls': [ { 'display_url': 'fca.org.uk/publication/po…',
                            'expanded_url': 'https://www.fca.org.uk/publication/policy/ps19-22.pdf',
                            'indices': [101, 124],
                            'url': 'https://t.co/exSftiVtra'}],
                'user_mentions': [ { 'id': 965065798845804544,
                                     'id_str': '965065798845804544',
                                     'indices': [3, 15],
                                     'name': 'OzAlphaWolf',
                                     'screen_name': 'OzAlphaWolf'}]},
  'favorite_count': 0,
  'favorited': False,
  'geo': None,
  'id': 1156630195052281856,
  'id_str': '1156630195052281856',
  'in_reply_to_screen_name': None,
  'in_reply_to_status_id': None,
  'in_reply_to_status_id_str': None,
  'in_reply_to_user_id': None,
  'in_reply_to_user_id_str': None,
  'is_quote_status': False,
  'lang': 'en',
  'metadata': {'iso_language_code': 'en', 'result_type': 'recent'},
  'place': None,
  'possibly_sensitive': False,
  'retweet_count': 89,
  'retweeted': False,
  'retweeted_status': { 'contributors': None,
                        'coordinates': None,
                        'created_at': 'Wed Jul 31 13:28:08 +0000 2019',
                        'entities': { 'hashtags': [],
                                      'symbols': [],
                                      'urls': [ { 'display_url': 'fca.org.uk/publication/po…',
                                                  'expanded_url': 'https://www.fca.org.uk/publication/policy/ps19-22.pdf',
                                                  'indices': [84, 107],
                                                  'url': 'https://t.co/exSftiVtra'},
                                                { 'display_url': 'twitter.com/i/web/status/1…',
                                                  'expanded_url': 'https://twitter.com/i/web/status/1156557155668877317',
                                                  'indices': [117, 140],
                                                  'url': 'https://t.co/LLT8BsyMjV'}],
                                      'user_mentions': []},
                        'favorite_count': 253,
                        'favorited': False,
                        'geo': None,
                        'id': 1156557155668877317,
                        'id_str': '1156557155668877317',
                        'in_reply_to_screen_name': None,
                        'in_reply_to_status_id': None,
                        'in_reply_to_status_id_str': None,
                        'in_reply_to_user_id': None,
                        'in_reply_to_user_id_str': None,
                        'is_quote_status': False,
                        'lang': 'en',
                        'metadata': { 'iso_language_code': 'en',
                                      'result_type': 'recent'},
                        'place': None,
                        'possibly_sensitive': False,
                        'retweet_count': 89,
                        'retweeted': False,
                        'source': '<a href="https://mobile.twitter.com" '
                                  'rel="nofollow">Twitter Web App</a>',
                        'text': 'Today the UK Financial Conduct Authority '
                                'released their "Guidance on cryptoassets".\n'
                                'https://t.co/exSftiVtra\n'
                                '\n'
                                'A case… https://t.co/LLT8BsyMjV',
                        'truncated': True,
                        'user': { 'contributors_enabled': False,
                                  'created_at': 'Sun Feb 18 03:29:51 +0000 '
                                                '2018',
                                  'default_profile': True,
                                  'default_profile_image': False,
                                  'description': '',
                                  'entities': { 'description': {'urls': []},
                                                'url': { 'urls': [ { 'display_url': 'xrpchat.com/profile/13421-…',
                                                                     'expanded_url': 'https://www.xrpchat.com/profile/13421-ozalphawolf/',
                                                                     'indices': [ 0,
                                                                                  23],
                                                                     'url': 'https://t.co/7vnNzVlr4R'}]}},
                                  'favourites_count': 4110,
                                  'follow_request_sent': None,
                                  'followers_count': 1204,
                                  'following': None,
                                  'friends_count': 287,
                                  'geo_enabled': False,
                                  'has_extended_profile': False,
                                  'id': 965065798845804544,
                                  'id_str': '965065798845804544',
                                  'is_translation_enabled': False,
                                  'is_translator': False,
                                  'lang': None,
                                  'listed_count': 2,
                                  'location': '',
                                  'name': 'OzAlphaWolf',
                                  'notifications': None,
                                  'profile_background_color': 'F5F8FA',
                                  'profile_background_image_url': None,
                                  'profile_background_image_url_https': None,
                                  'profile_background_tile': False,
                                  'profile_banner_url': 'https://pbs.twimg.com/profile_banners/965065798845804544/1518924845',
                                  'profile_image_url': 'http://pbs.twimg.com/profile_images/1131033240330891264/6pb-sWsH_normal.png',
                                  'profile_image_url_https': 'https://pbs.twimg.com/profile_images/1131033240330891264/6pb-sWsH_normal.png',
                                  'profile_link_color': '1DA1F2',
                                  'profile_sidebar_border_color': 'C0DEED',
                                  'profile_sidebar_fill_color': 'DDEEF6',
                                  'profile_text_color': '333333',
                                  'profile_use_background_image': True,
                                  'protected': False,
                                  'screen_name': 'OzAlphaWolf',
                                  'statuses_count': 1943,
                                  'time_zone': None,
                                  'translator_type': 'none',
                                  'url': 'https://t.co/7vnNzVlr4R',
                                  'utc_offset': None,
                                  'verified': False}},
  'source': '<a href="https://mobile.twitter.com" rel="nofollow">Twitter Web '
            'App</a>',
  'text': 'RT @OzAlphaWolf: Today the UK Financial Conduct Authority released '
          'their "Guidance on cryptoassets".\n'
          'https://t.co/exSftiVtra\n'
          '\n'
          'A case study…',
  'truncated': False,
  'user': { 'contributors_enabled': False,
            'created_at': 'Fri Dec 14 00:51:51 +0000 2018',
            'default_profile': True,
            'default_profile_image': False,
            'description': "Nothing here is investment advice. It's idle "
                           'speculation. Tracking XRP/Ripple developments. No '
                           'conspiracy theories, no drama, no price '
                           'predictions, just work.',
            'entities': {'description': {'urls': []}},
            'favourites_count': 2826,
            'follow_request_sent': None,
            'followers_count': 2017,
            'following': None,
            'friends_count': 101,
            'geo_enabled': False,
            'has_extended_profile': False,
            'id': 1073380009958608896,
            'id_str': '1073380009958608896',
            'is_translation_enabled': False,
            'is_translator': False,
            'lang': None,
            'listed_count': 14,
            'location': '',
            'name': 'WrathofKahneman',
            'notifications': None,
            'profile_background_color': 'F5F8FA',
            'profile_background_image_url': None,
            'profile_background_image_url_https': None,
            'profile_background_tile': False,
            'profile_image_url': 'http://pbs.twimg.com/profile_images/1073381345605251072/IaU7Jdjl_normal.png',
            'profile_image_url_https': 'https://pbs.twimg.com/profile_images/1073381345605251072/IaU7Jdjl_normal.png',
            'profile_link_color': '1DA1F2',
            'profile_sidebar_border_color': 'C0DEED',
            'profile_sidebar_fill_color': 'DDEEF6',
            'profile_text_color': '333333',
            'profile_use_background_image': True,
            'protected': False,
            'screen_name': 'WKahneman',
            'statuses_count': 1075,
            'time_zone': None,
            'translator_type': 'none',
            'url': None,
            'utc_offset': None,
            'verified': False}}
----------Summary----------
{ 'entities': { 'urls': { 'display_url': 'fca.org.uk/publication/po…',
                          'expanded_url': 'https://www.fca.org.uk/publication/policy/ps19-22.pdf'}},
  'id_str': '1156630195052281856',
  'retweeted_status': { 'entities': { 'urls': { 'display_url': 'twitter.com/i/web/status/1…',
                                                'expanded_url': 'https://twitter.com/i/web/status/1156557155668877317'}},
                        'id_str': '1156557155668877317',
                        'text': 'today the uk financial conduct authority '
                                'released their "guidance on cryptoassets". '
                                'https://t.co/exsftivtra  a case '
                                'https://t.co/llt8bsymjv',
                        'user': { 'entities': {},
                                  'id_str': '965065798845804544',
                                  'twitter_user': 'OzAlphaWolf'}},
  'text': 'rt @ozalphawolf: today the uk financial conduct authority released '
          'their "guidance on cryptoassets". https://t.co/exsftivtra  a case '
          'study',
  'user': { 'entities': {},
            'id_str': '1073380009958608896',
            'twitter_user': 'WKahneman'}}
----------Groups----------
{ 'Bitcoin': ['bitcoin', 'Bitcoin', 'btc', 'satoshi nakamoto'],
  'Ethereum': ['ethereum', 'Ethereum', 'eth', 'vitalik buterin'],
  'Litecoin': ['litecoin', 'Litecoin', 'ltc', 'charles lee'],
  'Monero': ['monero', 'Monero', 'xmr', 'riccardo spagni'],
  'Ripple': [ 'ripple',
              'Ripple',
              'xrp',
              'xrapid',
              'xcurrent',
              'chris larsen',
              'jed mccaleb']}
---------------------------Fetch-------2019-07-31 15:57:53.903221: Tweet filed under "misc":----------Data----------
{ 'contributors': None,
  'coordinates': None,
  'created_at': 'Wed Jul 31 17:44:08 +0000 2019',
  'entities': { 'hashtags': [],
                'symbols': [],
                'urls': [ { 'display_url': 'fca.org.uk/publication/po…',
                            'expanded_url': 'https://www.fca.org.uk/publication/policy/ps19-22.pdf',
                            'indices': [101, 124],
                            'url': 'https://t.co/exSftiVtra'}],
                'user_mentions': [ { 'id': 965065798845804544,
                                     'id_str': '965065798845804544',
                                     'indices': [3, 15],
                                     'name': 'OzAlphaWolf',
                                     'screen_name': 'OzAlphaWolf'}]},
  'favorite_count': 0,
  'favorited': False,
  'geo': None,
  'id': 1156621579687616513,
  'id_str': '1156621579687616513',
  'in_reply_to_screen_name': None,
  'in_reply_to_status_id': None,
  'in_reply_to_status_id_str': None,
  'in_reply_to_user_id': None,
  'in_reply_to_user_id_str': None,
  'is_quote_status': False,
  'lang': 'en',
  'metadata': {'iso_language_code': 'en', 'result_type': 'recent'},
  'place': None,
  'possibly_sensitive': False,
  'retweet_count': 89,
  'retweeted': False,
  'retweeted_status': { 'contributors': None,
                        'coordinates': None,
                        'created_at': 'Wed Jul 31 13:28:08 +0000 2019',
                        'entities': { 'hashtags': [],
                                      'symbols': [],
                                      'urls': [ { 'display_url': 'fca.org.uk/publication/po…',
                                                  'expanded_url': 'https://www.fca.org.uk/publication/policy/ps19-22.pdf',
                                                  'indices': [84, 107],
                                                  'url': 'https://t.co/exSftiVtra'},
                                                { 'display_url': 'twitter.com/i/web/status/1…',
                                                  'expanded_url': 'https://twitter.com/i/web/status/1156557155668877317',
                                                  'indices': [117, 140],
                                                  'url': 'https://t.co/LLT8BsyMjV'}],
                                      'user_mentions': []},
                        'favorite_count': 253,
                        'favorited': False,
                        'geo': None,
                        'id': 1156557155668877317,
                        'id_str': '1156557155668877317',
                        'in_reply_to_screen_name': None,
                        'in_reply_to_status_id': None,
                        'in_reply_to_status_id_str': None,
                        'in_reply_to_user_id': None,
                        'in_reply_to_user_id_str': None,
                        'is_quote_status': False,
                        'lang': 'en',
                        'metadata': { 'iso_language_code': 'en',
                                      'result_type': 'recent'},
                        'place': None,
                        'possibly_sensitive': False,
                        'retweet_count': 89,
                        'retweeted': False,
                        'source': '<a href="https://mobile.twitter.com" '
                                  'rel="nofollow">Twitter Web App</a>',
                        'text': 'Today the UK Financial Conduct Authority '
                                'released their "Guidance on cryptoassets".\n'
                                'https://t.co/exSftiVtra\n'
                                '\n'
                                'A case… https://t.co/LLT8BsyMjV',
                        'truncated': True,
                        'user': { 'contributors_enabled': False,
                                  'created_at': 'Sun Feb 18 03:29:51 +0000 '
                                                '2018',
                                  'default_profile': True,
                                  'default_profile_image': False,
                                  'description': '',
                                  'entities': { 'description': {'urls': []},
                                                'url': { 'urls': [ { 'display_url': 'xrpchat.com/profile/13421-…',
                                                                     'expanded_url': 'https://www.xrpchat.com/profile/13421-ozalphawolf/',
                                                                     'indices': [ 0,
                                                                                  23],
                                                                     'url': 'https://t.co/7vnNzVlr4R'}]}},
                                  'favourites_count': 4110,
                                  'follow_request_sent': None,
                                  'followers_count': 1204,
                                  'following': None,
                                  'friends_count': 287,
                                  'geo_enabled': False,
                                  'has_extended_profile': False,
                                  'id': 965065798845804544,
                                  'id_str': '965065798845804544',
                                  'is_translation_enabled': False,
                                  'is_translator': False,
                                  'lang': None,
                                  'listed_count': 2,
                                  'location': '',
                                  'name': 'OzAlphaWolf',
                                  'notifications': None,
                                  'profile_background_color': 'F5F8FA',
                                  'profile_background_image_url': None,
                                  'profile_background_image_url_https': None,
                                  'profile_background_tile': False,
                                  'profile_banner_url': 'https://pbs.twimg.com/profile_banners/965065798845804544/1518924845',
                                  'profile_image_url': 'http://pbs.twimg.com/profile_images/1131033240330891264/6pb-sWsH_normal.png',
                                  'profile_image_url_https': 'https://pbs.twimg.com/profile_images/1131033240330891264/6pb-sWsH_normal.png',
                                  'profile_link_color': '1DA1F2',
                                  'profile_sidebar_border_color': 'C0DEED',
                                  'profile_sidebar_fill_color': 'DDEEF6',
                                  'profile_text_color': '333333',
                                  'profile_use_background_image': True,
                                  'protected': False,
                                  'screen_name': 'OzAlphaWolf',
                                  'statuses_count': 1943,
                                  'time_zone': None,
                                  'translator_type': 'none',
                                  'url': 'https://t.co/7vnNzVlr4R',
                                  'utc_offset': None,
                                  'verified': False}},
  'source': '<a href="http://twitter.com/download/iphone" '
            'rel="nofollow">Twitter for iPhone</a>',
  'text': 'RT @OzAlphaWolf: Today the UK Financial Conduct Authority released '
          'their "Guidance on cryptoassets".\n'
          'https://t.co/exSftiVtra\n'
          '\n'
          'A case study…',
  'truncated': False,
  'user': { 'contributors_enabled': False,
            'created_at': 'Thu May 21 05:55:13 +0000 2015',
            'default_profile': True,
            'default_profile_image': False,
            'description': '#大阪 在住の38歳 身長172 体重60 筋肉質 黒髪 短髪のビジネスマンです‼#シングルマザー '
                           '#女性の自立 #モラハラDVから守る会 #生活支援 #母子家庭 #高齢者ビジネス #XRP #読書 '
                           '#起業 #不妊治療 #個人間融資 低金利12％ #セラピスト🌈🌈🎉🙆\u200d♂️',
            'entities': {'description': {'urls': []}},
            'favourites_count': 11953,
            'follow_request_sent': None,
            'followers_count': 280,
            'following': None,
            'friends_count': 850,
            'geo_enabled': True,
            'has_extended_profile': True,
            'id': 3222042463,
            'id_str': '3222042463',
            'is_translation_enabled': False,
            'is_translator': False,
            'lang': None,
            'listed_count': 22,
            'location': '',
            'name': '高橋 潤一',
            'notifications': None,
            'profile_background_color': 'C0DEED',
            'profile_background_image_url': 'http://abs.twimg.com/images/themes/theme1/bg.png',
            'profile_background_image_url_https': 'https://abs.twimg.com/images/themes/theme1/bg.png',
            'profile_background_tile': False,
            'profile_banner_url': 'https://pbs.twimg.com/profile_banners/3222042463/1432736328',
            'profile_image_url': 'http://pbs.twimg.com/profile_images/603566198245052417/4xhWMnUG_normal.jpg',
            'profile_image_url_https': 'https://pbs.twimg.com/profile_images/603566198245052417/4xhWMnUG_normal.jpg',
            'profile_link_color': '1DA1F2',
            'profile_sidebar_border_color': 'C0DEED',
            'profile_sidebar_fill_color': 'DDEEF6',
            'profile_text_color': '333333',
            'profile_use_background_image': True,
            'protected': False,
            'screen_name': 'uynOcenkL856gRu',
            'statuses_count': 9842,
            'time_zone': None,
            'translator_type': 'none',
            'url': None,
            'utc_offset': None,
            'verified': False}}
----------Summary----------
{ 'entities': { 'urls': { 'display_url': 'fca.org.uk/publication/po…',
                          'expanded_url': 'https://www.fca.org.uk/publication/policy/ps19-22.pdf'}},
  'id_str': '1156621579687616513',
  'retweeted_status': { 'entities': { 'urls': { 'display_url': 'twitter.com/i/web/status/1…',
                                                'expanded_url': 'https://twitter.com/i/web/status/1156557155668877317'}},
                        'id_str': '1156557155668877317',
                        'text': 'today the uk financial conduct authority '
                                'released their "guidance on cryptoassets". '
                                'https://t.co/exsftivtra  a case '
                                'https://t.co/llt8bsymjv',
                        'user': { 'entities': {},
                                  'id_str': '965065798845804544',
                                  'twitter_user': 'OzAlphaWolf'}},
  'text': 'rt @ozalphawolf: today the uk financial conduct authority released '
          'their "guidance on cryptoassets". https://t.co/exsftivtra  a case '
          'study',
  'user': { 'entities': {},
            'id_str': '3222042463',
            'twitter_user': 'uynOcenkL856gRu'}}
----------Groups----------
{ 'Bitcoin': ['bitcoin', 'Bitcoin', 'btc', 'satoshi nakamoto'],
  'Ethereum': ['ethereum', 'Ethereum', 'eth', 'vitalik buterin'],
  'Litecoin': ['litecoin', 'Litecoin', 'ltc', 'charles lee'],
  'Monero': ['monero', 'Monero', 'xmr', 'riccardo spagni'],
  'Ripple': [ 'ripple',
              'Ripple',
              'xrp',
              'xrapid',
              'xcurrent',
              'chris larsen',
              'jed mccaleb']}
---------------------------Fetch-------2019-07-31 15:57:54.465805: Tweet filed under "misc":----------Data----------
{ 'contributors': None,
  'coordinates': None,
  'created_at': 'Wed Jul 31 17:41:54 +0000 2019',
  'entities': { 'hashtags': [],
                'symbols': [],
                'urls': [ { 'display_url': 'fca.org.uk/publication/po…',
                            'expanded_url': 'https://www.fca.org.uk/publication/policy/ps19-22.pdf',
                            'indices': [101, 124],
                            'url': 'https://t.co/exSftiVtra'}],
                'user_mentions': [ { 'id': 965065798845804544,
                                     'id_str': '965065798845804544',
                                     'indices': [3, 15],
                                     'name': 'OzAlphaWolf',
                                     'screen_name': 'OzAlphaWolf'}]},
  'favorite_count': 0,
  'favorited': False,
  'geo': None,
  'id': 1156621017411981313,
  'id_str': '1156621017411981313',
  'in_reply_to_screen_name': None,
  'in_reply_to_status_id': None,
  'in_reply_to_status_id_str': None,
  'in_reply_to_user_id': None,
  'in_reply_to_user_id_str': None,
  'is_quote_status': False,
  'lang': 'en',
  'metadata': {'iso_language_code': 'en', 'result_type': 'recent'},
  'place': None,
  'possibly_sensitive': False,
  'retweet_count': 89,
  'retweeted': False,
  'retweeted_status': { 'contributors': None,
                        'coordinates': None,
                        'created_at': 'Wed Jul 31 13:28:08 +0000 2019',
                        'entities': { 'hashtags': [],
                                      'symbols': [],
                                      'urls': [ { 'display_url': 'fca.org.uk/publication/po…',
                                                  'expanded_url': 'https://www.fca.org.uk/publication/policy/ps19-22.pdf',
                                                  'indices': [84, 107],
                                                  'url': 'https://t.co/exSftiVtra'},
                                                { 'display_url': 'twitter.com/i/web/status/1…',
                                                  'expanded_url': 'https://twitter.com/i/web/status/1156557155668877317',
                                                  'indices': [117, 140],
                                                  'url': 'https://t.co/LLT8BsyMjV'}],
                                      'user_mentions': []},
                        'favorite_count': 253,
                        'favorited': False,
                        'geo': None,
                        'id': 1156557155668877317,
                        'id_str': '1156557155668877317',
                        'in_reply_to_screen_name': None,
                        'in_reply_to_status_id': None,
                        'in_reply_to_status_id_str': None,
                        'in_reply_to_user_id': None,
                        'in_reply_to_user_id_str': None,
                        'is_quote_status': False,
                        'lang': 'en',
                        'metadata': { 'iso_language_code': 'en',
                                      'result_type': 'recent'},
                        'place': None,
                        'possibly_sensitive': False,
                        'retweet_count': 89,
                        'retweeted': False,
                        'source': '<a href="https://mobile.twitter.com" '
                                  'rel="nofollow">Twitter Web App</a>',
                        'text': 'Today the UK Financial Conduct Authority '
                                'released their "Guidance on cryptoassets".\n'
                                'https://t.co/exSftiVtra\n'
                                '\n'
                                'A case… https://t.co/LLT8BsyMjV',
                        'truncated': True,
                        'user': { 'contributors_enabled': False,
                                  'created_at': 'Sun Feb 18 03:29:51 +0000 '
                                                '2018',
                                  'default_profile': True,
                                  'default_profile_image': False,
                                  'description': '',
                                  'entities': { 'description': {'urls': []},
                                                'url': { 'urls': [ { 'display_url': 'xrpchat.com/profile/13421-…',
                                                                     'expanded_url': 'https://www.xrpchat.com/profile/13421-ozalphawolf/',
                                                                     'indices': [ 0,
                                                                                  23],
                                                                     'url': 'https://t.co/7vnNzVlr4R'}]}},
                                  'favourites_count': 4110,
                                  'follow_request_sent': None,
                                  'followers_count': 1204,
                                  'following': None,
                                  'friends_count': 287,
                                  'geo_enabled': False,
                                  'has_extended_profile': False,
                                  'id': 965065798845804544,
                                  'id_str': '965065798845804544',
                                  'is_translation_enabled': False,
                                  'is_translator': False,
                                  'lang': None,
                                  'listed_count': 2,
                                  'location': '',
                                  'name': 'OzAlphaWolf',
                                  'notifications': None,
                                  'profile_background_color': 'F5F8FA',
                                  'profile_background_image_url': None,
                                  'profile_background_image_url_https': None,
                                  'profile_background_tile': False,
                                  'profile_banner_url': 'https://pbs.twimg.com/profile_banners/965065798845804544/1518924845',
                                  'profile_image_url': 'http://pbs.twimg.com/profile_images/1131033240330891264/6pb-sWsH_normal.png',
                                  'profile_image_url_https': 'https://pbs.twimg.com/profile_images/1131033240330891264/6pb-sWsH_normal.png',
                                  'profile_link_color': '1DA1F2',
                                  'profile_sidebar_border_color': 'C0DEED',
                                  'profile_sidebar_fill_color': 'DDEEF6',
                                  'profile_text_color': '333333',
                                  'profile_use_background_image': True,
                                  'protected': False,
                                  'screen_name': 'OzAlphaWolf',
                                  'statuses_count': 1943,
                                  'time_zone': None,
                                  'translator_type': 'none',
                                  'url': 'https://t.co/7vnNzVlr4R',
                                  'utc_offset': None,
                                  'verified': False}},
  'source': '<a href="https://www.hootsuite.com" rel="nofollow">Hootsuite '
            'Inc.</a>',
  'text': 'RT @OzAlphaWolf: Today the UK Financial Conduct Authority released '
          'their "Guidance on cryptoassets".\n'
          'https://t.co/exSftiVtra\n'
          '\n'
          'A case study…',
  'truncated': False,
  'user': { 'contributors_enabled': False,
            'created_at': 'Sun Aug 26 15:34:33 +0000 2018',
            'default_profile': False,
            'default_profile_image': False,
            'description': '~ Digital Assests & Blockchain Enthusiast ~ BTC • '
                           'ETH • XRP ≈ I share the top hottest news & content '
                           'related to crypto. My goal is to spread crypto '
                           'awareness.✌️',
            'entities': { 'description': {'urls': []},
                          'url': { 'urls': [ { 'display_url': 'tippin.me/@DahCryptkeeper',
                                               'expanded_url': 'https://tippin.me/@DahCryptkeeper',
                                               'indices': [0, 23],
                                               'url': 'https://t.co/YqbI0GRErW'}]}},
            'favourites_count': 14123,
            'follow_request_sent': None,
            'followers_count': 3353,
            'following': None,
            'friends_count': 231,
            'geo_enabled': True,
            'has_extended_profile': True,
            'id': 1033739483609481216,
            'id_str': '1033739483609481216',
            'is_translation_enabled': False,
            'is_translator': False,
            'lang': None,
            'listed_count': 13,
            'location': 'Planting Roses on the Moon 🌹',
            'name': 'The Crypt Keeper',
            'notifications': None,
            'profile_background_color': '000000',
            'profile_background_image_url': 'http://abs.twimg.com/images/themes/theme1/bg.png',
            'profile_background_image_url_https': 'https://abs.twimg.com/images/themes/theme1/bg.png',
            'profile_background_tile': False,
            'profile_banner_url': 'https://pbs.twimg.com/profile_banners/1033739483609481216/1562495454',
            'profile_image_url': 'http://pbs.twimg.com/profile_images/1107406610698289153/uUI9WMgK_normal.jpg',
            'profile_image_url_https': 'https://pbs.twimg.com/profile_images/1107406610698289153/uUI9WMgK_normal.jpg',
            'profile_link_color': 'ABB8C2',
            'profile_sidebar_border_color': '000000',
            'profile_sidebar_fill_color': '000000',
            'profile_text_color': '000000',
            'profile_use_background_image': False,
            'protected': False,
            'screen_name': 'DahCryptkeeper',
            'statuses_count': 8465,
            'time_zone': None,
            'translator_type': 'none',
            'url': 'https://t.co/YqbI0GRErW',
            'utc_offset': None,
            'verified': False}}
----------Summary----------
{ 'entities': { 'urls': { 'display_url': 'fca.org.uk/publication/po…',
                          'expanded_url': 'https://www.fca.org.uk/publication/policy/ps19-22.pdf'}},
  'id_str': '1156621017411981313',
  'retweeted_status': { 'entities': { 'urls': { 'display_url': 'twitter.com/i/web/status/1…',
                                                'expanded_url': 'https://twitter.com/i/web/status/1156557155668877317'}},
                        'id_str': '1156557155668877317',
                        'text': 'today the uk financial conduct authority '
                                'released their "guidance on cryptoassets". '
                                'https://t.co/exsftivtra  a case '
                                'https://t.co/llt8bsymjv',
                        'user': { 'entities': {},
                                  'id_str': '965065798845804544',
                                  'twitter_user': 'OzAlphaWolf'}},
  'text': 'rt @ozalphawolf: today the uk financial conduct authority released '
          'their "guidance on cryptoassets". https://t.co/exsftivtra  a case '
          'study',
  'user': { 'entities': {},
            'id_str': '1033739483609481216',
            'twitter_user': 'DahCryptkeeper'}}
----------Groups----------
{ 'Bitcoin': ['bitcoin', 'Bitcoin', 'btc', 'satoshi nakamoto'],
  'Ethereum': ['ethereum', 'Ethereum', 'eth', 'vitalik buterin'],
  'Litecoin': ['litecoin', 'Litecoin', 'ltc', 'charles lee'],
  'Monero': ['monero', 'Monero', 'xmr', 'riccardo spagni'],
  'Ripple': [ 'ripple',
              'Ripple',
              'xrp',
              'xrapid',
              'xcurrent',
              'chris larsen',
              'jed mccaleb']}
---------------------------Fetch-------2019-07-31 15:57:57.016774: Tweet filed under "misc":----------Data----------
{ 'contributors': None,
  'coordinates': None,
  'created_at': 'Wed Jul 31 17:28:15 +0000 2019',
  'entities': { 'hashtags': [],
                'symbols': [],
                'urls': [ { 'display_url': 'fca.org.uk/publication/po…',
                            'expanded_url': 'https://www.fca.org.uk/publication/policy/ps19-22.pdf',
                            'indices': [101, 124],
                            'url': 'https://t.co/exSftiVtra'}],
                'user_mentions': [ { 'id': 965065798845804544,
                                     'id_str': '965065798845804544',
                                     'indices': [3, 15],
                                     'name': 'OzAlphaWolf',
                                     'screen_name': 'OzAlphaWolf'}]},
  'favorite_count': 0,
  'favorited': False,
  'geo': None,
  'id': 1156617585229729792,
  'id_str': '1156617585229729792',
  'in_reply_to_screen_name': None,
  'in_reply_to_status_id': None,
  'in_reply_to_status_id_str': None,
  'in_reply_to_user_id': None,
  'in_reply_to_user_id_str': None,
  'is_quote_status': False,
  'lang': 'en',
  'metadata': {'iso_language_code': 'en', 'result_type': 'recent'},
  'place': None,
  'possibly_sensitive': False,
  'retweet_count': 89,
  'retweeted': False,
  'retweeted_status': { 'contributors': None,
                        'coordinates': None,
                        'created_at': 'Wed Jul 31 13:28:08 +0000 2019',
                        'entities': { 'hashtags': [],
                                      'symbols': [],
                                      'urls': [ { 'display_url': 'fca.org.uk/publication/po…',
                                                  'expanded_url': 'https://www.fca.org.uk/publication/policy/ps19-22.pdf',
                                                  'indices': [84, 107],
                                                  'url': 'https://t.co/exSftiVtra'},
                                                { 'display_url': 'twitter.com/i/web/status/1…',
                                                  'expanded_url': 'https://twitter.com/i/web/status/1156557155668877317',
                                                  'indices': [117, 140],
                                                  'url': 'https://t.co/LLT8BsyMjV'}],
                                      'user_mentions': []},
                        'favorite_count': 253,
                        'favorited': False,
                        'geo': None,
                        'id': 1156557155668877317,
                        'id_str': '1156557155668877317',
                        'in_reply_to_screen_name': None,
                        'in_reply_to_status_id': None,
                        'in_reply_to_status_id_str': None,
                        'in_reply_to_user_id': None,
                        'in_reply_to_user_id_str': None,
                        'is_quote_status': False,
                        'lang': 'en',
                        'metadata': { 'iso_language_code': 'en',
                                      'result_type': 'recent'},
                        'place': None,
                        'possibly_sensitive': False,
                        'retweet_count': 89,
                        'retweeted': False,
                        'source': '<a href="https://mobile.twitter.com" '
                                  'rel="nofollow">Twitter Web App</a>',
                        'text': 'Today the UK Financial Conduct Authority '
                                'released their "Guidance on cryptoassets".\n'
                                'https://t.co/exSftiVtra\n'
                                '\n'
                                'A case… https://t.co/LLT8BsyMjV',
                        'truncated': True,
                        'user': { 'contributors_enabled': False,
                                  'created_at': 'Sun Feb 18 03:29:51 +0000 '
                                                '2018',
                                  'default_profile': True,
                                  'default_profile_image': False,
                                  'description': '',
                                  'entities': { 'description': {'urls': []},
                                                'url': { 'urls': [ { 'display_url': 'xrpchat.com/profile/13421-…',
                                                                     'expanded_url': 'https://www.xrpchat.com/profile/13421-ozalphawolf/',
                                                                     'indices': [ 0,
                                                                                  23],
                                                                     'url': 'https://t.co/7vnNzVlr4R'}]}},
                                  'favourites_count': 4110,
                                  'follow_request_sent': None,
                                  'followers_count': 1204,
                                  'following': None,
                                  'friends_count': 287,
                                  'geo_enabled': False,
                                  'has_extended_profile': False,
                                  'id': 965065798845804544,
                                  'id_str': '965065798845804544',
                                  'is_translation_enabled': False,
                                  'is_translator': False,
                                  'lang': None,
                                  'listed_count': 2,
                                  'location': '',
                                  'name': 'OzAlphaWolf',
                                  'notifications': None,
                                  'profile_background_color': 'F5F8FA',
                                  'profile_background_image_url': None,
                                  'profile_background_image_url_https': None,
                                  'profile_background_tile': False,
                                  'profile_banner_url': 'https://pbs.twimg.com/profile_banners/965065798845804544/1518924845',
                                  'profile_image_url': 'http://pbs.twimg.com/profile_images/1131033240330891264/6pb-sWsH_normal.png',
                                  'profile_image_url_https': 'https://pbs.twimg.com/profile_images/1131033240330891264/6pb-sWsH_normal.png',
                                  'profile_link_color': '1DA1F2',
                                  'profile_sidebar_border_color': 'C0DEED',
                                  'profile_sidebar_fill_color': 'DDEEF6',
                                  'profile_text_color': '333333',
                                  'profile_use_background_image': True,
                                  'protected': False,
                                  'screen_name': 'OzAlphaWolf',
                                  'statuses_count': 1943,
                                  'time_zone': None,
                                  'translator_type': 'none',
                                  'url': 'https://t.co/7vnNzVlr4R',
                                  'utc_offset': None,
                                  'verified': False}},
  'source': '<a href="http://twitter.com/download/iphone" '
            'rel="nofollow">Twitter for iPhone</a>',
  'text': 'RT @OzAlphaWolf: Today the UK Financial Conduct Authority released '
          'their "Guidance on cryptoassets".\n'
          'https://t.co/exSftiVtra\n'
          '\n'
          'A case study…',
  'truncated': False,
  'user': { 'contributors_enabled': False,
            'created_at': 'Sun Aug 05 01:30:33 +0000 2018',
            'default_profile': True,
            'default_profile_image': False,
            'description': 'Based in Chattanooga, Travel, Crypto enthusiasts, '
                           'Most excited by XRP!',
            'entities': {'description': {'urls': []}},
            'favourites_count': 2213,
            'follow_request_sent': None,
            'followers_count': 60,
            'following': None,
            'friends_count': 101,
            'geo_enabled': False,
            'has_extended_profile': False,
            'id': 1025916937413513216,
            'id_str': '1025916937413513216',
            'is_translation_enabled': False,
            'is_translator': False,
            'lang': None,
            'listed_count': 0,
            'location': 'United States',
            'name': 'XRP Whale Trainer',
            'notifications': None,
            'profile_background_color': 'F5F8FA',
            'profile_background_image_url': None,
            'profile_background_image_url_https': None,
            'profile_background_tile': False,
            'profile_image_url': 'http://pbs.twimg.com/profile_images/1064944505651122176/JylVJDhp_normal.jpg',
            'profile_image_url_https': 'https://pbs.twimg.com/profile_images/1064944505651122176/JylVJDhp_normal.jpg',
            'profile_link_color': '1DA1F2',
            'profile_sidebar_border_color': 'C0DEED',
            'profile_sidebar_fill_color': 'DDEEF6',
            'profile_text_color': '333333',
            'profile_use_background_image': True,
            'protected': False,
            'screen_name': 'XPhangout',
            'statuses_count': 639,
            'time_zone': None,
            'translator_type': 'none',
            'url': None,
            'utc_offset': None,
            'verified': False}}
----------Summary----------
{ 'entities': { 'urls': { 'display_url': 'fca.org.uk/publication/po…',
                          'expanded_url': 'https://www.fca.org.uk/publication/policy/ps19-22.pdf'}},
  'id_str': '1156617585229729792',
  'retweeted_status': { 'entities': { 'urls': { 'display_url': 'twitter.com/i/web/status/1…',
                                                'expanded_url': 'https://twitter.com/i/web/status/1156557155668877317'}},
                        'id_str': '1156557155668877317',
                        'text': 'today the uk financial conduct authority '
                                'released their "guidance on cryptoassets". '
                                'https://t.co/exsftivtra  a case '
                                'https://t.co/llt8bsymjv',
                        'user': { 'entities': {},
                                  'id_str': '965065798845804544',
                                  'twitter_user': 'OzAlphaWolf'}},
  'text': 'rt @ozalphawolf: today the uk financial conduct authority released '
          'their "guidance on cryptoassets". https://t.co/exsftivtra  a case '
          'study',
  'user': { 'entities': {},
            'id_str': '1025916937413513216',
            'twitter_user': 'XPhangout'}}
----------Groups----------
{ 'Bitcoin': ['bitcoin', 'Bitcoin', 'btc', 'satoshi nakamoto'],
  'Ethereum': ['ethereum', 'Ethereum', 'eth', 'vitalik buterin'],
  'Litecoin': ['litecoin', 'Litecoin', 'ltc', 'charles lee'],
  'Monero': ['monero', 'Monero', 'xmr', 'riccardo spagni'],
  'Ripple': [ 'ripple',
              'Ripple',
              'xrp',
              'xrapid',
              'xcurrent',
              'chris larsen',
              'jed mccaleb']}
---------------------------Fetch-------2019-07-31 15:57:58.841826: Tweet filed under "misc":----------Data----------
{ 'contributors': None,
  'coordinates': None,
  'created_at': 'Wed Jul 31 19:35:53 +0000 2019',
  'entities': { 'hashtags': [],
                'symbols': [],
                'urls': [ { 'display_url': 'twitter.com/i/web/status/1…',
                            'expanded_url': 'https://twitter.com/i/web/status/1156649704068997121',
                            'indices': [117, 140],
                            'url': 'https://t.co/QDMIw0d82y'}],
                'user_mentions': [ { 'id': 370093428,
                                     'id_str': '370093428',
                                     'indices': [0, 14],
                                     'name': ':)',
                                     'screen_name': '__whataburger'},
                                   { 'id': 103907537,
                                     'id_str': '103907537',
                                     'indices': [15, 27],
                                     'name': '🅺🅻🅾🅼🅿-🅼🅴🅳🅸🅰',
                                     'screen_name': 'klomp_media'},
                                   { 'id': 1073380009958608896,
                                     'id_str': '1073380009958608896',
                                     'indices': [28, 38],
                                     'name': 'WrathofKahneman',
                                     'screen_name': 'WKahneman'}]},
  'favorite_count': 0,
  'favorited': False,
  'geo': None,
  'id': 1156649704068997121,
  'id_str': '1156649704068997121',
  'in_reply_to_screen_name': '__whataburger',
  'in_reply_to_status_id': 1156647698935664640,
  'in_reply_to_status_id_str': '1156647698935664640',
  'in_reply_to_user_id': 370093428,
  'in_reply_to_user_id_str': '370093428',
  'is_quote_status': False,
  'lang': 'en',
  'metadata': {'iso_language_code': 'en', 'result_type': 'recent'},
  'place': None,
  'retweet_count': 0,
  'retweeted': False,
  'source': '<a href="https://mobile.twitter.com" rel="nofollow">Twitter Web '
            'App</a>',
  'text': "@__whataburger @klomp_media @WKahneman If you're a bank and you are "
          'going to using Corda Settler, you can A. Settle… '
          'https://t.co/QDMIw0d82y',
  'truncated': True,
  'user': { 'contributors_enabled': False,
            'created_at': 'Thu Jul 04 14:33:16 +0000 2019',
            'default_profile': True,
            'default_profile_image': False,
            'description': 'Just a guy who likes investing and likes markets. '
                           'Amateur Crypto investor and XRP enthusiast.',
            'entities': {'description': {'urls': []}},
            'favourites_count': 632,
            'follow_request_sent': None,
            'followers_count': 193,
            'following': None,
            'friends_count': 95,
            'geo_enabled': False,
            'has_extended_profile': True,
            'id': 1146789072930779136,
            'id_str': '1146789072930779136',
            'is_translation_enabled': False,
            'is_translator': False,
            'lang': None,
            'listed_count': 0,
            'location': 'North Carolina',
            'name': 'Alltheway08',
            'notifications': None,
            'profile_background_color': 'F5F8FA',
            'profile_background_image_url': None,
            'profile_background_image_url_https': None,
            'profile_background_tile': False,
            'profile_banner_url': 'https://pbs.twimg.com/profile_banners/1146789072930779136/1562251639',
            'profile_image_url': 'http://pbs.twimg.com/profile_images/1146792119933292545/mtIfXv6d_normal.jpg',
            'profile_image_url_https': 'https://pbs.twimg.com/profile_images/1146792119933292545/mtIfXv6d_normal.jpg',
            'profile_link_color': '1DA1F2',
            'profile_sidebar_border_color': 'C0DEED',
            'profile_sidebar_fill_color': 'DDEEF6',
            'profile_text_color': '333333',
            'profile_use_background_image': True,
            'protected': False,
            'screen_name': 'alltheway08',
            'statuses_count': 679,
            'time_zone': None,
            'translator_type': 'none',
            'url': None,
            'utc_offset': None,
            'verified': False}}
----------Summary----------
{ 'entities': { 'urls': { 'display_url': 'twitter.com/i/web/status/1…',
                          'expanded_url': 'https://twitter.com/i/web/status/1156649704068997121'}},
  'id_str': '1156649704068997121',
  'text': "@__whataburger @klomp_media @wkahneman if you're a bank and you are "
          'going to using corda settler, you can a. settle '
          'https://t.co/qdmiw0d82y',
  'user': { 'entities': {},
            'id_str': '1146789072930779136',
            'twitter_user': 'alltheway08'}}
----------Groups----------
{ 'Bitcoin': ['bitcoin', 'Bitcoin', 'btc', 'satoshi nakamoto'],
  'Ethereum': ['ethereum', 'Ethereum', 'eth', 'vitalik buterin'],
  'Litecoin': ['litecoin', 'Litecoin', 'ltc', 'charles lee'],
  'Monero': ['monero', 'Monero', 'xmr', 'riccardo spagni'],
  'Ripple': [ 'ripple',
              'Ripple',
              'xrp',
              'xrapid',
              'xcurrent',
              'chris larsen',
              'jed mccaleb']}
---------------------------Fetch-------2019-07-31 15:57:59.045962: Tweet filed under "misc":----------Data----------
{ 'contributors': None,
  'coordinates': None,
  'created_at': 'Wed Jul 31 19:20:19 +0000 2019',
  'entities': { 'hashtags': [],
                'symbols': [],
                'urls': [ { 'display_url': 'twitter.com/i/web/status/1…',
                            'expanded_url': 'https://twitter.com/i/web/status/1156645787385978882',
                            'indices': [117, 140],
                            'url': 'https://t.co/PF1YBFML2b'}],
                'user_mentions': [ { 'id': 947673769694416896,
                                     'id_str': '947673769694416896',
                                     'indices': [0, 12],
                                     'name': 'Moon Lambo',
                                     'screen_name': 'MoonLamboio'},
                                   { 'id': 17023078,
                                     'id_str': '17023078',
                                     'indices': [13, 23],
                                     'name': 'Matt Hamilton',
                                     'screen_name': 'HammerToe'},
                                   { 'id': 1085317983810056193,
                                     'id_str': '1085317983810056193',
                                     'indices': [24, 39],
                                     'name': 'BulldawgBrewer',
                                     'screen_name': 'BullDawgBrewer'},
                                   { 'id': 1073380009958608896,
                                     'id_str': '1073380009958608896',
                                     'indices': [40, 50],
                                     'name': 'WrathofKahneman',
                                     'screen_name': 'WKahneman'},
                                   { 'id': 1032996786665705473,
                                     'id_str': '1032996786665705473',
                                     'indices': [51, 59],
                                     'name': 'Charles Lee',
                                     'screen_name': 'guest1x'}]},
  'favorite_count': 2,
  'favorited': False,
  'geo': None,
  'id': 1156645787385978882,
  'id_str': '1156645787385978882',
  'in_reply_to_screen_name': 'MoonLamboio',
  'in_reply_to_status_id': 1156642968461332480,
  'in_reply_to_status_id_str': '1156642968461332480',
  'in_reply_to_user_id': 947673769694416896,
  'in_reply_to_user_id_str': '947673769694416896',
  'is_quote_status': False,
  'lang': 'en',
  'metadata': {'iso_language_code': 'en', 'result_type': 'recent'},
  'place': None,
  'retweet_count': 0,
  'retweeted': False,
  'source': '<a href="https://mobile.twitter.com" rel="nofollow">Twitter Web '
            'App</a>',
  'text': '@MoonLamboio @HammerToe @BullDawgBrewer @WKahneman @guest1x What '
          'the slide is saying backs up Matt’s assertion that… '
          'https://t.co/PF1YBFML2b',
  'truncated': True,
  'user': { 'contributors_enabled': False,
            'created_at': 'Thu Jul 04 14:33:16 +0000 2019',
            'default_profile': True,
            'default_profile_image': False,
            'description': 'Just a guy who likes investing and likes markets. '
                           'Amateur Crypto investor and XRP enthusiast.',
            'entities': {'description': {'urls': []}},
            'favourites_count': 632,
            'follow_request_sent': None,
            'followers_count': 193,
            'following': None,
            'friends_count': 95,
            'geo_enabled': False,
            'has_extended_profile': True,
            'id': 1146789072930779136,
            'id_str': '1146789072930779136',
            'is_translation_enabled': False,
            'is_translator': False,
            'lang': None,
            'listed_count': 0,
            'location': 'North Carolina',
            'name': 'Alltheway08',
            'notifications': None,
            'profile_background_color': 'F5F8FA',
            'profile_background_image_url': None,
            'profile_background_image_url_https': None,
            'profile_background_tile': False,
            'profile_banner_url': 'https://pbs.twimg.com/profile_banners/1146789072930779136/1562251639',
            'profile_image_url': 'http://pbs.twimg.com/profile_images/1146792119933292545/mtIfXv6d_normal.jpg',
            'profile_image_url_https': 'https://pbs.twimg.com/profile_images/1146792119933292545/mtIfXv6d_normal.jpg',
            'profile_link_color': '1DA1F2',
            'profile_sidebar_border_color': 'C0DEED',
            'profile_sidebar_fill_color': 'DDEEF6',
            'profile_text_color': '333333',
            'profile_use_background_image': True,
            'protected': False,
            'screen_name': 'alltheway08',
            'statuses_count': 679,
            'time_zone': None,
            'translator_type': 'none',
            'url': None,
            'utc_offset': None,
            'verified': False}}
----------Summary----------
{ 'entities': { 'urls': { 'display_url': 'twitter.com/i/web/status/1…',
                          'expanded_url': 'https://twitter.com/i/web/status/1156645787385978882'}},
  'id_str': '1156645787385978882',
  'text': '@moonlamboio @hammertoe @bulldawgbrewer @wkahneman @guest1x what '
          'the slide is saying backs up matts assertion that '
          'https://t.co/pf1ybfml2b',
  'user': { 'entities': {},
            'id_str': '1146789072930779136',
            'twitter_user': 'alltheway08'}}
----------Groups----------
{ 'Bitcoin': ['bitcoin', 'Bitcoin', 'btc', 'satoshi nakamoto'],
  'Ethereum': ['ethereum', 'Ethereum', 'eth', 'vitalik buterin'],
  'Litecoin': ['litecoin', 'Litecoin', 'ltc', 'charles lee'],
  'Monero': ['monero', 'Monero', 'xmr', 'riccardo spagni'],
  'Ripple': [ 'ripple',
              'Ripple',
              'xrp',
              'xrapid',
              'xcurrent',
              'chris larsen',
              'jed mccaleb']}
---------------------------Fetch-------2019-07-31 15:58:06.376801: Tweet filed under "misc":----------Data----------
{ 'contributors': None,
  'coordinates': None,
  'created_at': 'Wed Jul 31 14:59:54 +0000 2019',
  'entities': { 'hashtags': [],
                'symbols': [],
                'urls': [ { 'display_url': 'twitter.com/i/web/status/1…',
                            'expanded_url': 'https://twitter.com/i/web/status/1156580249473339392',
                            'indices': [117, 140],
                            'url': 'https://t.co/kLmNd4puwx'}],
                'user_mentions': [ { 'id': 952665813777108992,
                                     'id_str': '952665813777108992',
                                     'indices': [0, 15],
                                     'name': 'Dracarys',
                                     'screen_name': 'Questfourtruth'},
                                   { 'id': 35749949,
                                     'id_str': '35749949',
                                     'indices': [16, 25],
                                     'name': 'David Schwartz',
                                     'screen_name': 'JoelKatz'},
                                   { 'id': 877728873340956672,
                                     'id_str': '877728873340956672',
                                     'indices': [26, 41],
                                     'name': 'Luke Martin',
                                     'screen_name': 'VentureCoinist'},
                                   { 'id': 1096734311464792065,
                                     'id_str': '1096734311464792065',
                                     'indices': [42, 52],
                                     'name': 'ŁŁ ₡rypto J 🤑',
                                     'screen_name': 'LLcryptoJ'}]},
  'favorite_count': 0,
  'favorited': False,
  'geo': None,
  'id': 1156580249473339392,
  'id_str': '1156580249473339392',
  'in_reply_to_screen_name': 'Questfourtruth',
  'in_reply_to_status_id': 1156575931294736385,
  'in_reply_to_status_id_str': '1156575931294736385',
  'in_reply_to_user_id': 952665813777108992,
  'in_reply_to_user_id_str': '952665813777108992',
  'is_quote_status': False,
  'lang': 'en',
  'metadata': {'iso_language_code': 'en', 'result_type': 'recent'},
  'place': None,
  'retweet_count': 0,
  'retweeted': False,
  'source': '<a href="https://mobile.twitter.com" rel="nofollow">Twitter Web '
            'App</a>',
  'text': '@Questfourtruth @JoelKatz @VentureCoinist @LLcryptoJ This question '
          "explains you don't understand the difference bet… "
          'https://t.co/kLmNd4puwx',
  'truncated': True,
  'user': { 'contributors_enabled': False,
            'created_at': 'Thu Nov 18 10:57:48 +0000 2010',
            'default_profile': False,
            'default_profile_image': False,
            'description': 'Regit - Lat. "Rego" - to manage',
            'entities': {'description': {'urls': []}},
            'favourites_count': 467,
            'follow_request_sent': None,
            'followers_count': 20,
            'following': None,
            'friends_count': 98,
            'geo_enabled': False,
            'has_extended_profile': False,
            'id': 217020089,
            'id_str': '217020089',
            'is_translation_enabled': False,
            'is_translator': False,
            'lang': None,
            'listed_count': 1,
            'location': '',
            'name': 'CryptoRegit',
            'notifications': None,
            'profile_background_color': '000000',
            'profile_background_image_url': 'http://abs.twimg.com/images/themes/theme1/bg.png',
            'profile_background_image_url_https': 'https://abs.twimg.com/images/themes/theme1/bg.png',
            'profile_background_tile': False,
            'profile_image_url': 'http://pbs.twimg.com/profile_images/595165096680169472/ogQIrJKo_normal.jpg',
            'profile_image_url_https': 'https://pbs.twimg.com/profile_images/595165096680169472/ogQIrJKo_normal.jpg',
            'profile_link_color': '1B95E0',
            'profile_sidebar_border_color': '000000',
            'profile_sidebar_fill_color': '000000',
            'profile_text_color': '000000',
            'profile_use_background_image': False,
            'protected': False,
            'screen_name': 'dachosachi',
            'statuses_count': 391,
            'time_zone': None,
            'translator_type': 'none',
            'url': None,
            'utc_offset': None,
            'verified': False}}
----------Summary----------
{ 'entities': { 'urls': { 'display_url': 'twitter.com/i/web/status/1…',
                          'expanded_url': 'https://twitter.com/i/web/status/1156580249473339392'}},
  'id_str': '1156580249473339392',
  'text': '@questfourtruth @joelkatz @venturecoinist @llcryptoj this question '
          "explains you don't understand the difference bet "
          'https://t.co/klmnd4puwx',
  'user': {'entities': {}, 'id_str': '217020089', 'twitter_user': 'dachosachi'}}
----------Groups----------
{ 'Bitcoin': ['bitcoin', 'Bitcoin', 'btc', 'satoshi nakamoto'],
  'Ethereum': ['ethereum', 'Ethereum', 'eth', 'vitalik buterin'],
  'Litecoin': ['litecoin', 'Litecoin', 'ltc', 'charles lee'],
  'Monero': ['monero', 'Monero', 'xmr', 'riccardo spagni'],
  'Ripple': [ 'ripple',
              'Ripple',
              'xrp',
              'xrapid',
              'xcurrent',
              'chris larsen',
              'jed mccaleb']}
---------------------------Fetch-------2019-07-31 15:58:18.459053: Tweet filed under "misc":----------Data----------
{ 'contributors': None,
  'coordinates': None,
  'created_at': 'Wed Jul 31 06:15:53 +0000 2019',
  'entities': { 'hashtags': [],
                'symbols': [],
                'urls': [ { 'display_url': 'twitter.com/i/web/status/1…',
                            'expanded_url': 'https://twitter.com/i/web/status/1156448375258017792',
                            'indices': [117, 140],
                            'url': 'https://t.co/Y2sBEgVoYQ'}],
                'user_mentions': [ { 'id': 1093271204440358912,
                                     'id_str': '1093271204440358912',
                                     'indices': [0, 13],
                                     'name': 'autotweetafk',
                                     'screen_name': 'autotweetafk'},
                                   { 'id': 35749949,
                                     'id_str': '35749949',
                                     'indices': [14, 23],
                                     'name': 'David Schwartz',
                                     'screen_name': 'JoelKatz'},
                                   { 'id': 621816317,
                                     'id_str': '621816317',
                                     'indices': [24, 39],
                                     'name': 'Alex Saunders',
                                     'screen_name': 'AlexSaundersAU'},
                                   { 'id': 877728873340956672,
                                     'id_str': '877728873340956672',
                                     'indices': [40, 55],
                                     'name': 'Luke Martin',
                                     'screen_name': 'VentureCoinist'},
                                   { 'id': 999467916637564928,
                                     'id_str': '999467916637564928',
                                     'indices': [56, 62],
                                     'name': 'Just a guy',
                                     'screen_name': 'AJ58O'},
                                   { 'id': 1096734311464792065,
                                     'id_str': '1096734311464792065',
                                     'indices': [63, 73],
                                     'name': 'ŁŁ ₡rypto J 🤑',
                                     'screen_name': 'LLcryptoJ'}]},
  'favorite_count': 0,
  'favorited': False,
  'geo': None,
  'id': 1156448375258017792,
  'id_str': '1156448375258017792',
  'in_reply_to_screen_name': 'autotweetafk',
  'in_reply_to_status_id': 1156446563943759872,
  'in_reply_to_status_id_str': '1156446563943759872',
  'in_reply_to_user_id': 1093271204440358912,
  'in_reply_to_user_id_str': '1093271204440358912',
  'is_quote_status': False,
  'lang': 'en',
  'metadata': {'iso_language_code': 'en', 'result_type': 'recent'},
  'place': None,
  'retweet_count': 0,
  'retweeted': False,
  'source': '<a href="http://twitter.com/download/iphone" '
            'rel="nofollow">Twitter for iPhone</a>',
  'text': '@autotweetafk @JoelKatz @AlexSaundersAU @VentureCoinist @AJ58O '
          '@LLcryptoJ What competitors? Stellar?\n'
          '\n'
          'There is no a… https://t.co/Y2sBEgVoYQ',
  'truncated': True,
  'user': { 'contributors_enabled': False,
            'created_at': 'Fri Nov 09 05:25:45 +0000 2018',
            'default_profile': True,
            'default_profile_image': False,
            'description': 'Providing LINK Marines the best intel from the '
                           'blockchain battlefield. OORAH!',
            'entities': {'description': {'urls': []}},
            'favourites_count': 18775,
            'follow_request_sent': None,
            'followers_count': 1337,
            'following': None,
            'friends_count': 1143,
            'geo_enabled': True,
            'has_extended_profile': False,
            'id': 1060765363825074176,
            'id_str': '1060765363825074176',
            'is_translation_enabled': False,
            'is_translator': False,
            'lang': None,
            'listed_count': 14,
            'location': 'Blockchain Battlefield',
            'name': 'Lt. C⬢l. Linkarski',
            'notifications': None,
            'profile_background_color': 'F5F8FA',
            'profile_background_image_url': None,
            'profile_background_image_url_https': None,
            'profile_background_tile': False,
            'profile_banner_url': 'https://pbs.twimg.com/profile_banners/1060765363825074176/1541742274',
            'profile_image_url': 'http://pbs.twimg.com/profile_images/1060768189741641730/-uRdleZJ_normal.jpg',
            'profile_image_url_https': 'https://pbs.twimg.com/profile_images/1060768189741641730/-uRdleZJ_normal.jpg',
            'profile_link_color': '1DA1F2',
            'profile_sidebar_border_color': 'C0DEED',
            'profile_sidebar_fill_color': 'DDEEF6',
            'profile_text_color': '333333',
            'profile_use_background_image': True,
            'protected': False,
            'screen_name': 'LtColLinkarski',
            'statuses_count': 7111,
            'time_zone': None,
            'translator_type': 'none',
            'url': None,
            'utc_offset': None,
            'verified': False}}
----------Summary----------
{ 'entities': { 'urls': { 'display_url': 'twitter.com/i/web/status/1…',
                          'expanded_url': 'https://twitter.com/i/web/status/1156448375258017792'}},
  'id_str': '1156448375258017792',
  'text': '@autotweetafk @joelkatz @alexsaundersau @venturecoinist @aj58o '
          '@llcryptoj what competitors? stellar?  there is no a '
          'https://t.co/y2sbegvoyq',
  'user': { 'entities': {},
            'id_str': '1060765363825074176',
            'twitter_user': 'LtColLinkarski'}}
----------Groups----------
{ 'Bitcoin': ['bitcoin', 'Bitcoin', 'btc', 'satoshi nakamoto'],
  'Ethereum': ['ethereum', 'Ethereum', 'eth', 'vitalik buterin'],
  'Litecoin': ['litecoin', 'Litecoin', 'ltc', 'charles lee'],
  'Monero': ['monero', 'Monero', 'xmr', 'riccardo spagni'],
  'Ripple': [ 'ripple',
              'Ripple',
              'xrp',
              'xrapid',
              'xcurrent',
              'chris larsen',
              'jed mccaleb']}
---------------------------Fetch-------2019-07-31 15:58:22.351850: Tweet filed under "misc":----------Data----------
{ 'contributors': None,
  'coordinates': None,
  'created_at': 'Tue Jul 30 17:08:53 +0000 2019',
  'entities': { 'hashtags': [{'indices': [5, 21], 'text': 'EldoraDirtDerby'}],
                'symbols': [],
                'urls': [ { 'display_url': 'twitter.com/i/web/status/1…',
                            'expanded_url': 'https://twitter.com/i/web/status/1156250323079618561',
                            'indices': [116, 139],
                            'url': 'https://t.co/NjDE4lEuq9'}],
                'user_mentions': [ { 'id': 466621885,
                                     'id_str': '466621885',
                                     'indices': [36, 49],
                                     'name': 'Mark Smith',
                                     'screen_name': 'mach1chassis'},
                                   { 'id': 345799570,
                                     'id_str': '345799570',
                                     'indices': [97, 110],
                                     'name': 'Ross Chastain',
                                     'screen_name': 'RossChastain'}]},
  'favorite_count': 1,
  'favorited': False,
  'geo': None,
  'id': 1156250323079618561,
  'id_str': '1156250323079618561',
  'in_reply_to_screen_name': None,
  'in_reply_to_status_id': None,
  'in_reply_to_status_id_str': None,
  'in_reply_to_user_id': None,
  'in_reply_to_user_id_str': None,
  'is_quote_status': False,
  'lang': 'en',
  'metadata': {'iso_language_code': 'en', 'result_type': 'recent'},
  'place': None,
  'retweet_count': 0,
  'retweeted': False,
  'source': '<a href="https://mobile.twitter.com" rel="nofollow">Twitter Web '
            'App</a>',
  'text': '2019 #EldoraDirtDerby Entry (4)\n'
          '38. @mach1chassis (R) Al Niece\n'
          '44. @ Jeffrey Abbey  Al Niece\n'
          '45. @RossChastain  Al… https://t.co/NjDE4lEuq9',
  'truncated': True,
  'user': { 'contributors_enabled': False,
            'created_at': 'Tue Jun 05 00:14:18 +0000 2018',
            'default_profile': True,
            'default_profile_image': False,
            'description': 'I’m a NASCAR fan & YouTuber since 2015',
            'entities': {'description': {'urls': []}},
            'favourites_count': 651,
            'follow_request_sent': None,
            'followers_count': 509,
            'following': None,
            'friends_count': 2143,
            'geo_enabled': False,
            'has_extended_profile': True,
            'id': 1003792088864034817,
            'id_str': '1003792088864034817',
            'is_translation_enabled': False,
            'is_translator': False,
            'lang': None,
            'listed_count': 0,
            'location': 'Moncton, New Brunswick',
            'name': 'NASCAR 88 YT',
            'notifications': None,
            'profile_background_color': 'F5F8FA',
            'profile_background_image_url': None,
            'profile_background_image_url_https': None,
            'profile_background_tile': False,
            'profile_banner_url': 'https://pbs.twimg.com/profile_banners/1003792088864034817/1562276077',
            'profile_image_url': 'http://pbs.twimg.com/profile_images/1038195988257755136/gwaag8IO_normal.jpg',
            'profile_image_url_https': 'https://pbs.twimg.com/profile_images/1038195988257755136/gwaag8IO_normal.jpg',
            'profile_link_color': '1DA1F2',
            'profile_sidebar_border_color': 'C0DEED',
            'profile_sidebar_fill_color': 'DDEEF6',
            'profile_text_color': '333333',
            'profile_use_background_image': True,
            'protected': False,
            'screen_name': 'YtNascar',
            'statuses_count': 443,
            'time_zone': None,
            'translator_type': 'none',
            'url': None,
            'utc_offset': None,
            'verified': False}}
----------Summary----------
{ 'entities': { 'urls': { 'display_url': 'twitter.com/i/web/status/1…',
                          'expanded_url': 'https://twitter.com/i/web/status/1156250323079618561'}},
  'id_str': '1156250323079618561',
  'text': '2019 #eldoradirtderby entry (4) 38. @mach1chassis (r) al niece 44. '
          '@ jeffrey abbey  al niece 45. @rosschastain  al '
          'https://t.co/njde4leuq9',
  'user': { 'entities': {},
            'id_str': '1003792088864034817',
            'twitter_user': 'YtNascar'}}
----------Groups----------
{ 'Bitcoin': ['bitcoin', 'Bitcoin', 'btc', 'satoshi nakamoto'],
  'Ethereum': ['ethereum', 'Ethereum', 'eth', 'vitalik buterin'],
  'Litecoin': ['litecoin', 'Litecoin', 'ltc', 'charles lee'],
  'Monero': ['monero', 'Monero', 'xmr', 'riccardo spagni'],
  'Ripple': [ 'ripple',
              'Ripple',
              'xrp',
              'xrapid',
              'xcurrent',
              'chris larsen',
              'jed mccaleb']}
---------------------------Fetch-------2019-07-31 15:58:43.900133: Tweet filed under "misc":----------Data----------
{ 'contributors': None,
  'coordinates': None,
  'created_at': 'Wed Jul 31 19:52:56 +0000 2019',
  'entities': { 'hashtags': [ {'indices': [14, 23], 'text': 'BitValve'},
                              {'indices': [24, 39], 'text': 'Cryptocurrency'},
                              {'indices': [49, 53], 'text': 'ICO'},
                              {'indices': [78, 82], 'text': 'ICO'},
                              {'indices': [125, 129], 'text': 'MVP'}],
                'symbols': [],
                'urls': [],
                'user_mentions': [ { 'id': 1064475558329937926,
                                     'id_str': '1064475558329937926',
                                     'indices': [3, 12],
                                     'name': 'BitValve Cryptocurrency Exchange',
                                     'screen_name': 'bitvalve'},
                                   { 'id': 764788651872096256,
                                     'id_str': '764788651872096256',
                                     'indices': [95, 108],
                                     'name': 'CoinSchedule',
                                     'screen_name': 'coinschedule'}]},
  'favorite_count': 0,
  'favorited': False,
  'geo': None,
  'id': 1156653995882139649,
  'id_str': '1156653995882139649',
  'in_reply_to_screen_name': None,
  'in_reply_to_status_id': None,
  'in_reply_to_status_id_str': None,
  'in_reply_to_user_id': None,
  'in_reply_to_user_id_str': None,
  'is_quote_status': False,
  'lang': 'en',
  'metadata': {'iso_language_code': 'en', 'result_type': 'recent'},
  'place': None,
  'retweet_count': 306,
  'retweeted': False,
  'retweeted_status': { 'contributors': None,
                        'coordinates': None,
                        'created_at': 'Wed Jul 31 11:58:57 +0000 2019',
                        'entities': { 'hashtags': [ { 'indices': [0, 9],
                                                      'text': 'BitValve'},
                                                    { 'indices': [10, 25],
                                                      'text': 'Cryptocurrency'},
                                                    { 'indices': [35, 39],
                                                      'text': 'ICO'},
                                                    { 'indices': [64, 68],
                                                      'text': 'ICO'},
                                                    { 'indices': [111, 115],
                                                      'text': 'MVP'}],
                                      'symbols': [],
                                      'urls': [ { 'display_url': 'twitter.com/i/web/status/1…',
                                                  'expanded_url': 'https://twitter.com/i/web/status/1156534713856724992',
                                                  'indices': [117, 140],
                                                  'url': 'https://t.co/aRoDetDZB2'}],
                                      'user_mentions': [ { 'id': 764788651872096256,
                                                           'id_str': '764788651872096256',
                                                           'indices': [81, 94],
                                                           'name': 'CoinSchedule',
                                                           'screen_name': 'coinschedule'}]},
                        'favorite_count': 238,
                        'favorited': False,
                        'geo': None,
                        'id': 1156534713856724992,
                        'id_str': '1156534713856724992',
                        'in_reply_to_screen_name': None,
                        'in_reply_to_status_id': None,
                        'in_reply_to_status_id_str': None,
                        'in_reply_to_user_id': None,
                        'in_reply_to_user_id_str': None,
                        'is_quote_status': False,
                        'lang': 'en',
                        'metadata': { 'iso_language_code': 'en',
                                      'result_type': 'recent'},
                        'place': None,
                        'possibly_sensitive': False,
                        'retweet_count': 306,
                        'retweeted': False,
                        'source': '<a href="https://mobile.twitter.com" '
                                  'rel="nofollow">Twitter Web App</a>',
                        'text': '#BitValve #Cryptocurrency Exchange #ICO is '
                                'rated among the best #ICO projects on '
                                '@coinschedule!\n'
                                '\n'
                                'Check out our #MVP… https://t.co/aRoDetDZB2',
                        'truncated': True,
                        'user': { 'contributors_enabled': False,
                                  'created_at': 'Mon Nov 19 11:08:44 +0000 '
                                                '2018',
                                  'default_profile': False,
                                  'default_profile_image': False,
                                  'description': 'Buy, Sell and Trade your '
                                                 'favorite Cryptocurrency '
                                                 'using any payment method '
                                                 'available!',
                                  'entities': { 'description': {'urls': []},
                                                'url': { 'urls': [ { 'display_url': 'bitvalve.com',
                                                                     'expanded_url': 'https://www.bitvalve.com/',
                                                                     'indices': [ 0,
                                                                                  23],
                                                                     'url': 'https://t.co/LZzpLQkNMY'}]}},
                                  'favourites_count': 25,
                                  'follow_request_sent': None,
                                  'followers_count': 5834,
                                  'following': None,
                                  'friends_count': 11,
                                  'geo_enabled': False,
                                  'has_extended_profile': True,
                                  'id': 1064475558329937926,
                                  'id_str': '1064475558329937926',
                                  'is_translation_enabled': False,
                                  'is_translator': False,
                                  'lang': None,
                                  'listed_count': 12,
                                  'location': 'Cyprus',
                                  'name': 'BitValve Cryptocurrency Exchange',
                                  'notifications': None,
                                  'profile_background_color': '000000',
                                  'profile_background_image_url': 'http://abs.twimg.com/images/themes/theme1/bg.png',
                                  'profile_background_image_url_https': 'https://abs.twimg.com/images/themes/theme1/bg.png',
                                  'profile_background_tile': False,
                                  'profile_banner_url': 'https://pbs.twimg.com/profile_banners/1064475558329937926/1549939623',
                                  'profile_image_url': 'http://pbs.twimg.com/profile_images/1095152392176324608/CTvAkgJ4_normal.jpg',
                                  'profile_image_url_https': 'https://pbs.twimg.com/profile_images/1095152392176324608/CTvAkgJ4_normal.jpg',
                                  'profile_link_color': '7FDBB6',
                                  'profile_sidebar_border_color': '000000',
                                  'profile_sidebar_fill_color': '000000',
                                  'profile_text_color': '000000',
                                  'profile_use_background_image': False,
                                  'protected': False,
                                  'screen_name': 'bitvalve',
                                  'statuses_count': 97,
                                  'time_zone': None,
                                  'translator_type': 'none',
                                  'url': 'https://t.co/LZzpLQkNMY',
                                  'utc_offset': None,
                                  'verified': False}},
  'source': '<a href="https://mobile.twitter.com" rel="nofollow">Twitter Web '
            'App</a>',
  'text': 'RT @bitvalve: #BitValve #Cryptocurrency Exchange #ICO is rated '
          'among the best #ICO projects on @coinschedule!\n'
          '\n'
          'Check out our #MVP at https:…',
  'truncated': False,
  'user': { 'contributors_enabled': False,
            'created_at': 'Sat Apr 13 18:41:00 +0000 2019',
            'default_profile': True,
            'default_profile_image': False,
            'description': '',
            'entities': {'description': {'urls': []}},
            'favourites_count': 59,
            'follow_request_sent': None,
            'followers_count': 14,
            'following': None,
            'friends_count': 230,
            'geo_enabled': False,
            'has_extended_profile': False,
            'id': 1117135615731093504,
            'id_str': '1117135615731093504',
            'is_translation_enabled': False,
            'is_translator': False,
            'lang': None,
            'listed_count': 0,
            'location': '',
            'name': 'Pavlo Shakhno',
            'notifications': None,
            'profile_background_color': 'F5F8FA',
            'profile_background_image_url': None,
            'profile_background_image_url_https': None,
            'profile_background_tile': False,
            'profile_image_url': 'http://pbs.twimg.com/profile_images/1117137001038393346/AuIglsHI_normal.jpg',
            'profile_image_url_https': 'https://pbs.twimg.com/profile_images/1117137001038393346/AuIglsHI_normal.jpg',
            'profile_link_color': '1DA1F2',
            'profile_sidebar_border_color': 'C0DEED',
            'profile_sidebar_fill_color': 'DDEEF6',
            'profile_text_color': '333333',
            'profile_use_background_image': True,
            'protected': False,
            'screen_name': 'Pavlo42685595',
            'statuses_count': 200,
            'time_zone': None,
            'translator_type': 'none',
            'url': None,
            'utc_offset': None,
            'verified': False}}
----------Summary----------
{ 'entities': {},
  'id_str': '1156653995882139649',
  'retweeted_status': { 'entities': { 'urls': { 'display_url': 'twitter.com/i/web/status/1…',
                                                'expanded_url': 'https://twitter.com/i/web/status/1156534713856724992'}},
                        'id_str': '1156534713856724992',
                        'text': '#bitvalve #cryptocurrency exchange #ico is '
                                'rated among the best #ico projects on '
                                '@coinschedule!  check out our #mvp '
                                'https://t.co/arodetdzb2',
                        'user': { 'entities': {},
                                  'id_str': '1064475558329937926',
                                  'twitter_user': 'bitvalve'}},
  'text': 'rt @bitvalve: #bitvalve #cryptocurrency exchange #ico is rated '
          'among the best #ico projects on @coinschedule!  check out our #mvp '
          'at https:',
  'user': { 'entities': {},
            'id_str': '1117135615731093504',
            'twitter_user': 'Pavlo42685595'}}
----------Groups----------
{ 'Bitcoin': ['bitcoin', 'Bitcoin', 'btc', 'satoshi nakamoto'],
  'Ethereum': ['ethereum', 'Ethereum', 'eth', 'vitalik buterin'],
  'Litecoin': ['litecoin', 'Litecoin', 'ltc', 'charles lee'],
  'Monero': ['monero', 'Monero', 'xmr', 'riccardo spagni'],
  'Ripple': [ 'ripple',
              'Ripple',
              'xrp',
              'xrapid',
              'xcurrent',
              'chris larsen',
              'jed mccaleb']}
---------------------------Fetch-------2019-07-31 15:58:44.881335: Tweet filed under "misc":----------Data----------
{ 'contributors': None,
  'coordinates': None,
  'created_at': 'Wed Jul 31 19:51:00 +0000 2019',
  'entities': { 'hashtags': [ {'indices': [14, 23], 'text': 'BitValve'},
                              {'indices': [24, 39], 'text': 'Cryptocurrency'},
                              {'indices': [49, 53], 'text': 'ICO'},
                              {'indices': [78, 82], 'text': 'ICO'},
                              {'indices': [125, 129], 'text': 'MVP'}],
                'symbols': [],
                'urls': [],
                'user_mentions': [ { 'id': 1064475558329937926,
                                     'id_str': '1064475558329937926',
                                     'indices': [3, 12],
                                     'name': 'BitValve Cryptocurrency Exchange',
                                     'screen_name': 'bitvalve'},
                                   { 'id': 764788651872096256,
                                     'id_str': '764788651872096256',
                                     'indices': [95, 108],
                                     'name': 'CoinSchedule',
                                     'screen_name': 'coinschedule'}]},
  'favorite_count': 0,
  'favorited': False,
  'geo': None,
  'id': 1156653508357062656,
  'id_str': '1156653508357062656',
  'in_reply_to_screen_name': None,
  'in_reply_to_status_id': None,
  'in_reply_to_status_id_str': None,
  'in_reply_to_user_id': None,
  'in_reply_to_user_id_str': None,
  'is_quote_status': False,
  'lang': 'en',
  'metadata': {'iso_language_code': 'en', 'result_type': 'recent'},
  'place': None,
  'retweet_count': 305,
  'retweeted': False,
  'retweeted_status': { 'contributors': None,
                        'coordinates': None,
                        'created_at': 'Wed Jul 31 11:58:57 +0000 2019',
                        'entities': { 'hashtags': [ { 'indices': [0, 9],
                                                      'text': 'BitValve'},
                                                    { 'indices': [10, 25],
                                                      'text': 'Cryptocurrency'},
                                                    { 'indices': [35, 39],
                                                      'text': 'ICO'},
                                                    { 'indices': [64, 68],
                                                      'text': 'ICO'},
                                                    { 'indices': [111, 115],
                                                      'text': 'MVP'}],
                                      'symbols': [],
                                      'urls': [ { 'display_url': 'twitter.com/i/web/status/1…',
                                                  'expanded_url': 'https://twitter.com/i/web/status/1156534713856724992',
                                                  'indices': [117, 140],
                                                  'url': 'https://t.co/aRoDetDZB2'}],
                                      'user_mentions': [ { 'id': 764788651872096256,
                                                           'id_str': '764788651872096256',
                                                           'indices': [81, 94],
                                                           'name': 'CoinSchedule',
                                                           'screen_name': 'coinschedule'}]},
                        'favorite_count': 237,
                        'favorited': False,
                        'geo': None,
                        'id': 1156534713856724992,
                        'id_str': '1156534713856724992',
                        'in_reply_to_screen_name': None,
                        'in_reply_to_status_id': None,
                        'in_reply_to_status_id_str': None,
                        'in_reply_to_user_id': None,
                        'in_reply_to_user_id_str': None,
                        'is_quote_status': False,
                        'lang': 'en',
                        'metadata': { 'iso_language_code': 'en',
                                      'result_type': 'recent'},
                        'place': None,
                        'possibly_sensitive': False,
                        'retweet_count': 305,
                        'retweeted': False,
                        'source': '<a href="https://mobile.twitter.com" '
                                  'rel="nofollow">Twitter Web App</a>',
                        'text': '#BitValve #Cryptocurrency Exchange #ICO is '
                                'rated among the best #ICO projects on '
                                '@coinschedule!\n'
                                '\n'
                                'Check out our #MVP… https://t.co/aRoDetDZB2',
                        'truncated': True,
                        'user': { 'contributors_enabled': False,
                                  'created_at': 'Mon Nov 19 11:08:44 +0000 '
                                                '2018',
                                  'default_profile': False,
                                  'default_profile_image': False,
                                  'description': 'Buy, Sell and Trade your '
                                                 'favorite Cryptocurrency '
                                                 'using any payment method '
                                                 'available!',
                                  'entities': { 'description': {'urls': []},
                                                'url': { 'urls': [ { 'display_url': 'bitvalve.com',
                                                                     'expanded_url': 'https://www.bitvalve.com/',
                                                                     'indices': [ 0,
                                                                                  23],
                                                                     'url': 'https://t.co/LZzpLQkNMY'}]}},
                                  'favourites_count': 25,
                                  'follow_request_sent': None,
                                  'followers_count': 5834,
                                  'following': None,
                                  'friends_count': 11,
                                  'geo_enabled': False,
                                  'has_extended_profile': True,
                                  'id': 1064475558329937926,
                                  'id_str': '1064475558329937926',
                                  'is_translation_enabled': False,
                                  'is_translator': False,
                                  'lang': None,
                                  'listed_count': 12,
                                  'location': 'Cyprus',
                                  'name': 'BitValve Cryptocurrency Exchange',
                                  'notifications': None,
                                  'profile_background_color': '000000',
                                  'profile_background_image_url': 'http://abs.twimg.com/images/themes/theme1/bg.png',
                                  'profile_background_image_url_https': 'https://abs.twimg.com/images/themes/theme1/bg.png',
                                  'profile_background_tile': False,
                                  'profile_banner_url': 'https://pbs.twimg.com/profile_banners/1064475558329937926/1549939623',
                                  'profile_image_url': 'http://pbs.twimg.com/profile_images/1095152392176324608/CTvAkgJ4_normal.jpg',
                                  'profile_image_url_https': 'https://pbs.twimg.com/profile_images/1095152392176324608/CTvAkgJ4_normal.jpg',
                                  'profile_link_color': '7FDBB6',
                                  'profile_sidebar_border_color': '000000',
                                  'profile_sidebar_fill_color': '000000',
                                  'profile_text_color': '000000',
                                  'profile_use_background_image': False,
                                  'protected': False,
                                  'screen_name': 'bitvalve',
                                  'statuses_count': 97,
                                  'time_zone': None,
                                  'translator_type': 'none',
                                  'url': 'https://t.co/LZzpLQkNMY',
                                  'utc_offset': None,
                                  'verified': False}},
  'source': '<a href="http://twitter.com/download/android" '
            'rel="nofollow">Twitter for Android</a>',
  'text': 'RT @bitvalve: #BitValve #Cryptocurrency Exchange #ICO is rated '
          'among the best #ICO projects on @coinschedule!\n'
          '\n'
          'Check out our #MVP at https:…',
  'truncated': False,
  'user': { 'contributors_enabled': False,
            'created_at': 'Mon Mar 18 15:42:43 +0000 2019',
            'default_profile': True,
            'default_profile_image': False,
            'description': 'yang penting yakin',
            'entities': {'description': {'urls': []}},
            'favourites_count': 116,
            'follow_request_sent': None,
            'followers_count': 19,
            'following': None,
            'friends_count': 208,
            'geo_enabled': False,
            'has_extended_profile': False,
            'id': 1107668662125617152,
            'id_str': '1107668662125617152',
            'is_translation_enabled': False,
            'is_translator': False,
            'lang': None,
            'listed_count': 1,
            'location': 'Jawa Timur, Indonesia',
            'name': 'sinyo',
            'notifications': None,
            'profile_background_color': 'F5F8FA',
            'profile_background_image_url': None,
            'profile_background_image_url_https': None,
            'profile_background_tile': False,
            'profile_image_url': 'http://pbs.twimg.com/profile_images/1107669490760712194/nXPZW3Mo_normal.jpg',
            'profile_image_url_https': 'https://pbs.twimg.com/profile_images/1107669490760712194/nXPZW3Mo_normal.jpg',
            'profile_link_color': '1DA1F2',
            'profile_sidebar_border_color': 'C0DEED',
            'profile_sidebar_fill_color': 'DDEEF6',
            'profile_text_color': '333333',
            'profile_use_background_image': True,
            'protected': False,
            'screen_name': 'sinnyo87',
            'statuses_count': 376,
            'time_zone': None,
            'translator_type': 'none',
            'url': None,
            'utc_offset': None,
            'verified': False}}
----------Summary----------
{ 'entities': {},
  'id_str': '1156653508357062656',
  'retweeted_status': { 'entities': { 'urls': { 'display_url': 'twitter.com/i/web/status/1…',
                                                'expanded_url': 'https://twitter.com/i/web/status/1156534713856724992'}},
                        'id_str': '1156534713856724992',
                        'text': '#bitvalve #cryptocurrency exchange #ico is '
                                'rated among the best #ico projects on '
                                '@coinschedule!  check out our #mvp '
                                'https://t.co/arodetdzb2',
                        'user': { 'entities': {},
                                  'id_str': '1064475558329937926',
                                  'twitter_user': 'bitvalve'}},
  'text': 'rt @bitvalve: #bitvalve #cryptocurrency exchange #ico is rated '
          'among the best #ico projects on @coinschedule!  check out our #mvp '
          'at https:',
  'user': { 'entities': {},
            'id_str': '1107668662125617152',
            'twitter_user': 'sinnyo87'}}
----------Groups----------
{ 'Bitcoin': ['bitcoin', 'Bitcoin', 'btc', 'satoshi nakamoto'],
  'Ethereum': ['ethereum', 'Ethereum', 'eth', 'vitalik buterin'],
  'Litecoin': ['litecoin', 'Litecoin', 'ltc', 'charles lee'],
  'Monero': ['monero', 'Monero', 'xmr', 'riccardo spagni'],
  'Ripple': [ 'ripple',
              'Ripple',
              'xrp',
              'xrapid',
              'xcurrent',
              'chris larsen',
              'jed mccaleb']}
---------------------------Fetch-------2019-07-31 15:58:47.952668: Tweet filed under "misc":----------Data----------
{ 'contributors': None,
  'coordinates': None,
  'created_at': 'Wed Jul 31 19:47:17 +0000 2019',
  'entities': { 'hashtags': [],
                'symbols': [],
                'urls': [ { 'display_url': 'twitter.com/i/web/status/1…',
                            'expanded_url': 'https://twitter.com/i/web/status/1156652574080028672',
                            'indices': [117, 140],
                            'url': 'https://t.co/a1swggKjwr'}],
                'user_mentions': [ { 'id': 26448153,
                                     'id_str': '26448153',
                                     'indices': [0, 10],
                                     'name': 'johnkimofficial.com ⚡️Chief LTC '
                                             'Evangelist🌏',
                                     'screen_name': 'johnkim77'}]},
  'favorite_count': 0,
  'favorited': False,
  'geo': None,
  'id': 1156652574080028672,
  'id_str': '1156652574080028672',
  'in_reply_to_screen_name': 'johnkim77',
  'in_reply_to_status_id': 1156650331100471296,
  'in_reply_to_status_id_str': '1156650331100471296',
  'in_reply_to_user_id': 26448153,
  'in_reply_to_user_id_str': '26448153',
  'is_quote_status': False,
  'lang': 'en',
  'metadata': {'iso_language_code': 'en', 'result_type': 'recent'},
  'place': None,
  'retweet_count': 0,
  'retweeted': False,
  'source': '<a href="http://twitter.com/download/iphone" '
            'rel="nofollow">Twitter for iPhone</a>',
  'text': '@johnkim77 John, it was wonderful to interview you! You were '
          'engaging, articulate, and fun. Forgot to mention I bou… '
          'https://t.co/a1swggKjwr',
  'truncated': True,
  'user': { 'contributors_enabled': False,
            'created_at': 'Mon Mar 12 21:52:37 +0000 2012',
            'default_profile': False,
            'default_profile_image': False,
            'description': 'TV host for This is SF, @lifesiteco Co-founder, '
                           'Stanford grad (Human Bio), Miss California and 1st '
                           'Runner Up Miss America 2014',
            'entities': { 'description': {'urls': []},
                          'url': { 'urls': [ { 'display_url': 'crystalalee.com',
                                               'expanded_url': 'http://www.crystalalee.com',
                                               'indices': [0, 23],
                                               'url': 'https://t.co/AuH92KfQ7C'}]}},
            'favourites_count': 1451,
            'follow_request_sent': None,
            'followers_count': 2096,
            'following': None,
            'friends_count': 714,
            'geo_enabled': True,
            'has_extended_profile': True,
            'id': 522613479,
            'id_str': '522613479',
            'is_translation_enabled': False,
            'is_translator': False,
            'lang': None,
            'listed_count': 50,
            'location': 'San Francisco, CA',
            'name': 'Crystal Lee',
            'notifications': None,
            'profile_background_color': 'F8F8F8',
            'profile_background_image_url': 'http://abs.twimg.com/images/themes/theme1/bg.png',
            'profile_background_image_url_https': 'https://abs.twimg.com/images/themes/theme1/bg.png',
            'profile_background_tile': False,
            'profile_banner_url': 'https://pbs.twimg.com/profile_banners/522613479/1484072939',
            'profile_image_url': 'http://pbs.twimg.com/profile_images/1154842661632692224/NzQ_FmGs_normal.jpg',
            'profile_image_url_https': 'https://pbs.twimg.com/profile_images/1154842661632692224/NzQ_FmGs_normal.jpg',
            'profile_link_color': '0A7E33',
            'profile_sidebar_border_color': 'FFFFFF',
            'profile_sidebar_fill_color': 'DDEEF6',
            'profile_text_color': '333333',
            'profile_use_background_image': False,
            'protected': False,
            'screen_name': 'crizzlelee',
            'statuses_count': 2790,
            'time_zone': None,
            'translator_type': 'none',
            'url': 'https://t.co/AuH92KfQ7C',
            'utc_offset': None,
            'verified': True}}
----------Summary----------
{ 'entities': { 'urls': { 'display_url': 'twitter.com/i/web/status/1…',
                          'expanded_url': 'https://twitter.com/i/web/status/1156652574080028672'}},
  'id_str': '1156652574080028672',
  'text': '@johnkim77 john, it was wonderful to interview you! you were '
          'engaging, articulate, and fun. forgot to mention i bou '
          'https://t.co/a1swggkjwr',
  'user': {'entities': {}, 'id_str': '522613479', 'twitter_user': 'crizzlelee'}}
----------Groups----------
{ 'Bitcoin': ['bitcoin', 'Bitcoin', 'btc', 'satoshi nakamoto'],
  'Ethereum': ['ethereum', 'Ethereum', 'eth', 'vitalik buterin'],
  'Litecoin': ['litecoin', 'Litecoin', 'ltc', 'charles lee'],
  'Monero': ['monero', 'Monero', 'xmr', 'riccardo spagni'],
  'Ripple': [ 'ripple',
              'Ripple',
              'xrp',
              'xrapid',
              'xcurrent',
              'chris larsen',
              'jed mccaleb']}
---------------------------Fetch-------2019-07-31 15:58:49.077866: Tweet filed under "misc":----------Data----------
{ 'contributors': None,
  'coordinates': None,
  'created_at': 'Wed Jul 31 19:45:38 +0000 2019',
  'entities': { 'hashtags': [],
                'symbols': [],
                'urls': [ { 'display_url': 'ift.tt/2N3TzNH',
                            'expanded_url': 'https://ift.tt/2N3TzNH',
                            'indices': [85, 108],
                            'url': 'https://t.co/4iFD5NRVGd'},
                          { 'display_url': 'twitter.com/i/web/status/1…',
                            'expanded_url': 'https://twitter.com/i/web/status/1156652155857752064',
                            'indices': [110, 133],
                            'url': 'https://t.co/ScuZMvkaqk'}],
                'user_mentions': []},
  'favorite_count': 0,
  'favorited': False,
  'geo': None,
  'id': 1156652155857752064,
  'id_str': '1156652155857752064',
  'in_reply_to_screen_name': None,
  'in_reply_to_status_id': None,
  'in_reply_to_status_id_str': None,
  'in_reply_to_user_id': None,
  'in_reply_to_user_id_str': None,
  'is_quote_status': False,
  'lang': 'en',
  'metadata': {'iso_language_code': 'en', 'result_type': 'recent'},
  'place': None,
  'possibly_sensitive': False,
  'retweet_count': 0,
  'retweeted': False,
  'source': '<a href="https://ifttt.com" rel="nofollow">IFTTT</a>',
  'text': 'This indexing crypto strategy will make you a millionaire. '
          'Explained with nice cars! https://t.co/4iFD5NRVGd… '
          'https://t.co/ScuZMvkaqk',
  'truncated': True,
  'user': { 'contributors_enabled': False,
            'created_at': 'Sun Jan 16 15:01:33 +0000 2011',
            'default_profile': False,
            'default_profile_image': False,
            'description': 'Find out your diversification score and build a '
                           'professional crypto portfolio holding the '
                           'millionth of supply of the top crypto currencies  '
                           'by market cap.',
            'entities': { 'description': {'urls': []},
                          'url': { 'urls': [ { 'display_url': 'cryptomillionaireapp.com',
                                               'expanded_url': 'http://cryptomillionaireapp.com',
                                               'indices': [0, 23],
                                               'url': 'https://t.co/A23Iuq00jz'}]}},
            'favourites_count': 20042,
            'follow_request_sent': None,
            'followers_count': 3157,
            'following': None,
            'friends_count': 2654,
            'geo_enabled': False,
            'has_extended_profile': False,
            'id': 238994600,
            'id_str': '238994600',
            'is_translation_enabled': False,
            'is_translator': False,
            'lang': None,
            'listed_count': 30,
            'location': 'Florida, USA',
            'name': 'Crypto Millionaire App',
            'notifications': None,
            'profile_background_color': '010214',
            'profile_background_image_url': 'http://abs.twimg.com/images/themes/theme1/bg.png',
            'profile_background_image_url_https': 'https://abs.twimg.com/images/themes/theme1/bg.png',
            'profile_background_tile': True,
            'profile_banner_url': 'https://pbs.twimg.com/profile_banners/238994600/1392703364',
            'profile_image_url': 'http://pbs.twimg.com/profile_images/1032310032900214784/hTqDFthb_normal.jpg',
            'profile_image_url_https': 'https://pbs.twimg.com/profile_images/1032310032900214784/hTqDFthb_normal.jpg',
            'profile_link_color': '038543',
            'profile_sidebar_border_color': 'FFFFFF',
            'profile_sidebar_fill_color': 'DDEEF6',
            'profile_text_color': '333333',
            'profile_use_background_image': True,
            'protected': False,
            'screen_name': 'eagletwitt3r',
            'statuses_count': 20562,
            'time_zone': None,
            'translator_type': 'none',
            'url': 'https://t.co/A23Iuq00jz',
            'utc_offset': None,
            'verified': False}}
----------Summary----------
{ 'entities': { 'urls': { 'display_url': 'twitter.com/i/web/status/1…',
                          'expanded_url': 'https://twitter.com/i/web/status/1156652155857752064'}},
  'id_str': '1156652155857752064',
  'text': 'this indexing crypto strategy will make you a millionaire. '
          'explained with nice cars! https://t.co/4ifd5nrvgd '
          'https://t.co/scuzmvkaqk',
  'user': { 'entities': {},
            'id_str': '238994600',
            'twitter_user': 'eagletwitt3r'}}
----------Groups----------
{ 'Bitcoin': ['bitcoin', 'Bitcoin', 'btc', 'satoshi nakamoto'],
  'Ethereum': ['ethereum', 'Ethereum', 'eth', 'vitalik buterin'],
  'Litecoin': ['litecoin', 'Litecoin', 'ltc', 'charles lee'],
  'Monero': ['monero', 'Monero', 'xmr', 'riccardo spagni'],
  'Ripple': [ 'ripple',
              'Ripple',
              'xrp',
              'xrapid',
              'xcurrent',
              'chris larsen',
              'jed mccaleb']}
---------------------------Fetch-------2019-07-31 15:58:49.902905: Tweet filed under "misc":----------Data----------
{ 'contributors': None,
  'coordinates': None,
  'created_at': 'Wed Jul 31 19:44:10 +0000 2019',
  'entities': { 'hashtags': [ {'indices': [14, 23], 'text': 'BitValve'},
                              {'indices': [24, 39], 'text': 'Cryptocurrency'},
                              {'indices': [49, 53], 'text': 'ICO'},
                              {'indices': [78, 82], 'text': 'ICO'},
                              {'indices': [125, 129], 'text': 'MVP'}],
                'symbols': [],
                'urls': [],
                'user_mentions': [ { 'id': 1064475558329937926,
                                     'id_str': '1064475558329937926',
                                     'indices': [3, 12],
                                     'name': 'BitValve Cryptocurrency Exchange',
                                     'screen_name': 'bitvalve'},
                                   { 'id': 764788651872096256,
                                     'id_str': '764788651872096256',
                                     'indices': [95, 108],
                                     'name': 'CoinSchedule',
                                     'screen_name': 'coinschedule'}]},
  'favorite_count': 0,
  'favorited': False,
  'geo': None,
  'id': 1156651789514616836,
  'id_str': '1156651789514616836',
  'in_reply_to_screen_name': None,
  'in_reply_to_status_id': None,
  'in_reply_to_status_id_str': None,
  'in_reply_to_user_id': None,
  'in_reply_to_user_id_str': None,
  'is_quote_status': False,
  'lang': 'en',
  'metadata': {'iso_language_code': 'en', 'result_type': 'recent'},
  'place': None,
  'retweet_count': 306,
  'retweeted': False,
  'retweeted_status': { 'contributors': None,
                        'coordinates': None,
                        'created_at': 'Wed Jul 31 11:58:57 +0000 2019',
                        'entities': { 'hashtags': [ { 'indices': [0, 9],
                                                      'text': 'BitValve'},
                                                    { 'indices': [10, 25],
                                                      'text': 'Cryptocurrency'},
                                                    { 'indices': [35, 39],
                                                      'text': 'ICO'},
                                                    { 'indices': [64, 68],
                                                      'text': 'ICO'},
                                                    { 'indices': [111, 115],
                                                      'text': 'MVP'}],
                                      'symbols': [],
                                      'urls': [ { 'display_url': 'twitter.com/i/web/status/1…',
                                                  'expanded_url': 'https://twitter.com/i/web/status/1156534713856724992',
                                                  'indices': [117, 140],
                                                  'url': 'https://t.co/aRoDetDZB2'}],
                                      'user_mentions': [ { 'id': 764788651872096256,
                                                           'id_str': '764788651872096256',
                                                           'indices': [81, 94],
                                                           'name': 'CoinSchedule',
                                                           'screen_name': 'coinschedule'}]},
                        'favorite_count': 238,
                        'favorited': False,
                        'geo': None,
                        'id': 1156534713856724992,
                        'id_str': '1156534713856724992',
                        'in_reply_to_screen_name': None,
                        'in_reply_to_status_id': None,
                        'in_reply_to_status_id_str': None,
                        'in_reply_to_user_id': None,
                        'in_reply_to_user_id_str': None,
                        'is_quote_status': False,
                        'lang': 'en',
                        'metadata': { 'iso_language_code': 'en',
                                      'result_type': 'recent'},
                        'place': None,
                        'possibly_sensitive': False,
                        'retweet_count': 306,
                        'retweeted': False,
                        'source': '<a href="https://mobile.twitter.com" '
                                  'rel="nofollow">Twitter Web App</a>',
                        'text': '#BitValve #Cryptocurrency Exchange #ICO is '
                                'rated among the best #ICO projects on '
                                '@coinschedule!\n'
                                '\n'
                                'Check out our #MVP… https://t.co/aRoDetDZB2',
                        'truncated': True,
                        'user': { 'contributors_enabled': False,
                                  'created_at': 'Mon Nov 19 11:08:44 +0000 '
                                                '2018',
                                  'default_profile': False,
                                  'default_profile_image': False,
                                  'description': 'Buy, Sell and Trade your '
                                                 'favorite Cryptocurrency '
                                                 'using any payment method '
                                                 'available!',
                                  'entities': { 'description': {'urls': []},
                                                'url': { 'urls': [ { 'display_url': 'bitvalve.com',
                                                                     'expanded_url': 'https://www.bitvalve.com/',
                                                                     'indices': [ 0,
                                                                                  23],
                                                                     'url': 'https://t.co/LZzpLQkNMY'}]}},
                                  'favourites_count': 25,
                                  'follow_request_sent': None,
                                  'followers_count': 5834,
                                  'following': None,
                                  'friends_count': 11,
                                  'geo_enabled': False,
                                  'has_extended_profile': True,
                                  'id': 1064475558329937926,
                                  'id_str': '1064475558329937926',
                                  'is_translation_enabled': False,
                                  'is_translator': False,
                                  'lang': None,
                                  'listed_count': 12,
                                  'location': 'Cyprus',
                                  'name': 'BitValve Cryptocurrency Exchange',
                                  'notifications': None,
                                  'profile_background_color': '000000',
                                  'profile_background_image_url': 'http://abs.twimg.com/images/themes/theme1/bg.png',
                                  'profile_background_image_url_https': 'https://abs.twimg.com/images/themes/theme1/bg.png',
                                  'profile_background_tile': False,
                                  'profile_banner_url': 'https://pbs.twimg.com/profile_banners/1064475558329937926/1549939623',
                                  'profile_image_url': 'http://pbs.twimg.com/profile_images/1095152392176324608/CTvAkgJ4_normal.jpg',
                                  'profile_image_url_https': 'https://pbs.twimg.com/profile_images/1095152392176324608/CTvAkgJ4_normal.jpg',
                                  'profile_link_color': '7FDBB6',
                                  'profile_sidebar_border_color': '000000',
                                  'profile_sidebar_fill_color': '000000',
                                  'profile_text_color': '000000',
                                  'profile_use_background_image': False,
                                  'protected': False,
                                  'screen_name': 'bitvalve',
                                  'statuses_count': 97,
                                  'time_zone': None,
                                  'translator_type': 'none',
                                  'url': 'https://t.co/LZzpLQkNMY',
                                  'utc_offset': None,
                                  'verified': False}},
  'source': '<a href="https://mobile.twitter.com" rel="nofollow">Twitter Web '
            'App</a>',
  'text': 'RT @bitvalve: #BitValve #Cryptocurrency Exchange #ICO is rated '
          'among the best #ICO projects on @coinschedule!\n'
          '\n'
          'Check out our #MVP at https:…',
  'truncated': False,
  'user': { 'contributors_enabled': False,
            'created_at': 'Fri Jul 20 21:37:55 +0000 2018',
            'default_profile': False,
            'default_profile_image': False,
            'description': '',
            'entities': {'description': {'urls': []}},
            'favourites_count': 523,
            'follow_request_sent': None,
            'followers_count': 429,
            'following': None,
            'friends_count': 1012,
            'geo_enabled': False,
            'has_extended_profile': True,
            'id': 1020422575971815424,
            'id_str': '1020422575971815424',
            'is_translation_enabled': False,
            'is_translator': False,
            'lang': None,
            'listed_count': 2,
            'location': 'Türkiye',
            'name': 'v.butyerim',
            'notifications': None,
            'profile_background_color': '000000',
            'profile_background_image_url': 'http://abs.twimg.com/images/themes/theme1/bg.png',
            'profile_background_image_url_https': 'https://abs.twimg.com/images/themes/theme1/bg.png',
            'profile_background_tile': False,
            'profile_image_url': 'http://pbs.twimg.com/profile_images/1020428562871078912/EtnuXqkJ_normal.jpg',
            'profile_image_url_https': 'https://pbs.twimg.com/profile_images/1020428562871078912/EtnuXqkJ_normal.jpg',
            'profile_link_color': 'E81C4F',
            'profile_sidebar_border_color': '000000',
            'profile_sidebar_fill_color': '000000',
            'profile_text_color': '000000',
            'profile_use_background_image': False,
            'protected': False,
            'screen_name': 'butyerim',
            'statuses_count': 651,
            'time_zone': None,
            'translator_type': 'none',
            'url': None,
            'utc_offset': None,
            'verified': False}}
----------Summary----------
{ 'entities': {},
  'id_str': '1156651789514616836',
  'retweeted_status': { 'entities': { 'urls': { 'display_url': 'twitter.com/i/web/status/1…',
                                                'expanded_url': 'https://twitter.com/i/web/status/1156534713856724992'}},
                        'id_str': '1156534713856724992',
                        'text': '#bitvalve #cryptocurrency exchange #ico is '
                                'rated among the best #ico projects on '
                                '@coinschedule!  check out our #mvp '
                                'https://t.co/arodetdzb2',
                        'user': { 'entities': {},
                                  'id_str': '1064475558329937926',
                                  'twitter_user': 'bitvalve'}},
  'text': 'rt @bitvalve: #bitvalve #cryptocurrency exchange #ico is rated '
          'among the best #ico projects on @coinschedule!  check out our #mvp '
          'at https:',
  'user': { 'entities': {},
            'id_str': '1020422575971815424',
            'twitter_user': 'butyerim'}}
----------Groups----------
{ 'Bitcoin': ['bitcoin', 'Bitcoin', 'btc', 'satoshi nakamoto'],
  'Ethereum': ['ethereum', 'Ethereum', 'eth', 'vitalik buterin'],
  'Litecoin': ['litecoin', 'Litecoin', 'ltc', 'charles lee'],
  'Monero': ['monero', 'Monero', 'xmr', 'riccardo spagni'],
  'Ripple': [ 'ripple',
              'Ripple',
              'xrp',
              'xrapid',
              'xcurrent',
              'chris larsen',
              'jed mccaleb']}
---------------------------Fetch-------2019-07-31 15:58:50.203035: Tweet filed under "misc":----------Data----------
{ 'contributors': None,
  'coordinates': None,
  'created_at': 'Wed Jul 31 19:44:01 +0000 2019',
  'entities': { 'hashtags': [ {'indices': [83, 90], 'text': 'crypto'},
                              {'indices': [91, 106], 'text': 'cryptocurrency'}],
                'symbols': [],
                'urls': [ { 'display_url': 'onecryptocap.com/threads/what-i…',
                            'expanded_url': 'https://www.onecryptocap.com/threads/what-is-cybersecurity-learning-about-the-network-security.26600/',
                            'indices': [59, 82],
                            'url': 'https://t.co/3Fn1jBtpYN'},
                          { 'display_url': 'twitter.com/i/web/status/1…',
                            'expanded_url': 'https://twitter.com/i/web/status/1156651750683762688',
                            'indices': [108, 131],
                            'url': 'https://t.co/qnAHYZjmRr'}],
                'user_mentions': []},
  'favorite_count': 0,
  'favorited': False,
  'geo': None,
  'id': 1156651750683762688,
  'id_str': '1156651750683762688',
  'in_reply_to_screen_name': None,
  'in_reply_to_status_id': None,
  'in_reply_to_status_id_str': None,
  'in_reply_to_user_id': None,
  'in_reply_to_user_id_str': None,
  'is_quote_status': False,
  'lang': 'en',
  'metadata': {'iso_language_code': 'en', 'result_type': 'recent'},
  'place': None,
  'possibly_sensitive': False,
  'retweet_count': 0,
  'retweeted': False,
  'source': '<a href="https://www.onecryptocap.com" '
            'rel="nofollow">OneCryptoCap</a>',
  'text': 'What is Cybersecurity: Learning about the Network Security '
          'https://t.co/3Fn1jBtpYN #crypto #cryptocurrency… '
          'https://t.co/qnAHYZjmRr',
  'truncated': True,
  'user': { 'contributors_enabled': False,
            'created_at': 'Fri Mar 29 13:55:03 +0000 2019',
            'default_profile': True,
            'default_profile_image': False,
            'description': '',
            'entities': { 'description': {'urls': []},
                          'url': { 'urls': [ { 'display_url': 'onecryptocap.com',
                                               'expanded_url': 'https://www.onecryptocap.com',
                                               'indices': [0, 23],
                                               'url': 'https://t.co/bPcAlohzwL'}]}},
            'favourites_count': 5,
            'follow_request_sent': None,
            'followers_count': 196,
            'following': None,
            'friends_count': 616,
            'geo_enabled': False,
            'has_extended_profile': False,
            'id': 1111627835775475712,
            'id_str': '1111627835775475712',
            'is_translation_enabled': False,
            'is_translator': False,
            'lang': None,
            'listed_count': 1,
            'location': '',
            'name': 'OneCryptoCap News',
            'notifications': None,
            'profile_background_color': 'F5F8FA',
            'profile_background_image_url': None,
            'profile_background_image_url_https': None,
            'profile_background_tile': False,
            'profile_image_url': 'http://pbs.twimg.com/profile_images/1111628041443135488/Ce0aUR_G_normal.png',
            'profile_image_url_https': 'https://pbs.twimg.com/profile_images/1111628041443135488/Ce0aUR_G_normal.png',
            'profile_link_color': '1DA1F2',
            'profile_sidebar_border_color': 'C0DEED',
            'profile_sidebar_fill_color': 'DDEEF6',
            'profile_text_color': '333333',
            'profile_use_background_image': True,
            'protected': False,
            'screen_name': 'OneCryptoCap1',
            'statuses_count': 23261,
            'time_zone': None,
            'translator_type': 'none',
            'url': 'https://t.co/bPcAlohzwL',
            'utc_offset': None,
            'verified': False}}
----------Summary----------
{ 'entities': { 'urls': { 'display_url': 'twitter.com/i/web/status/1…',
                          'expanded_url': 'https://twitter.com/i/web/status/1156651750683762688'}},
  'id_str': '1156651750683762688',
  'text': 'what is cybersecurity: learning about the network security '
          'https://t.co/3fn1jbtpyn #crypto #cryptocurrency '
          'https://t.co/qnahyzjmrr',
  'user': { 'entities': {},
            'id_str': '1111627835775475712',
            'twitter_user': 'OneCryptoCap1'}}
----------Groups----------
{ 'Bitcoin': ['bitcoin', 'Bitcoin', 'btc', 'satoshi nakamoto'],
  'Ethereum': ['ethereum', 'Ethereum', 'eth', 'vitalik buterin'],
  'Litecoin': ['litecoin', 'Litecoin', 'ltc', 'charles lee'],
  'Monero': ['monero', 'Monero', 'xmr', 'riccardo spagni'],
  'Ripple': [ 'ripple',
              'Ripple',
              'xrp',
              'xrapid',
              'xcurrent',
              'chris larsen',
              'jed mccaleb']}
---------------------------Fetch-------2019-07-31 15:58:50.512874: Tweet filed under "misc":----------Data----------
{ 'contributors': None,
  'coordinates': None,
  'created_at': 'Wed Jul 31 19:44:00 +0000 2019',
  'entities': { 'hashtags': [ {'indices': [78, 85], 'text': 'crypto'},
                              {'indices': [86, 101], 'text': 'cryptocurrency'},
                              {'indices': [102, 113], 'text': 'blockchain'}],
                'symbols': [],
                'urls': [ { 'display_url': 'onecryptocap.com/threads/what-i…',
                            'expanded_url': 'https://www.onecryptocap.com/threads/what-is-deep-learning-neural-network-software-basics.26599/',
                            'indices': [54, 77],
                            'url': 'https://t.co/RxliTv3OWy'},
                          { 'display_url': 'twitter.com/i/web/status/1…',
                            'expanded_url': 'https://twitter.com/i/web/status/1156651745856167936',
                            'indices': [115, 138],
                            'url': 'https://t.co/j5vfhiRuXt'}],
                'user_mentions': []},
  'favorite_count': 0,
  'favorited': False,
  'geo': None,
  'id': 1156651745856167936,
  'id_str': '1156651745856167936',
  'in_reply_to_screen_name': None,
  'in_reply_to_status_id': None,
  'in_reply_to_status_id_str': None,
  'in_reply_to_user_id': None,
  'in_reply_to_user_id_str': None,
  'is_quote_status': False,
  'lang': 'en',
  'metadata': {'iso_language_code': 'en', 'result_type': 'recent'},
  'place': None,
  'possibly_sensitive': False,
  'retweet_count': 0,
  'retweeted': False,
  'source': '<a href="https://www.onecryptocap.com" '
            'rel="nofollow">OneCryptoCap</a>',
  'text': 'What is Deep Learning: Neural Network Software Basics '
          'https://t.co/RxliTv3OWy #crypto #cryptocurrency #blockchain… '
          'https://t.co/j5vfhiRuXt',
  'truncated': True,
  'user': { 'contributors_enabled': False,
            'created_at': 'Fri Mar 29 13:55:03 +0000 2019',
            'default_profile': True,
            'default_profile_image': False,
            'description': '',
            'entities': { 'description': {'urls': []},
                          'url': { 'urls': [ { 'display_url': 'onecryptocap.com',
                                               'expanded_url': 'https://www.onecryptocap.com',
                                               'indices': [0, 23],
                                               'url': 'https://t.co/bPcAlohzwL'}]}},
            'favourites_count': 5,
            'follow_request_sent': None,
            'followers_count': 196,
            'following': None,
            'friends_count': 616,
            'geo_enabled': False,
            'has_extended_profile': False,
            'id': 1111627835775475712,
            'id_str': '1111627835775475712',
            'is_translation_enabled': False,
            'is_translator': False,
            'lang': None,
            'listed_count': 1,
            'location': '',
            'name': 'OneCryptoCap News',
            'notifications': None,
            'profile_background_color': 'F5F8FA',
            'profile_background_image_url': None,
            'profile_background_image_url_https': None,
            'profile_background_tile': False,
            'profile_image_url': 'http://pbs.twimg.com/profile_images/1111628041443135488/Ce0aUR_G_normal.png',
            'profile_image_url_https': 'https://pbs.twimg.com/profile_images/1111628041443135488/Ce0aUR_G_normal.png',
            'profile_link_color': '1DA1F2',
            'profile_sidebar_border_color': 'C0DEED',
            'profile_sidebar_fill_color': 'DDEEF6',
            'profile_text_color': '333333',
            'profile_use_background_image': True,
            'protected': False,
            'screen_name': 'OneCryptoCap1',
            'statuses_count': 23261,
            'time_zone': None,
            'translator_type': 'none',
            'url': 'https://t.co/bPcAlohzwL',
            'utc_offset': None,
            'verified': False}}
----------Summary----------
{ 'entities': { 'urls': { 'display_url': 'twitter.com/i/web/status/1…',
                          'expanded_url': 'https://twitter.com/i/web/status/1156651745856167936'}},
  'id_str': '1156651745856167936',
  'text': 'what is deep learning: neural network software basics '
          'https://t.co/rxlitv3owy #crypto #cryptocurrency #blockchain '
          'https://t.co/j5vfhiruxt',
  'user': { 'entities': {},
            'id_str': '1111627835775475712',
            'twitter_user': 'OneCryptoCap1'}}
----------Groups----------
{ 'Bitcoin': ['bitcoin', 'Bitcoin', 'btc', 'satoshi nakamoto'],
  'Ethereum': ['ethereum', 'Ethereum', 'eth', 'vitalik buterin'],
  'Litecoin': ['litecoin', 'Litecoin', 'ltc', 'charles lee'],
  'Monero': ['monero', 'Monero', 'xmr', 'riccardo spagni'],
  'Ripple': [ 'ripple',
              'Ripple',
              'xrp',
              'xrapid',
              'xcurrent',
              'chris larsen',
              'jed mccaleb']}
---------------------------Fetch-------2019-07-31 15:58:51.026217: Tweet filed under "misc":----------Data----------
{ 'contributors': None,
  'coordinates': None,
  'created_at': 'Wed Jul 31 19:43:59 +0000 2019',
  'entities': { 'hashtags': [ {'indices': [88, 95], 'text': 'crypto'},
                              {'indices': [96, 111], 'text': 'cryptocurrency'}],
                'symbols': [],
                'urls': [ { 'display_url': 'onecryptocap.com/threads/what-i…',
                            'expanded_url': 'https://www.onecryptocap.com/threads/what-is-machine-learning-understanding-machine-learning-basics.26598/',
                            'indices': [64, 87],
                            'url': 'https://t.co/KdokNfQwMd'},
                          { 'display_url': 'twitter.com/i/web/status/1…',
                            'expanded_url': 'https://twitter.com/i/web/status/1156651743889055744',
                            'indices': [113, 136],
                            'url': 'https://t.co/ekBTMZ8txK'}],
                'user_mentions': []},
  'favorite_count': 0,
  'favorited': False,
  'geo': None,
  'id': 1156651743889055744,
  'id_str': '1156651743889055744',
  'in_reply_to_screen_name': None,
  'in_reply_to_status_id': None,
  'in_reply_to_status_id_str': None,
  'in_reply_to_user_id': None,
  'in_reply_to_user_id_str': None,
  'is_quote_status': False,
  'lang': 'en',
  'metadata': {'iso_language_code': 'en', 'result_type': 'recent'},
  'place': None,
  'possibly_sensitive': False,
  'retweet_count': 0,
  'retweeted': False,
  'source': '<a href="https://www.onecryptocap.com" '
            'rel="nofollow">OneCryptoCap</a>',
  'text': 'What is Machine Learning: Understanding Machine Learning Basics '
          'https://t.co/KdokNfQwMd #crypto #cryptocurrency… '
          'https://t.co/ekBTMZ8txK',
  'truncated': True,
  'user': { 'contributors_enabled': False,
            'created_at': 'Fri Mar 29 13:55:03 +0000 2019',
            'default_profile': True,
            'default_profile_image': False,
            'description': '',
            'entities': { 'description': {'urls': []},
                          'url': { 'urls': [ { 'display_url': 'onecryptocap.com',
                                               'expanded_url': 'https://www.onecryptocap.com',
                                               'indices': [0, 23],
                                               'url': 'https://t.co/bPcAlohzwL'}]}},
            'favourites_count': 5,
            'follow_request_sent': None,
            'followers_count': 196,
            'following': None,
            'friends_count': 616,
            'geo_enabled': False,
            'has_extended_profile': False,
            'id': 1111627835775475712,
            'id_str': '1111627835775475712',
            'is_translation_enabled': False,
            'is_translator': False,
            'lang': None,
            'listed_count': 1,
            'location': '',
            'name': 'OneCryptoCap News',
            'notifications': None,
            'profile_background_color': 'F5F8FA',
            'profile_background_image_url': None,
            'profile_background_image_url_https': None,
            'profile_background_tile': False,
            'profile_image_url': 'http://pbs.twimg.com/profile_images/1111628041443135488/Ce0aUR_G_normal.png',
            'profile_image_url_https': 'https://pbs.twimg.com/profile_images/1111628041443135488/Ce0aUR_G_normal.png',
            'profile_link_color': '1DA1F2',
            'profile_sidebar_border_color': 'C0DEED',
            'profile_sidebar_fill_color': 'DDEEF6',
            'profile_text_color': '333333',
            'profile_use_background_image': True,
            'protected': False,
            'screen_name': 'OneCryptoCap1',
            'statuses_count': 23261,
            'time_zone': None,
            'translator_type': 'none',
            'url': 'https://t.co/bPcAlohzwL',
            'utc_offset': None,
            'verified': False}}
----------Summary----------
{ 'entities': { 'urls': { 'display_url': 'twitter.com/i/web/status/1…',
                          'expanded_url': 'https://twitter.com/i/web/status/1156651743889055744'}},
  'id_str': '1156651743889055744',
  'text': 'what is machine learning: understanding machine learning basics '
          'https://t.co/kdoknfqwmd #crypto #cryptocurrency '
          'https://t.co/ekbtmz8txk',
  'user': { 'entities': {},
            'id_str': '1111627835775475712',
            'twitter_user': 'OneCryptoCap1'}}
----------Groups----------
{ 'Bitcoin': ['bitcoin', 'Bitcoin', 'btc', 'satoshi nakamoto'],
  'Ethereum': ['ethereum', 'Ethereum', 'eth', 'vitalik buterin'],
  'Litecoin': ['litecoin', 'Litecoin', 'ltc', 'charles lee'],
  'Monero': ['monero', 'Monero', 'xmr', 'riccardo spagni'],
  'Ripple': [ 'ripple',
              'Ripple',
              'xrp',
              'xrapid',
              'xcurrent',
              'chris larsen',
              'jed mccaleb']}
---------------------------Fetch-------2019-07-31 15:58:53.788176: Tweet filed under "misc":----------Data----------
{ 'contributors': None,
  'coordinates': None,
  'created_at': 'Wed Jul 31 19:43:01 +0000 2019',
  'entities': { 'hashtags': [{'indices': [96, 103], 'text': 'crypto'}],
                'symbols': [],
                'urls': [ { 'display_url': 'onecryptocap.com/threads/optimi…',
                            'expanded_url': 'https://www.onecryptocap.com/threads/optimism-dwindles-as-indian-finance-minister-evasive-on-crypto-ban-bill.26591/',
                            'indices': [72, 95],
                            'url': 'https://t.co/nqjDeE1kay'},
                          { 'display_url': 'twitter.com/i/web/status/1…',
                            'expanded_url': 'https://twitter.com/i/web/status/1156651497444323331',
                            'indices': [105, 128],
                            'url': 'https://t.co/yhS5HUSbIv'}],
                'user_mentions': []},
  'favorite_count': 0,
  'favorited': False,
  'geo': None,
  'id': 1156651497444323331,
  'id_str': '1156651497444323331',
  'in_reply_to_screen_name': None,
  'in_reply_to_status_id': None,
  'in_reply_to_status_id_str': None,
  'in_reply_to_user_id': None,
  'in_reply_to_user_id_str': None,
  'is_quote_status': False,
  'lang': 'en',
  'metadata': {'iso_language_code': 'en', 'result_type': 'recent'},
  'place': None,
  'possibly_sensitive': False,
  'retweet_count': 0,
  'retweeted': False,
  'source': '<a href="https://www.onecryptocap.com" '
            'rel="nofollow">OneCryptoCap</a>',
  'text': 'Optimism Dwindles as Indian Finance Minister Evasive on Crypto Ban '
          'Bill https://t.co/nqjDeE1kay #crypto… https://t.co/yhS5HUSbIv',
  'truncated': True,
  'user': { 'contributors_enabled': False,
            'created_at': 'Fri Mar 29 13:55:03 +0000 2019',
            'default_profile': True,
            'default_profile_image': False,
            'description': '',
            'entities': { 'description': {'urls': []},
                          'url': { 'urls': [ { 'display_url': 'onecryptocap.com',
                                               'expanded_url': 'https://www.onecryptocap.com',
                                               'indices': [0, 23],
                                               'url': 'https://t.co/bPcAlohzwL'}]}},
            'favourites_count': 5,
            'follow_request_sent': None,
            'followers_count': 196,
            'following': None,
            'friends_count': 616,
            'geo_enabled': False,
            'has_extended_profile': False,
            'id': 1111627835775475712,
            'id_str': '1111627835775475712',
            'is_translation_enabled': False,
            'is_translator': False,
            'lang': None,
            'listed_count': 1,
            'location': '',
            'name': 'OneCryptoCap News',
            'notifications': None,
            'profile_background_color': 'F5F8FA',
            'profile_background_image_url': None,
            'profile_background_image_url_https': None,
            'profile_background_tile': False,
            'profile_image_url': 'http://pbs.twimg.com/profile_images/1111628041443135488/Ce0aUR_G_normal.png',
            'profile_image_url_https': 'https://pbs.twimg.com/profile_images/1111628041443135488/Ce0aUR_G_normal.png',
            'profile_link_color': '1DA1F2',
            'profile_sidebar_border_color': 'C0DEED',
            'profile_sidebar_fill_color': 'DDEEF6',
            'profile_text_color': '333333',
            'profile_use_background_image': True,
            'protected': False,
            'screen_name': 'OneCryptoCap1',
            'statuses_count': 23261,
            'time_zone': None,
            'translator_type': 'none',
            'url': 'https://t.co/bPcAlohzwL',
            'utc_offset': None,
            'verified': False}}
----------Summary----------
{ 'entities': { 'urls': { 'display_url': 'twitter.com/i/web/status/1…',
                          'expanded_url': 'https://twitter.com/i/web/status/1156651497444323331'}},
  'id_str': '1156651497444323331',
  'text': 'optimism dwindles as indian finance minister evasive on crypto ban '
          'bill https://t.co/nqjdee1kay #crypto https://t.co/yhs5husbiv',
  'user': { 'entities': {},
            'id_str': '1111627835775475712',
            'twitter_user': 'OneCryptoCap1'}}
----------Groups----------
{ 'Bitcoin': ['bitcoin', 'Bitcoin', 'btc', 'satoshi nakamoto'],
  'Ethereum': ['ethereum', 'Ethereum', 'eth', 'vitalik buterin'],
  'Litecoin': ['litecoin', 'Litecoin', 'ltc', 'charles lee'],
  'Monero': ['monero', 'Monero', 'xmr', 'riccardo spagni'],
  'Ripple': [ 'ripple',
              'Ripple',
              'xrp',
              'xrapid',
              'xcurrent',
              'chris larsen',
              'jed mccaleb']}
---------------------------Fetch-------2019-07-31 15:58:54.095826: Tweet filed under "misc":----------Data----------
{ 'contributors': None,
  'coordinates': None,
  'created_at': 'Wed Jul 31 19:43:00 +0000 2019',
  'entities': { 'hashtags': [ {'indices': [74, 81], 'text': 'crypto'},
                              {'indices': [82, 97], 'text': 'cryptocurrency'},
                              {'indices': [98, 109], 'text': 'blockchain'}],
                'symbols': [],
                'urls': [ { 'display_url': 'onecryptocap.com/threads/new-re…',
                            'expanded_url': 'https://www.onecryptocap.com/threads/new-research-reveals-crypto-girls-are-on-the-rise.26590/',
                            'indices': [50, 73],
                            'url': 'https://t.co/23zUwIqI66'},
                          { 'display_url': 'twitter.com/i/web/status/1…',
                            'expanded_url': 'https://twitter.com/i/web/status/1156651496370593792',
                            'indices': [111, 134],
                            'url': 'https://t.co/HztjwtIC5T'}],
                'user_mentions': []},
  'favorite_count': 0,
  'favorited': False,
  'geo': None,
  'id': 1156651496370593792,
  'id_str': '1156651496370593792',
  'in_reply_to_screen_name': None,
  'in_reply_to_status_id': None,
  'in_reply_to_status_id_str': None,
  'in_reply_to_user_id': None,
  'in_reply_to_user_id_str': None,
  'is_quote_status': False,
  'lang': 'en',
  'metadata': {'iso_language_code': 'en', 'result_type': 'recent'},
  'place': None,
  'possibly_sensitive': False,
  'retweet_count': 0,
  'retweeted': False,
  'source': '<a href="https://www.onecryptocap.com" '
            'rel="nofollow">OneCryptoCap</a>',
  'text': 'New Research Reveals Crypto Girls Are On The Rise '
          'https://t.co/23zUwIqI66 #crypto #cryptocurrency #blockchain… '
          'https://t.co/HztjwtIC5T',
  'truncated': True,
  'user': { 'contributors_enabled': False,
            'created_at': 'Fri Mar 29 13:55:03 +0000 2019',
            'default_profile': True,
            'default_profile_image': False,
            'description': '',
            'entities': { 'description': {'urls': []},
                          'url': { 'urls': [ { 'display_url': 'onecryptocap.com',
                                               'expanded_url': 'https://www.onecryptocap.com',
                                               'indices': [0, 23],
                                               'url': 'https://t.co/bPcAlohzwL'}]}},
            'favourites_count': 5,
            'follow_request_sent': None,
            'followers_count': 196,
            'following': None,
            'friends_count': 616,
            'geo_enabled': False,
            'has_extended_profile': False,
            'id': 1111627835775475712,
            'id_str': '1111627835775475712',
            'is_translation_enabled': False,
            'is_translator': False,
            'lang': None,
            'listed_count': 1,
            'location': '',
            'name': 'OneCryptoCap News',
            'notifications': None,
            'profile_background_color': 'F5F8FA',
            'profile_background_image_url': None,
            'profile_background_image_url_https': None,
            'profile_background_tile': False,
            'profile_image_url': 'http://pbs.twimg.com/profile_images/1111628041443135488/Ce0aUR_G_normal.png',
            'profile_image_url_https': 'https://pbs.twimg.com/profile_images/1111628041443135488/Ce0aUR_G_normal.png',
            'profile_link_color': '1DA1F2',
            'profile_sidebar_border_color': 'C0DEED',
            'profile_sidebar_fill_color': 'DDEEF6',
            'profile_text_color': '333333',
            'profile_use_background_image': True,
            'protected': False,
            'screen_name': 'OneCryptoCap1',
            'statuses_count': 23261,
            'time_zone': None,
            'translator_type': 'none',
            'url': 'https://t.co/bPcAlohzwL',
            'utc_offset': None,
            'verified': False}}
----------Summary----------
{ 'entities': { 'urls': { 'display_url': 'twitter.com/i/web/status/1…',
                          'expanded_url': 'https://twitter.com/i/web/status/1156651496370593792'}},
  'id_str': '1156651496370593792',
  'text': 'new research reveals crypto girls are on the rise '
          'https://t.co/23zuwiqi66 #crypto #cryptocurrency #blockchain '
          'https://t.co/hztjwtic5t',
  'user': { 'entities': {},
            'id_str': '1111627835775475712',
            'twitter_user': 'OneCryptoCap1'}}
----------Groups----------
{ 'Bitcoin': ['bitcoin', 'Bitcoin', 'btc', 'satoshi nakamoto'],
  'Ethereum': ['ethereum', 'Ethereum', 'eth', 'vitalik buterin'],
  'Litecoin': ['litecoin', 'Litecoin', 'ltc', 'charles lee'],
  'Monero': ['monero', 'Monero', 'xmr', 'riccardo spagni'],
  'Ripple': [ 'ripple',
              'Ripple',
              'xrp',
              'xrapid',
              'xcurrent',
              'chris larsen',
              'jed mccaleb']}
---------------------------Fetch-------2019-07-31 15:58:55.324190: Tweet filed under "misc":----------Data----------
{ 'contributors': None,
  'coordinates': None,
  'created_at': 'Wed Jul 31 19:42:58 +0000 2019',
  'entities': { 'hashtags': [{'indices': [108, 115], 'text': 'crypto'}],
                'symbols': [],
                'urls': [ { 'display_url': 'onecryptocap.com/threads/fca-re…',
                            'expanded_url': 'https://www.onecryptocap.com/threads/fca-releases-guidelines-on-token-taxonomy-includes-plan-to-regulate-cryptocurrency.26586/',
                            'indices': [84, 107],
                            'url': 'https://t.co/y1HTq0eVdi'},
                          { 'display_url': 'twitter.com/i/web/status/1…',
                            'expanded_url': 'https://twitter.com/i/web/status/1156651485171724289',
                            'indices': [117, 140],
                            'url': 'https://t.co/jcsGOsppmN'}],
                'user_mentions': []},
  'favorite_count': 0,
  'favorited': False,
  'geo': None,
  'id': 1156651485171724289,
  'id_str': '1156651485171724289',
  'in_reply_to_screen_name': None,
  'in_reply_to_status_id': None,
  'in_reply_to_status_id_str': None,
  'in_reply_to_user_id': None,
  'in_reply_to_user_id_str': None,
  'is_quote_status': False,
  'lang': 'en',
  'metadata': {'iso_language_code': 'en', 'result_type': 'recent'},
  'place': None,
  'possibly_sensitive': False,
  'retweet_count': 0,
  'retweeted': False,
  'source': '<a href="https://www.onecryptocap.com" '
            'rel="nofollow">OneCryptoCap</a>',
  'text': 'FCA Releases Guidelines on Token Taxonomy, Includes Plan to '
          'Regulate Cryptocurrency https://t.co/y1HTq0eVdi #crypto… '
          'https://t.co/jcsGOsppmN',
  'truncated': True,
  'user': { 'contributors_enabled': False,
            'created_at': 'Fri Mar 29 13:55:03 +0000 2019',
            'default_profile': True,
            'default_profile_image': False,
            'description': '',
            'entities': { 'description': {'urls': []},
                          'url': { 'urls': [ { 'display_url': 'onecryptocap.com',
                                               'expanded_url': 'https://www.onecryptocap.com',
                                               'indices': [0, 23],
                                               'url': 'https://t.co/bPcAlohzwL'}]}},
            'favourites_count': 5,
            'follow_request_sent': None,
            'followers_count': 196,
            'following': None,
            'friends_count': 616,
            'geo_enabled': False,
            'has_extended_profile': False,
            'id': 1111627835775475712,
            'id_str': '1111627835775475712',
            'is_translation_enabled': False,
            'is_translator': False,
            'lang': None,
            'listed_count': 1,
            'location': '',
            'name': 'OneCryptoCap News',
            'notifications': None,
            'profile_background_color': 'F5F8FA',
            'profile_background_image_url': None,
            'profile_background_image_url_https': None,
            'profile_background_tile': False,
            'profile_image_url': 'http://pbs.twimg.com/profile_images/1111628041443135488/Ce0aUR_G_normal.png',
            'profile_image_url_https': 'https://pbs.twimg.com/profile_images/1111628041443135488/Ce0aUR_G_normal.png',
            'profile_link_color': '1DA1F2',
            'profile_sidebar_border_color': 'C0DEED',
            'profile_sidebar_fill_color': 'DDEEF6',
            'profile_text_color': '333333',
            'profile_use_background_image': True,
            'protected': False,
            'screen_name': 'OneCryptoCap1',
            'statuses_count': 23261,
            'time_zone': None,
            'translator_type': 'none',
            'url': 'https://t.co/bPcAlohzwL',
            'utc_offset': None,
            'verified': False}}
----------Summary----------
{ 'entities': { 'urls': { 'display_url': 'twitter.com/i/web/status/1…',
                          'expanded_url': 'https://twitter.com/i/web/status/1156651485171724289'}},
  'id_str': '1156651485171724289',
  'text': 'fca releases guidelines on token taxonomy, includes plan to '
          'regulate cryptocurrency https://t.co/y1htq0evdi #crypto '
          'https://t.co/jcsgosppmn',
  'user': { 'entities': {},
            'id_str': '1111627835775475712',
            'twitter_user': 'OneCryptoCap1'}}
----------Groups----------
{ 'Bitcoin': ['bitcoin', 'Bitcoin', 'btc', 'satoshi nakamoto'],
  'Ethereum': ['ethereum', 'Ethereum', 'eth', 'vitalik buterin'],
  'Litecoin': ['litecoin', 'Litecoin', 'ltc', 'charles lee'],
  'Monero': ['monero', 'Monero', 'xmr', 'riccardo spagni'],
  'Ripple': [ 'ripple',
              'Ripple',
              'xrp',
              'xrapid',
              'xcurrent',
              'chris larsen',
              'jed mccaleb']}
---------------------------Fetch-------2019-07-31 15:58:55.538091: Tweet filed under "misc":----------Data----------
{ 'contributors': None,
  'coordinates': None,
  'created_at': 'Wed Jul 31 19:42:57 +0000 2019',
  'entities': { 'hashtags': [ {'indices': [91, 98], 'text': 'crypto'},
                              {'indices': [99, 114], 'text': 'cryptocurrency'}],
                'symbols': [],
                'urls': [ { 'display_url': 'onecryptocap.com/threads/samsun…',
                            'expanded_url': 'https://www.onecryptocap.com/threads/samsung-expects-growth-from-crypto-mining-chips-for-next-half-2019.26585/',
                            'indices': [67, 90],
                            'url': 'https://t.co/lhzCsdooIa'},
                          { 'display_url': 'twitter.com/i/web/status/1…',
                            'expanded_url': 'https://twitter.com/i/web/status/1156651484009947137',
                            'indices': [116, 139],
                            'url': 'https://t.co/iHCm25DsIT'}],
                'user_mentions': []},
  'favorite_count': 0,
  'favorited': False,
  'geo': None,
  'id': 1156651484009947137,
  'id_str': '1156651484009947137',
  'in_reply_to_screen_name': None,
  'in_reply_to_status_id': None,
  'in_reply_to_status_id_str': None,
  'in_reply_to_user_id': None,
  'in_reply_to_user_id_str': None,
  'is_quote_status': False,
  'lang': 'en',
  'metadata': {'iso_language_code': 'en', 'result_type': 'recent'},
  'place': None,
  'possibly_sensitive': False,
  'retweet_count': 0,
  'retweeted': False,
  'source': '<a href="https://www.onecryptocap.com" '
            'rel="nofollow">OneCryptoCap</a>',
  'text': 'Samsung Expects Growth from Crypto Mining Chips For Next Half 2019 '
          'https://t.co/lhzCsdooIa #crypto #cryptocurrency… '
          'https://t.co/iHCm25DsIT',
  'truncated': True,
  'user': { 'contributors_enabled': False,
            'created_at': 'Fri Mar 29 13:55:03 +0000 2019',
            'default_profile': True,
            'default_profile_image': False,
            'description': '',
            'entities': { 'description': {'urls': []},
                          'url': { 'urls': [ { 'display_url': 'onecryptocap.com',
                                               'expanded_url': 'https://www.onecryptocap.com',
                                               'indices': [0, 23],
                                               'url': 'https://t.co/bPcAlohzwL'}]}},
            'favourites_count': 5,
            'follow_request_sent': None,
            'followers_count': 196,
            'following': None,
            'friends_count': 616,
            'geo_enabled': False,
            'has_extended_profile': False,
            'id': 1111627835775475712,
            'id_str': '1111627835775475712',
            'is_translation_enabled': False,
            'is_translator': False,
            'lang': None,
            'listed_count': 1,
            'location': '',
            'name': 'OneCryptoCap News',
            'notifications': None,
            'profile_background_color': 'F5F8FA',
            'profile_background_image_url': None,
            'profile_background_image_url_https': None,
            'profile_background_tile': False,
            'profile_image_url': 'http://pbs.twimg.com/profile_images/1111628041443135488/Ce0aUR_G_normal.png',
            'profile_image_url_https': 'https://pbs.twimg.com/profile_images/1111628041443135488/Ce0aUR_G_normal.png',
            'profile_link_color': '1DA1F2',
            'profile_sidebar_border_color': 'C0DEED',
            'profile_sidebar_fill_color': 'DDEEF6',
            'profile_text_color': '333333',
            'profile_use_background_image': True,
            'protected': False,
            'screen_name': 'OneCryptoCap1',
            'statuses_count': 23261,
            'time_zone': None,
            'translator_type': 'none',
            'url': 'https://t.co/bPcAlohzwL',
            'utc_offset': None,
            'verified': False}}
----------Summary----------
{ 'entities': { 'urls': { 'display_url': 'twitter.com/i/web/status/1…',
                          'expanded_url': 'https://twitter.com/i/web/status/1156651484009947137'}},
  'id_str': '1156651484009947137',
  'text': 'samsung expects growth from crypto mining chips for next half 2019 '
          'https://t.co/lhzcsdooia #crypto #cryptocurrency '
          'https://t.co/ihcm25dsit',
  'user': { 'entities': {},
            'id_str': '1111627835775475712',
            'twitter_user': 'OneCryptoCap1'}}
----------Groups----------
{ 'Bitcoin': ['bitcoin', 'Bitcoin', 'btc', 'satoshi nakamoto'],
  'Ethereum': ['ethereum', 'Ethereum', 'eth', 'vitalik buterin'],
  'Litecoin': ['litecoin', 'Litecoin', 'ltc', 'charles lee'],
  'Monero': ['monero', 'Monero', 'xmr', 'riccardo spagni'],
  'Ripple': [ 'ripple',
              'Ripple',
              'xrp',
              'xrapid',
              'xcurrent',
              'chris larsen',
              'jed mccaleb']}
---------------------------Fetch-------2019-07-31 15:58:55.850037: Tweet filed under "misc":----------Data----------
{ 'contributors': None,
  'coordinates': None,
  'created_at': 'Wed Jul 31 19:42:57 +0000 2019',
  'entities': { 'hashtags': [{'indices': [105, 112], 'text': 'crypto'}],
                'symbols': [],
                'urls': [ { 'display_url': 'onecryptocap.com/threads/circle…',
                            'expanded_url': 'https://www.onecryptocap.com/threads/circle-ceo-urges-u-s-congress-to-adopt-frameworks-that-support-cryptocurrencies.26584/',
                            'indices': [81, 104],
                            'url': 'https://t.co/h6tREUkCpa'},
                          { 'display_url': 'twitter.com/i/web/status/1…',
                            'expanded_url': 'https://twitter.com/i/web/status/1156651482797789185',
                            'indices': [114, 137],
                            'url': 'https://t.co/iBF9IJTvPF'}],
                'user_mentions': []},
  'favorite_count': 0,
  'favorited': False,
  'geo': None,
  'id': 1156651482797789185,
  'id_str': '1156651482797789185',
  'in_reply_to_screen_name': None,
  'in_reply_to_status_id': None,
  'in_reply_to_status_id_str': None,
  'in_reply_to_user_id': None,
  'in_reply_to_user_id_str': None,
  'is_quote_status': False,
  'lang': 'en',
  'metadata': {'iso_language_code': 'en', 'result_type': 'recent'},
  'place': None,
  'possibly_sensitive': False,
  'retweet_count': 0,
  'retweeted': False,
  'source': '<a href="https://www.onecryptocap.com" '
            'rel="nofollow">OneCryptoCap</a>',
  'text': 'Circle CEO Urges U.S. Congress To Adopt Frameworks That Support '
          'Cryptocurrencies https://t.co/h6tREUkCpa #crypto… '
          'https://t.co/iBF9IJTvPF',
  'truncated': True,
  'user': { 'contributors_enabled': False,
            'created_at': 'Fri Mar 29 13:55:03 +0000 2019',
            'default_profile': True,
            'default_profile_image': False,
            'description': '',
            'entities': { 'description': {'urls': []},
                          'url': { 'urls': [ { 'display_url': 'onecryptocap.com',
                                               'expanded_url': 'https://www.onecryptocap.com',
                                               'indices': [0, 23],
                                               'url': 'https://t.co/bPcAlohzwL'}]}},
            'favourites_count': 5,
            'follow_request_sent': None,
            'followers_count': 196,
            'following': None,
            'friends_count': 616,
            'geo_enabled': False,
            'has_extended_profile': False,
            'id': 1111627835775475712,
            'id_str': '1111627835775475712',
            'is_translation_enabled': False,
            'is_translator': False,
            'lang': None,
            'listed_count': 1,
            'location': '',
            'name': 'OneCryptoCap News',
            'notifications': None,
            'profile_background_color': 'F5F8FA',
            'profile_background_image_url': None,
            'profile_background_image_url_https': None,
            'profile_background_tile': False,
            'profile_image_url': 'http://pbs.twimg.com/profile_images/1111628041443135488/Ce0aUR_G_normal.png',
            'profile_image_url_https': 'https://pbs.twimg.com/profile_images/1111628041443135488/Ce0aUR_G_normal.png',
            'profile_link_color': '1DA1F2',
            'profile_sidebar_border_color': 'C0DEED',
            'profile_sidebar_fill_color': 'DDEEF6',
            'profile_text_color': '333333',
            'profile_use_background_image': True,
            'protected': False,
            'screen_name': 'OneCryptoCap1',
            'statuses_count': 23261,
            'time_zone': None,
            'translator_type': 'none',
            'url': 'https://t.co/bPcAlohzwL',
            'utc_offset': None,
            'verified': False}}
----------Summary----------
{ 'entities': { 'urls': { 'display_url': 'twitter.com/i/web/status/1…',
                          'expanded_url': 'https://twitter.com/i/web/status/1156651482797789185'}},
  'id_str': '1156651482797789185',
  'text': 'circle ceo urges u.s. congress to adopt frameworks that support '
          'cryptocurrencies https://t.co/h6treukcpa #crypto '
          'https://t.co/ibf9ijtvpf',
  'user': { 'entities': {},
            'id_str': '1111627835775475712',
            'twitter_user': 'OneCryptoCap1'}}
----------Groups----------
{ 'Bitcoin': ['bitcoin', 'Bitcoin', 'btc', 'satoshi nakamoto'],
  'Ethereum': ['ethereum', 'Ethereum', 'eth', 'vitalik buterin'],
  'Litecoin': ['litecoin', 'Litecoin', 'ltc', 'charles lee'],
  'Monero': ['monero', 'Monero', 'xmr', 'riccardo spagni'],
  'Ripple': [ 'ripple',
              'Ripple',
              'xrp',
              'xrapid',
              'xcurrent',
              'chris larsen',
              'jed mccaleb']}
---------------------------Fetch-------2019-07-31 15:58:56.451254: Tweet filed under "misc":----------Data----------
{ 'contributors': None,
  'coordinates': None,
  'created_at': 'Wed Jul 31 19:42:57 +0000 2019',
  'entities': { 'hashtags': [ {'indices': [88, 95], 'text': 'crypto'},
                              {'indices': [96, 111], 'text': 'cryptocurrency'}],
                'symbols': [],
                'urls': [ { 'display_url': 'onecryptocap.com/threads/us-law…',
                            'expanded_url': 'https://www.onecryptocap.com/threads/us-lawmakers-claims-us-cannot-ban-crypto-even-if-they-decide-to.26582/',
                            'indices': [64, 87],
                            'url': 'https://t.co/Fr3PrpG6an'},
                          { 'display_url': 'twitter.com/i/web/status/1…',
                            'expanded_url': 'https://twitter.com/i/web/status/1156651480209940482',
                            'indices': [113, 136],
                            'url': 'https://t.co/XLvOn8wZMN'}],
                'user_mentions': []},
  'favorite_count': 0,
  'favorited': False,
  'geo': None,
  'id': 1156651480209940482,
  'id_str': '1156651480209940482',
  'in_reply_to_screen_name': None,
  'in_reply_to_status_id': None,
  'in_reply_to_status_id_str': None,
  'in_reply_to_user_id': None,
  'in_reply_to_user_id_str': None,
  'is_quote_status': False,
  'lang': 'en',
  'metadata': {'iso_language_code': 'en', 'result_type': 'recent'},
  'place': None,
  'possibly_sensitive': False,
  'retweet_count': 0,
  'retweeted': False,
  'source': '<a href="https://www.onecryptocap.com" '
            'rel="nofollow">OneCryptoCap</a>',
  'text': 'US Lawmakers Claims US Cannot Ban Crypto Even If They Decide To '
          'https://t.co/Fr3PrpG6an #crypto #cryptocurrency… '
          'https://t.co/XLvOn8wZMN',
  'truncated': True,
  'user': { 'contributors_enabled': False,
            'created_at': 'Fri Mar 29 13:55:03 +0000 2019',
            'default_profile': True,
            'default_profile_image': False,
            'description': '',
            'entities': { 'description': {'urls': []},
                          'url': { 'urls': [ { 'display_url': 'onecryptocap.com',
                                               'expanded_url': 'https://www.onecryptocap.com',
                                               'indices': [0, 23],
                                               'url': 'https://t.co/bPcAlohzwL'}]}},
            'favourites_count': 5,
            'follow_request_sent': None,
            'followers_count': 196,
            'following': None,
            'friends_count': 616,
            'geo_enabled': False,
            'has_extended_profile': False,
            'id': 1111627835775475712,
            'id_str': '1111627835775475712',
            'is_translation_enabled': False,
            'is_translator': False,
            'lang': None,
            'listed_count': 1,
            'location': '',
            'name': 'OneCryptoCap News',
            'notifications': None,
            'profile_background_color': 'F5F8FA',
            'profile_background_image_url': None,
            'profile_background_image_url_https': None,
            'profile_background_tile': False,
            'profile_image_url': 'http://pbs.twimg.com/profile_images/1111628041443135488/Ce0aUR_G_normal.png',
            'profile_image_url_https': 'https://pbs.twimg.com/profile_images/1111628041443135488/Ce0aUR_G_normal.png',
            'profile_link_color': '1DA1F2',
            'profile_sidebar_border_color': 'C0DEED',
            'profile_sidebar_fill_color': 'DDEEF6',
            'profile_text_color': '333333',
            'profile_use_background_image': True,
            'protected': False,
            'screen_name': 'OneCryptoCap1',
            'statuses_count': 23261,
            'time_zone': None,
            'translator_type': 'none',
            'url': 'https://t.co/bPcAlohzwL',
            'utc_offset': None,
            'verified': False}}
----------Summary----------
{ 'entities': { 'urls': { 'display_url': 'twitter.com/i/web/status/1…',
                          'expanded_url': 'https://twitter.com/i/web/status/1156651480209940482'}},
  'id_str': '1156651480209940482',
  'text': 'us lawmakers claims us cannot ban crypto even if they decide to '
          'https://t.co/fr3prpg6an #crypto #cryptocurrency '
          'https://t.co/xlvon8wzmn',
  'user': { 'entities': {},
            'id_str': '1111627835775475712',
            'twitter_user': 'OneCryptoCap1'}}
----------Groups----------
{ 'Bitcoin': ['bitcoin', 'Bitcoin', 'btc', 'satoshi nakamoto'],
  'Ethereum': ['ethereum', 'Ethereum', 'eth', 'vitalik buterin'],
  'Litecoin': ['litecoin', 'Litecoin', 'ltc', 'charles lee'],
  'Monero': ['monero', 'Monero', 'xmr', 'riccardo spagni'],
  'Ripple': [ 'ripple',
              'Ripple',
              'xrp',
              'xrapid',
              'xcurrent',
              'chris larsen',
              'jed mccaleb']}
---------------------------Fetch-------2019-07-31 15:59:00.826563: Tweet filed under "misc":----------Data----------
{ 'contributors': None,
  'coordinates': None,
  'created_at': 'Wed Jul 31 19:34:34 +0000 2019',
  'entities': { 'hashtags': [ {'indices': [14, 23], 'text': 'BitValve'},
                              {'indices': [24, 39], 'text': 'Cryptocurrency'},
                              {'indices': [49, 53], 'text': 'ICO'},
                              {'indices': [78, 82], 'text': 'ICO'},
                              {'indices': [125, 129], 'text': 'MVP'}],
                'symbols': [],
                'urls': [],
                'user_mentions': [ { 'id': 1064475558329937926,
                                     'id_str': '1064475558329937926',
                                     'indices': [3, 12],
                                     'name': 'BitValve Cryptocurrency Exchange',
                                     'screen_name': 'bitvalve'},
                                   { 'id': 764788651872096256,
                                     'id_str': '764788651872096256',
                                     'indices': [95, 108],
                                     'name': 'CoinSchedule',
                                     'screen_name': 'coinschedule'}]},
  'favorite_count': 0,
  'favorited': False,
  'geo': None,
  'id': 1156649370537865217,
  'id_str': '1156649370537865217',
  'in_reply_to_screen_name': None,
  'in_reply_to_status_id': None,
  'in_reply_to_status_id_str': None,
  'in_reply_to_user_id': None,
  'in_reply_to_user_id_str': None,
  'is_quote_status': False,
  'lang': 'en',
  'metadata': {'iso_language_code': 'en', 'result_type': 'recent'},
  'place': None,
  'retweet_count': 306,
  'retweeted': False,
  'retweeted_status': { 'contributors': None,
                        'coordinates': None,
                        'created_at': 'Wed Jul 31 11:58:57 +0000 2019',
                        'entities': { 'hashtags': [ { 'indices': [0, 9],
                                                      'text': 'BitValve'},
                                                    { 'indices': [10, 25],
                                                      'text': 'Cryptocurrency'},
                                                    { 'indices': [35, 39],
                                                      'text': 'ICO'},
                                                    { 'indices': [64, 68],
                                                      'text': 'ICO'},
                                                    { 'indices': [111, 115],
                                                      'text': 'MVP'}],
                                      'symbols': [],
                                      'urls': [ { 'display_url': 'twitter.com/i/web/status/1…',
                                                  'expanded_url': 'https://twitter.com/i/web/status/1156534713856724992',
                                                  'indices': [117, 140],
                                                  'url': 'https://t.co/aRoDetDZB2'}],
                                      'user_mentions': [ { 'id': 764788651872096256,
                                                           'id_str': '764788651872096256',
                                                           'indices': [81, 94],
                                                           'name': 'CoinSchedule',
                                                           'screen_name': 'coinschedule'}]},
                        'favorite_count': 238,
                        'favorited': False,
                        'geo': None,
                        'id': 1156534713856724992,
                        'id_str': '1156534713856724992',
                        'in_reply_to_screen_name': None,
                        'in_reply_to_status_id': None,
                        'in_reply_to_status_id_str': None,
                        'in_reply_to_user_id': None,
                        'in_reply_to_user_id_str': None,
                        'is_quote_status': False,
                        'lang': 'en',
                        'metadata': { 'iso_language_code': 'en',
                                      'result_type': 'recent'},
                        'place': None,
                        'possibly_sensitive': False,
                        'retweet_count': 306,
                        'retweeted': False,
                        'source': '<a href="https://mobile.twitter.com" '
                                  'rel="nofollow">Twitter Web App</a>',
                        'text': '#BitValve #Cryptocurrency Exchange #ICO is '
                                'rated among the best #ICO projects on '
                                '@coinschedule!\n'
                                '\n'
                                'Check out our #MVP… https://t.co/aRoDetDZB2',
                        'truncated': True,
                        'user': { 'contributors_enabled': False,
                                  'created_at': 'Mon Nov 19 11:08:44 +0000 '
                                                '2018',
                                  'default_profile': False,
                                  'default_profile_image': False,
                                  'description': 'Buy, Sell and Trade your '
                                                 'favorite Cryptocurrency '
                                                 'using any payment method '
                                                 'available!',
                                  'entities': { 'description': {'urls': []},
                                                'url': { 'urls': [ { 'display_url': 'bitvalve.com',
                                                                     'expanded_url': 'https://www.bitvalve.com/',
                                                                     'indices': [ 0,
                                                                                  23],
                                                                     'url': 'https://t.co/LZzpLQkNMY'}]}},
                                  'favourites_count': 25,
                                  'follow_request_sent': None,
                                  'followers_count': 5834,
                                  'following': None,
                                  'friends_count': 11,
                                  'geo_enabled': False,
                                  'has_extended_profile': True,
                                  'id': 1064475558329937926,
                                  'id_str': '1064475558329937926',
                                  'is_translation_enabled': False,
                                  'is_translator': False,
                                  'lang': None,
                                  'listed_count': 12,
                                  'location': 'Cyprus',
                                  'name': 'BitValve Cryptocurrency Exchange',
                                  'notifications': None,
                                  'profile_background_color': '000000',
                                  'profile_background_image_url': 'http://abs.twimg.com/images/themes/theme1/bg.png',
                                  'profile_background_image_url_https': 'https://abs.twimg.com/images/themes/theme1/bg.png',
                                  'profile_background_tile': False,
                                  'profile_banner_url': 'https://pbs.twimg.com/profile_banners/1064475558329937926/1549939623',
                                  'profile_image_url': 'http://pbs.twimg.com/profile_images/1095152392176324608/CTvAkgJ4_normal.jpg',
                                  'profile_image_url_https': 'https://pbs.twimg.com/profile_images/1095152392176324608/CTvAkgJ4_normal.jpg',
                                  'profile_link_color': '7FDBB6',
                                  'profile_sidebar_border_color': '000000',
                                  'profile_sidebar_fill_color': '000000',
                                  'profile_text_color': '000000',
                                  'profile_use_background_image': False,
                                  'protected': False,
                                  'screen_name': 'bitvalve',
                                  'statuses_count': 97,
                                  'time_zone': None,
                                  'translator_type': 'none',
                                  'url': 'https://t.co/LZzpLQkNMY',
                                  'utc_offset': None,
                                  'verified': False}},
  'source': '<a href="https://mobile.twitter.com" rel="nofollow">Twitter Web '
            'App</a>',
  'text': 'RT @bitvalve: #BitValve #Cryptocurrency Exchange #ICO is rated '
          'among the best #ICO projects on @coinschedule!\n'
          '\n'
          'Check out our #MVP at https:…',
  'truncated': False,
  'user': { 'contributors_enabled': False,
            'created_at': 'Sun Mar 10 10:49:32 +0000 2019',
            'default_profile': True,
            'default_profile_image': False,
            'description': 'взаимночитаю# blockchain, # ICO, # crowdsale, # '
                           'криптовалюта, # altcoin, # crowdsale, # і BTC, # '
                           'ETH, # Bitcoin, # BitcoinTalk, # дес антний, # '
                           'Баунт',
            'entities': {'description': {'urls': []}},
            'favourites_count': 137,
            'follow_request_sent': None,
            'followers_count': 1245,
            'following': None,
            'friends_count': 1454,
            'geo_enabled': False,
            'has_extended_profile': False,
            'id': 1104695777685921792,
            'id_str': '1104695777685921792',
            'is_translation_enabled': False,
            'is_translator': False,
            'lang': None,
            'listed_count': 2,
            'location': '',
            'name': 'Maksimus160683',
            'notifications': None,
            'profile_background_color': 'F5F8FA',
            'profile_background_image_url': None,
            'profile_background_image_url_https': None,
            'profile_background_tile': False,
            'profile_image_url': 'http://pbs.twimg.com/profile_images/1104695943541256193/rp5MLeWq_normal.jpg',
            'profile_image_url_https': 'https://pbs.twimg.com/profile_images/1104695943541256193/rp5MLeWq_normal.jpg',
            'profile_link_color': '1DA1F2',
            'profile_sidebar_border_color': 'C0DEED',
            'profile_sidebar_fill_color': 'DDEEF6',
            'profile_text_color': '333333',
            'profile_use_background_image': True,
            'protected': False,
            'screen_name': 'Maksimus1606831',
            'statuses_count': 308,
            'time_zone': None,
            'translator_type': 'none',
            'url': None,
            'utc_offset': None,
            'verified': False}}
----------Summary----------
{ 'entities': {},
  'id_str': '1156649370537865217',
  'retweeted_status': { 'entities': { 'urls': { 'display_url': 'twitter.com/i/web/status/1…',
                                                'expanded_url': 'https://twitter.com/i/web/status/1156534713856724992'}},
                        'id_str': '1156534713856724992',
                        'text': '#bitvalve #cryptocurrency exchange #ico is '
                                'rated among the best #ico projects on '
                                '@coinschedule!  check out our #mvp '
                                'https://t.co/arodetdzb2',
                        'user': { 'entities': {},
                                  'id_str': '1064475558329937926',
                                  'twitter_user': 'bitvalve'}},
  'text': 'rt @bitvalve: #bitvalve #cryptocurrency exchange #ico is rated '
          'among the best #ico projects on @coinschedule!  check out our #mvp '
          'at https:',
  'user': { 'entities': {},
            'id_str': '1104695777685921792',
            'twitter_user': 'Maksimus1606831'}}
----------Groups----------
{ 'Bitcoin': ['bitcoin', 'Bitcoin', 'btc', 'satoshi nakamoto'],
  'Ethereum': ['ethereum', 'Ethereum', 'eth', 'vitalik buterin'],
  'Litecoin': ['litecoin', 'Litecoin', 'ltc', 'charles lee'],
  'Monero': ['monero', 'Monero', 'xmr', 'riccardo spagni'],
  'Ripple': [ 'ripple',
              'Ripple',
              'xrp',
              'xrapid',
              'xcurrent',
              'chris larsen',
              'jed mccaleb']}
---------------------------Fetch-------2019-07-31 15:59:01.365807: Tweet filed under "misc":----------Data----------
{ 'contributors': None,
  'coordinates': None,
  'created_at': 'Wed Jul 31 19:32:34 +0000 2019',
  'entities': { 'hashtags': [ {'indices': [14, 23], 'text': 'BitValve'},
                              {'indices': [24, 39], 'text': 'Cryptocurrency'},
                              {'indices': [49, 53], 'text': 'ICO'},
                              {'indices': [78, 82], 'text': 'ICO'},
                              {'indices': [125, 129], 'text': 'MVP'}],
                'symbols': [],
                'urls': [],
                'user_mentions': [ { 'id': 1064475558329937926,
                                     'id_str': '1064475558329937926',
                                     'indices': [3, 12],
                                     'name': 'BitValve Cryptocurrency Exchange',
                                     'screen_name': 'bitvalve'},
                                   { 'id': 764788651872096256,
                                     'id_str': '764788651872096256',
                                     'indices': [95, 108],
                                     'name': 'CoinSchedule',
                                     'screen_name': 'coinschedule'}]},
  'favorite_count': 0,
  'favorited': False,
  'geo': None,
  'id': 1156648870484566016,
  'id_str': '1156648870484566016',
  'in_reply_to_screen_name': None,
  'in_reply_to_status_id': None,
  'in_reply_to_status_id_str': None,
  'in_reply_to_user_id': None,
  'in_reply_to_user_id_str': None,
  'is_quote_status': False,
  'lang': 'en',
  'metadata': {'iso_language_code': 'en', 'result_type': 'recent'},
  'place': None,
  'retweet_count': 306,
  'retweeted': False,
  'retweeted_status': { 'contributors': None,
                        'coordinates': None,
                        'created_at': 'Wed Jul 31 11:58:57 +0000 2019',
                        'entities': { 'hashtags': [ { 'indices': [0, 9],
                                                      'text': 'BitValve'},
                                                    { 'indices': [10, 25],
                                                      'text': 'Cryptocurrency'},
                                                    { 'indices': [35, 39],
                                                      'text': 'ICO'},
                                                    { 'indices': [64, 68],
                                                      'text': 'ICO'},
                                                    { 'indices': [111, 115],
                                                      'text': 'MVP'}],
                                      'symbols': [],
                                      'urls': [ { 'display_url': 'twitter.com/i/web/status/1…',
                                                  'expanded_url': 'https://twitter.com/i/web/status/1156534713856724992',
                                                  'indices': [117, 140],
                                                  'url': 'https://t.co/aRoDetDZB2'}],
                                      'user_mentions': [ { 'id': 764788651872096256,
                                                           'id_str': '764788651872096256',
                                                           'indices': [81, 94],
                                                           'name': 'CoinSchedule',
                                                           'screen_name': 'coinschedule'}]},
                        'favorite_count': 238,
                        'favorited': False,
                        'geo': None,
                        'id': 1156534713856724992,
                        'id_str': '1156534713856724992',
                        'in_reply_to_screen_name': None,
                        'in_reply_to_status_id': None,
                        'in_reply_to_status_id_str': None,
                        'in_reply_to_user_id': None,
                        'in_reply_to_user_id_str': None,
                        'is_quote_status': False,
                        'lang': 'en',
                        'metadata': { 'iso_language_code': 'en',
                                      'result_type': 'recent'},
                        'place': None,
                        'possibly_sensitive': False,
                        'retweet_count': 306,
                        'retweeted': False,
                        'source': '<a href="https://mobile.twitter.com" '
                                  'rel="nofollow">Twitter Web App</a>',
                        'text': '#BitValve #Cryptocurrency Exchange #ICO is '
                                'rated among the best #ICO projects on '
                                '@coinschedule!\n'
                                '\n'
                                'Check out our #MVP… https://t.co/aRoDetDZB2',
                        'truncated': True,
                        'user': { 'contributors_enabled': False,
                                  'created_at': 'Mon Nov 19 11:08:44 +0000 '
                                                '2018',
                                  'default_profile': False,
                                  'default_profile_image': False,
                                  'description': 'Buy, Sell and Trade your '
                                                 'favorite Cryptocurrency '
                                                 'using any payment method '
                                                 'available!',
                                  'entities': { 'description': {'urls': []},
                                                'url': { 'urls': [ { 'display_url': 'bitvalve.com',
                                                                     'expanded_url': 'https://www.bitvalve.com/',
                                                                     'indices': [ 0,
                                                                                  23],
                                                                     'url': 'https://t.co/LZzpLQkNMY'}]}},
                                  'favourites_count': 25,
                                  'follow_request_sent': None,
                                  'followers_count': 5834,
                                  'following': None,
                                  'friends_count': 11,
                                  'geo_enabled': False,
                                  'has_extended_profile': True,
                                  'id': 1064475558329937926,
                                  'id_str': '1064475558329937926',
                                  'is_translation_enabled': False,
                                  'is_translator': False,
                                  'lang': None,
                                  'listed_count': 12,
                                  'location': 'Cyprus',
                                  'name': 'BitValve Cryptocurrency Exchange',
                                  'notifications': None,
                                  'profile_background_color': '000000',
                                  'profile_background_image_url': 'http://abs.twimg.com/images/themes/theme1/bg.png',
                                  'profile_background_image_url_https': 'https://abs.twimg.com/images/themes/theme1/bg.png',
                                  'profile_background_tile': False,
                                  'profile_banner_url': 'https://pbs.twimg.com/profile_banners/1064475558329937926/1549939623',
                                  'profile_image_url': 'http://pbs.twimg.com/profile_images/1095152392176324608/CTvAkgJ4_normal.jpg',
                                  'profile_image_url_https': 'https://pbs.twimg.com/profile_images/1095152392176324608/CTvAkgJ4_normal.jpg',
                                  'profile_link_color': '7FDBB6',
                                  'profile_sidebar_border_color': '000000',
                                  'profile_sidebar_fill_color': '000000',
                                  'profile_text_color': '000000',
                                  'profile_use_background_image': False,
                                  'protected': False,
                                  'screen_name': 'bitvalve',
                                  'statuses_count': 97,
                                  'time_zone': None,
                                  'translator_type': 'none',
                                  'url': 'https://t.co/LZzpLQkNMY',
                                  'utc_offset': None,
                                  'verified': False}},
  'source': '<a href="https://mobile.twitter.com" rel="nofollow">Twitter Web '
            'App</a>',
  'text': 'RT @bitvalve: #BitValve #Cryptocurrency Exchange #ICO is rated '
          'among the best #ICO projects on @coinschedule!\n'
          '\n'
          'Check out our #MVP at https:…',
  'truncated': False,
  'user': { 'contributors_enabled': False,
            'created_at': 'Tue Jul 30 09:18:43 +0000 2019',
            'default_profile': True,
            'default_profile_image': False,
            'description': '#Investor #follwback #FOLLOW #bitcoin #bitcoin '
                           '#ico #bounty #RuFollowMe #Airdrops #криптовалюта '
                           '#Взаимныйфолловинг #RuFollowMe #Airdrops',
            'entities': {'description': {'urls': []}},
            'favourites_count': 6,
            'follow_request_sent': None,
            'followers_count': 5,
            'following': None,
            'friends_count': 79,
            'geo_enabled': False,
            'has_extended_profile': False,
            'id': 1156132001050746881,
            'id_str': '1156132001050746881',
            'is_translation_enabled': False,
            'is_translator': False,
            'lang': None,
            'listed_count': 0,
            'location': '',
            'name': 'саша',
            'notifications': None,
            'profile_background_color': 'F5F8FA',
            'profile_background_image_url': None,
            'profile_background_image_url_https': None,
            'profile_background_tile': False,
            'profile_image_url': 'http://pbs.twimg.com/profile_images/1156133120770564096/gPt86RLT_normal.jpg',
            'profile_image_url_https': 'https://pbs.twimg.com/profile_images/1156133120770564096/gPt86RLT_normal.jpg',
            'profile_link_color': '1DA1F2',
            'profile_sidebar_border_color': 'C0DEED',
            'profile_sidebar_fill_color': 'DDEEF6',
            'profile_text_color': '333333',
            'profile_use_background_image': True,
            'protected': False,
            'screen_name': '12sashka12',
            'statuses_count': 5,
            'time_zone': None,
            'translator_type': 'none',
            'url': None,
            'utc_offset': None,
            'verified': False}}
----------Summary----------
{ 'entities': {},
  'id_str': '1156648870484566016',
  'retweeted_status': { 'entities': { 'urls': { 'display_url': 'twitter.com/i/web/status/1…',
                                                'expanded_url': 'https://twitter.com/i/web/status/1156534713856724992'}},
                        'id_str': '1156534713856724992',
                        'text': '#bitvalve #cryptocurrency exchange #ico is '
                                'rated among the best #ico projects on '
                                '@coinschedule!  check out our #mvp '
                                'https://t.co/arodetdzb2',
                        'user': { 'entities': {},
                                  'id_str': '1064475558329937926',
                                  'twitter_user': 'bitvalve'}},
  'text': 'rt @bitvalve: #bitvalve #cryptocurrency exchange #ico is rated '
          'among the best #ico projects on @coinschedule!  check out our #mvp '
          'at https:',
  'user': { 'entities': {},
            'id_str': '1156132001050746881',
            'twitter_user': '12sashka12'}}
----------Groups----------
{ 'Bitcoin': ['bitcoin', 'Bitcoin', 'btc', 'satoshi nakamoto'],
  'Ethereum': ['ethereum', 'Ethereum', 'eth', 'vitalik buterin'],
  'Litecoin': ['litecoin', 'Litecoin', 'ltc', 'charles lee'],
  'Monero': ['monero', 'Monero', 'xmr', 'riccardo spagni'],
  'Ripple': [ 'ripple',
              'Ripple',
              'xrp',
              'xrapid',
              'xcurrent',
              'chris larsen',
              'jed mccaleb']}
---------------------------Fetch-------2019-07-31 15:59:03.125885: Tweet filed under "misc":----------Data----------
{ 'contributors': None,
  'coordinates': None,
  'created_at': 'Wed Jul 31 19:30:21 +0000 2019',
  'entities': { 'hashtags': [ {'indices': [19, 24], 'text': 'poll'},
                              {'indices': [43, 49], 'text': 'Libra'},
                              {'indices': [113, 124], 'text': 'blockchain'},
                              {'indices': [125, 133], 'text': 'payment'}],
                'symbols': [],
                'urls': [],
                'user_mentions': [ { 'id': 1054735021221777415,
                                     'id_str': '1054735021221777415',
                                     'indices': [3, 17],
                                     'name': 'Billy bucknut',
                                     'screen_name': 'Billy_bucknut'}]},
  'favorite_count': 0,
  'favorited': False,
  'geo': None,
  'id': 1156648310163333120,
  'id_str': '1156648310163333120',
  'in_reply_to_screen_name': None,
  'in_reply_to_status_id': None,
  'in_reply_to_status_id_str': None,
  'in_reply_to_user_id': None,
  'in_reply_to_user_id_str': None,
  'is_quote_status': False,
  'lang': 'en',
  'metadata': {'iso_language_code': 'en', 'result_type': 'recent'},
  'place': None,
  'retweet_count': 34,
  'retweeted': False,
  'retweeted_status': { 'contributors': None,
                        'coordinates': None,
                        'created_at': 'Wed Jul 10 08:09:07 +0000 2019',
                        'entities': { 'hashtags': [ { 'indices': [0, 5],
                                                      'text': 'poll'},
                                                    { 'indices': [24, 30],
                                                      'text': 'Libra'},
                                                    { 'indices': [94, 105],
                                                      'text': 'blockchain'},
                                                    { 'indices': [106, 114],
                                                      'text': 'payment'}],
                                      'symbols': [],
                                      'urls': [ { 'display_url': 'twitter.com/i/web/status/1…',
                                                  'expanded_url': 'https://twitter.com/i/web/status/1148866728077746176',
                                                  'indices': [116, 139],
                                                  'url': 'https://t.co/bTfeurlvKe'}],
                                      'user_mentions': []},
                        'favorite_count': 60,
                        'favorited': False,
                        'geo': None,
                        'id': 1148866728077746176,
                        'id_str': '1148866728077746176',
                        'in_reply_to_screen_name': None,
                        'in_reply_to_status_id': None,
                        'in_reply_to_status_id_str': None,
                        'in_reply_to_user_id': None,
                        'in_reply_to_user_id_str': None,
                        'is_quote_status': False,
                        'lang': 'en',
                        'metadata': { 'iso_language_code': 'en',
                                      'result_type': 'recent'},
                        'place': None,
                        'retweet_count': 34,
                        'retweeted': False,
                        'source': '<a '
                                  'href="http://twitter.com/download/android" '
                                  'rel="nofollow">Twitter for Android</a>',
                        'text': '#poll \n'
                                'With the talk of #Libra being introduced in '
                                '2020. \n'
                                'Who thinks this is will be a better '
                                '#blockchain #payment… https://t.co/bTfeurlvKe',
                        'truncated': True,
                        'user': { 'contributors_enabled': False,
                                  'created_at': 'Tue Oct 23 14:03:19 +0000 '
                                                '2018',
                                  'default_profile': True,
                                  'default_profile_image': False,
                                  'description': '#Blockchain Technology .',
                                  'entities': {'description': {'urls': []}},
                                  'favourites_count': 7128,
                                  'follow_request_sent': None,
                                  'followers_count': 516,
                                  'following': None,
                                  'friends_count': 1073,
                                  'geo_enabled': False,
                                  'has_extended_profile': False,
                                  'id': 1054735021221777415,
                                  'id_str': '1054735021221777415',
                                  'is_translation_enabled': False,
                                  'is_translator': False,
                                  'lang': None,
                                  'listed_count': 4,
                                  'location': 'England, United Kingdom',
                                  'name': 'Billy bucknut',
                                  'notifications': None,
                                  'profile_background_color': 'F5F8FA',
                                  'profile_background_image_url': None,
                                  'profile_background_image_url_https': None,
                                  'profile_background_tile': False,
                                  'profile_banner_url': 'https://pbs.twimg.com/profile_banners/1054735021221777415/1562251857',
                                  'profile_image_url': 'http://pbs.twimg.com/profile_images/1146793528275738624/0Mu9LMuU_normal.jpg',
                                  'profile_image_url_https': 'https://pbs.twimg.com/profile_images/1146793528275738624/0Mu9LMuU_normal.jpg',
                                  'profile_link_color': '1DA1F2',
                                  'profile_sidebar_border_color': 'C0DEED',
                                  'profile_sidebar_fill_color': 'DDEEF6',
                                  'profile_text_color': '333333',
                                  'profile_use_background_image': True,
                                  'protected': False,
                                  'screen_name': 'Billy_bucknut',
                                  'statuses_count': 4179,
                                  'time_zone': None,
                                  'translator_type': 'none',
                                  'url': None,
                                  'utc_offset': None,
                                  'verified': False}},
  'source': '<a href="https://trading-lifestyle.com/" rel="nofollow">Forex And '
            'Crypto Junkies</a>',
  'text': 'RT @Billy_bucknut: #poll \n'
          'With the talk of #Libra being introduced in 2020. \n'
          'Who thinks this is will be a better #blockchain #payment optio…',
  'truncated': False,
  'user': { 'contributors_enabled': False,
            'created_at': 'Mon Feb 19 14:02:31 +0000 2018',
            'default_profile': True,
            'default_profile_image': False,
            'description': 'Hi, I am the founder of https://t.co/2LslaTuRMK '
                           'Working in this industry is a life-long dream and '
                           'I hope it shows through my posts to anyone that '
                           'reads them.',
            'entities': { 'description': { 'urls': [ { 'display_url': 'FOREXTraders.Blog',
                                                       'expanded_url': 'http://FOREXTraders.Blog',
                                                       'indices': [24, 47],
                                                       'url': 'https://t.co/2LslaTuRMK'}]},
                          'url': { 'urls': [ { 'display_url': 'FOREXTraders.Blog',
                                               'expanded_url': 'http://FOREXTraders.Blog',
                                               'indices': [0, 23],
                                               'url': 'https://t.co/2LslaTuRMK'}]}},
            'favourites_count': 52058,
            'follow_request_sent': None,
            'followers_count': 4083,
            'following': None,
            'friends_count': 5002,
            'geo_enabled': True,
            'has_extended_profile': True,
            'id': 965587404076781568,
            'id_str': '965587404076781568',
            'is_translation_enabled': False,
            'is_translator': False,
            'lang': None,
            'listed_count': 38,
            'location': 'Clarksburg, MD',
            'name': 'Luis Nieves',
            'notifications': None,
            'profile_background_color': 'F5F8FA',
            'profile_background_image_url': None,
            'profile_background_image_url_https': None,
            'profile_background_tile': False,
            'profile_banner_url': 'https://pbs.twimg.com/profile_banners/965587404076781568/1524839501',
            'profile_image_url': 'http://pbs.twimg.com/profile_images/965593999707746304/cCGfJFSw_normal.jpg',
            'profile_image_url_https': 'https://pbs.twimg.com/profile_images/965593999707746304/cCGfJFSw_normal.jpg',
            'profile_link_color': '1DA1F2',
            'profile_sidebar_border_color': 'C0DEED',
            'profile_sidebar_fill_color': 'DDEEF6',
            'profile_text_color': '333333',
            'profile_use_background_image': True,
            'protected': False,
            'screen_name': 'fxtradersblog',
            'statuses_count': 7194,
            'time_zone': None,
            'translator_type': 'none',
            'url': 'https://t.co/2LslaTuRMK',
            'utc_offset': None,
            'verified': False}}
----------Summary----------
{ 'entities': {},
  'id_str': '1156648310163333120',
  'retweeted_status': { 'entities': { 'urls': { 'display_url': 'twitter.com/i/web/status/1…',
                                                'expanded_url': 'https://twitter.com/i/web/status/1148866728077746176'}},
                        'id_str': '1148866728077746176',
                        'text': '#poll  with the talk of #libra being '
                                'introduced in 2020.  who thinks this is will '
                                'be a better #blockchain #payment '
                                'https://t.co/btfeurlvke',
                        'user': { 'entities': {},
                                  'id_str': '1054735021221777415',
                                  'twitter_user': 'Billy_bucknut'}},
  'text': 'rt @billy_bucknut: #poll  with the talk of #libra being introduced '
          'in 2020.  who thinks this is will be a better #blockchain #payment '
          'optio',
  'user': { 'entities': {},
            'id_str': '965587404076781568',
            'twitter_user': 'fxtradersblog'}}
----------Groups----------
{ 'Bitcoin': ['bitcoin', 'Bitcoin', 'btc', 'satoshi nakamoto'],
  'Ethereum': ['ethereum', 'Ethereum', 'eth', 'vitalik buterin'],
  'Litecoin': ['litecoin', 'Litecoin', 'ltc', 'charles lee'],
  'Monero': ['monero', 'Monero', 'xmr', 'riccardo spagni'],
  'Ripple': [ 'ripple',
              'Ripple',
              'xrp',
              'xrapid',
              'xcurrent',
              'chris larsen',
              'jed mccaleb']}
---------------------------Fetch-------2019-07-31 15:59:04.847400: Tweet filed under "misc":----------Data----------
{ 'contributors': None,
  'coordinates': None,
  'created_at': 'Wed Jul 31 19:29:47 +0000 2019',
  'entities': { 'hashtags': [ {'indices': [19, 24], 'text': 'poll'},
                              {'indices': [43, 49], 'text': 'Libra'},
                              {'indices': [113, 124], 'text': 'blockchain'},
                              {'indices': [125, 133], 'text': 'payment'}],
                'symbols': [],
                'urls': [],
                'user_mentions': [ { 'id': 1054735021221777415,
                                     'id_str': '1054735021221777415',
                                     'indices': [3, 17],
                                     'name': 'Billy bucknut',
                                     'screen_name': 'Billy_bucknut'}]},
  'favorite_count': 0,
  'favorited': False,
  'geo': None,
  'id': 1156648169134071812,
  'id_str': '1156648169134071812',
  'in_reply_to_screen_name': None,
  'in_reply_to_status_id': None,
  'in_reply_to_status_id_str': None,
  'in_reply_to_user_id': None,
  'in_reply_to_user_id_str': None,
  'is_quote_status': False,
  'lang': 'en',
  'metadata': {'iso_language_code': 'en', 'result_type': 'recent'},
  'place': None,
  'retweet_count': 34,
  'retweeted': False,
  'retweeted_status': { 'contributors': None,
                        'coordinates': None,
                        'created_at': 'Wed Jul 10 08:09:07 +0000 2019',
                        'entities': { 'hashtags': [ { 'indices': [0, 5],
                                                      'text': 'poll'},
                                                    { 'indices': [24, 30],
                                                      'text': 'Libra'},
                                                    { 'indices': [94, 105],
                                                      'text': 'blockchain'},
                                                    { 'indices': [106, 114],
                                                      'text': 'payment'}],
                                      'symbols': [],
                                      'urls': [ { 'display_url': 'twitter.com/i/web/status/1…',
                                                  'expanded_url': 'https://twitter.com/i/web/status/1148866728077746176',
                                                  'indices': [116, 139],
                                                  'url': 'https://t.co/bTfeurlvKe'}],
                                      'user_mentions': []},
                        'favorite_count': 60,
                        'favorited': False,
                        'geo': None,
                        'id': 1148866728077746176,
                        'id_str': '1148866728077746176',
                        'in_reply_to_screen_name': None,
                        'in_reply_to_status_id': None,
                        'in_reply_to_status_id_str': None,
                        'in_reply_to_user_id': None,
                        'in_reply_to_user_id_str': None,
                        'is_quote_status': False,
                        'lang': 'en',
                        'metadata': { 'iso_language_code': 'en',
                                      'result_type': 'recent'},
                        'place': None,
                        'retweet_count': 34,
                        'retweeted': False,
                        'source': '<a '
                                  'href="http://twitter.com/download/android" '
                                  'rel="nofollow">Twitter for Android</a>',
                        'text': '#poll \n'
                                'With the talk of #Libra being introduced in '
                                '2020. \n'
                                'Who thinks this is will be a better '
                                '#blockchain #payment… https://t.co/bTfeurlvKe',
                        'truncated': True,
                        'user': { 'contributors_enabled': False,
                                  'created_at': 'Tue Oct 23 14:03:19 +0000 '
                                                '2018',
                                  'default_profile': True,
                                  'default_profile_image': False,
                                  'description': '#Blockchain Technology .',
                                  'entities': {'description': {'urls': []}},
                                  'favourites_count': 7128,
                                  'follow_request_sent': None,
                                  'followers_count': 516,
                                  'following': None,
                                  'friends_count': 1073,
                                  'geo_enabled': False,
                                  'has_extended_profile': False,
                                  'id': 1054735021221777415,
                                  'id_str': '1054735021221777415',
                                  'is_translation_enabled': False,
                                  'is_translator': False,
                                  'lang': None,
                                  'listed_count': 4,
                                  'location': 'England, United Kingdom',
                                  'name': 'Billy bucknut',
                                  'notifications': None,
                                  'profile_background_color': 'F5F8FA',
                                  'profile_background_image_url': None,
                                  'profile_background_image_url_https': None,
                                  'profile_background_tile': False,
                                  'profile_banner_url': 'https://pbs.twimg.com/profile_banners/1054735021221777415/1562251857',
                                  'profile_image_url': 'http://pbs.twimg.com/profile_images/1146793528275738624/0Mu9LMuU_normal.jpg',
                                  'profile_image_url_https': 'https://pbs.twimg.com/profile_images/1146793528275738624/0Mu9LMuU_normal.jpg',
                                  'profile_link_color': '1DA1F2',
                                  'profile_sidebar_border_color': 'C0DEED',
                                  'profile_sidebar_fill_color': 'DDEEF6',
                                  'profile_text_color': '333333',
                                  'profile_use_background_image': True,
                                  'protected': False,
                                  'screen_name': 'Billy_bucknut',
                                  'statuses_count': 4179,
                                  'time_zone': None,
                                  'translator_type': 'none',
                                  'url': None,
                                  'utc_offset': None,
                                  'verified': False}},
  'source': '<a href="http://twitter.com/download/iphone" '
            'rel="nofollow">Twitter for iPhone</a>',
  'text': 'RT @Billy_bucknut: #poll \n'
          'With the talk of #Libra being introduced in 2020. \n'
          'Who thinks this is will be a better #blockchain #payment optio…',
  'truncated': False,
  'user': { 'contributors_enabled': False,
            'created_at': 'Tue May 08 14:53:55 +0000 2012',
            'default_profile': False,
            'default_profile_image': False,
            'description': '₿lockchain enthousiast😎 From pit to bit. Gold is '
                           'old – bit is hip! Passive income; $WGR #NEM #Nash '
                           '$NEX #NEO Crypto card; #WIREX Wagerr #5WaysToWin '
                           '#BestOdds',
            'entities': {'description': {'urls': []}},
            'favourites_count': 1657,
            'follow_request_sent': None,
            'followers_count': 948,
            'following': None,
            'friends_count': 3835,
            'geo_enabled': False,
            'has_extended_profile': False,
            'id': 574618296,
            'id_str': '574618296',
            'is_translation_enabled': False,
            'is_translator': False,
            'lang': None,
            'listed_count': 2,
            'location': '',
            'name': 'Marnix ₿ruin',
            'notifications': None,
            'profile_background_color': '000000',
            'profile_background_image_url': 'http://abs.twimg.com/images/themes/theme1/bg.png',
            'profile_background_image_url_https': 'https://abs.twimg.com/images/themes/theme1/bg.png',
            'profile_background_tile': False,
            'profile_banner_url': 'https://pbs.twimg.com/profile_banners/574618296/1534781391',
            'profile_image_url': 'http://pbs.twimg.com/profile_images/1142795388354813953/vtVtcGKG_normal.jpg',
            'profile_image_url_https': 'https://pbs.twimg.com/profile_images/1142795388354813953/vtVtcGKG_normal.jpg',
            'profile_link_color': 'ABB8C2',
            'profile_sidebar_border_color': '000000',
            'profile_sidebar_fill_color': '000000',
            'profile_text_color': '000000',
            'profile_use_background_image': False,
            'protected': False,
            'screen_name': 'MarnixBruin',
            'statuses_count': 1347,
            'time_zone': None,
            'translator_type': 'none',
            'url': None,
            'utc_offset': None,
            'verified': False}}
----------Summary----------
{ 'entities': {},
  'id_str': '1156648169134071812',
  'retweeted_status': { 'entities': { 'urls': { 'display_url': 'twitter.com/i/web/status/1…',
                                                'expanded_url': 'https://twitter.com/i/web/status/1148866728077746176'}},
                        'id_str': '1148866728077746176',
                        'text': '#poll  with the talk of #libra being '
                                'introduced in 2020.  who thinks this is will '
                                'be a better #blockchain #payment '
                                'https://t.co/btfeurlvke',
                        'user': { 'entities': {},
                                  'id_str': '1054735021221777415',
                                  'twitter_user': 'Billy_bucknut'}},
  'text': 'rt @billy_bucknut: #poll  with the talk of #libra being introduced '
          'in 2020.  who thinks this is will be a better #blockchain #payment '
          'optio',
  'user': { 'entities': {},
            'id_str': '574618296',
            'twitter_user': 'MarnixBruin'}}
----------Groups----------
{ 'Bitcoin': ['bitcoin', 'Bitcoin', 'btc', 'satoshi nakamoto'],
  'Ethereum': ['ethereum', 'Ethereum', 'eth', 'vitalik buterin'],
  'Litecoin': ['litecoin', 'Litecoin', 'ltc', 'charles lee'],
  'Monero': ['monero', 'Monero', 'xmr', 'riccardo spagni'],
  'Ripple': [ 'ripple',
              'Ripple',
              'xrp',
              'xrapid',
              'xcurrent',
              'chris larsen',
              'jed mccaleb']}
---------------------------Fetch-------2019-07-31 15:59:05.156478: Tweet filed under "misc":----------Data----------
{ 'contributors': None,
  'coordinates': None,
  'created_at': 'Wed Jul 31 19:29:43 +0000 2019',
  'entities': { 'hashtags': [ {'indices': [14, 23], 'text': 'BitValve'},
                              {'indices': [24, 39], 'text': 'Cryptocurrency'},
                              {'indices': [49, 53], 'text': 'ICO'},
                              {'indices': [78, 82], 'text': 'ICO'},
                              {'indices': [125, 129], 'text': 'MVP'}],
                'symbols': [],
                'urls': [],
                'user_mentions': [ { 'id': 1064475558329937926,
                                     'id_str': '1064475558329937926',
                                     'indices': [3, 12],
                                     'name': 'BitValve Cryptocurrency Exchange',
                                     'screen_name': 'bitvalve'},
                                   { 'id': 764788651872096256,
                                     'id_str': '764788651872096256',
                                     'indices': [95, 108],
                                     'name': 'CoinSchedule',
                                     'screen_name': 'coinschedule'}]},
  'favorite_count': 0,
  'favorited': False,
  'geo': None,
  'id': 1156648151866138631,
  'id_str': '1156648151866138631',
  'in_reply_to_screen_name': None,
  'in_reply_to_status_id': None,
  'in_reply_to_status_id_str': None,
  'in_reply_to_user_id': None,
  'in_reply_to_user_id_str': None,
  'is_quote_status': False,
  'lang': 'en',
  'metadata': {'iso_language_code': 'en', 'result_type': 'recent'},
  'place': None,
  'retweet_count': 306,
  'retweeted': False,
  'retweeted_status': { 'contributors': None,
                        'coordinates': None,
                        'created_at': 'Wed Jul 31 11:58:57 +0000 2019',
                        'entities': { 'hashtags': [ { 'indices': [0, 9],
                                                      'text': 'BitValve'},
                                                    { 'indices': [10, 25],
                                                      'text': 'Cryptocurrency'},
                                                    { 'indices': [35, 39],
                                                      'text': 'ICO'},
                                                    { 'indices': [64, 68],
                                                      'text': 'ICO'},
                                                    { 'indices': [111, 115],
                                                      'text': 'MVP'}],
                                      'symbols': [],
                                      'urls': [ { 'display_url': 'twitter.com/i/web/status/1…',
                                                  'expanded_url': 'https://twitter.com/i/web/status/1156534713856724992',
                                                  'indices': [117, 140],
                                                  'url': 'https://t.co/aRoDetDZB2'}],
                                      'user_mentions': [ { 'id': 764788651872096256,
                                                           'id_str': '764788651872096256',
                                                           'indices': [81, 94],
                                                           'name': 'CoinSchedule',
                                                           'screen_name': 'coinschedule'}]},
                        'favorite_count': 238,
                        'favorited': False,
                        'geo': None,
                        'id': 1156534713856724992,
                        'id_str': '1156534713856724992',
                        'in_reply_to_screen_name': None,
                        'in_reply_to_status_id': None,
                        'in_reply_to_status_id_str': None,
                        'in_reply_to_user_id': None,
                        'in_reply_to_user_id_str': None,
                        'is_quote_status': False,
                        'lang': 'en',
                        'metadata': { 'iso_language_code': 'en',
                                      'result_type': 'recent'},
                        'place': None,
                        'possibly_sensitive': False,
                        'retweet_count': 306,
                        'retweeted': False,
                        'source': '<a href="https://mobile.twitter.com" '
                                  'rel="nofollow">Twitter Web App</a>',
                        'text': '#BitValve #Cryptocurrency Exchange #ICO is '
                                'rated among the best #ICO projects on '
                                '@coinschedule!\n'
                                '\n'
                                'Check out our #MVP… https://t.co/aRoDetDZB2',
                        'truncated': True,
                        'user': { 'contributors_enabled': False,
                                  'created_at': 'Mon Nov 19 11:08:44 +0000 '
                                                '2018',
                                  'default_profile': False,
                                  'default_profile_image': False,
                                  'description': 'Buy, Sell and Trade your '
                                                 'favorite Cryptocurrency '
                                                 'using any payment method '
                                                 'available!',
                                  'entities': { 'description': {'urls': []},
                                                'url': { 'urls': [ { 'display_url': 'bitvalve.com',
                                                                     'expanded_url': 'https://www.bitvalve.com/',
                                                                     'indices': [ 0,
                                                                                  23],
                                                                     'url': 'https://t.co/LZzpLQkNMY'}]}},
                                  'favourites_count': 25,
                                  'follow_request_sent': None,
                                  'followers_count': 5834,
                                  'following': None,
                                  'friends_count': 11,
                                  'geo_enabled': False,
                                  'has_extended_profile': True,
                                  'id': 1064475558329937926,
                                  'id_str': '1064475558329937926',
                                  'is_translation_enabled': False,
                                  'is_translator': False,
                                  'lang': None,
                                  'listed_count': 12,
                                  'location': 'Cyprus',
                                  'name': 'BitValve Cryptocurrency Exchange',
                                  'notifications': None,
                                  'profile_background_color': '000000',
                                  'profile_background_image_url': 'http://abs.twimg.com/images/themes/theme1/bg.png',
                                  'profile_background_image_url_https': 'https://abs.twimg.com/images/themes/theme1/bg.png',
                                  'profile_background_tile': False,
                                  'profile_banner_url': 'https://pbs.twimg.com/profile_banners/1064475558329937926/1549939623',
                                  'profile_image_url': 'http://pbs.twimg.com/profile_images/1095152392176324608/CTvAkgJ4_normal.jpg',
                                  'profile_image_url_https': 'https://pbs.twimg.com/profile_images/1095152392176324608/CTvAkgJ4_normal.jpg',
                                  'profile_link_color': '7FDBB6',
                                  'profile_sidebar_border_color': '000000',
                                  'profile_sidebar_fill_color': '000000',
                                  'profile_text_color': '000000',
                                  'profile_use_background_image': False,
                                  'protected': False,
                                  'screen_name': 'bitvalve',
                                  'statuses_count': 97,
                                  'time_zone': None,
                                  'translator_type': 'none',
                                  'url': 'https://t.co/LZzpLQkNMY',
                                  'utc_offset': None,
                                  'verified': False}},
  'source': '<a href="https://mobile.twitter.com" rel="nofollow">Twitter Web '
            'App</a>',
  'text': 'RT @bitvalve: #BitValve #Cryptocurrency Exchange #ICO is rated '
          'among the best #ICO projects on @coinschedule!\n'
          '\n'
          'Check out our #MVP at https:…',
  'truncated': False,
  'user': { 'contributors_enabled': False,
            'created_at': 'Sat Apr 13 17:59:54 +0000 2019',
            'default_profile': True,
            'default_profile_image': True,
            'description': 'logist',
            'entities': {'description': {'urls': []}},
            'favourites_count': 13,
            'follow_request_sent': None,
            'followers_count': 0,
            'following': None,
            'friends_count': 24,
            'geo_enabled': False,
            'has_extended_profile': False,
            'id': 1117125271877029888,
            'id_str': '1117125271877029888',
            'is_translation_enabled': False,
            'is_translator': False,
            'lang': None,
            'listed_count': 0,
            'location': '',
            'name': 'Иван',
            'notifications': None,
            'profile_background_color': 'F5F8FA',
            'profile_background_image_url': None,
            'profile_background_image_url_https': None,
            'profile_background_tile': False,
            'profile_image_url': 'http://abs.twimg.com/sticky/default_profile_images/default_profile_normal.png',
            'profile_image_url_https': 'https://abs.twimg.com/sticky/default_profile_images/default_profile_normal.png',
            'profile_link_color': '1DA1F2',
            'profile_sidebar_border_color': 'C0DEED',
            'profile_sidebar_fill_color': 'DDEEF6',
            'profile_text_color': '333333',
            'profile_use_background_image': True,
            'protected': False,
            'screen_name': 'zc8tpdQ0EFLyX3T',
            'statuses_count': 29,
            'time_zone': None,
            'translator_type': 'none',
            'url': None,
            'utc_offset': None,
            'verified': False}}
----------Summary----------
{ 'entities': {},
  'id_str': '1156648151866138631',
  'retweeted_status': { 'entities': { 'urls': { 'display_url': 'twitter.com/i/web/status/1…',
                                                'expanded_url': 'https://twitter.com/i/web/status/1156534713856724992'}},
                        'id_str': '1156534713856724992',
                        'text': '#bitvalve #cryptocurrency exchange #ico is '
                                'rated among the best #ico projects on '
                                '@coinschedule!  check out our #mvp '
                                'https://t.co/arodetdzb2',
                        'user': { 'entities': {},
                                  'id_str': '1064475558329937926',
                                  'twitter_user': 'bitvalve'}},
  'text': 'rt @bitvalve: #bitvalve #cryptocurrency exchange #ico is rated '
          'among the best #ico projects on @coinschedule!  check out our #mvp '
          'at https:',
  'user': { 'entities': {},
            'id_str': '1117125271877029888',
            'twitter_user': 'zc8tpdQ0EFLyX3T'}}
----------Groups----------
{ 'Bitcoin': ['bitcoin', 'Bitcoin', 'btc', 'satoshi nakamoto'],
  'Ethereum': ['ethereum', 'Ethereum', 'eth', 'vitalik buterin'],
  'Litecoin': ['litecoin', 'Litecoin', 'ltc', 'charles lee'],
  'Monero': ['monero', 'Monero', 'xmr', 'riccardo spagni'],
  'Ripple': [ 'ripple',
              'Ripple',
              'xrp',
              'xrapid',
              'xcurrent',
              'chris larsen',
              'jed mccaleb']}
---------------------------Fetch-------2019-07-31 15:59:09.147508: Tweet filed under "misc":----------Data----------
{ 'contributors': None,
  'coordinates': None,
  'created_at': 'Wed Jul 31 19:28:19 +0000 2019',
  'entities': { 'hashtags': [ {'indices': [14, 23], 'text': 'BitValve'},
                              {'indices': [24, 39], 'text': 'Cryptocurrency'},
                              {'indices': [49, 53], 'text': 'ICO'},
                              {'indices': [78, 82], 'text': 'ICO'},
                              {'indices': [125, 129], 'text': 'MVP'}],
                'symbols': [],
                'urls': [],
                'user_mentions': [ { 'id': 1064475558329937926,
                                     'id_str': '1064475558329937926',
                                     'indices': [3, 12],
                                     'name': 'BitValve Cryptocurrency Exchange',
                                     'screen_name': 'bitvalve'},
                                   { 'id': 764788651872096256,
                                     'id_str': '764788651872096256',
                                     'indices': [95, 108],
                                     'name': 'CoinSchedule',
                                     'screen_name': 'coinschedule'}]},
  'favorite_count': 0,
  'favorited': False,
  'geo': None,
  'id': 1156647801213685760,
  'id_str': '1156647801213685760',
  'in_reply_to_screen_name': None,
  'in_reply_to_status_id': None,
  'in_reply_to_status_id_str': None,
  'in_reply_to_user_id': None,
  'in_reply_to_user_id_str': None,
  'is_quote_status': False,
  'lang': 'en',
  'metadata': {'iso_language_code': 'en', 'result_type': 'recent'},
  'place': None,
  'retweet_count': 306,
  'retweeted': False,
  'retweeted_status': { 'contributors': None,
                        'coordinates': None,
                        'created_at': 'Wed Jul 31 11:58:57 +0000 2019',
                        'entities': { 'hashtags': [ { 'indices': [0, 9],
                                                      'text': 'BitValve'},
                                                    { 'indices': [10, 25],
                                                      'text': 'Cryptocurrency'},
                                                    { 'indices': [35, 39],
                                                      'text': 'ICO'},
                                                    { 'indices': [64, 68],
                                                      'text': 'ICO'},
                                                    { 'indices': [111, 115],
                                                      'text': 'MVP'}],
                                      'symbols': [],
                                      'urls': [ { 'display_url': 'twitter.com/i/web/status/1…',
                                                  'expanded_url': 'https://twitter.com/i/web/status/1156534713856724992',
                                                  'indices': [117, 140],
                                                  'url': 'https://t.co/aRoDetDZB2'}],
                                      'user_mentions': [ { 'id': 764788651872096256,
                                                           'id_str': '764788651872096256',
                                                           'indices': [81, 94],
                                                           'name': 'CoinSchedule',
                                                           'screen_name': 'coinschedule'}]},
                        'favorite_count': 238,
                        'favorited': False,
                        'geo': None,
                        'id': 1156534713856724992,
                        'id_str': '1156534713856724992',
                        'in_reply_to_screen_name': None,
                        'in_reply_to_status_id': None,
                        'in_reply_to_status_id_str': None,
                        'in_reply_to_user_id': None,
                        'in_reply_to_user_id_str': None,
                        'is_quote_status': False,
                        'lang': 'en',
                        'metadata': { 'iso_language_code': 'en',
                                      'result_type': 'recent'},
                        'place': None,
                        'possibly_sensitive': False,
                        'retweet_count': 306,
                        'retweeted': False,
                        'source': '<a href="https://mobile.twitter.com" '
                                  'rel="nofollow">Twitter Web App</a>',
                        'text': '#BitValve #Cryptocurrency Exchange #ICO is '
                                'rated among the best #ICO projects on '
                                '@coinschedule!\n'
                                '\n'
                                'Check out our #MVP… https://t.co/aRoDetDZB2',
                        'truncated': True,
                        'user': { 'contributors_enabled': False,
                                  'created_at': 'Mon Nov 19 11:08:44 +0000 '
                                                '2018',
                                  'default_profile': False,
                                  'default_profile_image': False,
                                  'description': 'Buy, Sell and Trade your '
                                                 'favorite Cryptocurrency '
                                                 'using any payment method '
                                                 'available!',
                                  'entities': { 'description': {'urls': []},
                                                'url': { 'urls': [ { 'display_url': 'bitvalve.com',
                                                                     'expanded_url': 'https://www.bitvalve.com/',
                                                                     'indices': [ 0,
                                                                                  23],
                                                                     'url': 'https://t.co/LZzpLQkNMY'}]}},
                                  'favourites_count': 25,
                                  'follow_request_sent': None,
                                  'followers_count': 5834,
                                  'following': None,
                                  'friends_count': 11,
                                  'geo_enabled': False,
                                  'has_extended_profile': True,
                                  'id': 1064475558329937926,
                                  'id_str': '1064475558329937926',
                                  'is_translation_enabled': False,
                                  'is_translator': False,
                                  'lang': None,
                                  'listed_count': 12,
                                  'location': 'Cyprus',
                                  'name': 'BitValve Cryptocurrency Exchange',
                                  'notifications': None,
                                  'profile_background_color': '000000',
                                  'profile_background_image_url': 'http://abs.twimg.com/images/themes/theme1/bg.png',
                                  'profile_background_image_url_https': 'https://abs.twimg.com/images/themes/theme1/bg.png',
                                  'profile_background_tile': False,
                                  'profile_banner_url': 'https://pbs.twimg.com/profile_banners/1064475558329937926/1549939623',
                                  'profile_image_url': 'http://pbs.twimg.com/profile_images/1095152392176324608/CTvAkgJ4_normal.jpg',
                                  'profile_image_url_https': 'https://pbs.twimg.com/profile_images/1095152392176324608/CTvAkgJ4_normal.jpg',
                                  'profile_link_color': '7FDBB6',
                                  'profile_sidebar_border_color': '000000',
                                  'profile_sidebar_fill_color': '000000',
                                  'profile_text_color': '000000',
                                  'profile_use_background_image': False,
                                  'protected': False,
                                  'screen_name': 'bitvalve',
                                  'statuses_count': 97,
                                  'time_zone': None,
                                  'translator_type': 'none',
                                  'url': 'https://t.co/LZzpLQkNMY',
                                  'utc_offset': None,
                                  'verified': False}},
  'source': '<a href="https://mobile.twitter.com" rel="nofollow">Twitter Web '
            'App</a>',
  'text': 'RT @bitvalve: #BitValve #Cryptocurrency Exchange #ICO is rated '
          'among the best #ICO projects on @coinschedule!\n'
          '\n'
          'Check out our #MVP at https:…',
  'truncated': False,
  'user': { 'contributors_enabled': False,
            'created_at': 'Sat Jul 27 01:09:11 +0000 2019',
            'default_profile': True,
            'default_profile_image': False,
            'description': '',
            'entities': {'description': {'urls': []}},
            'favourites_count': 31,
            'follow_request_sent': None,
            'followers_count': 3,
            'following': None,
            'friends_count': 50,
            'geo_enabled': False,
            'has_extended_profile': True,
            'id': 1154921640808947712,
            'id_str': '1154921640808947712',
            'is_translation_enabled': False,
            'is_translator': False,
            'lang': None,
            'listed_count': 0,
            'location': 'Bangladesh',
            'name': 'Md Sohel Hossain',
            'notifications': None,
            'profile_background_color': 'F5F8FA',
            'profile_background_image_url': None,
            'profile_background_image_url_https': None,
            'profile_background_tile': False,
            'profile_image_url': 'http://pbs.twimg.com/profile_images/1154922134126252032/1li8URsi_normal.jpg',
            'profile_image_url_https': 'https://pbs.twimg.com/profile_images/1154922134126252032/1li8URsi_normal.jpg',
            'profile_link_color': '1DA1F2',
            'profile_sidebar_border_color': 'C0DEED',
            'profile_sidebar_fill_color': 'DDEEF6',
            'profile_text_color': '333333',
            'profile_use_background_image': True,
            'protected': False,
            'screen_name': 'MdSohel80262202',
            'statuses_count': 30,
            'time_zone': None,
            'translator_type': 'none',
            'url': None,
            'utc_offset': None,
            'verified': False}}
----------Summary----------
{ 'entities': {},
  'id_str': '1156647801213685760',
  'retweeted_status': { 'entities': { 'urls': { 'display_url': 'twitter.com/i/web/status/1…',
                                                'expanded_url': 'https://twitter.com/i/web/status/1156534713856724992'}},
                        'id_str': '1156534713856724992',
                        'text': '#bitvalve #cryptocurrency exchange #ico is '
                                'rated among the best #ico projects on '
                                '@coinschedule!  check out our #mvp '
                                'https://t.co/arodetdzb2',
                        'user': { 'entities': {},
                                  'id_str': '1064475558329937926',
                                  'twitter_user': 'bitvalve'}},
  'text': 'rt @bitvalve: #bitvalve #cryptocurrency exchange #ico is rated '
          'among the best #ico projects on @coinschedule!  check out our #mvp '
          'at https:',
  'user': { 'entities': {},
            'id_str': '1154921640808947712',
            'twitter_user': 'MdSohel80262202'}}
----------Groups----------
{ 'Bitcoin': ['bitcoin', 'Bitcoin', 'btc', 'satoshi nakamoto'],
  'Ethereum': ['ethereum', 'Ethereum', 'eth', 'vitalik buterin'],
  'Litecoin': ['litecoin', 'Litecoin', 'ltc', 'charles lee'],
  'Monero': ['monero', 'Monero', 'xmr', 'riccardo spagni'],
  'Ripple': [ 'ripple',
              'Ripple',
              'xrp',
              'xrapid',
              'xcurrent',
              'chris larsen',
              'jed mccaleb']}
---------------------------Fetch-------2019-07-31 15:59:11.812273: Tweet filed under "misc":----------Data----------
{ 'contributors': None,
  'coordinates': None,
  'created_at': 'Wed Jul 31 19:52:56 +0000 2019',
  'entities': { 'hashtags': [ {'indices': [14, 23], 'text': 'BitValve'},
                              {'indices': [24, 39], 'text': 'Cryptocurrency'},
                              {'indices': [49, 53], 'text': 'ICO'},
                              {'indices': [78, 82], 'text': 'ICO'},
                              {'indices': [125, 129], 'text': 'MVP'}],
                'symbols': [],
                'urls': [],
                'user_mentions': [ { 'id': 1064475558329937926,
                                     'id_str': '1064475558329937926',
                                     'indices': [3, 12],
                                     'name': 'BitValve Cryptocurrency Exchange',
                                     'screen_name': 'bitvalve'},
                                   { 'id': 764788651872096256,
                                     'id_str': '764788651872096256',
                                     'indices': [95, 108],
                                     'name': 'CoinSchedule',
                                     'screen_name': 'coinschedule'}]},
  'favorite_count': 0,
  'favorited': False,
  'geo': None,
  'id': 1156653995882139649,
  'id_str': '1156653995882139649',
  'in_reply_to_screen_name': None,
  'in_reply_to_status_id': None,
  'in_reply_to_status_id_str': None,
  'in_reply_to_user_id': None,
  'in_reply_to_user_id_str': None,
  'is_quote_status': False,
  'lang': 'en',
  'metadata': {'iso_language_code': 'en', 'result_type': 'recent'},
  'place': None,
  'retweet_count': 306,
  'retweeted': False,
  'retweeted_status': { 'contributors': None,
                        'coordinates': None,
                        'created_at': 'Wed Jul 31 11:58:57 +0000 2019',
                        'entities': { 'hashtags': [ { 'indices': [0, 9],
                                                      'text': 'BitValve'},
                                                    { 'indices': [10, 25],
                                                      'text': 'Cryptocurrency'},
                                                    { 'indices': [35, 39],
                                                      'text': 'ICO'},
                                                    { 'indices': [64, 68],
                                                      'text': 'ICO'},
                                                    { 'indices': [111, 115],
                                                      'text': 'MVP'}],
                                      'symbols': [],
                                      'urls': [ { 'display_url': 'twitter.com/i/web/status/1…',
                                                  'expanded_url': 'https://twitter.com/i/web/status/1156534713856724992',
                                                  'indices': [117, 140],
                                                  'url': 'https://t.co/aRoDetDZB2'}],
                                      'user_mentions': [ { 'id': 764788651872096256,
                                                           'id_str': '764788651872096256',
                                                           'indices': [81, 94],
                                                           'name': 'CoinSchedule',
                                                           'screen_name': 'coinschedule'}]},
                        'favorite_count': 238,
                        'favorited': False,
                        'geo': None,
                        'id': 1156534713856724992,
                        'id_str': '1156534713856724992',
                        'in_reply_to_screen_name': None,
                        'in_reply_to_status_id': None,
                        'in_reply_to_status_id_str': None,
                        'in_reply_to_user_id': None,
                        'in_reply_to_user_id_str': None,
                        'is_quote_status': False,
                        'lang': 'en',
                        'metadata': { 'iso_language_code': 'en',
                                      'result_type': 'recent'},
                        'place': None,
                        'possibly_sensitive': False,
                        'retweet_count': 306,
                        'retweeted': False,
                        'source': '<a href="https://mobile.twitter.com" '
                                  'rel="nofollow">Twitter Web App</a>',
                        'text': '#BitValve #Cryptocurrency Exchange #ICO is '
                                'rated among the best #ICO projects on '
                                '@coinschedule!\n'
                                '\n'
                                'Check out our #MVP… https://t.co/aRoDetDZB2',
                        'truncated': True,
                        'user': { 'contributors_enabled': False,
                                  'created_at': 'Mon Nov 19 11:08:44 +0000 '
                                                '2018',
                                  'default_profile': False,
                                  'default_profile_image': False,
                                  'description': 'Buy, Sell and Trade your '
                                                 'favorite Cryptocurrency '
                                                 'using any payment method '
                                                 'available!',
                                  'entities': { 'description': {'urls': []},
                                                'url': { 'urls': [ { 'display_url': 'bitvalve.com',
                                                                     'expanded_url': 'https://www.bitvalve.com/',
                                                                     'indices': [ 0,
                                                                                  23],
                                                                     'url': 'https://t.co/LZzpLQkNMY'}]}},
                                  'favourites_count': 25,
                                  'follow_request_sent': None,
                                  'followers_count': 5834,
                                  'following': None,
                                  'friends_count': 11,
                                  'geo_enabled': False,
                                  'has_extended_profile': True,
                                  'id': 1064475558329937926,
                                  'id_str': '1064475558329937926',
                                  'is_translation_enabled': False,
                                  'is_translator': False,
                                  'lang': None,
                                  'listed_count': 12,
                                  'location': 'Cyprus',
                                  'name': 'BitValve Cryptocurrency Exchange',
                                  'notifications': None,
                                  'profile_background_color': '000000',
                                  'profile_background_image_url': 'http://abs.twimg.com/images/themes/theme1/bg.png',
                                  'profile_background_image_url_https': 'https://abs.twimg.com/images/themes/theme1/bg.png',
                                  'profile_background_tile': False,
                                  'profile_banner_url': 'https://pbs.twimg.com/profile_banners/1064475558329937926/1549939623',
                                  'profile_image_url': 'http://pbs.twimg.com/profile_images/1095152392176324608/CTvAkgJ4_normal.jpg',
                                  'profile_image_url_https': 'https://pbs.twimg.com/profile_images/1095152392176324608/CTvAkgJ4_normal.jpg',
                                  'profile_link_color': '7FDBB6',
                                  'profile_sidebar_border_color': '000000',
                                  'profile_sidebar_fill_color': '000000',
                                  'profile_text_color': '000000',
                                  'profile_use_background_image': False,
                                  'protected': False,
                                  'screen_name': 'bitvalve',
                                  'statuses_count': 97,
                                  'time_zone': None,
                                  'translator_type': 'none',
                                  'url': 'https://t.co/LZzpLQkNMY',
                                  'utc_offset': None,
                                  'verified': False}},
  'source': '<a href="https://mobile.twitter.com" rel="nofollow">Twitter Web '
            'App</a>',
  'text': 'RT @bitvalve: #BitValve #Cryptocurrency Exchange #ICO is rated '
          'among the best #ICO projects on @coinschedule!\n'
          '\n'
          'Check out our #MVP at https:…',
  'truncated': False,
  'user': { 'contributors_enabled': False,
            'created_at': 'Sat Apr 13 18:41:00 +0000 2019',
            'default_profile': True,
            'default_profile_image': False,
            'description': '',
            'entities': {'description': {'urls': []}},
            'favourites_count': 59,
            'follow_request_sent': None,
            'followers_count': 14,
            'following': None,
            'friends_count': 230,
            'geo_enabled': False,
            'has_extended_profile': False,
            'id': 1117135615731093504,
            'id_str': '1117135615731093504',
            'is_translation_enabled': False,
            'is_translator': False,
            'lang': None,
            'listed_count': 0,
            'location': '',
            'name': 'Pavlo Shakhno',
            'notifications': None,
            'profile_background_color': 'F5F8FA',
            'profile_background_image_url': None,
            'profile_background_image_url_https': None,
            'profile_background_tile': False,
            'profile_image_url': 'http://pbs.twimg.com/profile_images/1117137001038393346/AuIglsHI_normal.jpg',
            'profile_image_url_https': 'https://pbs.twimg.com/profile_images/1117137001038393346/AuIglsHI_normal.jpg',
            'profile_link_color': '1DA1F2',
            'profile_sidebar_border_color': 'C0DEED',
            'profile_sidebar_fill_color': 'DDEEF6',
            'profile_text_color': '333333',
            'profile_use_background_image': True,
            'protected': False,
            'screen_name': 'Pavlo42685595',
            'statuses_count': 200,
            'time_zone': None,
            'translator_type': 'none',
            'url': None,
            'utc_offset': None,
            'verified': False}}
----------Summary----------
{ 'entities': {},
  'id_str': '1156653995882139649',
  'retweeted_status': { 'entities': { 'urls': { 'display_url': 'twitter.com/i/web/status/1…',
                                                'expanded_url': 'https://twitter.com/i/web/status/1156534713856724992'}},
                        'id_str': '1156534713856724992',
                        'text': '#bitvalve #cryptocurrency exchange #ico is '
                                'rated among the best #ico projects on '
                                '@coinschedule!  check out our #mvp '
                                'https://t.co/arodetdzb2',
                        'user': { 'entities': {},
                                  'id_str': '1064475558329937926',
                                  'twitter_user': 'bitvalve'}},
  'text': 'rt @bitvalve: #bitvalve #cryptocurrency exchange #ico is rated '
          'among the best #ico projects on @coinschedule!  check out our #mvp '
          'at https:',
  'user': { 'entities': {},
            'id_str': '1117135615731093504',
            'twitter_user': 'Pavlo42685595'}}
----------Groups----------
{ 'Bitcoin': ['bitcoin', 'Bitcoin', 'btc', 'satoshi nakamoto'],
  'Ethereum': ['ethereum', 'Ethereum', 'eth', 'vitalik buterin'],
  'Litecoin': ['litecoin', 'Litecoin', 'ltc', 'charles lee'],
  'Monero': ['monero', 'Monero', 'xmr', 'riccardo spagni'],
  'Ripple': [ 'ripple',
              'Ripple',
              'xrp',
              'xrapid',
              'xcurrent',
              'chris larsen',
              'jed mccaleb']}
---------------------------Fetch-------2019-07-31 15:59:12.646020: Tweet filed under "misc":----------Data----------
{ 'contributors': None,
  'coordinates': None,
  'created_at': 'Wed Jul 31 19:51:00 +0000 2019',
  'entities': { 'hashtags': [ {'indices': [14, 23], 'text': 'BitValve'},
                              {'indices': [24, 39], 'text': 'Cryptocurrency'},
                              {'indices': [49, 53], 'text': 'ICO'},
                              {'indices': [78, 82], 'text': 'ICO'},
                              {'indices': [125, 129], 'text': 'MVP'}],
                'symbols': [],
                'urls': [],
                'user_mentions': [ { 'id': 1064475558329937926,
                                     'id_str': '1064475558329937926',
                                     'indices': [3, 12],
                                     'name': 'BitValve Cryptocurrency Exchange',
                                     'screen_name': 'bitvalve'},
                                   { 'id': 764788651872096256,
                                     'id_str': '764788651872096256',
                                     'indices': [95, 108],
                                     'name': 'CoinSchedule',
                                     'screen_name': 'coinschedule'}]},
  'favorite_count': 0,
  'favorited': False,
  'geo': None,
  'id': 1156653508357062656,
  'id_str': '1156653508357062656',
  'in_reply_to_screen_name': None,
  'in_reply_to_status_id': None,
  'in_reply_to_status_id_str': None,
  'in_reply_to_user_id': None,
  'in_reply_to_user_id_str': None,
  'is_quote_status': False,
  'lang': 'en',
  'metadata': {'iso_language_code': 'en', 'result_type': 'recent'},
  'place': None,
  'retweet_count': 306,
  'retweeted': False,
  'retweeted_status': { 'contributors': None,
                        'coordinates': None,
                        'created_at': 'Wed Jul 31 11:58:57 +0000 2019',
                        'entities': { 'hashtags': [ { 'indices': [0, 9],
                                                      'text': 'BitValve'},
                                                    { 'indices': [10, 25],
                                                      'text': 'Cryptocurrency'},
                                                    { 'indices': [35, 39],
                                                      'text': 'ICO'},
                                                    { 'indices': [64, 68],
                                                      'text': 'ICO'},
                                                    { 'indices': [111, 115],
                                                      'text': 'MVP'}],
                                      'symbols': [],
                                      'urls': [ { 'display_url': 'twitter.com/i/web/status/1…',
                                                  'expanded_url': 'https://twitter.com/i/web/status/1156534713856724992',
                                                  'indices': [117, 140],
                                                  'url': 'https://t.co/aRoDetDZB2'}],
                                      'user_mentions': [ { 'id': 764788651872096256,
                                                           'id_str': '764788651872096256',
                                                           'indices': [81, 94],
                                                           'name': 'CoinSchedule',
                                                           'screen_name': 'coinschedule'}]},
                        'favorite_count': 238,
                        'favorited': False,
                        'geo': None,
                        'id': 1156534713856724992,
                        'id_str': '1156534713856724992',
                        'in_reply_to_screen_name': None,
                        'in_reply_to_status_id': None,
                        'in_reply_to_status_id_str': None,
                        'in_reply_to_user_id': None,
                        'in_reply_to_user_id_str': None,
                        'is_quote_status': False,
                        'lang': 'en',
                        'metadata': { 'iso_language_code': 'en',
                                      'result_type': 'recent'},
                        'place': None,
                        'possibly_sensitive': False,
                        'retweet_count': 306,
                        'retweeted': False,
                        'source': '<a href="https://mobile.twitter.com" '
                                  'rel="nofollow">Twitter Web App</a>',
                        'text': '#BitValve #Cryptocurrency Exchange #ICO is '
                                'rated among the best #ICO projects on '
                                '@coinschedule!\n'
                                '\n'
                                'Check out our #MVP… https://t.co/aRoDetDZB2',
                        'truncated': True,
                        'user': { 'contributors_enabled': False,
                                  'created_at': 'Mon Nov 19 11:08:44 +0000 '
                                                '2018',
                                  'default_profile': False,
                                  'default_profile_image': False,
                                  'description': 'Buy, Sell and Trade your '
                                                 'favorite Cryptocurrency '
                                                 'using any payment method '
                                                 'available!',
                                  'entities': { 'description': {'urls': []},
                                                'url': { 'urls': [ { 'display_url': 'bitvalve.com',
                                                                     'expanded_url': 'https://www.bitvalve.com/',
                                                                     'indices': [ 0,
                                                                                  23],
                                                                     'url': 'https://t.co/LZzpLQkNMY'}]}},
                                  'favourites_count': 25,
                                  'follow_request_sent': None,
                                  'followers_count': 5834,
                                  'following': None,
                                  'friends_count': 11,
                                  'geo_enabled': False,
                                  'has_extended_profile': True,
                                  'id': 1064475558329937926,
                                  'id_str': '1064475558329937926',
                                  'is_translation_enabled': False,
                                  'is_translator': False,
                                  'lang': None,
                                  'listed_count': 12,
                                  'location': 'Cyprus',
                                  'name': 'BitValve Cryptocurrency Exchange',
                                  'notifications': None,
                                  'profile_background_color': '000000',
                                  'profile_background_image_url': 'http://abs.twimg.com/images/themes/theme1/bg.png',
                                  'profile_background_image_url_https': 'https://abs.twimg.com/images/themes/theme1/bg.png',
                                  'profile_background_tile': False,
                                  'profile_banner_url': 'https://pbs.twimg.com/profile_banners/1064475558329937926/1549939623',
                                  'profile_image_url': 'http://pbs.twimg.com/profile_images/1095152392176324608/CTvAkgJ4_normal.jpg',
                                  'profile_image_url_https': 'https://pbs.twimg.com/profile_images/1095152392176324608/CTvAkgJ4_normal.jpg',
                                  'profile_link_color': '7FDBB6',
                                  'profile_sidebar_border_color': '000000',
                                  'profile_sidebar_fill_color': '000000',
                                  'profile_text_color': '000000',
                                  'profile_use_background_image': False,
                                  'protected': False,
                                  'screen_name': 'bitvalve',
                                  'statuses_count': 97,
                                  'time_zone': None,
                                  'translator_type': 'none',
                                  'url': 'https://t.co/LZzpLQkNMY',
                                  'utc_offset': None,
                                  'verified': False}},
  'source': '<a href="http://twitter.com/download/android" '
            'rel="nofollow">Twitter for Android</a>',
  'text': 'RT @bitvalve: #BitValve #Cryptocurrency Exchange #ICO is rated '
          'among the best #ICO projects on @coinschedule!\n'
          '\n'
          'Check out our #MVP at https:…',
  'truncated': False,
  'user': { 'contributors_enabled': False,
            'created_at': 'Mon Mar 18 15:42:43 +0000 2019',
            'default_profile': True,
            'default_profile_image': False,
            'description': 'yang penting yakin',
            'entities': {'description': {'urls': []}},
            'favourites_count': 116,
            'follow_request_sent': None,
            'followers_count': 19,
            'following': None,
            'friends_count': 208,
            'geo_enabled': False,
            'has_extended_profile': False,
            'id': 1107668662125617152,
            'id_str': '1107668662125617152',
            'is_translation_enabled': False,
            'is_translator': False,
            'lang': None,
            'listed_count': 1,
            'location': 'Jawa Timur, Indonesia',
            'name': 'sinyo',
            'notifications': None,
            'profile_background_color': 'F5F8FA',
            'profile_background_image_url': None,
            'profile_background_image_url_https': None,
            'profile_background_tile': False,
            'profile_image_url': 'http://pbs.twimg.com/profile_images/1107669490760712194/nXPZW3Mo_normal.jpg',
            'profile_image_url_https': 'https://pbs.twimg.com/profile_images/1107669490760712194/nXPZW3Mo_normal.jpg',
            'profile_link_color': '1DA1F2',
            'profile_sidebar_border_color': 'C0DEED',
            'profile_sidebar_fill_color': 'DDEEF6',
            'profile_text_color': '333333',
            'profile_use_background_image': True,
            'protected': False,
            'screen_name': 'sinnyo87',
            'statuses_count': 376,
            'time_zone': None,
            'translator_type': 'none',
            'url': None,
            'utc_offset': None,
            'verified': False}}
----------Summary----------
{ 'entities': {},
  'id_str': '1156653508357062656',
  'retweeted_status': { 'entities': { 'urls': { 'display_url': 'twitter.com/i/web/status/1…',
                                                'expanded_url': 'https://twitter.com/i/web/status/1156534713856724992'}},
                        'id_str': '1156534713856724992',
                        'text': '#bitvalve #cryptocurrency exchange #ico is '
                                'rated among the best #ico projects on '
                                '@coinschedule!  check out our #mvp '
                                'https://t.co/arodetdzb2',
                        'user': { 'entities': {},
                                  'id_str': '1064475558329937926',
                                  'twitter_user': 'bitvalve'}},
  'text': 'rt @bitvalve: #bitvalve #cryptocurrency exchange #ico is rated '
          'among the best #ico projects on @coinschedule!  check out our #mvp '
          'at https:',
  'user': { 'entities': {},
            'id_str': '1107668662125617152',
            'twitter_user': 'sinnyo87'}}
----------Groups----------
{ 'Bitcoin': ['bitcoin', 'Bitcoin', 'btc', 'satoshi nakamoto'],
  'Ethereum': ['ethereum', 'Ethereum', 'eth', 'vitalik buterin'],
  'Litecoin': ['litecoin', 'Litecoin', 'ltc', 'charles lee'],
  'Monero': ['monero', 'Monero', 'xmr', 'riccardo spagni'],
  'Ripple': [ 'ripple',
              'Ripple',
              'xrp',
              'xrapid',
              'xcurrent',
              'chris larsen',
              'jed mccaleb']}
---------------------------Fetch-------2019-07-31 15:59:15.499786: Tweet filed under "misc":----------Data----------
{ 'contributors': None,
  'coordinates': None,
  'created_at': 'Wed Jul 31 19:47:17 +0000 2019',
  'entities': { 'hashtags': [],
                'symbols': [],
                'urls': [ { 'display_url': 'twitter.com/i/web/status/1…',
                            'expanded_url': 'https://twitter.com/i/web/status/1156652574080028672',
                            'indices': [117, 140],
                            'url': 'https://t.co/a1swggKjwr'}],
                'user_mentions': [ { 'id': 26448153,
                                     'id_str': '26448153',
                                     'indices': [0, 10],
                                     'name': 'johnkimofficial.com ⚡️Chief LTC '
                                             'Evangelist🌏',
                                     'screen_name': 'johnkim77'}]},
  'favorite_count': 0,
  'favorited': False,
  'geo': None,
  'id': 1156652574080028672,
  'id_str': '1156652574080028672',
  'in_reply_to_screen_name': 'johnkim77',
  'in_reply_to_status_id': 1156650331100471296,
  'in_reply_to_status_id_str': '1156650331100471296',
  'in_reply_to_user_id': 26448153,
  'in_reply_to_user_id_str': '26448153',
  'is_quote_status': False,
  'lang': 'en',
  'metadata': {'iso_language_code': 'en', 'result_type': 'recent'},
  'place': None,
  'retweet_count': 0,
  'retweeted': False,
  'source': '<a href="http://twitter.com/download/iphone" '
            'rel="nofollow">Twitter for iPhone</a>',
  'text': '@johnkim77 John, it was wonderful to interview you! You were '
          'engaging, articulate, and fun. Forgot to mention I bou… '
          'https://t.co/a1swggKjwr',
  'truncated': True,
  'user': { 'contributors_enabled': False,
            'created_at': 'Mon Mar 12 21:52:37 +0000 2012',
            'default_profile': False,
            'default_profile_image': False,
            'description': 'TV host for This is SF, @lifesiteco Co-founder, '
                           'Stanford grad (Human Bio), Miss California and 1st '
                           'Runner Up Miss America 2014',
            'entities': { 'description': {'urls': []},
                          'url': { 'urls': [ { 'display_url': 'crystalalee.com',
                                               'expanded_url': 'http://www.crystalalee.com',
                                               'indices': [0, 23],
                                               'url': 'https://t.co/AuH92KfQ7C'}]}},
            'favourites_count': 1451,
            'follow_request_sent': None,
            'followers_count': 2096,
            'following': None,
            'friends_count': 714,
            'geo_enabled': True,
            'has_extended_profile': True,
            'id': 522613479,
            'id_str': '522613479',
            'is_translation_enabled': False,
            'is_translator': False,
            'lang': None,
            'listed_count': 50,
            'location': 'San Francisco, CA',
            'name': 'Crystal Lee',
            'notifications': None,
            'profile_background_color': 'F8F8F8',
            'profile_background_image_url': 'http://abs.twimg.com/images/themes/theme1/bg.png',
            'profile_background_image_url_https': 'https://abs.twimg.com/images/themes/theme1/bg.png',
            'profile_background_tile': False,
            'profile_banner_url': 'https://pbs.twimg.com/profile_banners/522613479/1484072939',
            'profile_image_url': 'http://pbs.twimg.com/profile_images/1154842661632692224/NzQ_FmGs_normal.jpg',
            'profile_image_url_https': 'https://pbs.twimg.com/profile_images/1154842661632692224/NzQ_FmGs_normal.jpg',
            'profile_link_color': '0A7E33',
            'profile_sidebar_border_color': 'FFFFFF',
            'profile_sidebar_fill_color': 'DDEEF6',
            'profile_text_color': '333333',
            'profile_use_background_image': False,
            'protected': False,
            'screen_name': 'crizzlelee',
            'statuses_count': 2790,
            'time_zone': None,
            'translator_type': 'none',
            'url': 'https://t.co/AuH92KfQ7C',
            'utc_offset': None,
            'verified': True}}
----------Summary----------
{ 'entities': { 'urls': { 'display_url': 'twitter.com/i/web/status/1…',
                          'expanded_url': 'https://twitter.com/i/web/status/1156652574080028672'}},
  'id_str': '1156652574080028672',
  'text': '@johnkim77 john, it was wonderful to interview you! you were '
          'engaging, articulate, and fun. forgot to mention i bou '
          'https://t.co/a1swggkjwr',
  'user': {'entities': {}, 'id_str': '522613479', 'twitter_user': 'crizzlelee'}}
----------Groups----------
{ 'Bitcoin': ['bitcoin', 'Bitcoin', 'btc', 'satoshi nakamoto'],
  'Ethereum': ['ethereum', 'Ethereum', 'eth', 'vitalik buterin'],
  'Litecoin': ['litecoin', 'Litecoin', 'ltc', 'charles lee'],
  'Monero': ['monero', 'Monero', 'xmr', 'riccardo spagni'],
  'Ripple': [ 'ripple',
              'Ripple',
              'xrp',
              'xrapid',
              'xcurrent',
              'chris larsen',
              'jed mccaleb']}
---------------------------Fetch-------2019-07-31 15:59:16.523155: Tweet filed under "misc":----------Data----------
{ 'contributors': None,
  'coordinates': None,
  'created_at': 'Wed Jul 31 19:45:38 +0000 2019',
  'entities': { 'hashtags': [],
                'symbols': [],
                'urls': [ { 'display_url': 'ift.tt/2N3TzNH',
                            'expanded_url': 'https://ift.tt/2N3TzNH',
                            'indices': [85, 108],
                            'url': 'https://t.co/4iFD5NRVGd'},
                          { 'display_url': 'twitter.com/i/web/status/1…',
                            'expanded_url': 'https://twitter.com/i/web/status/1156652155857752064',
                            'indices': [110, 133],
                            'url': 'https://t.co/ScuZMvkaqk'}],
                'user_mentions': []},
  'favorite_count': 0,
  'favorited': False,
  'geo': None,
  'id': 1156652155857752064,
  'id_str': '1156652155857752064',
  'in_reply_to_screen_name': None,
  'in_reply_to_status_id': None,
  'in_reply_to_status_id_str': None,
  'in_reply_to_user_id': None,
  'in_reply_to_user_id_str': None,
  'is_quote_status': False,
  'lang': 'en',
  'metadata': {'iso_language_code': 'en', 'result_type': 'recent'},
  'place': None,
  'possibly_sensitive': False,
  'retweet_count': 0,
  'retweeted': False,
  'source': '<a href="https://ifttt.com" rel="nofollow">IFTTT</a>',
  'text': 'This indexing crypto strategy will make you a millionaire. '
          'Explained with nice cars! https://t.co/4iFD5NRVGd… '
          'https://t.co/ScuZMvkaqk',
  'truncated': True,
  'user': { 'contributors_enabled': False,
            'created_at': 'Sun Jan 16 15:01:33 +0000 2011',
            'default_profile': False,
            'default_profile_image': False,
            'description': 'Find out your diversification score and build a '
                           'professional crypto portfolio holding the '
                           'millionth of supply of the top crypto currencies  '
                           'by market cap.',
            'entities': { 'description': {'urls': []},
                          'url': { 'urls': [ { 'display_url': 'cryptomillionaireapp.com',
                                               'expanded_url': 'http://cryptomillionaireapp.com',
                                               'indices': [0, 23],
                                               'url': 'https://t.co/A23Iuq00jz'}]}},
            'favourites_count': 20042,
            'follow_request_sent': None,
            'followers_count': 3157,
            'following': None,
            'friends_count': 2654,
            'geo_enabled': False,
            'has_extended_profile': False,
            'id': 238994600,
            'id_str': '238994600',
            'is_translation_enabled': False,
            'is_translator': False,
            'lang': None,
            'listed_count': 30,
            'location': 'Florida, USA',
            'name': 'Crypto Millionaire App',
            'notifications': None,
            'profile_background_color': '010214',
            'profile_background_image_url': 'http://abs.twimg.com/images/themes/theme1/bg.png',
            'profile_background_image_url_https': 'https://abs.twimg.com/images/themes/theme1/bg.png',
            'profile_background_tile': True,
            'profile_banner_url': 'https://pbs.twimg.com/profile_banners/238994600/1392703364',
            'profile_image_url': 'http://pbs.twimg.com/profile_images/1032310032900214784/hTqDFthb_normal.jpg',
            'profile_image_url_https': 'https://pbs.twimg.com/profile_images/1032310032900214784/hTqDFthb_normal.jpg',
            'profile_link_color': '038543',
            'profile_sidebar_border_color': 'FFFFFF',
            'profile_sidebar_fill_color': 'DDEEF6',
            'profile_text_color': '333333',
            'profile_use_background_image': True,
            'protected': False,
            'screen_name': 'eagletwitt3r',
            'statuses_count': 20562,
            'time_zone': None,
            'translator_type': 'none',
            'url': 'https://t.co/A23Iuq00jz',
            'utc_offset': None,
            'verified': False}}
----------Summary----------
{ 'entities': { 'urls': { 'display_url': 'twitter.com/i/web/status/1…',
                          'expanded_url': 'https://twitter.com/i/web/status/1156652155857752064'}},
  'id_str': '1156652155857752064',
  'text': 'this indexing crypto strategy will make you a millionaire. '
          'explained with nice cars! https://t.co/4ifd5nrvgd '
          'https://t.co/scuzmvkaqk',
  'user': { 'entities': {},
            'id_str': '238994600',
            'twitter_user': 'eagletwitt3r'}}
----------Groups----------
{ 'Bitcoin': ['bitcoin', 'Bitcoin', 'btc', 'satoshi nakamoto'],
  'Ethereum': ['ethereum', 'Ethereum', 'eth', 'vitalik buterin'],
  'Litecoin': ['litecoin', 'Litecoin', 'ltc', 'charles lee'],
  'Monero': ['monero', 'Monero', 'xmr', 'riccardo spagni'],
  'Ripple': [ 'ripple',
              'Ripple',
              'xrp',
              'xrapid',
              'xcurrent',
              'chris larsen',
              'jed mccaleb']}
---------------------------Fetch-------2019-07-31 15:59:17.230555: Tweet filed under "misc":----------Data----------
{ 'contributors': None,
  'coordinates': None,
  'created_at': 'Wed Jul 31 19:44:10 +0000 2019',
  'entities': { 'hashtags': [ {'indices': [14, 23], 'text': 'BitValve'},
                              {'indices': [24, 39], 'text': 'Cryptocurrency'},
                              {'indices': [49, 53], 'text': 'ICO'},
                              {'indices': [78, 82], 'text': 'ICO'},
                              {'indices': [125, 129], 'text': 'MVP'}],
                'symbols': [],
                'urls': [],
                'user_mentions': [ { 'id': 1064475558329937926,
                                     'id_str': '1064475558329937926',
                                     'indices': [3, 12],
                                     'name': 'BitValve Cryptocurrency Exchange',
                                     'screen_name': 'bitvalve'},
                                   { 'id': 764788651872096256,
                                     'id_str': '764788651872096256',
                                     'indices': [95, 108],
                                     'name': 'CoinSchedule',
                                     'screen_name': 'coinschedule'}]},
  'favorite_count': 0,
  'favorited': False,
  'geo': None,
  'id': 1156651789514616836,
  'id_str': '1156651789514616836',
  'in_reply_to_screen_name': None,
  'in_reply_to_status_id': None,
  'in_reply_to_status_id_str': None,
  'in_reply_to_user_id': None,
  'in_reply_to_user_id_str': None,
  'is_quote_status': False,
  'lang': 'en',
  'metadata': {'iso_language_code': 'en', 'result_type': 'recent'},
  'place': None,
  'retweet_count': 306,
  'retweeted': False,
  'retweeted_status': { 'contributors': None,
                        'coordinates': None,
                        'created_at': 'Wed Jul 31 11:58:57 +0000 2019',
                        'entities': { 'hashtags': [ { 'indices': [0, 9],
                                                      'text': 'BitValve'},
                                                    { 'indices': [10, 25],
                                                      'text': 'Cryptocurrency'},
                                                    { 'indices': [35, 39],
                                                      'text': 'ICO'},
                                                    { 'indices': [64, 68],
                                                      'text': 'ICO'},
                                                    { 'indices': [111, 115],
                                                      'text': 'MVP'}],
                                      'symbols': [],
                                      'urls': [ { 'display_url': 'twitter.com/i/web/status/1…',
                                                  'expanded_url': 'https://twitter.com/i/web/status/1156534713856724992',
                                                  'indices': [117, 140],
                                                  'url': 'https://t.co/aRoDetDZB2'}],
                                      'user_mentions': [ { 'id': 764788651872096256,
                                                           'id_str': '764788651872096256',
                                                           'indices': [81, 94],
                                                           'name': 'CoinSchedule',
                                                           'screen_name': 'coinschedule'}]},
                        'favorite_count': 238,
                        'favorited': False,
                        'geo': None,
                        'id': 1156534713856724992,
                        'id_str': '1156534713856724992',
                        'in_reply_to_screen_name': None,
                        'in_reply_to_status_id': None,
                        'in_reply_to_status_id_str': None,
                        'in_reply_to_user_id': None,
                        'in_reply_to_user_id_str': None,
                        'is_quote_status': False,
                        'lang': 'en',
                        'metadata': { 'iso_language_code': 'en',
                                      'result_type': 'recent'},
                        'place': None,
                        'possibly_sensitive': False,
                        'retweet_count': 306,
                        'retweeted': False,
                        'source': '<a href="https://mobile.twitter.com" '
                                  'rel="nofollow">Twitter Web App</a>',
                        'text': '#BitValve #Cryptocurrency Exchange #ICO is '
                                'rated among the best #ICO projects on '
                                '@coinschedule!\n'
                                '\n'
                                'Check out our #MVP… https://t.co/aRoDetDZB2',
                        'truncated': True,
                        'user': { 'contributors_enabled': False,
                                  'created_at': 'Mon Nov 19 11:08:44 +0000 '
                                                '2018',
                                  'default_profile': False,
                                  'default_profile_image': False,
                                  'description': 'Buy, Sell and Trade your '
                                                 'favorite Cryptocurrency '
                                                 'using any payment method '
                                                 'available!',
                                  'entities': { 'description': {'urls': []},
                                                'url': { 'urls': [ { 'display_url': 'bitvalve.com',
                                                                     'expanded_url': 'https://www.bitvalve.com/',
                                                                     'indices': [ 0,
                                                                                  23],
                                                                     'url': 'https://t.co/LZzpLQkNMY'}]}},
                                  'favourites_count': 25,
                                  'follow_request_sent': None,
                                  'followers_count': 5834,
                                  'following': None,
                                  'friends_count': 11,
                                  'geo_enabled': False,
                                  'has_extended_profile': True,
                                  'id': 1064475558329937926,
                                  'id_str': '1064475558329937926',
                                  'is_translation_enabled': False,
                                  'is_translator': False,
                                  'lang': None,
                                  'listed_count': 12,
                                  'location': 'Cyprus',
                                  'name': 'BitValve Cryptocurrency Exchange',
                                  'notifications': None,
                                  'profile_background_color': '000000',
                                  'profile_background_image_url': 'http://abs.twimg.com/images/themes/theme1/bg.png',
                                  'profile_background_image_url_https': 'https://abs.twimg.com/images/themes/theme1/bg.png',
                                  'profile_background_tile': False,
                                  'profile_banner_url': 'https://pbs.twimg.com/profile_banners/1064475558329937926/1549939623',
                                  'profile_image_url': 'http://pbs.twimg.com/profile_images/1095152392176324608/CTvAkgJ4_normal.jpg',
                                  'profile_image_url_https': 'https://pbs.twimg.com/profile_images/1095152392176324608/CTvAkgJ4_normal.jpg',
                                  'profile_link_color': '7FDBB6',
                                  'profile_sidebar_border_color': '000000',
                                  'profile_sidebar_fill_color': '000000',
                                  'profile_text_color': '000000',
                                  'profile_use_background_image': False,
                                  'protected': False,
                                  'screen_name': 'bitvalve',
                                  'statuses_count': 97,
                                  'time_zone': None,
                                  'translator_type': 'none',
                                  'url': 'https://t.co/LZzpLQkNMY',
                                  'utc_offset': None,
                                  'verified': False}},
  'source': '<a href="https://mobile.twitter.com" rel="nofollow">Twitter Web '
            'App</a>',
  'text': 'RT @bitvalve: #BitValve #Cryptocurrency Exchange #ICO is rated '
          'among the best #ICO projects on @coinschedule!\n'
          '\n'
          'Check out our #MVP at https:…',
  'truncated': False,
  'user': { 'contributors_enabled': False,
            'created_at': 'Fri Jul 20 21:37:55 +0000 2018',
            'default_profile': False,
            'default_profile_image': False,
            'description': '',
            'entities': {'description': {'urls': []}},
            'favourites_count': 523,
            'follow_request_sent': None,
            'followers_count': 429,
            'following': None,
            'friends_count': 1012,
            'geo_enabled': False,
            'has_extended_profile': True,
            'id': 1020422575971815424,
            'id_str': '1020422575971815424',
            'is_translation_enabled': False,
            'is_translator': False,
            'lang': None,
            'listed_count': 2,
            'location': 'Türkiye',
            'name': 'v.butyerim',
            'notifications': None,
            'profile_background_color': '000000',
            'profile_background_image_url': 'http://abs.twimg.com/images/themes/theme1/bg.png',
            'profile_background_image_url_https': 'https://abs.twimg.com/images/themes/theme1/bg.png',
            'profile_background_tile': False,
            'profile_image_url': 'http://pbs.twimg.com/profile_images/1020428562871078912/EtnuXqkJ_normal.jpg',
            'profile_image_url_https': 'https://pbs.twimg.com/profile_images/1020428562871078912/EtnuXqkJ_normal.jpg',
            'profile_link_color': 'E81C4F',
            'profile_sidebar_border_color': '000000',
            'profile_sidebar_fill_color': '000000',
            'profile_text_color': '000000',
            'profile_use_background_image': False,
            'protected': False,
            'screen_name': 'butyerim',
            'statuses_count': 651,
            'time_zone': None,
            'translator_type': 'none',
            'url': None,
            'utc_offset': None,
            'verified': False}}
----------Summary----------
{ 'entities': {},
  'id_str': '1156651789514616836',
  'retweeted_status': { 'entities': { 'urls': { 'display_url': 'twitter.com/i/web/status/1…',
                                                'expanded_url': 'https://twitter.com/i/web/status/1156534713856724992'}},
                        'id_str': '1156534713856724992',
                        'text': '#bitvalve #cryptocurrency exchange #ico is '
                                'rated among the best #ico projects on '
                                '@coinschedule!  check out our #mvp '
                                'https://t.co/arodetdzb2',
                        'user': { 'entities': {},
                                  'id_str': '1064475558329937926',
                                  'twitter_user': 'bitvalve'}},
  'text': 'rt @bitvalve: #bitvalve #cryptocurrency exchange #ico is rated '
          'among the best #ico projects on @coinschedule!  check out our #mvp '
          'at https:',
  'user': { 'entities': {},
            'id_str': '1020422575971815424',
            'twitter_user': 'butyerim'}}
----------Groups----------
{ 'Bitcoin': ['bitcoin', 'Bitcoin', 'btc', 'satoshi nakamoto'],
  'Ethereum': ['ethereum', 'Ethereum', 'eth', 'vitalik buterin'],
  'Litecoin': ['litecoin', 'Litecoin', 'ltc', 'charles lee'],
  'Monero': ['monero', 'Monero', 'xmr', 'riccardo spagni'],
  'Ripple': [ 'ripple',
              'Ripple',
              'xrp',
              'xrapid',
              'xcurrent',
              'chris larsen',
              'jed mccaleb']}
---------------------------Fetch-------2019-07-31 15:59:17.546157: Tweet filed under "misc":----------Data----------
{ 'contributors': None,
  'coordinates': None,
  'created_at': 'Wed Jul 31 19:44:01 +0000 2019',
  'entities': { 'hashtags': [ {'indices': [83, 90], 'text': 'crypto'},
                              {'indices': [91, 106], 'text': 'cryptocurrency'}],
                'symbols': [],
                'urls': [ { 'display_url': 'onecryptocap.com/threads/what-i…',
                            'expanded_url': 'https://www.onecryptocap.com/threads/what-is-cybersecurity-learning-about-the-network-security.26600/',
                            'indices': [59, 82],
                            'url': 'https://t.co/3Fn1jBtpYN'},
                          { 'display_url': 'twitter.com/i/web/status/1…',
                            'expanded_url': 'https://twitter.com/i/web/status/1156651750683762688',
                            'indices': [108, 131],
                            'url': 'https://t.co/qnAHYZjmRr'}],
                'user_mentions': []},
  'favorite_count': 0,
  'favorited': False,
  'geo': None,
  'id': 1156651750683762688,
  'id_str': '1156651750683762688',
  'in_reply_to_screen_name': None,
  'in_reply_to_status_id': None,
  'in_reply_to_status_id_str': None,
  'in_reply_to_user_id': None,
  'in_reply_to_user_id_str': None,
  'is_quote_status': False,
  'lang': 'en',
  'metadata': {'iso_language_code': 'en', 'result_type': 'recent'},
  'place': None,
  'possibly_sensitive': False,
  'retweet_count': 0,
  'retweeted': False,
  'source': '<a href="https://www.onecryptocap.com" '
            'rel="nofollow">OneCryptoCap</a>',
  'text': 'What is Cybersecurity: Learning about the Network Security '
          'https://t.co/3Fn1jBtpYN #crypto #cryptocurrency… '
          'https://t.co/qnAHYZjmRr',
  'truncated': True,
  'user': { 'contributors_enabled': False,
            'created_at': 'Fri Mar 29 13:55:03 +0000 2019',
            'default_profile': True,
            'default_profile_image': False,
            'description': '',
            'entities': { 'description': {'urls': []},
                          'url': { 'urls': [ { 'display_url': 'onecryptocap.com',
                                               'expanded_url': 'https://www.onecryptocap.com',
                                               'indices': [0, 23],
                                               'url': 'https://t.co/bPcAlohzwL'}]}},
            'favourites_count': 5,
            'follow_request_sent': None,
            'followers_count': 196,
            'following': None,
            'friends_count': 616,
            'geo_enabled': False,
            'has_extended_profile': False,
            'id': 1111627835775475712,
            'id_str': '1111627835775475712',
            'is_translation_enabled': False,
            'is_translator': False,
            'lang': None,
            'listed_count': 1,
            'location': '',
            'name': 'OneCryptoCap News',
            'notifications': None,
            'profile_background_color': 'F5F8FA',
            'profile_background_image_url': None,
            'profile_background_image_url_https': None,
            'profile_background_tile': False,
            'profile_image_url': 'http://pbs.twimg.com/profile_images/1111628041443135488/Ce0aUR_G_normal.png',
            'profile_image_url_https': 'https://pbs.twimg.com/profile_images/1111628041443135488/Ce0aUR_G_normal.png',
            'profile_link_color': '1DA1F2',
            'profile_sidebar_border_color': 'C0DEED',
            'profile_sidebar_fill_color': 'DDEEF6',
            'profile_text_color': '333333',
            'profile_use_background_image': True,
            'protected': False,
            'screen_name': 'OneCryptoCap1',
            'statuses_count': 23261,
            'time_zone': None,
            'translator_type': 'none',
            'url': 'https://t.co/bPcAlohzwL',
            'utc_offset': None,
            'verified': False}}
----------Summary----------
{ 'entities': { 'urls': { 'display_url': 'twitter.com/i/web/status/1…',
                          'expanded_url': 'https://twitter.com/i/web/status/1156651750683762688'}},
  'id_str': '1156651750683762688',
  'text': 'what is cybersecurity: learning about the network security '
          'https://t.co/3fn1jbtpyn #crypto #cryptocurrency '
          'https://t.co/qnahyzjmrr',
  'user': { 'entities': {},
            'id_str': '1111627835775475712',
            'twitter_user': 'OneCryptoCap1'}}
----------Groups----------
{ 'Bitcoin': ['bitcoin', 'Bitcoin', 'btc', 'satoshi nakamoto'],
  'Ethereum': ['ethereum', 'Ethereum', 'eth', 'vitalik buterin'],
  'Litecoin': ['litecoin', 'Litecoin', 'ltc', 'charles lee'],
  'Monero': ['monero', 'Monero', 'xmr', 'riccardo spagni'],
  'Ripple': [ 'ripple',
              'Ripple',
              'xrp',
              'xrapid',
              'xcurrent',
              'chris larsen',
              'jed mccaleb']}
---------------------------Fetch-------2019-07-31 15:59:17.765443: Tweet filed under "misc":----------Data----------
{ 'contributors': None,
  'coordinates': None,
  'created_at': 'Wed Jul 31 19:44:00 +0000 2019',
  'entities': { 'hashtags': [ {'indices': [78, 85], 'text': 'crypto'},
                              {'indices': [86, 101], 'text': 'cryptocurrency'},
                              {'indices': [102, 113], 'text': 'blockchain'}],
                'symbols': [],
                'urls': [ { 'display_url': 'onecryptocap.com/threads/what-i…',
                            'expanded_url': 'https://www.onecryptocap.com/threads/what-is-deep-learning-neural-network-software-basics.26599/',
                            'indices': [54, 77],
                            'url': 'https://t.co/RxliTv3OWy'},
                          { 'display_url': 'twitter.com/i/web/status/1…',
                            'expanded_url': 'https://twitter.com/i/web/status/1156651745856167936',
                            'indices': [115, 138],
                            'url': 'https://t.co/j5vfhiRuXt'}],
                'user_mentions': []},
  'favorite_count': 0,
  'favorited': False,
  'geo': None,
  'id': 1156651745856167936,
  'id_str': '1156651745856167936',
  'in_reply_to_screen_name': None,
  'in_reply_to_status_id': None,
  'in_reply_to_status_id_str': None,
  'in_reply_to_user_id': None,
  'in_reply_to_user_id_str': None,
  'is_quote_status': False,
  'lang': 'en',
  'metadata': {'iso_language_code': 'en', 'result_type': 'recent'},
  'place': None,
  'possibly_sensitive': False,
  'retweet_count': 0,
  'retweeted': False,
  'source': '<a href="https://www.onecryptocap.com" '
            'rel="nofollow">OneCryptoCap</a>',
  'text': 'What is Deep Learning: Neural Network Software Basics '
          'https://t.co/RxliTv3OWy #crypto #cryptocurrency #blockchain… '
          'https://t.co/j5vfhiRuXt',
  'truncated': True,
  'user': { 'contributors_enabled': False,
            'created_at': 'Fri Mar 29 13:55:03 +0000 2019',
            'default_profile': True,
            'default_profile_image': False,
            'description': '',
            'entities': { 'description': {'urls': []},
                          'url': { 'urls': [ { 'display_url': 'onecryptocap.com',
                                               'expanded_url': 'https://www.onecryptocap.com',
                                               'indices': [0, 23],
                                               'url': 'https://t.co/bPcAlohzwL'}]}},
            'favourites_count': 5,
            'follow_request_sent': None,
            'followers_count': 196,
            'following': None,
            'friends_count': 616,
            'geo_enabled': False,
            'has_extended_profile': False,
            'id': 1111627835775475712,
            'id_str': '1111627835775475712',
            'is_translation_enabled': False,
            'is_translator': False,
            'lang': None,
            'listed_count': 1,
            'location': '',
            'name': 'OneCryptoCap News',
            'notifications': None,
            'profile_background_color': 'F5F8FA',
            'profile_background_image_url': None,
            'profile_background_image_url_https': None,
            'profile_background_tile': False,
            'profile_image_url': 'http://pbs.twimg.com/profile_images/1111628041443135488/Ce0aUR_G_normal.png',
            'profile_image_url_https': 'https://pbs.twimg.com/profile_images/1111628041443135488/Ce0aUR_G_normal.png',
            'profile_link_color': '1DA1F2',
            'profile_sidebar_border_color': 'C0DEED',
            'profile_sidebar_fill_color': 'DDEEF6',
            'profile_text_color': '333333',
            'profile_use_background_image': True,
            'protected': False,
            'screen_name': 'OneCryptoCap1',
            'statuses_count': 23261,
            'time_zone': None,
            'translator_type': 'none',
            'url': 'https://t.co/bPcAlohzwL',
            'utc_offset': None,
            'verified': False}}
----------Summary----------
{ 'entities': { 'urls': { 'display_url': 'twitter.com/i/web/status/1…',
                          'expanded_url': 'https://twitter.com/i/web/status/1156651745856167936'}},
  'id_str': '1156651745856167936',
  'text': 'what is deep learning: neural network software basics '
          'https://t.co/rxlitv3owy #crypto #cryptocurrency #blockchain '
          'https://t.co/j5vfhiruxt',
  'user': { 'entities': {},
            'id_str': '1111627835775475712',
            'twitter_user': 'OneCryptoCap1'}}
----------Groups----------
{ 'Bitcoin': ['bitcoin', 'Bitcoin', 'btc', 'satoshi nakamoto'],
  'Ethereum': ['ethereum', 'Ethereum', 'eth', 'vitalik buterin'],
  'Litecoin': ['litecoin', 'Litecoin', 'ltc', 'charles lee'],
  'Monero': ['monero', 'Monero', 'xmr', 'riccardo spagni'],
  'Ripple': [ 'ripple',
              'Ripple',
              'xrp',
              'xrapid',
              'xcurrent',
              'chris larsen',
              'jed mccaleb']}
---------------------------Fetch-------2019-07-31 15:59:18.262568: Tweet filed under "misc":----------Data----------
{ 'contributors': None,
  'coordinates': None,
  'created_at': 'Wed Jul 31 19:43:59 +0000 2019',
  'entities': { 'hashtags': [ {'indices': [88, 95], 'text': 'crypto'},
                              {'indices': [96, 111], 'text': 'cryptocurrency'}],
                'symbols': [],
                'urls': [ { 'display_url': 'onecryptocap.com/threads/what-i…',
                            'expanded_url': 'https://www.onecryptocap.com/threads/what-is-machine-learning-understanding-machine-learning-basics.26598/',
                            'indices': [64, 87],
                            'url': 'https://t.co/KdokNfQwMd'},
                          { 'display_url': 'twitter.com/i/web/status/1…',
                            'expanded_url': 'https://twitter.com/i/web/status/1156651743889055744',
                            'indices': [113, 136],
                            'url': 'https://t.co/ekBTMZ8txK'}],
                'user_mentions': []},
  'favorite_count': 0,
  'favorited': False,
  'geo': None,
  'id': 1156651743889055744,
  'id_str': '1156651743889055744',
  'in_reply_to_screen_name': None,
  'in_reply_to_status_id': None,
  'in_reply_to_status_id_str': None,
  'in_reply_to_user_id': None,
  'in_reply_to_user_id_str': None,
  'is_quote_status': False,
  'lang': 'en',
  'metadata': {'iso_language_code': 'en', 'result_type': 'recent'},
  'place': None,
  'possibly_sensitive': False,
  'retweet_count': 0,
  'retweeted': False,
  'source': '<a href="https://www.onecryptocap.com" '
            'rel="nofollow">OneCryptoCap</a>',
  'text': 'What is Machine Learning: Understanding Machine Learning Basics '
          'https://t.co/KdokNfQwMd #crypto #cryptocurrency… '
          'https://t.co/ekBTMZ8txK',
  'truncated': True,
  'user': { 'contributors_enabled': False,
            'created_at': 'Fri Mar 29 13:55:03 +0000 2019',
            'default_profile': True,
            'default_profile_image': False,
            'description': '',
            'entities': { 'description': {'urls': []},
                          'url': { 'urls': [ { 'display_url': 'onecryptocap.com',
                                               'expanded_url': 'https://www.onecryptocap.com',
                                               'indices': [0, 23],
                                               'url': 'https://t.co/bPcAlohzwL'}]}},
            'favourites_count': 5,
            'follow_request_sent': None,
            'followers_count': 196,
            'following': None,
            'friends_count': 616,
            'geo_enabled': False,
            'has_extended_profile': False,
            'id': 1111627835775475712,
            'id_str': '1111627835775475712',
            'is_translation_enabled': False,
            'is_translator': False,
            'lang': None,
            'listed_count': 1,
            'location': '',
            'name': 'OneCryptoCap News',
            'notifications': None,
            'profile_background_color': 'F5F8FA',
            'profile_background_image_url': None,
            'profile_background_image_url_https': None,
            'profile_background_tile': False,
            'profile_image_url': 'http://pbs.twimg.com/profile_images/1111628041443135488/Ce0aUR_G_normal.png',
            'profile_image_url_https': 'https://pbs.twimg.com/profile_images/1111628041443135488/Ce0aUR_G_normal.png',
            'profile_link_color': '1DA1F2',
            'profile_sidebar_border_color': 'C0DEED',
            'profile_sidebar_fill_color': 'DDEEF6',
            'profile_text_color': '333333',
            'profile_use_background_image': True,
            'protected': False,
            'screen_name': 'OneCryptoCap1',
            'statuses_count': 23261,
            'time_zone': None,
            'translator_type': 'none',
            'url': 'https://t.co/bPcAlohzwL',
            'utc_offset': None,
            'verified': False}}
----------Summary----------
{ 'entities': { 'urls': { 'display_url': 'twitter.com/i/web/status/1…',
                          'expanded_url': 'https://twitter.com/i/web/status/1156651743889055744'}},
  'id_str': '1156651743889055744',
  'text': 'what is machine learning: understanding machine learning basics '
          'https://t.co/kdoknfqwmd #crypto #cryptocurrency '
          'https://t.co/ekbtmz8txk',
  'user': { 'entities': {},
            'id_str': '1111627835775475712',
            'twitter_user': 'OneCryptoCap1'}}
----------Groups----------
{ 'Bitcoin': ['bitcoin', 'Bitcoin', 'btc', 'satoshi nakamoto'],
  'Ethereum': ['ethereum', 'Ethereum', 'eth', 'vitalik buterin'],
  'Litecoin': ['litecoin', 'Litecoin', 'ltc', 'charles lee'],
  'Monero': ['monero', 'Monero', 'xmr', 'riccardo spagni'],
  'Ripple': [ 'ripple',
              'Ripple',
              'xrp',
              'xrapid',
              'xcurrent',
              'chris larsen',
              'jed mccaleb']}
---------------------------Fetch-------2019-07-31 15:59:21.028094: Tweet filed under "misc":----------Data----------
{ 'contributors': None,
  'coordinates': None,
  'created_at': 'Wed Jul 31 19:43:01 +0000 2019',
  'entities': { 'hashtags': [{'indices': [96, 103], 'text': 'crypto'}],
                'symbols': [],
                'urls': [ { 'display_url': 'onecryptocap.com/threads/optimi…',
                            'expanded_url': 'https://www.onecryptocap.com/threads/optimism-dwindles-as-indian-finance-minister-evasive-on-crypto-ban-bill.26591/',
                            'indices': [72, 95],
                            'url': 'https://t.co/nqjDeE1kay'},
                          { 'display_url': 'twitter.com/i/web/status/1…',
                            'expanded_url': 'https://twitter.com/i/web/status/1156651497444323331',
                            'indices': [105, 128],
                            'url': 'https://t.co/yhS5HUSbIv'}],
                'user_mentions': []},
  'favorite_count': 0,
  'favorited': False,
  'geo': None,
  'id': 1156651497444323331,
  'id_str': '1156651497444323331',
  'in_reply_to_screen_name': None,
  'in_reply_to_status_id': None,
  'in_reply_to_status_id_str': None,
  'in_reply_to_user_id': None,
  'in_reply_to_user_id_str': None,
  'is_quote_status': False,
  'lang': 'en',
  'metadata': {'iso_language_code': 'en', 'result_type': 'recent'},
  'place': None,
  'possibly_sensitive': False,
  'retweet_count': 0,
  'retweeted': False,
  'source': '<a href="https://www.onecryptocap.com" '
            'rel="nofollow">OneCryptoCap</a>',
  'text': 'Optimism Dwindles as Indian Finance Minister Evasive on Crypto Ban '
          'Bill https://t.co/nqjDeE1kay #crypto… https://t.co/yhS5HUSbIv',
  'truncated': True,
  'user': { 'contributors_enabled': False,
            'created_at': 'Fri Mar 29 13:55:03 +0000 2019',
            'default_profile': True,
            'default_profile_image': False,
            'description': '',
            'entities': { 'description': {'urls': []},
                          'url': { 'urls': [ { 'display_url': 'onecryptocap.com',
                                               'expanded_url': 'https://www.onecryptocap.com',
                                               'indices': [0, 23],
                                               'url': 'https://t.co/bPcAlohzwL'}]}},
            'favourites_count': 5,
            'follow_request_sent': None,
            'followers_count': 196,
            'following': None,
            'friends_count': 616,
            'geo_enabled': False,
            'has_extended_profile': False,
            'id': 1111627835775475712,
            'id_str': '1111627835775475712',
            'is_translation_enabled': False,
            'is_translator': False,
            'lang': None,
            'listed_count': 1,
            'location': '',
            'name': 'OneCryptoCap News',
            'notifications': None,
            'profile_background_color': 'F5F8FA',
            'profile_background_image_url': None,
            'profile_background_image_url_https': None,
            'profile_background_tile': False,
            'profile_image_url': 'http://pbs.twimg.com/profile_images/1111628041443135488/Ce0aUR_G_normal.png',
            'profile_image_url_https': 'https://pbs.twimg.com/profile_images/1111628041443135488/Ce0aUR_G_normal.png',
            'profile_link_color': '1DA1F2',
            'profile_sidebar_border_color': 'C0DEED',
            'profile_sidebar_fill_color': 'DDEEF6',
            'profile_text_color': '333333',
            'profile_use_background_image': True,
            'protected': False,
            'screen_name': 'OneCryptoCap1',
            'statuses_count': 23261,
            'time_zone': None,
            'translator_type': 'none',
            'url': 'https://t.co/bPcAlohzwL',
            'utc_offset': None,
            'verified': False}}
----------Summary----------
{ 'entities': { 'urls': { 'display_url': 'twitter.com/i/web/status/1…',
                          'expanded_url': 'https://twitter.com/i/web/status/1156651497444323331'}},
  'id_str': '1156651497444323331',
  'text': 'optimism dwindles as indian finance minister evasive on crypto ban '
          'bill https://t.co/nqjdee1kay #crypto https://t.co/yhs5husbiv',
  'user': { 'entities': {},
            'id_str': '1111627835775475712',
            'twitter_user': 'OneCryptoCap1'}}
----------Groups----------
{ 'Bitcoin': ['bitcoin', 'Bitcoin', 'btc', 'satoshi nakamoto'],
  'Ethereum': ['ethereum', 'Ethereum', 'eth', 'vitalik buterin'],
  'Litecoin': ['litecoin', 'Litecoin', 'ltc', 'charles lee'],
  'Monero': ['monero', 'Monero', 'xmr', 'riccardo spagni'],
  'Ripple': [ 'ripple',
              'Ripple',
              'xrp',
              'xrapid',
              'xcurrent',
              'chris larsen',
              'jed mccaleb']}
---------------------------Fetch-------2019-07-31 15:59:21.333746: Tweet filed under "misc":----------Data----------
{ 'contributors': None,
  'coordinates': None,
  'created_at': 'Wed Jul 31 19:43:00 +0000 2019',
  'entities': { 'hashtags': [ {'indices': [74, 81], 'text': 'crypto'},
                              {'indices': [82, 97], 'text': 'cryptocurrency'},
                              {'indices': [98, 109], 'text': 'blockchain'}],
                'symbols': [],
                'urls': [ { 'display_url': 'onecryptocap.com/threads/new-re…',
                            'expanded_url': 'https://www.onecryptocap.com/threads/new-research-reveals-crypto-girls-are-on-the-rise.26590/',
                            'indices': [50, 73],
                            'url': 'https://t.co/23zUwIqI66'},
                          { 'display_url': 'twitter.com/i/web/status/1…',
                            'expanded_url': 'https://twitter.com/i/web/status/1156651496370593792',
                            'indices': [111, 134],
                            'url': 'https://t.co/HztjwtIC5T'}],
                'user_mentions': []},
  'favorite_count': 0,
  'favorited': False,
  'geo': None,
  'id': 1156651496370593792,
  'id_str': '1156651496370593792',
  'in_reply_to_screen_name': None,
  'in_reply_to_status_id': None,
  'in_reply_to_status_id_str': None,
  'in_reply_to_user_id': None,
  'in_reply_to_user_id_str': None,
  'is_quote_status': False,
  'lang': 'en',
  'metadata': {'iso_language_code': 'en', 'result_type': 'recent'},
  'place': None,
  'possibly_sensitive': False,
  'retweet_count': 0,
  'retweeted': False,
  'source': '<a href="https://www.onecryptocap.com" '
            'rel="nofollow">OneCryptoCap</a>',
  'text': 'New Research Reveals Crypto Girls Are On The Rise '
          'https://t.co/23zUwIqI66 #crypto #cryptocurrency #blockchain… '
          'https://t.co/HztjwtIC5T',
  'truncated': True,
  'user': { 'contributors_enabled': False,
            'created_at': 'Fri Mar 29 13:55:03 +0000 2019',
            'default_profile': True,
            'default_profile_image': False,
            'description': '',
            'entities': { 'description': {'urls': []},
                          'url': { 'urls': [ { 'display_url': 'onecryptocap.com',
                                               'expanded_url': 'https://www.onecryptocap.com',
                                               'indices': [0, 23],
                                               'url': 'https://t.co/bPcAlohzwL'}]}},
            'favourites_count': 5,
            'follow_request_sent': None,
            'followers_count': 196,
            'following': None,
            'friends_count': 616,
            'geo_enabled': False,
            'has_extended_profile': False,
            'id': 1111627835775475712,
            'id_str': '1111627835775475712',
            'is_translation_enabled': False,
            'is_translator': False,
            'lang': None,
            'listed_count': 1,
            'location': '',
            'name': 'OneCryptoCap News',
            'notifications': None,
            'profile_background_color': 'F5F8FA',
            'profile_background_image_url': None,
            'profile_background_image_url_https': None,
            'profile_background_tile': False,
            'profile_image_url': 'http://pbs.twimg.com/profile_images/1111628041443135488/Ce0aUR_G_normal.png',
            'profile_image_url_https': 'https://pbs.twimg.com/profile_images/1111628041443135488/Ce0aUR_G_normal.png',
            'profile_link_color': '1DA1F2',
            'profile_sidebar_border_color': 'C0DEED',
            'profile_sidebar_fill_color': 'DDEEF6',
            'profile_text_color': '333333',
            'profile_use_background_image': True,
            'protected': False,
            'screen_name': 'OneCryptoCap1',
            'statuses_count': 23261,
            'time_zone': None,
            'translator_type': 'none',
            'url': 'https://t.co/bPcAlohzwL',
            'utc_offset': None,
            'verified': False}}
----------Summary----------
{ 'entities': { 'urls': { 'display_url': 'twitter.com/i/web/status/1…',
                          'expanded_url': 'https://twitter.com/i/web/status/1156651496370593792'}},
  'id_str': '1156651496370593792',
  'text': 'new research reveals crypto girls are on the rise '
          'https://t.co/23zuwiqi66 #crypto #cryptocurrency #blockchain '
          'https://t.co/hztjwtic5t',
  'user': { 'entities': {},
            'id_str': '1111627835775475712',
            'twitter_user': 'OneCryptoCap1'}}
----------Groups----------
{ 'Bitcoin': ['bitcoin', 'Bitcoin', 'btc', 'satoshi nakamoto'],
  'Ethereum': ['ethereum', 'Ethereum', 'eth', 'vitalik buterin'],
  'Litecoin': ['litecoin', 'Litecoin', 'ltc', 'charles lee'],
  'Monero': ['monero', 'Monero', 'xmr', 'riccardo spagni'],
  'Ripple': [ 'ripple',
              'Ripple',
              'xrp',
              'xrapid',
              'xcurrent',
              'chris larsen',
              'jed mccaleb']}
---------------------------Fetch-------2019-07-31 15:59:22.565713: Tweet filed under "misc":----------Data----------
{ 'contributors': None,
  'coordinates': None,
  'created_at': 'Wed Jul 31 19:42:58 +0000 2019',
  'entities': { 'hashtags': [{'indices': [108, 115], 'text': 'crypto'}],
                'symbols': [],
                'urls': [ { 'display_url': 'onecryptocap.com/threads/fca-re…',
                            'expanded_url': 'https://www.onecryptocap.com/threads/fca-releases-guidelines-on-token-taxonomy-includes-plan-to-regulate-cryptocurrency.26586/',
                            'indices': [84, 107],
                            'url': 'https://t.co/y1HTq0eVdi'},
                          { 'display_url': 'twitter.com/i/web/status/1…',
                            'expanded_url': 'https://twitter.com/i/web/status/1156651485171724289',
                            'indices': [117, 140],
                            'url': 'https://t.co/jcsGOsppmN'}],
                'user_mentions': []},
  'favorite_count': 0,
  'favorited': False,
  'geo': None,
  'id': 1156651485171724289,
  'id_str': '1156651485171724289',
  'in_reply_to_screen_name': None,
  'in_reply_to_status_id': None,
  'in_reply_to_status_id_str': None,
  'in_reply_to_user_id': None,
  'in_reply_to_user_id_str': None,
  'is_quote_status': False,
  'lang': 'en',
  'metadata': {'iso_language_code': 'en', 'result_type': 'recent'},
  'place': None,
  'possibly_sensitive': False,
  'retweet_count': 0,
  'retweeted': False,
  'source': '<a href="https://www.onecryptocap.com" '
            'rel="nofollow">OneCryptoCap</a>',
  'text': 'FCA Releases Guidelines on Token Taxonomy, Includes Plan to '
          'Regulate Cryptocurrency https://t.co/y1HTq0eVdi #crypto… '
          'https://t.co/jcsGOsppmN',
  'truncated': True,
  'user': { 'contributors_enabled': False,
            'created_at': 'Fri Mar 29 13:55:03 +0000 2019',
            'default_profile': True,
            'default_profile_image': False,
            'description': '',
            'entities': { 'description': {'urls': []},
                          'url': { 'urls': [ { 'display_url': 'onecryptocap.com',
                                               'expanded_url': 'https://www.onecryptocap.com',
                                               'indices': [0, 23],
                                               'url': 'https://t.co/bPcAlohzwL'}]}},
            'favourites_count': 5,
            'follow_request_sent': None,
            'followers_count': 196,
            'following': None,
            'friends_count': 616,
            'geo_enabled': False,
            'has_extended_profile': False,
            'id': 1111627835775475712,
            'id_str': '1111627835775475712',
            'is_translation_enabled': False,
            'is_translator': False,
            'lang': None,
            'listed_count': 1,
            'location': '',
            'name': 'OneCryptoCap News',
            'notifications': None,
            'profile_background_color': 'F5F8FA',
            'profile_background_image_url': None,
            'profile_background_image_url_https': None,
            'profile_background_tile': False,
            'profile_image_url': 'http://pbs.twimg.com/profile_images/1111628041443135488/Ce0aUR_G_normal.png',
            'profile_image_url_https': 'https://pbs.twimg.com/profile_images/1111628041443135488/Ce0aUR_G_normal.png',
            'profile_link_color': '1DA1F2',
            'profile_sidebar_border_color': 'C0DEED',
            'profile_sidebar_fill_color': 'DDEEF6',
            'profile_text_color': '333333',
            'profile_use_background_image': True,
            'protected': False,
            'screen_name': 'OneCryptoCap1',
            'statuses_count': 23261,
            'time_zone': None,
            'translator_type': 'none',
            'url': 'https://t.co/bPcAlohzwL',
            'utc_offset': None,
            'verified': False}}
----------Summary----------
{ 'entities': { 'urls': { 'display_url': 'twitter.com/i/web/status/1…',
                          'expanded_url': 'https://twitter.com/i/web/status/1156651485171724289'}},
  'id_str': '1156651485171724289',
  'text': 'fca releases guidelines on token taxonomy, includes plan to '
          'regulate cryptocurrency https://t.co/y1htq0evdi #crypto '
          'https://t.co/jcsgosppmn',
  'user': { 'entities': {},
            'id_str': '1111627835775475712',
            'twitter_user': 'OneCryptoCap1'}}
----------Groups----------
{ 'Bitcoin': ['bitcoin', 'Bitcoin', 'btc', 'satoshi nakamoto'],
  'Ethereum': ['ethereum', 'Ethereum', 'eth', 'vitalik buterin'],
  'Litecoin': ['litecoin', 'Litecoin', 'ltc', 'charles lee'],
  'Monero': ['monero', 'Monero', 'xmr', 'riccardo spagni'],
  'Ripple': [ 'ripple',
              'Ripple',
              'xrp',
              'xrapid',
              'xcurrent',
              'chris larsen',
              'jed mccaleb']}
---------------------------Fetch-------2019-07-31 15:59:22.869947: Tweet filed under "misc":----------Data----------
{ 'contributors': None,
  'coordinates': None,
  'created_at': 'Wed Jul 31 19:42:57 +0000 2019',
  'entities': { 'hashtags': [ {'indices': [91, 98], 'text': 'crypto'},
                              {'indices': [99, 114], 'text': 'cryptocurrency'}],
                'symbols': [],
                'urls': [ { 'display_url': 'onecryptocap.com/threads/samsun…',
                            'expanded_url': 'https://www.onecryptocap.com/threads/samsung-expects-growth-from-crypto-mining-chips-for-next-half-2019.26585/',
                            'indices': [67, 90],
                            'url': 'https://t.co/lhzCsdooIa'},
                          { 'display_url': 'twitter.com/i/web/status/1…',
                            'expanded_url': 'https://twitter.com/i/web/status/1156651484009947137',
                            'indices': [116, 139],
                            'url': 'https://t.co/iHCm25DsIT'}],
                'user_mentions': []},
  'favorite_count': 0,
  'favorited': False,
  'geo': None,
  'id': 1156651484009947137,
  'id_str': '1156651484009947137',
  'in_reply_to_screen_name': None,
  'in_reply_to_status_id': None,
  'in_reply_to_status_id_str': None,
  'in_reply_to_user_id': None,
  'in_reply_to_user_id_str': None,
  'is_quote_status': False,
  'lang': 'en',
  'metadata': {'iso_language_code': 'en', 'result_type': 'recent'},
  'place': None,
  'possibly_sensitive': False,
  'retweet_count': 0,
  'retweeted': False,
  'source': '<a href="https://www.onecryptocap.com" '
            'rel="nofollow">OneCryptoCap</a>',
  'text': 'Samsung Expects Growth from Crypto Mining Chips For Next Half 2019 '
          'https://t.co/lhzCsdooIa #crypto #cryptocurrency… '
          'https://t.co/iHCm25DsIT',
  'truncated': True,
  'user': { 'contributors_enabled': False,
            'created_at': 'Fri Mar 29 13:55:03 +0000 2019',
            'default_profile': True,
            'default_profile_image': False,
            'description': '',
            'entities': { 'description': {'urls': []},
                          'url': { 'urls': [ { 'display_url': 'onecryptocap.com',
                                               'expanded_url': 'https://www.onecryptocap.com',
                                               'indices': [0, 23],
                                               'url': 'https://t.co/bPcAlohzwL'}]}},
            'favourites_count': 5,
            'follow_request_sent': None,
            'followers_count': 196,
            'following': None,
            'friends_count': 616,
            'geo_enabled': False,
            'has_extended_profile': False,
            'id': 1111627835775475712,
            'id_str': '1111627835775475712',
            'is_translation_enabled': False,
            'is_translator': False,
            'lang': None,
            'listed_count': 1,
            'location': '',
            'name': 'OneCryptoCap News',
            'notifications': None,
            'profile_background_color': 'F5F8FA',
            'profile_background_image_url': None,
            'profile_background_image_url_https': None,
            'profile_background_tile': False,
            'profile_image_url': 'http://pbs.twimg.com/profile_images/1111628041443135488/Ce0aUR_G_normal.png',
            'profile_image_url_https': 'https://pbs.twimg.com/profile_images/1111628041443135488/Ce0aUR_G_normal.png',
            'profile_link_color': '1DA1F2',
            'profile_sidebar_border_color': 'C0DEED',
            'profile_sidebar_fill_color': 'DDEEF6',
            'profile_text_color': '333333',
            'profile_use_background_image': True,
            'protected': False,
            'screen_name': 'OneCryptoCap1',
            'statuses_count': 23261,
            'time_zone': None,
            'translator_type': 'none',
            'url': 'https://t.co/bPcAlohzwL',
            'utc_offset': None,
            'verified': False}}
----------Summary----------
{ 'entities': { 'urls': { 'display_url': 'twitter.com/i/web/status/1…',
                          'expanded_url': 'https://twitter.com/i/web/status/1156651484009947137'}},
  'id_str': '1156651484009947137',
  'text': 'samsung expects growth from crypto mining chips for next half 2019 '
          'https://t.co/lhzcsdooia #crypto #cryptocurrency '
          'https://t.co/ihcm25dsit',
  'user': { 'entities': {},
            'id_str': '1111627835775475712',
            'twitter_user': 'OneCryptoCap1'}}
----------Groups----------
{ 'Bitcoin': ['bitcoin', 'Bitcoin', 'btc', 'satoshi nakamoto'],
  'Ethereum': ['ethereum', 'Ethereum', 'eth', 'vitalik buterin'],
  'Litecoin': ['litecoin', 'Litecoin', 'ltc', 'charles lee'],
  'Monero': ['monero', 'Monero', 'xmr', 'riccardo spagni'],
  'Ripple': [ 'ripple',
              'Ripple',
              'xrp',
              'xrapid',
              'xcurrent',
              'chris larsen',
              'jed mccaleb']}
---------------------------Fetch-------2019-07-31 15:59:23.177841: Tweet filed under "misc":----------Data----------
{ 'contributors': None,
  'coordinates': None,
  'created_at': 'Wed Jul 31 19:42:57 +0000 2019',
  'entities': { 'hashtags': [{'indices': [105, 112], 'text': 'crypto'}],
                'symbols': [],
                'urls': [ { 'display_url': 'onecryptocap.com/threads/circle…',
                            'expanded_url': 'https://www.onecryptocap.com/threads/circle-ceo-urges-u-s-congress-to-adopt-frameworks-that-support-cryptocurrencies.26584/',
                            'indices': [81, 104],
                            'url': 'https://t.co/h6tREUkCpa'},
                          { 'display_url': 'twitter.com/i/web/status/1…',
                            'expanded_url': 'https://twitter.com/i/web/status/1156651482797789185',
                            'indices': [114, 137],
                            'url': 'https://t.co/iBF9IJTvPF'}],
                'user_mentions': []},
  'favorite_count': 0,
  'favorited': False,
  'geo': None,
  'id': 1156651482797789185,
  'id_str': '1156651482797789185',
  'in_reply_to_screen_name': None,
  'in_reply_to_status_id': None,
  'in_reply_to_status_id_str': None,
  'in_reply_to_user_id': None,
  'in_reply_to_user_id_str': None,
  'is_quote_status': False,
  'lang': 'en',
  'metadata': {'iso_language_code': 'en', 'result_type': 'recent'},
  'place': None,
  'possibly_sensitive': False,
  'retweet_count': 0,
  'retweeted': False,
  'source': '<a href="https://www.onecryptocap.com" '
            'rel="nofollow">OneCryptoCap</a>',
  'text': 'Circle CEO Urges U.S. Congress To Adopt Frameworks That Support '
          'Cryptocurrencies https://t.co/h6tREUkCpa #crypto… '
          'https://t.co/iBF9IJTvPF',
  'truncated': True,
  'user': { 'contributors_enabled': False,
            'created_at': 'Fri Mar 29 13:55:03 +0000 2019',
            'default_profile': True,
            'default_profile_image': False,
            'description': '',
            'entities': { 'description': {'urls': []},
                          'url': { 'urls': [ { 'display_url': 'onecryptocap.com',
                                               'expanded_url': 'https://www.onecryptocap.com',
                                               'indices': [0, 23],
                                               'url': 'https://t.co/bPcAlohzwL'}]}},
            'favourites_count': 5,
            'follow_request_sent': None,
            'followers_count': 196,
            'following': None,
            'friends_count': 616,
            'geo_enabled': False,
            'has_extended_profile': False,
            'id': 1111627835775475712,
            'id_str': '1111627835775475712',
            'is_translation_enabled': False,
            'is_translator': False,
            'lang': None,
            'listed_count': 1,
            'location': '',
            'name': 'OneCryptoCap News',
            'notifications': None,
            'profile_background_color': 'F5F8FA',
            'profile_background_image_url': None,
            'profile_background_image_url_https': None,
            'profile_background_tile': False,
            'profile_image_url': 'http://pbs.twimg.com/profile_images/1111628041443135488/Ce0aUR_G_normal.png',
            'profile_image_url_https': 'https://pbs.twimg.com/profile_images/1111628041443135488/Ce0aUR_G_normal.png',
            'profile_link_color': '1DA1F2',
            'profile_sidebar_border_color': 'C0DEED',
            'profile_sidebar_fill_color': 'DDEEF6',
            'profile_text_color': '333333',
            'profile_use_background_image': True,
            'protected': False,
            'screen_name': 'OneCryptoCap1',
            'statuses_count': 23261,
            'time_zone': None,
            'translator_type': 'none',
            'url': 'https://t.co/bPcAlohzwL',
            'utc_offset': None,
            'verified': False}}
----------Summary----------
{ 'entities': { 'urls': { 'display_url': 'twitter.com/i/web/status/1…',
                          'expanded_url': 'https://twitter.com/i/web/status/1156651482797789185'}},
  'id_str': '1156651482797789185',
  'text': 'circle ceo urges u.s. congress to adopt frameworks that support '
          'cryptocurrencies https://t.co/h6treukcpa #crypto '
          'https://t.co/ibf9ijtvpf',
  'user': { 'entities': {},
            'id_str': '1111627835775475712',
            'twitter_user': 'OneCryptoCap1'}}
----------Groups----------
{ 'Bitcoin': ['bitcoin', 'Bitcoin', 'btc', 'satoshi nakamoto'],
  'Ethereum': ['ethereum', 'Ethereum', 'eth', 'vitalik buterin'],
  'Litecoin': ['litecoin', 'Litecoin', 'ltc', 'charles lee'],
  'Monero': ['monero', 'Monero', 'xmr', 'riccardo spagni'],
  'Ripple': [ 'ripple',
              'Ripple',
              'xrp',
              'xrapid',
              'xcurrent',
              'chris larsen',
              'jed mccaleb']}
---------------------------Fetch-------2019-07-31 15:59:23.792539: Tweet filed under "misc":----------Data----------
{ 'contributors': None,
  'coordinates': None,
  'created_at': 'Wed Jul 31 19:42:57 +0000 2019',
  'entities': { 'hashtags': [ {'indices': [88, 95], 'text': 'crypto'},
                              {'indices': [96, 111], 'text': 'cryptocurrency'}],
                'symbols': [],
                'urls': [ { 'display_url': 'onecryptocap.com/threads/us-law…',
                            'expanded_url': 'https://www.onecryptocap.com/threads/us-lawmakers-claims-us-cannot-ban-crypto-even-if-they-decide-to.26582/',
                            'indices': [64, 87],
                            'url': 'https://t.co/Fr3PrpG6an'},
                          { 'display_url': 'twitter.com/i/web/status/1…',
                            'expanded_url': 'https://twitter.com/i/web/status/1156651480209940482',
                            'indices': [113, 136],
                            'url': 'https://t.co/XLvOn8wZMN'}],
                'user_mentions': []},
  'favorite_count': 0,
  'favorited': False,
  'geo': None,
  'id': 1156651480209940482,
  'id_str': '1156651480209940482',
  'in_reply_to_screen_name': None,
  'in_reply_to_status_id': None,
  'in_reply_to_status_id_str': None,
  'in_reply_to_user_id': None,
  'in_reply_to_user_id_str': None,
  'is_quote_status': False,
  'lang': 'en',
  'metadata': {'iso_language_code': 'en', 'result_type': 'recent'},
  'place': None,
  'possibly_sensitive': False,
  'retweet_count': 0,
  'retweeted': False,
  'source': '<a href="https://www.onecryptocap.com" '
            'rel="nofollow">OneCryptoCap</a>',
  'text': 'US Lawmakers Claims US Cannot Ban Crypto Even If They Decide To '
          'https://t.co/Fr3PrpG6an #crypto #cryptocurrency… '
          'https://t.co/XLvOn8wZMN',
  'truncated': True,
  'user': { 'contributors_enabled': False,
            'created_at': 'Fri Mar 29 13:55:03 +0000 2019',
            'default_profile': True,
            'default_profile_image': False,
            'description': '',
            'entities': { 'description': {'urls': []},
                          'url': { 'urls': [ { 'display_url': 'onecryptocap.com',
                                               'expanded_url': 'https://www.onecryptocap.com',
                                               'indices': [0, 23],
                                               'url': 'https://t.co/bPcAlohzwL'}]}},
            'favourites_count': 5,
            'follow_request_sent': None,
            'followers_count': 196,
            'following': None,
            'friends_count': 616,
            'geo_enabled': False,
            'has_extended_profile': False,
            'id': 1111627835775475712,
            'id_str': '1111627835775475712',
            'is_translation_enabled': False,
            'is_translator': False,
            'lang': None,
            'listed_count': 1,
            'location': '',
            'name': 'OneCryptoCap News',
            'notifications': None,
            'profile_background_color': 'F5F8FA',
            'profile_background_image_url': None,
            'profile_background_image_url_https': None,
            'profile_background_tile': False,
            'profile_image_url': 'http://pbs.twimg.com/profile_images/1111628041443135488/Ce0aUR_G_normal.png',
            'profile_image_url_https': 'https://pbs.twimg.com/profile_images/1111628041443135488/Ce0aUR_G_normal.png',
            'profile_link_color': '1DA1F2',
            'profile_sidebar_border_color': 'C0DEED',
            'profile_sidebar_fill_color': 'DDEEF6',
            'profile_text_color': '333333',
            'profile_use_background_image': True,
            'protected': False,
            'screen_name': 'OneCryptoCap1',
            'statuses_count': 23261,
            'time_zone': None,
            'translator_type': 'none',
            'url': 'https://t.co/bPcAlohzwL',
            'utc_offset': None,
            'verified': False}}
----------Summary----------
{ 'entities': { 'urls': { 'display_url': 'twitter.com/i/web/status/1…',
                          'expanded_url': 'https://twitter.com/i/web/status/1156651480209940482'}},
  'id_str': '1156651480209940482',
  'text': 'us lawmakers claims us cannot ban crypto even if they decide to '
          'https://t.co/fr3prpg6an #crypto #cryptocurrency '
          'https://t.co/xlvon8wzmn',
  'user': { 'entities': {},
            'id_str': '1111627835775475712',
            'twitter_user': 'OneCryptoCap1'}}
----------Groups----------
{ 'Bitcoin': ['bitcoin', 'Bitcoin', 'btc', 'satoshi nakamoto'],
  'Ethereum': ['ethereum', 'Ethereum', 'eth', 'vitalik buterin'],
  'Litecoin': ['litecoin', 'Litecoin', 'ltc', 'charles lee'],
  'Monero': ['monero', 'Monero', 'xmr', 'riccardo spagni'],
  'Ripple': [ 'ripple',
              'Ripple',
              'xrp',
              'xrapid',
              'xcurrent',
              'chris larsen',
              'jed mccaleb']}
---------------------------Fetch-------2019-07-31 15:59:28.707994: Tweet filed under "misc":----------Data----------
{ 'contributors': None,
  'coordinates': None,
  'created_at': 'Wed Jul 31 19:34:34 +0000 2019',
  'entities': { 'hashtags': [ {'indices': [14, 23], 'text': 'BitValve'},
                              {'indices': [24, 39], 'text': 'Cryptocurrency'},
                              {'indices': [49, 53], 'text': 'ICO'},
                              {'indices': [78, 82], 'text': 'ICO'},
                              {'indices': [125, 129], 'text': 'MVP'}],
                'symbols': [],
                'urls': [],
                'user_mentions': [ { 'id': 1064475558329937926,
                                     'id_str': '1064475558329937926',
                                     'indices': [3, 12],
                                     'name': 'BitValve Cryptocurrency Exchange',
                                     'screen_name': 'bitvalve'},
                                   { 'id': 764788651872096256,
                                     'id_str': '764788651872096256',
                                     'indices': [95, 108],
                                     'name': 'CoinSchedule',
                                     'screen_name': 'coinschedule'}]},
  'favorite_count': 0,
  'favorited': False,
  'geo': None,
  'id': 1156649370537865217,
  'id_str': '1156649370537865217',
  'in_reply_to_screen_name': None,
  'in_reply_to_status_id': None,
  'in_reply_to_status_id_str': None,
  'in_reply_to_user_id': None,
  'in_reply_to_user_id_str': None,
  'is_quote_status': False,
  'lang': 'en',
  'metadata': {'iso_language_code': 'en', 'result_type': 'recent'},
  'place': None,
  'retweet_count': 306,
  'retweeted': False,
  'retweeted_status': { 'contributors': None,
                        'coordinates': None,
                        'created_at': 'Wed Jul 31 11:58:57 +0000 2019',
                        'entities': { 'hashtags': [ { 'indices': [0, 9],
                                                      'text': 'BitValve'},
                                                    { 'indices': [10, 25],
                                                      'text': 'Cryptocurrency'},
                                                    { 'indices': [35, 39],
                                                      'text': 'ICO'},
                                                    { 'indices': [64, 68],
                                                      'text': 'ICO'},
                                                    { 'indices': [111, 115],
                                                      'text': 'MVP'}],
                                      'symbols': [],
                                      'urls': [ { 'display_url': 'twitter.com/i/web/status/1…',
                                                  'expanded_url': 'https://twitter.com/i/web/status/1156534713856724992',
                                                  'indices': [117, 140],
                                                  'url': 'https://t.co/aRoDetDZB2'}],
                                      'user_mentions': [ { 'id': 764788651872096256,
                                                           'id_str': '764788651872096256',
                                                           'indices': [81, 94],
                                                           'name': 'CoinSchedule',
                                                           'screen_name': 'coinschedule'}]},
                        'favorite_count': 238,
                        'favorited': False,
                        'geo': None,
                        'id': 1156534713856724992,
                        'id_str': '1156534713856724992',
                        'in_reply_to_screen_name': None,
                        'in_reply_to_status_id': None,
                        'in_reply_to_status_id_str': None,
                        'in_reply_to_user_id': None,
                        'in_reply_to_user_id_str': None,
                        'is_quote_status': False,
                        'lang': 'en',
                        'metadata': { 'iso_language_code': 'en',
                                      'result_type': 'recent'},
                        'place': None,
                        'possibly_sensitive': False,
                        'retweet_count': 306,
                        'retweeted': False,
                        'source': '<a href="https://mobile.twitter.com" '
                                  'rel="nofollow">Twitter Web App</a>',
                        'text': '#BitValve #Cryptocurrency Exchange #ICO is '
                                'rated among the best #ICO projects on '
                                '@coinschedule!\n'
                                '\n'
                                'Check out our #MVP… https://t.co/aRoDetDZB2',
                        'truncated': True,
                        'user': { 'contributors_enabled': False,
                                  'created_at': 'Mon Nov 19 11:08:44 +0000 '
                                                '2018',
                                  'default_profile': False,
                                  'default_profile_image': False,
                                  'description': 'Buy, Sell and Trade your '
                                                 'favorite Cryptocurrency '
                                                 'using any payment method '
                                                 'available!',
                                  'entities': { 'description': {'urls': []},
                                                'url': { 'urls': [ { 'display_url': 'bitvalve.com',
                                                                     'expanded_url': 'https://www.bitvalve.com/',
                                                                     'indices': [ 0,
                                                                                  23],
                                                                     'url': 'https://t.co/LZzpLQkNMY'}]}},
                                  'favourites_count': 25,
                                  'follow_request_sent': None,
                                  'followers_count': 5834,
                                  'following': None,
                                  'friends_count': 11,
                                  'geo_enabled': False,
                                  'has_extended_profile': True,
                                  'id': 1064475558329937926,
                                  'id_str': '1064475558329937926',
                                  'is_translation_enabled': False,
                                  'is_translator': False,
                                  'lang': None,
                                  'listed_count': 12,
                                  'location': 'Cyprus',
                                  'name': 'BitValve Cryptocurrency Exchange',
                                  'notifications': None,
                                  'profile_background_color': '000000',
                                  'profile_background_image_url': 'http://abs.twimg.com/images/themes/theme1/bg.png',
                                  'profile_background_image_url_https': 'https://abs.twimg.com/images/themes/theme1/bg.png',
                                  'profile_background_tile': False,
                                  'profile_banner_url': 'https://pbs.twimg.com/profile_banners/1064475558329937926/1549939623',
                                  'profile_image_url': 'http://pbs.twimg.com/profile_images/1095152392176324608/CTvAkgJ4_normal.jpg',
                                  'profile_image_url_https': 'https://pbs.twimg.com/profile_images/1095152392176324608/CTvAkgJ4_normal.jpg',
                                  'profile_link_color': '7FDBB6',
                                  'profile_sidebar_border_color': '000000',
                                  'profile_sidebar_fill_color': '000000',
                                  'profile_text_color': '000000',
                                  'profile_use_background_image': False,
                                  'protected': False,
                                  'screen_name': 'bitvalve',
                                  'statuses_count': 97,
                                  'time_zone': None,
                                  'translator_type': 'none',
                                  'url': 'https://t.co/LZzpLQkNMY',
                                  'utc_offset': None,
                                  'verified': False}},
  'source': '<a href="https://mobile.twitter.com" rel="nofollow">Twitter Web '
            'App</a>',
  'text': 'RT @bitvalve: #BitValve #Cryptocurrency Exchange #ICO is rated '
          'among the best #ICO projects on @coinschedule!\n'
          '\n'
          'Check out our #MVP at https:…',
  'truncated': False,
  'user': { 'contributors_enabled': False,
            'created_at': 'Sun Mar 10 10:49:32 +0000 2019',
            'default_profile': True,
            'default_profile_image': False,
            'description': 'взаимночитаю# blockchain, # ICO, # crowdsale, # '
                           'криптовалюта, # altcoin, # crowdsale, # і BTC, # '
                           'ETH, # Bitcoin, # BitcoinTalk, # дес антний, # '
                           'Баунт',
            'entities': {'description': {'urls': []}},
            'favourites_count': 137,
            'follow_request_sent': None,
            'followers_count': 1245,
            'following': None,
            'friends_count': 1454,
            'geo_enabled': False,
            'has_extended_profile': False,
            'id': 1104695777685921792,
            'id_str': '1104695777685921792',
            'is_translation_enabled': False,
            'is_translator': False,
            'lang': None,
            'listed_count': 2,
            'location': '',
            'name': 'Maksimus160683',
            'notifications': None,
            'profile_background_color': 'F5F8FA',
            'profile_background_image_url': None,
            'profile_background_image_url_https': None,
            'profile_background_tile': False,
            'profile_image_url': 'http://pbs.twimg.com/profile_images/1104695943541256193/rp5MLeWq_normal.jpg',
            'profile_image_url_https': 'https://pbs.twimg.com/profile_images/1104695943541256193/rp5MLeWq_normal.jpg',
            'profile_link_color': '1DA1F2',
            'profile_sidebar_border_color': 'C0DEED',
            'profile_sidebar_fill_color': 'DDEEF6',
            'profile_text_color': '333333',
            'profile_use_background_image': True,
            'protected': False,
            'screen_name': 'Maksimus1606831',
            'statuses_count': 308,
            'time_zone': None,
            'translator_type': 'none',
            'url': None,
            'utc_offset': None,
            'verified': False}}
----------Summary----------
{ 'entities': {},
  'id_str': '1156649370537865217',
  'retweeted_status': { 'entities': { 'urls': { 'display_url': 'twitter.com/i/web/status/1…',
                                                'expanded_url': 'https://twitter.com/i/web/status/1156534713856724992'}},
                        'id_str': '1156534713856724992',
                        'text': '#bitvalve #cryptocurrency exchange #ico is '
                                'rated among the best #ico projects on '
                                '@coinschedule!  check out our #mvp '
                                'https://t.co/arodetdzb2',
                        'user': { 'entities': {},
                                  'id_str': '1064475558329937926',
                                  'twitter_user': 'bitvalve'}},
  'text': 'rt @bitvalve: #bitvalve #cryptocurrency exchange #ico is rated '
          'among the best #ico projects on @coinschedule!  check out our #mvp '
          'at https:',
  'user': { 'entities': {},
            'id_str': '1104695777685921792',
            'twitter_user': 'Maksimus1606831'}}
----------Groups----------
{ 'Bitcoin': ['bitcoin', 'Bitcoin', 'btc', 'satoshi nakamoto'],
  'Ethereum': ['ethereum', 'Ethereum', 'eth', 'vitalik buterin'],
  'Litecoin': ['litecoin', 'Litecoin', 'ltc', 'charles lee'],
  'Monero': ['monero', 'Monero', 'xmr', 'riccardo spagni'],
  'Ripple': [ 'ripple',
              'Ripple',
              'xrp',
              'xrapid',
              'xcurrent',
              'chris larsen',
              'jed mccaleb']}
---------------------------Fetch-------2019-07-31 15:59:29.322475: Tweet filed under "misc":----------Data----------
{ 'contributors': None,
  'coordinates': None,
  'created_at': 'Wed Jul 31 19:32:34 +0000 2019',
  'entities': { 'hashtags': [ {'indices': [14, 23], 'text': 'BitValve'},
                              {'indices': [24, 39], 'text': 'Cryptocurrency'},
                              {'indices': [49, 53], 'text': 'ICO'},
                              {'indices': [78, 82], 'text': 'ICO'},
                              {'indices': [125, 129], 'text': 'MVP'}],
                'symbols': [],
                'urls': [],
                'user_mentions': [ { 'id': 1064475558329937926,
                                     'id_str': '1064475558329937926',
                                     'indices': [3, 12],
                                     'name': 'BitValve Cryptocurrency Exchange',
                                     'screen_name': 'bitvalve'},
                                   { 'id': 764788651872096256,
                                     'id_str': '764788651872096256',
                                     'indices': [95, 108],
                                     'name': 'CoinSchedule',
                                     'screen_name': 'coinschedule'}]},
  'favorite_count': 0,
  'favorited': False,
  'geo': None,
  'id': 1156648870484566016,
  'id_str': '1156648870484566016',
  'in_reply_to_screen_name': None,
  'in_reply_to_status_id': None,
  'in_reply_to_status_id_str': None,
  'in_reply_to_user_id': None,
  'in_reply_to_user_id_str': None,
  'is_quote_status': False,
  'lang': 'en',
  'metadata': {'iso_language_code': 'en', 'result_type': 'recent'},
  'place': None,
  'retweet_count': 305,
  'retweeted': False,
  'retweeted_status': { 'contributors': None,
                        'coordinates': None,
                        'created_at': 'Wed Jul 31 11:58:57 +0000 2019',
                        'entities': { 'hashtags': [ { 'indices': [0, 9],
                                                      'text': 'BitValve'},
                                                    { 'indices': [10, 25],
                                                      'text': 'Cryptocurrency'},
                                                    { 'indices': [35, 39],
                                                      'text': 'ICO'},
                                                    { 'indices': [64, 68],
                                                      'text': 'ICO'},
                                                    { 'indices': [111, 115],
                                                      'text': 'MVP'}],
                                      'symbols': [],
                                      'urls': [ { 'display_url': 'twitter.com/i/web/status/1…',
                                                  'expanded_url': 'https://twitter.com/i/web/status/1156534713856724992',
                                                  'indices': [117, 140],
                                                  'url': 'https://t.co/aRoDetDZB2'}],
                                      'user_mentions': [ { 'id': 764788651872096256,
                                                           'id_str': '764788651872096256',
                                                           'indices': [81, 94],
                                                           'name': 'CoinSchedule',
                                                           'screen_name': 'coinschedule'}]},
                        'favorite_count': 237,
                        'favorited': False,
                        'geo': None,
                        'id': 1156534713856724992,
                        'id_str': '1156534713856724992',
                        'in_reply_to_screen_name': None,
                        'in_reply_to_status_id': None,
                        'in_reply_to_status_id_str': None,
                        'in_reply_to_user_id': None,
                        'in_reply_to_user_id_str': None,
                        'is_quote_status': False,
                        'lang': 'en',
                        'metadata': { 'iso_language_code': 'en',
                                      'result_type': 'recent'},
                        'place': None,
                        'possibly_sensitive': False,
                        'retweet_count': 305,
                        'retweeted': False,
                        'source': '<a href="https://mobile.twitter.com" '
                                  'rel="nofollow">Twitter Web App</a>',
                        'text': '#BitValve #Cryptocurrency Exchange #ICO is '
                                'rated among the best #ICO projects on '
                                '@coinschedule!\n'
                                '\n'
                                'Check out our #MVP… https://t.co/aRoDetDZB2',
                        'truncated': True,
                        'user': { 'contributors_enabled': False,
                                  'created_at': 'Mon Nov 19 11:08:44 +0000 '
                                                '2018',
                                  'default_profile': False,
                                  'default_profile_image': False,
                                  'description': 'Buy, Sell and Trade your '
                                                 'favorite Cryptocurrency '
                                                 'using any payment method '
                                                 'available!',
                                  'entities': { 'description': {'urls': []},
                                                'url': { 'urls': [ { 'display_url': 'bitvalve.com',
                                                                     'expanded_url': 'https://www.bitvalve.com/',
                                                                     'indices': [ 0,
                                                                                  23],
                                                                     'url': 'https://t.co/LZzpLQkNMY'}]}},
                                  'favourites_count': 25,
                                  'follow_request_sent': None,
                                  'followers_count': 5834,
                                  'following': None,
                                  'friends_count': 11,
                                  'geo_enabled': False,
                                  'has_extended_profile': True,
                                  'id': 1064475558329937926,
                                  'id_str': '1064475558329937926',
                                  'is_translation_enabled': False,
                                  'is_translator': False,
                                  'lang': None,
                                  'listed_count': 12,
                                  'location': 'Cyprus',
                                  'name': 'BitValve Cryptocurrency Exchange',
                                  'notifications': None,
                                  'profile_background_color': '000000',
                                  'profile_background_image_url': 'http://abs.twimg.com/images/themes/theme1/bg.png',
                                  'profile_background_image_url_https': 'https://abs.twimg.com/images/themes/theme1/bg.png',
                                  'profile_background_tile': False,
                                  'profile_banner_url': 'https://pbs.twimg.com/profile_banners/1064475558329937926/1549939623',
                                  'profile_image_url': 'http://pbs.twimg.com/profile_images/1095152392176324608/CTvAkgJ4_normal.jpg',
                                  'profile_image_url_https': 'https://pbs.twimg.com/profile_images/1095152392176324608/CTvAkgJ4_normal.jpg',
                                  'profile_link_color': '7FDBB6',
                                  'profile_sidebar_border_color': '000000',
                                  'profile_sidebar_fill_color': '000000',
                                  'profile_text_color': '000000',
                                  'profile_use_background_image': False,
                                  'protected': False,
                                  'screen_name': 'bitvalve',
                                  'statuses_count': 97,
                                  'time_zone': None,
                                  'translator_type': 'none',
                                  'url': 'https://t.co/LZzpLQkNMY',
                                  'utc_offset': None,
                                  'verified': False}},
  'source': '<a href="https://mobile.twitter.com" rel="nofollow">Twitter Web '
            'App</a>',
  'text': 'RT @bitvalve: #BitValve #Cryptocurrency Exchange #ICO is rated '
          'among the best #ICO projects on @coinschedule!\n'
          '\n'
          'Check out our #MVP at https:…',
  'truncated': False,
  'user': { 'contributors_enabled': False,
            'created_at': 'Tue Jul 30 09:18:43 +0000 2019',
            'default_profile': True,
            'default_profile_image': False,
            'description': '#Investor #follwback #FOLLOW #bitcoin #bitcoin '
                           '#ico #bounty #RuFollowMe #Airdrops #криптовалюта '
                           '#Взаимныйфолловинг #RuFollowMe #Airdrops',
            'entities': {'description': {'urls': []}},
            'favourites_count': 6,
            'follow_request_sent': None,
            'followers_count': 5,
            'following': None,
            'friends_count': 79,
            'geo_enabled': False,
            'has_extended_profile': False,
            'id': 1156132001050746881,
            'id_str': '1156132001050746881',
            'is_translation_enabled': False,
            'is_translator': False,
            'lang': None,
            'listed_count': 0,
            'location': '',
            'name': 'саша',
            'notifications': None,
            'profile_background_color': 'F5F8FA',
            'profile_background_image_url': None,
            'profile_background_image_url_https': None,
            'profile_background_tile': False,
            'profile_image_url': 'http://pbs.twimg.com/profile_images/1156133120770564096/gPt86RLT_normal.jpg',
            'profile_image_url_https': 'https://pbs.twimg.com/profile_images/1156133120770564096/gPt86RLT_normal.jpg',
            'profile_link_color': '1DA1F2',
            'profile_sidebar_border_color': 'C0DEED',
            'profile_sidebar_fill_color': 'DDEEF6',
            'profile_text_color': '333333',
            'profile_use_background_image': True,
            'protected': False,
            'screen_name': '12sashka12',
            'statuses_count': 5,
            'time_zone': None,
            'translator_type': 'none',
            'url': None,
            'utc_offset': None,
            'verified': False}}
----------Summary----------
{ 'entities': {},
  'id_str': '1156648870484566016',
  'retweeted_status': { 'entities': { 'urls': { 'display_url': 'twitter.com/i/web/status/1…',
                                                'expanded_url': 'https://twitter.com/i/web/status/1156534713856724992'}},
                        'id_str': '1156534713856724992',
                        'text': '#bitvalve #cryptocurrency exchange #ico is '
                                'rated among the best #ico projects on '
                                '@coinschedule!  check out our #mvp '
                                'https://t.co/arodetdzb2',
                        'user': { 'entities': {},
                                  'id_str': '1064475558329937926',
                                  'twitter_user': 'bitvalve'}},
  'text': 'rt @bitvalve: #bitvalve #cryptocurrency exchange #ico is rated '
          'among the best #ico projects on @coinschedule!  check out our #mvp '
          'at https:',
  'user': { 'entities': {},
            'id_str': '1156132001050746881',
            'twitter_user': '12sashka12'}}
----------Groups----------
{ 'Bitcoin': ['bitcoin', 'Bitcoin', 'btc', 'satoshi nakamoto'],
  'Ethereum': ['ethereum', 'Ethereum', 'eth', 'vitalik buterin'],
  'Litecoin': ['litecoin', 'Litecoin', 'ltc', 'charles lee'],
  'Monero': ['monero', 'Monero', 'xmr', 'riccardo spagni'],
  'Ripple': [ 'ripple',
              'Ripple',
              'xrp',
              'xrapid',
              'xcurrent',
              'chris larsen',
              'jed mccaleb']}
---------------------------Fetch-------2019-07-31 15:59:30.859434: Tweet filed under "misc":----------Data----------
{ 'contributors': None,
  'coordinates': None,
  'created_at': 'Wed Jul 31 19:30:21 +0000 2019',
  'entities': { 'hashtags': [ {'indices': [19, 24], 'text': 'poll'},
                              {'indices': [43, 49], 'text': 'Libra'},
                              {'indices': [113, 124], 'text': 'blockchain'},
                              {'indices': [125, 133], 'text': 'payment'}],
                'symbols': [],
                'urls': [],
                'user_mentions': [ { 'id': 1054735021221777415,
                                     'id_str': '1054735021221777415',
                                     'indices': [3, 17],
                                     'name': 'Billy bucknut',
                                     'screen_name': 'Billy_bucknut'}]},
  'favorite_count': 0,
  'favorited': False,
  'geo': None,
  'id': 1156648310163333120,
  'id_str': '1156648310163333120',
  'in_reply_to_screen_name': None,
  'in_reply_to_status_id': None,
  'in_reply_to_status_id_str': None,
  'in_reply_to_user_id': None,
  'in_reply_to_user_id_str': None,
  'is_quote_status': False,
  'lang': 'en',
  'metadata': {'iso_language_code': 'en', 'result_type': 'recent'},
  'place': None,
  'retweet_count': 34,
  'retweeted': False,
  'retweeted_status': { 'contributors': None,
                        'coordinates': None,
                        'created_at': 'Wed Jul 10 08:09:07 +0000 2019',
                        'entities': { 'hashtags': [ { 'indices': [0, 5],
                                                      'text': 'poll'},
                                                    { 'indices': [24, 30],
                                                      'text': 'Libra'},
                                                    { 'indices': [94, 105],
                                                      'text': 'blockchain'},
                                                    { 'indices': [106, 114],
                                                      'text': 'payment'}],
                                      'symbols': [],
                                      'urls': [ { 'display_url': 'twitter.com/i/web/status/1…',
                                                  'expanded_url': 'https://twitter.com/i/web/status/1148866728077746176',
                                                  'indices': [116, 139],
                                                  'url': 'https://t.co/bTfeurlvKe'}],
                                      'user_mentions': []},
                        'favorite_count': 60,
                        'favorited': False,
                        'geo': None,
                        'id': 1148866728077746176,
                        'id_str': '1148866728077746176',
                        'in_reply_to_screen_name': None,
                        'in_reply_to_status_id': None,
                        'in_reply_to_status_id_str': None,
                        'in_reply_to_user_id': None,
                        'in_reply_to_user_id_str': None,
                        'is_quote_status': False,
                        'lang': 'en',
                        'metadata': { 'iso_language_code': 'en',
                                      'result_type': 'recent'},
                        'place': None,
                        'retweet_count': 34,
                        'retweeted': False,
                        'source': '<a '
                                  'href="http://twitter.com/download/android" '
                                  'rel="nofollow">Twitter for Android</a>',
                        'text': '#poll \n'
                                'With the talk of #Libra being introduced in '
                                '2020. \n'
                                'Who thinks this is will be a better '
                                '#blockchain #payment… https://t.co/bTfeurlvKe',
                        'truncated': True,
                        'user': { 'contributors_enabled': False,
                                  'created_at': 'Tue Oct 23 14:03:19 +0000 '
                                                '2018',
                                  'default_profile': True,
                                  'default_profile_image': False,
                                  'description': '#Blockchain Technology .',
                                  'entities': {'description': {'urls': []}},
                                  'favourites_count': 7128,
                                  'follow_request_sent': None,
                                  'followers_count': 516,
                                  'following': None,
                                  'friends_count': 1073,
                                  'geo_enabled': False,
                                  'has_extended_profile': False,
                                  'id': 1054735021221777415,
                                  'id_str': '1054735021221777415',
                                  'is_translation_enabled': False,
                                  'is_translator': False,
                                  'lang': None,
                                  'listed_count': 4,
                                  'location': 'England, United Kingdom',
                                  'name': 'Billy bucknut',
                                  'notifications': None,
                                  'profile_background_color': 'F5F8FA',
                                  'profile_background_image_url': None,
                                  'profile_background_image_url_https': None,
                                  'profile_background_tile': False,
                                  'profile_banner_url': 'https://pbs.twimg.com/profile_banners/1054735021221777415/1562251857',
                                  'profile_image_url': 'http://pbs.twimg.com/profile_images/1146793528275738624/0Mu9LMuU_normal.jpg',
                                  'profile_image_url_https': 'https://pbs.twimg.com/profile_images/1146793528275738624/0Mu9LMuU_normal.jpg',
                                  'profile_link_color': '1DA1F2',
                                  'profile_sidebar_border_color': 'C0DEED',
                                  'profile_sidebar_fill_color': 'DDEEF6',
                                  'profile_text_color': '333333',
                                  'profile_use_background_image': True,
                                  'protected': False,
                                  'screen_name': 'Billy_bucknut',
                                  'statuses_count': 4179,
                                  'time_zone': None,
                                  'translator_type': 'none',
                                  'url': None,
                                  'utc_offset': None,
                                  'verified': False}},
  'source': '<a href="https://trading-lifestyle.com/" rel="nofollow">Forex And '
            'Crypto Junkies</a>',
  'text': 'RT @Billy_bucknut: #poll \n'
          'With the talk of #Libra being introduced in 2020. \n'
          'Who thinks this is will be a better #blockchain #payment optio…',
  'truncated': False,
  'user': { 'contributors_enabled': False,
            'created_at': 'Mon Feb 19 14:02:31 +0000 2018',
            'default_profile': True,
            'default_profile_image': False,
            'description': 'Hi, I am the founder of https://t.co/2LslaTuRMK '
                           'Working in this industry is a life-long dream and '
                           'I hope it shows through my posts to anyone that '
                           'reads them.',
            'entities': { 'description': { 'urls': [ { 'display_url': 'FOREXTraders.Blog',
                                                       'expanded_url': 'http://FOREXTraders.Blog',
                                                       'indices': [24, 47],
                                                       'url': 'https://t.co/2LslaTuRMK'}]},
                          'url': { 'urls': [ { 'display_url': 'FOREXTraders.Blog',
                                               'expanded_url': 'http://FOREXTraders.Blog',
                                               'indices': [0, 23],
                                               'url': 'https://t.co/2LslaTuRMK'}]}},
            'favourites_count': 52058,
            'follow_request_sent': None,
            'followers_count': 4083,
            'following': None,
            'friends_count': 5002,
            'geo_enabled': True,
            'has_extended_profile': True,
            'id': 965587404076781568,
            'id_str': '965587404076781568',
            'is_translation_enabled': False,
            'is_translator': False,
            'lang': None,
            'listed_count': 38,
            'location': 'Clarksburg, MD',
            'name': 'Luis Nieves',
            'notifications': None,
            'profile_background_color': 'F5F8FA',
            'profile_background_image_url': None,
            'profile_background_image_url_https': None,
            'profile_background_tile': False,
            'profile_banner_url': 'https://pbs.twimg.com/profile_banners/965587404076781568/1524839501',
            'profile_image_url': 'http://pbs.twimg.com/profile_images/965593999707746304/cCGfJFSw_normal.jpg',
            'profile_image_url_https': 'https://pbs.twimg.com/profile_images/965593999707746304/cCGfJFSw_normal.jpg',
            'profile_link_color': '1DA1F2',
            'profile_sidebar_border_color': 'C0DEED',
            'profile_sidebar_fill_color': 'DDEEF6',
            'profile_text_color': '333333',
            'profile_use_background_image': True,
            'protected': False,
            'screen_name': 'fxtradersblog',
            'statuses_count': 7194,
            'time_zone': None,
            'translator_type': 'none',
            'url': 'https://t.co/2LslaTuRMK',
            'utc_offset': None,
            'verified': False}}
----------Summary----------
{ 'entities': {},
  'id_str': '1156648310163333120',
  'retweeted_status': { 'entities': { 'urls': { 'display_url': 'twitter.com/i/web/status/1…',
                                                'expanded_url': 'https://twitter.com/i/web/status/1148866728077746176'}},
                        'id_str': '1148866728077746176',
                        'text': '#poll  with the talk of #libra being '
                                'introduced in 2020.  who thinks this is will '
                                'be a better #blockchain #payment '
                                'https://t.co/btfeurlvke',
                        'user': { 'entities': {},
                                  'id_str': '1054735021221777415',
                                  'twitter_user': 'Billy_bucknut'}},
  'text': 'rt @billy_bucknut: #poll  with the talk of #libra being introduced '
          'in 2020.  who thinks this is will be a better #blockchain #payment '
          'optio',
  'user': { 'entities': {},
            'id_str': '965587404076781568',
            'twitter_user': 'fxtradersblog'}}
----------Groups----------
{ 'Bitcoin': ['bitcoin', 'Bitcoin', 'btc', 'satoshi nakamoto'],
  'Ethereum': ['ethereum', 'Ethereum', 'eth', 'vitalik buterin'],
  'Litecoin': ['litecoin', 'Litecoin', 'ltc', 'charles lee'],
  'Monero': ['monero', 'Monero', 'xmr', 'riccardo spagni'],
  'Ripple': [ 'ripple',
              'Ripple',
              'xrp',
              'xrapid',
              'xcurrent',
              'chris larsen',
              'jed mccaleb']}
---------------------------Fetch-------2019-07-31 15:59:32.395997: Tweet filed under "misc":----------Data----------
{ 'contributors': None,
  'coordinates': None,
  'created_at': 'Wed Jul 31 19:29:47 +0000 2019',
  'entities': { 'hashtags': [ {'indices': [19, 24], 'text': 'poll'},
                              {'indices': [43, 49], 'text': 'Libra'},
                              {'indices': [113, 124], 'text': 'blockchain'},
                              {'indices': [125, 133], 'text': 'payment'}],
                'symbols': [],
                'urls': [],
                'user_mentions': [ { 'id': 1054735021221777415,
                                     'id_str': '1054735021221777415',
                                     'indices': [3, 17],
                                     'name': 'Billy bucknut',
                                     'screen_name': 'Billy_bucknut'}]},
  'favorite_count': 0,
  'favorited': False,
  'geo': None,
  'id': 1156648169134071812,
  'id_str': '1156648169134071812',
  'in_reply_to_screen_name': None,
  'in_reply_to_status_id': None,
  'in_reply_to_status_id_str': None,
  'in_reply_to_user_id': None,
  'in_reply_to_user_id_str': None,
  'is_quote_status': False,
  'lang': 'en',
  'metadata': {'iso_language_code': 'en', 'result_type': 'recent'},
  'place': None,
  'retweet_count': 34,
  'retweeted': False,
  'retweeted_status': { 'contributors': None,
                        'coordinates': None,
                        'created_at': 'Wed Jul 10 08:09:07 +0000 2019',
                        'entities': { 'hashtags': [ { 'indices': [0, 5],
                                                      'text': 'poll'},
                                                    { 'indices': [24, 30],
                                                      'text': 'Libra'},
                                                    { 'indices': [94, 105],
                                                      'text': 'blockchain'},
                                                    { 'indices': [106, 114],
                                                      'text': 'payment'}],
                                      'symbols': [],
                                      'urls': [ { 'display_url': 'twitter.com/i/web/status/1…',
                                                  'expanded_url': 'https://twitter.com/i/web/status/1148866728077746176',
                                                  'indices': [116, 139],
                                                  'url': 'https://t.co/bTfeurlvKe'}],
                                      'user_mentions': []},
                        'favorite_count': 60,
                        'favorited': False,
                        'geo': None,
                        'id': 1148866728077746176,
                        'id_str': '1148866728077746176',
                        'in_reply_to_screen_name': None,
                        'in_reply_to_status_id': None,
                        'in_reply_to_status_id_str': None,
                        'in_reply_to_user_id': None,
                        'in_reply_to_user_id_str': None,
                        'is_quote_status': False,
                        'lang': 'en',
                        'metadata': { 'iso_language_code': 'en',
                                      'result_type': 'recent'},
                        'place': None,
                        'retweet_count': 34,
                        'retweeted': False,
                        'source': '<a '
                                  'href="http://twitter.com/download/android" '
                                  'rel="nofollow">Twitter for Android</a>',
                        'text': '#poll \n'
                                'With the talk of #Libra being introduced in '
                                '2020. \n'
                                'Who thinks this is will be a better '
                                '#blockchain #payment… https://t.co/bTfeurlvKe',
                        'truncated': True,
                        'user': { 'contributors_enabled': False,
                                  'created_at': 'Tue Oct 23 14:03:19 +0000 '
                                                '2018',
                                  'default_profile': True,
                                  'default_profile_image': False,
                                  'description': '#Blockchain Technology .',
                                  'entities': {'description': {'urls': []}},
                                  'favourites_count': 7128,
                                  'follow_request_sent': None,
                                  'followers_count': 516,
                                  'following': None,
                                  'friends_count': 1073,
                                  'geo_enabled': False,
                                  'has_extended_profile': False,
                                  'id': 1054735021221777415,
                                  'id_str': '1054735021221777415',
                                  'is_translation_enabled': False,
                                  'is_translator': False,
                                  'lang': None,
                                  'listed_count': 4,
                                  'location': 'England, United Kingdom',
                                  'name': 'Billy bucknut',
                                  'notifications': None,
                                  'profile_background_color': 'F5F8FA',
                                  'profile_background_image_url': None,
                                  'profile_background_image_url_https': None,
                                  'profile_background_tile': False,
                                  'profile_banner_url': 'https://pbs.twimg.com/profile_banners/1054735021221777415/1562251857',
                                  'profile_image_url': 'http://pbs.twimg.com/profile_images/1146793528275738624/0Mu9LMuU_normal.jpg',
                                  'profile_image_url_https': 'https://pbs.twimg.com/profile_images/1146793528275738624/0Mu9LMuU_normal.jpg',
                                  'profile_link_color': '1DA1F2',
                                  'profile_sidebar_border_color': 'C0DEED',
                                  'profile_sidebar_fill_color': 'DDEEF6',
                                  'profile_text_color': '333333',
                                  'profile_use_background_image': True,
                                  'protected': False,
                                  'screen_name': 'Billy_bucknut',
                                  'statuses_count': 4179,
                                  'time_zone': None,
                                  'translator_type': 'none',
                                  'url': None,
                                  'utc_offset': None,
                                  'verified': False}},
  'source': '<a href="http://twitter.com/download/iphone" '
            'rel="nofollow">Twitter for iPhone</a>',
  'text': 'RT @Billy_bucknut: #poll \n'
          'With the talk of #Libra being introduced in 2020. \n'
          'Who thinks this is will be a better #blockchain #payment optio…',
  'truncated': False,
  'user': { 'contributors_enabled': False,
            'created_at': 'Tue May 08 14:53:55 +0000 2012',
            'default_profile': False,
            'default_profile_image': False,
            'description': '₿lockchain enthousiast😎 From pit to bit. Gold is '
                           'old – bit is hip! Passive income; $WGR #NEM #Nash '
                           '$NEX #NEO Crypto card; #WIREX Wagerr #5WaysToWin '
                           '#BestOdds',
            'entities': {'description': {'urls': []}},
            'favourites_count': 1657,
            'follow_request_sent': None,
            'followers_count': 948,
            'following': None,
            'friends_count': 3835,
            'geo_enabled': False,
            'has_extended_profile': False,
            'id': 574618296,
            'id_str': '574618296',
            'is_translation_enabled': False,
            'is_translator': False,
            'lang': None,
            'listed_count': 2,
            'location': '',
            'name': 'Marnix ₿ruin',
            'notifications': None,
            'profile_background_color': '000000',
            'profile_background_image_url': 'http://abs.twimg.com/images/themes/theme1/bg.png',
            'profile_background_image_url_https': 'https://abs.twimg.com/images/themes/theme1/bg.png',
            'profile_background_tile': False,
            'profile_banner_url': 'https://pbs.twimg.com/profile_banners/574618296/1534781391',
            'profile_image_url': 'http://pbs.twimg.com/profile_images/1142795388354813953/vtVtcGKG_normal.jpg',
            'profile_image_url_https': 'https://pbs.twimg.com/profile_images/1142795388354813953/vtVtcGKG_normal.jpg',
            'profile_link_color': 'ABB8C2',
            'profile_sidebar_border_color': '000000',
            'profile_sidebar_fill_color': '000000',
            'profile_text_color': '000000',
            'profile_use_background_image': False,
            'protected': False,
            'screen_name': 'MarnixBruin',
            'statuses_count': 1347,
            'time_zone': None,
            'translator_type': 'none',
            'url': None,
            'utc_offset': None,
            'verified': False}}
----------Summary----------
{ 'entities': {},
  'id_str': '1156648169134071812',
  'retweeted_status': { 'entities': { 'urls': { 'display_url': 'twitter.com/i/web/status/1…',
                                                'expanded_url': 'https://twitter.com/i/web/status/1148866728077746176'}},
                        'id_str': '1148866728077746176',
                        'text': '#poll  with the talk of #libra being '
                                'introduced in 2020.  who thinks this is will '
                                'be a better #blockchain #payment '
                                'https://t.co/btfeurlvke',
                        'user': { 'entities': {},
                                  'id_str': '1054735021221777415',
                                  'twitter_user': 'Billy_bucknut'}},
  'text': 'rt @billy_bucknut: #poll  with the talk of #libra being introduced '
          'in 2020.  who thinks this is will be a better #blockchain #payment '
          'optio',
  'user': { 'entities': {},
            'id_str': '574618296',
            'twitter_user': 'MarnixBruin'}}
----------Groups----------
{ 'Bitcoin': ['bitcoin', 'Bitcoin', 'btc', 'satoshi nakamoto'],
  'Ethereum': ['ethereum', 'Ethereum', 'eth', 'vitalik buterin'],
  'Litecoin': ['litecoin', 'Litecoin', 'ltc', 'charles lee'],
  'Monero': ['monero', 'Monero', 'xmr', 'riccardo spagni'],
  'Ripple': [ 'ripple',
              'Ripple',
              'xrp',
              'xrapid',
              'xcurrent',
              'chris larsen',
              'jed mccaleb']}
---------------------------Fetch-------2019-07-31 15:59:32.700442: Tweet filed under "misc":----------Data----------
{ 'contributors': None,
  'coordinates': None,
  'created_at': 'Wed Jul 31 19:29:43 +0000 2019',
  'entities': { 'hashtags': [ {'indices': [14, 23], 'text': 'BitValve'},
                              {'indices': [24, 39], 'text': 'Cryptocurrency'},
                              {'indices': [49, 53], 'text': 'ICO'},
                              {'indices': [78, 82], 'text': 'ICO'},
                              {'indices': [125, 129], 'text': 'MVP'}],
                'symbols': [],
                'urls': [],
                'user_mentions': [ { 'id': 1064475558329937926,
                                     'id_str': '1064475558329937926',
                                     'indices': [3, 12],
                                     'name': 'BitValve Cryptocurrency Exchange',
                                     'screen_name': 'bitvalve'},
                                   { 'id': 764788651872096256,
                                     'id_str': '764788651872096256',
                                     'indices': [95, 108],
                                     'name': 'CoinSchedule',
                                     'screen_name': 'coinschedule'}]},
  'favorite_count': 0,
  'favorited': False,
  'geo': None,
  'id': 1156648151866138631,
  'id_str': '1156648151866138631',
  'in_reply_to_screen_name': None,
  'in_reply_to_status_id': None,
  'in_reply_to_status_id_str': None,
  'in_reply_to_user_id': None,
  'in_reply_to_user_id_str': None,
  'is_quote_status': False,
  'lang': 'en',
  'metadata': {'iso_language_code': 'en', 'result_type': 'recent'},
  'place': None,
  'retweet_count': 305,
  'retweeted': False,
  'retweeted_status': { 'contributors': None,
                        'coordinates': None,
                        'created_at': 'Wed Jul 31 11:58:57 +0000 2019',
                        'entities': { 'hashtags': [ { 'indices': [0, 9],
                                                      'text': 'BitValve'},
                                                    { 'indices': [10, 25],
                                                      'text': 'Cryptocurrency'},
                                                    { 'indices': [35, 39],
                                                      'text': 'ICO'},
                                                    { 'indices': [64, 68],
                                                      'text': 'ICO'},
                                                    { 'indices': [111, 115],
                                                      'text': 'MVP'}],
                                      'symbols': [],
                                      'urls': [ { 'display_url': 'twitter.com/i/web/status/1…',
                                                  'expanded_url': 'https://twitter.com/i/web/status/1156534713856724992',
                                                  'indices': [117, 140],
                                                  'url': 'https://t.co/aRoDetDZB2'}],
                                      'user_mentions': [ { 'id': 764788651872096256,
                                                           'id_str': '764788651872096256',
                                                           'indices': [81, 94],
                                                           'name': 'CoinSchedule',
                                                           'screen_name': 'coinschedule'}]},
                        'favorite_count': 237,
                        'favorited': False,
                        'geo': None,
                        'id': 1156534713856724992,
                        'id_str': '1156534713856724992',
                        'in_reply_to_screen_name': None,
                        'in_reply_to_status_id': None,
                        'in_reply_to_status_id_str': None,
                        'in_reply_to_user_id': None,
                        'in_reply_to_user_id_str': None,
                        'is_quote_status': False,
                        'lang': 'en',
                        'metadata': { 'iso_language_code': 'en',
                                      'result_type': 'recent'},
                        'place': None,
                        'possibly_sensitive': False,
                        'retweet_count': 305,
                        'retweeted': False,
                        'source': '<a href="https://mobile.twitter.com" '
                                  'rel="nofollow">Twitter Web App</a>',
                        'text': '#BitValve #Cryptocurrency Exchange #ICO is '
                                'rated among the best #ICO projects on '
                                '@coinschedule!\n'
                                '\n'
                                'Check out our #MVP… https://t.co/aRoDetDZB2',
                        'truncated': True,
                        'user': { 'contributors_enabled': False,
                                  'created_at': 'Mon Nov 19 11:08:44 +0000 '
                                                '2018',
                                  'default_profile': False,
                                  'default_profile_image': False,
                                  'description': 'Buy, Sell and Trade your '
                                                 'favorite Cryptocurrency '
                                                 'using any payment method '
                                                 'available!',
                                  'entities': { 'description': {'urls': []},
                                                'url': { 'urls': [ { 'display_url': 'bitvalve.com',
                                                                     'expanded_url': 'https://www.bitvalve.com/',
                                                                     'indices': [ 0,
                                                                                  23],
                                                                     'url': 'https://t.co/LZzpLQkNMY'}]}},
                                  'favourites_count': 25,
                                  'follow_request_sent': None,
                                  'followers_count': 5834,
                                  'following': None,
                                  'friends_count': 11,
                                  'geo_enabled': False,
                                  'has_extended_profile': True,
                                  'id': 1064475558329937926,
                                  'id_str': '1064475558329937926',
                                  'is_translation_enabled': False,
                                  'is_translator': False,
                                  'lang': None,
                                  'listed_count': 12,
                                  'location': 'Cyprus',
                                  'name': 'BitValve Cryptocurrency Exchange',
                                  'notifications': None,
                                  'profile_background_color': '000000',
                                  'profile_background_image_url': 'http://abs.twimg.com/images/themes/theme1/bg.png',
                                  'profile_background_image_url_https': 'https://abs.twimg.com/images/themes/theme1/bg.png',
                                  'profile_background_tile': False,
                                  'profile_banner_url': 'https://pbs.twimg.com/profile_banners/1064475558329937926/1549939623',
                                  'profile_image_url': 'http://pbs.twimg.com/profile_images/1095152392176324608/CTvAkgJ4_normal.jpg',
                                  'profile_image_url_https': 'https://pbs.twimg.com/profile_images/1095152392176324608/CTvAkgJ4_normal.jpg',
                                  'profile_link_color': '7FDBB6',
                                  'profile_sidebar_border_color': '000000',
                                  'profile_sidebar_fill_color': '000000',
                                  'profile_text_color': '000000',
                                  'profile_use_background_image': False,
                                  'protected': False,
                                  'screen_name': 'bitvalve',
                                  'statuses_count': 97,
                                  'time_zone': None,
                                  'translator_type': 'none',
                                  'url': 'https://t.co/LZzpLQkNMY',
                                  'utc_offset': None,
                                  'verified': False}},
  'source': '<a href="https://mobile.twitter.com" rel="nofollow">Twitter Web '
            'App</a>',
  'text': 'RT @bitvalve: #BitValve #Cryptocurrency Exchange #ICO is rated '
          'among the best #ICO projects on @coinschedule!\n'
          '\n'
          'Check out our #MVP at https:…',
  'truncated': False,
  'user': { 'contributors_enabled': False,
            'created_at': 'Sat Apr 13 17:59:54 +0000 2019',
            'default_profile': True,
            'default_profile_image': True,
            'description': 'logist',
            'entities': {'description': {'urls': []}},
            'favourites_count': 13,
            'follow_request_sent': None,
            'followers_count': 0,
            'following': None,
            'friends_count': 24,
            'geo_enabled': False,
            'has_extended_profile': False,
            'id': 1117125271877029888,
            'id_str': '1117125271877029888',
            'is_translation_enabled': False,
            'is_translator': False,
            'lang': None,
            'listed_count': 0,
            'location': '',
            'name': 'Иван',
            'notifications': None,
            'profile_background_color': 'F5F8FA',
            'profile_background_image_url': None,
            'profile_background_image_url_https': None,
            'profile_background_tile': False,
            'profile_image_url': 'http://abs.twimg.com/sticky/default_profile_images/default_profile_normal.png',
            'profile_image_url_https': 'https://abs.twimg.com/sticky/default_profile_images/default_profile_normal.png',
            'profile_link_color': '1DA1F2',
            'profile_sidebar_border_color': 'C0DEED',
            'profile_sidebar_fill_color': 'DDEEF6',
            'profile_text_color': '333333',
            'profile_use_background_image': True,
            'protected': False,
            'screen_name': 'zc8tpdQ0EFLyX3T',
            'statuses_count': 29,
            'time_zone': None,
            'translator_type': 'none',
            'url': None,
            'utc_offset': None,
            'verified': False}}
----------Summary----------
{ 'entities': {},
  'id_str': '1156648151866138631',
  'retweeted_status': { 'entities': { 'urls': { 'display_url': 'twitter.com/i/web/status/1…',
                                                'expanded_url': 'https://twitter.com/i/web/status/1156534713856724992'}},
                        'id_str': '1156534713856724992',
                        'text': '#bitvalve #cryptocurrency exchange #ico is '
                                'rated among the best #ico projects on '
                                '@coinschedule!  check out our #mvp '
                                'https://t.co/arodetdzb2',
                        'user': { 'entities': {},
                                  'id_str': '1064475558329937926',
                                  'twitter_user': 'bitvalve'}},
  'text': 'rt @bitvalve: #bitvalve #cryptocurrency exchange #ico is rated '
          'among the best #ico projects on @coinschedule!  check out our #mvp '
          'at https:',
  'user': { 'entities': {},
            'id_str': '1117125271877029888',
            'twitter_user': 'zc8tpdQ0EFLyX3T'}}
----------Groups----------
{ 'Bitcoin': ['bitcoin', 'Bitcoin', 'btc', 'satoshi nakamoto'],
  'Ethereum': ['ethereum', 'Ethereum', 'eth', 'vitalik buterin'],
  'Litecoin': ['litecoin', 'Litecoin', 'ltc', 'charles lee'],
  'Monero': ['monero', 'Monero', 'xmr', 'riccardo spagni'],
  'Ripple': [ 'ripple',
              'Ripple',
              'xrp',
              'xrapid',
              'xcurrent',
              'chris larsen',
              'jed mccaleb']}
---------------------------Fetch-------2019-07-31 15:59:35.194321: Tweet filed under "misc":----------Data----------
{ 'contributors': None,
  'coordinates': None,
  'created_at': 'Wed Jul 31 19:28:19 +0000 2019',
  'entities': { 'hashtags': [ {'indices': [14, 23], 'text': 'BitValve'},
                              {'indices': [24, 39], 'text': 'Cryptocurrency'},
                              {'indices': [49, 53], 'text': 'ICO'},
                              {'indices': [78, 82], 'text': 'ICO'},
                              {'indices': [125, 129], 'text': 'MVP'}],
                'symbols': [],
                'urls': [],
                'user_mentions': [ { 'id': 1064475558329937926,
                                     'id_str': '1064475558329937926',
                                     'indices': [3, 12],
                                     'name': 'BitValve Cryptocurrency Exchange',
                                     'screen_name': 'bitvalve'},
                                   { 'id': 764788651872096256,
                                     'id_str': '764788651872096256',
                                     'indices': [95, 108],
                                     'name': 'CoinSchedule',
                                     'screen_name': 'coinschedule'}]},
  'favorite_count': 0,
  'favorited': False,
  'geo': None,
  'id': 1156647801213685760,
  'id_str': '1156647801213685760',
  'in_reply_to_screen_name': None,
  'in_reply_to_status_id': None,
  'in_reply_to_status_id_str': None,
  'in_reply_to_user_id': None,
  'in_reply_to_user_id_str': None,
  'is_quote_status': False,
  'lang': 'en',
  'metadata': {'iso_language_code': 'en', 'result_type': 'recent'},
  'place': None,
  'retweet_count': 305,
  'retweeted': False,
  'retweeted_status': { 'contributors': None,
                        'coordinates': None,
                        'created_at': 'Wed Jul 31 11:58:57 +0000 2019',
                        'entities': { 'hashtags': [ { 'indices': [0, 9],
                                                      'text': 'BitValve'},
                                                    { 'indices': [10, 25],
                                                      'text': 'Cryptocurrency'},
                                                    { 'indices': [35, 39],
                                                      'text': 'ICO'},
                                                    { 'indices': [64, 68],
                                                      'text': 'ICO'},
                                                    { 'indices': [111, 115],
                                                      'text': 'MVP'}],
                                      'symbols': [],
                                      'urls': [ { 'display_url': 'twitter.com/i/web/status/1…',
                                                  'expanded_url': 'https://twitter.com/i/web/status/1156534713856724992',
                                                  'indices': [117, 140],
                                                  'url': 'https://t.co/aRoDetDZB2'}],
                                      'user_mentions': [ { 'id': 764788651872096256,
                                                           'id_str': '764788651872096256',
                                                           'indices': [81, 94],
                                                           'name': 'CoinSchedule',
                                                           'screen_name': 'coinschedule'}]},
                        'favorite_count': 237,
                        'favorited': False,
                        'geo': None,
                        'id': 1156534713856724992,
                        'id_str': '1156534713856724992',
                        'in_reply_to_screen_name': None,
                        'in_reply_to_status_id': None,
                        'in_reply_to_status_id_str': None,
                        'in_reply_to_user_id': None,
                        'in_reply_to_user_id_str': None,
                        'is_quote_status': False,
                        'lang': 'en',
                        'metadata': { 'iso_language_code': 'en',
                                      'result_type': 'recent'},
                        'place': None,
                        'possibly_sensitive': False,
                        'retweet_count': 305,
                        'retweeted': False,
                        'source': '<a href="https://mobile.twitter.com" '
                                  'rel="nofollow">Twitter Web App</a>',
                        'text': '#BitValve #Cryptocurrency Exchange #ICO is '
                                'rated among the best #ICO projects on '
                                '@coinschedule!\n'
                                '\n'
                                'Check out our #MVP… https://t.co/aRoDetDZB2',
                        'truncated': True,
                        'user': { 'contributors_enabled': False,
                                  'created_at': 'Mon Nov 19 11:08:44 +0000 '
                                                '2018',
                                  'default_profile': False,
                                  'default_profile_image': False,
                                  'description': 'Buy, Sell and Trade your '
                                                 'favorite Cryptocurrency '
                                                 'using any payment method '
                                                 'available!',
                                  'entities': { 'description': {'urls': []},
                                                'url': { 'urls': [ { 'display_url': 'bitvalve.com',
                                                                     'expanded_url': 'https://www.bitvalve.com/',
                                                                     'indices': [ 0,
                                                                                  23],
                                                                     'url': 'https://t.co/LZzpLQkNMY'}]}},
                                  'favourites_count': 25,
                                  'follow_request_sent': None,
                                  'followers_count': 5834,
                                  'following': None,
                                  'friends_count': 11,
                                  'geo_enabled': False,
                                  'has_extended_profile': True,
                                  'id': 1064475558329937926,
                                  'id_str': '1064475558329937926',
                                  'is_translation_enabled': False,
                                  'is_translator': False,
                                  'lang': None,
                                  'listed_count': 12,
                                  'location': 'Cyprus',
                                  'name': 'BitValve Cryptocurrency Exchange',
                                  'notifications': None,
                                  'profile_background_color': '000000',
                                  'profile_background_image_url': 'http://abs.twimg.com/images/themes/theme1/bg.png',
                                  'profile_background_image_url_https': 'https://abs.twimg.com/images/themes/theme1/bg.png',
                                  'profile_background_tile': False,
                                  'profile_banner_url': 'https://pbs.twimg.com/profile_banners/1064475558329937926/1549939623',
                                  'profile_image_url': 'http://pbs.twimg.com/profile_images/1095152392176324608/CTvAkgJ4_normal.jpg',
                                  'profile_image_url_https': 'https://pbs.twimg.com/profile_images/1095152392176324608/CTvAkgJ4_normal.jpg',
                                  'profile_link_color': '7FDBB6',
                                  'profile_sidebar_border_color': '000000',
                                  'profile_sidebar_fill_color': '000000',
                                  'profile_text_color': '000000',
                                  'profile_use_background_image': False,
                                  'protected': False,
                                  'screen_name': 'bitvalve',
                                  'statuses_count': 97,
                                  'time_zone': None,
                                  'translator_type': 'none',
                                  'url': 'https://t.co/LZzpLQkNMY',
                                  'utc_offset': None,
                                  'verified': False}},
  'source': '<a href="https://mobile.twitter.com" rel="nofollow">Twitter Web '
            'App</a>',
  'text': 'RT @bitvalve: #BitValve #Cryptocurrency Exchange #ICO is rated '
          'among the best #ICO projects on @coinschedule!\n'
          '\n'
          'Check out our #MVP at https:…',
  'truncated': False,
  'user': { 'contributors_enabled': False,
            'created_at': 'Sat Jul 27 01:09:11 +0000 2019',
            'default_profile': True,
            'default_profile_image': False,
            'description': '',
            'entities': {'description': {'urls': []}},
            'favourites_count': 31,
            'follow_request_sent': None,
            'followers_count': 3,
            'following': None,
            'friends_count': 50,
            'geo_enabled': False,
            'has_extended_profile': True,
            'id': 1154921640808947712,
            'id_str': '1154921640808947712',
            'is_translation_enabled': False,
            'is_translator': False,
            'lang': None,
            'listed_count': 0,
            'location': 'Bangladesh',
            'name': 'Md Sohel Hossain',
            'notifications': None,
            'profile_background_color': 'F5F8FA',
            'profile_background_image_url': None,
            'profile_background_image_url_https': None,
            'profile_background_tile': False,
            'profile_image_url': 'http://pbs.twimg.com/profile_images/1154922134126252032/1li8URsi_normal.jpg',
            'profile_image_url_https': 'https://pbs.twimg.com/profile_images/1154922134126252032/1li8URsi_normal.jpg',
            'profile_link_color': '1DA1F2',
            'profile_sidebar_border_color': 'C0DEED',
            'profile_sidebar_fill_color': 'DDEEF6',
            'profile_text_color': '333333',
            'profile_use_background_image': True,
            'protected': False,
            'screen_name': 'MdSohel80262202',
            'statuses_count': 30,
            'time_zone': None,
            'translator_type': 'none',
            'url': None,
            'utc_offset': None,
            'verified': False}}
----------Summary----------
{ 'entities': {},
  'id_str': '1156647801213685760',
  'retweeted_status': { 'entities': { 'urls': { 'display_url': 'twitter.com/i/web/status/1…',
                                                'expanded_url': 'https://twitter.com/i/web/status/1156534713856724992'}},
                        'id_str': '1156534713856724992',
                        'text': '#bitvalve #cryptocurrency exchange #ico is '
                                'rated among the best #ico projects on '
                                '@coinschedule!  check out our #mvp '
                                'https://t.co/arodetdzb2',
                        'user': { 'entities': {},
                                  'id_str': '1064475558329937926',
                                  'twitter_user': 'bitvalve'}},
  'text': 'rt @bitvalve: #bitvalve #cryptocurrency exchange #ico is rated '
          'among the best #ico projects on @coinschedule!  check out our #mvp '
          'at https:',
  'user': { 'entities': {},
            'id_str': '1154921640808947712',
            'twitter_user': 'MdSohel80262202'}}
----------Groups----------
{ 'Bitcoin': ['bitcoin', 'Bitcoin', 'btc', 'satoshi nakamoto'],
  'Ethereum': ['ethereum', 'Ethereum', 'eth', 'vitalik buterin'],
  'Litecoin': ['litecoin', 'Litecoin', 'ltc', 'charles lee'],
  'Monero': ['monero', 'Monero', 'xmr', 'riccardo spagni'],
  'Ripple': [ 'ripple',
              'Ripple',
              'xrp',
              'xrapid',
              'xcurrent',
              'chris larsen',
              'jed mccaleb']}
---------------------------Fetch-------2019-07-31 15:59:37.943143: Tweet filed under "misc":----------Data----------
{ 'contributors': None,
  'coordinates': None,
  'created_at': 'Wed Jul 31 19:52:44 +0000 2019',
  'entities': { 'hashtags': [],
                'symbols': [{'indices': [51, 55], 'text': 'XVG'}],
                'urls': [],
                'user_mentions': [ { 'id': 1102270056568766466,
                                     'id_str': '1102270056568766466',
                                     'indices': [3, 19],
                                     'name': 'Angelita E. McCrory',
                                     'screen_name': 'MccroryAngelita'}]},
  'favorite_count': 0,
  'favorited': False,
  'geo': None,
  'id': 1156653942325071872,
  'id_str': '1156653942325071872',
  'in_reply_to_screen_name': None,
  'in_reply_to_status_id': None,
  'in_reply_to_status_id_str': None,
  'in_reply_to_user_id': None,
  'in_reply_to_user_id_str': None,
  'is_quote_status': False,
  'lang': 'en',
  'metadata': {'iso_language_code': 'en', 'result_type': 'recent'},
  'place': None,
  'retweet_count': 207,
  'retweeted': False,
  'retweeted_status': { 'contributors': None,
                        'coordinates': None,
                        'created_at': 'Wed Jul 31 06:17:13 +0000 2019',
                        'entities': { 'hashtags': [],
                                      'symbols': [ { 'indices': [30, 34],
                                                     'text': 'XVG'}],
                                      'urls': [ { 'display_url': 'twitter.com/i/web/status/1…',
                                                  'expanded_url': 'https://twitter.com/i/web/status/1156448712425525248',
                                                  'indices': [116, 139],
                                                  'url': 'https://t.co/kPUaJL4ZZW'}],
                                      'user_mentions': []},
                        'favorite_count': 238,
                        'favorited': False,
                        'geo': None,
                        'id': 1156448712425525248,
                        'id_str': '1156448712425525248',
                        'in_reply_to_screen_name': None,
                        'in_reply_to_status_id': None,
                        'in_reply_to_status_id_str': None,
                        'in_reply_to_user_id': None,
                        'in_reply_to_user_id_str': None,
                        'is_quote_status': False,
                        'lang': 'en',
                        'metadata': { 'iso_language_code': 'en',
                                      'result_type': 'recent'},
                        'place': None,
                        'retweet_count': 207,
                        'retweeted': False,
                        'source': '<a href="https://mobile.twitter.com" '
                                  'rel="nofollow">Twitter Web App</a>',
                        'text': 'I decided to give away 50,000 $XVG to someone '
                                'at the end of August 10\n'
                                'All you have to do to win is:\n'
                                '\n'
                                '-Be following… https://t.co/kPUaJL4ZZW',
                        'truncated': True,
                        'user': { 'contributors_enabled': False,
                                  'created_at': 'Sun Mar 03 18:10:35 +0000 '
                                                '2019',
                                  'default_profile': True,
                                  'default_profile_image': False,
                                  'description': 'My name is Angelita E. '
                                                 'McCrory, my favorite hobby '
                                                 'is travelling. I’m '
                                                 'interested in seeing new '
                                                 'sights, exploring different '
                                                 'cultures and else.',
                                  'entities': {'description': {'urls': []}},
                                  'favourites_count': 23,
                                  'follow_request_sent': None,
                                  'followers_count': 3906,
                                  'following': None,
                                  'friends_count': 300,
                                  'geo_enabled': False,
                                  'has_extended_profile': True,
                                  'id': 1102270056568766466,
                                  'id_str': '1102270056568766466',
                                  'is_translation_enabled': False,
                                  'is_translator': False,
                                  'lang': None,
                                  'listed_count': 7,
                                  'location': 'NYC',
                                  'name': 'Angelita E. McCrory',
                                  'notifications': None,
                                  'profile_background_color': 'F5F8FA',
                                  'profile_background_image_url': None,
                                  'profile_background_image_url_https': None,
                                  'profile_background_tile': False,
                                  'profile_banner_url': 'https://pbs.twimg.com/profile_banners/1102270056568766466/1551638208',
                                  'profile_image_url': 'http://pbs.twimg.com/profile_images/1110228722257297413/nTZSt0Xz_normal.png',
                                  'profile_image_url_https': 'https://pbs.twimg.com/profile_images/1110228722257297413/nTZSt0Xz_normal.png',
                                  'profile_link_color': '1DA1F2',
                                  'profile_sidebar_border_color': 'C0DEED',
                                  'profile_sidebar_fill_color': 'DDEEF6',
                                  'profile_text_color': '333333',
                                  'profile_use_background_image': True,
                                  'protected': False,
                                  'screen_name': 'MccroryAngelita',
                                  'statuses_count': 79,
                                  'time_zone': None,
                                  'translator_type': 'none',
                                  'url': None,
                                  'utc_offset': None,
                                  'verified': False}},
  'source': '<a href="http://twitter.com/download/android" '
            'rel="nofollow">Twitter for Android</a>',
  'text': 'RT @MccroryAngelita: I decided to give away 50,000 $XVG to someone '
          'at the end of August 10\n'
          'All you have to do to win is:\n'
          '\n'
          '-Be following me…',
  'truncated': False,
  'user': { 'contributors_enabled': False,
            'created_at': 'Wed Jun 26 21:09:08 +0000 2019',
            'default_profile': True,
            'default_profile_image': False,
            'description': 'just a broke guy trying to ride a crypto wave to '
                           'financial freedom.',
            'entities': {'description': {'urls': []}},
            'favourites_count': 30,
            'follow_request_sent': None,
            'followers_count': 7,
            'following': None,
            'friends_count': 45,
            'geo_enabled': False,
            'has_extended_profile': False,
            'id': 1143989596558172167,
            'id_str': '1143989596558172167',
            'is_translation_enabled': False,
            'is_translator': False,
            'lang': None,
            'listed_count': 0,
            'location': 'United States',
            'name': 'Ryan Alpha',
            'notifications': None,
            'profile_background_color': 'F5F8FA',
            'profile_background_image_url': None,
            'profile_background_image_url_https': None,
            'profile_background_tile': False,
            'profile_banner_url': 'https://pbs.twimg.com/profile_banners/1143989596558172167/1561764608',
            'profile_image_url': 'http://pbs.twimg.com/profile_images/1144749858450038785/hp0keyz3_normal.jpg',
            'profile_image_url_https': 'https://pbs.twimg.com/profile_images/1144749858450038785/hp0keyz3_normal.jpg',
            'profile_link_color': '1DA1F2',
            'profile_sidebar_border_color': 'C0DEED',
            'profile_sidebar_fill_color': 'DDEEF6',
            'profile_text_color': '333333',
            'profile_use_background_image': True,
            'protected': False,
            'screen_name': 'RyanAlpha9',
            'statuses_count': 14,
            'time_zone': None,
            'translator_type': 'none',
            'url': None,
            'utc_offset': None,
            'verified': False}}
----------Summary----------
{ 'entities': {},
  'id_str': '1156653942325071872',
  'retweeted_status': { 'entities': { 'urls': { 'display_url': 'twitter.com/i/web/status/1…',
                                                'expanded_url': 'https://twitter.com/i/web/status/1156448712425525248'}},
                        'id_str': '1156448712425525248',
                        'text': 'i decided to give away 50,000 $xvg to someone '
                                'at the end of august 10 all you have to do to '
                                'win is:  -be following '
                                'https://t.co/kpuajl4zzw',
                        'user': { 'entities': {},
                                  'id_str': '1102270056568766466',
                                  'twitter_user': 'MccroryAngelita'}},
  'text': 'rt @mccroryangelita: i decided to give away 50,000 $xvg to someone '
          'at the end of august 10 all you have to do to win is:  -be '
          'following me',
  'user': { 'entities': {},
            'id_str': '1143989596558172167',
            'twitter_user': 'RyanAlpha9'}}
----------Groups----------
{ 'Bitcoin': ['bitcoin', 'Bitcoin', 'btc', 'satoshi nakamoto'],
  'Ethereum': ['ethereum', 'Ethereum', 'eth', 'vitalik buterin'],
  'Litecoin': ['litecoin', 'Litecoin', 'ltc', 'charles lee'],
  'Monero': ['monero', 'Monero', 'xmr', 'riccardo spagni'],
  'Ripple': [ 'ripple',
              'Ripple',
              'xrp',
              'xrapid',
              'xcurrent',
              'chris larsen',
              'jed mccaleb']}
---------------------------Fetch-------2019-07-31 15:59:39.253944: Tweet filed under "misc":----------Data----------
{ 'contributors': None,
  'coordinates': None,
  'created_at': 'Wed Jul 31 19:51:44 +0000 2019',
  'entities': { 'hashtags': [],
                'symbols': [],
                'urls': [ { 'display_url': 'twitter.com/i/web/status/1…',
                            'expanded_url': 'https://twitter.com/i/web/status/1156653690360496129',
                            'indices': [116, 139],
                            'url': 'https://t.co/QIMf2ebwY8'}],
                'user_mentions': [ { 'id': 14298769,
                                     'id_str': '14298769',
                                     'indices': [0, 14],
                                     'name': 'Molly Jong-Fast',
                                     'screen_name': 'MollyJongFast'}]},
  'favorite_count': 0,
  'favorited': False,
  'geo': None,
  'id': 1156653690360496129,
  'id_str': '1156653690360496129',
  'in_reply_to_screen_name': 'MollyJongFast',
  'in_reply_to_status_id': 1156420884854398976,
  'in_reply_to_status_id_str': '1156420884854398976',
  'in_reply_to_user_id': 14298769,
  'in_reply_to_user_id_str': '14298769',
  'is_quote_status': False,
  'lang': 'en',
  'metadata': {'iso_language_code': 'en', 'result_type': 'recent'},
  'place': None,
  'retweet_count': 0,
  'retweeted': False,
  'source': '<a href="http://twitter.com/#!/download/ipad" '
            'rel="nofollow">Twitter for iPad</a>',
  'text': '@MollyJongFast Ya figure half this country got suckered by a '
          'grifter in 2016 so it makes sense the other half gets… '
          'https://t.co/QIMf2ebwY8',
  'truncated': True,
  'user': { 'contributors_enabled': False,
            'created_at': 'Sat Apr 22 05:34:43 +0000 2017',
            'default_profile': True,
            'default_profile_image': False,
            'description': "I killed fiddy men, where's my free ride?",
            'entities': {'description': {'urls': []}},
            'favourites_count': 1323,
            'follow_request_sent': None,
            'followers_count': 13,
            'following': None,
            'friends_count': 20,
            'geo_enabled': False,
            'has_extended_profile': True,
            'id': 855656089668288513,
            'id_str': '855656089668288513',
            'is_translation_enabled': False,
            'is_translator': False,
            'lang': None,
            'listed_count': 0,
            'location': 'Arlen, Texas USA',
            'name': 'Cotton Lyndal Hill',
            'notifications': None,
            'profile_background_color': 'F5F8FA',
            'profile_background_image_url': None,
            'profile_background_image_url_https': None,
            'profile_background_tile': False,
            'profile_banner_url': 'https://pbs.twimg.com/profile_banners/855656089668288513/1499718432',
            'profile_image_url': 'http://pbs.twimg.com/profile_images/884509326236205057/YDNU5vwQ_normal.jpg',
            'profile_image_url_https': 'https://pbs.twimg.com/profile_images/884509326236205057/YDNU5vwQ_normal.jpg',
            'profile_link_color': '1DA1F2',
            'profile_sidebar_border_color': 'C0DEED',
            'profile_sidebar_fill_color': 'DDEEF6',
            'profile_text_color': '333333',
            'profile_use_background_image': True,
            'protected': False,
            'screen_name': 'LTC_CottonHill',
            'statuses_count': 605,
            'time_zone': None,
            'translator_type': 'none',
            'url': None,
            'utc_offset': None,
            'verified': False}}
----------Summary----------
{ 'entities': { 'urls': { 'display_url': 'twitter.com/i/web/status/1…',
                          'expanded_url': 'https://twitter.com/i/web/status/1156653690360496129'}},
  'id_str': '1156653690360496129',
  'text': '@mollyjongfast ya figure half this country got suckered by a '
          'grifter in 2016 so it makes sense the other half gets '
          'https://t.co/qimf2ebwy8',
  'user': { 'entities': {},
            'id_str': '855656089668288513',
            'twitter_user': 'LTC_CottonHill'}}
----------Groups----------
{ 'Bitcoin': ['bitcoin', 'Bitcoin', 'btc', 'satoshi nakamoto'],
  'Ethereum': ['ethereum', 'Ethereum', 'eth', 'vitalik buterin'],
  'Litecoin': ['litecoin', 'Litecoin', 'ltc', 'charles lee'],
  'Monero': ['monero', 'Monero', 'xmr', 'riccardo spagni'],
  'Ripple': [ 'ripple',
              'Ripple',
              'xrp',
              'xrapid',
              'xcurrent',
              'chris larsen',
              'jed mccaleb']}
---------------------------Fetch-------2019-07-31 15:59:39.865265: Tweet filed under "misc":----------Data----------
{ 'contributors': None,
  'coordinates': None,
  'created_at': 'Wed Jul 31 19:50:13 +0000 2019',
  'entities': { 'hashtags': [ {'indices': [19, 27], 'text': 'campers'},
                              {'indices': [31, 44], 'text': 'Newfoundland'},
                              {'indices': [46, 58], 'text': 'LearnToCamp'},
                              {'indices': [66, 78], 'text': 'ParksCanada'}],
                'symbols': [],
                'urls': [ { 'display_url': 'twitter.com/i/web/status/1…',
                            'expanded_url': 'https://twitter.com/i/web/status/1156653310792929281',
                            'indices': [117, 140],
                            'url': 'https://t.co/vgbDe8gi7b'}],
                'user_mentions': [ { 'id': 18194134,
                                     'id_str': '18194134',
                                     'indices': [83, 87],
                                     'name': 'MEC',
                                     'screen_name': 'mec'}]},
  'favorite_count': 1,
  'favorited': False,
  'geo': None,
  'id': 1156653310792929281,
  'id_str': '1156653310792929281',
  'in_reply_to_screen_name': None,
  'in_reply_to_status_id': None,
  'in_reply_to_status_id_str': None,
  'in_reply_to_user_id': None,
  'in_reply_to_user_id_str': None,
  'is_quote_status': False,
  'lang': 'en',
  'metadata': {'iso_language_code': 'en', 'result_type': 'recent'},
  'place': None,
  'possibly_sensitive': False,
  'retweet_count': 0,
  'retweeted': False,
  'source': '<a href="https://www.hootsuite.com" rel="nofollow">Hootsuite '
            'Inc.</a>',
  'text': 'Calling all newbie #campers in #Newfoundland! #LearnToCamp ⛺ with '
          '#ParksCanada and @mec August 3-4 at Port au Choix… '
          'https://t.co/vgbDe8gi7b',
  'truncated': True,
  'user': { 'contributors_enabled': False,
            'created_at': 'Mon Aug 17 21:45:46 +0000 2009',
            'default_profile': False,
            'default_profile_image': False,
            'description': "Canada's national parks, national marine "
                           'conservation areas and national historic sites • '
                           'Terms: http://t.co/4DdpFcVLHm • En français : '
                           '@ParcsCanada',
            'entities': { 'description': { 'urls': [ { 'display_url': 'pc.gc.ca/smt',
                                                       'expanded_url': 'http://www.pc.gc.ca/smt',
                                                       'indices': [97, 119],
                                                       'url': 'http://t.co/4DdpFcVLHm'}]},
                          'url': { 'urls': [ { 'display_url': 'parkscanada.gc.ca',
                                               'expanded_url': 'http://www.parkscanada.gc.ca',
                                               'indices': [0, 22],
                                               'url': 'http://t.co/G3DNxRQsEm'}]}},
            'favourites_count': 20952,
            'follow_request_sent': None,
            'followers_count': 200476,
            'following': None,
            'friends_count': 456,
            'geo_enabled': True,
            'has_extended_profile': False,
            'id': 66496796,
            'id_str': '66496796',
            'is_translation_enabled': False,
            'is_translator': False,
            'lang': None,
            'listed_count': 2229,
            'location': 'Canada',
            'name': 'Parks Canada',
            'notifications': None,
            'profile_background_color': 'C0DEED',
            'profile_background_image_url': 'http://abs.twimg.com/images/themes/theme1/bg.png',
            'profile_background_image_url_https': 'https://abs.twimg.com/images/themes/theme1/bg.png',
            'profile_background_tile': False,
            'profile_banner_url': 'https://pbs.twimg.com/profile_banners/66496796/1553712582',
            'profile_image_url': 'http://pbs.twimg.com/profile_images/1007652237760483328/Hor3mVjk_normal.jpg',
            'profile_image_url_https': 'https://pbs.twimg.com/profile_images/1007652237760483328/Hor3mVjk_normal.jpg',
            'profile_link_color': '0084B4',
            'profile_sidebar_border_color': '000000',
            'profile_sidebar_fill_color': 'F7F7F7',
            'profile_text_color': '292828',
            'profile_use_background_image': False,
            'protected': False,
            'screen_name': 'ParksCanada',
            'statuses_count': 27959,
            'time_zone': None,
            'translator_type': 'none',
            'url': 'http://t.co/G3DNxRQsEm',
            'utc_offset': None,
            'verified': True}}
----------Summary----------
{ 'entities': { 'urls': { 'display_url': 'twitter.com/i/web/status/1…',
                          'expanded_url': 'https://twitter.com/i/web/status/1156653310792929281'}},
  'id_str': '1156653310792929281',
  'text': 'calling all newbie #campers in #newfoundland! #learntocamp  with '
          '#parkscanada and @mec august 3-4 at port au choix '
          'https://t.co/vgbde8gi7b',
  'user': {'entities': {}, 'id_str': '66496796', 'twitter_user': 'ParksCanada'}}
----------Groups----------
{ 'Bitcoin': ['bitcoin', 'Bitcoin', 'btc', 'satoshi nakamoto'],
  'Ethereum': ['ethereum', 'Ethereum', 'eth', 'vitalik buterin'],
  'Litecoin': ['litecoin', 'Litecoin', 'ltc', 'charles lee'],
  'Monero': ['monero', 'Monero', 'xmr', 'riccardo spagni'],
  'Ripple': [ 'ripple',
              'Ripple',
              'xrp',
              'xrapid',
              'xcurrent',
              'chris larsen',
              'jed mccaleb']}
---------------------------Fetch-------2019-07-31 15:59:41.813369: Tweet filed under "misc":----------Data----------
{ 'contributors': None,
  'coordinates': None,
  'created_at': 'Wed Jul 31 19:47:13 +0000 2019',
  'entities': { 'hashtags': [],
                'symbols': [],
                'urls': [],
                'user_mentions': [ { 'id': 989503594532552704,
                                     'id_str': '989503594532552704',
                                     'indices': [3, 18],
                                     'name': 'Nikita Sachdev',
                                     'screen_name': 'cryptoqueen999'}]},
  'favorite_count': 0,
  'favorited': False,
  'geo': None,
  'id': 1156652557030137856,
  'id_str': '1156652557030137856',
  'in_reply_to_screen_name': None,
  'in_reply_to_status_id': None,
  'in_reply_to_status_id_str': None,
  'in_reply_to_user_id': None,
  'in_reply_to_user_id_str': None,
  'is_quote_status': False,
  'lang': 'en',
  'metadata': {'iso_language_code': 'en', 'result_type': 'recent'},
  'place': None,
  'retweet_count': 33,
  'retweeted': False,
  'retweeted_status': { 'contributors': None,
                        'coordinates': None,
                        'created_at': 'Wed Jul 31 16:25:50 +0000 2019',
                        'entities': { 'hashtags': [],
                                      'symbols': [],
                                      'urls': [ { 'display_url': 'twitter.com/i/web/status/1…',
                                                  'expanded_url': 'https://twitter.com/i/web/status/1156601876055580672',
                                                  'indices': [117, 140],
                                                  'url': 'https://t.co/9IpZUnwkjl'}],
                                      'user_mentions': []},
                        'favorite_count': 27,
                        'favorited': False,
                        'geo': None,
                        'id': 1156601876055580672,
                        'id_str': '1156601876055580672',
                        'in_reply_to_screen_name': None,
                        'in_reply_to_status_id': None,
                        'in_reply_to_status_id_str': None,
                        'in_reply_to_user_id': None,
                        'in_reply_to_user_id_str': None,
                        'is_quote_status': False,
                        'lang': 'en',
                        'metadata': { 'iso_language_code': 'en',
                                      'result_type': 'recent'},
                        'place': None,
                        'retweet_count': 33,
                        'retweeted': False,
                        'source': '<a '
                                  'href="http://twitter.com/download/iphone" '
                                  'rel="nofollow">Twitter for iPhone</a>',
                        'text': 'One more giveaway once I’ve sorted the '
                                'previous winners out with their prizes? \n'
                                '\n'
                                'RETWEET if you want another giveaw… '
                                'https://t.co/9IpZUnwkjl',
                        'truncated': True,
                        'user': { 'contributors_enabled': False,
                                  'created_at': 'Thu Apr 26 13:56:55 +0000 '
                                                '2018',
                                  'default_profile': False,
                                  'default_profile_image': False,
                                  'description': 'Blockchain & Crypto '
                                                 'Enthusiast • Co-founder of '
                                                 'Luna Management',
                                  'entities': { 'description': {'urls': []},
                                                'url': { 'urls': [ { 'display_url': 'instagram.com/nikitasachdev5/',
                                                                     'expanded_url': 'https://www.instagram.com/nikitasachdev5/',
                                                                     'indices': [ 0,
                                                                                  23],
                                                                     'url': 'https://t.co/txlEKzaNvj'}]}},
                                  'favourites_count': 109,
                                  'follow_request_sent': None,
                                  'followers_count': 5003,
                                  'following': None,
                                  'friends_count': 50,
                                  'geo_enabled': False,
                                  'has_extended_profile': False,
                                  'id': 989503594532552704,
                                  'id_str': '989503594532552704',
                                  'is_translation_enabled': False,
                                  'is_translator': False,
                                  'lang': None,
                                  'listed_count': 12,
                                  'location': '',
                                  'name': 'Nikita Sachdev',
                                  'notifications': None,
                                  'profile_background_color': '000000',
                                  'profile_background_image_url': 'http://abs.twimg.com/images/themes/theme1/bg.png',
                                  'profile_background_image_url_https': 'https://abs.twimg.com/images/themes/theme1/bg.png',
                                  'profile_background_tile': False,
                                  'profile_banner_url': 'https://pbs.twimg.com/profile_banners/989503594532552704/1524751356',
                                  'profile_image_url': 'http://pbs.twimg.com/profile_images/989504736511508480/x9yP-jXC_normal.jpg',
                                  'profile_image_url_https': 'https://pbs.twimg.com/profile_images/989504736511508480/x9yP-jXC_normal.jpg',
                                  'profile_link_color': 'ABB8C2',
                                  'profile_sidebar_border_color': '000000',
                                  'profile_sidebar_fill_color': '000000',
                                  'profile_text_color': '000000',
                                  'profile_use_background_image': False,
                                  'protected': False,
                                  'screen_name': 'cryptoqueen999',
                                  'statuses_count': 88,
                                  'time_zone': None,
                                  'translator_type': 'none',
                                  'url': 'https://t.co/txlEKzaNvj',
                                  'utc_offset': None,
                                  'verified': False}},
  'source': '<a href="http://twitter.com/download/iphone" '
            'rel="nofollow">Twitter for iPhone</a>',
  'text': 'RT @cryptoqueen999: One more giveaway once I’ve sorted the previous '
          'winners out with their prizes? \n'
          '\n'
          'RETWEET if you want another giveaway.…',
  'truncated': False,
  'user': { 'contributors_enabled': False,
            'created_at': 'Mon Jun 13 04:43:27 +0000 2016',
            'default_profile': True,
            'default_profile_image': False,
            'description': '💲💲💲 21yr Investor $XRP, $VET, $KIN, $HOT 🇳🇬',
            'entities': { 'description': {'urls': []},
                          'url': { 'urls': [ { 'display_url': 'learncrypto.io/ref/ketchie20/',
                                               'expanded_url': 'https://learncrypto.io/ref/ketchie20/',
                                               'indices': [0, 23],
                                               'url': 'https://t.co/5mEXZCszla'}]}},
            'favourites_count': 10417,
            'follow_request_sent': None,
            'followers_count': 419,
            'following': None,
            'friends_count': 1562,
            'geo_enabled': False,
            'has_extended_profile': False,
            'id': 742215785578270720,
            'id_str': '742215785578270720',
            'is_translation_enabled': False,
            'is_translator': False,
            'lang': None,
            'listed_count': 4,
            'location': '',
            'name': 'XRP20 🇳🇬',
            'notifications': None,
            'profile_background_color': 'F5F8FA',
            'profile_background_image_url': None,
            'profile_background_image_url_https': None,
            'profile_background_tile': False,
            'profile_banner_url': 'https://pbs.twimg.com/profile_banners/742215785578270720/1529084683',
            'profile_image_url': 'http://pbs.twimg.com/profile_images/1007680697782288384/suma-nAH_normal.jpg',
            'profile_image_url_https': 'https://pbs.twimg.com/profile_images/1007680697782288384/suma-nAH_normal.jpg',
            'profile_link_color': '1DA1F2',
            'profile_sidebar_border_color': 'C0DEED',
            'profile_sidebar_fill_color': 'DDEEF6',
            'profile_text_color': '333333',
            'profile_use_background_image': True,
            'protected': False,
            'screen_name': 'XRPHOLDR',
            'statuses_count': 4931,
            'time_zone': None,
            'translator_type': 'none',
            'url': 'https://t.co/5mEXZCszla',
            'utc_offset': None,
            'verified': False}}
----------Summary----------
{ 'entities': {},
  'id_str': '1156652557030137856',
  'retweeted_status': { 'entities': { 'urls': { 'display_url': 'twitter.com/i/web/status/1…',
                                                'expanded_url': 'https://twitter.com/i/web/status/1156601876055580672'}},
                        'id_str': '1156601876055580672',
                        'text': 'one more giveaway once ive sorted the '
                                'previous winners out with their prizes?   '
                                'retweet if you want another giveaw '
                                'https://t.co/9ipzunwkjl',
                        'user': { 'entities': {},
                                  'id_str': '989503594532552704',
                                  'twitter_user': 'cryptoqueen999'}},
  'text': 'rt @cryptoqueen999: one more giveaway once ive sorted the previous '
          'winners out with their prizes?   retweet if you want another '
          'giveaway.',
  'user': { 'entities': {},
            'id_str': '742215785578270720',
            'twitter_user': 'XRPHOLDR'}}
----------Groups----------
{ 'Bitcoin': ['bitcoin', 'Bitcoin', 'btc', 'satoshi nakamoto'],
  'Ethereum': ['ethereum', 'Ethereum', 'eth', 'vitalik buterin'],
  'Litecoin': ['litecoin', 'Litecoin', 'ltc', 'charles lee'],
  'Monero': ['monero', 'Monero', 'xmr', 'riccardo spagni'],
  'Ripple': [ 'ripple',
              'Ripple',
              'xrp',
              'xrapid',
              'xcurrent',
              'chris larsen',
              'jed mccaleb']}
---------------------------Fetch-------2019-07-31 15:59:43.557495: Tweet filed under "misc":----------Data----------
{ 'contributors': None,
  'coordinates': None,
  'created_at': 'Wed Jul 31 19:45:23 +0000 2019',
  'entities': { 'hashtags': [],
                'symbols': [],
                'urls': [ { 'display_url': 'tradeogre.com/exchange/BTC-X…',
                            'expanded_url': 'https://tradeogre.com/exchange/BTC-XLA',
                            'indices': [64, 87],
                            'url': 'https://t.co/Olky02fW7P'},
                          { 'display_url': 'tradeogre.com/exchange/LTC-X…',
                            'expanded_url': 'https://tradeogre.com/exchange/LTC-XLA',
                            'indices': [88, 111],
                            'url': 'https://t.co/xMVPstX9aA'}],
                'user_mentions': []},
  'favorite_count': 5,
  'favorited': False,
  'geo': None,
  'id': 1156652092276269064,
  'id_str': '1156652092276269064',
  'in_reply_to_screen_name': None,
  'in_reply_to_status_id': None,
  'in_reply_to_status_id_str': None,
  'in_reply_to_user_id': None,
  'in_reply_to_user_id_str': None,
  'is_quote_status': False,
  'lang': 'en',
  'metadata': {'iso_language_code': 'en', 'result_type': 'recent'},
  'place': None,
  'possibly_sensitive': False,
  'retweet_count': 0,
  'retweeted': False,
  'source': '<a href="https://mobile.twitter.com" rel="nofollow">Twitter Web '
            'App</a>',
  'text': 'Name and ticker have been updated on TradeOgre👍\n'
          'Happy trading!\n'
          '\n'
          'https://t.co/Olky02fW7P\n'
          'https://t.co/xMVPstX9aA',
  'truncated': False,
  'user': { 'contributors_enabled': False,
            'created_at': 'Sun Jan 21 22:21:15 +0000 2018',
            'default_profile': False,
            'default_profile_image': False,
            'description': 'IPFS & ZeroNet. Mobile Mining. ScalaPay & More.',
            'entities': { 'description': {'urls': []},
                          'url': { 'urls': [ { 'display_url': 'scalaproject.io',
                                               'expanded_url': 'https://scalaproject.io/',
                                               'indices': [0, 23],
                                               'url': 'https://t.co/P2CjxTaVsz'}]}},
            'favourites_count': 7514,
            'follow_request_sent': None,
            'followers_count': 5435,
            'following': None,
            'friends_count': 23,
            'geo_enabled': False,
            'has_extended_profile': False,
            'id': 955203665266184192,
            'id_str': '955203665266184192',
            'is_translation_enabled': False,
            'is_translator': False,
            'lang': None,
            'listed_count': 60,
            'location': '',
            'name': 'Scala (XLA)',
            'notifications': None,
            'profile_background_color': '000000',
            'profile_background_image_url': 'http://abs.twimg.com/images/themes/theme1/bg.png',
            'profile_background_image_url_https': 'https://abs.twimg.com/images/themes/theme1/bg.png',
            'profile_background_tile': False,
            'profile_banner_url': 'https://pbs.twimg.com/profile_banners/955203665266184192/1564152859',
            'profile_image_url': 'http://pbs.twimg.com/profile_images/1154791961372614656/rZf-lyYZ_normal.jpg',
            'profile_image_url_https': 'https://pbs.twimg.com/profile_images/1154791961372614656/rZf-lyYZ_normal.jpg',
            'profile_link_color': 'FF1468',
            'profile_sidebar_border_color': '000000',
            'profile_sidebar_fill_color': '000000',
            'profile_text_color': '000000',
            'profile_use_background_image': False,
            'protected': False,
            'screen_name': 'ScalaHQ',
            'statuses_count': 322,
            'time_zone': None,
            'translator_type': 'none',
            'url': 'https://t.co/P2CjxTaVsz',
            'utc_offset': None,
            'verified': False}}
----------Summary----------
{ 'entities': { 'urls': { 'display_url': 'tradeogre.com/exchange/LTC-X…',
                          'expanded_url': 'https://tradeogre.com/exchange/LTC-XLA'}},
  'id_str': '1156652092276269064',
  'text': 'name and ticker have been updated on tradeogre happy trading!  '
          'https://t.co/olky02fw7p https://t.co/xmvpstx9aa',
  'user': { 'entities': {},
            'id_str': '955203665266184192',
            'twitter_user': 'ScalaHQ'}}
----------Groups----------
{ 'Bitcoin': ['bitcoin', 'Bitcoin', 'btc', 'satoshi nakamoto'],
  'Ethereum': ['ethereum', 'Ethereum', 'eth', 'vitalik buterin'],
  'Litecoin': ['litecoin', 'Litecoin', 'ltc', 'charles lee'],
  'Monero': ['monero', 'Monero', 'xmr', 'riccardo spagni'],
  'Ripple': [ 'ripple',
              'Ripple',
              'xrp',
              'xrapid',
              'xcurrent',
              'chris larsen',
              'jed mccaleb']}
---------------------------Fetch-------2019-07-31 15:59:44.170940: Tweet filed under "misc":----------Data----------
{ 'contributors': None,
  'coordinates': None,
  'created_at': 'Wed Jul 31 19:45:12 +0000 2019',
  'entities': { 'hashtags': [],
                'symbols': [],
                'urls': [],
                'user_mentions': [ { 'id': 142331377,
                                     'id_str': '142331377',
                                     'indices': [3, 8],
                                     'name': "Canada's Nurses",
                                     'screen_name': 'CFNU'}]},
  'favorite_count': 0,
  'favorited': False,
  'geo': None,
  'id': 1156652047929880577,
  'id_str': '1156652047929880577',
  'in_reply_to_screen_name': None,
  'in_reply_to_status_id': None,
  'in_reply_to_status_id_str': None,
  'in_reply_to_user_id': None,
  'in_reply_to_user_id_str': None,
  'is_quote_status': False,
  'lang': 'en',
  'metadata': {'iso_language_code': 'en', 'result_type': 'recent'},
  'place': None,
  'retweet_count': 4,
  'retweeted': False,
  'retweeted_status': { 'contributors': None,
                        'coordinates': None,
                        'created_at': 'Wed Jul 31 18:28:49 +0000 2019',
                        'entities': { 'hashtags': [],
                                      'symbols': [],
                                      'urls': [ { 'display_url': 'twitter.com/i/web/status/1…',
                                                  'expanded_url': 'https://twitter.com/i/web/status/1156632826311270400',
                                                  'indices': [117, 140],
                                                  'url': 'https://t.co/o6xmb8ZGoQ'}],
                                      'user_mentions': []},
                        'favorite_count': 3,
                        'favorited': False,
                        'geo': None,
                        'id': 1156632826311270400,
                        'id_str': '1156632826311270400',
                        'in_reply_to_screen_name': None,
                        'in_reply_to_status_id': None,
                        'in_reply_to_status_id_str': None,
                        'in_reply_to_user_id': None,
                        'in_reply_to_user_id_str': None,
                        'is_quote_status': False,
                        'lang': 'en',
                        'metadata': { 'iso_language_code': 'en',
                                      'result_type': 'recent'},
                        'place': None,
                        'possibly_sensitive': False,
                        'retweet_count': 4,
                        'retweeted': False,
                        'source': '<a href="https://mobile.twitter.com" '
                                  'rel="nofollow">Twitter Web App</a>',
                        'text': '"As front-line registered nurses, we have '
                                'been calling for more RNs, more RPNs and '
                                'improved funding for decades. Wi… '
                                'https://t.co/o6xmb8ZGoQ',
                        'truncated': True,
                        'user': { 'contributors_enabled': False,
                                  'created_at': 'Mon May 10 16:02:25 +0000 '
                                                '2010',
                                  'default_profile': False,
                                  'default_profile_image': False,
                                  'description': 'Canadian Federation of '
                                                 'Nurses Unions | Fédération '
                                                 'canadienne des syndicats '
                                                 'd’infirmières et '
                                                 'd’infirmiers',
                                  'entities': { 'description': {'urls': []},
                                                'url': { 'urls': [ { 'display_url': 'nursesunions.ca',
                                                                     'expanded_url': 'http://www.nursesunions.ca',
                                                                     'indices': [ 0,
                                                                                  23],
                                                                     'url': 'https://t.co/tU1Tc7wGFY'}]}},
                                  'favourites_count': 5938,
                                  'follow_request_sent': None,
                                  'followers_count': 7332,
                                  'following': None,
                                  'friends_count': 1172,
                                  'geo_enabled': True,
                                  'has_extended_profile': True,
                                  'id': 142331377,
                                  'id_str': '142331377',
                                  'is_translation_enabled': False,
                                  'is_translator': False,
                                  'lang': None,
                                  'listed_count': 126,
                                  'location': 'Ottawa',
                                  'name': "Canada's Nurses",
                                  'notifications': None,
                                  'profile_background_color': '1B7FB8',
                                  'profile_background_image_url': 'http://abs.twimg.com/images/themes/theme13/bg.gif',
                                  'profile_background_image_url_https': 'https://abs.twimg.com/images/themes/theme13/bg.gif',
                                  'profile_background_tile': False,
                                  'profile_banner_url': 'https://pbs.twimg.com/profile_banners/142331377/1561406774',
                                  'profile_image_url': 'http://pbs.twimg.com/profile_images/1131941143313342469/lmt3euFx_normal.png',
                                  'profile_image_url_https': 'https://pbs.twimg.com/profile_images/1131941143313342469/lmt3euFx_normal.png',
                                  'profile_link_color': '6F21CF',
                                  'profile_sidebar_border_color': '000000',
                                  'profile_sidebar_fill_color': 'FFFFFF',
                                  'profile_text_color': '333333',
                                  'profile_use_background_image': False,
                                  'protected': False,
                                  'screen_name': 'CFNU',
                                  'statuses_count': 10033,
                                  'time_zone': None,
                                  'translator_type': 'none',
                                  'url': 'https://t.co/tU1Tc7wGFY',
                                  'utc_offset': None,
                                  'verified': False}},
  'source': '<a href="https://mobile.twitter.com" rel="nofollow">Twitter Web '
            'App</a>',
  'text': 'RT @CFNU: "As front-line registered nurses, we have been calling '
          'for more RNs, more RPNs and improved funding for decades. With the '
          'thought…',
  'truncated': False,
  'user': { 'contributors_enabled': False,
            'created_at': 'Wed Sep 18 18:47:48 +0000 2013',
            'default_profile': False,
            'default_profile_image': False,
            'description': 'Canadian Association of Schools of '
                           'Nursing/Association canadienne des ecoles de '
                           'sciences infirmieres. Striving for excellence in '
                           'nursing education.',
            'entities': { 'description': {'urls': []},
                          'url': { 'urls': [ { 'display_url': 'casn.ca',
                                               'expanded_url': 'http://www.casn.ca',
                                               'indices': [0, 22],
                                               'url': 'http://t.co/YdlI7xasoP'}]}},
            'favourites_count': 1723,
            'follow_request_sent': None,
            'followers_count': 1495,
            'following': None,
            'friends_count': 588,
            'geo_enabled': False,
            'has_extended_profile': False,
            'id': 1880456976,
            'id_str': '1880456976',
            'is_translation_enabled': False,
            'is_translator': False,
            'lang': None,
            'listed_count': 30,
            'location': 'Ottawa, Ontario',
            'name': 'CASN/ACESI',
            'notifications': None,
            'profile_background_color': '852D8A',
            'profile_background_image_url': 'http://abs.twimg.com/images/themes/theme10/bg.gif',
            'profile_background_image_url_https': 'https://abs.twimg.com/images/themes/theme10/bg.gif',
            'profile_background_tile': False,
            'profile_banner_url': 'https://pbs.twimg.com/profile_banners/1880456976/1481829870',
            'profile_image_url': 'http://pbs.twimg.com/profile_images/494833998099521536/CPEkLx21_normal.jpeg',
            'profile_image_url_https': 'https://pbs.twimg.com/profile_images/494833998099521536/CPEkLx21_normal.jpeg',
            'profile_link_color': '8C00FF',
            'profile_sidebar_border_color': '000000',
            'profile_sidebar_fill_color': 'C0DFEC',
            'profile_text_color': '333333',
            'profile_use_background_image': True,
            'protected': False,
            'screen_name': 'CASN43',
            'statuses_count': 3158,
            'time_zone': None,
            'translator_type': 'none',
            'url': 'http://t.co/YdlI7xasoP',
            'utc_offset': None,
            'verified': False}}
----------Summary----------
{ 'entities': {},
  'id_str': '1156652047929880577',
  'retweeted_status': { 'entities': { 'urls': { 'display_url': 'twitter.com/i/web/status/1…',
                                                'expanded_url': 'https://twitter.com/i/web/status/1156632826311270400'}},
                        'id_str': '1156632826311270400',
                        'text': '"as front-line registered nurses, we have '
                                'been calling for more rns, more rpns and '
                                'improved funding for decades. wi '
                                'https://t.co/o6xmb8zgoq',
                        'user': { 'entities': {},
                                  'id_str': '142331377',
                                  'twitter_user': 'CFNU'}},
  'text': 'rt @cfnu: "as front-line registered nurses, we have been calling '
          'for more rns, more rpns and improved funding for decades. with the '
          'thought',
  'user': {'entities': {}, 'id_str': '1880456976', 'twitter_user': 'CASN43'}}
----------Groups----------
{ 'Bitcoin': ['bitcoin', 'Bitcoin', 'btc', 'satoshi nakamoto'],
  'Ethereum': ['ethereum', 'Ethereum', 'eth', 'vitalik buterin'],
  'Litecoin': ['litecoin', 'Litecoin', 'ltc', 'charles lee'],
  'Monero': ['monero', 'Monero', 'xmr', 'riccardo spagni'],
  'Ripple': [ 'ripple',
              'Ripple',
              'xrp',
              'xrapid',
              'xcurrent',
              'chris larsen',
              'jed mccaleb']}
---------------------------Fetch-------2019-07-31 15:59:45.826006: Tweet filed under "misc":----------Data----------
{ 'contributors': None,
  'coordinates': None,
  'created_at': 'Wed Jul 31 19:43:07 +0000 2019',
  'entities': { 'hashtags': [],
                'symbols': [{'indices': [15, 20], 'text': 'JOOS'}],
                'urls': [],
                'user_mentions': [ { 'id': 1059618537726074880,
                                     'id_str': '1059618537726074880',
                                     'indices': [3, 13],
                                     'name': 'CryptoBear',
                                     'screen_name': 'MikeKoh18'}]},
  'favorite_count': 0,
  'favorited': False,
  'geo': None,
  'id': 1156651522601697280,
  'id_str': '1156651522601697280',
  'in_reply_to_screen_name': None,
  'in_reply_to_status_id': None,
  'in_reply_to_status_id_str': None,
  'in_reply_to_user_id': None,
  'in_reply_to_user_id_str': None,
  'is_quote_status': False,
  'lang': 'en',
  'metadata': {'iso_language_code': 'en', 'result_type': 'recent'},
  'place': None,
  'possibly_sensitive': False,
  'retweet_count': 77,
  'retweeted': False,
  'retweeted_status': { 'contributors': None,
                        'coordinates': None,
                        'created_at': 'Tue Jul 30 18:03:57 +0000 2019',
                        'entities': { 'hashtags': [],
                                      'symbols': [ { 'indices': [0, 5],
                                                     'text': 'JOOS'}],
                                      'urls': [ { 'display_url': 'twitter.com/i/web/status/1…',
                                                  'expanded_url': 'https://twitter.com/i/web/status/1156264179369570304',
                                                  'indices': [117, 140],
                                                  'url': 'https://t.co/yxfzn5tFM5'}],
                                      'user_mentions': []},
                        'favorite_count': 98,
                        'favorited': False,
                        'geo': None,
                        'id': 1156264179369570304,
                        'id_str': '1156264179369570304',
                        'in_reply_to_screen_name': None,
                        'in_reply_to_status_id': None,
                        'in_reply_to_status_id_str': None,
                        'in_reply_to_user_id': None,
                        'in_reply_to_user_id_str': None,
                        'is_quote_status': False,
                        'lang': 'en',
                        'metadata': { 'iso_language_code': 'en',
                                      'result_type': 'recent'},
                        'place': None,
                        'possibly_sensitive': False,
                        'retweet_count': 77,
                        'retweeted': False,
                        'source': '<a href="https://mobile.twitter.com" '
                                  'rel="nofollow">Twitter Web App</a>',
                        'text': '$JOOS has upcoming events🌟\n'
                                '\n'
                                '☑️ Github code release\n'
                                '🔜 Release Test-net - July 31st\n'
                                '🔜 Exchange Listings\n'
                                '🔜 App Develop… https://t.co/yxfzn5tFM5',
                        'truncated': True,
                        'user': { 'contributors_enabled': False,
                                  'created_at': 'Tue Nov 06 01:28:40 +0000 '
                                                '2018',
                                  'default_profile': True,
                                  'default_profile_image': False,
                                  'description': 'Money maker during bear '
                                                 'times. Living the dream '
                                                 'during bull times.',
                                  'entities': {'description': {'urls': []}},
                                  'favourites_count': 477,
                                  'follow_request_sent': None,
                                  'followers_count': 1032,
                                  'following': None,
                                  'friends_count': 105,
                                  'geo_enabled': False,
                                  'has_extended_profile': False,
                                  'id': 1059618537726074880,
                                  'id_str': '1059618537726074880',
                                  'is_translation_enabled': False,
                                  'is_translator': False,
                                  'lang': None,
                                  'listed_count': 1,
                                  'location': '',
                                  'name': 'CryptoBear',
                                  'notifications': None,
                                  'profile_background_color': 'F5F8FA',
                                  'profile_background_image_url': None,
                                  'profile_background_image_url_https': None,
                                  'profile_background_tile': False,
                                  'profile_image_url': 'http://pbs.twimg.com/profile_images/1059620065182605312/7cemFT_4_normal.jpg',
                                  'profile_image_url_https': 'https://pbs.twimg.com/profile_images/1059620065182605312/7cemFT_4_normal.jpg',
                                  'profile_link_color': '1DA1F2',
                                  'profile_sidebar_border_color': 'C0DEED',
                                  'profile_sidebar_fill_color': 'DDEEF6',
                                  'profile_text_color': '333333',
                                  'profile_use_background_image': True,
                                  'protected': False,
                                  'screen_name': 'MikeKoh18',
                                  'statuses_count': 105,
                                  'time_zone': None,
                                  'translator_type': 'none',
                                  'url': None,
                                  'utc_offset': None,
                                  'verified': False}},
  'source': '<a href="https://mobile.twitter.com" rel="nofollow">Twitter Web '
            'App</a>',
  'text': 'RT @MikeKoh18: $JOOS has upcoming events🌟\n'
          '\n'
          '☑️ Github code release\n'
          '🔜 Release Test-net - July 31st\n'
          '🔜 Exchange Listings\n'
          '🔜 App Development / Re…',
  'truncated': False,
  'user': { 'contributors_enabled': False,
            'created_at': 'Sat Jan 16 14:50:42 +0000 2016',
            'default_profile': True,
            'default_profile_image': False,
            'description': 'Hello World! #Trader #CryptoEnthusiast #BTC #ETH '
                           '#LTC #TRX #BNB',
            'entities': {'description': {'urls': []}},
            'favourites_count': 544,
            'follow_request_sent': None,
            'followers_count': 106,
            'following': None,
            'friends_count': 507,
            'geo_enabled': False,
            'has_extended_profile': False,
            'id': 4818227051,
            'id_str': '4818227051',
            'is_translation_enabled': False,
            'is_translator': False,
            'lang': None,
            'listed_count': 2,
            'location': 'Sioux Falls',
            'name': 'Connie✳️Olson',
            'notifications': None,
            'profile_background_color': 'F5F8FA',
            'profile_background_image_url': None,
            'profile_background_image_url_https': None,
            'profile_background_tile': False,
            'profile_banner_url': 'https://pbs.twimg.com/profile_banners/4818227051/1553113351',
            'profile_image_url': 'http://pbs.twimg.com/profile_images/1108463575000104960/NpEGZ53q_normal.png',
            'profile_image_url_https': 'https://pbs.twimg.com/profile_images/1108463575000104960/NpEGZ53q_normal.png',
            'profile_link_color': '1DA1F2',
            'profile_sidebar_border_color': 'C0DEED',
            'profile_sidebar_fill_color': 'DDEEF6',
            'profile_text_color': '333333',
            'profile_use_background_image': True,
            'protected': False,
            'screen_name': 'insomnite92',
            'statuses_count': 600,
            'time_zone': None,
            'translator_type': 'none',
            'url': None,
            'utc_offset': None,
            'verified': False}}
----------Summary----------
{ 'entities': {},
  'id_str': '1156651522601697280',
  'retweeted_status': { 'entities': { 'urls': { 'display_url': 'twitter.com/i/web/status/1…',
                                                'expanded_url': 'https://twitter.com/i/web/status/1156264179369570304'}},
                        'id_str': '1156264179369570304',
                        'text': '$joos has upcoming events   github code '
                                'release  release test-net - july 31st  '
                                'exchange listings  app develop '
                                'https://t.co/yxfzn5tfm5',
                        'user': { 'entities': {},
                                  'id_str': '1059618537726074880',
                                  'twitter_user': 'MikeKoh18'}},
  'text': 'rt @mikekoh18: $joos has upcoming events   github code release  '
          'release test-net - july 31st  exchange listings  app development / '
          're',
  'user': { 'entities': {},
            'id_str': '4818227051',
            'twitter_user': 'insomnite92'}}
----------Groups----------
{ 'Bitcoin': ['bitcoin', 'Bitcoin', 'btc', 'satoshi nakamoto'],
  'Ethereum': ['ethereum', 'Ethereum', 'eth', 'vitalik buterin'],
  'Litecoin': ['litecoin', 'Litecoin', 'ltc', 'charles lee'],
  'Monero': ['monero', 'Monero', 'xmr', 'riccardo spagni'],
  'Ripple': [ 'ripple',
              'Ripple',
              'xrp',
              'xrapid',
              'xcurrent',
              'chris larsen',
              'jed mccaleb']}
---------------------------Fetch-------2019-07-31 15:59:46.421810: Tweet filed under "misc":----------Data----------
{ 'contributors': None,
  'coordinates': None,
  'created_at': 'Wed Jul 31 19:42:16 +0000 2019',
  'entities': { 'hashtags': [],
                'symbols': [],
                'urls': [ { 'display_url': 'twitter.com/i/web/status/1…',
                            'expanded_url': 'https://twitter.com/i/web/status/1156651309291966465',
                            'indices': [117, 140],
                            'url': 'https://t.co/Qb1tmKTWe2'}],
                'user_mentions': [ { 'id': 1129393801057976320,
                                     'id_str': '1129393801057976320',
                                     'indices': [0, 11],
                                     'name': 'QuantDegen',
                                     'screen_name': 'QuantDegen'}]},
  'favorite_count': 0,
  'favorited': False,
  'geo': None,
  'id': 1156651309291966465,
  'id_str': '1156651309291966465',
  'in_reply_to_screen_name': 'QuantDegen',
  'in_reply_to_status_id': None,
  'in_reply_to_status_id_str': None,
  'in_reply_to_user_id': 1129393801057976320,
  'in_reply_to_user_id_str': '1129393801057976320',
  'is_quote_status': False,
  'lang': 'en',
  'metadata': {'iso_language_code': 'en', 'result_type': 'recent'},
  'place': None,
  'retweet_count': 0,
  'retweeted': False,
  'source': '<a href="http://twitter.com/download/iphone" '
            'rel="nofollow">Twitter for iPhone</a>',
  'text': '@QuantDegen is the truth in the trading game. Facts only \n'
          '\n'
          'As his personal promoter y’all can thank me later. Check… '
          'https://t.co/Qb1tmKTWe2',
  'truncated': True,
  'user': { 'contributors_enabled': False,
            'created_at': 'Sat Jul 27 07:09:05 +0000 2019',
            'default_profile': True,
            'default_profile_image': False,
            'description': 'If u ain’t blastin’ u ain’t lastin’ 📈📉 My facts '
                           'and opinions, not advice. Eco Market News. Ride '
                           'the bula/beras waves. I RT/Like Koo’ stuff. '
                           '#crypto #forex',
            'entities': {'description': {'urls': []}},
            'favourites_count': 108,
            'follow_request_sent': None,
            'followers_count': 35,
            'following': None,
            'friends_count': 454,
            'geo_enabled': False,
            'has_extended_profile': True,
            'id': 1155012211154325504,
            'id_str': '1155012211154325504',
            'is_translation_enabled': False,
            'is_translator': False,
            'lang': None,
            'listed_count': 0,
            'location': '',
            'name': 'Jimjam',
            'notifications': None,
            'profile_background_color': 'F5F8FA',
            'profile_background_image_url': None,
            'profile_background_image_url_https': None,
            'profile_background_tile': False,
            'profile_image_url': 'http://pbs.twimg.com/profile_images/1155013129560109056/mrrkxQVk_normal.jpg',
            'profile_image_url_https': 'https://pbs.twimg.com/profile_images/1155013129560109056/mrrkxQVk_normal.jpg',
            'profile_link_color': '1DA1F2',
            'profile_sidebar_border_color': 'C0DEED',
            'profile_sidebar_fill_color': 'DDEEF6',
            'profile_text_color': '333333',
            'profile_use_background_image': True,
            'protected': False,
            'screen_name': '_Jimbo7',
            'statuses_count': 154,
            'time_zone': None,
            'translator_type': 'none',
            'url': None,
            'utc_offset': None,
            'verified': False}}
----------Summary----------
{ 'entities': { 'urls': { 'display_url': 'twitter.com/i/web/status/1…',
                          'expanded_url': 'https://twitter.com/i/web/status/1156651309291966465'}},
  'id_str': '1156651309291966465',
  'text': '@quantdegen is the truth in the trading game. facts only   as his '
          'personal promoter yall can thank me later. check '
          'https://t.co/qb1tmktwe2',
  'user': { 'entities': {},
            'id_str': '1155012211154325504',
            'twitter_user': '_Jimbo7'}}
----------Groups----------
{ 'Bitcoin': ['bitcoin', 'Bitcoin', 'btc', 'satoshi nakamoto'],
  'Ethereum': ['ethereum', 'Ethereum', 'eth', 'vitalik buterin'],
  'Litecoin': ['litecoin', 'Litecoin', 'ltc', 'charles lee'],
  'Monero': ['monero', 'Monero', 'xmr', 'riccardo spagni'],
  'Ripple': [ 'ripple',
              'Ripple',
              'xrp',
              'xrapid',
              'xcurrent',
              'chris larsen',
              'jed mccaleb']}
---------------------------Fetch-------2019-07-31 15:59:50.517286: Tweet filed under "misc":----------Data----------
{ 'contributors': None,
  'coordinates': None,
  'created_at': 'Wed Jul 31 19:38:56 +0000 2019',
  'entities': { 'hashtags': [],
                'symbols': [],
                'urls': [],
                'user_mentions': [ { 'id': 113093429,
                                     'id_str': '113093429',
                                     'indices': [3, 16],
                                     'name': 'Steve Clark',
                                     'screen_name': 'SteveClarkPC'},
                                   { 'id': 265670359,
                                     'id_str': '265670359',
                                     'indices': [36, 51],
                                     'name': 'Andrea Khanjin',
                                     'screen_name': 'Andrea_Khanjin'},
                                   { 'id': 1222782505,
                                     'id_str': '1222782505',
                                     'indices': [73, 84],
                                     'name': 'Lynn Dollin',
                                     'screen_name': 'LynnDollin'}]},
  'favorite_count': 0,
  'favorited': False,
  'geo': None,
  'id': 1156650470011801600,
  'id_str': '1156650470011801600',
  'in_reply_to_screen_name': None,
  'in_reply_to_status_id': None,
  'in_reply_to_status_id_str': None,
  'in_reply_to_user_id': None,
  'in_reply_to_user_id_str': None,
  'is_quote_status': False,
  'lang': 'en',
  'metadata': {'iso_language_code': 'en', 'result_type': 'recent'},
  'place': None,
  'retweet_count': 4,
  'retweeted': False,
  'retweeted_status': { 'contributors': None,
                        'coordinates': None,
                        'created_at': 'Wed Jul 31 19:11:10 +0000 2019',
                        'entities': { 'hashtags': [],
                                      'symbols': [],
                                      'urls': [ { 'display_url': 'twitter.com/i/web/status/1…',
                                                  'expanded_url': 'https://twitter.com/i/web/status/1156643484985692160',
                                                  'indices': [120, 143],
                                                  'url': 'https://t.co/3cEwaFJ0TE'}],
                                      'user_mentions': [ { 'id': 265670359,
                                                           'id_str': '265670359',
                                                           'indices': [18, 33],
                                                           'name': 'Andrea '
                                                                   'Khanjin',
                                                           'screen_name': 'Andrea_Khanjin'},
                                                         { 'id': 1222782505,
                                                           'id_str': '1222782505',
                                                           'indices': [55, 66],
                                                           'name': 'Lynn '
                                                                   'Dollin',
                                                           'screen_name': 'LynnDollin'}]},
                        'favorite_count': 9,
                        'favorited': False,
                        'geo': None,
                        'id': 1156643484985692160,
                        'id_str': '1156643484985692160',
                        'in_reply_to_screen_name': None,
                        'in_reply_to_status_id': None,
                        'in_reply_to_status_id_str': None,
                        'in_reply_to_user_id': None,
                        'in_reply_to_user_id_str': None,
                        'is_quote_status': False,
                        'lang': 'en',
                        'metadata': { 'iso_language_code': 'en',
                                      'result_type': 'recent'},
                        'place': None,
                        'possibly_sensitive': False,
                        'retweet_count': 4,
                        'retweeted': False,
                        'source': '<a href="https://mobile.twitter.com" '
                                  'rel="nofollow">Twitter Web App</a>',
                        'text': 'Proud to join MPP @Andrea_Khanjin &amp; '
                                'Innisfil Mayor @LynnDollin in Barrie to '
                                "announce I've issued a zoning order so… "
                                'https://t.co/3cEwaFJ0TE',
                        'truncated': True,
                        'user': { 'contributors_enabled': False,
                                  'created_at': 'Wed Feb 10 17:43:55 +0000 '
                                                '2010',
                                  'default_profile': False,
                                  'default_profile_image': False,
                                  'description': 'MPP Leeds-Grenville-Thousand '
                                                 'Islands and Rideau Lakes. '
                                                 'Minister of Municipal '
                                                 'Affairs and Housing',
                                  'entities': {'description': {'urls': []}},
                                  'favourites_count': 13165,
                                  'follow_request_sent': None,
                                  'followers_count': 9440,
                                  'following': None,
                                  'friends_count': 2670,
                                  'geo_enabled': False,
                                  'has_extended_profile': True,
                                  'id': 113093429,
                                  'id_str': '113093429',
                                  'is_translation_enabled': False,
                                  'is_translator': False,
                                  'lang': None,
                                  'listed_count': 250,
                                  'location': 'Leeds-Grenville, ON',
                                  'name': 'Steve Clark',
                                  'notifications': None,
                                  'profile_background_color': '0F5787',
                                  'profile_background_image_url': 'http://abs.twimg.com/images/themes/theme1/bg.png',
                                  'profile_background_image_url_https': 'https://abs.twimg.com/images/themes/theme1/bg.png',
                                  'profile_background_tile': False,
                                  'profile_banner_url': 'https://pbs.twimg.com/profile_banners/113093429/1562121347',
                                  'profile_image_url': 'http://pbs.twimg.com/profile_images/1056022873691901952/7x-zIxOf_normal.jpg',
                                  'profile_image_url_https': 'https://pbs.twimg.com/profile_images/1056022873691901952/7x-zIxOf_normal.jpg',
                                  'profile_link_color': '0F5787',
                                  'profile_sidebar_border_color': 'C0DEED',
                                  'profile_sidebar_fill_color': 'FFFFFF',
                                  'profile_text_color': '333333',
                                  'profile_use_background_image': False,
                                  'protected': False,
                                  'screen_name': 'SteveClarkPC',
                                  'statuses_count': 11640,
                                  'time_zone': None,
                                  'translator_type': 'none',
                                  'url': None,
                                  'utc_offset': None,
                                  'verified': True}},
  'source': '<a href="http://twitter.com/download/iphone" '
            'rel="nofollow">Twitter for iPhone</a>',
  'text': 'RT @SteveClarkPC: Proud to join MPP @Andrea_Khanjin &amp; Innisfil '
          "Mayor @LynnDollin in Barrie to announce I've issued a zoning order "
          'so Tollen…',
  'truncated': False,
  'user': { 'contributors_enabled': False,
            'created_at': 'Sat Jul 16 22:37:05 +0000 2011',
            'default_profile': True,
            'default_profile_image': False,
            'description': '',
            'entities': {'description': {'urls': []}},
            'favourites_count': 4934,
            'follow_request_sent': None,
            'followers_count': 875,
            'following': None,
            'friends_count': 1826,
            'geo_enabled': True,
            'has_extended_profile': True,
            'id': 336790436,
            'id_str': '336790436',
            'is_translation_enabled': False,
            'is_translator': False,
            'lang': None,
            'listed_count': 28,
            'location': 'Ottawa, Ontario',
            'name': 'Chris Crawford',
            'notifications': None,
            'profile_background_color': 'C0DEED',
            'profile_background_image_url': 'http://abs.twimg.com/images/themes/theme1/bg.png',
            'profile_background_image_url_https': 'https://abs.twimg.com/images/themes/theme1/bg.png',
            'profile_background_tile': False,
            'profile_banner_url': 'https://pbs.twimg.com/profile_banners/336790436/1435612372',
            'profile_image_url': 'http://pbs.twimg.com/profile_images/614652846097735680/JdurFHNy_normal.jpg',
            'profile_image_url_https': 'https://pbs.twimg.com/profile_images/614652846097735680/JdurFHNy_normal.jpg',
            'profile_link_color': '1DA1F2',
            'profile_sidebar_border_color': 'C0DEED',
            'profile_sidebar_fill_color': 'DDEEF6',
            'profile_text_color': '333333',
            'profile_use_background_image': True,
            'protected': False,
            'screen_name': 'ChrisCrawford07',
            'statuses_count': 14899,
            'time_zone': None,
            'translator_type': 'none',
            'url': None,
            'utc_offset': None,
            'verified': False}}
----------Summary----------
{ 'entities': {},
  'id_str': '1156650470011801600',
  'retweeted_status': { 'entities': { 'urls': { 'display_url': 'twitter.com/i/web/status/1…',
                                                'expanded_url': 'https://twitter.com/i/web/status/1156643484985692160'}},
                        'id_str': '1156643484985692160',
                        'text': 'proud to join mpp @andrea_khanjin &amp; '
                                'innisfil mayor @lynndollin in barrie to '
                                "announce i've issued a zoning order so "
                                'https://t.co/3cewafj0te',
                        'user': { 'entities': {},
                                  'id_str': '113093429',
                                  'twitter_user': 'SteveClarkPC'}},
  'text': 'rt @steveclarkpc: proud to join mpp @andrea_khanjin &amp; innisfil '
          "mayor @lynndollin in barrie to announce i've issued a zoning order "
          'so tollen',
  'user': { 'entities': {},
            'id_str': '336790436',
            'twitter_user': 'ChrisCrawford07'}}
----------Groups----------
{ 'Bitcoin': ['bitcoin', 'Bitcoin', 'btc', 'satoshi nakamoto'],
  'Ethereum': ['ethereum', 'Ethereum', 'eth', 'vitalik buterin'],
  'Litecoin': ['litecoin', 'Litecoin', 'ltc', 'charles lee'],
  'Monero': ['monero', 'Monero', 'xmr', 'riccardo spagni'],
  'Ripple': [ 'ripple',
              'Ripple',
              'xrp',
              'xrapid',
              'xcurrent',
              'chris larsen',
              'jed mccaleb']}
---------------------------Fetch-------2019-07-31 15:59:53.179682: Tweet filed under "misc":----------Data----------
{ 'contributors': None,
  'coordinates': None,
  'created_at': 'Wed Jul 31 19:36:56 +0000 2019',
  'entities': { 'hashtags': [],
                'symbols': [],
                'urls': [],
                'user_mentions': [ { 'id': 1100995807954665472,
                                     'id_str': '1100995807954665472',
                                     'indices': [3, 15],
                                     'name': 'AMANPURI Exchange',
                                     'screen_name': 'Amanpuri_ex'}]},
  'favorite_count': 0,
  'favorited': False,
  'geo': None,
  'id': 1156649966103859200,
  'id_str': '1156649966103859200',
  'in_reply_to_screen_name': None,
  'in_reply_to_status_id': None,
  'in_reply_to_status_id_str': None,
  'in_reply_to_user_id': None,
  'in_reply_to_user_id_str': None,
  'is_quote_status': False,
  'lang': 'en',
  'metadata': {'iso_language_code': 'en', 'result_type': 'recent'},
  'place': None,
  'possibly_sensitive': False,
  'retweet_count': 19,
  'retweeted': False,
  'retweeted_status': { 'contributors': None,
                        'coordinates': None,
                        'created_at': 'Thu Jul 11 11:11:00 +0000 2019',
                        'entities': { 'hashtags': [],
                                      'symbols': [],
                                      'urls': [ { 'display_url': 'twitter.com/i/web/status/1…',
                                                  'expanded_url': 'https://twitter.com/i/web/status/1149274887057371136',
                                                  'indices': [117, 140],
                                                  'url': 'https://t.co/ROh5jJNiLi'}],
                                      'user_mentions': []},
                        'favorite_count': 29,
                        'favorited': False,
                        'geo': None,
                        'id': 1149274887057371136,
                        'id_str': '1149274887057371136',
                        'in_reply_to_screen_name': None,
                        'in_reply_to_status_id': None,
                        'in_reply_to_status_id_str': None,
                        'in_reply_to_user_id': None,
                        'in_reply_to_user_id_str': None,
                        'is_quote_status': False,
                        'lang': 'en',
                        'metadata': { 'iso_language_code': 'en',
                                      'result_type': 'recent'},
                        'place': None,
                        'possibly_sensitive': False,
                        'retweet_count': 19,
                        'retweeted': False,
                        'source': '<a '
                                  'href="https://about.twitter.com/products/tweetdeck" '
                                  'rel="nofollow">TweetDeck</a>',
                        'text': '"On our platform we can handle leverage '
                                'transactions up to 100：1 in the board '
                                'matching system.\n'
                                'As corresponding cur… https://t.co/ROh5jJNiLi',
                        'truncated': True,
                        'user': { 'contributors_enabled': False,
                                  'created_at': 'Thu Feb 28 05:47:10 +0000 '
                                                '2019',
                                  'default_profile': True,
                                  'default_profile_image': False,
                                  'description': 'Amanpuri Exchange is a DLT '
                                                 'exchange with up to 100 '
                                                 'times leverage trading '
                                                 'service with the primary '
                                                 'focus on customer asset '
                                                 'protection.',
                                  'entities': { 'description': {'urls': []},
                                                'url': { 'urls': [ { 'display_url': 'amanpuri.io/tokensale/',
                                                                     'expanded_url': 'https://amanpuri.io/tokensale/',
                                                                     'indices': [ 0,
                                                                                  23],
                                                                     'url': 'https://t.co/psKDpGkRHJ'}]}},
                                  'favourites_count': 1,
                                  'follow_request_sent': None,
                                  'followers_count': 6903,
                                  'following': None,
                                  'friends_count': 0,
                                  'geo_enabled': False,
                                  'has_extended_profile': False,
                                  'id': 1100995807954665472,
                                  'id_str': '1100995807954665472',
                                  'is_translation_enabled': False,
                                  'is_translator': False,
                                  'lang': None,
                                  'listed_count': 11,
                                  'location': 'Malta',
                                  'name': 'AMANPURI Exchange',
                                  'notifications': None,
                                  'profile_background_color': 'F5F8FA',
                                  'profile_background_image_url': None,
                                  'profile_background_image_url_https': None,
                                  'profile_background_tile': False,
                                  'profile_banner_url': 'https://pbs.twimg.com/profile_banners/1100995807954665472/1551338920',
                                  'profile_image_url': 'http://pbs.twimg.com/profile_images/1101004114916331520/a7whUId2_normal.jpg',
                                  'profile_image_url_https': 'https://pbs.twimg.com/profile_images/1101004114916331520/a7whUId2_normal.jpg',
                                  'profile_link_color': '1DA1F2',
                                  'profile_sidebar_border_color': 'C0DEED',
                                  'profile_sidebar_fill_color': 'DDEEF6',
                                  'profile_text_color': '333333',
                                  'profile_use_background_image': True,
                                  'protected': False,
                                  'screen_name': 'Amanpuri_ex',
                                  'statuses_count': 255,
                                  'time_zone': None,
                                  'translator_type': 'none',
                                  'url': 'https://t.co/psKDpGkRHJ',
                                  'utc_offset': None,
                                  'verified': False}},
  'source': '<a href="https://mobile.twitter.com" rel="nofollow">Twitter Web '
            'App</a>',
  'text': 'RT @Amanpuri_ex: "On our platform we can handle leverage '
          'transactions up to 100：1 in the board matching system.\n'
          'As corresponding currencies…',
  'truncated': False,
  'user': { 'contributors_enabled': False,
            'created_at': 'Fri Dec 10 16:22:07 +0000 2010',
            'default_profile': False,
            'default_profile_image': False,
            'description': '',
            'entities': {'description': {'urls': []}},
            'favourites_count': 5432,
            'follow_request_sent': None,
            'followers_count': 13225,
            'following': None,
            'friends_count': 14515,
            'geo_enabled': False,
            'has_extended_profile': True,
            'id': 225074361,
            'id_str': '225074361',
            'is_translation_enabled': False,
            'is_translator': False,
            'lang': None,
            'listed_count': 51,
            'location': '',
            'name': 'Online Networker',
            'notifications': None,
            'profile_background_color': '000000',
            'profile_background_image_url': 'http://abs.twimg.com/images/themes/theme16/bg.gif',
            'profile_background_image_url_https': 'https://abs.twimg.com/images/themes/theme16/bg.gif',
            'profile_background_tile': False,
            'profile_banner_url': 'https://pbs.twimg.com/profile_banners/225074361/1527864803',
            'profile_image_url': 'http://pbs.twimg.com/profile_images/1002563700442697730/9rjXr6vI_normal.jpg',
            'profile_image_url_https': 'https://pbs.twimg.com/profile_images/1002563700442697730/9rjXr6vI_normal.jpg',
            'profile_link_color': 'E81C4F',
            'profile_sidebar_border_color': '000000',
            'profile_sidebar_fill_color': '000000',
            'profile_text_color': '000000',
            'profile_use_background_image': False,
            'protected': False,
            'screen_name': 'OLNetworker',
            'statuses_count': 12068,
            'time_zone': None,
            'translator_type': 'none',
            'url': None,
            'utc_offset': None,
            'verified': False}}
----------Summary----------
{ 'entities': {},
  'id_str': '1156649966103859200',
  'retweeted_status': { 'entities': { 'urls': { 'display_url': 'twitter.com/i/web/status/1…',
                                                'expanded_url': 'https://twitter.com/i/web/status/1149274887057371136'}},
                        'id_str': '1149274887057371136',
                        'text': '"on our platform we can handle leverage '
                                'transactions up to 1001 in the board matching '
                                'system. as corresponding cur '
                                'https://t.co/roh5jjnili',
                        'user': { 'entities': {},
                                  'id_str': '1100995807954665472',
                                  'twitter_user': 'Amanpuri_ex'}},
  'text': 'rt @amanpuri_ex: "on our platform we can handle leverage '
          'transactions up to 1001 in the board matching system. as '
          'corresponding currencies',
  'user': { 'entities': {},
            'id_str': '225074361',
            'twitter_user': 'OLNetworker'}}
----------Groups----------
{ 'Bitcoin': ['bitcoin', 'Bitcoin', 'btc', 'satoshi nakamoto'],
  'Ethereum': ['ethereum', 'Ethereum', 'eth', 'vitalik buterin'],
  'Litecoin': ['litecoin', 'Litecoin', 'ltc', 'charles lee'],
  'Monero': ['monero', 'Monero', 'xmr', 'riccardo spagni'],
  'Ripple': [ 'ripple',
              'Ripple',
              'xrp',
              'xrapid',
              'xcurrent',
              'chris larsen',
              'jed mccaleb']}
---------------------------Fetch-------2019-07-31 15:59:53.795456: Tweet filed under "misc":----------Data----------
{ 'contributors': None,
  'coordinates': None,
  'created_at': 'Wed Jul 31 19:35:49 +0000 2019',
  'entities': { 'hashtags': [ {'indices': [26, 31], 'text': 'time'},
                              {'indices': [59, 65], 'text': 'chain'},
                              {'indices': [79, 83], 'text': 'all'},
                              {'indices': [104, 109], 'text': 'bind'}],
                'symbols': [],
                'urls': [],
                'user_mentions': [ { 'id': 1013027843335442432,
                                     'id_str': '1013027843335442432',
                                     'indices': [3, 17],
                                     'name': 'NOAH',
                                     'screen_name': 'gardenofdegen'},
                                   { 'id': 1040214336311123971,
                                     'id_str': '1040214336311123971',
                                     'indices': [117, 133],
                                     'name': 'QUANT OVERLEDGER (COMMUNITY - '
                                             'UNOFFICIAL)',
                                     'screen_name': 'QuantOverledger'}]},
  'favorite_count': 0,
  'favorited': False,
  'geo': None,
  'id': 1156649687547555842,
  'id_str': '1156649687547555842',
  'in_reply_to_screen_name': None,
  'in_reply_to_status_id': None,
  'in_reply_to_status_id_str': None,
  'in_reply_to_user_id': None,
  'in_reply_to_user_id_str': None,
  'is_quote_status': False,
  'lang': 'en',
  'metadata': {'iso_language_code': 'en', 'result_type': 'recent'},
  'place': None,
  'retweet_count': 1,
  'retweeted': False,
  'retweeted_status': { 'contributors': None,
                        'coordinates': None,
                        'created_at': 'Wed Jul 31 19:21:39 +0000 2019',
                        'entities': { 'hashtags': [ { 'indices': [7, 12],
                                                      'text': 'time'},
                                                    { 'indices': [40, 46],
                                                      'text': 'chain'},
                                                    { 'indices': [60, 64],
                                                      'text': 'all'},
                                                    { 'indices': [85, 90],
                                                      'text': 'bind'}],
                                      'symbols': [],
                                      'urls': [ { 'display_url': 'twitter.com/i/web/status/1…',
                                                  'expanded_url': 'https://twitter.com/i/web/status/1156646120963092482',
                                                  'indices': [116, 139],
                                                  'url': 'https://t.co/D8StksIr4K'}],
                                      'user_mentions': [ { 'id': 1040214336311123971,
                                                           'id_str': '1040214336311123971',
                                                           'indices': [98, 114],
                                                           'name': 'QUANT '
                                                                   'OVERLEDGER '
                                                                   '(COMMUNITY '
                                                                   '- '
                                                                   'UNOFFICIAL)',
                                                           'screen_name': 'QuantOverledger'}]},
                        'favorite_count': 13,
                        'favorited': False,
                        'geo': None,
                        'id': 1156646120963092482,
                        'id_str': '1156646120963092482',
                        'in_reply_to_screen_name': None,
                        'in_reply_to_status_id': None,
                        'in_reply_to_status_id_str': None,
                        'in_reply_to_user_id': None,
                        'in_reply_to_user_id_str': None,
                        'is_quote_status': False,
                        'lang': 'en',
                        'metadata': { 'iso_language_code': 'en',
                                      'result_type': 'recent'},
                        'place': None,
                        'retweet_count': 1,
                        'retweeted': False,
                        'source': '<a '
                                  'href="http://twitter.com/download/android" '
                                  'rel="nofollow">Twitter for Android</a>',
                        'text': 'Almost #time to unleash the beast. Once '
                                '#chain to rule them #all and in the darkness '
                                '#bind them.\n'
                                '\n'
                                '@QuantOverledger… https://t.co/D8StksIr4K',
                        'truncated': True,
                        'user': { 'contributors_enabled': False,
                                  'created_at': 'Sat Jun 30 11:53:53 +0000 '
                                                '2018',
                                  'default_profile': True,
                                  'default_profile_image': False,
                                  'description': 'Everything is connected',
                                  'entities': {'description': {'urls': []}},
                                  'favourites_count': 4362,
                                  'follow_request_sent': None,
                                  'followers_count': 661,
                                  'following': None,
                                  'friends_count': 1143,
                                  'geo_enabled': False,
                                  'has_extended_profile': False,
                                  'id': 1013027843335442432,
                                  'id_str': '1013027843335442432',
                                  'is_translation_enabled': False,
                                  'is_translator': False,
                                  'lang': None,
                                  'listed_count': 4,
                                  'location': 'kepler 452b',
                                  'name': 'NOAH',
                                  'notifications': None,
                                  'profile_background_color': 'F5F8FA',
                                  'profile_background_image_url': None,
                                  'profile_background_image_url_https': None,
                                  'profile_background_tile': False,
                                  'profile_banner_url': 'https://pbs.twimg.com/profile_banners/1013027843335442432/1563489183',
                                  'profile_image_url': 'http://pbs.twimg.com/profile_images/1148341431150481413/d2SR3oOs_normal.jpg',
                                  'profile_image_url_https': 'https://pbs.twimg.com/profile_images/1148341431150481413/d2SR3oOs_normal.jpg',
                                  'profile_link_color': '1DA1F2',
                                  'profile_sidebar_border_color': 'C0DEED',
                                  'profile_sidebar_fill_color': 'DDEEF6',
                                  'profile_text_color': '333333',
                                  'profile_use_background_image': True,
                                  'protected': False,
                                  'screen_name': 'gardenofdegen',
                                  'statuses_count': 3921,
                                  'time_zone': None,
                                  'translator_type': 'none',
                                  'url': None,
                                  'utc_offset': None,
                                  'verified': False}},
  'source': '<a href="http://twitter.com/download/android" '
            'rel="nofollow">Twitter for Android</a>',
  'text': 'RT @gardenofdegen: Almost #time to unleash the beast. Once #chain '
          'to rule them #all and in the darkness #bind them.\n'
          '\n'
          '@QuantOverledger  #qua…',
  'truncated': False,
  'user': { 'contributors_enabled': False,
            'created_at': 'Wed Mar 20 17:49:02 +0000 2019',
            'default_profile': True,
            'default_profile_image': False,
            'description': 'Staying Quamfy and Bringing forth the newest '
                           'technological inventions.',
            'entities': {'description': {'urls': []}},
            'favourites_count': 2065,
            'follow_request_sent': None,
            'followers_count': 92,
            'following': None,
            'friends_count': 151,
            'geo_enabled': False,
            'has_extended_profile': False,
            'id': 1108425225270636544,
            'id_str': '1108425225270636544',
            'is_translation_enabled': False,
            'is_translator': False,
            'lang': None,
            'listed_count': 0,
            'location': '',
            'name': 'QuamfyLord',
            'notifications': None,
            'profile_background_color': 'F5F8FA',
            'profile_background_image_url': None,
            'profile_background_image_url_https': None,
            'profile_background_tile': False,
            'profile_image_url': 'http://pbs.twimg.com/profile_images/1108426265760092160/XnUNNTiI_normal.jpg',
            'profile_image_url_https': 'https://pbs.twimg.com/profile_images/1108426265760092160/XnUNNTiI_normal.jpg',
            'profile_link_color': '1DA1F2',
            'profile_sidebar_border_color': 'C0DEED',
            'profile_sidebar_fill_color': 'DDEEF6',
            'profile_text_color': '333333',
            'profile_use_background_image': True,
            'protected': False,
            'screen_name': 'QuamfyL',
            'statuses_count': 705,
            'time_zone': None,
            'translator_type': 'none',
            'url': None,
            'utc_offset': None,
            'verified': False}}
----------Summary----------
{ 'entities': {},
  'id_str': '1156649687547555842',
  'retweeted_status': { 'entities': { 'urls': { 'display_url': 'twitter.com/i/web/status/1…',
                                                'expanded_url': 'https://twitter.com/i/web/status/1156646120963092482'}},
                        'id_str': '1156646120963092482',
                        'text': 'almost #time to unleash the beast. once '
                                '#chain to rule them #all and in the darkness '
                                '#bind them.  @quantoverledger '
                                'https://t.co/d8stksir4k',
                        'user': { 'entities': {},
                                  'id_str': '1013027843335442432',
                                  'twitter_user': 'gardenofdegen'}},
  'text': 'rt @gardenofdegen: almost #time to unleash the beast. once #chain '
          'to rule them #all and in the darkness #bind them.  '
          '@quantoverledger  #qua',
  'user': { 'entities': {},
            'id_str': '1108425225270636544',
            'twitter_user': 'QuamfyL'}}
----------Groups----------
{ 'Bitcoin': ['bitcoin', 'Bitcoin', 'btc', 'satoshi nakamoto'],
  'Ethereum': ['ethereum', 'Ethereum', 'eth', 'vitalik buterin'],
  'Litecoin': ['litecoin', 'Litecoin', 'ltc', 'charles lee'],
  'Monero': ['monero', 'Monero', 'xmr', 'riccardo spagni'],
  'Ripple': [ 'ripple',
              'Ripple',
              'xrp',
              'xrapid',
              'xcurrent',
              'chris larsen',
              'jed mccaleb']}
---------------------------Fetch-------2019-07-31 15:59:55.229543: Tweet filed under "misc":----------Data----------
{ 'contributors': None,
  'coordinates': None,
  'created_at': 'Wed Jul 31 19:35:08 +0000 2019',
  'entities': { 'hashtags': [],
                'symbols': [],
                'urls': [],
                'user_mentions': [ { 'id': 113093429,
                                     'id_str': '113093429',
                                     'indices': [3, 16],
                                     'name': 'Steve Clark',
                                     'screen_name': 'SteveClarkPC'},
                                   { 'id': 265670359,
                                     'id_str': '265670359',
                                     'indices': [36, 51],
                                     'name': 'Andrea Khanjin',
                                     'screen_name': 'Andrea_Khanjin'},
                                   { 'id': 1222782505,
                                     'id_str': '1222782505',
                                     'indices': [73, 84],
                                     'name': 'Lynn Dollin',
                                     'screen_name': 'LynnDollin'}]},
  'favorite_count': 0,
  'favorited': False,
  'geo': None,
  'id': 1156649513072959492,
  'id_str': '1156649513072959492',
  'in_reply_to_screen_name': None,
  'in_reply_to_status_id': None,
  'in_reply_to_status_id_str': None,
  'in_reply_to_user_id': None,
  'in_reply_to_user_id_str': None,
  'is_quote_status': False,
  'lang': 'en',
  'metadata': {'iso_language_code': 'en', 'result_type': 'recent'},
  'place': None,
  'retweet_count': 4,
  'retweeted': False,
  'retweeted_status': { 'contributors': None,
                        'coordinates': None,
                        'created_at': 'Wed Jul 31 19:11:10 +0000 2019',
                        'entities': { 'hashtags': [],
                                      'symbols': [],
                                      'urls': [ { 'display_url': 'twitter.com/i/web/status/1…',
                                                  'expanded_url': 'https://twitter.com/i/web/status/1156643484985692160',
                                                  'indices': [120, 143],
                                                  'url': 'https://t.co/3cEwaFJ0TE'}],
                                      'user_mentions': [ { 'id': 265670359,
                                                           'id_str': '265670359',
                                                           'indices': [18, 33],
                                                           'name': 'Andrea '
                                                                   'Khanjin',
                                                           'screen_name': 'Andrea_Khanjin'},
                                                         { 'id': 1222782505,
                                                           'id_str': '1222782505',
                                                           'indices': [55, 66],
                                                           'name': 'Lynn '
                                                                   'Dollin',
                                                           'screen_name': 'LynnDollin'}]},
                        'favorite_count': 9,
                        'favorited': False,
                        'geo': None,
                        'id': 1156643484985692160,
                        'id_str': '1156643484985692160',
                        'in_reply_to_screen_name': None,
                        'in_reply_to_status_id': None,
                        'in_reply_to_status_id_str': None,
                        'in_reply_to_user_id': None,
                        'in_reply_to_user_id_str': None,
                        'is_quote_status': False,
                        'lang': 'en',
                        'metadata': { 'iso_language_code': 'en',
                                      'result_type': 'recent'},
                        'place': None,
                        'possibly_sensitive': False,
                        'retweet_count': 4,
                        'retweeted': False,
                        'source': '<a href="https://mobile.twitter.com" '
                                  'rel="nofollow">Twitter Web App</a>',
                        'text': 'Proud to join MPP @Andrea_Khanjin &amp; '
                                'Innisfil Mayor @LynnDollin in Barrie to '
                                "announce I've issued a zoning order so… "
                                'https://t.co/3cEwaFJ0TE',
                        'truncated': True,
                        'user': { 'contributors_enabled': False,
                                  'created_at': 'Wed Feb 10 17:43:55 +0000 '
                                                '2010',
                                  'default_profile': False,
                                  'default_profile_image': False,
                                  'description': 'MPP Leeds-Grenville-Thousand '
                                                 'Islands and Rideau Lakes. '
                                                 'Minister of Municipal '
                                                 'Affairs and Housing',
                                  'entities': {'description': {'urls': []}},
                                  'favourites_count': 13165,
                                  'follow_request_sent': None,
                                  'followers_count': 9440,
                                  'following': None,
                                  'friends_count': 2670,
                                  'geo_enabled': False,
                                  'has_extended_profile': True,
                                  'id': 113093429,
                                  'id_str': '113093429',
                                  'is_translation_enabled': False,
                                  'is_translator': False,
                                  'lang': None,
                                  'listed_count': 250,
                                  'location': 'Leeds-Grenville, ON',
                                  'name': 'Steve Clark',
                                  'notifications': None,
                                  'profile_background_color': '0F5787',
                                  'profile_background_image_url': 'http://abs.twimg.com/images/themes/theme1/bg.png',
                                  'profile_background_image_url_https': 'https://abs.twimg.com/images/themes/theme1/bg.png',
                                  'profile_background_tile': False,
                                  'profile_banner_url': 'https://pbs.twimg.com/profile_banners/113093429/1562121347',
                                  'profile_image_url': 'http://pbs.twimg.com/profile_images/1056022873691901952/7x-zIxOf_normal.jpg',
                                  'profile_image_url_https': 'https://pbs.twimg.com/profile_images/1056022873691901952/7x-zIxOf_normal.jpg',
                                  'profile_link_color': '0F5787',
                                  'profile_sidebar_border_color': 'C0DEED',
                                  'profile_sidebar_fill_color': 'FFFFFF',
                                  'profile_text_color': '333333',
                                  'profile_use_background_image': False,
                                  'protected': False,
                                  'screen_name': 'SteveClarkPC',
                                  'statuses_count': 11640,
                                  'time_zone': None,
                                  'translator_type': 'none',
                                  'url': None,
                                  'utc_offset': None,
                                  'verified': True}},
  'source': '<a href="http://twitter.com/download/android" '
            'rel="nofollow">Twitter for Android</a>',
  'text': 'RT @SteveClarkPC: Proud to join MPP @Andrea_Khanjin &amp; Innisfil '
          "Mayor @LynnDollin in Barrie to announce I've issued a zoning order "
          'so Tollen…',
  'truncated': False,
  'user': { 'contributors_enabled': False,
            'created_at': 'Sun Mar 30 22:00:34 +0000 2008',
            'default_profile': False,
            'default_profile_image': False,
            'description': 'political activist scooterist culturist who lives '
                           'laughs knits dreams organizes plans and loves her '
                           'city. Retweets do not necessarily imply '
                           'endorsement',
            'entities': {'description': {'urls': []}},
            'favourites_count': 20943,
            'follow_request_sent': None,
            'followers_count': 2113,
            'following': None,
            'friends_count': 4770,
            'geo_enabled': False,
            'has_extended_profile': False,
            'id': 14261329,
            'id_str': '14261329',
            'is_translation_enabled': False,
            'is_translator': False,
            'lang': None,
            'listed_count': 212,
            'location': 'The BEACH inToronto',
            'name': 'Scooterissima🇨🇦',
            'notifications': None,
            'profile_background_color': '7FBDC9',
            'profile_background_image_url': 'http://abs.twimg.com/images/themes/theme4/bg.gif',
            'profile_background_image_url_https': 'https://abs.twimg.com/images/themes/theme4/bg.gif',
            'profile_background_tile': True,
            'profile_image_url': 'http://pbs.twimg.com/profile_images/1811561356/a64034f8-3ada-449e-9842-22a0ed4345cb_normal.png',
            'profile_image_url_https': 'https://pbs.twimg.com/profile_images/1811561356/a64034f8-3ada-449e-9842-22a0ed4345cb_normal.png',
            'profile_link_color': 'CF5736',
            'profile_sidebar_border_color': '7FBDCA',
            'profile_sidebar_fill_color': '91D0DC',
            'profile_text_color': '4B4F88',
            'profile_use_background_image': True,
            'protected': False,
            'screen_name': 'Scooterissima',
            'statuses_count': 173402,
            'time_zone': None,
            'translator_type': 'none',
            'url': None,
            'utc_offset': None,
            'verified': False}}
----------Summary----------
{ 'entities': {},
  'id_str': '1156649513072959492',
  'retweeted_status': { 'entities': { 'urls': { 'display_url': 'twitter.com/i/web/status/1…',
                                                'expanded_url': 'https://twitter.com/i/web/status/1156643484985692160'}},
                        'id_str': '1156643484985692160',
                        'text': 'proud to join mpp @andrea_khanjin &amp; '
                                'innisfil mayor @lynndollin in barrie to '
                                "announce i've issued a zoning order so "
                                'https://t.co/3cewafj0te',
                        'user': { 'entities': {},
                                  'id_str': '113093429',
                                  'twitter_user': 'SteveClarkPC'}},
  'text': 'rt @steveclarkpc: proud to join mpp @andrea_khanjin &amp; innisfil '
          "mayor @lynndollin in barrie to announce i've issued a zoning order "
          'so tollen',
  'user': { 'entities': {},
            'id_str': '14261329',
            'twitter_user': 'Scooterissima'}}
----------Groups----------
{ 'Bitcoin': ['bitcoin', 'Bitcoin', 'btc', 'satoshi nakamoto'],
  'Ethereum': ['ethereum', 'Ethereum', 'eth', 'vitalik buterin'],
  'Litecoin': ['litecoin', 'Litecoin', 'ltc', 'charles lee'],
  'Monero': ['monero', 'Monero', 'xmr', 'riccardo spagni'],
  'Ripple': [ 'ripple',
              'Ripple',
              'xrp',
              'xrapid',
              'xcurrent',
              'chris larsen',
              'jed mccaleb']}
---------------------------Fetch-------2019-07-31 15:59:55.946360: Tweet filed under "misc":----------Data----------
{ 'contributors': None,
  'coordinates': None,
  'created_at': 'Wed Jul 31 19:34:55 +0000 2019',
  'entities': { 'hashtags': [],
                'symbols': [],
                'urls': [],
                'user_mentions': [ { 'id': 1105587959154257922,
                                     'id_str': '1105587959154257922',
                                     'indices': [3, 12],
                                     'name': 'Moon3D',
                                     'screen_name': 'Moon3Dio'}]},
  'favorite_count': 0,
  'favorited': False,
  'geo': None,
  'id': 1156649459104669696,
  'id_str': '1156649459104669696',
  'in_reply_to_screen_name': None,
  'in_reply_to_status_id': None,
  'in_reply_to_status_id_str': None,
  'in_reply_to_user_id': None,
  'in_reply_to_user_id_str': None,
  'is_quote_status': False,
  'lang': 'en',
  'metadata': {'iso_language_code': 'en', 'result_type': 'recent'},
  'place': None,
  'retweet_count': 6,
  'retweeted': False,
  'retweeted_status': { 'contributors': None,
                        'coordinates': None,
                        'created_at': 'Mon Jul 29 12:19:27 +0000 2019',
                        'entities': { 'hashtags': [],
                                      'symbols': [],
                                      'urls': [ { 'display_url': 'twitter.com/i/web/status/1…',
                                                  'expanded_url': 'https://twitter.com/i/web/status/1155815095383068672',
                                                  'indices': [117, 140],
                                                  'url': 'https://t.co/HxLjJzvwwy'}],
                                      'user_mentions': []},
                        'favorite_count': 17,
                        'favorited': False,
                        'geo': None,
                        'id': 1155815095383068672,
                        'id_str': '1155815095383068672',
                        'in_reply_to_screen_name': None,
                        'in_reply_to_status_id': None,
                        'in_reply_to_status_id_str': None,
                        'in_reply_to_user_id': None,
                        'in_reply_to_user_id_str': None,
                        'is_quote_status': False,
                        'lang': 'en',
                        'metadata': { 'iso_language_code': 'en',
                                      'result_type': 'recent'},
                        'place': None,
                        'possibly_sensitive': False,
                        'retweet_count': 6,
                        'retweeted': False,
                        'source': '<a href="https://mobile.twitter.com" '
                                  'rel="nofollow">Twitter Web App</a>',
                        'text': 'The green train came alive! Congratulations '
                                'to those who were able to ride out this '
                                'wonderful train!\n'
                                '\n'
                                "The world's m… https://t.co/HxLjJzvwwy",
                        'truncated': True,
                        'user': { 'contributors_enabled': False,
                                  'created_at': 'Tue Mar 12 21:54:45 +0000 '
                                                '2019',
                                  'default_profile': False,
                                  'default_profile_image': False,
                                  'description': "The world's most exciting "
                                                 'crypto game, using Ethereum, '
                                                 'Bitcoin, and more. To the '
                                                 'moon!',
                                  'entities': { 'description': {'urls': []},
                                                'url': { 'urls': [ { 'display_url': 'moon3d.io',
                                                                     'expanded_url': 'http://moon3d.io',
                                                                     'indices': [ 0,
                                                                                  23],
                                                                     'url': 'https://t.co/80lXCWIUoA'}]}},
                                  'favourites_count': 79,
                                  'follow_request_sent': None,
                                  'followers_count': 2067,
                                  'following': None,
                                  'friends_count': 19,
                                  'geo_enabled': False,
                                  'has_extended_profile': False,
                                  'id': 1105587959154257922,
                                  'id_str': '1105587959154257922',
                                  'is_translation_enabled': False,
                                  'is_translator': False,
                                  'lang': None,
                                  'listed_count': 0,
                                  'location': '',
                                  'name': 'Moon3D',
                                  'notifications': None,
                                  'profile_background_color': '000000',
                                  'profile_background_image_url': 'http://abs.twimg.com/images/themes/theme1/bg.png',
                                  'profile_background_image_url_https': 'https://abs.twimg.com/images/themes/theme1/bg.png',
                                  'profile_background_tile': False,
                                  'profile_banner_url': 'https://pbs.twimg.com/profile_banners/1105587959154257922/1556661204',
                                  'profile_image_url': 'http://pbs.twimg.com/profile_images/1120882288118644737/67mjz6tH_normal.png',
                                  'profile_image_url_https': 'https://pbs.twimg.com/profile_images/1120882288118644737/67mjz6tH_normal.png',
                                  'profile_link_color': '000000',
                                  'profile_sidebar_border_color': '000000',
                                  'profile_sidebar_fill_color': '000000',
                                  'profile_text_color': '000000',
                                  'profile_use_background_image': False,
                                  'protected': False,
                                  'screen_name': 'Moon3Dio',
                                  'statuses_count': 146,
                                  'time_zone': None,
                                  'translator_type': 'none',
                                  'url': 'https://t.co/80lXCWIUoA',
                                  'utc_offset': None,
                                  'verified': False}},
  'source': '<a href="http://twitter.com/download/iphone" '
            'rel="nofollow">Twitter for iPhone</a>',
  'text': 'RT @Moon3Dio: The green train came alive! Congratulations to those '
          'who were able to ride out this wonderful train!\n'
          '\n'
          "The world's most exciti…",
  'truncated': False,
  'user': { 'contributors_enabled': False,
            'created_at': 'Mon Jun 24 07:58:08 +0000 2013',
            'default_profile': True,
            'default_profile_image': False,
            'description': '',
            'entities': {'description': {'urls': []}},
            'favourites_count': 444334,
            'follow_request_sent': None,
            'followers_count': 5913,
            'following': None,
            'friends_count': 6486,
            'geo_enabled': True,
            'has_extended_profile': False,
            'id': 1542767918,
            'id_str': '1542767918',
            'is_translation_enabled': False,
            'is_translator': False,
            'lang': None,
            'listed_count': 534,
            'location': 'NSW',
            'name': 'KM Waugh',
            'notifications': None,
            'profile_background_color': 'C0DEED',
            'profile_background_image_url': 'http://abs.twimg.com/images/themes/theme1/bg.png',
            'profile_background_image_url_https': 'https://abs.twimg.com/images/themes/theme1/bg.png',
            'profile_background_tile': False,
            'profile_banner_url': 'https://pbs.twimg.com/profile_banners/1542767918/1525853118',
            'profile_image_url': 'http://pbs.twimg.com/profile_images/994125999854911488/VnmBhZU9_normal.jpg',
            'profile_image_url_https': 'https://pbs.twimg.com/profile_images/994125999854911488/VnmBhZU9_normal.jpg',
            'profile_link_color': '1DA1F2',
            'profile_sidebar_border_color': 'C0DEED',
            'profile_sidebar_fill_color': 'DDEEF6',
            'profile_text_color': '333333',
            'profile_use_background_image': True,
            'protected': False,
            'screen_name': 'PsychicWaugh',
            'statuses_count': 464124,
            'time_zone': None,
            'translator_type': 'none',
            'url': None,
            'utc_offset': None,
            'verified': False}}
----------Summary----------
{ 'entities': {},
  'id_str': '1156649459104669696',
  'retweeted_status': { 'entities': { 'urls': { 'display_url': 'twitter.com/i/web/status/1…',
                                                'expanded_url': 'https://twitter.com/i/web/status/1155815095383068672'}},
                        'id_str': '1155815095383068672',
                        'text': 'the green train came alive! congratulations '
                                'to those who were able to ride out this '
                                "wonderful train!  the world's m "
                                'https://t.co/hxljjzvwwy',
                        'user': { 'entities': {},
                                  'id_str': '1105587959154257922',
                                  'twitter_user': 'Moon3Dio'}},
  'text': 'rt @moon3dio: the green train came alive! congratulations to those '
          "who were able to ride out this wonderful train!  the world's most "
          'exciti',
  'user': { 'entities': {},
            'id_str': '1542767918',
            'twitter_user': 'PsychicWaugh'}}
----------Groups----------
{ 'Bitcoin': ['bitcoin', 'Bitcoin', 'btc', 'satoshi nakamoto'],
  'Ethereum': ['ethereum', 'Ethereum', 'eth', 'vitalik buterin'],
  'Litecoin': ['litecoin', 'Litecoin', 'ltc', 'charles lee'],
  'Monero': ['monero', 'Monero', 'xmr', 'riccardo spagni'],
  'Ripple': [ 'ripple',
              'Ripple',
              'xrp',
              'xrapid',
              'xcurrent',
              'chris larsen',
              'jed mccaleb']}
---------------------------Fetch-------2019-07-31 15:59:56.175611: Tweet filed under "misc":----------Data----------
{ 'contributors': None,
  'coordinates': None,
  'created_at': 'Wed Jul 31 19:34:51 +0000 2019',
  'entities': { 'hashtags': [],
                'symbols': [],
                'urls': [ { 'display_url': 'twitter.com/i/web/status/1…',
                            'expanded_url': 'https://twitter.com/i/web/status/1156649441639784449',
                            'indices': [116, 139],
                            'url': 'https://t.co/E6zJAtgsnH'}],
                'user_mentions': [ { 'id': 806342528169439232,
                                     'id_str': '806342528169439232',
                                     'indices': [0, 16],
                                     'name': 'CryptoNewsFlash 👩\u200d💻⚡️🌎 🇺🇸 '
                                             '✝️🕊',
                                     'screen_name': 'CryptoNewsFlash'}]},
  'favorite_count': 0,
  'favorited': False,
  'geo': None,
  'id': 1156649441639784449,
  'id_str': '1156649441639784449',
  'in_reply_to_screen_name': 'CryptoNewsFlash',
  'in_reply_to_status_id': 1156566003968557056,
  'in_reply_to_status_id_str': '1156566003968557056',
  'in_reply_to_user_id': 806342528169439232,
  'in_reply_to_user_id_str': '806342528169439232',
  'is_quote_status': False,
  'lang': 'en',
  'metadata': {'iso_language_code': 'en', 'result_type': 'recent'},
  'place': None,
  'retweet_count': 0,
  'retweeted': False,
  'source': '<a href="https://mobile.twitter.com" rel="nofollow">Twitter Web '
            'App</a>',
  'text': '@CryptoNewsFlash as far, tokens to be created diminue. so logical '
          'that the need for this creation do the same, and… '
          'https://t.co/E6zJAtgsnH',
  'truncated': True,
  'user': { 'contributors_enabled': False,
            'created_at': 'Tue Nov 08 19:20:07 +0000 2016',
            'default_profile': False,
            'default_profile_image': False,
            'description': 'I am who I am. CEO of my life with great success. '
                           'Anti scam forever, honest carpe diem.😎🤔🤘\n'
                           'BTC : 1DPukLKV3UQnU3ffXhLV1emH3G39kVU47i',
            'entities': { 'description': {'urls': []},
                          'url': { 'urls': [ { 'display_url': 'tippin.me/@DavidGorius',
                                               'expanded_url': 'https://tippin.me/@DavidGorius',
                                               'indices': [0, 23],
                                               'url': 'https://t.co/pZUnvzmeMr'}]}},
            'favourites_count': 903,
            'follow_request_sent': None,
            'followers_count': 239,
            'following': None,
            'friends_count': 662,
            'geo_enabled': False,
            'has_extended_profile': True,
            'id': 796069810236952577,
            'id_str': '796069810236952577',
            'is_translation_enabled': False,
            'is_translator': False,
            'lang': None,
            'listed_count': 0,
            'location': 'France',
            'name': 'David Gorius',
            'notifications': None,
            'profile_background_color': '000000',
            'profile_background_image_url': 'http://abs.twimg.com/images/themes/theme1/bg.png',
            'profile_background_image_url_https': 'https://abs.twimg.com/images/themes/theme1/bg.png',
            'profile_background_tile': False,
            'profile_banner_url': 'https://pbs.twimg.com/profile_banners/796069810236952577/1541963833',
            'profile_image_url': 'http://pbs.twimg.com/profile_images/1149090629202432000/k0Gp4BKI_normal.png',
            'profile_image_url_https': 'https://pbs.twimg.com/profile_images/1149090629202432000/k0Gp4BKI_normal.png',
            'profile_link_color': '19CF86',
            'profile_sidebar_border_color': '000000',
            'profile_sidebar_fill_color': '000000',
            'profile_text_color': '000000',
            'profile_use_background_image': False,
            'protected': False,
            'screen_name': 'DavidGorius',
            'statuses_count': 2206,
            'time_zone': None,
            'translator_type': 'none',
            'url': 'https://t.co/pZUnvzmeMr',
            'utc_offset': None,
            'verified': False}}
----------Summary----------
{ 'entities': { 'urls': { 'display_url': 'twitter.com/i/web/status/1…',
                          'expanded_url': 'https://twitter.com/i/web/status/1156649441639784449'}},
  'id_str': '1156649441639784449',
  'text': '@cryptonewsflash as far, tokens to be created diminue. so logical '
          'that the need for this creation do the same, and '
          'https://t.co/e6zjatgsnh',
  'user': { 'entities': {},
            'id_str': '796069810236952577',
            'twitter_user': 'DavidGorius'}}
----------Groups----------
{ 'Bitcoin': ['bitcoin', 'Bitcoin', 'btc', 'satoshi nakamoto'],
  'Ethereum': ['ethereum', 'Ethereum', 'eth', 'vitalik buterin'],
  'Litecoin': ['litecoin', 'Litecoin', 'ltc', 'charles lee'],
  'Monero': ['monero', 'Monero', 'xmr', 'riccardo spagni'],
  'Ripple': [ 'ripple',
              'Ripple',
              'xrp',
              'xrapid',
              'xcurrent',
              'chris larsen',
              'jed mccaleb']}
---------------------------Fetch-------2019-07-31 15:59:57.584982: Tweet filed under "misc":----------Data----------
{ 'contributors': None,
  'coordinates': None,
  'created_at': 'Wed Jul 31 19:33:30 +0000 2019',
  'entities': { 'hashtags': [],
                'symbols': [],
                'urls': [],
                'user_mentions': [ { 'id': 113093429,
                                     'id_str': '113093429',
                                     'indices': [3, 16],
                                     'name': 'Steve Clark',
                                     'screen_name': 'SteveClarkPC'},
                                   { 'id': 265670359,
                                     'id_str': '265670359',
                                     'indices': [36, 51],
                                     'name': 'Andrea Khanjin',
                                     'screen_name': 'Andrea_Khanjin'},
                                   { 'id': 1222782505,
                                     'id_str': '1222782505',
                                     'indices': [73, 84],
                                     'name': 'Lynn Dollin',
                                     'screen_name': 'LynnDollin'}]},
  'favorite_count': 0,
  'favorited': False,
  'geo': None,
  'id': 1156649104711344130,
  'id_str': '1156649104711344130',
  'in_reply_to_screen_name': None,
  'in_reply_to_status_id': None,
  'in_reply_to_status_id_str': None,
  'in_reply_to_user_id': None,
  'in_reply_to_user_id_str': None,
  'is_quote_status': False,
  'lang': 'en',
  'metadata': {'iso_language_code': 'en', 'result_type': 'recent'},
  'place': None,
  'retweet_count': 4,
  'retweeted': False,
  'retweeted_status': { 'contributors': None,
                        'coordinates': None,
                        'created_at': 'Wed Jul 31 19:11:10 +0000 2019',
                        'entities': { 'hashtags': [],
                                      'symbols': [],
                                      'urls': [ { 'display_url': 'twitter.com/i/web/status/1…',
                                                  'expanded_url': 'https://twitter.com/i/web/status/1156643484985692160',
                                                  'indices': [120, 143],
                                                  'url': 'https://t.co/3cEwaFJ0TE'}],
                                      'user_mentions': [ { 'id': 265670359,
                                                           'id_str': '265670359',
                                                           'indices': [18, 33],
                                                           'name': 'Andrea '
                                                                   'Khanjin',
                                                           'screen_name': 'Andrea_Khanjin'},
                                                         { 'id': 1222782505,
                                                           'id_str': '1222782505',
                                                           'indices': [55, 66],
                                                           'name': 'Lynn '
                                                                   'Dollin',
                                                           'screen_name': 'LynnDollin'}]},
                        'favorite_count': 9,
                        'favorited': False,
                        'geo': None,
                        'id': 1156643484985692160,
                        'id_str': '1156643484985692160',
                        'in_reply_to_screen_name': None,
                        'in_reply_to_status_id': None,
                        'in_reply_to_status_id_str': None,
                        'in_reply_to_user_id': None,
                        'in_reply_to_user_id_str': None,
                        'is_quote_status': False,
                        'lang': 'en',
                        'metadata': { 'iso_language_code': 'en',
                                      'result_type': 'recent'},
                        'place': None,
                        'possibly_sensitive': False,
                        'retweet_count': 4,
                        'retweeted': False,
                        'source': '<a href="https://mobile.twitter.com" '
                                  'rel="nofollow">Twitter Web App</a>',
                        'text': 'Proud to join MPP @Andrea_Khanjin &amp; '
                                'Innisfil Mayor @LynnDollin in Barrie to '
                                "announce I've issued a zoning order so… "
                                'https://t.co/3cEwaFJ0TE',
                        'truncated': True,
                        'user': { 'contributors_enabled': False,
                                  'created_at': 'Wed Feb 10 17:43:55 +0000 '
                                                '2010',
                                  'default_profile': False,
                                  'default_profile_image': False,
                                  'description': 'MPP Leeds-Grenville-Thousand '
                                                 'Islands and Rideau Lakes. '
                                                 'Minister of Municipal '
                                                 'Affairs and Housing',
                                  'entities': {'description': {'urls': []}},
                                  'favourites_count': 13165,
                                  'follow_request_sent': None,
                                  'followers_count': 9440,
                                  'following': None,
                                  'friends_count': 2670,
                                  'geo_enabled': False,
                                  'has_extended_profile': True,
                                  'id': 113093429,
                                  'id_str': '113093429',
                                  'is_translation_enabled': False,
                                  'is_translator': False,
                                  'lang': None,
                                  'listed_count': 250,
                                  'location': 'Leeds-Grenville, ON',
                                  'name': 'Steve Clark',
                                  'notifications': None,
                                  'profile_background_color': '0F5787',
                                  'profile_background_image_url': 'http://abs.twimg.com/images/themes/theme1/bg.png',
                                  'profile_background_image_url_https': 'https://abs.twimg.com/images/themes/theme1/bg.png',
                                  'profile_background_tile': False,
                                  'profile_banner_url': 'https://pbs.twimg.com/profile_banners/113093429/1562121347',
                                  'profile_image_url': 'http://pbs.twimg.com/profile_images/1056022873691901952/7x-zIxOf_normal.jpg',
                                  'profile_image_url_https': 'https://pbs.twimg.com/profile_images/1056022873691901952/7x-zIxOf_normal.jpg',
                                  'profile_link_color': '0F5787',
                                  'profile_sidebar_border_color': 'C0DEED',
                                  'profile_sidebar_fill_color': 'FFFFFF',
                                  'profile_text_color': '333333',
                                  'profile_use_background_image': False,
                                  'protected': False,
                                  'screen_name': 'SteveClarkPC',
                                  'statuses_count': 11640,
                                  'time_zone': None,
                                  'translator_type': 'none',
                                  'url': None,
                                  'utc_offset': None,
                                  'verified': True}},
  'source': '<a href="http://twitter.com/download/iphone" '
            'rel="nofollow">Twitter for iPhone</a>',
  'text': 'RT @SteveClarkPC: Proud to join MPP @Andrea_Khanjin &amp; Innisfil '
          "Mayor @LynnDollin in Barrie to announce I've issued a zoning order "
          'so Tollen…',
  'truncated': False,
  'user': { 'contributors_enabled': False,
            'created_at': 'Sun Mar 13 23:53:43 +0000 2011',
            'default_profile': False,
            'default_profile_image': False,
            'description': 'MPP for Barrie-Innisfil. Proud Canadian '
                           'Conservative. Believes in the free markets, '
                           'liberty and freedom. Andrea.Khanjin@pc.ola.org',
            'entities': { 'description': {'urls': []},
                          'url': { 'urls': [ { 'display_url': 'andreampp.com',
                                               'expanded_url': 'https://www.andreampp.com',
                                               'indices': [0, 23],
                                               'url': 'https://t.co/Mnf5yViSgg'}]}},
            'favourites_count': 9091,
            'follow_request_sent': None,
            'followers_count': 3880,
            'following': None,
            'friends_count': 1091,
            'geo_enabled': True,
            'has_extended_profile': False,
            'id': 265670359,
            'id_str': '265670359',
            'is_translation_enabled': False,
            'is_translator': False,
            'lang': None,
            'listed_count': 81,
            'location': 'Barrie, Ontario',
            'name': 'Andrea Khanjin',
            'notifications': None,
            'profile_background_color': 'C0DEED',
            'profile_background_image_url': 'http://abs.twimg.com/images/themes/theme1/bg.png',
            'profile_background_image_url_https': 'https://abs.twimg.com/images/themes/theme1/bg.png',
            'profile_background_tile': True,
            'profile_banner_url': 'https://pbs.twimg.com/profile_banners/265670359/1543536222',
            'profile_image_url': 'http://pbs.twimg.com/profile_images/956427792245252097/B-wixvNJ_normal.jpg',
            'profile_image_url_https': 'https://pbs.twimg.com/profile_images/956427792245252097/B-wixvNJ_normal.jpg',
            'profile_link_color': '0084B4',
            'profile_sidebar_border_color': 'FFFFFF',
            'profile_sidebar_fill_color': 'DDEEF6',
            'profile_text_color': '333333',
            'profile_use_background_image': True,
            'protected': False,
            'screen_name': 'Andrea_Khanjin',
            'statuses_count': 771,
            'time_zone': None,
            'translator_type': 'none',
            'url': 'https://t.co/Mnf5yViSgg',
            'utc_offset': None,
            'verified': True}}
----------Summary----------
{ 'entities': {},
  'id_str': '1156649104711344130',
  'retweeted_status': { 'entities': { 'urls': { 'display_url': 'twitter.com/i/web/status/1…',
                                                'expanded_url': 'https://twitter.com/i/web/status/1156643484985692160'}},
                        'id_str': '1156643484985692160',
                        'text': 'proud to join mpp @andrea_khanjin &amp; '
                                'innisfil mayor @lynndollin in barrie to '
                                "announce i've issued a zoning order so "
                                'https://t.co/3cewafj0te',
                        'user': { 'entities': {},
                                  'id_str': '113093429',
                                  'twitter_user': 'SteveClarkPC'}},
  'text': 'rt @steveclarkpc: proud to join mpp @andrea_khanjin &amp; innisfil '
          "mayor @lynndollin in barrie to announce i've issued a zoning order "
          'so tollen',
  'user': { 'entities': {},
            'id_str': '265670359',
            'twitter_user': 'Andrea_Khanjin'}}
----------Groups----------
{ 'Bitcoin': ['bitcoin', 'Bitcoin', 'btc', 'satoshi nakamoto'],
  'Ethereum': ['ethereum', 'Ethereum', 'eth', 'vitalik buterin'],
  'Litecoin': ['litecoin', 'Litecoin', 'ltc', 'charles lee'],
  'Monero': ['monero', 'Monero', 'xmr', 'riccardo spagni'],
  'Ripple': [ 'ripple',
              'Ripple',
              'xrp',
              'xrapid',
              'xcurrent',
              'chris larsen',
              'jed mccaleb']}
---------------------------Fetch-------2019-07-31 16:00:00.839205: Tweet filed under "misc":----------Data----------
{ 'contributors': None,
  'coordinates': None,
  'created_at': 'Wed Jul 31 19:52:23 +0000 2019',
  'entities': { 'hashtags': [],
                'symbols': [],
                'urls': [ { 'display_url': 'twitter.com/i/web/status/1…',
                            'expanded_url': 'https://twitter.com/i/web/status/1156653857268744192',
                            'indices': [116, 139],
                            'url': 'https://t.co/ZkZ7lbjopB'}],
                'user_mentions': []},
  'favorite_count': 0,
  'favorited': False,
  'geo': None,
  'id': 1156653857268744192,
  'id_str': '1156653857268744192',
  'in_reply_to_screen_name': None,
  'in_reply_to_status_id': None,
  'in_reply_to_status_id_str': None,
  'in_reply_to_user_id': None,
  'in_reply_to_user_id_str': None,
  'is_quote_status': False,
  'lang': 'en',
  'metadata': {'iso_language_code': 'en', 'result_type': 'recent'},
  'place': None,
  'possibly_sensitive': False,
  'retweet_count': 0,
  'retweeted': False,
  'source': '<a href="https://mobile.twitter.com" rel="nofollow">Twitter Web '
            'App</a>',
  'text': "i love this picture 'cause it's so ICONIC i mean, how many times do "
          'you see lee jaehyun, anne hathaway, and rupaul… '
          'https://t.co/ZkZ7lbjopB',
  'truncated': True,
  'user': { 'contributors_enabled': False,
            'created_at': 'Fri Jun 05 04:08:14 +0000 2015',
            'default_profile': False,
            'default_profile_image': False,
            'description': '한솔 !!! 🥑💚 #SVT 𖤐 #TBZ 𖤐 #DAY6',
            'entities': {'description': {'urls': []}},
            'favourites_count': 32699,
            'follow_request_sent': None,
            'followers_count': 232,
            'following': None,
            'friends_count': 98,
            'geo_enabled': True,
            'has_extended_profile': False,
            'id': 3308978230,
            'id_str': '3308978230',
            'is_translation_enabled': False,
            'is_translator': False,
            'lang': None,
            'listed_count': 12,
            'location': 'day6 win',
            'name': 'ّ',
            'notifications': None,
            'profile_background_color': '000000',
            'profile_background_image_url': 'http://abs.twimg.com/images/themes/theme1/bg.png',
            'profile_background_image_url_https': 'https://abs.twimg.com/images/themes/theme1/bg.png',
            'profile_background_tile': False,
            'profile_banner_url': 'https://pbs.twimg.com/profile_banners/3308978230/1564540499',
            'profile_image_url': 'http://pbs.twimg.com/profile_images/1156393081148755968/dUuta0IC_normal.jpg',
            'profile_image_url_https': 'https://pbs.twimg.com/profile_images/1156393081148755968/dUuta0IC_normal.jpg',
            'profile_link_color': 'B8C3FF',
            'profile_sidebar_border_color': '000000',
            'profile_sidebar_fill_color': '000000',
            'profile_text_color': '000000',
            'profile_use_background_image': False,
            'protected': False,
            'screen_name': 'saychwe',
            'statuses_count': 16716,
            'time_zone': None,
            'translator_type': 'none',
            'url': None,
            'utc_offset': None,
            'verified': False}}
----------Summary----------
{ 'entities': { 'urls': { 'display_url': 'twitter.com/i/web/status/1…',
                          'expanded_url': 'https://twitter.com/i/web/status/1156653857268744192'}},
  'id_str': '1156653857268744192',
  'text': "i love this picture 'cause it's so iconic i mean, how many times do "
          'you see lee jaehyun, anne hathaway, and rupaul '
          'https://t.co/zkz7lbjopb',
  'user': {'entities': {}, 'id_str': '3308978230', 'twitter_user': 'saychwe'}}
----------Groups----------
{ 'Bitcoin': ['bitcoin', 'Bitcoin', 'btc', 'satoshi nakamoto'],
  'Ethereum': ['ethereum', 'Ethereum', 'eth', 'vitalik buterin'],
  'Litecoin': ['litecoin', 'Litecoin', 'ltc', 'charles lee'],
  'Monero': ['monero', 'Monero', 'xmr', 'riccardo spagni'],
  'Ripple': [ 'ripple',
              'Ripple',
              'xrp',
              'xrapid',
              'xcurrent',
              'chris larsen',
              'jed mccaleb']}
---------------------------Fetch-------2019-07-31 16:00:01.063636: Tweet filed under "misc":----------Data----------
{ 'contributors': None,
  'coordinates': None,
  'created_at': 'Wed Jul 31 19:45:55 +0000 2019',
  'entities': { 'hashtags': [{'indices': [30, 46], 'text': 'AssassinsCreed3'}],
                'symbols': [],
                'urls': [ { 'display_url': 'twitch.tv/peralt',
                            'expanded_url': 'http://twitch.tv/peralt',
                            'indices': [53, 76],
                            'url': 'https://t.co/84GPAyn8Dt'}],
                'user_mentions': [ { 'id': 769848173997256704,
                                     'id_str': '769848173997256704',
                                     'indices': [3, 18],
                                     'name': 'Birthday Peralt!',
                                     'screen_name': 'PeraltIsGaming'}]},
  'favorite_count': 0,
  'favorited': False,
  'geo': None,
  'id': 1156652228024983554,
  'id_str': '1156652228024983554',
  'in_reply_to_screen_name': None,
  'in_reply_to_status_id': None,
  'in_reply_to_status_id_str': None,
  'in_reply_to_user_id': None,
  'in_reply_to_user_id_str': None,
  'is_quote_status': False,
  'lang': 'en',
  'metadata': {'iso_language_code': 'en', 'result_type': 'recent'},
  'place': None,
  'possibly_sensitive': False,
  'retweet_count': 6,
  'retweeted': False,
  'retweeted_status': { 'contributors': None,
                        'coordinates': None,
                        'created_at': 'Tue Jul 30 18:51:15 +0000 2019',
                        'entities': { 'hashtags': [ { 'indices': [10, 26],
                                                      'text': 'AssassinsCreed3'}],
                                      'symbols': [],
                                      'urls': [ { 'display_url': 'twitch.tv/peralt',
                                                  'expanded_url': 'http://twitch.tv/peralt',
                                                  'indices': [33, 56],
                                                  'url': 'https://t.co/84GPAyn8Dt'},
                                                { 'display_url': 'twitter.com/i/web/status/1…',
                                                  'expanded_url': 'https://twitter.com/i/web/status/1156276083571998720',
                                                  'indices': [120, 143],
                                                  'url': 'https://t.co/N1p7eyE2Ri'}],
                                      'user_mentions': []},
                        'favorite_count': 7,
                        'favorited': False,
                        'geo': None,
                        'id': 1156276083571998720,
                        'id_str': '1156276083571998720',
                        'in_reply_to_screen_name': None,
                        'in_reply_to_status_id': None,
                        'in_reply_to_status_id_str': None,
                        'in_reply_to_user_id': None,
                        'in_reply_to_user_id_str': None,
                        'is_quote_status': False,
                        'lang': 'en',
                        'metadata': { 'iso_language_code': 'en',
                                      'result_type': 'recent'},
                        'place': None,
                        'possibly_sensitive': False,
                        'retweet_count': 6,
                        'retweeted': False,
                        'source': '<a '
                                  'href="https://about.twitter.com/products/tweetdeck" '
                                  'rel="nofollow">TweetDeck</a>',
                        'text': 'LIVE with #AssassinsCreed3\n'
                                '\n'
                                '~&gt;https://t.co/84GPAyn8Dt\n'
                                '\n'
                                'Join me during the American Revolution and '
                                'Connor Kenway ask… https://t.co/N1p7eyE2Ri',
                        'truncated': True,
                        'user': { 'contributors_enabled': False,
                                  'created_at': 'Sun Aug 28 10:44:42 +0000 '
                                                '2016',
                                  'default_profile': True,
                                  'default_profile_image': False,
                                  'description': 'Streamer. Girl gamer. '
                                                 'Survival Horror freak. '
                                                 'Witcher of Kaer Morhen. '
                                                 "Vivi's no.1 fan. B99 "
                                                 'fangirl. Twitch Affiliate. '
                                                 'Multifandom as hell '
                                                 '[she/her]',
                                  'entities': { 'description': {'urls': []},
                                                'url': { 'urls': [ { 'display_url': 'twitch.tv/peralt',
                                                                     'expanded_url': 'https://www.twitch.tv/peralt',
                                                                     'indices': [ 0,
                                                                                  23],
                                                                     'url': 'https://t.co/UIQwxMSlQL'}]}},
                                  'favourites_count': 2669,
                                  'follow_request_sent': None,
                                  'followers_count': 1580,
                                  'following': None,
                                  'friends_count': 979,
                                  'geo_enabled': False,
                                  'has_extended_profile': True,
                                  'id': 769848173997256704,
                                  'id_str': '769848173997256704',
                                  'is_translation_enabled': False,
                                  'is_translator': False,
                                  'lang': None,
                                  'listed_count': 7,
                                  'location': 'NINE NINE',
                                  'name': 'Birthday Peralt!',
                                  'notifications': None,
                                  'profile_background_color': 'F5F8FA',
                                  'profile_background_image_url': None,
                                  'profile_background_image_url_https': None,
                                  'profile_background_tile': False,
                                  'profile_banner_url': 'https://pbs.twimg.com/profile_banners/769848173997256704/1559083043',
                                  'profile_image_url': 'http://pbs.twimg.com/profile_images/1095748938915815424/ZfYEg24U_normal.jpg',
                                  'profile_image_url_https': 'https://pbs.twimg.com/profile_images/1095748938915815424/ZfYEg24U_normal.jpg',
                                  'profile_link_color': '1DA1F2',
                                  'profile_sidebar_border_color': 'C0DEED',
                                  'profile_sidebar_fill_color': 'DDEEF6',
                                  'profile_text_color': '333333',
                                  'profile_use_background_image': True,
                                  'protected': False,
                                  'screen_name': 'PeraltIsGaming',
                                  'statuses_count': 9796,
                                  'time_zone': None,
                                  'translator_type': 'none',
                                  'url': 'https://t.co/UIQwxMSlQL',
                                  'utc_offset': None,
                                  'verified': False}},
  'source': '<a href="http://twitter.com/download/android" '
            'rel="nofollow">Twitter for Android</a>',
  'text': 'RT @PeraltIsGaming: LIVE with #AssassinsCreed3\n'
          '\n'
          '~&gt;https://t.co/84GPAyn8Dt\n'
          '\n'
          'Join me during the American Revolution and Connor Kenway asks...…',
  'truncated': False,
  'user': { 'contributors_enabled': False,
            'created_at': 'Mon Apr 22 18:14:43 +0000 2019',
            'default_profile': False,
            'default_profile_image': False,
            'description': 'Connecting european streamers with each other! Use '
                           '#EuropeanStreamTeam to be retweetet! Join us on '
                           'Discord!\n'
                           'https://t.co/S7VWK9YS6i',
            'entities': { 'description': { 'urls': [ { 'display_url': 'discord.io/EuropeanStream…',
                                                       'expanded_url': 'http://discord.io/EuropeanStreamTeam',
                                                       'indices': [108, 131],
                                                       'url': 'https://t.co/S7VWK9YS6i'}]}},
            'favourites_count': 524,
            'follow_request_sent': None,
            'followers_count': 38,
            'following': None,
            'friends_count': 34,
            'geo_enabled': False,
            'has_extended_profile': False,
            'id': 1120390490833260544,
            'id_str': '1120390490833260544',
            'is_translation_enabled': False,
            'is_translator': False,
            'lang': None,
            'listed_count': 0,
            'location': '',
            'name': 'European Stream Team',
            'notifications': None,
            'profile_background_color': '000000',
            'profile_background_image_url': 'http://abs.twimg.com/images/themes/theme1/bg.png',
            'profile_background_image_url_https': 'https://abs.twimg.com/images/themes/theme1/bg.png',
            'profile_background_tile': False,
            'profile_image_url': 'http://pbs.twimg.com/profile_images/1134820951709900800/Nbw5P3K__normal.png',
            'profile_image_url_https': 'https://pbs.twimg.com/profile_images/1134820951709900800/Nbw5P3K__normal.png',
            'profile_link_color': '1B95E0',
            'profile_sidebar_border_color': '000000',
            'profile_sidebar_fill_color': '000000',
            'profile_text_color': '000000',
            'profile_use_background_image': False,
            'protected': False,
            'screen_name': 'EuropeanStream',
            'statuses_count': 430,
            'time_zone': None,
            'translator_type': 'none',
            'url': None,
            'utc_offset': None,
            'verified': False}}
----------Summary----------
{ 'entities': { 'urls': { 'display_url': 'twitch.tv/peralt',
                          'expanded_url': 'http://twitch.tv/peralt'}},
  'id_str': '1156652228024983554',
  'retweeted_status': { 'entities': { 'urls': { 'display_url': 'twitter.com/i/web/status/1…',
                                                'expanded_url': 'https://twitter.com/i/web/status/1156276083571998720'}},
                        'id_str': '1156276083571998720',
                        'text': 'live with #assassinscreed3  '
                                '~&gt;https://t.co/84gpayn8dt  join me during '
                                'the american revolution and connor kenway ask '
                                'https://t.co/n1p7eye2ri',
                        'user': { 'entities': {},
                                  'id_str': '769848173997256704',
                                  'twitter_user': 'PeraltIsGaming'}},
  'text': 'rt @peraltisgaming: live with #assassinscreed3  '
          '~&gt;https://t.co/84gpayn8dt  join me during the american '
          'revolution and connor kenway asks...',
  'user': { 'entities': {},
            'id_str': '1120390490833260544',
            'twitter_user': 'EuropeanStream'}}
----------Groups----------
{ 'Bitcoin': ['bitcoin', 'Bitcoin', 'btc', 'satoshi nakamoto'],
  'Ethereum': ['ethereum', 'Ethereum', 'eth', 'vitalik buterin'],
  'Litecoin': ['litecoin', 'Litecoin', 'ltc', 'charles lee'],
  'Monero': ['monero', 'Monero', 'xmr', 'riccardo spagni'],
  'Ripple': [ 'ripple',
              'Ripple',
              'xrp',
              'xrapid',
              'xcurrent',
              'chris larsen',
              'jed mccaleb']}
---------------------------Fetch-------2019-07-31 16:00:01.525623: Tweet filed under "misc":----------Data----------
{ 'contributors': None,
  'coordinates': None,
  'created_at': 'Wed Jul 31 18:15:47 +0000 2019',
  'entities': { 'hashtags': [],
                'symbols': [],
                'urls': [],
                'user_mentions': [ { 'id': 136062715,
                                     'id_str': '136062715',
                                     'indices': [3, 16],
                                     'name': 'Zach Miller',
                                     'screen_name': 'ByZachMiller'}]},
  'favorite_count': 0,
  'favorited': False,
  'geo': None,
  'id': 1156629547279880192,
  'id_str': '1156629547279880192',
  'in_reply_to_screen_name': None,
  'in_reply_to_status_id': None,
  'in_reply_to_status_id_str': None,
  'in_reply_to_user_id': None,
  'in_reply_to_user_id_str': None,
  'is_quote_status': False,
  'lang': 'en',
  'metadata': {'iso_language_code': 'en', 'result_type': 'recent'},
  'place': None,
  'retweet_count': 7,
  'retweeted': False,
  'retweeted_status': { 'contributors': None,
                        'coordinates': None,
                        'created_at': 'Wed Jul 31 12:11:20 +0000 2019',
                        'entities': { 'hashtags': [],
                                      'symbols': [],
                                      'urls': [ { 'display_url': 'twitter.com/i/web/status/1…',
                                                  'expanded_url': 'https://twitter.com/i/web/status/1156537828412669954',
                                                  'indices': [117, 140],
                                                  'url': 'https://t.co/A6ATqJMJEV'}],
                                      'user_mentions': []},
                        'favorite_count': 5,
                        'favorited': False,
                        'geo': None,
                        'id': 1156537828412669954,
                        'id_str': '1156537828412669954',
                        'in_reply_to_screen_name': None,
                        'in_reply_to_status_id': None,
                        'in_reply_to_status_id_str': None,
                        'in_reply_to_user_id': None,
                        'in_reply_to_user_id_str': None,
                        'is_quote_status': False,
                        'lang': 'en',
                        'metadata': { 'iso_language_code': 'en',
                                      'result_type': 'recent'},
                        'place': None,
                        'possibly_sensitive': False,
                        'retweet_count': 7,
                        'retweeted': False,
                        'source': '<a '
                                  'href="http://twitter.com/download/iphone" '
                                  'rel="nofollow">Twitter for iPhone</a>',
                        'text': 'Day 18 of State of the Program features three '
                                'teams looking to bounce back strong after '
                                'disappointing 2018 seasons.… '
                                'https://t.co/A6ATqJMJEV',
                        'truncated': True,
                        'user': { 'contributors_enabled': False,
                                  'created_at': 'Thu Apr 22 23:10:11 +0000 '
                                                '2010',
                                  'default_profile': False,
                                  'default_profile_image': False,
                                  'description': 'Deputy Sports Director — The '
                                                 'Record, @NorthJersey & '
                                                 '@VarsityAces. Part of the '
                                                 'USA TODAY NETWORK. '
                                                 '#NewJersey native, '
                                                 '#MizzouMade.',
                                  'entities': { 'description': {'urls': []},
                                                'url': { 'urls': [ { 'display_url': 'NorthJersey.com',
                                                                     'expanded_url': 'http://NorthJersey.com',
                                                                     'indices': [ 0,
                                                                                  23],
                                                                     'url': 'https://t.co/4QSEPbCXpZ'}]}},
                                  'favourites_count': 6688,
                                  'follow_request_sent': None,
                                  'followers_count': 3317,
                                  'following': None,
                                  'friends_count': 535,
                                  'geo_enabled': True,
                                  'has_extended_profile': False,
                                  'id': 136062715,
                                  'id_str': '136062715',
                                  'is_translation_enabled': False,
                                  'is_translator': False,
                                  'lang': None,
                                  'listed_count': 42,
                                  'location': 'North Jersey',
                                  'name': 'Zach Miller',
                                  'notifications': None,
                                  'profile_background_color': '000000',
                                  'profile_background_image_url': 'http://abs.twimg.com/images/themes/theme15/bg.png',
                                  'profile_background_image_url_https': 'https://abs.twimg.com/images/themes/theme15/bg.png',
                                  'profile_background_tile': False,
                                  'profile_banner_url': 'https://pbs.twimg.com/profile_banners/136062715/1512526232',
                                  'profile_image_url': 'http://pbs.twimg.com/profile_images/769242142791331840/sTF34X-G_normal.jpg',
                                  'profile_image_url_https': 'https://pbs.twimg.com/profile_images/769242142791331840/sTF34X-G_normal.jpg',
                                  'profile_link_color': '4169E1',
                                  'profile_sidebar_border_color': '000000',
                                  'profile_sidebar_fill_color': 'C0DFEC',
                                  'profile_text_color': '333333',
                                  'profile_use_background_image': False,
                                  'protected': False,
                                  'screen_name': 'ByZachMiller',
                                  'statuses_count': 14843,
                                  'time_zone': None,
                                  'translator_type': 'none',
                                  'url': 'https://t.co/4QSEPbCXpZ',
                                  'utc_offset': None,
                                  'verified': True}},
  'source': '<a href="http://twitter.com/download/android" '
            'rel="nofollow">Twitter for Android</a>',
  'text': 'RT @ByZachMiller: Day 18 of State of the Program features three '
          'teams looking to bounce back strong after disappointing 2018 '
          'seasons.\n'
          ' \n'
          'DeP…',
  'truncated': False,
  'user': { 'contributors_enabled': False,
            'created_at': 'Thu Jan 08 23:42:09 +0000 2015',
            'default_profile': False,
            'default_profile_image': False,
            'description': '',
            'entities': {'description': {'urls': []}},
            'favourites_count': 475,
            'follow_request_sent': None,
            'followers_count': 3337,
            'following': None,
            'friends_count': 410,
            'geo_enabled': False,
            'has_extended_profile': False,
            'id': 2968851934,
            'id_str': '2968851934',
            'is_translation_enabled': False,
            'is_translator': False,
            'lang': None,
            'listed_count': 39,
            'location': '',
            'name': '@BigNorthConference',
            'notifications': None,
            'profile_background_color': '000000',
            'profile_background_image_url': 'http://abs.twimg.com/images/themes/theme1/bg.png',
            'profile_background_image_url_https': 'https://abs.twimg.com/images/themes/theme1/bg.png',
            'profile_background_tile': False,
            'profile_banner_url': 'https://pbs.twimg.com/profile_banners/2968851934/1425147250',
            'profile_image_url': 'http://pbs.twimg.com/profile_images/553378823190757377/SBj0lQBl_normal.png',
            'profile_image_url_https': 'https://pbs.twimg.com/profile_images/553378823190757377/SBj0lQBl_normal.png',
            'profile_link_color': 'ABB8C2',
            'profile_sidebar_border_color': '000000',
            'profile_sidebar_fill_color': '000000',
            'profile_text_color': '000000',
            'profile_use_background_image': False,
            'protected': False,
            'screen_name': 'BigNorthConBNC',
            'statuses_count': 117484,
            'time_zone': None,
            'translator_type': 'none',
            'url': None,
            'utc_offset': None,
            'verified': False}}
----------Summary----------
{ 'entities': {},
  'id_str': '1156629547279880192',
  'retweeted_status': { 'entities': { 'urls': { 'display_url': 'twitter.com/i/web/status/1…',
                                                'expanded_url': 'https://twitter.com/i/web/status/1156537828412669954'}},
                        'id_str': '1156537828412669954',
                        'text': 'day 18 of state of the program features three '
                                'teams looking to bounce back strong after '
                                'disappointing 2018 seasons. '
                                'https://t.co/a6atqjmjev',
                        'user': { 'entities': {},
                                  'id_str': '136062715',
                                  'twitter_user': 'ByZachMiller'}},
  'text': 'rt @byzachmiller: day 18 of state of the program features three '
          'teams looking to bounce back strong after disappointing 2018 '
          'seasons.   dep',
  'user': { 'entities': {},
            'id_str': '2968851934',
            'twitter_user': 'BigNorthConBNC'}}
----------Groups----------
{ 'Bitcoin': ['bitcoin', 'Bitcoin', 'btc', 'satoshi nakamoto'],
  'Ethereum': ['ethereum', 'Ethereum', 'eth', 'vitalik buterin'],
  'Litecoin': ['litecoin', 'Litecoin', 'ltc', 'charles lee'],
  'Monero': ['monero', 'Monero', 'xmr', 'riccardo spagni'],
  'Ripple': [ 'ripple',
              'Ripple',
              'xrp',
              'xrapid',
              'xcurrent',
              'chris larsen',
              'jed mccaleb']}
---------------------------Fetch-------2019-07-31 16:00:01.746286: Tweet filed under "misc":----------Data----------
{ 'contributors': None,
  'coordinates': None,
  'created_at': 'Wed Jul 31 17:26:56 +0000 2019',
  'entities': { 'hashtags': [],
                'symbols': [],
                'urls': [ { 'display_url': 'twitter.com/i/web/status/1…',
                            'expanded_url': 'https://twitter.com/i/web/status/1156617251090337792',
                            'indices': [117, 140],
                            'url': 'https://t.co/9yO609Y6j1'}],
                'user_mentions': [ { 'id': 233209763,
                                     'id_str': '233209763',
                                     'indices': [0, 13],
                                     'name': 'Kevin Gutzman',
                                     'screen_name': 'KevinGutzman'},
                                   { 'id': 955973825249927175,
                                     'id_str': '955973825249927175',
                                     'indices': [14, 24],
                                     'name': 'Davo',
                                     'screen_name': '__davo___'},
                                   { 'id': 196168350,
                                     'id_str': '196168350',
                                     'indices': [25, 36],
                                     'name': 'Ann Coulter',
                                     'screen_name': 'AnnCoulter'}]},
  'favorite_count': 1,
  'favorited': False,
  'geo': None,
  'id': 1156617251090337792,
  'id_str': '1156617251090337792',
  'in_reply_to_screen_name': 'KevinGutzman',
  'in_reply_to_status_id': 1156604546963169281,
  'in_reply_to_status_id_str': '1156604546963169281',
  'in_reply_to_user_id': 233209763,
  'in_reply_to_user_id_str': '233209763',
  'is_quote_status': False,
  'lang': 'en',
  'metadata': {'iso_language_code': 'en', 'result_type': 'recent'},
  'place': None,
  'retweet_count': 0,
  'retweeted': False,
  'source': '<a href="https://mobile.twitter.com" rel="nofollow">Twitter Web '
            'App</a>',
  'text': '@KevinGutzman @__davo___ @AnnCoulter Sir, I love your Politically '
          'Incorrect Guide to the Constitution. Many thanks.… '
          'https://t.co/9yO609Y6j1',
  'truncated': True,
  'user': { 'contributors_enabled': False,
            'created_at': 'Sat Oct 03 19:30:27 +0000 2015',
            'default_profile': False,
            'default_profile_image': False,
            'description': 'You have to breathe for yourself. You should be '
                           'able to work for yourself. Do what you have to, '
                           'enjoy what you can ~ AnCap',
            'entities': {'description': {'urls': []}},
            'favourites_count': 2734,
            'follow_request_sent': None,
            'followers_count': 168,
            'following': None,
            'friends_count': 467,
            'geo_enabled': False,
            'has_extended_profile': False,
            'id': 3773193614,
            'id_str': '3773193614',
            'is_translation_enabled': False,
            'is_translator': False,
            'lang': None,
            'listed_count': 6,
            'location': 'The West is the Best',
            'name': 'ThoughtConductor',
            'notifications': None,
            'profile_background_color': '000000',
            'profile_background_image_url': 'http://abs.twimg.com/images/themes/theme1/bg.png',
            'profile_background_image_url_https': 'https://abs.twimg.com/images/themes/theme1/bg.png',
            'profile_background_tile': False,
            'profile_banner_url': 'https://pbs.twimg.com/profile_banners/3773193614/1460080000',
            'profile_image_url': 'http://pbs.twimg.com/profile_images/1127309162222776320/5i0ZVoDX_normal.png',
            'profile_image_url_https': 'https://pbs.twimg.com/profile_images/1127309162222776320/5i0ZVoDX_normal.png',
            'profile_link_color': '1B95E0',
            'profile_sidebar_border_color': '000000',
            'profile_sidebar_fill_color': '000000',
            'profile_text_color': '000000',
            'profile_use_background_image': False,
            'protected': False,
            'screen_name': 'semicollegiate',
            'statuses_count': 1914,
            'time_zone': None,
            'translator_type': 'none',
            'url': None,
            'utc_offset': None,
            'verified': False}}
----------Summary----------
{ 'entities': { 'urls': { 'display_url': 'twitter.com/i/web/status/1…',
                          'expanded_url': 'https://twitter.com/i/web/status/1156617251090337792'}},
  'id_str': '1156617251090337792',
  'text': '@kevingutzman @__davo___ @anncoulter sir, i love your politically '
          'incorrect guide to the constitution. many thanks. '
          'https://t.co/9yo609y6j1',
  'user': { 'entities': {},
            'id_str': '3773193614',
            'twitter_user': 'semicollegiate'}}
----------Groups----------
{ 'Bitcoin': ['bitcoin', 'Bitcoin', 'btc', 'satoshi nakamoto'],
  'Ethereum': ['ethereum', 'Ethereum', 'eth', 'vitalik buterin'],
  'Litecoin': ['litecoin', 'Litecoin', 'ltc', 'charles lee'],
  'Monero': ['monero', 'Monero', 'xmr', 'riccardo spagni'],
  'Ripple': [ 'ripple',
              'Ripple',
              'xrp',
              'xrapid',
              'xcurrent',
              'chris larsen',
              'jed mccaleb']}
---------------------------Fetch-------2019-07-31 16:00:02.873235: Tweet filed under "misc":----------Data----------
{ 'contributors': None,
  'coordinates': None,
  'created_at': 'Wed Jul 31 16:45:48 +0000 2019',
  'entities': { 'hashtags': [],
                'symbols': [],
                'urls': [ { 'display_url': 'twitter.com/i/web/status/1…',
                            'expanded_url': 'https://twitter.com/i/web/status/1156606900231901184',
                            'indices': [117, 140],
                            'url': 'https://t.co/2l5gi1LXU6'}],
                'user_mentions': []},
  'favorite_count': 0,
  'favorited': False,
  'geo': None,
  'id': 1156606900231901184,
  'id_str': '1156606900231901184',
  'in_reply_to_screen_name': None,
  'in_reply_to_status_id': None,
  'in_reply_to_status_id_str': None,
  'in_reply_to_user_id': None,
  'in_reply_to_user_id_str': None,
  'is_quote_status': False,
  'lang': 'en',
  'metadata': {'iso_language_code': 'en', 'result_type': 'recent'},
  'place': None,
  'possibly_sensitive': False,
  'retweet_count': 0,
  'retweeted': False,
  'source': '<a href="https://mobile.twitter.com" rel="nofollow">Twitter Web '
            'App</a>',
  'text': 'Star Trek\n'
          'Elaan of Troyius\n'
          'BBC1 22/9/71\n'
          'William Shatner, Leonard Nimoy, DeForest Kelley, James Doohan, '
          'George Takei… https://t.co/2l5gi1LXU6',
  'truncated': True,
  'user': { 'contributors_enabled': False,
            'created_at': 'Fri Sep 28 18:26:49 +0000 2018',
            'default_profile': False,
            'default_profile_image': False,
            'description': 'Interests: TV Times, Radio Times, TV ratings',
            'entities': {'description': {'urls': []}},
            'favourites_count': 744,
            'follow_request_sent': None,
            'followers_count': 628,
            'following': None,
            'friends_count': 104,
            'geo_enabled': False,
            'has_extended_profile': False,
            'id': 1045741636867829766,
            'id_str': '1045741636867829766',
            'is_translation_enabled': False,
            'is_translator': False,
            'lang': None,
            'listed_count': 7,
            'location': 'Bradford',
            'name': 'Cathode Ray',
            'notifications': None,
            'profile_background_color': '000000',
            'profile_background_image_url': 'http://abs.twimg.com/images/themes/theme1/bg.png',
            'profile_background_image_url_https': 'https://abs.twimg.com/images/themes/theme1/bg.png',
            'profile_background_tile': False,
            'profile_banner_url': 'https://pbs.twimg.com/profile_banners/1045741636867829766/1563968613',
            'profile_image_url': 'http://pbs.twimg.com/profile_images/1153996467016740864/C8djDejp_normal.jpg',
            'profile_image_url_https': 'https://pbs.twimg.com/profile_images/1153996467016740864/C8djDejp_normal.jpg',
            'profile_link_color': 'E81C4F',
            'profile_sidebar_border_color': '000000',
            'profile_sidebar_fill_color': '000000',
            'profile_text_color': '000000',
            'profile_use_background_image': False,
            'protected': False,
            'screen_name': 'Adrian_Dalby',
            'statuses_count': 5576,
            'time_zone': None,
            'translator_type': 'none',
            'url': None,
            'utc_offset': None,
            'verified': False}}
----------Summary----------
{ 'entities': { 'urls': { 'display_url': 'twitter.com/i/web/status/1…',
                          'expanded_url': 'https://twitter.com/i/web/status/1156606900231901184'}},
  'id_str': '1156606900231901184',
  'text': 'star trek elaan of troyius bbc1 22/9/71 william shatner, leonard '
          'nimoy, deforest kelley, james doohan, george takei '
          'https://t.co/2l5gi1lxu6',
  'user': { 'entities': {},
            'id_str': '1045741636867829766',
            'twitter_user': 'Adrian_Dalby'}}
----------Groups----------
{ 'Bitcoin': ['bitcoin', 'Bitcoin', 'btc', 'satoshi nakamoto'],
  'Ethereum': ['ethereum', 'Ethereum', 'eth', 'vitalik buterin'],
  'Litecoin': ['litecoin', 'Litecoin', 'ltc', 'charles lee'],
  'Monero': ['monero', 'Monero', 'xmr', 'riccardo spagni'],
  'Ripple': [ 'ripple',
              'Ripple',
              'xrp',
              'xrapid',
              'xcurrent',
              'chris larsen',
              'jed mccaleb']}
---------------------------Fetch-------2019-07-31 16:00:03.175335: Tweet filed under "misc":----------Data----------
{ 'contributors': None,
  'coordinates': None,
  'created_at': 'Wed Jul 31 16:22:25 +0000 2019',
  'entities': { 'hashtags': [],
                'symbols': [],
                'urls': [ { 'display_url': 'twitter.com/i/web/status/1…',
                            'expanded_url': 'https://twitter.com/i/web/status/1156601015698907137',
                            'indices': [121, 144],
                            'url': 'https://t.co/pK0Wy3LXuG'}],
                'user_mentions': []},
  'favorite_count': 1,
  'favorited': False,
  'geo': None,
  'id': 1156601015698907137,
  'id_str': '1156601015698907137',
  'in_reply_to_screen_name': 'tyler_tyler_tyl',
  'in_reply_to_status_id': 1156600860358709248,
  'in_reply_to_status_id_str': '1156600860358709248',
  'in_reply_to_user_id': 2263302386,
  'in_reply_to_user_id_str': '2263302386',
  'is_quote_status': False,
  'lang': 'en',
  'metadata': {'iso_language_code': 'en', 'result_type': 'recent'},
  'place': None,
  'retweet_count': 0,
  'retweeted': False,
  'source': '<a href="https://mobile.twitter.com" rel="nofollow">Twitter Web '
            'App</a>',
  'text': "i'm working on syllabi for next semester &amp; i'm trying to dig up "
          'some of my fav writers who i wish more writers knew… '
          'https://t.co/pK0Wy3LXuG',
  'truncated': True,
  'user': { 'contributors_enabled': False,
            'created_at': 'Thu Dec 26 20:35:46 +0000 2013',
            'default_profile': False,
            'default_profile_image': False,
            'description': 'Fiction writer with stories in EPOCH, '
                           '@salthilljournal, @Gulf_Coast, @WSRLitJournal, '
                           '@hobartpulp, and others. he/him/any old pronoun',
            'entities': { 'description': {'urls': []},
                          'url': { 'urls': [ { 'display_url': 'tylermcandrew.blog',
                                               'expanded_url': 'https://tylermcandrew.blog',
                                               'indices': [0, 23],
                                               'url': 'https://t.co/jNuiOquCPQ'}]}},
            'favourites_count': 35368,
            'follow_request_sent': None,
            'followers_count': 423,
            'following': None,
            'friends_count': 925,
            'geo_enabled': False,
            'has_extended_profile': False,
            'id': 2263302386,
            'id_str': '2263302386',
            'is_translation_enabled': False,
            'is_translator': False,
            'lang': None,
            'listed_count': 5,
            'location': 'Pittsburgh, PA',
            'name': 'Tyler McAndrew',
            'notifications': None,
            'profile_background_color': '000000',
            'profile_background_image_url': 'http://abs.twimg.com/images/themes/theme1/bg.png',
            'profile_background_image_url_https': 'https://abs.twimg.com/images/themes/theme1/bg.png',
            'profile_background_tile': False,
            'profile_banner_url': 'https://pbs.twimg.com/profile_banners/2263302386/1388166555',
            'profile_image_url': 'http://pbs.twimg.com/profile_images/1071044278976176128/oweHJo8d_normal.jpg',
            'profile_image_url_https': 'https://pbs.twimg.com/profile_images/1071044278976176128/oweHJo8d_normal.jpg',
            'profile_link_color': '9266CC',
            'profile_sidebar_border_color': 'FFFFFF',
            'profile_sidebar_fill_color': 'DDEEF6',
            'profile_text_color': '333333',
            'profile_use_background_image': False,
            'protected': False,
            'screen_name': 'tyler_tyler_tyl',
            'statuses_count': 17359,
            'time_zone': None,
            'translator_type': 'none',
            'url': 'https://t.co/jNuiOquCPQ',
            'utc_offset': None,
            'verified': False}}
----------Summary----------
{ 'entities': { 'urls': { 'display_url': 'twitter.com/i/web/status/1…',
                          'expanded_url': 'https://twitter.com/i/web/status/1156601015698907137'}},
  'id_str': '1156601015698907137',
  'text': "i'm working on syllabi for next semester &amp; i'm trying to dig up "
          'some of my fav writers who i wish more writers knew '
          'https://t.co/pk0wy3lxug',
  'user': { 'entities': {},
            'id_str': '2263302386',
            'twitter_user': 'tyler_tyler_tyl'}}
----------Groups----------
{ 'Bitcoin': ['bitcoin', 'Bitcoin', 'btc', 'satoshi nakamoto'],
  'Ethereum': ['ethereum', 'Ethereum', 'eth', 'vitalik buterin'],
  'Litecoin': ['litecoin', 'Litecoin', 'ltc', 'charles lee'],
  'Monero': ['monero', 'Monero', 'xmr', 'riccardo spagni'],
  'Ripple': [ 'ripple',
              'Ripple',
              'xrp',
              'xrapid',
              'xcurrent',
              'chris larsen',
              'jed mccaleb']}
---------------------------Fetch-------2019-07-31 16:00:03.418776: Tweet filed under "misc":----------Data----------
{ 'contributors': None,
  'coordinates': None,
  'created_at': 'Wed Jul 31 16:09:25 +0000 2019',
  'entities': { 'hashtags': [],
                'symbols': [],
                'urls': [],
                'user_mentions': [ { 'id': 476110720,
                                     'id_str': '476110720',
                                     'indices': [3, 17],
                                     'name': 'Paul McVeigh Writer',
                                     'screen_name': 'paul_mc_veigh'},
                                   { 'id': 22279296,
                                     'id_str': '22279296',
                                     'indices': [20, 32],
                                     'name': 'Paul Burston',
                                     'screen_name': 'PaulBurston'},
                                   { 'id': 1875843577,
                                     'id_str': '1875843577',
                                     'indices': [45, 57],
                                     'name': 'Polari Prize',
                                     'screen_name': 'PolariPrize'},
                                   { 'id': 324546384,
                                     'id_str': '324546384',
                                     'indices': [104, 118],
                                     'name': 'Patrick Gale',
                                     'screen_name': 'PNovelistGale'},
                                   { 'id': 169956316,
                                     'id_str': '169956316',
                                     'indices': [120, 136],
                                     'name': 'Charles Lambert #FBPE',
                                     'screen_name': 'charles_lambert'}]},
  'favorite_count': 0,
  'favorited': False,
  'geo': None,
  'id': 1156597746327007232,
  'id_str': '1156597746327007232',
  'in_reply_to_screen_name': None,
  'in_reply_to_status_id': None,
  'in_reply_to_status_id_str': None,
  'in_reply_to_user_id': None,
  'in_reply_to_user_id_str': None,
  'is_quote_status': False,
  'lang': 'en',
  'metadata': {'iso_language_code': 'en', 'result_type': 'recent'},
  'place': None,
  'possibly_sensitive': False,
  'retweet_count': 13,
  'retweeted': False,
  'retweeted_status': { 'contributors': None,
                        'coordinates': None,
                        'created_at': 'Tue Jul 30 10:32:42 +0000 2019',
                        'entities': { 'hashtags': [],
                                      'symbols': [],
                                      'urls': [ { 'display_url': 'twitter.com/i/web/status/1…',
                                                  'expanded_url': 'https://twitter.com/i/web/status/1156150617779388416',
                                                  'indices': [102, 125],
                                                  'url': 'https://t.co/FfnyoOejTh'}],
                                      'user_mentions': [ { 'id': 22279296,
                                                           'id_str': '22279296',
                                                           'indices': [1, 13],
                                                           'name': 'Paul '
                                                                   'Burston',
                                                           'screen_name': 'PaulBurston'},
                                                         { 'id': 1875843577,
                                                           'id_str': '1875843577',
                                                           'indices': [26, 38],
                                                           'name': 'Polari '
                                                                   'Prize',
                                                           'screen_name': 'PolariPrize'},
                                                         { 'id': 324546384,
                                                           'id_str': '324546384',
                                                           'indices': [85, 99],
                                                           'name': 'Patrick '
                                                                   'Gale',
                                                           'screen_name': 'PNovelistGale'}]},
                        'favorite_count': 22,
                        'favorited': False,
                        'geo': None,
                        'id': 1156150617779388416,
                        'id_str': '1156150617779388416',
                        'in_reply_to_screen_name': None,
                        'in_reply_to_status_id': None,
                        'in_reply_to_status_id_str': None,
                        'in_reply_to_user_id': None,
                        'in_reply_to_user_id_str': None,
                        'is_quote_status': False,
                        'lang': 'en',
                        'metadata': { 'iso_language_code': 'en',
                                      'result_type': 'recent'},
                        'place': None,
                        'possibly_sensitive': False,
                        'retweet_count': 13,
                        'retweeted': False,
                        'source': '<a href="https://mobile.twitter.com" '
                                  'rel="nofollow">Twitter Web App</a>',
                        'text': ".@PaulBurston's essential @PolariPrize "
                                'shortlist has been announced. Congratulations '
                                '@PNovelistGale,… https://t.co/FfnyoOejTh',
                        'truncated': True,
                        'user': { 'contributors_enabled': False,
                                  'created_at': 'Fri Jan 27 19:45:01 +0000 '
                                                '2012',
                                  'default_profile': True,
                                  'default_profile_image': False,
                                  'description': "Novel 'The Good Son' won "
                                                 '@PolariPrize. Loves short '
                                                 'story at @LSSFest & '
                                                 '@WordFactoryUK. Judge '
                                                 '@dylanthomprize & '
                                                 '@EHUShortStory. '
                                                 'Interviews/reviews '
                                                 '@irishtimes',
                                  'entities': { 'description': {'urls': []},
                                                'url': { 'urls': [ { 'display_url': 'paulmcveighwriter.com',
                                                                     'expanded_url': 'https://paulmcveighwriter.com/',
                                                                     'indices': [ 0,
                                                                                  23],
                                                                     'url': 'https://t.co/VZdmlkh9Dz'}]}},
                                  'favourites_count': 23976,
                                  'follow_request_sent': None,
                                  'followers_count': 13693,
                                  'following': None,
                                  'friends_count': 10156,
                                  'geo_enabled': True,
                                  'has_extended_profile': False,
                                  'id': 476110720,
                                  'id_str': '476110720',
                                  'is_translation_enabled': False,
                                  'is_translator': False,
                                  'lang': None,
                                  'listed_count': 372,
                                  'location': 'Belfast, Northern Ireland',
                                  'name': 'Paul McVeigh Writer',
                                  'notifications': None,
                                  'profile_background_color': 'C0DEED',
                                  'profile_background_image_url': 'http://abs.twimg.com/images/themes/theme1/bg.png',
                                  'profile_background_image_url_https': 'https://abs.twimg.com/images/themes/theme1/bg.png',
                                  'profile_background_tile': False,
                                  'profile_banner_url': 'https://pbs.twimg.com/profile_banners/476110720/1546952938',
                                  'profile_image_url': 'http://pbs.twimg.com/profile_images/1094179690095538176/kXfjucPo_normal.jpg',
                                  'profile_image_url_https': 'https://pbs.twimg.com/profile_images/1094179690095538176/kXfjucPo_normal.jpg',
                                  'profile_link_color': '1DA1F2',
                                  'profile_sidebar_border_color': 'C0DEED',
                                  'profile_sidebar_fill_color': 'DDEEF6',
                                  'profile_text_color': '333333',
                                  'profile_use_background_image': True,
                                  'protected': False,
                                  'screen_name': 'paul_mc_veigh',
                                  'statuses_count': 31366,
                                  'time_zone': None,
                                  'translator_type': 'none',
                                  'url': 'https://t.co/VZdmlkh9Dz',
                                  'utc_offset': None,
                                  'verified': False}},
  'source': '<a href="http://twitter.com/download/iphone" '
            'rel="nofollow">Twitter for iPhone</a>',
  'text': "RT @paul_mc_veigh: .@PaulBurston's essential @PolariPrize shortlist "
          'has been announced. Congratulations @PNovelistGale, '
          '@charles_lambert, D…',
  'truncated': False,
  'user': { 'contributors_enabled': False,
            'created_at': 'Tue Sep 17 15:01:06 +0000 2013',
            'default_profile': True,
            'default_profile_image': False,
            'description': 'Est 2011 @paulburston The Prize celebrates the '
                           'best LGBT+ writing by writers born/based in the UK '
                           '& Ireland. Supported by @WHSmith @FMcMAssociates '
                           '@DHHLitAgency',
            'entities': { 'description': {'urls': []},
                          'url': { 'urls': [ { 'display_url': 'polarisalon.com',
                                               'expanded_url': 'http://www.polarisalon.com',
                                               'indices': [0, 23],
                                               'url': 'https://t.co/4Z7j9Txfu9'}]}},
            'favourites_count': 993,
            'follow_request_sent': None,
            'followers_count': 1811,
            'following': None,
            'friends_count': 1401,
            'geo_enabled': False,
            'has_extended_profile': False,
            'id': 1875843577,
            'id_str': '1875843577',
            'is_translation_enabled': False,
            'is_translator': False,
            'lang': None,
            'listed_count': 31,
            'location': 'London',
            'name': 'Polari Prize',
            'notifications': None,
            'profile_background_color': 'C0DEED',
            'profile_background_image_url': 'http://abs.twimg.com/images/themes/theme1/bg.png',
            'profile_background_image_url_https': 'https://abs.twimg.com/images/themes/theme1/bg.png',
            'profile_background_tile': False,
            'profile_banner_url': 'https://pbs.twimg.com/profile_banners/1875843577/1560335759',
            'profile_image_url': 'http://pbs.twimg.com/profile_images/1053973879218159617/T5rXlipn_normal.jpg',
            'profile_image_url_https': 'https://pbs.twimg.com/profile_images/1053973879218159617/T5rXlipn_normal.jpg',
            'profile_link_color': '1DA1F2',
            'profile_sidebar_border_color': 'C0DEED',
            'profile_sidebar_fill_color': 'DDEEF6',
            'profile_text_color': '333333',
            'profile_use_background_image': True,
            'protected': False,
            'screen_name': 'PolariPrize',
            'statuses_count': 1300,
            'time_zone': None,
            'translator_type': 'none',
            'url': 'https://t.co/4Z7j9Txfu9',
            'utc_offset': None,
            'verified': False}}
----------Summary----------
{ 'entities': {},
  'id_str': '1156597746327007232',
  'retweeted_status': { 'entities': { 'urls': { 'display_url': 'twitter.com/i/web/status/1…',
                                                'expanded_url': 'https://twitter.com/i/web/status/1156150617779388416'}},
                        'id_str': '1156150617779388416',
                        'text': ".@paulburston's essential @polariprize "
                                'shortlist has been announced. congratulations '
                                '@pnovelistgale, https://t.co/ffnyooejth',
                        'user': { 'entities': {},
                                  'id_str': '476110720',
                                  'twitter_user': 'paul_mc_veigh'}},
  'text': "rt @paul_mc_veigh: .@paulburston's essential @polariprize shortlist "
          'has been announced. congratulations @pnovelistgale, '
          '@charles_lambert, d',
  'user': { 'entities': {},
            'id_str': '1875843577',
            'twitter_user': 'PolariPrize'}}
----------Groups----------
{ 'Bitcoin': ['bitcoin', 'Bitcoin', 'btc', 'satoshi nakamoto'],
  'Ethereum': ['ethereum', 'Ethereum', 'eth', 'vitalik buterin'],
  'Litecoin': ['litecoin', 'Litecoin', 'ltc', 'charles lee'],
  'Monero': ['monero', 'Monero', 'xmr', 'riccardo spagni'],
  'Ripple': [ 'ripple',
              'Ripple',
              'xrp',
              'xrapid',
              'xcurrent',
              'chris larsen',
              'jed mccaleb']}
---------------------------Fetch-------2019-07-31 16:00:03.909619: Tweet filed under "misc":----------Data----------
{ 'contributors': None,
  'coordinates': None,
  'created_at': 'Wed Jul 31 15:39:56 +0000 2019',
  'entities': { 'hashtags': [],
                'symbols': [],
                'urls': [ { 'display_url': 'twitter.com/i/web/status/1…',
                            'expanded_url': 'https://twitter.com/i/web/status/1156590325969739777',
                            'indices': [117, 140],
                            'url': 'https://t.co/RdLQJ4zyPB'}],
                'user_mentions': []},
  'favorite_count': 0,
  'favorited': False,
  'geo': None,
  'id': 1156590325969739777,
  'id_str': '1156590325969739777',
  'in_reply_to_screen_name': None,
  'in_reply_to_status_id': None,
  'in_reply_to_status_id_str': None,
  'in_reply_to_user_id': None,
  'in_reply_to_user_id_str': None,
  'is_quote_status': False,
  'lang': 'en',
  'metadata': {'iso_language_code': 'en', 'result_type': 'recent'},
  'place': None,
  'possibly_sensitive': False,
  'retweet_count': 0,
  'retweeted': False,
  'source': '<a href="https://mobile.twitter.com" rel="nofollow">Twitter Web '
            'App</a>',
  'text': '"Here\'s the thing, Charles..\n'
          'It\'s not a dream if it\'s real."\n'
          '\n'
          '- Moira MacTaggert\n'
          '\n'
          "If you're done with HOUSE OF X, d… https://t.co/RdLQJ4zyPB",
  'truncated': True,
  'user': { 'contributors_enabled': False,
            'created_at': 'Thu Dec 26 13:46:19 +0000 2013',
            'default_profile': False,
            'default_profile_image': False,
            'description': 'MC/HOST • WRITER • BLOGGER • VLOGGER • PODCASTER • '
                           'FULL-TIME CREATIVE CURATOR & CONTENT CREATOR // '
                           'AVAILABLE ANYTIME 24/7 🇲🇾 Contact: '
                           'faizalmukhtar@gmail.com',
            'entities': { 'description': {'urls': []},
                          'url': { 'urls': [ { 'display_url': 'KEDAIKOMIKONLINE.COM',
                                               'expanded_url': 'http://WWW.KEDAIKOMIKONLINE.COM',
                                               'indices': [0, 23],
                                               'url': 'https://t.co/nsfHbZLfTm'}]}},
            'favourites_count': 425,
            'follow_request_sent': None,
            'followers_count': 124,
            'following': None,
            'friends_count': 458,
            'geo_enabled': True,
            'has_extended_profile': True,
            'id': 2262869359,
            'id_str': '2262869359',
            'is_translation_enabled': False,
            'is_translator': False,
            'lang': None,
            'listed_count': 2,
            'location': 'Subang Jaya',
            'name': 'Faizal Mukhtar',
            'notifications': None,
            'profile_background_color': '000000',
            'profile_background_image_url': 'http://abs.twimg.com/images/themes/theme1/bg.png',
            'profile_background_image_url_https': 'https://abs.twimg.com/images/themes/theme1/bg.png',
            'profile_background_tile': False,
            'profile_banner_url': 'https://pbs.twimg.com/profile_banners/2262869359/1560117317',
            'profile_image_url': 'http://pbs.twimg.com/profile_images/1137840879605932032/20G3PHD5_normal.jpg',
            'profile_image_url_https': 'https://pbs.twimg.com/profile_images/1137840879605932032/20G3PHD5_normal.jpg',
            'profile_link_color': 'FAB81E',
            'profile_sidebar_border_color': '000000',
            'profile_sidebar_fill_color': '000000',
            'profile_text_color': '000000',
            'profile_use_background_image': False,
            'protected': False,
            'screen_name': 'faizalmukhtar',
            'statuses_count': 6917,
            'time_zone': None,
            'translator_type': 'none',
            'url': 'https://t.co/nsfHbZLfTm',
            'utc_offset': None,
            'verified': False}}
----------Summary----------
{ 'entities': { 'urls': { 'display_url': 'twitter.com/i/web/status/1…',
                          'expanded_url': 'https://twitter.com/i/web/status/1156590325969739777'}},
  'id_str': '1156590325969739777',
  'text': '"here\'s the thing, charles.. it\'s not a dream if it\'s real."  - '
          "moira mactaggert  if you're done with house of x, d "
          'https://t.co/rdlqj4zypb',
  'user': { 'entities': {},
            'id_str': '2262869359',
            'twitter_user': 'faizalmukhtar'}}
----------Groups----------
{ 'Bitcoin': ['bitcoin', 'Bitcoin', 'btc', 'satoshi nakamoto'],
  'Ethereum': ['ethereum', 'Ethereum', 'eth', 'vitalik buterin'],
  'Litecoin': ['litecoin', 'Litecoin', 'ltc', 'charles lee'],
  'Monero': ['monero', 'Monero', 'xmr', 'riccardo spagni'],
  'Ripple': [ 'ripple',
              'Ripple',
              'xrp',
              'xrapid',
              'xcurrent',
              'chris larsen',
              'jed mccaleb']}
---------------------------Fetch-------2019-07-31 16:00:04.444109: Tweet filed under "misc":----------Data----------
{ 'contributors': None,
  'coordinates': None,
  'created_at': 'Wed Jul 31 14:55:52 +0000 2019',
  'entities': { 'hashtags': [],
                'symbols': [],
                'urls': [ { 'display_url': 'twitter.com/i/web/status/1…',
                            'expanded_url': 'https://twitter.com/i/web/status/1156579235131199490',
                            'indices': [117, 140],
                            'url': 'https://t.co/sCoEDyUSqb'}],
                'user_mentions': []},
  'favorite_count': 3,
  'favorited': False,
  'geo': None,
  'id': 1156579235131199490,
  'id_str': '1156579235131199490',
  'in_reply_to_screen_name': None,
  'in_reply_to_status_id': None,
  'in_reply_to_status_id_str': None,
  'in_reply_to_user_id': None,
  'in_reply_to_user_id_str': None,
  'is_quote_status': False,
  'lang': 'en',
  'metadata': {'iso_language_code': 'en', 'result_type': 'recent'},
  'place': None,
  'possibly_sensitive': False,
  'retweet_count': 0,
  'retweeted': False,
  'source': '<a href="https://about.twitter.com/products/tweetdeck" '
            'rel="nofollow">TweetDeck</a>',
  'text': "I unabashedly adored Once Upon A Time in Hollywood, but I've also "
          'spent a lot of time thinking about some of the fi… '
          'https://t.co/sCoEDyUSqb',
  'truncated': True,
  'user': { 'contributors_enabled': False,
            'created_at': 'Mon Nov 17 23:33:17 +0000 2008',
            'default_profile': False,
            'default_profile_image': False,
            'description': '@AP reporter. Nashville transplant with NW roots. '
                           "Commenters call me a 'reporterette.' Contact me at "
                           'kkruesi@ap.org',
            'entities': { 'description': {'urls': []},
                          'url': { 'urls': [ { 'display_url': 'ap.org',
                                               'expanded_url': 'http://www.ap.org',
                                               'indices': [0, 23],
                                               'url': 'https://t.co/2QmQWtmJc7'}]}},
            'favourites_count': 23204,
            'follow_request_sent': None,
            'followers_count': 6213,
            'following': None,
            'friends_count': 1049,
            'geo_enabled': True,
            'has_extended_profile': False,
            'id': 17453548,
            'id_str': '17453548',
            'is_translation_enabled': False,
            'is_translator': False,
            'lang': None,
            'listed_count': 219,
            'location': 'Nashville, TN',
            'name': 'Kimberlee Kruesi',
            'notifications': None,
            'profile_background_color': '000000',
            'profile_background_image_url': 'http://abs.twimg.com/images/themes/theme6/bg.gif',
            'profile_background_image_url_https': 'https://abs.twimg.com/images/themes/theme6/bg.gif',
            'profile_background_tile': False,
            'profile_banner_url': 'https://pbs.twimg.com/profile_banners/17453548/1563408971',
            'profile_image_url': 'http://pbs.twimg.com/profile_images/1097039957141712897/pqWgmyjW_normal.jpg',
            'profile_image_url_https': 'https://pbs.twimg.com/profile_images/1097039957141712897/pqWgmyjW_normal.jpg',
            'profile_link_color': 'FF691F',
            'profile_sidebar_border_color': '000000',
            'profile_sidebar_fill_color': '000000',
            'profile_text_color': '000000',
            'profile_use_background_image': False,
            'protected': False,
            'screen_name': 'kkruesi',
            'statuses_count': 22434,
            'time_zone': None,
            'translator_type': 'none',
            'url': 'https://t.co/2QmQWtmJc7',
            'utc_offset': None,
            'verified': True}}
----------Summary----------
{ 'entities': { 'urls': { 'display_url': 'twitter.com/i/web/status/1…',
                          'expanded_url': 'https://twitter.com/i/web/status/1156579235131199490'}},
  'id_str': '1156579235131199490',
  'text': "i unabashedly adored once upon a time in hollywood, but i've also "
          'spent a lot of time thinking about some of the fi '
          'https://t.co/scoedyusqb',
  'user': {'entities': {}, 'id_str': '17453548', 'twitter_user': 'kkruesi'}}
----------Groups----------
{ 'Bitcoin': ['bitcoin', 'Bitcoin', 'btc', 'satoshi nakamoto'],
  'Ethereum': ['ethereum', 'Ethereum', 'eth', 'vitalik buterin'],
  'Litecoin': ['litecoin', 'Litecoin', 'ltc', 'charles lee'],
  'Monero': ['monero', 'Monero', 'xmr', 'riccardo spagni'],
  'Ripple': [ 'ripple',
              'Ripple',
              'xrp',
              'xrapid',
              'xcurrent',
              'chris larsen',
              'jed mccaleb']}
---------------------------Fetch-------2019-07-31 16:00:04.750832: Tweet filed under "misc":----------Data----------
{ 'contributors': None,
  'coordinates': None,
  'created_at': 'Wed Jul 31 14:15:03 +0000 2019',
  'entities': { 'hashtags': [{'indices': [55, 70], 'text': 'ProtectTheFort'}],
                'symbols': [],
                'urls': [ { 'display_url': 'twitter.com/i/web/status/1…',
                            'expanded_url': 'https://twitter.com/i/web/status/1156568963771486209',
                            'indices': [117, 140],
                            'url': 'https://t.co/lxAsdPZIMO'}],
                'user_mentions': []},
  'favorite_count': 0,
  'favorited': False,
  'geo': None,
  'id': 1156568963771486209,
  'id_str': '1156568963771486209',
  'in_reply_to_screen_name': None,
  'in_reply_to_status_id': None,
  'in_reply_to_status_id_str': None,
  'in_reply_to_user_id': None,
  'in_reply_to_user_id_str': None,
  'is_quote_status': False,
  'lang': 'en',
  'metadata': {'iso_language_code': 'en', 'result_type': 'recent'},
  'place': None,
  'possibly_sensitive': False,
  'retweet_count': 0,
  'retweeted': False,
  'source': '<a href="http://twitter.com/download/iphone" '
            'rel="nofollow">Twitter for iPhone</a>',
  'text': 'I cannot wait to watch the Bridgemen play this fall!! '
          '🏈#ProtectTheFort State of the program: Fort Lee football star… '
          'https://t.co/lxAsdPZIMO',
  'truncated': True,
  'user': { 'contributors_enabled': False,
            'created_at': 'Thu Apr 23 23:29:07 +0000 2009',
            'default_profile': True,
            'default_profile_image': False,
            'description': 'Teacher & Coach',
            'entities': { 'description': {'urls': []},
                          'url': { 'urls': [ { 'display_url': 'bcwca.us',
                                               'expanded_url': 'http://bcwca.us',
                                               'indices': [0, 23],
                                               'url': 'https://t.co/y8nShB6297'}]}},
            'favourites_count': 2880,
            'follow_request_sent': None,
            'followers_count': 281,
            'following': None,
            'friends_count': 352,
            'geo_enabled': True,
            'has_extended_profile': False,
            'id': 34769960,
            'id_str': '34769960',
            'is_translation_enabled': False,
            'is_translator': False,
            'lang': None,
            'listed_count': 10,
            'location': '',
            'name': 'Nicole Pacciani',
            'notifications': None,
            'profile_background_color': 'C0DEED',
            'profile_background_image_url': 'http://abs.twimg.com/images/themes/theme1/bg.png',
            'profile_background_image_url_https': 'https://abs.twimg.com/images/themes/theme1/bg.png',
            'profile_background_tile': False,
            'profile_banner_url': 'https://pbs.twimg.com/profile_banners/34769960/1362736623',
            'profile_image_url': 'http://pbs.twimg.com/profile_images/1122416275702067201/fg6eXyji_normal.jpg',
            'profile_image_url_https': 'https://pbs.twimg.com/profile_images/1122416275702067201/fg6eXyji_normal.jpg',
            'profile_link_color': '1DA1F2',
            'profile_sidebar_border_color': 'C0DEED',
            'profile_sidebar_fill_color': 'DDEEF6',
            'profile_text_color': '333333',
            'profile_use_background_image': True,
            'protected': False,
            'screen_name': 'NicolePacc020',
            'statuses_count': 1393,
            'time_zone': None,
            'translator_type': 'none',
            'url': 'https://t.co/y8nShB6297',
            'utc_offset': None,
            'verified': False}}
----------Summary----------
{ 'entities': { 'urls': { 'display_url': 'twitter.com/i/web/status/1…',
                          'expanded_url': 'https://twitter.com/i/web/status/1156568963771486209'}},
  'id_str': '1156568963771486209',
  'text': 'i cannot wait to watch the bridgemen play this fall!! '
          '#protectthefort state of the program: fort lee football star '
          'https://t.co/lxasdpzimo',
  'user': { 'entities': {},
            'id_str': '34769960',
            'twitter_user': 'NicolePacc020'}}
----------Groups----------
{ 'Bitcoin': ['bitcoin', 'Bitcoin', 'btc', 'satoshi nakamoto'],
  'Ethereum': ['ethereum', 'Ethereum', 'eth', 'vitalik buterin'],
  'Litecoin': ['litecoin', 'Litecoin', 'ltc', 'charles lee'],
  'Monero': ['monero', 'Monero', 'xmr', 'riccardo spagni'],
  'Ripple': [ 'ripple',
              'Ripple',
              'xrp',
              'xrapid',
              'xcurrent',
              'chris larsen',
              'jed mccaleb']}
---------------------------Fetch-------2019-07-31 16:00:05.060556: Tweet filed under "misc":----------Data----------
{ 'contributors': None,
  'coordinates': None,
  'created_at': 'Wed Jul 31 13:38:07 +0000 2019',
  'entities': { 'hashtags': [],
                'symbols': [],
                'urls': [],
                'user_mentions': [ { 'id': 136062715,
                                     'id_str': '136062715',
                                     'indices': [3, 16],
                                     'name': 'Zach Miller',
                                     'screen_name': 'ByZachMiller'}]},
  'favorite_count': 0,
  'favorited': False,
  'geo': None,
  'id': 1156559670401806337,
  'id_str': '1156559670401806337',
  'in_reply_to_screen_name': None,
  'in_reply_to_status_id': None,
  'in_reply_to_status_id_str': None,
  'in_reply_to_user_id': None,
  'in_reply_to_user_id_str': None,
  'is_quote_status': False,
  'lang': 'en',
  'metadata': {'iso_language_code': 'en', 'result_type': 'recent'},
  'place': None,
  'retweet_count': 7,
  'retweeted': False,
  'retweeted_status': { 'contributors': None,
                        'coordinates': None,
                        'created_at': 'Wed Jul 31 12:11:20 +0000 2019',
                        'entities': { 'hashtags': [],
                                      'symbols': [],
                                      'urls': [ { 'display_url': 'twitter.com/i/web/status/1…',
                                                  'expanded_url': 'https://twitter.com/i/web/status/1156537828412669954',
                                                  'indices': [117, 140],
                                                  'url': 'https://t.co/A6ATqJMJEV'}],
                                      'user_mentions': []},
                        'favorite_count': 5,
                        'favorited': False,
                        'geo': None,
                        'id': 1156537828412669954,
                        'id_str': '1156537828412669954',
                        'in_reply_to_screen_name': None,
                        'in_reply_to_status_id': None,
                        'in_reply_to_status_id_str': None,
                        'in_reply_to_user_id': None,
                        'in_reply_to_user_id_str': None,
                        'is_quote_status': False,
                        'lang': 'en',
                        'metadata': { 'iso_language_code': 'en',
                                      'result_type': 'recent'},
                        'place': None,
                        'possibly_sensitive': False,
                        'retweet_count': 7,
                        'retweeted': False,
                        'source': '<a '
                                  'href="http://twitter.com/download/iphone" '
                                  'rel="nofollow">Twitter for iPhone</a>',
                        'text': 'Day 18 of State of the Program features three '
                                'teams looking to bounce back strong after '
                                'disappointing 2018 seasons.… '
                                'https://t.co/A6ATqJMJEV',
                        'truncated': True,
                        'user': { 'contributors_enabled': False,
                                  'created_at': 'Thu Apr 22 23:10:11 +0000 '
                                                '2010',
                                  'default_profile': False,
                                  'default_profile_image': False,
                                  'description': 'Deputy Sports Director — The '
                                                 'Record, @NorthJersey & '
                                                 '@VarsityAces. Part of the '
                                                 'USA TODAY NETWORK. '
                                                 '#NewJersey native, '
                                                 '#MizzouMade.',
                                  'entities': { 'description': {'urls': []},
                                                'url': { 'urls': [ { 'display_url': 'NorthJersey.com',
                                                                     'expanded_url': 'http://NorthJersey.com',
                                                                     'indices': [ 0,
                                                                                  23],
                                                                     'url': 'https://t.co/4QSEPbCXpZ'}]}},
                                  'favourites_count': 6688,
                                  'follow_request_sent': None,
                                  'followers_count': 3317,
                                  'following': None,
                                  'friends_count': 535,
                                  'geo_enabled': True,
                                  'has_extended_profile': False,
                                  'id': 136062715,
                                  'id_str': '136062715',
                                  'is_translation_enabled': False,
                                  'is_translator': False,
                                  'lang': None,
                                  'listed_count': 42,
                                  'location': 'North Jersey',
                                  'name': 'Zach Miller',
                                  'notifications': None,
                                  'profile_background_color': '000000',
                                  'profile_background_image_url': 'http://abs.twimg.com/images/themes/theme15/bg.png',
                                  'profile_background_image_url_https': 'https://abs.twimg.com/images/themes/theme15/bg.png',
                                  'profile_background_tile': False,
                                  'profile_banner_url': 'https://pbs.twimg.com/profile_banners/136062715/1512526232',
                                  'profile_image_url': 'http://pbs.twimg.com/profile_images/769242142791331840/sTF34X-G_normal.jpg',
                                  'profile_image_url_https': 'https://pbs.twimg.com/profile_images/769242142791331840/sTF34X-G_normal.jpg',
                                  'profile_link_color': '4169E1',
                                  'profile_sidebar_border_color': '000000',
                                  'profile_sidebar_fill_color': 'C0DFEC',
                                  'profile_text_color': '333333',
                                  'profile_use_background_image': False,
                                  'protected': False,
                                  'screen_name': 'ByZachMiller',
                                  'statuses_count': 14843,
                                  'time_zone': None,
                                  'translator_type': 'none',
                                  'url': 'https://t.co/4QSEPbCXpZ',
                                  'utc_offset': None,
                                  'verified': True}},
  'source': '<a href="http://twitter.com/download/iphone" '
            'rel="nofollow">Twitter for iPhone</a>',
  'text': 'RT @ByZachMiller: Day 18 of State of the Program features three '
          'teams looking to bounce back strong after disappointing 2018 '
          'seasons.\n'
          ' \n'
          'DeP…',
  'truncated': False,
  'user': { 'contributors_enabled': False,
            'created_at': 'Tue Mar 28 20:18:49 +0000 2017',
            'default_profile': False,
            'default_profile_image': False,
            'description': 'Sportswriter for The Record, '
                           'https://t.co/4QSEPbCXpZ & @VarsityAces... From NJ '
                           'since 1979. "Tags" since joining biz in 2001 '
                           "(thanks KB). #13 since it's awesome.",
            'entities': { 'description': { 'urls': [ { 'display_url': 'NorthJersey.com',
                                                       'expanded_url': 'http://NorthJersey.com',
                                                       'indices': [29, 52],
                                                       'url': 'https://t.co/4QSEPbCXpZ'}]},
                          'url': { 'urls': [ { 'display_url': 'northjersey.com/staff/10055960…',
                                               'expanded_url': 'http://www.northjersey.com/staff/10055960/greg-tartaglia/',
                                               'indices': [0, 23],
                                               'url': 'https://t.co/fM47aB3rRs'}]}},
            'favourites_count': 342,
            'follow_request_sent': None,
            'followers_count': 1958,
            'following': None,
            'friends_count': 73,
            'geo_enabled': False,
            'has_extended_profile': False,
            'id': 846818880647520257,
            'id_str': '846818880647520257',
            'is_translation_enabled': False,
            'is_translator': False,
            'lang': None,
            'listed_count': 16,
            'location': 'Reporting in/around North Jersey. Spring mode = '
                        'baseball/lots of it',
            'name': 'Greg Tartaglia',
            'notifications': None,
            'profile_background_color': '000000',
            'profile_background_image_url': 'http://abs.twimg.com/images/themes/theme1/bg.png',
            'profile_background_image_url_https': 'https://abs.twimg.com/images/themes/theme1/bg.png',
            'profile_background_tile': False,
            'profile_banner_url': 'https://pbs.twimg.com/profile_banners/846818880647520257/1557445317',
            'profile_image_url': 'http://pbs.twimg.com/profile_images/969416732304650241/pTBhkeA9_normal.jpg',
            'profile_image_url_https': 'https://pbs.twimg.com/profile_images/969416732304650241/pTBhkeA9_normal.jpg',
            'profile_link_color': '19CF86',
            'profile_sidebar_border_color': '000000',
            'profile_sidebar_fill_color': '000000',
            'profile_text_color': '000000',
            'profile_use_background_image': False,
            'protected': False,
            'screen_name': 'NJTags13',
            'statuses_count': 5536,
            'time_zone': None,
            'translator_type': 'none',
            'url': 'https://t.co/fM47aB3rRs',
            'utc_offset': None,
            'verified': True}}
----------Summary----------
{ 'entities': {},
  'id_str': '1156559670401806337',
  'retweeted_status': { 'entities': { 'urls': { 'display_url': 'twitter.com/i/web/status/1…',
                                                'expanded_url': 'https://twitter.com/i/web/status/1156537828412669954'}},
                        'id_str': '1156537828412669954',
                        'text': 'day 18 of state of the program features three '
                                'teams looking to bounce back strong after '
                                'disappointing 2018 seasons. '
                                'https://t.co/a6atqjmjev',
                        'user': { 'entities': {},
                                  'id_str': '136062715',
                                  'twitter_user': 'ByZachMiller'}},
  'text': 'rt @byzachmiller: day 18 of state of the program features three '
          'teams looking to bounce back strong after disappointing 2018 '
          'seasons.   dep',
  'user': { 'entities': {},
            'id_str': '846818880647520257',
            'twitter_user': 'NJTags13'}}
----------Groups----------
{ 'Bitcoin': ['bitcoin', 'Bitcoin', 'btc', 'satoshi nakamoto'],
  'Ethereum': ['ethereum', 'Ethereum', 'eth', 'vitalik buterin'],
  'Litecoin': ['litecoin', 'Litecoin', 'ltc', 'charles lee'],
  'Monero': ['monero', 'Monero', 'xmr', 'riccardo spagni'],
  'Ripple': [ 'ripple',
              'Ripple',
              'xrp',
              'xrapid',
              'xcurrent',
              'chris larsen',
              'jed mccaleb']}
---------------------------Fetch-------2019-07-31 16:00:05.366860: Tweet filed under "misc":----------Data----------
{ 'contributors': None,
  'coordinates': None,
  'created_at': 'Wed Jul 31 13:29:04 +0000 2019',
  'entities': { 'hashtags': [],
                'symbols': [],
                'urls': [],
                'user_mentions': [ { 'id': 136062715,
                                     'id_str': '136062715',
                                     'indices': [3, 16],
                                     'name': 'Zach Miller',
                                     'screen_name': 'ByZachMiller'}]},
  'favorite_count': 0,
  'favorited': False,
  'geo': None,
  'id': 1156557393033084928,
  'id_str': '1156557393033084928',
  'in_reply_to_screen_name': None,
  'in_reply_to_status_id': None,
  'in_reply_to_status_id_str': None,
  'in_reply_to_user_id': None,
  'in_reply_to_user_id_str': None,
  'is_quote_status': False,
  'lang': 'en',
  'metadata': {'iso_language_code': 'en', 'result_type': 'recent'},
  'place': None,
  'retweet_count': 7,
  'retweeted': False,
  'retweeted_status': { 'contributors': None,
                        'coordinates': None,
                        'created_at': 'Wed Jul 31 12:11:20 +0000 2019',
                        'entities': { 'hashtags': [],
                                      'symbols': [],
                                      'urls': [ { 'display_url': 'twitter.com/i/web/status/1…',
                                                  'expanded_url': 'https://twitter.com/i/web/status/1156537828412669954',
                                                  'indices': [117, 140],
                                                  'url': 'https://t.co/A6ATqJMJEV'}],
                                      'user_mentions': []},
                        'favorite_count': 5,
                        'favorited': False,
                        'geo': None,
                        'id': 1156537828412669954,
                        'id_str': '1156537828412669954',
                        'in_reply_to_screen_name': None,
                        'in_reply_to_status_id': None,
                        'in_reply_to_status_id_str': None,
                        'in_reply_to_user_id': None,
                        'in_reply_to_user_id_str': None,
                        'is_quote_status': False,
                        'lang': 'en',
                        'metadata': { 'iso_language_code': 'en',
                                      'result_type': 'recent'},
                        'place': None,
                        'possibly_sensitive': False,
                        'retweet_count': 7,
                        'retweeted': False,
                        'source': '<a '
                                  'href="http://twitter.com/download/iphone" '
                                  'rel="nofollow">Twitter for iPhone</a>',
                        'text': 'Day 18 of State of the Program features three '
                                'teams looking to bounce back strong after '
                                'disappointing 2018 seasons.… '
                                'https://t.co/A6ATqJMJEV',
                        'truncated': True,
                        'user': { 'contributors_enabled': False,
                                  'created_at': 'Thu Apr 22 23:10:11 +0000 '
                                                '2010',
                                  'default_profile': False,
                                  'default_profile_image': False,
                                  'description': 'Deputy Sports Director — The '
                                                 'Record, @NorthJersey & '
                                                 '@VarsityAces. Part of the '
                                                 'USA TODAY NETWORK. '
                                                 '#NewJersey native, '
                                                 '#MizzouMade.',
                                  'entities': { 'description': {'urls': []},
                                                'url': { 'urls': [ { 'display_url': 'NorthJersey.com',
                                                                     'expanded_url': 'http://NorthJersey.com',
                                                                     'indices': [ 0,
                                                                                  23],
                                                                     'url': 'https://t.co/4QSEPbCXpZ'}]}},
                                  'favourites_count': 6688,
                                  'follow_request_sent': None,
                                  'followers_count': 3317,
                                  'following': None,
                                  'friends_count': 535,
                                  'geo_enabled': True,
                                  'has_extended_profile': False,
                                  'id': 136062715,
                                  'id_str': '136062715',
                                  'is_translation_enabled': False,
                                  'is_translator': False,
                                  'lang': None,
                                  'listed_count': 42,
                                  'location': 'North Jersey',
                                  'name': 'Zach Miller',
                                  'notifications': None,
                                  'profile_background_color': '000000',
                                  'profile_background_image_url': 'http://abs.twimg.com/images/themes/theme15/bg.png',
                                  'profile_background_image_url_https': 'https://abs.twimg.com/images/themes/theme15/bg.png',
                                  'profile_background_tile': False,
                                  'profile_banner_url': 'https://pbs.twimg.com/profile_banners/136062715/1512526232',
                                  'profile_image_url': 'http://pbs.twimg.com/profile_images/769242142791331840/sTF34X-G_normal.jpg',
                                  'profile_image_url_https': 'https://pbs.twimg.com/profile_images/769242142791331840/sTF34X-G_normal.jpg',
                                  'profile_link_color': '4169E1',
                                  'profile_sidebar_border_color': '000000',
                                  'profile_sidebar_fill_color': 'C0DFEC',
                                  'profile_text_color': '333333',
                                  'profile_use_background_image': False,
                                  'protected': False,
                                  'screen_name': 'ByZachMiller',
                                  'statuses_count': 14843,
                                  'time_zone': None,
                                  'translator_type': 'none',
                                  'url': 'https://t.co/4QSEPbCXpZ',
                                  'utc_offset': None,
                                  'verified': True}},
  'source': '<a href="http://twitter.com/download/iphone" '
            'rel="nofollow">Twitter for iPhone</a>',
  'text': 'RT @ByZachMiller: Day 18 of State of the Program features three '
          'teams looking to bounce back strong after disappointing 2018 '
          'seasons.\n'
          ' \n'
          'DeP…',
  'truncated': False,
  'user': { 'contributors_enabled': False,
            'created_at': 'Mon Sep 12 14:22:10 +0000 2016',
            'default_profile': False,
            'default_profile_image': False,
            'description': 'The official Twitter of the Fort Lee Athletic '
                           'Department. #ProtectTheFort.',
            'entities': { 'description': {'urls': []},
                          'url': { 'urls': [ { 'display_url': 'flboe.com/administration…',
                                               'expanded_url': 'http://flboe.com/administration/athletics_department',
                                               'indices': [0, 23],
                                               'url': 'https://t.co/ldILZvQe2G'}]}},
            'favourites_count': 3070,
            'follow_request_sent': None,
            'followers_count': 503,
            'following': None,
            'friends_count': 213,
            'geo_enabled': True,
            'has_extended_profile': False,
            'id': 775338717938651137,
            'id_str': '775338717938651137',
            'is_translation_enabled': False,
            'is_translator': False,
            'lang': None,
            'listed_count': 5,
            'location': 'The Fort',
            'name': 'Fort Lee Athletics',
            'notifications': None,
            'profile_background_color': '000000',
            'profile_background_image_url': 'http://abs.twimg.com/images/themes/theme1/bg.png',
            'profile_background_image_url_https': 'https://abs.twimg.com/images/themes/theme1/bg.png',
            'profile_background_tile': False,
            'profile_banner_url': 'https://pbs.twimg.com/profile_banners/775338717938651137/1529179762',
            'profile_image_url': 'http://pbs.twimg.com/profile_images/1031675372302163970/2UaZdXSo_normal.jpg',
            'profile_image_url_https': 'https://pbs.twimg.com/profile_images/1031675372302163970/2UaZdXSo_normal.jpg',
            'profile_link_color': 'FF691F',
            'profile_sidebar_border_color': '000000',
            'profile_sidebar_fill_color': '000000',
            'profile_text_color': '000000',
            'profile_use_background_image': False,
            'protected': False,
            'screen_name': 'FortLeeAD',
            'statuses_count': 3314,
            'time_zone': None,
            'translator_type': 'none',
            'url': 'https://t.co/ldILZvQe2G',
            'utc_offset': None,
            'verified': False}}
----------Summary----------
{ 'entities': {},
  'id_str': '1156557393033084928',
  'retweeted_status': { 'entities': { 'urls': { 'display_url': 'twitter.com/i/web/status/1…',
                                                'expanded_url': 'https://twitter.com/i/web/status/1156537828412669954'}},
                        'id_str': '1156537828412669954',
                        'text': 'day 18 of state of the program features three '
                                'teams looking to bounce back strong after '
                                'disappointing 2018 seasons. '
                                'https://t.co/a6atqjmjev',
                        'user': { 'entities': {},
                                  'id_str': '136062715',
                                  'twitter_user': 'ByZachMiller'}},
  'text': 'rt @byzachmiller: day 18 of state of the program features three '
          'teams looking to bounce back strong after disappointing 2018 '
          'seasons.   dep',
  'user': { 'entities': {},
            'id_str': '775338717938651137',
            'twitter_user': 'FortLeeAD'}}
----------Groups----------
{ 'Bitcoin': ['bitcoin', 'Bitcoin', 'btc', 'satoshi nakamoto'],
  'Ethereum': ['ethereum', 'Ethereum', 'eth', 'vitalik buterin'],
  'Litecoin': ['litecoin', 'Litecoin', 'ltc', 'charles lee'],
  'Monero': ['monero', 'Monero', 'xmr', 'riccardo spagni'],
  'Ripple': [ 'ripple',
              'Ripple',
              'xrp',
              'xrapid',
              'xcurrent',
              'chris larsen',
              'jed mccaleb']}
---------------------------Fetch-------2019-07-31 16:00:05.675571: Tweet filed under "misc":----------Data----------
{ 'contributors': None,
  'coordinates': None,
  'created_at': 'Wed Jul 31 12:44:33 +0000 2019',
  'entities': { 'hashtags': [],
                'symbols': [],
                'urls': [],
                'user_mentions': [ { 'id': 136062715,
                                     'id_str': '136062715',
                                     'indices': [3, 16],
                                     'name': 'Zach Miller',
                                     'screen_name': 'ByZachMiller'}]},
  'favorite_count': 0,
  'favorited': False,
  'geo': None,
  'id': 1156546187635437569,
  'id_str': '1156546187635437569',
  'in_reply_to_screen_name': None,
  'in_reply_to_status_id': None,
  'in_reply_to_status_id_str': None,
  'in_reply_to_user_id': None,
  'in_reply_to_user_id_str': None,
  'is_quote_status': False,
  'lang': 'en',
  'metadata': {'iso_language_code': 'en', 'result_type': 'recent'},
  'place': None,
  'retweet_count': 7,
  'retweeted': False,
  'retweeted_status': { 'contributors': None,
                        'coordinates': None,
                        'created_at': 'Wed Jul 31 12:11:20 +0000 2019',
                        'entities': { 'hashtags': [],
                                      'symbols': [],
                                      'urls': [ { 'display_url': 'twitter.com/i/web/status/1…',
                                                  'expanded_url': 'https://twitter.com/i/web/status/1156537828412669954',
                                                  'indices': [117, 140],
                                                  'url': 'https://t.co/A6ATqJMJEV'}],
                                      'user_mentions': []},
                        'favorite_count': 5,
                        'favorited': False,
                        'geo': None,
                        'id': 1156537828412669954,
                        'id_str': '1156537828412669954',
                        'in_reply_to_screen_name': None,
                        'in_reply_to_status_id': None,
                        'in_reply_to_status_id_str': None,
                        'in_reply_to_user_id': None,
                        'in_reply_to_user_id_str': None,
                        'is_quote_status': False,
                        'lang': 'en',
                        'metadata': { 'iso_language_code': 'en',
                                      'result_type': 'recent'},
                        'place': None,
                        'possibly_sensitive': False,
                        'retweet_count': 7,
                        'retweeted': False,
                        'source': '<a '
                                  'href="http://twitter.com/download/iphone" '
                                  'rel="nofollow">Twitter for iPhone</a>',
                        'text': 'Day 18 of State of the Program features three '
                                'teams looking to bounce back strong after '
                                'disappointing 2018 seasons.… '
                                'https://t.co/A6ATqJMJEV',
                        'truncated': True,
                        'user': { 'contributors_enabled': False,
                                  'created_at': 'Thu Apr 22 23:10:11 +0000 '
                                                '2010',
                                  'default_profile': False,
                                  'default_profile_image': False,
                                  'description': 'Deputy Sports Director — The '
                                                 'Record, @NorthJersey & '
                                                 '@VarsityAces. Part of the '
                                                 'USA TODAY NETWORK. '
                                                 '#NewJersey native, '
                                                 '#MizzouMade.',
                                  'entities': { 'description': {'urls': []},
                                                'url': { 'urls': [ { 'display_url': 'NorthJersey.com',
                                                                     'expanded_url': 'http://NorthJersey.com',
                                                                     'indices': [ 0,
                                                                                  23],
                                                                     'url': 'https://t.co/4QSEPbCXpZ'}]}},
                                  'favourites_count': 6688,
                                  'follow_request_sent': None,
                                  'followers_count': 3317,
                                  'following': None,
                                  'friends_count': 535,
                                  'geo_enabled': True,
                                  'has_extended_profile': False,
                                  'id': 136062715,
                                  'id_str': '136062715',
                                  'is_translation_enabled': False,
                                  'is_translator': False,
                                  'lang': None,
                                  'listed_count': 42,
                                  'location': 'North Jersey',
                                  'name': 'Zach Miller',
                                  'notifications': None,
                                  'profile_background_color': '000000',
                                  'profile_background_image_url': 'http://abs.twimg.com/images/themes/theme15/bg.png',
                                  'profile_background_image_url_https': 'https://abs.twimg.com/images/themes/theme15/bg.png',
                                  'profile_background_tile': False,
                                  'profile_banner_url': 'https://pbs.twimg.com/profile_banners/136062715/1512526232',
                                  'profile_image_url': 'http://pbs.twimg.com/profile_images/769242142791331840/sTF34X-G_normal.jpg',
                                  'profile_image_url_https': 'https://pbs.twimg.com/profile_images/769242142791331840/sTF34X-G_normal.jpg',
                                  'profile_link_color': '4169E1',
                                  'profile_sidebar_border_color': '000000',
                                  'profile_sidebar_fill_color': 'C0DFEC',
                                  'profile_text_color': '333333',
                                  'profile_use_background_image': False,
                                  'protected': False,
                                  'screen_name': 'ByZachMiller',
                                  'statuses_count': 14843,
                                  'time_zone': None,
                                  'translator_type': 'none',
                                  'url': 'https://t.co/4QSEPbCXpZ',
                                  'utc_offset': None,
                                  'verified': True}},
  'source': '<a href="http://twitter.com/download/iphone" '
            'rel="nofollow">Twitter for iPhone</a>',
  'text': 'RT @ByZachMiller: Day 18 of State of the Program features three '
          'teams looking to bounce back strong after disappointing 2018 '
          'seasons.\n'
          ' \n'
          'DeP…',
  'truncated': False,
  'user': { 'contributors_enabled': False,
            'created_at': 'Fri Jan 27 19:29:31 +0000 2012',
            'default_profile': True,
            'default_profile_image': False,
            'description': 'Welcome to the Official Twitter page of St. Mary '
                           'High School Football and Head Coach Mike Coyne. '
                           '#ALLIN #THEBROTHERHOOD',
            'entities': { 'description': {'urls': []},
                          'url': { 'urls': [ { 'display_url': 'stmaryhs.org',
                                               'expanded_url': 'http://www.stmaryhs.org',
                                               'indices': [0, 23],
                                               'url': 'https://t.co/SD0wLzFSRr'}]}},
            'favourites_count': 1344,
            'follow_request_sent': None,
            'followers_count': 867,
            'following': None,
            'friends_count': 1649,
            'geo_enabled': False,
            'has_extended_profile': False,
            'id': 476098237,
            'id_str': '476098237',
            'is_translation_enabled': False,
            'is_translator': False,
            'lang': None,
            'listed_count': 8,
            'location': 'Rutherford, New Jersey',
            'name': 'St. Mary HS Football',
            'notifications': None,
            'profile_background_color': 'C0DEED',
            'profile_background_image_url': 'http://abs.twimg.com/images/themes/theme1/bg.png',
            'profile_background_image_url_https': 'https://abs.twimg.com/images/themes/theme1/bg.png',
            'profile_background_tile': False,
            'profile_banner_url': 'https://pbs.twimg.com/profile_banners/476098237/1554386215',
            'profile_image_url': 'http://pbs.twimg.com/profile_images/1121444326515650561/vVYNcLEZ_normal.jpg',
            'profile_image_url_https': 'https://pbs.twimg.com/profile_images/1121444326515650561/vVYNcLEZ_normal.jpg',
            'profile_link_color': '1DA1F2',
            'profile_sidebar_border_color': 'C0DEED',
            'profile_sidebar_fill_color': 'DDEEF6',
            'profile_text_color': '333333',
            'profile_use_background_image': True,
            'protected': False,
            'screen_name': 'StMaryFootball1',
            'statuses_count': 2897,
            'time_zone': None,
            'translator_type': 'none',
            'url': 'https://t.co/SD0wLzFSRr',
            'utc_offset': None,
            'verified': False}}
----------Summary----------
{ 'entities': {},
  'id_str': '1156546187635437569',
  'retweeted_status': { 'entities': { 'urls': { 'display_url': 'twitter.com/i/web/status/1…',
                                                'expanded_url': 'https://twitter.com/i/web/status/1156537828412669954'}},
                        'id_str': '1156537828412669954',
                        'text': 'day 18 of state of the program features three '
                                'teams looking to bounce back strong after '
                                'disappointing 2018 seasons. '
                                'https://t.co/a6atqjmjev',
                        'user': { 'entities': {},
                                  'id_str': '136062715',
                                  'twitter_user': 'ByZachMiller'}},
  'text': 'rt @byzachmiller: day 18 of state of the program features three '
          'teams looking to bounce back strong after disappointing 2018 '
          'seasons.   dep',
  'user': { 'entities': {},
            'id_str': '476098237',
            'twitter_user': 'StMaryFootball1'}}
----------Groups----------
{ 'Bitcoin': ['bitcoin', 'Bitcoin', 'btc', 'satoshi nakamoto'],
  'Ethereum': ['ethereum', 'Ethereum', 'eth', 'vitalik buterin'],
  'Litecoin': ['litecoin', 'Litecoin', 'ltc', 'charles lee'],
  'Monero': ['monero', 'Monero', 'xmr', 'riccardo spagni'],
  'Ripple': [ 'ripple',
              'Ripple',
              'xrp',
              'xrapid',
              'xcurrent',
              'chris larsen',
              'jed mccaleb']}
---------------------------Fetch-------2019-07-31 16:00:05.979669: Tweet filed under "misc":----------Data----------
{ 'contributors': None,
  'coordinates': None,
  'created_at': 'Wed Jul 31 12:11:56 +0000 2019',
  'entities': { 'hashtags': [],
                'symbols': [],
                'urls': [],
                'user_mentions': [ { 'id': 136062715,
                                     'id_str': '136062715',
                                     'indices': [3, 16],
                                     'name': 'Zach Miller',
                                     'screen_name': 'ByZachMiller'}]},
  'favorite_count': 0,
  'favorited': False,
  'geo': None,
  'id': 1156537979256619013,
  'id_str': '1156537979256619013',
  'in_reply_to_screen_name': None,
  'in_reply_to_status_id': None,
  'in_reply_to_status_id_str': None,
  'in_reply_to_user_id': None,
  'in_reply_to_user_id_str': None,
  'is_quote_status': False,
  'lang': 'en',
  'metadata': {'iso_language_code': 'en', 'result_type': 'recent'},
  'place': None,
  'retweet_count': 7,
  'retweeted': False,
  'retweeted_status': { 'contributors': None,
                        'coordinates': None,
                        'created_at': 'Wed Jul 31 12:11:20 +0000 2019',
                        'entities': { 'hashtags': [],
                                      'symbols': [],
                                      'urls': [ { 'display_url': 'twitter.com/i/web/status/1…',
                                                  'expanded_url': 'https://twitter.com/i/web/status/1156537828412669954',
                                                  'indices': [117, 140],
                                                  'url': 'https://t.co/A6ATqJMJEV'}],
                                      'user_mentions': []},
                        'favorite_count': 5,
                        'favorited': False,
                        'geo': None,
                        'id': 1156537828412669954,
                        'id_str': '1156537828412669954',
                        'in_reply_to_screen_name': None,
                        'in_reply_to_status_id': None,
                        'in_reply_to_status_id_str': None,
                        'in_reply_to_user_id': None,
                        'in_reply_to_user_id_str': None,
                        'is_quote_status': False,
                        'lang': 'en',
                        'metadata': { 'iso_language_code': 'en',
                                      'result_type': 'recent'},
                        'place': None,
                        'possibly_sensitive': False,
                        'retweet_count': 7,
                        'retweeted': False,
                        'source': '<a '
                                  'href="http://twitter.com/download/iphone" '
                                  'rel="nofollow">Twitter for iPhone</a>',
                        'text': 'Day 18 of State of the Program features three '
                                'teams looking to bounce back strong after '
                                'disappointing 2018 seasons.… '
                                'https://t.co/A6ATqJMJEV',
                        'truncated': True,
                        'user': { 'contributors_enabled': False,
                                  'created_at': 'Thu Apr 22 23:10:11 +0000 '
                                                '2010',
                                  'default_profile': False,
                                  'default_profile_image': False,
                                  'description': 'Deputy Sports Director — The '
                                                 'Record, @NorthJersey & '
                                                 '@VarsityAces. Part of the '
                                                 'USA TODAY NETWORK. '
                                                 '#NewJersey native, '
                                                 '#MizzouMade.',
                                  'entities': { 'description': {'urls': []},
                                                'url': { 'urls': [ { 'display_url': 'NorthJersey.com',
                                                                     'expanded_url': 'http://NorthJersey.com',
                                                                     'indices': [ 0,
                                                                                  23],
                                                                     'url': 'https://t.co/4QSEPbCXpZ'}]}},
                                  'favourites_count': 6688,
                                  'follow_request_sent': None,
                                  'followers_count': 3317,
                                  'following': None,
                                  'friends_count': 535,
                                  'geo_enabled': True,
                                  'has_extended_profile': False,
                                  'id': 136062715,
                                  'id_str': '136062715',
                                  'is_translation_enabled': False,
                                  'is_translator': False,
                                  'lang': None,
                                  'listed_count': 42,
                                  'location': 'North Jersey',
                                  'name': 'Zach Miller',
                                  'notifications': None,
                                  'profile_background_color': '000000',
                                  'profile_background_image_url': 'http://abs.twimg.com/images/themes/theme15/bg.png',
                                  'profile_background_image_url_https': 'https://abs.twimg.com/images/themes/theme15/bg.png',
                                  'profile_background_tile': False,
                                  'profile_banner_url': 'https://pbs.twimg.com/profile_banners/136062715/1512526232',
                                  'profile_image_url': 'http://pbs.twimg.com/profile_images/769242142791331840/sTF34X-G_normal.jpg',
                                  'profile_image_url_https': 'https://pbs.twimg.com/profile_images/769242142791331840/sTF34X-G_normal.jpg',
                                  'profile_link_color': '4169E1',
                                  'profile_sidebar_border_color': '000000',
                                  'profile_sidebar_fill_color': 'C0DFEC',
                                  'profile_text_color': '333333',
                                  'profile_use_background_image': False,
                                  'protected': False,
                                  'screen_name': 'ByZachMiller',
                                  'statuses_count': 14843,
                                  'time_zone': None,
                                  'translator_type': 'none',
                                  'url': 'https://t.co/4QSEPbCXpZ',
                                  'utc_offset': None,
                                  'verified': True}},
  'source': '<a href="https://about.twitter.com/products/tweetdeck" '
            'rel="nofollow">TweetDeck</a>',
  'text': 'RT @ByZachMiller: Day 18 of State of the Program features three '
          'teams looking to bounce back strong after disappointing 2018 '
          'seasons.\n'
          ' \n'
          'DeP…',
  'truncated': False,
  'user': { 'contributors_enabled': False,
            'created_at': 'Thu Sep 23 16:18:21 +0000 2010',
            'default_profile': False,
            'default_profile_image': False,
            'description': 'Breaking sports news from The Record (N.J.) and '
                           'https://t.co/4QSEPbCXpZ, and part of the @USAToday '
                           'Network.',
            'entities': { 'description': { 'urls': [ { 'display_url': 'NorthJersey.com',
                                                       'expanded_url': 'http://NorthJersey.com',
                                                       'indices': [48, 71],
                                                       'url': 'https://t.co/4QSEPbCXpZ'}]},
                          'url': { 'urls': [ { 'display_url': 'northjersey.com/sports',
                                               'expanded_url': 'http://northjersey.com/sports',
                                               'indices': [0, 23],
                                               'url': 'https://t.co/SPxrTZQqkV'}]}},
            'favourites_count': 867,
            'follow_request_sent': None,
            'followers_count': 2639,
            'following': None,
            'friends_count': 957,
            'geo_enabled': True,
            'has_extended_profile': False,
            'id': 194174622,
            'id_str': '194174622',
            'is_translation_enabled': False,
            'is_translator': False,
            'lang': None,
            'listed_count': 66,
            'location': 'Woodland Park, NJ',
            'name': 'Record Sports',
            'notifications': None,
            'profile_background_color': '022330',
            'profile_background_image_url': 'http://abs.twimg.com/images/themes/theme15/bg.png',
            'profile_background_image_url_https': 'https://abs.twimg.com/images/themes/theme15/bg.png',
            'profile_background_tile': False,
            'profile_banner_url': 'https://pbs.twimg.com/profile_banners/194174622/1507653153',
            'profile_image_url': 'http://pbs.twimg.com/profile_images/2759727865/c568324c38cf1b06e52b820474bbc0a0_normal.jpeg',
            'profile_image_url_https': 'https://pbs.twimg.com/profile_images/2759727865/c568324c38cf1b06e52b820474bbc0a0_normal.jpeg',
            'profile_link_color': '0084B4',
            'profile_sidebar_border_color': 'A8C7F7',
            'profile_sidebar_fill_color': 'C0DFEC',
            'profile_text_color': '333333',
            'profile_use_background_image': True,
            'protected': False,
            'screen_name': 'TheRecordSports',
            'statuses_count': 29332,
            'time_zone': None,
            'translator_type': 'none',
            'url': 'https://t.co/SPxrTZQqkV',
            'utc_offset': None,
            'verified': True}}
----------Summary----------
{ 'entities': {},
  'id_str': '1156537979256619013',
  'retweeted_status': { 'entities': { 'urls': { 'display_url': 'twitter.com/i/web/status/1…',
                                                'expanded_url': 'https://twitter.com/i/web/status/1156537828412669954'}},
                        'id_str': '1156537828412669954',
                        'text': 'day 18 of state of the program features three '
                                'teams looking to bounce back strong after '
                                'disappointing 2018 seasons. '
                                'https://t.co/a6atqjmjev',
                        'user': { 'entities': {},
                                  'id_str': '136062715',
                                  'twitter_user': 'ByZachMiller'}},
  'text': 'rt @byzachmiller: day 18 of state of the program features three '
          'teams looking to bounce back strong after disappointing 2018 '
          'seasons.   dep',
  'user': { 'entities': {},
            'id_str': '194174622',
            'twitter_user': 'TheRecordSports'}}
----------Groups----------
{ 'Bitcoin': ['bitcoin', 'Bitcoin', 'btc', 'satoshi nakamoto'],
  'Ethereum': ['ethereum', 'Ethereum', 'eth', 'vitalik buterin'],
  'Litecoin': ['litecoin', 'Litecoin', 'ltc', 'charles lee'],
  'Monero': ['monero', 'Monero', 'xmr', 'riccardo spagni'],
  'Ripple': [ 'ripple',
              'Ripple',
              'xrp',
              'xrapid',
              'xcurrent',
              'chris larsen',
              'jed mccaleb']}
---------------------------Fetch-------2019-07-31 16:00:06.291015: Tweet filed under "misc":----------Data----------
{ 'contributors': None,
  'coordinates': None,
  'created_at': 'Wed Jul 31 12:11:54 +0000 2019',
  'entities': { 'hashtags': [],
                'symbols': [],
                'urls': [],
                'user_mentions': [ { 'id': 136062715,
                                     'id_str': '136062715',
                                     'indices': [3, 16],
                                     'name': 'Zach Miller',
                                     'screen_name': 'ByZachMiller'}]},
  'favorite_count': 0,
  'favorited': False,
  'geo': None,
  'id': 1156537970998022144,
  'id_str': '1156537970998022144',
  'in_reply_to_screen_name': None,
  'in_reply_to_status_id': None,
  'in_reply_to_status_id_str': None,
  'in_reply_to_user_id': None,
  'in_reply_to_user_id_str': None,
  'is_quote_status': False,
  'lang': 'en',
  'metadata': {'iso_language_code': 'en', 'result_type': 'recent'},
  'place': None,
  'retweet_count': 7,
  'retweeted': False,
  'retweeted_status': { 'contributors': None,
                        'coordinates': None,
                        'created_at': 'Wed Jul 31 12:11:20 +0000 2019',
                        'entities': { 'hashtags': [],
                                      'symbols': [],
                                      'urls': [ { 'display_url': 'twitter.com/i/web/status/1…',
                                                  'expanded_url': 'https://twitter.com/i/web/status/1156537828412669954',
                                                  'indices': [117, 140],
                                                  'url': 'https://t.co/A6ATqJMJEV'}],
                                      'user_mentions': []},
                        'favorite_count': 5,
                        'favorited': False,
                        'geo': None,
                        'id': 1156537828412669954,
                        'id_str': '1156537828412669954',
                        'in_reply_to_screen_name': None,
                        'in_reply_to_status_id': None,
                        'in_reply_to_status_id_str': None,
                        'in_reply_to_user_id': None,
                        'in_reply_to_user_id_str': None,
                        'is_quote_status': False,
                        'lang': 'en',
                        'metadata': { 'iso_language_code': 'en',
                                      'result_type': 'recent'},
                        'place': None,
                        'possibly_sensitive': False,
                        'retweet_count': 7,
                        'retweeted': False,
                        'source': '<a '
                                  'href="http://twitter.com/download/iphone" '
                                  'rel="nofollow">Twitter for iPhone</a>',
                        'text': 'Day 18 of State of the Program features three '
                                'teams looking to bounce back strong after '
                                'disappointing 2018 seasons.… '
                                'https://t.co/A6ATqJMJEV',
                        'truncated': True,
                        'user': { 'contributors_enabled': False,
                                  'created_at': 'Thu Apr 22 23:10:11 +0000 '
                                                '2010',
                                  'default_profile': False,
                                  'default_profile_image': False,
                                  'description': 'Deputy Sports Director — The '
                                                 'Record, @NorthJersey & '
                                                 '@VarsityAces. Part of the '
                                                 'USA TODAY NETWORK. '
                                                 '#NewJersey native, '
                                                 '#MizzouMade.',
                                  'entities': { 'description': {'urls': []},
                                                'url': { 'urls': [ { 'display_url': 'NorthJersey.com',
                                                                     'expanded_url': 'http://NorthJersey.com',
                                                                     'indices': [ 0,
                                                                                  23],
                                                                     'url': 'https://t.co/4QSEPbCXpZ'}]}},
                                  'favourites_count': 6688,
                                  'follow_request_sent': None,
                                  'followers_count': 3317,
                                  'following': None,
                                  'friends_count': 535,
                                  'geo_enabled': True,
                                  'has_extended_profile': False,
                                  'id': 136062715,
                                  'id_str': '136062715',
                                  'is_translation_enabled': False,
                                  'is_translator': False,
                                  'lang': None,
                                  'listed_count': 42,
                                  'location': 'North Jersey',
                                  'name': 'Zach Miller',
                                  'notifications': None,
                                  'profile_background_color': '000000',
                                  'profile_background_image_url': 'http://abs.twimg.com/images/themes/theme15/bg.png',
                                  'profile_background_image_url_https': 'https://abs.twimg.com/images/themes/theme15/bg.png',
                                  'profile_background_tile': False,
                                  'profile_banner_url': 'https://pbs.twimg.com/profile_banners/136062715/1512526232',
                                  'profile_image_url': 'http://pbs.twimg.com/profile_images/769242142791331840/sTF34X-G_normal.jpg',
                                  'profile_image_url_https': 'https://pbs.twimg.com/profile_images/769242142791331840/sTF34X-G_normal.jpg',
                                  'profile_link_color': '4169E1',
                                  'profile_sidebar_border_color': '000000',
                                  'profile_sidebar_fill_color': 'C0DFEC',
                                  'profile_text_color': '333333',
                                  'profile_use_background_image': False,
                                  'protected': False,
                                  'screen_name': 'ByZachMiller',
                                  'statuses_count': 14843,
                                  'time_zone': None,
                                  'translator_type': 'none',
                                  'url': 'https://t.co/4QSEPbCXpZ',
                                  'utc_offset': None,
                                  'verified': True}},
  'source': '<a href="https://about.twitter.com/products/tweetdeck" '
            'rel="nofollow">TweetDeck</a>',
  'text': 'RT @ByZachMiller: Day 18 of State of the Program features three '
          'teams looking to bounce back strong after disappointing 2018 '
          'seasons.\n'
          ' \n'
          'DeP…',
  'truncated': False,
  'user': { 'contributors_enabled': False,
            'created_at': 'Tue Jun 02 15:11:19 +0000 2009',
            'default_profile': False,
            'default_profile_image': False,
            'description': 'The people, stories and scores of North Jersey HS '
                           'sports, brought to you by the @NorthJersey staff. '
                           'Part of the USA TODAY NETWORK.',
            'entities': { 'description': {'urls': []},
                          'url': { 'urls': [ { 'display_url': 'northjersey.com/sports/hs-spor…',
                                               'expanded_url': 'http://www.northjersey.com/sports/hs-sports',
                                               'indices': [0, 23],
                                               'url': 'https://t.co/mOyjwSHHog'}]}},
            'favourites_count': 3075,
            'follow_request_sent': None,
            'followers_count': 185902,
            'following': None,
            'friends_count': 3945,
            'geo_enabled': True,
            'has_extended_profile': False,
            'id': 44135317,
            'id_str': '44135317',
            'is_translation_enabled': False,
            'is_translator': False,
            'lang': None,
            'listed_count': 135,
            'location': 'North Jersey',
            'name': 'Varsity Aces',
            'notifications': None,
            'profile_background_color': '131516',
            'profile_background_image_url': 'http://abs.twimg.com/images/themes/theme14/bg.gif',
            'profile_background_image_url_https': 'https://abs.twimg.com/images/themes/theme14/bg.gif',
            'profile_background_tile': True,
            'profile_banner_url': 'https://pbs.twimg.com/profile_banners/44135317/1546645196',
            'profile_image_url': 'http://pbs.twimg.com/profile_images/900159606986608640/sSw4Zc0A_normal.jpg',
            'profile_image_url_https': 'https://pbs.twimg.com/profile_images/900159606986608640/sSw4Zc0A_normal.jpg',
            'profile_link_color': 'ABB8C2',
            'profile_sidebar_border_color': 'FFFFFF',
            'profile_sidebar_fill_color': 'EFEFEF',
            'profile_text_color': '333333',
            'profile_use_background_image': True,
            'protected': False,
            'screen_name': 'VarsityAces',
            'statuses_count': 136184,
            'time_zone': None,
            'translator_type': 'none',
            'url': 'https://t.co/mOyjwSHHog',
            'utc_offset': None,
            'verified': True}}
----------Summary----------
{ 'entities': {},
  'id_str': '1156537970998022144',
  'retweeted_status': { 'entities': { 'urls': { 'display_url': 'twitter.com/i/web/status/1…',
                                                'expanded_url': 'https://twitter.com/i/web/status/1156537828412669954'}},
                        'id_str': '1156537828412669954',
                        'text': 'day 18 of state of the program features three '
                                'teams looking to bounce back strong after '
                                'disappointing 2018 seasons. '
                                'https://t.co/a6atqjmjev',
                        'user': { 'entities': {},
                                  'id_str': '136062715',
                                  'twitter_user': 'ByZachMiller'}},
  'text': 'rt @byzachmiller: day 18 of state of the program features three '
          'teams looking to bounce back strong after disappointing 2018 '
          'seasons.   dep',
  'user': {'entities': {}, 'id_str': '44135317', 'twitter_user': 'VarsityAces'}}
----------Groups----------
{ 'Bitcoin': ['bitcoin', 'Bitcoin', 'btc', 'satoshi nakamoto'],
  'Ethereum': ['ethereum', 'Ethereum', 'eth', 'vitalik buterin'],
  'Litecoin': ['litecoin', 'Litecoin', 'ltc', 'charles lee'],
  'Monero': ['monero', 'Monero', 'xmr', 'riccardo spagni'],
  'Ripple': [ 'ripple',
              'Ripple',
              'xrp',
              'xrapid',
              'xcurrent',
              'chris larsen',
              'jed mccaleb']}
---------------------------Fetch-------2019-07-31 16:00:06.595693: Tweet filed under "misc":----------Data----------
{ 'contributors': None,
  'coordinates': None,
  'created_at': 'Wed Jul 31 12:11:52 +0000 2019',
  'entities': { 'hashtags': [],
                'symbols': [],
                'urls': [],
                'user_mentions': [ { 'id': 136062715,
                                     'id_str': '136062715',
                                     'indices': [3, 16],
                                     'name': 'Zach Miller',
                                     'screen_name': 'ByZachMiller'}]},
  'favorite_count': 0,
  'favorited': False,
  'geo': None,
  'id': 1156537962336854017,
  'id_str': '1156537962336854017',
  'in_reply_to_screen_name': None,
  'in_reply_to_status_id': None,
  'in_reply_to_status_id_str': None,
  'in_reply_to_user_id': None,
  'in_reply_to_user_id_str': None,
  'is_quote_status': False,
  'lang': 'en',
  'metadata': {'iso_language_code': 'en', 'result_type': 'recent'},
  'place': None,
  'retweet_count': 7,
  'retweeted': False,
  'retweeted_status': { 'contributors': None,
                        'coordinates': None,
                        'created_at': 'Wed Jul 31 12:11:20 +0000 2019',
                        'entities': { 'hashtags': [],
                                      'symbols': [],
                                      'urls': [ { 'display_url': 'twitter.com/i/web/status/1…',
                                                  'expanded_url': 'https://twitter.com/i/web/status/1156537828412669954',
                                                  'indices': [117, 140],
                                                  'url': 'https://t.co/A6ATqJMJEV'}],
                                      'user_mentions': []},
                        'favorite_count': 5,
                        'favorited': False,
                        'geo': None,
                        'id': 1156537828412669954,
                        'id_str': '1156537828412669954',
                        'in_reply_to_screen_name': None,
                        'in_reply_to_status_id': None,
                        'in_reply_to_status_id_str': None,
                        'in_reply_to_user_id': None,
                        'in_reply_to_user_id_str': None,
                        'is_quote_status': False,
                        'lang': 'en',
                        'metadata': { 'iso_language_code': 'en',
                                      'result_type': 'recent'},
                        'place': None,
                        'possibly_sensitive': False,
                        'retweet_count': 7,
                        'retweeted': False,
                        'source': '<a '
                                  'href="http://twitter.com/download/iphone" '
                                  'rel="nofollow">Twitter for iPhone</a>',
                        'text': 'Day 18 of State of the Program features three '
                                'teams looking to bounce back strong after '
                                'disappointing 2018 seasons.… '
                                'https://t.co/A6ATqJMJEV',
                        'truncated': True,
                        'user': { 'contributors_enabled': False,
                                  'created_at': 'Thu Apr 22 23:10:11 +0000 '
                                                '2010',
                                  'default_profile': False,
                                  'default_profile_image': False,
                                  'description': 'Deputy Sports Director — The '
                                                 'Record, @NorthJersey & '
                                                 '@VarsityAces. Part of the '
                                                 'USA TODAY NETWORK. '
                                                 '#NewJersey native, '
                                                 '#MizzouMade.',
                                  'entities': { 'description': {'urls': []},
                                                'url': { 'urls': [ { 'display_url': 'NorthJersey.com',
                                                                     'expanded_url': 'http://NorthJersey.com',
                                                                     'indices': [ 0,
                                                                                  23],
                                                                     'url': 'https://t.co/4QSEPbCXpZ'}]}},
                                  'favourites_count': 6688,
                                  'follow_request_sent': None,
                                  'followers_count': 3317,
                                  'following': None,
                                  'friends_count': 535,
                                  'geo_enabled': True,
                                  'has_extended_profile': False,
                                  'id': 136062715,
                                  'id_str': '136062715',
                                  'is_translation_enabled': False,
                                  'is_translator': False,
                                  'lang': None,
                                  'listed_count': 42,
                                  'location': 'North Jersey',
                                  'name': 'Zach Miller',
                                  'notifications': None,
                                  'profile_background_color': '000000',
                                  'profile_background_image_url': 'http://abs.twimg.com/images/themes/theme15/bg.png',
                                  'profile_background_image_url_https': 'https://abs.twimg.com/images/themes/theme15/bg.png',
                                  'profile_background_tile': False,
                                  'profile_banner_url': 'https://pbs.twimg.com/profile_banners/136062715/1512526232',
                                  'profile_image_url': 'http://pbs.twimg.com/profile_images/769242142791331840/sTF34X-G_normal.jpg',
                                  'profile_image_url_https': 'https://pbs.twimg.com/profile_images/769242142791331840/sTF34X-G_normal.jpg',
                                  'profile_link_color': '4169E1',
                                  'profile_sidebar_border_color': '000000',
                                  'profile_sidebar_fill_color': 'C0DFEC',
                                  'profile_text_color': '333333',
                                  'profile_use_background_image': False,
                                  'protected': False,
                                  'screen_name': 'ByZachMiller',
                                  'statuses_count': 14843,
                                  'time_zone': None,
                                  'translator_type': 'none',
                                  'url': 'https://t.co/4QSEPbCXpZ',
                                  'utc_offset': None,
                                  'verified': True}},
  'source': '<a href="https://about.twitter.com/products/tweetdeck" '
            'rel="nofollow">TweetDeck</a>',
  'text': 'RT @ByZachMiller: Day 18 of State of the Program features three '
          'teams looking to bounce back strong after disappointing 2018 '
          'seasons.\n'
          ' \n'
          'DeP…',
  'truncated': False,
  'user': { 'contributors_enabled': False,
            'created_at': 'Thu Apr 23 17:51:51 +0000 2009',
            'default_profile': False,
            'default_profile_image': False,
            'description': 'The Record and https://t.co/4QSEPbCXpZ, part of '
                           'the @USAToday Network. Your primary source for '
                           'North Jersey news. For sports: @TheRecordSports '
                           'and @VarsityAces',
            'entities': { 'description': { 'urls': [ { 'display_url': 'NorthJersey.com',
                                                       'expanded_url': 'http://NorthJersey.com',
                                                       'indices': [15, 38],
                                                       'url': 'https://t.co/4QSEPbCXpZ'}]},
                          'url': { 'urls': [ { 'display_url': 'NorthJersey.com',
                                               'expanded_url': 'http://www.NorthJersey.com',
                                               'indices': [0, 22],
                                               'url': 'http://t.co/lGTIfMmMgM'}]}},
            'favourites_count': 2063,
            'follow_request_sent': None,
            'followers_count': 64020,
            'following': None,
            'friends_count': 1086,
            'geo_enabled': True,
            'has_extended_profile': True,
            'id': 34677788,
            'id_str': '34677788',
            'is_translation_enabled': False,
            'is_translator': False,
            'lang': None,
            'listed_count': 1003,
            'location': 'New Jersey',
            'name': 'NorthJersey.com',
            'notifications': None,
            'profile_background_color': 'C0DEED',
            'profile_background_image_url': 'http://abs.twimg.com/images/themes/theme1/bg.png',
            'profile_background_image_url_https': 'https://abs.twimg.com/images/themes/theme1/bg.png',
            'profile_background_tile': False,
            'profile_banner_url': 'https://pbs.twimg.com/profile_banners/34677788/1544816217',
            'profile_image_url': 'http://pbs.twimg.com/profile_images/938056352827609090/vfVlfI9r_normal.jpg',
            'profile_image_url_https': 'https://pbs.twimg.com/profile_images/938056352827609090/vfVlfI9r_normal.jpg',
            'profile_link_color': '0084B4',
            'profile_sidebar_border_color': 'C0DEED',
            'profile_sidebar_fill_color': 'DDEEF6',
            'profile_text_color': '333333',
            'profile_use_background_image': True,
            'protected': False,
            'screen_name': 'northjersey',
            'statuses_count': 129495,
            'time_zone': None,
            'translator_type': 'none',
            'url': 'http://t.co/lGTIfMmMgM',
            'utc_offset': None,
            'verified': True}}
----------Summary----------
{ 'entities': {},
  'id_str': '1156537962336854017',
  'retweeted_status': { 'entities': { 'urls': { 'display_url': 'twitter.com/i/web/status/1…',
                                                'expanded_url': 'https://twitter.com/i/web/status/1156537828412669954'}},
                        'id_str': '1156537828412669954',
                        'text': 'day 18 of state of the program features three '
                                'teams looking to bounce back strong after '
                                'disappointing 2018 seasons. '
                                'https://t.co/a6atqjmjev',
                        'user': { 'entities': {},
                                  'id_str': '136062715',
                                  'twitter_user': 'ByZachMiller'}},
  'text': 'rt @byzachmiller: day 18 of state of the program features three '
          'teams looking to bounce back strong after disappointing 2018 '
          'seasons.   dep',
  'user': {'entities': {}, 'id_str': '34677788', 'twitter_user': 'northjersey'}}
----------Groups----------
{ 'Bitcoin': ['bitcoin', 'Bitcoin', 'btc', 'satoshi nakamoto'],
  'Ethereum': ['ethereum', 'Ethereum', 'eth', 'vitalik buterin'],
  'Litecoin': ['litecoin', 'Litecoin', 'ltc', 'charles lee'],
  'Monero': ['monero', 'Monero', 'xmr', 'riccardo spagni'],
  'Ripple': [ 'ripple',
              'Ripple',
              'xrp',
              'xrapid',
              'xcurrent',
              'chris larsen',
              'jed mccaleb']}
---------------------------Fetch-------2019-07-31 16:00:06.842814: Tweet filed under "misc":----------Data----------
{ 'contributors': None,
  'coordinates': None,
  'created_at': 'Wed Jul 31 12:11:20 +0000 2019',
  'entities': { 'hashtags': [],
                'symbols': [],
                'urls': [ { 'display_url': 'twitter.com/i/web/status/1…',
                            'expanded_url': 'https://twitter.com/i/web/status/1156537828412669954',
                            'indices': [117, 140],
                            'url': 'https://t.co/A6ATqJMJEV'}],
                'user_mentions': []},
  'favorite_count': 5,
  'favorited': False,
  'geo': None,
  'id': 1156537828412669954,
  'id_str': '1156537828412669954',
  'in_reply_to_screen_name': None,
  'in_reply_to_status_id': None,
  'in_reply_to_status_id_str': None,
  'in_reply_to_user_id': None,
  'in_reply_to_user_id_str': None,
  'is_quote_status': False,
  'lang': 'en',
  'metadata': {'iso_language_code': 'en', 'result_type': 'recent'},
  'place': None,
  'possibly_sensitive': False,
  'retweet_count': 7,
  'retweeted': False,
  'source': '<a href="http://twitter.com/download/iphone" '
            'rel="nofollow">Twitter for iPhone</a>',
  'text': 'Day 18 of State of the Program features three teams looking to '
          'bounce back strong after disappointing 2018 seasons.… '
          'https://t.co/A6ATqJMJEV',
  'truncated': True,
  'user': { 'contributors_enabled': False,
            'created_at': 'Thu Apr 22 23:10:11 +0000 2010',
            'default_profile': False,
            'default_profile_image': False,
            'description': 'Deputy Sports Director — The Record, @NorthJersey '
                           '& @VarsityAces. Part of the USA TODAY NETWORK. '
                           '#NewJersey native, #MizzouMade.',
            'entities': { 'description': {'urls': []},
                          'url': { 'urls': [ { 'display_url': 'NorthJersey.com',
                                               'expanded_url': 'http://NorthJersey.com',
                                               'indices': [0, 23],
                                               'url': 'https://t.co/4QSEPbCXpZ'}]}},
            'favourites_count': 6688,
            'follow_request_sent': None,
            'followers_count': 3317,
            'following': None,
            'friends_count': 535,
            'geo_enabled': True,
            'has_extended_profile': False,
            'id': 136062715,
            'id_str': '136062715',
            'is_translation_enabled': False,
            'is_translator': False,
            'lang': None,
            'listed_count': 42,
            'location': 'North Jersey',
            'name': 'Zach Miller',
            'notifications': None,
            'profile_background_color': '000000',
            'profile_background_image_url': 'http://abs.twimg.com/images/themes/theme15/bg.png',
            'profile_background_image_url_https': 'https://abs.twimg.com/images/themes/theme15/bg.png',
            'profile_background_tile': False,
            'profile_banner_url': 'https://pbs.twimg.com/profile_banners/136062715/1512526232',
            'profile_image_url': 'http://pbs.twimg.com/profile_images/769242142791331840/sTF34X-G_normal.jpg',
            'profile_image_url_https': 'https://pbs.twimg.com/profile_images/769242142791331840/sTF34X-G_normal.jpg',
            'profile_link_color': '4169E1',
            'profile_sidebar_border_color': '000000',
            'profile_sidebar_fill_color': 'C0DFEC',
            'profile_text_color': '333333',
            'profile_use_background_image': False,
            'protected': False,
            'screen_name': 'ByZachMiller',
            'statuses_count': 14843,
            'time_zone': None,
            'translator_type': 'none',
            'url': 'https://t.co/4QSEPbCXpZ',
            'utc_offset': None,
            'verified': True}}
----------Summary----------
{ 'entities': { 'urls': { 'display_url': 'twitter.com/i/web/status/1…',
                          'expanded_url': 'https://twitter.com/i/web/status/1156537828412669954'}},
  'id_str': '1156537828412669954',
  'text': 'day 18 of state of the program features three teams looking to '
          'bounce back strong after disappointing 2018 seasons. '
          'https://t.co/a6atqjmjev',
  'user': { 'entities': {},
            'id_str': '136062715',
            'twitter_user': 'ByZachMiller'}}
----------Groups----------
{ 'Bitcoin': ['bitcoin', 'Bitcoin', 'btc', 'satoshi nakamoto'],
  'Ethereum': ['ethereum', 'Ethereum', 'eth', 'vitalik buterin'],
  'Litecoin': ['litecoin', 'Litecoin', 'ltc', 'charles lee'],
  'Monero': ['monero', 'Monero', 'xmr', 'riccardo spagni'],
  'Ripple': [ 'ripple',
              'Ripple',
              'xrp',
              'xrapid',
              'xcurrent',
              'chris larsen',
              'jed mccaleb']}
---------------------------Fetch-------2019-07-31 16:00:07.108292: Tweet filed under "misc":----------Data----------
{ 'contributors': None,
  'coordinates': None,
  'created_at': 'Wed Jul 31 12:08:10 +0000 2019',
  'entities': { 'hashtags': [],
                'symbols': [],
                'urls': [ { 'display_url': 'twitter.com/i/web/status/1…',
                            'expanded_url': 'https://twitter.com/i/web/status/1156537033780801537',
                            'indices': [117, 140],
                            'url': 'https://t.co/vWtBEsnH7I'}],
                'user_mentions': []},
  'favorite_count': 0,
  'favorited': False,
  'geo': None,
  'id': 1156537033780801537,
  'id_str': '1156537033780801537',
  'in_reply_to_screen_name': None,
  'in_reply_to_status_id': None,
  'in_reply_to_status_id_str': None,
  'in_reply_to_user_id': None,
  'in_reply_to_user_id_str': None,
  'is_quote_status': False,
  'lang': 'en',
  'metadata': {'iso_language_code': 'en', 'result_type': 'recent'},
  'place': None,
  'possibly_sensitive': False,
  'retweet_count': 0,
  'retweeted': False,
  'source': '<a href="http://twitter.com/download/iphone" '
            'rel="nofollow">Twitter for iPhone</a>',
  'text': 'My original Once Upon a Time in Hollywood theory: Cliff dies at '
          'Spahn Ranch, The Tate murder still happens, Bruce L… '
          'https://t.co/vWtBEsnH7I',
  'truncated': True,
  'user': { 'contributors_enabled': False,
            'created_at': 'Mon Mar 23 01:06:43 +0000 2009',
            'default_profile': False,
            'default_profile_image': False,
            'description': 'Cinephile. Screenwriter. Writer & Director of '
                           'Under the Palms short film - COMING SOON. '
                           'https://t.co/NYQXDgzQ1U',
            'entities': { 'description': { 'urls': [ { 'display_url': 'itcanbefilmed.tumblr.com',
                                                       'expanded_url': 'http://itcanbefilmed.tumblr.com',
                                                       'indices': [88, 111],
                                                       'url': 'https://t.co/NYQXDgzQ1U'}]},
                          'url': { 'urls': [ { 'display_url': 'm.facebook.com/alecblumes/',
                                               'expanded_url': 'https://m.facebook.com/alecblumes/',
                                               'indices': [0, 23],
                                               'url': 'https://t.co/NTqIbKYKzL'}]}},
            'favourites_count': 28690,
            'follow_request_sent': None,
            'followers_count': 186,
            'following': None,
            'friends_count': 432,
            'geo_enabled': True,
            'has_extended_profile': False,
            'id': 25922225,
            'id_str': '25922225',
            'is_translation_enabled': False,
            'is_translator': False,
            'lang': None,
            'listed_count': 6,
            'location': 'VA Beach',
            'name': 'Alec Blumenthal',
            'notifications': None,
            'profile_background_color': 'E1E0B7',
            'profile_background_image_url': 'http://abs.twimg.com/images/themes/theme9/bg.gif',
            'profile_background_image_url_https': 'https://abs.twimg.com/images/themes/theme9/bg.gif',
            'profile_background_tile': True,
            'profile_banner_url': 'https://pbs.twimg.com/profile_banners/25922225/1515965813',
            'profile_image_url': 'http://pbs.twimg.com/profile_images/540662385199964161/CnSB46H8_normal.jpeg',
            'profile_image_url_https': 'https://pbs.twimg.com/profile_images/540662385199964161/CnSB46H8_normal.jpeg',
            'profile_link_color': '89C9FA',
            'profile_sidebar_border_color': 'FE0335',
            'profile_sidebar_fill_color': 'EB5F4A',
            'profile_text_color': 'AFCAA0',
            'profile_use_background_image': True,
            'protected': False,
            'screen_name': 'Blumez',
            'statuses_count': 4326,
            'time_zone': None,
            'translator_type': 'none',
            'url': 'https://t.co/NTqIbKYKzL',
            'utc_offset': None,
            'verified': False}}
----------Summary----------
{ 'entities': { 'urls': { 'display_url': 'twitter.com/i/web/status/1…',
                          'expanded_url': 'https://twitter.com/i/web/status/1156537033780801537'}},
  'id_str': '1156537033780801537',
  'text': 'my original once upon a time in hollywood theory: cliff dies at '
          'spahn ranch, the tate murder still happens, bruce l '
          'https://t.co/vwtbesnh7i',
  'user': {'entities': {}, 'id_str': '25922225', 'twitter_user': 'Blumez'}}
----------Groups----------
{ 'Bitcoin': ['bitcoin', 'Bitcoin', 'btc', 'satoshi nakamoto'],
  'Ethereum': ['ethereum', 'Ethereum', 'eth', 'vitalik buterin'],
  'Litecoin': ['litecoin', 'Litecoin', 'ltc', 'charles lee'],
  'Monero': ['monero', 'Monero', 'xmr', 'riccardo spagni'],
  'Ripple': [ 'ripple',
              'Ripple',
              'xrp',
              'xrapid',
              'xcurrent',
              'chris larsen',
              'jed mccaleb']}
---------------------------Fetch-------2019-07-31 16:00:08.026634: Tweet filed under "misc":----------Data----------
{ 'contributors': None,
  'coordinates': None,
  'created_at': 'Wed Jul 31 10:15:46 +0000 2019',
  'entities': { 'hashtags': [{'indices': [30, 46], 'text': 'AssassinsCreed3'}],
                'symbols': [],
                'urls': [ { 'display_url': 'twitch.tv/peralt',
                            'expanded_url': 'http://twitch.tv/peralt',
                            'indices': [53, 76],
                            'url': 'https://t.co/84GPAyn8Dt'}],
                'user_mentions': [ { 'id': 769848173997256704,
                                     'id_str': '769848173997256704',
                                     'indices': [3, 18],
                                     'name': 'Birthday Peralt!',
                                     'screen_name': 'PeraltIsGaming'}]},
  'favorite_count': 0,
  'favorited': False,
  'geo': None,
  'id': 1156508746299953152,
  'id_str': '1156508746299953152',
  'in_reply_to_screen_name': None,
  'in_reply_to_status_id': None,
  'in_reply_to_status_id_str': None,
  'in_reply_to_user_id': None,
  'in_reply_to_user_id_str': None,
  'is_quote_status': False,
  'lang': 'en',
  'metadata': {'iso_language_code': 'en', 'result_type': 'recent'},
  'place': None,
  'possibly_sensitive': False,
  'retweet_count': 6,
  'retweeted': False,
  'retweeted_status': { 'contributors': None,
                        'coordinates': None,
                        'created_at': 'Tue Jul 30 18:51:15 +0000 2019',
                        'entities': { 'hashtags': [ { 'indices': [10, 26],
                                                      'text': 'AssassinsCreed3'}],
                                      'symbols': [],
                                      'urls': [ { 'display_url': 'twitch.tv/peralt',
                                                  'expanded_url': 'http://twitch.tv/peralt',
                                                  'indices': [33, 56],
                                                  'url': 'https://t.co/84GPAyn8Dt'},
                                                { 'display_url': 'twitter.com/i/web/status/1…',
                                                  'expanded_url': 'https://twitter.com/i/web/status/1156276083571998720',
                                                  'indices': [120, 143],
                                                  'url': 'https://t.co/N1p7eyE2Ri'}],
                                      'user_mentions': []},
                        'favorite_count': 7,
                        'favorited': False,
                        'geo': None,
                        'id': 1156276083571998720,
                        'id_str': '1156276083571998720',
                        'in_reply_to_screen_name': None,
                        'in_reply_to_status_id': None,
                        'in_reply_to_status_id_str': None,
                        'in_reply_to_user_id': None,
                        'in_reply_to_user_id_str': None,
                        'is_quote_status': False,
                        'lang': 'en',
                        'metadata': { 'iso_language_code': 'en',
                                      'result_type': 'recent'},
                        'place': None,
                        'possibly_sensitive': False,
                        'retweet_count': 6,
                        'retweeted': False,
                        'source': '<a '
                                  'href="https://about.twitter.com/products/tweetdeck" '
                                  'rel="nofollow">TweetDeck</a>',
                        'text': 'LIVE with #AssassinsCreed3\n'
                                '\n'
                                '~&gt;https://t.co/84GPAyn8Dt\n'
                                '\n'
                                'Join me during the American Revolution and '
                                'Connor Kenway ask… https://t.co/N1p7eyE2Ri',
                        'truncated': True,
                        'user': { 'contributors_enabled': False,
                                  'created_at': 'Sun Aug 28 10:44:42 +0000 '
                                                '2016',
                                  'default_profile': True,
                                  'default_profile_image': False,
                                  'description': 'Streamer. Girl gamer. '
                                                 'Survival Horror freak. '
                                                 'Witcher of Kaer Morhen. '
                                                 "Vivi's no.1 fan. B99 "
                                                 'fangirl. Twitch Affiliate. '
                                                 'Multifandom as hell '
                                                 '[she/her]',
                                  'entities': { 'description': {'urls': []},
                                                'url': { 'urls': [ { 'display_url': 'twitch.tv/peralt',
                                                                     'expanded_url': 'https://www.twitch.tv/peralt',
                                                                     'indices': [ 0,
                                                                                  23],
                                                                     'url': 'https://t.co/UIQwxMSlQL'}]}},
                                  'favourites_count': 2669,
                                  'follow_request_sent': None,
                                  'followers_count': 1580,
                                  'following': None,
                                  'friends_count': 979,
                                  'geo_enabled': False,
                                  'has_extended_profile': True,
                                  'id': 769848173997256704,
                                  'id_str': '769848173997256704',
                                  'is_translation_enabled': False,
                                  'is_translator': False,
                                  'lang': None,
                                  'listed_count': 7,
                                  'location': 'NINE NINE',
                                  'name': 'Birthday Peralt!',
                                  'notifications': None,
                                  'profile_background_color': 'F5F8FA',
                                  'profile_background_image_url': None,
                                  'profile_background_image_url_https': None,
                                  'profile_background_tile': False,
                                  'profile_banner_url': 'https://pbs.twimg.com/profile_banners/769848173997256704/1559083043',
                                  'profile_image_url': 'http://pbs.twimg.com/profile_images/1095748938915815424/ZfYEg24U_normal.jpg',
                                  'profile_image_url_https': 'https://pbs.twimg.com/profile_images/1095748938915815424/ZfYEg24U_normal.jpg',
                                  'profile_link_color': '1DA1F2',
                                  'profile_sidebar_border_color': 'C0DEED',
                                  'profile_sidebar_fill_color': 'DDEEF6',
                                  'profile_text_color': '333333',
                                  'profile_use_background_image': True,
                                  'protected': False,
                                  'screen_name': 'PeraltIsGaming',
                                  'statuses_count': 9796,
                                  'time_zone': None,
                                  'translator_type': 'none',
                                  'url': 'https://t.co/UIQwxMSlQL',
                                  'utc_offset': None,
                                  'verified': False}},
  'source': '<a href="https://mobile.twitter.com" rel="nofollow">Twitter Web '
            'App</a>',
  'text': 'RT @PeraltIsGaming: LIVE with #AssassinsCreed3\n'
          '\n'
          '~&gt;https://t.co/84GPAyn8Dt\n'
          '\n'
          'Join me during the American Revolution and Connor Kenway asks...…',
  'truncated': False,
  'user': { 'contributors_enabled': False,
            'created_at': 'Tue Jun 30 08:34:54 +0000 2009',
            'default_profile': False,
            'default_profile_image': False,
            'description': 'Twitch Affiliate / https://t.co/jdpks86r5Q '
                           '#GamerTimeDiscord\n'
                           'Taken 01/01/17 I love you',
            'entities': { 'description': { 'urls': [ { 'display_url': 'twitch.tv/purepsychogeek',
                                                       'expanded_url': 'http://twitch.tv/purepsychogeek',
                                                       'indices': [19, 42],
                                                       'url': 'https://t.co/jdpks86r5Q'}]},
                          'url': { 'urls': [ { 'display_url': 'youtube.com/user/bexterdex…',
                                               'expanded_url': 'http://www.youtube.com/user/bexterdext?feature=mhee',
                                               'indices': [0, 23],
                                               'url': 'https://t.co/lgdgz36IUO'}]}},
            'favourites_count': 2308,
            'follow_request_sent': None,
            'followers_count': 2767,
            'following': None,
            'friends_count': 4933,
            'geo_enabled': False,
            'has_extended_profile': True,
            'id': 52344605,
            'id_str': '52344605',
            'is_translation_enabled': False,
            'is_translator': False,
            'lang': None,
            'listed_count': 20,
            'location': 'Wellington, England',
            'name': 'PurePsychoGeEk',
            'notifications': None,
            'profile_background_color': '0099B9',
            'profile_background_image_url': 'http://abs.twimg.com/images/themes/theme4/bg.gif',
            'profile_background_image_url_https': 'https://abs.twimg.com/images/themes/theme4/bg.gif',
            'profile_background_tile': False,
            'profile_banner_url': 'https://pbs.twimg.com/profile_banners/52344605/1509730391',
            'profile_image_url': 'http://pbs.twimg.com/profile_images/1094969803058630657/QZg4J0kL_normal.png',
            'profile_image_url_https': 'https://pbs.twimg.com/profile_images/1094969803058630657/QZg4J0kL_normal.png',
            'profile_link_color': '91D2FA',
            'profile_sidebar_border_color': 'C0DCF1',
            'profile_sidebar_fill_color': '1C1C1C',
            'profile_text_color': '5C91B9',
            'profile_use_background_image': True,
            'protected': False,
            'screen_name': 'bexterdext',
            'statuses_count': 4589,
            'time_zone': None,
            'translator_type': 'none',
            'url': 'https://t.co/lgdgz36IUO',
            'utc_offset': None,
            'verified': False}}
----------Summary----------
{ 'entities': { 'urls': { 'display_url': 'twitch.tv/peralt',
                          'expanded_url': 'http://twitch.tv/peralt'}},
  'id_str': '1156508746299953152',
  'retweeted_status': { 'entities': { 'urls': { 'display_url': 'twitter.com/i/web/status/1…',
                                                'expanded_url': 'https://twitter.com/i/web/status/1156276083571998720'}},
                        'id_str': '1156276083571998720',
                        'text': 'live with #assassinscreed3  '
                                '~&gt;https://t.co/84gpayn8dt  join me during '
                                'the american revolution and connor kenway ask '
                                'https://t.co/n1p7eye2ri',
                        'user': { 'entities': {},
                                  'id_str': '769848173997256704',
                                  'twitter_user': 'PeraltIsGaming'}},
  'text': 'rt @peraltisgaming: live with #assassinscreed3  '
          '~&gt;https://t.co/84gpayn8dt  join me during the american '
          'revolution and connor kenway asks...',
  'user': {'entities': {}, 'id_str': '52344605', 'twitter_user': 'bexterdext'}}
----------Groups----------
{ 'Bitcoin': ['bitcoin', 'Bitcoin', 'btc', 'satoshi nakamoto'],
  'Ethereum': ['ethereum', 'Ethereum', 'eth', 'vitalik buterin'],
  'Litecoin': ['litecoin', 'Litecoin', 'ltc', 'charles lee'],
  'Monero': ['monero', 'Monero', 'xmr', 'riccardo spagni'],
  'Ripple': [ 'ripple',
              'Ripple',
              'xrp',
              'xrapid',
              'xcurrent',
              'chris larsen',
              'jed mccaleb']}
---------------------------Fetch-------2019-07-31 16:00:08.336407: Tweet filed under "misc":----------Data----------
{ 'contributors': None,
  'coordinates': None,
  'created_at': 'Wed Jul 31 09:51:59 +0000 2019',
  'entities': { 'hashtags': [],
                'symbols': [],
                'urls': [ { 'display_url': 'twitter.com/i/web/status/1…',
                            'expanded_url': 'https://twitter.com/i/web/status/1156502761736945669',
                            'indices': [117, 140],
                            'url': 'https://t.co/qDEpjxnIR8'}],
                'user_mentions': [ { 'id': 1398479138,
                                     'id_str': '1398479138',
                                     'indices': [0, 11],
                                     'name': 'Claire Lehmann',
                                     'screen_name': 'clairlemon'},
                                   { 'id': 17995040,
                                     'id_str': '17995040',
                                     'indices': [12, 23],
                                     'name': 'Ben Shapiro',
                                     'screen_name': 'benshapiro'}]},
  'favorite_count': 0,
  'favorited': False,
  'geo': None,
  'id': 1156502761736945669,
  'id_str': '1156502761736945669',
  'in_reply_to_screen_name': 'clairlemon',
  'in_reply_to_status_id': 1156445970298617856,
  'in_reply_to_status_id_str': '1156445970298617856',
  'in_reply_to_user_id': 1398479138,
  'in_reply_to_user_id_str': '1398479138',
  'is_quote_status': False,
  'lang': 'en',
  'metadata': {'iso_language_code': 'en', 'result_type': 'recent'},
  'place': None,
  'retweet_count': 0,
  'retweeted': False,
  'source': '<a href="http://twitter.com/download/android" '
            'rel="nofollow">Twitter for Android</a>',
  'text': '@clairlemon @benshapiro And elena reisner and worst Charles and '
          'Charlotte metcalf out of hell prank. The African fa… '
          'https://t.co/qDEpjxnIR8',
  'truncated': True,
  'user': { 'contributors_enabled': False,
            'created_at': 'Wed Apr 17 17:08:33 +0000 2013',
            'default_profile': True,
            'default_profile_image': False,
            'description': 'Austin, texas, forbidden racial line\n'
                           'TheMarciaHope, at, Gmail',
            'entities': {'description': {'urls': []}},
            'favourites_count': 10,
            'follow_request_sent': None,
            'followers_count': 24,
            'following': None,
            'friends_count': 121,
            'geo_enabled': False,
            'has_extended_profile': True,
            'id': 1359915997,
            'id_str': '1359915997',
            'is_translation_enabled': False,
            'is_translator': False,
            'lang': None,
            'listed_count': 0,
            'location': 'Austin, TX',
            'name': 'Marcia Hope Loomis',
            'notifications': None,
            'profile_background_color': 'C0DEED',
            'profile_background_image_url': 'http://abs.twimg.com/images/themes/theme1/bg.png',
            'profile_background_image_url_https': 'https://abs.twimg.com/images/themes/theme1/bg.png',
            'profile_background_tile': False,
            'profile_image_url': 'http://pbs.twimg.com/profile_images/840745231423291392/tLlE4lzs_normal.jpg',
            'profile_image_url_https': 'https://pbs.twimg.com/profile_images/840745231423291392/tLlE4lzs_normal.jpg',
            'profile_link_color': '1DA1F2',
            'profile_sidebar_border_color': 'C0DEED',
            'profile_sidebar_fill_color': 'DDEEF6',
            'profile_text_color': '333333',
            'profile_use_background_image': True,
            'protected': False,
            'screen_name': 'MarciaHopeLooms',
            'statuses_count': 5279,
            'time_zone': None,
            'translator_type': 'none',
            'url': None,
            'utc_offset': None,
            'verified': False}}
----------Summary----------
{ 'entities': { 'urls': { 'display_url': 'twitter.com/i/web/status/1…',
                          'expanded_url': 'https://twitter.com/i/web/status/1156502761736945669'}},
  'id_str': '1156502761736945669',
  'text': '@clairlemon @benshapiro and elena reisner and worst charles and '
          'charlotte metcalf out of hell prank. the african fa '
          'https://t.co/qdepjxnir8',
  'user': { 'entities': {},
            'id_str': '1359915997',
            'twitter_user': 'MarciaHopeLooms'}}
----------Groups----------
{ 'Bitcoin': ['bitcoin', 'Bitcoin', 'btc', 'satoshi nakamoto'],
  'Ethereum': ['ethereum', 'Ethereum', 'eth', 'vitalik buterin'],
  'Litecoin': ['litecoin', 'Litecoin', 'ltc', 'charles lee'],
  'Monero': ['monero', 'Monero', 'xmr', 'riccardo spagni'],
  'Ripple': [ 'ripple',
              'Ripple',
              'xrp',
              'xrapid',
              'xcurrent',
              'chris larsen',
              'jed mccaleb']}
---------------------------Fetch-------2019-07-31 16:00:09.257840: Tweet filed under "misc":----------Data----------
{ 'contributors': None,
  'coordinates': None,
  'created_at': 'Wed Jul 31 07:39:07 +0000 2019',
  'entities': { 'hashtags': [],
                'symbols': [],
                'urls': [],
                'user_mentions': [ { 'id': 476110720,
                                     'id_str': '476110720',
                                     'indices': [3, 17],
                                     'name': 'Paul McVeigh Writer',
                                     'screen_name': 'paul_mc_veigh'},
                                   { 'id': 22279296,
                                     'id_str': '22279296',
                                     'indices': [20, 32],
                                     'name': 'Paul Burston',
                                     'screen_name': 'PaulBurston'},
                                   { 'id': 1875843577,
                                     'id_str': '1875843577',
                                     'indices': [45, 57],
                                     'name': 'Polari Prize',
                                     'screen_name': 'PolariPrize'},
                                   { 'id': 324546384,
                                     'id_str': '324546384',
                                     'indices': [104, 118],
                                     'name': 'Patrick Gale',
                                     'screen_name': 'PNovelistGale'},
                                   { 'id': 169956316,
                                     'id_str': '169956316',
                                     'indices': [120, 136],
                                     'name': 'Charles Lambert #FBPE',
                                     'screen_name': 'charles_lambert'}]},
  'favorite_count': 0,
  'favorited': False,
  'geo': None,
  'id': 1156469323784998912,
  'id_str': '1156469323784998912',
  'in_reply_to_screen_name': None,
  'in_reply_to_status_id': None,
  'in_reply_to_status_id_str': None,
  'in_reply_to_user_id': None,
  'in_reply_to_user_id_str': None,
  'is_quote_status': False,
  'lang': 'en',
  'metadata': {'iso_language_code': 'en', 'result_type': 'recent'},
  'place': None,
  'possibly_sensitive': False,
  'retweet_count': 13,
  'retweeted': False,
  'retweeted_status': { 'contributors': None,
                        'coordinates': None,
                        'created_at': 'Tue Jul 30 10:32:42 +0000 2019',
                        'entities': { 'hashtags': [],
                                      'symbols': [],
                                      'urls': [ { 'display_url': 'twitter.com/i/web/status/1…',
                                                  'expanded_url': 'https://twitter.com/i/web/status/1156150617779388416',
                                                  'indices': [102, 125],
                                                  'url': 'https://t.co/FfnyoOejTh'}],
                                      'user_mentions': [ { 'id': 22279296,
                                                           'id_str': '22279296',
                                                           'indices': [1, 13],
                                                           'name': 'Paul '
                                                                   'Burston',
                                                           'screen_name': 'PaulBurston'},
                                                         { 'id': 1875843577,
                                                           'id_str': '1875843577',
                                                           'indices': [26, 38],
                                                           'name': 'Polari '
                                                                   'Prize',
                                                           'screen_name': 'PolariPrize'},
                                                         { 'id': 324546384,
                                                           'id_str': '324546384',
                                                           'indices': [85, 99],
                                                           'name': 'Patrick '
                                                                   'Gale',
                                                           'screen_name': 'PNovelistGale'}]},
                        'favorite_count': 22,
                        'favorited': False,
                        'geo': None,
                        'id': 1156150617779388416,
                        'id_str': '1156150617779388416',
                        'in_reply_to_screen_name': None,
                        'in_reply_to_status_id': None,
                        'in_reply_to_status_id_str': None,
                        'in_reply_to_user_id': None,
                        'in_reply_to_user_id_str': None,
                        'is_quote_status': False,
                        'lang': 'en',
                        'metadata': { 'iso_language_code': 'en',
                                      'result_type': 'recent'},
                        'place': None,
                        'possibly_sensitive': False,
                        'retweet_count': 13,
                        'retweeted': False,
                        'source': '<a href="https://mobile.twitter.com" '
                                  'rel="nofollow">Twitter Web App</a>',
                        'text': ".@PaulBurston's essential @PolariPrize "
                                'shortlist has been announced. Congratulations '
                                '@PNovelistGale,… https://t.co/FfnyoOejTh',
                        'truncated': True,
                        'user': { 'contributors_enabled': False,
                                  'created_at': 'Fri Jan 27 19:45:01 +0000 '
                                                '2012',
                                  'default_profile': True,
                                  'default_profile_image': False,
                                  'description': "Novel 'The Good Son' won "
                                                 '@PolariPrize. Loves short '
                                                 'story at @LSSFest & '
                                                 '@WordFactoryUK. Judge '
                                                 '@dylanthomprize & '
                                                 '@EHUShortStory. '
                                                 'Interviews/reviews '
                                                 '@irishtimes',
                                  'entities': { 'description': {'urls': []},
                                                'url': { 'urls': [ { 'display_url': 'paulmcveighwriter.com',
                                                                     'expanded_url': 'https://paulmcveighwriter.com/',
                                                                     'indices': [ 0,
                                                                                  23],
                                                                     'url': 'https://t.co/VZdmlkh9Dz'}]}},
                                  'favourites_count': 23976,
                                  'follow_request_sent': None,
                                  'followers_count': 13693,
                                  'following': None,
                                  'friends_count': 10156,
                                  'geo_enabled': True,
                                  'has_extended_profile': False,
                                  'id': 476110720,
                                  'id_str': '476110720',
                                  'is_translation_enabled': False,
                                  'is_translator': False,
                                  'lang': None,
                                  'listed_count': 372,
                                  'location': 'Belfast, Northern Ireland',
                                  'name': 'Paul McVeigh Writer',
                                  'notifications': None,
                                  'profile_background_color': 'C0DEED',
                                  'profile_background_image_url': 'http://abs.twimg.com/images/themes/theme1/bg.png',
                                  'profile_background_image_url_https': 'https://abs.twimg.com/images/themes/theme1/bg.png',
                                  'profile_background_tile': False,
                                  'profile_banner_url': 'https://pbs.twimg.com/profile_banners/476110720/1546952938',
                                  'profile_image_url': 'http://pbs.twimg.com/profile_images/1094179690095538176/kXfjucPo_normal.jpg',
                                  'profile_image_url_https': 'https://pbs.twimg.com/profile_images/1094179690095538176/kXfjucPo_normal.jpg',
                                  'profile_link_color': '1DA1F2',
                                  'profile_sidebar_border_color': 'C0DEED',
                                  'profile_sidebar_fill_color': 'DDEEF6',
                                  'profile_text_color': '333333',
                                  'profile_use_background_image': True,
                                  'protected': False,
                                  'screen_name': 'paul_mc_veigh',
                                  'statuses_count': 31366,
                                  'time_zone': None,
                                  'translator_type': 'none',
                                  'url': 'https://t.co/VZdmlkh9Dz',
                                  'utc_offset': None,
                                  'verified': False}},
  'source': '<a href="http://twitter.com/download/iphone" '
            'rel="nofollow">Twitter for iPhone</a>',
  'text': "RT @paul_mc_veigh: .@PaulBurston's essential @PolariPrize shortlist "
          'has been announced. Congratulations @PNovelistGale, '
          '@charles_lambert, D…',
  'truncated': False,
  'user': { 'contributors_enabled': False,
            'created_at': 'Thu Jan 25 12:17:40 +0000 2018',
            'default_profile': False,
            'default_profile_image': False,
            'description': 'Sita’s Ascent;The Sari of Surya Vilas;@soas; '
                           '@rlfwriters; gestating: novel 3 + '
                           'https://t.co/zxS7Hx0Him Write Place in December',
            'entities': { 'description': { 'urls': [ { 'display_url': 'redcoral.in/abbotsford-wri…',
                                                       'expanded_url': 'https://redcoral.in/abbotsford-writers-retreat/;The',
                                                       'indices': [79, 102],
                                                       'url': 'https://t.co/zxS7Hx0Him'}]},
                          'url': { 'urls': [ { 'display_url': 'vayunaidu.com',
                                               'expanded_url': 'http://www.vayunaidu.com',
                                               'indices': [0, 23],
                                               'url': 'https://t.co/Sz91HAWl7Q'}]}},
            'favourites_count': 832,
            'follow_request_sent': None,
            'followers_count': 156,
            'following': None,
            'friends_count': 414,
            'geo_enabled': True,
            'has_extended_profile': False,
            'id': 956501320122413058,
            'id_str': '956501320122413058',
            'is_translation_enabled': False,
            'is_translator': False,
            'lang': None,
            'listed_count': 1,
            'location': 'United Kingdom & India',
            'name': 'vayunaiduauthor',
            'notifications': None,
            'profile_background_color': '000000',
            'profile_background_image_url': 'http://abs.twimg.com/images/themes/theme1/bg.png',
            'profile_background_image_url_https': 'https://abs.twimg.com/images/themes/theme1/bg.png',
            'profile_background_tile': False,
            'profile_image_url': 'http://pbs.twimg.com/profile_images/966640635905216514/hQEO6Bu0_normal.jpg',
            'profile_image_url_https': 'https://pbs.twimg.com/profile_images/966640635905216514/hQEO6Bu0_normal.jpg',
            'profile_link_color': '1B95E0',
            'profile_sidebar_border_color': '000000',
            'profile_sidebar_fill_color': '000000',
            'profile_text_color': '000000',
            'profile_use_background_image': False,
            'protected': False,
            'screen_name': 'vayunaiduauthor',
            'statuses_count': 869,
            'time_zone': None,
            'translator_type': 'none',
            'url': 'https://t.co/Sz91HAWl7Q',
            'utc_offset': None,
            'verified': False}}
----------Summary----------
{ 'entities': {},
  'id_str': '1156469323784998912',
  'retweeted_status': { 'entities': { 'urls': { 'display_url': 'twitter.com/i/web/status/1…',
                                                'expanded_url': 'https://twitter.com/i/web/status/1156150617779388416'}},
                        'id_str': '1156150617779388416',
                        'text': ".@paulburston's essential @polariprize "
                                'shortlist has been announced. congratulations '
                                '@pnovelistgale, https://t.co/ffnyooejth',
                        'user': { 'entities': {},
                                  'id_str': '476110720',
                                  'twitter_user': 'paul_mc_veigh'}},
  'text': "rt @paul_mc_veigh: .@paulburston's essential @polariprize shortlist "
          'has been announced. congratulations @pnovelistgale, '
          '@charles_lambert, d',
  'user': { 'entities': {},
            'id_str': '956501320122413058',
            'twitter_user': 'vayunaiduauthor'}}
----------Groups----------
{ 'Bitcoin': ['bitcoin', 'Bitcoin', 'btc', 'satoshi nakamoto'],
  'Ethereum': ['ethereum', 'Ethereum', 'eth', 'vitalik buterin'],
  'Litecoin': ['litecoin', 'Litecoin', 'ltc', 'charles lee'],
  'Monero': ['monero', 'Monero', 'xmr', 'riccardo spagni'],
  'Ripple': [ 'ripple',
              'Ripple',
              'xrp',
              'xrapid',
              'xcurrent',
              'chris larsen',
              'jed mccaleb']}
---------------------------Fetch-------2019-07-31 16:00:09.563355: Tweet filed under "misc":----------Data----------
{ 'contributors': None,
  'coordinates': None,
  'created_at': 'Wed Jul 31 07:20:26 +0000 2019',
  'entities': { 'hashtags': [],
                'symbols': [],
                'urls': [],
                'user_mentions': [ { 'id': 1188393896,
                                     'id_str': '1188393896',
                                     'indices': [3, 15],
                                     'name': 'Carolyn *Pocket Sized Stallion * '
                                             'Hinds @ SDCC',
                                     'screen_name': 'CarrieCnh12'}]},
  'favorite_count': 0,
  'favorited': False,
  'geo': None,
  'id': 1156464621932417025,
  'id_str': '1156464621932417025',
  'in_reply_to_screen_name': None,
  'in_reply_to_status_id': None,
  'in_reply_to_status_id_str': None,
  'in_reply_to_user_id': None,
  'in_reply_to_user_id_str': None,
  'is_quote_status': False,
  'lang': 'en',
  'metadata': {'iso_language_code': 'en', 'result_type': 'recent'},
  'place': None,
  'retweet_count': 47,
  'retweeted': False,
  'retweeted_status': { 'contributors': None,
                        'coordinates': None,
                        'created_at': 'Tue Jul 30 15:39:34 +0000 2019',
                        'entities': { 'hashtags': [],
                                      'symbols': [],
                                      'urls': [ { 'display_url': 'twitter.com/i/web/status/1…',
                                                  'expanded_url': 'https://twitter.com/i/web/status/1156227845250678784',
                                                  'indices': [117, 140],
                                                  'url': 'https://t.co/uzpa2TXyiW'}],
                                      'user_mentions': []},
                        'favorite_count': 228,
                        'favorited': False,
                        'geo': None,
                        'id': 1156227845250678784,
                        'id_str': '1156227845250678784',
                        'in_reply_to_screen_name': 'CarrieCnh12',
                        'in_reply_to_status_id': 1156226813489586176,
                        'in_reply_to_status_id_str': '1156226813489586176',
                        'in_reply_to_user_id': 1188393896,
                        'in_reply_to_user_id_str': '1188393896',
                        'is_quote_status': False,
                        'lang': 'en',
                        'metadata': { 'iso_language_code': 'en',
                                      'result_type': 'recent'},
                        'place': None,
                        'retweet_count': 47,
                        'retweeted': False,
                        'source': '<a '
                                  'href="http://twitter.com/download/android" '
                                  'rel="nofollow">Twitter for Android</a>',
                        'text': 'Bruce Lee fought to have positive '
                                'representation of Asians in Hollywood. He was '
                                'laughed out of office by execs when… '
                                'https://t.co/uzpa2TXyiW',
                        'truncated': True,
                        'user': { 'contributors_enabled': False,
                                  'created_at': 'Sun Feb 17 05:03:31 +0000 '
                                                '2013',
                                  'default_profile': False,
                                  'default_profile_image': False,
                                  'description': 'Freelance Film, TV critic & '
                                                 'livetweeter for hire | '
                                                 'Bylines: @SyfyWire @TheRoot '
                                                 '@SheKnows | Co-host '
                                                 '@SHWH_Pod &  '
                                                 '#SaturdayNightSciFi Bajan '
                                                 'fuh life🇧🇧',
                                  'entities': {'description': {'urls': []}},
                                  'favourites_count': 154628,
                                  'follow_request_sent': None,
                                  'followers_count': 4296,
                                  'following': None,
                                  'friends_count': 910,
                                  'geo_enabled': True,
                                  'has_extended_profile': True,
                                  'id': 1188393896,
                                  'id_str': '1188393896',
                                  'is_translation_enabled': False,
                                  'is_translator': False,
                                  'lang': None,
                                  'listed_count': 71,
                                  'location': 'Toronto',
                                  'name': 'Carolyn *Pocket Sized Stallion * '
                                          'Hinds @ SDCC',
                                  'notifications': None,
                                  'profile_background_color': 'C0DEED',
                                  'profile_background_image_url': 'http://abs.twimg.com/images/themes/theme1/bg.png',
                                  'profile_background_image_url_https': 'https://abs.twimg.com/images/themes/theme1/bg.png',
                                  'profile_background_tile': True,
                                  'profile_banner_url': 'https://pbs.twimg.com/profile_banners/1188393896/1553634985',
                                  'profile_image_url': 'http://pbs.twimg.com/profile_images/1061342101223415808/asEdcdjC_normal.jpg',
                                  'profile_image_url_https': 'https://pbs.twimg.com/profile_images/1061342101223415808/asEdcdjC_normal.jpg',
                                  'profile_link_color': '3B94D9',
                                  'profile_sidebar_border_color': 'FFFFFF',
                                  'profile_sidebar_fill_color': 'DDEEF6',
                                  'profile_text_color': '333333',
                                  'profile_use_background_image': True,
                                  'protected': False,
                                  'screen_name': 'CarrieCnh12',
                                  'statuses_count': 79790,
                                  'time_zone': None,
                                  'translator_type': 'none',
                                  'url': None,
                                  'utc_offset': None,
                                  'verified': False}},
  'source': '<a href="http://twitter.com/download/android" '
            'rel="nofollow">Twitter for Android</a>',
  'text': 'RT @CarrieCnh12: Bruce Lee fought to have positive representation '
          'of Asians in Hollywood. He was laughed out of office by execs when '
          'he pit…',
  'truncated': False,
  'user': { 'contributors_enabled': False,
            'created_at': 'Mon Jan 05 22:08:48 +0000 2015',
            'default_profile': False,
            'default_profile_image': False,
            'description': 'she/her. Black + Asian. family med resident. '
                           '@natlwc4bl organizer. cat mom. mango aficionado. '
                           'occasional creative. RTs ≠ endorsements, views = '
                           'mine, etc.',
            'entities': { 'description': {'urls': []},
                          'url': { 'urls': [ { 'display_url': 'dncharles.com',
                                               'expanded_url': 'http://www.dncharles.com',
                                               'indices': [0, 23],
                                               'url': 'https://t.co/gJ2721DTaW'}]}},
            'favourites_count': 79147,
            'follow_request_sent': None,
            'followers_count': 7169,
            'following': None,
            'friends_count': 511,
            'geo_enabled': False,
            'has_extended_profile': False,
            'id': 2962867564,
            'id_str': '2962867564',
            'is_translation_enabled': False,
            'is_translator': False,
            'lang': None,
            'listed_count': 246,
            'location': 'occupied Illini territory',
            'name': 'cyborg witch, MD',
            'notifications': None,
            'profile_background_color': '000000',
            'profile_background_image_url': 'http://abs.twimg.com/images/themes/theme1/bg.png',
            'profile_background_image_url_https': 'https://abs.twimg.com/images/themes/theme1/bg.png',
            'profile_background_tile': False,
            'profile_banner_url': 'https://pbs.twimg.com/profile_banners/2962867564/1484977259',
            'profile_image_url': 'http://pbs.twimg.com/profile_images/1059615543743991809/IIxOdcoy_normal.jpg',
            'profile_image_url_https': 'https://pbs.twimg.com/profile_images/1059615543743991809/IIxOdcoy_normal.jpg',
            'profile_link_color': '82477C',
            'profile_sidebar_border_color': '000000',
            'profile_sidebar_fill_color': '000000',
            'profile_text_color': '000000',
            'profile_use_background_image': False,
            'protected': False,
            'screen_name': 'dn_charles',
            'statuses_count': 151102,
            'time_zone': None,
            'translator_type': 'none',
            'url': 'https://t.co/gJ2721DTaW',
            'utc_offset': None,
            'verified': False}}
----------Summary----------
{ 'entities': {},
  'id_str': '1156464621932417025',
  'retweeted_status': { 'entities': { 'urls': { 'display_url': 'twitter.com/i/web/status/1…',
                                                'expanded_url': 'https://twitter.com/i/web/status/1156227845250678784'}},
                        'id_str': '1156227845250678784',
                        'text': 'bruce lee fought to have positive '
                                'representation of asians in hollywood. he was '
                                'laughed out of office by execs when '
                                'https://t.co/uzpa2txyiw',
                        'user': { 'entities': {},
                                  'id_str': '1188393896',
                                  'twitter_user': 'CarrieCnh12'}},
  'text': 'rt @carriecnh12: bruce lee fought to have positive representation '
          'of asians in hollywood. he was laughed out of office by execs when '
          'he pit',
  'user': { 'entities': {},
            'id_str': '2962867564',
            'twitter_user': 'dn_charles'}}
----------Groups----------
{ 'Bitcoin': ['bitcoin', 'Bitcoin', 'btc', 'satoshi nakamoto'],
  'Ethereum': ['ethereum', 'Ethereum', 'eth', 'vitalik buterin'],
  'Litecoin': ['litecoin', 'Litecoin', 'ltc', 'charles lee'],
  'Monero': ['monero', 'Monero', 'xmr', 'riccardo spagni'],
  'Ripple': [ 'ripple',
              'Ripple',
              'xrp',
              'xrapid',
              'xcurrent',
              'chris larsen',
              'jed mccaleb']}
---------------------------Fetch-------2019-07-31 16:00:09.792584: Tweet filed under "misc":----------Data----------
{ 'contributors': None,
  'coordinates': None,
  'created_at': 'Wed Jul 31 07:20:18 +0000 2019',
  'entities': { 'hashtags': [],
                'symbols': [],
                'urls': [],
                'user_mentions': [ { 'id': 1188393896,
                                     'id_str': '1188393896',
                                     'indices': [3, 15],
                                     'name': 'Carolyn *Pocket Sized Stallion * '
                                             'Hinds @ SDCC',
                                     'screen_name': 'CarrieCnh12'}]},
  'favorite_count': 0,
  'favorited': False,
  'geo': None,
  'id': 1156464586045960192,
  'id_str': '1156464586045960192',
  'in_reply_to_screen_name': None,
  'in_reply_to_status_id': None,
  'in_reply_to_status_id_str': None,
  'in_reply_to_user_id': None,
  'in_reply_to_user_id_str': None,
  'is_quote_status': False,
  'lang': 'en',
  'metadata': {'iso_language_code': 'en', 'result_type': 'recent'},
  'place': None,
  'retweet_count': 321,
  'retweeted': False,
  'retweeted_status': { 'contributors': None,
                        'coordinates': None,
                        'created_at': 'Tue Jul 30 15:31:15 +0000 2019',
                        'entities': { 'hashtags': [],
                                      'symbols': [],
                                      'urls': [ { 'display_url': 'twitter.com/i/web/status/1…',
                                                  'expanded_url': 'https://twitter.com/i/web/status/1156225749860282368',
                                                  'indices': [117, 140],
                                                  'url': 'https://t.co/13gocdQpEh'}],
                                      'user_mentions': []},
                        'favorite_count': 918,
                        'favorited': False,
                        'geo': None,
                        'id': 1156225749860282368,
                        'id_str': '1156225749860282368',
                        'in_reply_to_screen_name': None,
                        'in_reply_to_status_id': None,
                        'in_reply_to_status_id_str': None,
                        'in_reply_to_user_id': None,
                        'in_reply_to_user_id_str': None,
                        'is_quote_status': False,
                        'lang': 'en',
                        'metadata': { 'iso_language_code': 'en',
                                      'result_type': 'recent'},
                        'place': None,
                        'possibly_sensitive': False,
                        'retweet_count': 321,
                        'retweeted': False,
                        'source': '<a '
                                  'href="http://twitter.com/download/android" '
                                  'rel="nofollow">Twitter for Android</a>',
                        'text': 'I said if Tarantino messed with Bruce and his '
                                "Legacy I wasn't watching OUATIH, and as "
                                "predicted he did, so I won't.… "
                                'https://t.co/13gocdQpEh',
                        'truncated': True,
                        'user': { 'contributors_enabled': False,
                                  'created_at': 'Sun Feb 17 05:03:31 +0000 '
                                                '2013',
                                  'default_profile': False,
                                  'default_profile_image': False,
                                  'description': 'Freelance Film, TV critic & '
                                                 'livetweeter for hire | '
                                                 'Bylines: @SyfyWire @TheRoot '
                                                 '@SheKnows | Co-host '
                                                 '@SHWH_Pod &  '
                                                 '#SaturdayNightSciFi Bajan '
                                                 'fuh life🇧🇧',
                                  'entities': {'description': {'urls': []}},
                                  'favourites_count': 154628,
                                  'follow_request_sent': None,
                                  'followers_count': 4296,
                                  'following': None,
                                  'friends_count': 910,
                                  'geo_enabled': True,
                                  'has_extended_profile': True,
                                  'id': 1188393896,
                                  'id_str': '1188393896',
                                  'is_translation_enabled': False,
                                  'is_translator': False,
                                  'lang': None,
                                  'listed_count': 71,
                                  'location': 'Toronto',
                                  'name': 'Carolyn *Pocket Sized Stallion * '
                                          'Hinds @ SDCC',
                                  'notifications': None,
                                  'profile_background_color': 'C0DEED',
                                  'profile_background_image_url': 'http://abs.twimg.com/images/themes/theme1/bg.png',
                                  'profile_background_image_url_https': 'https://abs.twimg.com/images/themes/theme1/bg.png',
                                  'profile_background_tile': True,
                                  'profile_banner_url': 'https://pbs.twimg.com/profile_banners/1188393896/1553634985',
                                  'profile_image_url': 'http://pbs.twimg.com/profile_images/1061342101223415808/asEdcdjC_normal.jpg',
                                  'profile_image_url_https': 'https://pbs.twimg.com/profile_images/1061342101223415808/asEdcdjC_normal.jpg',
                                  'profile_link_color': '3B94D9',
                                  'profile_sidebar_border_color': 'FFFFFF',
                                  'profile_sidebar_fill_color': 'DDEEF6',
                                  'profile_text_color': '333333',
                                  'profile_use_background_image': True,
                                  'protected': False,
                                  'screen_name': 'CarrieCnh12',
                                  'statuses_count': 79790,
                                  'time_zone': None,
                                  'translator_type': 'none',
                                  'url': None,
                                  'utc_offset': None,
                                  'verified': False}},
  'source': '<a href="http://twitter.com/download/android" '
            'rel="nofollow">Twitter for Android</a>',
  'text': 'RT @CarrieCnh12: I said if Tarantino messed with Bruce and his '
          "Legacy I wasn't watching OUATIH, and as predicted he did, so I "
          "won't.\n"
          "I don'…",
  'truncated': False,
  'user': { 'contributors_enabled': False,
            'created_at': 'Mon Jan 05 22:08:48 +0000 2015',
            'default_profile': False,
            'default_profile_image': False,
            'description': 'she/her. Black + Asian. family med resident. '
                           '@natlwc4bl organizer. cat mom. mango aficionado. '
                           'occasional creative. RTs ≠ endorsements, views = '
                           'mine, etc.',
            'entities': { 'description': {'urls': []},
                          'url': { 'urls': [ { 'display_url': 'dncharles.com',
                                               'expanded_url': 'http://www.dncharles.com',
                                               'indices': [0, 23],
                                               'url': 'https://t.co/gJ2721DTaW'}]}},
            'favourites_count': 79147,
            'follow_request_sent': None,
            'followers_count': 7169,
            'following': None,
            'friends_count': 511,
            'geo_enabled': False,
            'has_extended_profile': False,
            'id': 2962867564,
            'id_str': '2962867564',
            'is_translation_enabled': False,
            'is_translator': False,
            'lang': None,
            'listed_count': 246,
            'location': 'occupied Illini territory',
            'name': 'cyborg witch, MD',
            'notifications': None,
            'profile_background_color': '000000',
            'profile_background_image_url': 'http://abs.twimg.com/images/themes/theme1/bg.png',
            'profile_background_image_url_https': 'https://abs.twimg.com/images/themes/theme1/bg.png',
            'profile_background_tile': False,
            'profile_banner_url': 'https://pbs.twimg.com/profile_banners/2962867564/1484977259',
            'profile_image_url': 'http://pbs.twimg.com/profile_images/1059615543743991809/IIxOdcoy_normal.jpg',
            'profile_image_url_https': 'https://pbs.twimg.com/profile_images/1059615543743991809/IIxOdcoy_normal.jpg',
            'profile_link_color': '82477C',
            'profile_sidebar_border_color': '000000',
            'profile_sidebar_fill_color': '000000',
            'profile_text_color': '000000',
            'profile_use_background_image': False,
            'protected': False,
            'screen_name': 'dn_charles',
            'statuses_count': 151102,
            'time_zone': None,
            'translator_type': 'none',
            'url': 'https://t.co/gJ2721DTaW',
            'utc_offset': None,
            'verified': False}}
----------Summary----------
{ 'entities': {},
  'id_str': '1156464586045960192',
  'retweeted_status': { 'entities': { 'urls': { 'display_url': 'twitter.com/i/web/status/1…',
                                                'expanded_url': 'https://twitter.com/i/web/status/1156225749860282368'}},
                        'id_str': '1156225749860282368',
                        'text': 'i said if tarantino messed with bruce and his '
                                "legacy i wasn't watching ouatih, and as "
                                "predicted he did, so i won't. "
                                'https://t.co/13gocdqpeh',
                        'user': { 'entities': {},
                                  'id_str': '1188393896',
                                  'twitter_user': 'CarrieCnh12'}},
  'text': 'rt @carriecnh12: i said if tarantino messed with bruce and his '
          "legacy i wasn't watching ouatih, and as predicted he did, so i "
          "won't. i don'",
  'user': { 'entities': {},
            'id_str': '2962867564',
            'twitter_user': 'dn_charles'}}
----------Groups----------
{ 'Bitcoin': ['bitcoin', 'Bitcoin', 'btc', 'satoshi nakamoto'],
  'Ethereum': ['ethereum', 'Ethereum', 'eth', 'vitalik buterin'],
  'Litecoin': ['litecoin', 'Litecoin', 'ltc', 'charles lee'],
  'Monero': ['monero', 'Monero', 'xmr', 'riccardo spagni'],
  'Ripple': [ 'ripple',
              'Ripple',
              'xrp',
              'xrapid',
              'xcurrent',
              'chris larsen',
              'jed mccaleb']}
---------------------------Fetch-------2019-07-31 16:00:10.691687: Tweet filed under "misc":----------Data----------
{ 'contributors': None,
  'coordinates': None,
  'created_at': 'Wed Jul 31 05:45:53 +0000 2019',
  'entities': { 'hashtags': [],
                'symbols': [],
                'urls': [ { 'display_url': 'twitter.com/i/web/status/1…',
                            'expanded_url': 'https://twitter.com/i/web/status/1156440827180146689',
                            'indices': [117, 140],
                            'url': 'https://t.co/faFJ2yujS4'}],
                'user_mentions': []},
  'favorite_count': 1,
  'favorited': False,
  'geo': None,
  'id': 1156440827180146689,
  'id_str': '1156440827180146689',
  'in_reply_to_screen_name': None,
  'in_reply_to_status_id': None,
  'in_reply_to_status_id_str': None,
  'in_reply_to_user_id': None,
  'in_reply_to_user_id_str': None,
  'is_quote_status': False,
  'lang': 'en',
  'metadata': {'iso_language_code': 'en', 'result_type': 'recent'},
  'place': None,
  'possibly_sensitive': False,
  'retweet_count': 0,
  'retweeted': False,
  'source': '<a href="https://mobile.twitter.com" rel="nofollow">Twitter Web '
            'App</a>',
  'text': '"Since the franchise came back to life in the mid-90s, only eight '
          'Indians pitched more: Charles Nagy, Sabathia, Klu… '
          'https://t.co/faFJ2yujS4',
  'truncated': True,
  'user': { 'contributors_enabled': False,
            'created_at': 'Mon Feb 02 01:38:16 +0000 2009',
            'default_profile': False,
            'default_profile_image': False,
            'description': 'Law practicer. Views are my own and correct. '
                           'Cosmopolitan Djoko Bro. Pronouns: he/his/him',
            'entities': {'description': {'urls': []}},
            'favourites_count': 36125,
            'follow_request_sent': None,
            'followers_count': 457,
            'following': None,
            'friends_count': 3293,
            'geo_enabled': False,
            'has_extended_profile': False,
            'id': 19887562,
            'id_str': '19887562',
            'is_translation_enabled': False,
            'is_translator': False,
            'lang': None,
            'listed_count': 10,
            'location': '',
            'name': 'Matt',
            'notifications': None,
            'profile_background_color': '000000',
            'profile_background_image_url': 'http://abs.twimg.com/images/themes/theme6/bg.gif',
            'profile_background_image_url_https': 'https://abs.twimg.com/images/themes/theme6/bg.gif',
            'profile_background_tile': False,
            'profile_banner_url': 'https://pbs.twimg.com/profile_banners/19887562/1555774982',
            'profile_image_url': 'http://pbs.twimg.com/profile_images/1138831247977766913/U70srN5z_normal.png',
            'profile_image_url_https': 'https://pbs.twimg.com/profile_images/1138831247977766913/U70srN5z_normal.png',
            'profile_link_color': 'DD2E44',
            'profile_sidebar_border_color': '000000',
            'profile_sidebar_fill_color': '000000',
            'profile_text_color': '000000',
            'profile_use_background_image': False,
            'protected': False,
            'screen_name': 'StruMatt',
            'statuses_count': 31256,
            'time_zone': None,
            'translator_type': 'none',
            'url': None,
            'utc_offset': None,
            'verified': False}}
----------Summary----------
{ 'entities': { 'urls': { 'display_url': 'twitter.com/i/web/status/1…',
                          'expanded_url': 'https://twitter.com/i/web/status/1156440827180146689'}},
  'id_str': '1156440827180146689',
  'text': '"since the franchise came back to life in the mid-90s, only eight '
          'indians pitched more: charles nagy, sabathia, klu '
          'https://t.co/fafj2yujs4',
  'user': {'entities': {}, 'id_str': '19887562', 'twitter_user': 'StruMatt'}}
----------Groups----------
{ 'Bitcoin': ['bitcoin', 'Bitcoin', 'btc', 'satoshi nakamoto'],
  'Ethereum': ['ethereum', 'Ethereum', 'eth', 'vitalik buterin'],
  'Litecoin': ['litecoin', 'Litecoin', 'ltc', 'charles lee'],
  'Monero': ['monero', 'Monero', 'xmr', 'riccardo spagni'],
  'Ripple': [ 'ripple',
              'Ripple',
              'xrp',
              'xrapid',
              'xcurrent',
              'chris larsen',
              'jed mccaleb']}
---------------------------Fetch-------2019-07-31 16:00:10.908033: Tweet filed under "misc":----------Data----------
{ 'contributors': None,
  'coordinates': None,
  'created_at': 'Wed Jul 31 05:34:41 +0000 2019',
  'entities': { 'hashtags': [],
                'symbols': [],
                'urls': [ { 'display_url': 'twitter.com/i/web/status/1…',
                            'expanded_url': 'https://twitter.com/i/web/status/1156438009698557952',
                            'indices': [116, 139],
                            'url': 'https://t.co/fVk0NOEePK'}],
                'user_mentions': []},
  'favorite_count': 0,
  'favorited': False,
  'geo': None,
  'id': 1156438009698557952,
  'id_str': '1156438009698557952',
  'in_reply_to_screen_name': None,
  'in_reply_to_status_id': None,
  'in_reply_to_status_id_str': None,
  'in_reply_to_user_id': None,
  'in_reply_to_user_id_str': None,
  'is_quote_status': False,
  'lang': 'en',
  'metadata': {'iso_language_code': 'en', 'result_type': 'recent'},
  'place': None,
  'possibly_sensitive': False,
  'retweet_count': 0,
  'retweeted': False,
  'source': '<a href="https://curiouscat.me" rel="nofollow">Curious Cat</a>',
  'text': 'If there were a time machine that would take you to meet some '
          'famous person of antiquity, who would you like to t…… '
          'https://t.co/fVk0NOEePK',
  'truncated': True,
  'user': { 'contributors_enabled': False,
            'created_at': 'Fri Jul 19 20:09:43 +0000 2019',
            'default_profile': True,
            'default_profile_image': False,
            'description': '⠀⠀⠀⠀ ⠀⠀⠀⠀ ⠀⠀⠀⠀ ⠀ ⠀⠀⠀⠀ ⠀⠀⠀⠀ ⠀⠀ ⠀⠀⠀ ⠀⠀⠀⠀ ⠀⠀⠀ ⠀⠀⠀⠀ '
                           '⠀⠀⠀⠀⠀ ⠀⠀ ⠀⠀ ⌜⚕﹑➴⌟ ⠀⠀⠀⠀ ⠀⠀ ⠀⠀⠀ ⠀⠀ ⠀ ⠀⠀⠀⠀ ⠀ '
                           '⠀⠀⠀⠀⠀⠀⠀⠀⠀⠀⠀⠀ ⠀⠀ ⠀⠀⠀⠀ ⠀⠀⠀ ⠀⠀ ⠀ behind a cowardly '
                           '⠀⠀⠀ ⠀⠀⠀⠀ ⠀𝐌𝐀𝐒𝐊.',
            'entities': { 'description': {'urls': []},
                          'url': { 'urls': [ { 'display_url': 'curiouscat.me/cowardlycabbag…',
                                               'expanded_url': 'https://curiouscat.me/cowardlycabbage?t=1563864908',
                                               'indices': [0, 23],
                                               'url': 'https://t.co/5vxfcaQjSj'}]}},
            'favourites_count': 698,
            'follow_request_sent': None,
            'followers_count': 23,
            'following': None,
            'friends_count': 25,
            'geo_enabled': False,
            'has_extended_profile': True,
            'id': 1152309561409384448,
            'id_str': '1152309561409384448',
            'is_translation_enabled': False,
            'is_translator': False,
            'lang': None,
            'listed_count': 0,
            'location': '⠀⠀⠀⠀ ⠀⠀⠀⠀ ⠀⠀⠀⠀⠀⠀⠀⠀☏ modern au.',
            'name': '╭ ➤ ◌ ℒ 𝚎𝚎.',
            'notifications': None,
            'profile_background_color': 'F5F8FA',
            'profile_background_image_url': None,
            'profile_background_image_url_https': None,
            'profile_background_tile': False,
            'profile_banner_url': 'https://pbs.twimg.com/profile_banners/1152309561409384448/1563600860',
            'profile_image_url': 'http://pbs.twimg.com/profile_images/1152450053988110336/tLqun_pT_normal.jpg',
            'profile_image_url_https': 'https://pbs.twimg.com/profile_images/1152450053988110336/tLqun_pT_normal.jpg',
            'profile_link_color': '1DA1F2',
            'profile_sidebar_border_color': 'C0DEED',
            'profile_sidebar_fill_color': 'DDEEF6',
            'profile_text_color': '333333',
            'profile_use_background_image': True,
            'protected': False,
            'screen_name': 'cowardlycabbage',
            'statuses_count': 2116,
            'time_zone': None,
            'translator_type': 'none',
            'url': 'https://t.co/5vxfcaQjSj',
            'utc_offset': None,
            'verified': False}}
----------Summary----------
{ 'entities': { 'urls': { 'display_url': 'twitter.com/i/web/status/1…',
                          'expanded_url': 'https://twitter.com/i/web/status/1156438009698557952'}},
  'id_str': '1156438009698557952',
  'text': 'if there were a time machine that would take you to meet some '
          'famous person of antiquity, who would you like to t '
          'https://t.co/fvk0noeepk',
  'user': { 'entities': {},
            'id_str': '1152309561409384448',
            'twitter_user': 'cowardlycabbage'}}
----------Groups----------
{ 'Bitcoin': ['bitcoin', 'Bitcoin', 'btc', 'satoshi nakamoto'],
  'Ethereum': ['ethereum', 'Ethereum', 'eth', 'vitalik buterin'],
  'Litecoin': ['litecoin', 'Litecoin', 'ltc', 'charles lee'],
  'Monero': ['monero', 'Monero', 'xmr', 'riccardo spagni'],
  'Ripple': [ 'ripple',
              'Ripple',
              'xrp',
              'xrapid',
              'xcurrent',
              'chris larsen',
              'jed mccaleb']}
---------------------------Fetch-------2019-07-31 16:00:11.509759: Tweet filed under "misc":----------Data----------
{ 'contributors': None,
  'coordinates': None,
  'created_at': 'Wed Jul 31 05:14:48 +0000 2019',
  'entities': { 'hashtags': [ { 'indices': [54, 79],
                                'text': 'OnceUponATimeInHollywood'}],
                'symbols': [],
                'urls': [],
                'user_mentions': [ { 'id': 18025035,
                                     'id_str': '18025035',
                                     'indices': [3, 18],
                                     'name': 'Scott Mendelson',
                                     'screen_name': 'ScottMendelson'}]},
  'favorite_count': 0,
  'favorited': False,
  'geo': None,
  'id': 1156433004677476353,
  'id_str': '1156433004677476353',
  'in_reply_to_screen_name': None,
  'in_reply_to_status_id': None,
  'in_reply_to_status_id_str': None,
  'in_reply_to_user_id': None,
  'in_reply_to_user_id_str': None,
  'is_quote_status': False,
  'lang': 'en',
  'metadata': {'iso_language_code': 'en', 'result_type': 'recent'},
  'place': None,
  'retweet_count': 6,
  'retweeted': False,
  'retweeted_status': { 'contributors': None,
                        'coordinates': None,
                        'created_at': 'Tue Jul 30 20:16:31 +0000 2019',
                        'entities': { 'hashtags': [ { 'indices': [34, 59],
                                                      'text': 'OnceUponATimeInHollywood'}],
                                      'symbols': [],
                                      'urls': [ { 'display_url': 'twitter.com/i/web/status/1…',
                                                  'expanded_url': 'https://twitter.com/i/web/status/1156297540528046080',
                                                  'indices': [117, 140],
                                                  'url': 'https://t.co/vwwA2VHfez'}],
                                      'user_mentions': []},
                        'favorite_count': 56,
                        'favorited': False,
                        'geo': None,
                        'id': 1156297540528046080,
                        'id_str': '1156297540528046080',
                        'in_reply_to_screen_name': None,
                        'in_reply_to_status_id': None,
                        'in_reply_to_status_id_str': None,
                        'in_reply_to_user_id': None,
                        'in_reply_to_user_id_str': None,
                        'is_quote_status': False,
                        'lang': 'en',
                        'metadata': { 'iso_language_code': 'en',
                                      'result_type': 'recent'},
                        'place': None,
                        'possibly_sensitive': False,
                        'retweet_count': 6,
                        'retweeted': False,
                        'source': '<a href="https://mobile.twitter.com" '
                                  'rel="nofollow">Twitter Web App</a>',
                        'text': 'There will be folks who walk into '
                                '#OnceUponATimeInHollywood with little-to-no '
                                'knowledge of Sharon Tate, Charles Man… '
                                'https://t.co/vwwA2VHfez',
                        'truncated': True,
                        'user': { 'contributors_enabled': False,
                                  'created_at': 'Wed Dec 10 17:49:23 +0000 '
                                                '2008',
                                  'default_profile': False,
                                  'default_profile_image': False,
                                  'description': 'Film Critic and Box Office '
                                                 'Pundit for Forbes.  All '
                                                 'opinions, attempts at humor, '
                                                 'speculation, or typos '
                                                 'contained here are not '
                                                 'affiliated with said outlet.',
                                  'entities': { 'description': {'urls': []},
                                                'url': { 'urls': [ { 'display_url': 'forbes.com/sites/scottmen…',
                                                                     'expanded_url': 'http://www.forbes.com/sites/scottmendelson/',
                                                                     'indices': [ 0,
                                                                                  22],
                                                                     'url': 'http://t.co/8zRtgLPhPE'}]}},
                                  'favourites_count': 136,
                                  'follow_request_sent': None,
                                  'followers_count': 24750,
                                  'following': None,
                                  'friends_count': 2438,
                                  'geo_enabled': True,
                                  'has_extended_profile': True,
                                  'id': 18025035,
                                  'id_str': '18025035',
                                  'is_translation_enabled': False,
                                  'is_translator': False,
                                  'lang': None,
                                  'listed_count': 563,
                                  'location': 'California',
                                  'name': 'Scott Mendelson',
                                  'notifications': None,
                                  'profile_background_color': 'C0DEED',
                                  'profile_background_image_url': 'http://abs.twimg.com/images/themes/theme1/bg.png',
                                  'profile_background_image_url_https': 'https://abs.twimg.com/images/themes/theme1/bg.png',
                                  'profile_background_tile': False,
                                  'profile_banner_url': 'https://pbs.twimg.com/profile_banners/18025035/1400382120',
                                  'profile_image_url': 'http://pbs.twimg.com/profile_images/801276518420738048/gmPpwv0H_normal.jpg',
                                  'profile_image_url_https': 'https://pbs.twimg.com/profile_images/801276518420738048/gmPpwv0H_normal.jpg',
                                  'profile_link_color': 'B30000',
                                  'profile_sidebar_border_color': 'C0DEED',
                                  'profile_sidebar_fill_color': 'DDEEF6',
                                  'profile_text_color': '333333',
                                  'profile_use_background_image': True,
                                  'protected': False,
                                  'screen_name': 'ScottMendelson',
                                  'statuses_count': 61133,
                                  'time_zone': None,
                                  'translator_type': 'none',
                                  'url': 'http://t.co/8zRtgLPhPE',
                                  'utc_offset': None,
                                  'verified': True}},
  'source': '<a href="http://twitter.com/download/android" '
            'rel="nofollow">Twitter for Android</a>',
  'text': 'RT @ScottMendelson: There will be folks who walk into '
          '#OnceUponATimeInHollywood with little-to-no knowledge of Sharon '
          'Tate, Charles Manson,…',
  'truncated': False,
  'user': { 'contributors_enabled': False,
            'created_at': 'Sun Dec 07 12:19:28 +0000 2014',
            'default_profile': False,
            'default_profile_image': False,
            'description': '18',
            'entities': {'description': {'urls': []}},
            'favourites_count': 105536,
            'follow_request_sent': None,
            'followers_count': 144,
            'following': None,
            'friends_count': 753,
            'geo_enabled': False,
            'has_extended_profile': True,
            'id': 2909154027,
            'id_str': '2909154027',
            'is_translation_enabled': False,
            'is_translator': False,
            'lang': None,
            'listed_count': 1,
            'location': 'London, England',
            'name': 'Enoch Mukungu',
            'notifications': None,
            'profile_background_color': '000000',
            'profile_background_image_url': 'http://abs.twimg.com/images/themes/theme1/bg.png',
            'profile_background_image_url_https': 'https://abs.twimg.com/images/themes/theme1/bg.png',
            'profile_background_tile': False,
            'profile_banner_url': 'https://pbs.twimg.com/profile_banners/2909154027/1496984212',
            'profile_image_url': 'http://pbs.twimg.com/profile_images/1134047823626940417/XAGdP3m1_normal.png',
            'profile_image_url_https': 'https://pbs.twimg.com/profile_images/1134047823626940417/XAGdP3m1_normal.png',
            'profile_link_color': 'DD2E44',
            'profile_sidebar_border_color': '000000',
            'profile_sidebar_fill_color': '000000',
            'profile_text_color': '000000',
            'profile_use_background_image': False,
            'protected': False,
            'screen_name': 'Enochmukungu',
            'statuses_count': 14984,
            'time_zone': None,
            'translator_type': 'none',
            'url': None,
            'utc_offset': None,
            'verified': False}}
----------Summary----------
{ 'entities': {},
  'id_str': '1156433004677476353',
  'retweeted_status': { 'entities': { 'urls': { 'display_url': 'twitter.com/i/web/status/1…',
                                                'expanded_url': 'https://twitter.com/i/web/status/1156297540528046080'}},
                        'id_str': '1156297540528046080',
                        'text': 'there will be folks who walk into '
                                '#onceuponatimeinhollywood with little-to-no '
                                'knowledge of sharon tate, charles man '
                                'https://t.co/vwwa2vhfez',
                        'user': { 'entities': {},
                                  'id_str': '18025035',
                                  'twitter_user': 'ScottMendelson'}},
  'text': 'rt @scottmendelson: there will be folks who walk into '
          '#onceuponatimeinhollywood with little-to-no knowledge of sharon '
          'tate, charles manson,',
  'user': { 'entities': {},
            'id_str': '2909154027',
            'twitter_user': 'Enochmukungu'}}
----------Groups----------
{ 'Bitcoin': ['bitcoin', 'Bitcoin', 'btc', 'satoshi nakamoto'],
  'Ethereum': ['ethereum', 'Ethereum', 'eth', 'vitalik buterin'],
  'Litecoin': ['litecoin', 'Litecoin', 'ltc', 'charles lee'],
  'Monero': ['monero', 'Monero', 'xmr', 'riccardo spagni'],
  'Ripple': [ 'ripple',
              'Ripple',
              'xrp',
              'xrapid',
              'xcurrent',
              'chris larsen',
              'jed mccaleb']}
---------------------------Fetch-------2019-07-31 16:00:11.819167: Tweet filed under "misc":----------Data----------
{ 'contributors': None,
  'coordinates': None,
  'created_at': 'Wed Jul 31 04:36:37 +0000 2019',
  'entities': { 'hashtags': [{'indices': [46, 60], 'text': 'ChildsPlayRBX'}],
                'symbols': [],
                'urls': [ { 'display_url': 'twitter.com/i/web/status/1…',
                            'expanded_url': 'https://twitter.com/i/web/status/1156423395715817472',
                            'indices': [116, 139],
                            'url': 'https://t.co/LQ05twNMM0'}],
                'user_mentions': [ { 'id': 982392845616087041,
                                     'id_str': '982392845616087041',
                                     'indices': [0, 8],
                                     'name': 'Retrobloxian Films',
                                     'screen_name': 'EggDev_'},
                                   { 'id': 1086448795255300096,
                                     'id_str': '1086448795255300096',
                                     'indices': [9, 18],
                                     'name': '☆𝕎𝕚𝕝𝕝☆',
                                     'screen_name': 'Wxllster'},
                                   { 'id': 1002505739947139074,
                                     'id_str': '1002505739947139074',
                                     'indices': [80, 94],
                                     'name': 'Gebbie',
                                     'screen_name': 'Gabbs0fficial'}]},
  'favorite_count': 1,
  'favorited': False,
  'geo': None,
  'id': 1156423395715817472,
  'id_str': '1156423395715817472',
  'in_reply_to_screen_name': 'EggDev_',
  'in_reply_to_status_id': 1156422760018505728,
  'in_reply_to_status_id_str': '1156422760018505728',
  'in_reply_to_user_id': 982392845616087041,
  'in_reply_to_user_id_str': '982392845616087041',
  'is_quote_status': False,
  'lang': 'en',
  'metadata': {'iso_language_code': 'en', 'result_type': 'recent'},
  'place': None,
  'retweet_count': 0,
  'retweeted': False,
  'source': '<a href="https://mobile.twitter.com" rel="nofollow">Twitter Web '
            'App</a>',
  'text': '@EggDev_ @Wxllster @FrantcLinx The poster for #ChildsPlayRBX is '
          'here!\n'
          'Starring:\n'
          '@Gabbs0fficial\n'
          ' as Maggie Peterson… https://t.co/LQ05twNMM0',
  'truncated': True,
  'user': { 'contributors_enabled': False,
            'created_at': 'Fri May 17 16:42:35 +0000 2019',
            'default_profile': True,
            'default_profile_image': False,
            'description': 'Hiya, welcome! I’d hope you’ll follow me and maybe '
                           'buy a commission of mine! By the way, why don’t '
                           'you go follow @Wxllster, @EggDev_  and @frantcLinx',
            'entities': {'description': {'urls': []}},
            'favourites_count': 1367,
            'follow_request_sent': None,
            'followers_count': 101,
            'following': None,
            'friends_count': 352,
            'geo_enabled': False,
            'has_extended_profile': False,
            'id': 1129426998890250240,
            'id_str': '1129426998890250240',
            'is_translation_enabled': False,
            'is_translator': False,
            'lang': None,
            'listed_count': 0,
            'location': 'Kentucky, USA',
            'name': 'NoobiieAndrew',
            'notifications': None,
            'profile_background_color': 'F5F8FA',
            'profile_background_image_url': None,
            'profile_background_image_url_https': None,
            'profile_background_tile': False,
            'profile_banner_url': 'https://pbs.twimg.com/profile_banners/1129426998890250240/1563805266',
            'profile_image_url': 'http://pbs.twimg.com/profile_images/1156339035008315398/I0tlp5Il_normal.jpg',
            'profile_image_url_https': 'https://pbs.twimg.com/profile_images/1156339035008315398/I0tlp5Il_normal.jpg',
            'profile_link_color': '1DA1F2',
            'profile_sidebar_border_color': 'C0DEED',
            'profile_sidebar_fill_color': 'DDEEF6',
            'profile_text_color': '333333',
            'profile_use_background_image': True,
            'protected': False,
            'screen_name': 'NoobiieAndrew',
            'statuses_count': 1830,
            'time_zone': None,
            'translator_type': 'none',
            'url': None,
            'utc_offset': None,
            'verified': False}}
----------Summary----------
{ 'entities': { 'urls': { 'display_url': 'twitter.com/i/web/status/1…',
                          'expanded_url': 'https://twitter.com/i/web/status/1156423395715817472'}},
  'id_str': '1156423395715817472',
  'text': '@eggdev_ @wxllster @frantclinx the poster for #childsplayrbx is '
          'here! starring: @gabbs0fficial  as maggie peterson '
          'https://t.co/lq05twnmm0',
  'user': { 'entities': {},
            'id_str': '1129426998890250240',
            'twitter_user': 'NoobiieAndrew'}}
----------Groups----------
{ 'Bitcoin': ['bitcoin', 'Bitcoin', 'btc', 'satoshi nakamoto'],
  'Ethereum': ['ethereum', 'Ethereum', 'eth', 'vitalik buterin'],
  'Litecoin': ['litecoin', 'Litecoin', 'ltc', 'charles lee'],
  'Monero': ['monero', 'Monero', 'xmr', 'riccardo spagni'],
  'Ripple': [ 'ripple',
              'Ripple',
              'xrp',
              'xrapid',
              'xcurrent',
              'chris larsen',
              'jed mccaleb']}
---------------------------Fetch-------2019-07-31 16:00:12.124208: Tweet filed under "misc":----------Data----------
{ 'contributors': None,
  'coordinates': None,
  'created_at': 'Wed Jul 31 04:07:49 +0000 2019',
  'entities': { 'hashtags': [],
                'symbols': [],
                'urls': [ { 'display_url': 'twitter.com/i/web/status/1…',
                            'expanded_url': 'https://twitter.com/i/web/status/1156416146767323136',
                            'indices': [117, 140],
                            'url': 'https://t.co/KHEe2SRiGE'}],
                'user_mentions': [ { 'id': 1090079014235107333,
                                     'id_str': '1090079014235107333',
                                     'indices': [0, 12],
                                     'name': 'Kristin Roda',
                                     'screen_name': 'RodaKristin'},
                                   { 'id': 96766781,
                                     'id_str': '96766781',
                                     'indices': [13, 24],
                                     'name': 'WWJD!',
                                     'screen_name': 'cweaver470'},
                                   { 'id': 3111898543,
                                     'id_str': '3111898543',
                                     'indices': [25, 33],
                                     'name': 'Feministe Wynn',
                                     'screen_name': 'FemWynn'},
                                   { 'id': 139738464,
                                     'id_str': '139738464',
                                     'indices': [34, 41],
                                     'name': 'MJ Lee',
                                     'screen_name': 'mj_lee'}]},
  'favorite_count': 0,
  'favorited': False,
  'geo': None,
  'id': 1156416146767323136,
  'id_str': '1156416146767323136',
  'in_reply_to_screen_name': 'RodaKristin',
  'in_reply_to_status_id': 1156387455416881154,
  'in_reply_to_status_id_str': '1156387455416881154',
  'in_reply_to_user_id': 1090079014235107333,
  'in_reply_to_user_id_str': '1090079014235107333',
  'is_quote_status': False,
  'lang': 'en',
  'metadata': {'iso_language_code': 'en', 'result_type': 'recent'},
  'place': None,
  'retweet_count': 0,
  'retweeted': False,
  'source': '<a href="http://twitter.com/download/android" '
            'rel="nofollow">Twitter for Android</a>',
  'text': '@RodaKristin @cweaver470 @FemWynn @mj_lee You have the right to be '
          'a dick in this country, believe it or not. How d… '
          'https://t.co/KHEe2SRiGE',
  'truncated': True,
  'user': { 'contributors_enabled': False,
            'created_at': 'Tue Sep 18 04:18:15 +0000 2018',
            'default_profile': True,
            'default_profile_image': False,
            'description': "I'm not a bot. Never have been or will be. If you "
                           "claim I'm one, your a whiny child who can't back "
                           'their opinions up. Have some gall and take me on.',
            'entities': {'description': {'urls': []}},
            'favourites_count': 5,
            'follow_request_sent': None,
            'followers_count': 5,
            'following': None,
            'friends_count': 7,
            'geo_enabled': False,
            'has_extended_profile': False,
            'id': 1041904206867775488,
            'id_str': '1041904206867775488',
            'is_translation_enabled': False,
            'is_translator': False,
            'lang': None,
            'listed_count': 0,
            'location': 'I am an idea. I live in minds.',
            'name': 'Charles N. London',
            'notifications': None,
            'profile_background_color': 'F5F8FA',
            'profile_background_image_url': None,
            'profile_background_image_url_https': None,
            'profile_background_tile': False,
            'profile_image_url': 'http://pbs.twimg.com/profile_images/1119845410284154880/Nvox0xym_normal.jpg',
            'profile_image_url_https': 'https://pbs.twimg.com/profile_images/1119845410284154880/Nvox0xym_normal.jpg',
            'profile_link_color': '1DA1F2',
            'profile_sidebar_border_color': 'C0DEED',
            'profile_sidebar_fill_color': 'DDEEF6',
            'profile_text_color': '333333',
            'profile_use_background_image': True,
            'protected': False,
            'screen_name': 'Charles_London_',
            'statuses_count': 1306,
            'time_zone': None,
            'translator_type': 'none',
            'url': None,
            'utc_offset': None,
            'verified': False}}
----------Summary----------
{ 'entities': { 'urls': { 'display_url': 'twitter.com/i/web/status/1…',
                          'expanded_url': 'https://twitter.com/i/web/status/1156416146767323136'}},
  'id_str': '1156416146767323136',
  'text': '@rodakristin @cweaver470 @femwynn @mj_lee you have the right to be '
          'a dick in this country, believe it or not. how d '
          'https://t.co/khee2srige',
  'user': { 'entities': {},
            'id_str': '1041904206867775488',
            'twitter_user': 'Charles_London_'}}
----------Groups----------
{ 'Bitcoin': ['bitcoin', 'Bitcoin', 'btc', 'satoshi nakamoto'],
  'Ethereum': ['ethereum', 'Ethereum', 'eth', 'vitalik buterin'],
  'Litecoin': ['litecoin', 'Litecoin', 'ltc', 'charles lee'],
  'Monero': ['monero', 'Monero', 'xmr', 'riccardo spagni'],
  'Ripple': [ 'ripple',
              'Ripple',
              'xrp',
              'xrapid',
              'xcurrent',
              'chris larsen',
              'jed mccaleb']}
---------------------------Fetch-------2019-07-31 16:00:12.353264: Tweet filed under "misc":----------Data----------
{ 'contributors': None,
  'coordinates': None,
  'created_at': 'Wed Jul 31 04:05:50 +0000 2019',
  'entities': { 'hashtags': [],
                'symbols': [],
                'urls': [ { 'display_url': 'twitter.com/i/web/status/1…',
                            'expanded_url': 'https://twitter.com/i/web/status/1156415646839844865',
                            'indices': [117, 140],
                            'url': 'https://t.co/toqAuWBGpM'}],
                'user_mentions': [ { 'id': 3111898543,
                                     'id_str': '3111898543',
                                     'indices': [0, 8],
                                     'name': 'Feministe Wynn',
                                     'screen_name': 'FemWynn'},
                                   { 'id': 139738464,
                                     'id_str': '139738464',
                                     'indices': [9, 16],
                                     'name': 'MJ Lee',
                                     'screen_name': 'mj_lee'}]},
  'favorite_count': 0,
  'favorited': False,
  'geo': None,
  'id': 1156415646839844865,
  'id_str': '1156415646839844865',
  'in_reply_to_screen_name': 'FemWynn',
  'in_reply_to_status_id': 1156382003949899777,
  'in_reply_to_status_id_str': '1156382003949899777',
  'in_reply_to_user_id': 3111898543,
  'in_reply_to_user_id_str': '3111898543',
  'is_quote_status': False,
  'lang': 'en',
  'metadata': {'iso_language_code': 'en', 'result_type': 'recent'},
  'place': None,
  'retweet_count': 0,
  'retweeted': False,
  'source': '<a href="http://twitter.com/download/android" '
            'rel="nofollow">Twitter for Android</a>',
  'text': '@FemWynn @mj_lee If you truly believe reparations are a way to '
          '"mend the wrongs" of slavery, then you are a fucking… '
          'https://t.co/toqAuWBGpM',
  'truncated': True,
  'user': { 'contributors_enabled': False,
            'created_at': 'Tue Sep 18 04:18:15 +0000 2018',
            'default_profile': True,
            'default_profile_image': False,
            'description': "I'm not a bot. Never have been or will be. If you "
                           "claim I'm one, your a whiny child who can't back "
                           'their opinions up. Have some gall and take me on.',
            'entities': {'description': {'urls': []}},
            'favourites_count': 5,
            'follow_request_sent': None,
            'followers_count': 5,
            'following': None,
            'friends_count': 7,
            'geo_enabled': False,
            'has_extended_profile': False,
            'id': 1041904206867775488,
            'id_str': '1041904206867775488',
            'is_translation_enabled': False,
            'is_translator': False,
            'lang': None,
            'listed_count': 0,
            'location': 'I am an idea. I live in minds.',
            'name': 'Charles N. London',
            'notifications': None,
            'profile_background_color': 'F5F8FA',
            'profile_background_image_url': None,
            'profile_background_image_url_https': None,
            'profile_background_tile': False,
            'profile_image_url': 'http://pbs.twimg.com/profile_images/1119845410284154880/Nvox0xym_normal.jpg',
            'profile_image_url_https': 'https://pbs.twimg.com/profile_images/1119845410284154880/Nvox0xym_normal.jpg',
            'profile_link_color': '1DA1F2',
            'profile_sidebar_border_color': 'C0DEED',
            'profile_sidebar_fill_color': 'DDEEF6',
            'profile_text_color': '333333',
            'profile_use_background_image': True,
            'protected': False,
            'screen_name': 'Charles_London_',
            'statuses_count': 1306,
            'time_zone': None,
            'translator_type': 'none',
            'url': None,
            'utc_offset': None,
            'verified': False}}
----------Summary----------
{ 'entities': { 'urls': { 'display_url': 'twitter.com/i/web/status/1…',
                          'expanded_url': 'https://twitter.com/i/web/status/1156415646839844865'}},
  'id_str': '1156415646839844865',
  'text': '@femwynn @mj_lee if you truly believe reparations are a way to '
          '"mend the wrongs" of slavery, then you are a fucking '
          'https://t.co/toqauwbgpm',
  'user': { 'entities': {},
            'id_str': '1041904206867775488',
            'twitter_user': 'Charles_London_'}}
----------Groups----------
{ 'Bitcoin': ['bitcoin', 'Bitcoin', 'btc', 'satoshi nakamoto'],
  'Ethereum': ['ethereum', 'Ethereum', 'eth', 'vitalik buterin'],
  'Litecoin': ['litecoin', 'Litecoin', 'ltc', 'charles lee'],
  'Monero': ['monero', 'Monero', 'xmr', 'riccardo spagni'],
  'Ripple': [ 'ripple',
              'Ripple',
              'xrp',
              'xrapid',
              'xcurrent',
              'chris larsen',
              'jed mccaleb']}
---------------------------Fetch-------2019-07-31 16:00:12.639828: Tweet filed under "misc":----------Data----------
{ 'contributors': None,
  'coordinates': None,
  'created_at': 'Wed Jul 31 04:03:01 +0000 2019',
  'entities': { 'hashtags': [],
                'symbols': [],
                'urls': [ { 'display_url': 'twitter.com/i/web/status/1…',
                            'expanded_url': 'https://twitter.com/i/web/status/1156414941806637056',
                            'indices': [116, 139],
                            'url': 'https://t.co/9IKTdYBKrJ'}],
                'user_mentions': [ { 'id': 964896852146450432,
                                     'id_str': '964896852146450432',
                                     'indices': [0, 16],
                                     'name': 'unapologetic toxic masculinity',
                                     'screen_name': 'Totalawesomene6'},
                                   { 'id': 96766781,
                                     'id_str': '96766781',
                                     'indices': [17, 28],
                                     'name': 'WWJD!',
                                     'screen_name': 'cweaver470'},
                                   { 'id': 139738464,
                                     'id_str': '139738464',
                                     'indices': [29, 36],
                                     'name': 'MJ Lee',
                                     'screen_name': 'mj_lee'}]},
  'favorite_count': 0,
  'favorited': False,
  'geo': None,
  'id': 1156414941806637056,
  'id_str': '1156414941806637056',
  'in_reply_to_screen_name': 'Totalawesomene6',
  'in_reply_to_status_id': 1156388986199216128,
  'in_reply_to_status_id_str': '1156388986199216128',
  'in_reply_to_user_id': 964896852146450432,
  'in_reply_to_user_id_str': '964896852146450432',
  'is_quote_status': False,
  'lang': 'en',
  'metadata': {'iso_language_code': 'en', 'result_type': 'recent'},
  'place': None,
  'retweet_count': 0,
  'retweeted': False,
  'source': '<a href="http://twitter.com/download/android" '
            'rel="nofollow">Twitter for Android</a>',
  'text': "@Totalawesomene6 @cweaver470 @mj_lee It's certainly possible, "
          'simply by reading the definitions. The idea of White… '
          'https://t.co/9IKTdYBKrJ',
  'truncated': True,
  'user': { 'contributors_enabled': False,
            'created_at': 'Tue Sep 18 04:18:15 +0000 2018',
            'default_profile': True,
            'default_profile_image': False,
            'description': "I'm not a bot. Never have been or will be. If you "
                           "claim I'm one, your a whiny child who can't back "
                           'their opinions up. Have some gall and take me on.',
            'entities': {'description': {'urls': []}},
            'favourites_count': 5,
            'follow_request_sent': None,
            'followers_count': 5,
            'following': None,
            'friends_count': 7,
            'geo_enabled': False,
            'has_extended_profile': False,
            'id': 1041904206867775488,
            'id_str': '1041904206867775488',
            'is_translation_enabled': False,
            'is_translator': False,
            'lang': None,
            'listed_count': 0,
            'location': 'I am an idea. I live in minds.',
            'name': 'Charles N. London',
            'notifications': None,
            'profile_background_color': 'F5F8FA',
            'profile_background_image_url': None,
            'profile_background_image_url_https': None,
            'profile_background_tile': False,
            'profile_image_url': 'http://pbs.twimg.com/profile_images/1119845410284154880/Nvox0xym_normal.jpg',
            'profile_image_url_https': 'https://pbs.twimg.com/profile_images/1119845410284154880/Nvox0xym_normal.jpg',
            'profile_link_color': '1DA1F2',
            'profile_sidebar_border_color': 'C0DEED',
            'profile_sidebar_fill_color': 'DDEEF6',
            'profile_text_color': '333333',
            'profile_use_background_image': True,
            'protected': False,
            'screen_name': 'Charles_London_',
            'statuses_count': 1306,
            'time_zone': None,
            'translator_type': 'none',
            'url': None,
            'utc_offset': None,
            'verified': False}}
----------Summary----------
{ 'entities': { 'urls': { 'display_url': 'twitter.com/i/web/status/1…',
                          'expanded_url': 'https://twitter.com/i/web/status/1156414941806637056'}},
  'id_str': '1156414941806637056',
  'text': "@totalawesomene6 @cweaver470 @mj_lee it's certainly possible, "
          'simply by reading the definitions. the idea of white '
          'https://t.co/9iktdybkrj',
  'user': { 'entities': {},
            'id_str': '1041904206867775488',
            'twitter_user': 'Charles_London_'}}
----------Groups----------
{ 'Bitcoin': ['bitcoin', 'Bitcoin', 'btc', 'satoshi nakamoto'],
  'Ethereum': ['ethereum', 'Ethereum', 'eth', 'vitalik buterin'],
  'Litecoin': ['litecoin', 'Litecoin', 'ltc', 'charles lee'],
  'Monero': ['monero', 'Monero', 'xmr', 'riccardo spagni'],
  'Ripple': [ 'ripple',
              'Ripple',
              'xrp',
              'xrapid',
              'xcurrent',
              'chris larsen',
              'jed mccaleb']}
---------------------------Fetch-------2019-07-31 16:00:12.950022: Tweet filed under "misc":----------Data----------
{ 'contributors': None,
  'coordinates': None,
  'created_at': 'Wed Jul 31 04:00:08 +0000 2019',
  'entities': { 'hashtags': [],
                'symbols': [],
                'urls': [ { 'display_url': 'twitter.com/i/web/status/1…',
                            'expanded_url': 'https://twitter.com/i/web/status/1156414215927861248',
                            'indices': [117, 140],
                            'url': 'https://t.co/AUaLYl29C8'}],
                'user_mentions': [ { 'id': 139738464,
                                     'id_str': '139738464',
                                     'indices': [0, 7],
                                     'name': 'MJ Lee',
                                     'screen_name': 'mj_lee'}]},
  'favorite_count': 0,
  'favorited': False,
  'geo': None,
  'id': 1156414215927861248,
  'id_str': '1156414215927861248',
  'in_reply_to_screen_name': 'mj_lee',
  'in_reply_to_status_id': 1156379395071909891,
  'in_reply_to_status_id_str': '1156379395071909891',
  'in_reply_to_user_id': 139738464,
  'in_reply_to_user_id_str': '139738464',
  'is_quote_status': False,
  'lang': 'en',
  'metadata': {'iso_language_code': 'en', 'result_type': 'recent'},
  'place': None,
  'retweet_count': 0,
  'retweeted': False,
  'source': '<a href="http://twitter.com/download/android" '
            'rel="nofollow">Twitter for Android</a>',
  'text': "@mj_lee It's this reasons why Democrats aren't going to win in "
          '2020. Their literal forefront reason to vote for the… '
          'https://t.co/AUaLYl29C8',
  'truncated': True,
  'user': { 'contributors_enabled': False,
            'created_at': 'Tue Sep 18 04:18:15 +0000 2018',
            'default_profile': True,
            'default_profile_image': False,
            'description': "I'm not a bot. Never have been or will be. If you "
                           "claim I'm one, your a whiny child who can't back "
                           'their opinions up. Have some gall and take me on.',
            'entities': {'description': {'urls': []}},
            'favourites_count': 5,
            'follow_request_sent': None,
            'followers_count': 5,
            'following': None,
            'friends_count': 7,
            'geo_enabled': False,
            'has_extended_profile': False,
            'id': 1041904206867775488,
            'id_str': '1041904206867775488',
            'is_translation_enabled': False,
            'is_translator': False,
            'lang': None,
            'listed_count': 0,
            'location': 'I am an idea. I live in minds.',
            'name': 'Charles N. London',
            'notifications': None,
            'profile_background_color': 'F5F8FA',
            'profile_background_image_url': None,
            'profile_background_image_url_https': None,
            'profile_background_tile': False,
            'profile_image_url': 'http://pbs.twimg.com/profile_images/1119845410284154880/Nvox0xym_normal.jpg',
            'profile_image_url_https': 'https://pbs.twimg.com/profile_images/1119845410284154880/Nvox0xym_normal.jpg',
            'profile_link_color': '1DA1F2',
            'profile_sidebar_border_color': 'C0DEED',
            'profile_sidebar_fill_color': 'DDEEF6',
            'profile_text_color': '333333',
            'profile_use_background_image': True,
            'protected': False,
            'screen_name': 'Charles_London_',
            'statuses_count': 1306,
            'time_zone': None,
            'translator_type': 'none',
            'url': None,
            'utc_offset': None,
            'verified': False}}
----------Summary----------
{ 'entities': { 'urls': { 'display_url': 'twitter.com/i/web/status/1…',
                          'expanded_url': 'https://twitter.com/i/web/status/1156414215927861248'}},
  'id_str': '1156414215927861248',
  'text': "@mj_lee it's this reasons why democrats aren't going to win in "
          '2020. their literal forefront reason to vote for the '
          'https://t.co/aualyl29c8',
  'user': { 'entities': {},
            'id_str': '1041904206867775488',
            'twitter_user': 'Charles_London_'}}
----------Groups----------
{ 'Bitcoin': ['bitcoin', 'Bitcoin', 'btc', 'satoshi nakamoto'],
  'Ethereum': ['ethereum', 'Ethereum', 'eth', 'vitalik buterin'],
  'Litecoin': ['litecoin', 'Litecoin', 'ltc', 'charles lee'],
  'Monero': ['monero', 'Monero', 'xmr', 'riccardo spagni'],
  'Ripple': [ 'ripple',
              'Ripple',
              'xrp',
              'xrapid',
              'xcurrent',
              'chris larsen',
              'jed mccaleb']}
---------------------------Fetch-------2019-07-31 16:00:13.559885: Tweet filed under "misc":----------Data----------
{ 'contributors': None,
  'coordinates': None,
  'created_at': 'Wed Jul 31 02:51:28 +0000 2019',
  'entities': { 'hashtags': [],
                'symbols': [],
                'urls': [ { 'display_url': 'twitter.com/i/web/status/1…',
                            'expanded_url': 'https://twitter.com/i/web/status/1156396934598254592',
                            'indices': [117, 140],
                            'url': 'https://t.co/mP4ld34Im8'}],
                'user_mentions': []},
  'favorite_count': 0,
  'favorited': False,
  'geo': None,
  'id': 1156396934598254592,
  'id_str': '1156396934598254592',
  'in_reply_to_screen_name': None,
  'in_reply_to_status_id': None,
  'in_reply_to_status_id_str': None,
  'in_reply_to_user_id': None,
  'in_reply_to_user_id_str': None,
  'is_quote_status': False,
  'lang': 'en',
  'metadata': {'iso_language_code': 'en', 'result_type': 'recent'},
  'place': None,
  'retweet_count': 0,
  'retweeted': False,
  'source': '<a href="http://twitter.com/download/iphone" '
            'rel="nofollow">Twitter for iPhone</a>',
  'text': 'I didn’t know much about Once Upon a Time in Hollywood going in so '
          'I was kinda hoping it was about a has-been actor… '
          'https://t.co/mP4ld34Im8',
  'truncated': True,
  'user': { 'contributors_enabled': False,
            'created_at': 'Mon Sep 13 00:26:52 +0000 2010',
            'default_profile': True,
            'default_profile_image': False,
            'description': 'Comedian? Writer? I tell jokes from fwy '
                           'underpasses.',
            'entities': { 'description': {'urls': []},
                          'url': { 'urls': [ { 'display_url': 'favstar.fm/users/mooserton',
                                               'expanded_url': 'http://favstar.fm/users/mooserton',
                                               'indices': [0, 23],
                                               'url': 'https://t.co/nJA0gwvcYF'}]}},
            'favourites_count': 25100,
            'follow_request_sent': None,
            'followers_count': 258,
            'following': None,
            'friends_count': 605,
            'geo_enabled': True,
            'has_extended_profile': False,
            'id': 190067652,
            'id_str': '190067652',
            'is_translation_enabled': False,
            'is_translator': False,
            'lang': None,
            'listed_count': 25,
            'location': 'Los Angeles, CA',
            'name': 'Andrew Davison',
            'notifications': None,
            'profile_background_color': 'C0DEED',
            'profile_background_image_url': 'http://abs.twimg.com/images/themes/theme1/bg.png',
            'profile_background_image_url_https': 'https://abs.twimg.com/images/themes/theme1/bg.png',
            'profile_background_tile': False,
            'profile_banner_url': 'https://pbs.twimg.com/profile_banners/190067652/1547932902',
            'profile_image_url': 'http://pbs.twimg.com/profile_images/1136171651060469760/-eNL6eRH_normal.jpg',
            'profile_image_url_https': 'https://pbs.twimg.com/profile_images/1136171651060469760/-eNL6eRH_normal.jpg',
            'profile_link_color': '1DA1F2',
            'profile_sidebar_border_color': 'C0DEED',
            'profile_sidebar_fill_color': 'DDEEF6',
            'profile_text_color': '333333',
            'profile_use_background_image': True,
            'protected': False,
            'screen_name': 'Mooserton',
            'statuses_count': 3866,
            'time_zone': None,
            'translator_type': 'none',
            'url': 'https://t.co/nJA0gwvcYF',
            'utc_offset': None,
            'verified': False}}
----------Summary----------
{ 'entities': { 'urls': { 'display_url': 'twitter.com/i/web/status/1…',
                          'expanded_url': 'https://twitter.com/i/web/status/1156396934598254592'}},
  'id_str': '1156396934598254592',
  'text': 'i didnt know much about once upon a time in hollywood going in so i '
          'was kinda hoping it was about a has-been actor '
          'https://t.co/mp4ld34im8',
  'user': {'entities': {}, 'id_str': '190067652', 'twitter_user': 'Mooserton'}}
----------Groups----------
{ 'Bitcoin': ['bitcoin', 'Bitcoin', 'btc', 'satoshi nakamoto'],
  'Ethereum': ['ethereum', 'Ethereum', 'eth', 'vitalik buterin'],
  'Litecoin': ['litecoin', 'Litecoin', 'ltc', 'charles lee'],
  'Monero': ['monero', 'Monero', 'xmr', 'riccardo spagni'],
  'Ripple': [ 'ripple',
              'Ripple',
              'xrp',
              'xrapid',
              'xcurrent',
              'chris larsen',
              'jed mccaleb']}
---------------------------Fetch-------2019-07-31 16:00:14.788217: Tweet filed under "misc":----------Data----------
{ 'contributors': None,
  'coordinates': None,
  'created_at': 'Tue Jul 30 23:46:45 +0000 2019',
  'entities': { 'hashtags': [],
                'symbols': [],
                'urls': [ { 'display_url': 'twitter.com/i/web/status/1…',
                            'expanded_url': 'https://twitter.com/i/web/status/1156350447227211776',
                            'indices': [121, 144],
                            'url': 'https://t.co/xXyqlXg2Ok'}],
                'user_mentions': [ { 'id': 1327924837,
                                     'id_str': '1327924837',
                                     'indices': [0, 16],
                                     'name': 'Jessiesheart❤️',
                                     'screen_name': 'jessierichie194'},
                                   { 'id': 90783315,
                                     'id_str': '90783315',
                                     'indices': [17, 33],
                                     'name': 'TommyJoe Ratliff',
                                     'screen_name': 'TommyJoeRatliff'}]},
  'favorite_count': 2,
  'favorited': False,
  'geo': None,
  'id': 1156350447227211776,
  'id_str': '1156350447227211776',
  'in_reply_to_screen_name': 'jessierichie194',
  'in_reply_to_status_id': 1156304522139983872,
  'in_reply_to_status_id_str': '1156304522139983872',
  'in_reply_to_user_id': 1327924837,
  'in_reply_to_user_id_str': '1327924837',
  'is_quote_status': False,
  'lang': 'en',
  'metadata': {'iso_language_code': 'en', 'result_type': 'recent'},
  'place': None,
  'retweet_count': 0,
  'retweeted': False,
  'source': '<a href="http://twitter.com" rel="nofollow">Twitter Web '
            'Client</a>',
  'text': '@jessierichie194 @TommyJoeRatliff Jess, I saw this movie too &amp; '
          "loved it. It wasn't a Chucky remake. It was an entir… "
          'https://t.co/xXyqlXg2Ok',
  'truncated': True,
  'user': { 'contributors_enabled': False,
            'created_at': 'Tue Sep 05 04:09:02 +0000 2017',
            'default_profile': True,
            'default_profile_image': False,
            'description': '',
            'entities': {'description': {'urls': []}},
            'favourites_count': 48200,
            'follow_request_sent': None,
            'followers_count': 1908,
            'following': None,
            'friends_count': 4724,
            'geo_enabled': False,
            'has_extended_profile': True,
            'id': 904919273952436224,
            'id_str': '904919273952436224',
            'is_translation_enabled': False,
            'is_translator': False,
            'lang': None,
            'listed_count': 0,
            'location': 'Illinois, USA',
            'name': 'Vanessa Gaglione',
            'notifications': None,
            'profile_background_color': 'F5F8FA',
            'profile_background_image_url': None,
            'profile_background_image_url_https': None,
            'profile_background_tile': False,
            'profile_banner_url': 'https://pbs.twimg.com/profile_banners/904919273952436224/1507268551',
            'profile_image_url': 'http://pbs.twimg.com/profile_images/927781747764244480/i9iCOo4R_normal.jpg',
            'profile_image_url_https': 'https://pbs.twimg.com/profile_images/927781747764244480/i9iCOo4R_normal.jpg',
            'profile_link_color': '1DA1F2',
            'profile_sidebar_border_color': 'C0DEED',
            'profile_sidebar_fill_color': 'DDEEF6',
            'profile_text_color': '333333',
            'profile_use_background_image': True,
            'protected': False,
            'screen_name': 'VanessaGaglione',
            'statuses_count': 15538,
            'time_zone': None,
            'translator_type': 'none',
            'url': None,
            'utc_offset': None,
            'verified': False}}
----------Summary----------
{ 'entities': { 'urls': { 'display_url': 'twitter.com/i/web/status/1…',
                          'expanded_url': 'https://twitter.com/i/web/status/1156350447227211776'}},
  'id_str': '1156350447227211776',
  'text': '@jessierichie194 @tommyjoeratliff jess, i saw this movie too &amp; '
          "loved it. it wasn't a chucky remake. it was an entir "
          'https://t.co/xxyqlxg2ok',
  'user': { 'entities': {},
            'id_str': '904919273952436224',
            'twitter_user': 'VanessaGaglione'}}
----------Groups----------
{ 'Bitcoin': ['bitcoin', 'Bitcoin', 'btc', 'satoshi nakamoto'],
  'Ethereum': ['ethereum', 'Ethereum', 'eth', 'vitalik buterin'],
  'Litecoin': ['litecoin', 'Litecoin', 'ltc', 'charles lee'],
  'Monero': ['monero', 'Monero', 'xmr', 'riccardo spagni'],
  'Ripple': [ 'ripple',
              'Ripple',
              'xrp',
              'xrapid',
              'xcurrent',
              'chris larsen',
              'jed mccaleb']}
---------------------------Fetch-------2019-07-31 16:00:16.016911: Tweet filed under "misc":----------Data----------
{ 'contributors': None,
  'coordinates': None,
  'created_at': 'Tue Jul 30 23:05:25 +0000 2019',
  'entities': { 'hashtags': [ { 'indices': [54, 79],
                                'text': 'OnceUponATimeInHollywood'}],
                'symbols': [],
                'urls': [],
                'user_mentions': [ { 'id': 18025035,
                                     'id_str': '18025035',
                                     'indices': [3, 18],
                                     'name': 'Scott Mendelson',
                                     'screen_name': 'ScottMendelson'}]},
  'favorite_count': 0,
  'favorited': False,
  'geo': None,
  'id': 1156340044451459073,
  'id_str': '1156340044451459073',
  'in_reply_to_screen_name': None,
  'in_reply_to_status_id': None,
  'in_reply_to_status_id_str': None,
  'in_reply_to_user_id': None,
  'in_reply_to_user_id_str': None,
  'is_quote_status': False,
  'lang': 'en',
  'metadata': {'iso_language_code': 'en', 'result_type': 'recent'},
  'place': None,
  'retweet_count': 6,
  'retweeted': False,
  'retweeted_status': { 'contributors': None,
                        'coordinates': None,
                        'created_at': 'Tue Jul 30 20:16:31 +0000 2019',
                        'entities': { 'hashtags': [ { 'indices': [34, 59],
                                                      'text': 'OnceUponATimeInHollywood'}],
                                      'symbols': [],
                                      'urls': [ { 'display_url': 'twitter.com/i/web/status/1…',
                                                  'expanded_url': 'https://twitter.com/i/web/status/1156297540528046080',
                                                  'indices': [117, 140],
                                                  'url': 'https://t.co/vwwA2VHfez'}],
                                      'user_mentions': []},
                        'favorite_count': 56,
                        'favorited': False,
                        'geo': None,
                        'id': 1156297540528046080,
                        'id_str': '1156297540528046080',
                        'in_reply_to_screen_name': None,
                        'in_reply_to_status_id': None,
                        'in_reply_to_status_id_str': None,
                        'in_reply_to_user_id': None,
                        'in_reply_to_user_id_str': None,
                        'is_quote_status': False,
                        'lang': 'en',
                        'metadata': { 'iso_language_code': 'en',
                                      'result_type': 'recent'},
                        'place': None,
                        'possibly_sensitive': False,
                        'retweet_count': 6,
                        'retweeted': False,
                        'source': '<a href="https://mobile.twitter.com" '
                                  'rel="nofollow">Twitter Web App</a>',
                        'text': 'There will be folks who walk into '
                                '#OnceUponATimeInHollywood with little-to-no '
                                'knowledge of Sharon Tate, Charles Man… '
                                'https://t.co/vwwA2VHfez',
                        'truncated': True,
                        'user': { 'contributors_enabled': False,
                                  'created_at': 'Wed Dec 10 17:49:23 +0000 '
                                                '2008',
                                  'default_profile': False,
                                  'default_profile_image': False,
                                  'description': 'Film Critic and Box Office '
                                                 'Pundit for Forbes.  All '
                                                 'opinions, attempts at humor, '
                                                 'speculation, or typos '
                                                 'contained here are not '
                                                 'affiliated with said outlet.',
                                  'entities': { 'description': {'urls': []},
                                                'url': { 'urls': [ { 'display_url': 'forbes.com/sites/scottmen…',
                                                                     'expanded_url': 'http://www.forbes.com/sites/scottmendelson/',
                                                                     'indices': [ 0,
                                                                                  22],
                                                                     'url': 'http://t.co/8zRtgLPhPE'}]}},
                                  'favourites_count': 136,
                                  'follow_request_sent': None,
                                  'followers_count': 24750,
                                  'following': None,
                                  'friends_count': 2438,
                                  'geo_enabled': True,
                                  'has_extended_profile': True,
                                  'id': 18025035,
                                  'id_str': '18025035',
                                  'is_translation_enabled': False,
                                  'is_translator': False,
                                  'lang': None,
                                  'listed_count': 563,
                                  'location': 'California',
                                  'name': 'Scott Mendelson',
                                  'notifications': None,
                                  'profile_background_color': 'C0DEED',
                                  'profile_background_image_url': 'http://abs.twimg.com/images/themes/theme1/bg.png',
                                  'profile_background_image_url_https': 'https://abs.twimg.com/images/themes/theme1/bg.png',
                                  'profile_background_tile': False,
                                  'profile_banner_url': 'https://pbs.twimg.com/profile_banners/18025035/1400382120',
                                  'profile_image_url': 'http://pbs.twimg.com/profile_images/801276518420738048/gmPpwv0H_normal.jpg',
                                  'profile_image_url_https': 'https://pbs.twimg.com/profile_images/801276518420738048/gmPpwv0H_normal.jpg',
                                  'profile_link_color': 'B30000',
                                  'profile_sidebar_border_color': 'C0DEED',
                                  'profile_sidebar_fill_color': 'DDEEF6',
                                  'profile_text_color': '333333',
                                  'profile_use_background_image': True,
                                  'protected': False,
                                  'screen_name': 'ScottMendelson',
                                  'statuses_count': 61133,
                                  'time_zone': None,
                                  'translator_type': 'none',
                                  'url': 'http://t.co/8zRtgLPhPE',
                                  'utc_offset': None,
                                  'verified': True}},
  'source': '<a href="http://twitter.com/download/iphone" '
            'rel="nofollow">Twitter for iPhone</a>',
  'text': 'RT @ScottMendelson: There will be folks who walk into '
          '#OnceUponATimeInHollywood with little-to-no knowledge of Sharon '
          'Tate, Charles Manson,…',
  'truncated': False,
  'user': { 'contributors_enabled': False,
            'created_at': 'Sun Dec 18 02:11:50 +0000 2011',
            'default_profile': False,
            'default_profile_image': False,
            'description': 'Mom, can you pick me up? I’m scared.',
            'entities': {'description': {'urls': []}},
            'favourites_count': 33522,
            'follow_request_sent': None,
            'followers_count': 686,
            'following': None,
            'friends_count': 1481,
            'geo_enabled': True,
            'has_extended_profile': True,
            'id': 439665380,
            'id_str': '439665380',
            'is_translation_enabled': False,
            'is_translator': False,
            'lang': None,
            'listed_count': 2,
            'location': 'USC Alum',
            'name': 'Quartknee Schroeder',
            'notifications': None,
            'profile_background_color': '131516',
            'profile_background_image_url': 'http://abs.twimg.com/images/themes/theme14/bg.gif',
            'profile_background_image_url_https': 'https://abs.twimg.com/images/themes/theme14/bg.gif',
            'profile_background_tile': True,
            'profile_banner_url': 'https://pbs.twimg.com/profile_banners/439665380/1561314703',
            'profile_image_url': 'http://pbs.twimg.com/profile_images/1107432569476403200/FBmE7Pqy_normal.jpg',
            'profile_image_url_https': 'https://pbs.twimg.com/profile_images/1107432569476403200/FBmE7Pqy_normal.jpg',
            'profile_link_color': '009999',
            'profile_sidebar_border_color': 'EEEEEE',
            'profile_sidebar_fill_color': 'EFEFEF',
            'profile_text_color': '333333',
            'profile_use_background_image': True,
            'protected': False,
            'screen_name': 'ShortneySchroed',
            'statuses_count': 35663,
            'time_zone': None,
            'translator_type': 'none',
            'url': None,
            'utc_offset': None,
            'verified': False}}
----------Summary----------
{ 'entities': {},
  'id_str': '1156340044451459073',
  'retweeted_status': { 'entities': { 'urls': { 'display_url': 'twitter.com/i/web/status/1…',
                                                'expanded_url': 'https://twitter.com/i/web/status/1156297540528046080'}},
                        'id_str': '1156297540528046080',
                        'text': 'there will be folks who walk into '
                                '#onceuponatimeinhollywood with little-to-no '
                                'knowledge of sharon tate, charles man '
                                'https://t.co/vwwa2vhfez',
                        'user': { 'entities': {},
                                  'id_str': '18025035',
                                  'twitter_user': 'ScottMendelson'}},
  'text': 'rt @scottmendelson: there will be folks who walk into '
          '#onceuponatimeinhollywood with little-to-no knowledge of sharon '
          'tate, charles manson,',
  'user': { 'entities': {},
            'id_str': '439665380',
            'twitter_user': 'ShortneySchroed'}}
----------Groups----------
{ 'Bitcoin': ['bitcoin', 'Bitcoin', 'btc', 'satoshi nakamoto'],
  'Ethereum': ['ethereum', 'Ethereum', 'eth', 'vitalik buterin'],
  'Litecoin': ['litecoin', 'Litecoin', 'ltc', 'charles lee'],
  'Monero': ['monero', 'Monero', 'xmr', 'riccardo spagni'],
  'Ripple': [ 'ripple',
              'Ripple',
              'xrp',
              'xrapid',
              'xcurrent',
              'chris larsen',
              'jed mccaleb']}
---------------------------Fetch-------2019-07-31 16:00:16.322426: Tweet filed under "misc":----------Data----------
{ 'contributors': None,
  'coordinates': None,
  'created_at': 'Tue Jul 30 22:57:45 +0000 2019',
  'entities': { 'hashtags': [ { 'indices': [54, 79],
                                'text': 'OnceUponATimeInHollywood'}],
                'symbols': [],
                'urls': [],
                'user_mentions': [ { 'id': 18025035,
                                     'id_str': '18025035',
                                     'indices': [3, 18],
                                     'name': 'Scott Mendelson',
                                     'screen_name': 'ScottMendelson'}]},
  'favorite_count': 0,
  'favorited': False,
  'geo': None,
  'id': 1156338117428809728,
  'id_str': '1156338117428809728',
  'in_reply_to_screen_name': None,
  'in_reply_to_status_id': None,
  'in_reply_to_status_id_str': None,
  'in_reply_to_user_id': None,
  'in_reply_to_user_id_str': None,
  'is_quote_status': False,
  'lang': 'en',
  'metadata': {'iso_language_code': 'en', 'result_type': 'recent'},
  'place': None,
  'retweet_count': 6,
  'retweeted': False,
  'retweeted_status': { 'contributors': None,
                        'coordinates': None,
                        'created_at': 'Tue Jul 30 20:16:31 +0000 2019',
                        'entities': { 'hashtags': [ { 'indices': [34, 59],
                                                      'text': 'OnceUponATimeInHollywood'}],
                                      'symbols': [],
                                      'urls': [ { 'display_url': 'twitter.com/i/web/status/1…',
                                                  'expanded_url': 'https://twitter.com/i/web/status/1156297540528046080',
                                                  'indices': [117, 140],
                                                  'url': 'https://t.co/vwwA2VHfez'}],
                                      'user_mentions': []},
                        'favorite_count': 56,
                        'favorited': False,
                        'geo': None,
                        'id': 1156297540528046080,
                        'id_str': '1156297540528046080',
                        'in_reply_to_screen_name': None,
                        'in_reply_to_status_id': None,
                        'in_reply_to_status_id_str': None,
                        'in_reply_to_user_id': None,
                        'in_reply_to_user_id_str': None,
                        'is_quote_status': False,
                        'lang': 'en',
                        'metadata': { 'iso_language_code': 'en',
                                      'result_type': 'recent'},
                        'place': None,
                        'possibly_sensitive': False,
                        'retweet_count': 6,
                        'retweeted': False,
                        'source': '<a href="https://mobile.twitter.com" '
                                  'rel="nofollow">Twitter Web App</a>',
                        'text': 'There will be folks who walk into '
                                '#OnceUponATimeInHollywood with little-to-no '
                                'knowledge of Sharon Tate, Charles Man… '
                                'https://t.co/vwwA2VHfez',
                        'truncated': True,
                        'user': { 'contributors_enabled': False,
                                  'created_at': 'Wed Dec 10 17:49:23 +0000 '
                                                '2008',
                                  'default_profile': False,
                                  'default_profile_image': False,
                                  'description': 'Film Critic and Box Office '
                                                 'Pundit for Forbes.  All '
                                                 'opinions, attempts at humor, '
                                                 'speculation, or typos '
                                                 'contained here are not '
                                                 'affiliated with said outlet.',
                                  'entities': { 'description': {'urls': []},
                                                'url': { 'urls': [ { 'display_url': 'forbes.com/sites/scottmen…',
                                                                     'expanded_url': 'http://www.forbes.com/sites/scottmendelson/',
                                                                     'indices': [ 0,
                                                                                  22],
                                                                     'url': 'http://t.co/8zRtgLPhPE'}]}},
                                  'favourites_count': 136,
                                  'follow_request_sent': None,
                                  'followers_count': 24750,
                                  'following': None,
                                  'friends_count': 2438,
                                  'geo_enabled': True,
                                  'has_extended_profile': True,
                                  'id': 18025035,
                                  'id_str': '18025035',
                                  'is_translation_enabled': False,
                                  'is_translator': False,
                                  'lang': None,
                                  'listed_count': 563,
                                  'location': 'California',
                                  'name': 'Scott Mendelson',
                                  'notifications': None,
                                  'profile_background_color': 'C0DEED',
                                  'profile_background_image_url': 'http://abs.twimg.com/images/themes/theme1/bg.png',
                                  'profile_background_image_url_https': 'https://abs.twimg.com/images/themes/theme1/bg.png',
                                  'profile_background_tile': False,
                                  'profile_banner_url': 'https://pbs.twimg.com/profile_banners/18025035/1400382120',
                                  'profile_image_url': 'http://pbs.twimg.com/profile_images/801276518420738048/gmPpwv0H_normal.jpg',
                                  'profile_image_url_https': 'https://pbs.twimg.com/profile_images/801276518420738048/gmPpwv0H_normal.jpg',
                                  'profile_link_color': 'B30000',
                                  'profile_sidebar_border_color': 'C0DEED',
                                  'profile_sidebar_fill_color': 'DDEEF6',
                                  'profile_text_color': '333333',
                                  'profile_use_background_image': True,
                                  'protected': False,
                                  'screen_name': 'ScottMendelson',
                                  'statuses_count': 61133,
                                  'time_zone': None,
                                  'translator_type': 'none',
                                  'url': 'http://t.co/8zRtgLPhPE',
                                  'utc_offset': None,
                                  'verified': True}},
  'source': '<a href="http://twitter.com/download/iphone" '
            'rel="nofollow">Twitter for iPhone</a>',
  'text': 'RT @ScottMendelson: There will be folks who walk into '
          '#OnceUponATimeInHollywood with little-to-no knowledge of Sharon '
          'Tate, Charles Manson,…',
  'truncated': False,
  'user': { 'contributors_enabled': False,
            'created_at': 'Tue Jun 22 19:41:57 +0000 2010',
            'default_profile': False,
            'default_profile_image': False,
            'description': 'cynical at best.',
            'entities': {'description': {'urls': []}},
            'favourites_count': 2105,
            'follow_request_sent': None,
            'followers_count': 349,
            'following': None,
            'friends_count': 604,
            'geo_enabled': False,
            'has_extended_profile': False,
            'id': 158466557,
            'id_str': '158466557',
            'is_translation_enabled': False,
            'is_translator': False,
            'lang': None,
            'listed_count': 5,
            'location': '',
            'name': 'Evan',
            'notifications': None,
            'profile_background_color': 'FFFFFF',
            'profile_background_image_url': 'http://abs.twimg.com/images/themes/theme1/bg.png',
            'profile_background_image_url_https': 'https://abs.twimg.com/images/themes/theme1/bg.png',
            'profile_background_tile': True,
            'profile_banner_url': 'https://pbs.twimg.com/profile_banners/158466557/1448919043',
            'profile_image_url': 'http://pbs.twimg.com/profile_images/669567930166702080/q-WrejMa_normal.jpg',
            'profile_image_url_https': 'https://pbs.twimg.com/profile_images/669567930166702080/q-WrejMa_normal.jpg',
            'profile_link_color': '1E24D6',
            'profile_sidebar_border_color': '000000',
            'profile_sidebar_fill_color': 'D6D0AB',
            'profile_text_color': '000000',
            'profile_use_background_image': True,
            'protected': False,
            'screen_name': 'eschroeds',
            'statuses_count': 15161,
            'time_zone': None,
            'translator_type': 'none',
            'url': None,
            'utc_offset': None,
            'verified': False}}
----------Summary----------
{ 'entities': {},
  'id_str': '1156338117428809728',
  'retweeted_status': { 'entities': { 'urls': { 'display_url': 'twitter.com/i/web/status/1…',
                                                'expanded_url': 'https://twitter.com/i/web/status/1156297540528046080'}},
                        'id_str': '1156297540528046080',
                        'text': 'there will be folks who walk into '
                                '#onceuponatimeinhollywood with little-to-no '
                                'knowledge of sharon tate, charles man '
                                'https://t.co/vwwa2vhfez',
                        'user': { 'entities': {},
                                  'id_str': '18025035',
                                  'twitter_user': 'ScottMendelson'}},
  'text': 'rt @scottmendelson: there will be folks who walk into '
          '#onceuponatimeinhollywood with little-to-no knowledge of sharon '
          'tate, charles manson,',
  'user': {'entities': {}, 'id_str': '158466557', 'twitter_user': 'eschroeds'}}
----------Groups----------
{ 'Bitcoin': ['bitcoin', 'Bitcoin', 'btc', 'satoshi nakamoto'],
  'Ethereum': ['ethereum', 'Ethereum', 'eth', 'vitalik buterin'],
  'Litecoin': ['litecoin', 'Litecoin', 'ltc', 'charles lee'],
  'Monero': ['monero', 'Monero', 'xmr', 'riccardo spagni'],
  'Ripple': [ 'ripple',
              'Ripple',
              'xrp',
              'xrapid',
              'xcurrent',
              'chris larsen',
              'jed mccaleb']}
---------------------------Fetch-------2019-07-31 16:00:16.838738: Tweet filed under "misc":----------Data----------
{ 'contributors': None,
  'coordinates': None,
  'created_at': 'Tue Jul 30 22:41:00 +0000 2019',
  'entities': { 'hashtags': [],
                'symbols': [],
                'urls': [],
                'user_mentions': [ { 'id': 25545091,
                                     'id_str': '25545091',
                                     'indices': [3, 11],
                                     'name': 'The 700 Club',
                                     'screen_name': '700club'}]},
  'favorite_count': 0,
  'favorited': False,
  'geo': None,
  'id': 1156333901486407682,
  'id_str': '1156333901486407682',
  'in_reply_to_screen_name': None,
  'in_reply_to_status_id': None,
  'in_reply_to_status_id_str': None,
  'in_reply_to_user_id': None,
  'in_reply_to_user_id_str': None,
  'is_quote_status': False,
  'lang': 'en',
  'metadata': {'iso_language_code': 'en', 'result_type': 'recent'},
  'place': None,
  'retweet_count': 45,
  'retweeted': False,
  'retweeted_status': { 'contributors': None,
                        'coordinates': None,
                        'created_at': 'Tue Jul 30 21:01:15 +0000 2019',
                        'entities': { 'hashtags': [],
                                      'symbols': [],
                                      'urls': [],
                                      'user_mentions': []},
                        'favorite_count': 211,
                        'favorited': False,
                        'geo': None,
                        'id': 1156308798988005378,
                        'id_str': '1156308798988005378',
                        'in_reply_to_screen_name': None,
                        'in_reply_to_status_id': None,
                        'in_reply_to_status_id_str': None,
                        'in_reply_to_user_id': None,
                        'in_reply_to_user_id_str': None,
                        'is_quote_status': False,
                        'lang': 'en',
                        'metadata': { 'iso_language_code': 'en',
                                      'result_type': 'recent'},
                        'place': None,
                        'retweet_count': 45,
                        'retweeted': False,
                        'source': '<a href="https://www.hootsuite.com" '
                                  'rel="nofollow">Hootsuite Inc.</a>',
                        'text': '"It\'s not the strength of your faith that '
                                'saves you, but the strength of Him upon whom '
                                'you rely." - Charles Spurgeon',
                        'truncated': False,
                        'user': { 'contributors_enabled': False,
                                  'created_at': 'Fri Mar 20 18:00:53 +0000 '
                                                '2009',
                                  'default_profile': False,
                                  'default_profile_image': False,
                                  'description': 'Welcome to the official '
                                                 'Twitter page for The 700 '
                                                 'Club! Tweet us @700club or '
                                                 'use #700ClubSocial.',
                                  'entities': { 'description': {'urls': []},
                                                'url': { 'urls': [ { 'display_url': '700club.com',
                                                                     'expanded_url': 'http://www.700club.com',
                                                                     'indices': [ 0,
                                                                                  22],
                                                                     'url': 'http://t.co/PTEMz2b08z'}]}},
                                  'favourites_count': 3610,
                                  'follow_request_sent': None,
                                  'followers_count': 63724,
                                  'following': None,
                                  'friends_count': 1093,
                                  'geo_enabled': True,
                                  'has_extended_profile': True,
                                  'id': 25545091,
                                  'id_str': '25545091',
                                  'is_translation_enabled': False,
                                  'is_translator': False,
                                  'lang': None,
                                  'listed_count': 593,
                                  'location': 'Virginia Beach, VA',
                                  'name': 'The 700 Club',
                                  'notifications': None,
                                  'profile_background_color': '151839',
                                  'profile_background_image_url': 'http://abs.twimg.com/images/themes/theme1/bg.png',
                                  'profile_background_image_url_https': 'https://abs.twimg.com/images/themes/theme1/bg.png',
                                  'profile_background_tile': False,
                                  'profile_banner_url': 'https://pbs.twimg.com/profile_banners/25545091/1553693355',
                                  'profile_image_url': 'http://pbs.twimg.com/profile_images/838811445005598730/tiQqaEBl_normal.jpg',
                                  'profile_image_url_https': 'https://pbs.twimg.com/profile_images/838811445005598730/tiQqaEBl_normal.jpg',
                                  'profile_link_color': 'FAB81E',
                                  'profile_sidebar_border_color': 'FFFFFF',
                                  'profile_sidebar_fill_color': 'DDEEF6',
                                  'profile_text_color': '333333',
                                  'profile_use_background_image': True,
                                  'protected': False,
                                  'screen_name': '700club',
                                  'statuses_count': 27452,
                                  'time_zone': None,
                                  'translator_type': 'none',
                                  'url': 'http://t.co/PTEMz2b08z',
                                  'utc_offset': None,
                                  'verified': True}},
  'source': '<a href="http://twitter.com/download/android" '
            'rel="nofollow">Twitter for Android</a>',
  'text': 'RT @700club: "It\'s not the strength of your faith that saves you, '
          'but the strength of Him upon whom you rely." - Charles Spurgeon',
  'truncated': False,
  'user': { 'contributors_enabled': False,
            'created_at': 'Tue Mar 12 07:36:47 +0000 2013',
            'default_profile': False,
            'default_profile_image': False,
            'description': 'Dios no te hubiera dado la capacidad de soñar, sin '
                           'darte también la posibilidad de convertir tus '
                           'sueños en realidad.',
            'entities': {'description': {'urls': []}},
            'favourites_count': 9901,
            'follow_request_sent': None,
            'followers_count': 922,
            'following': None,
            'friends_count': 968,
            'geo_enabled': True,
            'has_extended_profile': True,
            'id': 1261368654,
            'id_str': '1261368654',
            'is_translation_enabled': False,
            'is_translator': False,
            'lang': None,
            'listed_count': 3,
            'location': 'Puerto Rico, USA ✌  🇵🇷 🇺🇸 ',
            'name': 'Raymond Lee 🇵🇷 🇺🇸',
            'notifications': None,
            'profile_background_color': '000000',
            'profile_background_image_url': 'http://abs.twimg.com/images/themes/theme1/bg.png',
            'profile_background_image_url_https': 'https://abs.twimg.com/images/themes/theme1/bg.png',
            'profile_background_tile': False,
            'profile_banner_url': 'https://pbs.twimg.com/profile_banners/1261368654/1465946119',
            'profile_image_url': 'http://pbs.twimg.com/profile_images/742857719116267520/vL-zhw0__normal.jpg',
            'profile_image_url_https': 'https://pbs.twimg.com/profile_images/742857719116267520/vL-zhw0__normal.jpg',
            'profile_link_color': '4A913C',
            'profile_sidebar_border_color': '000000',
            'profile_sidebar_fill_color': '000000',
            'profile_text_color': '000000',
            'profile_use_background_image': False,
            'protected': False,
            'screen_name': 'Raymond_Lee_',
            'statuses_count': 6182,
            'time_zone': None,
            'translator_type': 'none',
            'url': None,
            'utc_offset': None,
            'verified': False}}
----------Summary----------
{ 'entities': {},
  'id_str': '1156333901486407682',
  'retweeted_status': { 'entities': {},
                        'id_str': '1156308798988005378',
                        'text': '"it\'s not the strength of your faith that '
                                'saves you, but the strength of him upon whom '
                                'you rely." - charles spurgeon',
                        'user': { 'entities': {},
                                  'id_str': '25545091',
                                  'twitter_user': '700club'}},
  'text': 'rt @700club: "it\'s not the strength of your faith that saves you, '
          'but the strength of him upon whom you rely." - charles spurgeon',
  'user': { 'entities': {},
            'id_str': '1261368654',
            'twitter_user': 'Raymond_Lee_'}}
----------Groups----------
{ 'Bitcoin': ['bitcoin', 'Bitcoin', 'btc', 'satoshi nakamoto'],
  'Ethereum': ['ethereum', 'Ethereum', 'eth', 'vitalik buterin'],
  'Litecoin': ['litecoin', 'Litecoin', 'ltc', 'charles lee'],
  'Monero': ['monero', 'Monero', 'xmr', 'riccardo spagni'],
  'Ripple': [ 'ripple',
              'Ripple',
              'xrp',
              'xrapid',
              'xcurrent',
              'chris larsen',
              'jed mccaleb']}
---------------------------Fetch-------2019-07-31 16:00:17.048799: Tweet filed under "misc":----------Data----------
{ 'contributors': None,
  'coordinates': None,
  'created_at': 'Tue Jul 30 22:20:02 +0000 2019',
  'entities': { 'hashtags': [],
                'symbols': [],
                'urls': [ { 'display_url': 'thewrap.com/bruce-lee-daug…',
                            'expanded_url': 'https://www.thewrap.com/bruce-lee-daughter-mockery-once-upon-a-time-in-hollywood-shannon-lee/',
                            'indices': [69, 92],
                            'url': 'https://t.co/ish4yOfPHU'}],
                'user_mentions': []},
  'favorite_count': 0,
  'favorited': False,
  'geo': None,
  'id': 1156328625618194432,
  'id_str': '1156328625618194432',
  'in_reply_to_screen_name': None,
  'in_reply_to_status_id': None,
  'in_reply_to_status_id_str': None,
  'in_reply_to_user_id': None,
  'in_reply_to_user_id_str': None,
  'is_quote_status': False,
  'lang': 'en',
  'metadata': {'iso_language_code': 'en', 'result_type': 'recent'},
  'place': None,
  'possibly_sensitive': True,
  'retweet_count': 0,
  'retweeted': False,
  'source': '<a href="http://www.facebook.com/twitter" '
            'rel="nofollow">Facebook</a>',
  'text': "Bruce Lee's Daughter: 'Once Upon a Time... in Hollywood' a "
          "'Mockery' https://t.co/ish4yOfPHU",
  'truncated': False,
  'user': { 'contributors_enabled': False,
            'created_at': 'Sat Mar 07 04:23:40 +0000 2009',
            'default_profile': False,
            'default_profile_image': False,
            'description': 'Otaku (Nerdy) Computer Guy! - #Actor #Comedian '
                           '#Gamer #Technologist #MartialArtist #Artist '
                           '#Writer @otakutimesus @rukasubudodojo',
            'entities': { 'description': {'urls': []},
                          'url': { 'urls': [ { 'display_url': 'charlesolucas.com',
                                               'expanded_url': 'http://www.charlesolucas.com',
                                               'indices': [0, 23],
                                               'url': 'https://t.co/TqeCwYOrpE'}]}},
            'favourites_count': 231,
            'follow_request_sent': None,
            'followers_count': 402,
            'following': None,
            'friends_count': 2072,
            'geo_enabled': True,
            'has_extended_profile': True,
            'id': 23163493,
            'id_str': '23163493',
            'is_translation_enabled': False,
            'is_translator': False,
            'lang': None,
            'listed_count': 8,
            'location': 'Flushing (Queens), NY',
            'name': 'Charles O. Lucas チャールズ ルーカス',
            'notifications': None,
            'profile_background_color': 'C0DEED',
            'profile_background_image_url': 'http://abs.twimg.com/images/themes/theme1/bg.png',
            'profile_background_image_url_https': 'https://abs.twimg.com/images/themes/theme1/bg.png',
            'profile_background_tile': True,
            'profile_banner_url': 'https://pbs.twimg.com/profile_banners/23163493/1535805042',
            'profile_image_url': 'http://pbs.twimg.com/profile_images/1024131741391437831/i1GohhUU_normal.jpg',
            'profile_image_url_https': 'https://pbs.twimg.com/profile_images/1024131741391437831/i1GohhUU_normal.jpg',
            'profile_link_color': '0084B4',
            'profile_sidebar_border_color': 'C0DEED',
            'profile_sidebar_fill_color': 'DDEEF6',
            'profile_text_color': '333333',
            'profile_use_background_image': True,
            'protected': False,
            'screen_name': 'Charles_O_Lucas',
            'statuses_count': 19628,
            'time_zone': None,
            'translator_type': 'none',
            'url': 'https://t.co/TqeCwYOrpE',
            'utc_offset': None,
            'verified': False}}
----------Summary----------
{ 'entities': { 'urls': { 'display_url': 'thewrap.com/bruce-lee-daug…',
                          'expanded_url': 'https://www.thewrap.com/bruce-lee-daughter-mockery-once-upon-a-time-in-hollywood-shannon-lee/'}},
  'id_str': '1156328625618194432',
  'text': "bruce lee's daughter: 'once upon a time... in hollywood' a "
          "'mockery' https://t.co/ish4yofphu",
  'user': { 'entities': {},
            'id_str': '23163493',
            'twitter_user': 'Charles_O_Lucas'}}
----------Groups----------
{ 'Bitcoin': ['bitcoin', 'Bitcoin', 'btc', 'satoshi nakamoto'],
  'Ethereum': ['ethereum', 'Ethereum', 'eth', 'vitalik buterin'],
  'Litecoin': ['litecoin', 'Litecoin', 'ltc', 'charles lee'],
  'Monero': ['monero', 'Monero', 'xmr', 'riccardo spagni'],
  'Ripple': [ 'ripple',
              'Ripple',
              'xrp',
              'xrapid',
              'xcurrent',
              'chris larsen',
              'jed mccaleb']}
---------------------------Fetch-------2019-07-31 16:00:17.329054: Tweet filed under "misc":----------Data----------
{ 'contributors': None,
  'coordinates': None,
  'created_at': 'Tue Jul 30 21:59:12 +0000 2019',
  'entities': { 'hashtags': [ { 'indices': [54, 79],
                                'text': 'OnceUponATimeInHollywood'}],
                'symbols': [],
                'urls': [],
                'user_mentions': [ { 'id': 18025035,
                                     'id_str': '18025035',
                                     'indices': [3, 18],
                                     'name': 'Scott Mendelson',
                                     'screen_name': 'ScottMendelson'}]},
  'favorite_count': 0,
  'favorited': False,
  'geo': None,
  'id': 1156323382813761536,
  'id_str': '1156323382813761536',
  'in_reply_to_screen_name': None,
  'in_reply_to_status_id': None,
  'in_reply_to_status_id_str': None,
  'in_reply_to_user_id': None,
  'in_reply_to_user_id_str': None,
  'is_quote_status': False,
  'lang': 'en',
  'metadata': {'iso_language_code': 'en', 'result_type': 'recent'},
  'place': None,
  'retweet_count': 6,
  'retweeted': False,
  'retweeted_status': { 'contributors': None,
                        'coordinates': None,
                        'created_at': 'Tue Jul 30 20:16:31 +0000 2019',
                        'entities': { 'hashtags': [ { 'indices': [34, 59],
                                                      'text': 'OnceUponATimeInHollywood'}],
                                      'symbols': [],
                                      'urls': [ { 'display_url': 'twitter.com/i/web/status/1…',
                                                  'expanded_url': 'https://twitter.com/i/web/status/1156297540528046080',
                                                  'indices': [117, 140],
                                                  'url': 'https://t.co/vwwA2VHfez'}],
                                      'user_mentions': []},
                        'favorite_count': 56,
                        'favorited': False,
                        'geo': None,
                        'id': 1156297540528046080,
                        'id_str': '1156297540528046080',
                        'in_reply_to_screen_name': None,
                        'in_reply_to_status_id': None,
                        'in_reply_to_status_id_str': None,
                        'in_reply_to_user_id': None,
                        'in_reply_to_user_id_str': None,
                        'is_quote_status': False,
                        'lang': 'en',
                        'metadata': { 'iso_language_code': 'en',
                                      'result_type': 'recent'},
                        'place': None,
                        'possibly_sensitive': False,
                        'retweet_count': 6,
                        'retweeted': False,
                        'source': '<a href="https://mobile.twitter.com" '
                                  'rel="nofollow">Twitter Web App</a>',
                        'text': 'There will be folks who walk into '
                                '#OnceUponATimeInHollywood with little-to-no '
                                'knowledge of Sharon Tate, Charles Man… '
                                'https://t.co/vwwA2VHfez',
                        'truncated': True,
                        'user': { 'contributors_enabled': False,
                                  'created_at': 'Wed Dec 10 17:49:23 +0000 '
                                                '2008',
                                  'default_profile': False,
                                  'default_profile_image': False,
                                  'description': 'Film Critic and Box Office '
                                                 'Pundit for Forbes.  All '
                                                 'opinions, attempts at humor, '
                                                 'speculation, or typos '
                                                 'contained here are not '
                                                 'affiliated with said outlet.',
                                  'entities': { 'description': {'urls': []},
                                                'url': { 'urls': [ { 'display_url': 'forbes.com/sites/scottmen…',
                                                                     'expanded_url': 'http://www.forbes.com/sites/scottmendelson/',
                                                                     'indices': [ 0,
                                                                                  22],
                                                                     'url': 'http://t.co/8zRtgLPhPE'}]}},
                                  'favourites_count': 136,
                                  'follow_request_sent': None,
                                  'followers_count': 24750,
                                  'following': None,
                                  'friends_count': 2438,
                                  'geo_enabled': True,
                                  'has_extended_profile': True,
                                  'id': 18025035,
                                  'id_str': '18025035',
                                  'is_translation_enabled': False,
                                  'is_translator': False,
                                  'lang': None,
                                  'listed_count': 563,
                                  'location': 'California',
                                  'name': 'Scott Mendelson',
                                  'notifications': None,
                                  'profile_background_color': 'C0DEED',
                                  'profile_background_image_url': 'http://abs.twimg.com/images/themes/theme1/bg.png',
                                  'profile_background_image_url_https': 'https://abs.twimg.com/images/themes/theme1/bg.png',
                                  'profile_background_tile': False,
                                  'profile_banner_url': 'https://pbs.twimg.com/profile_banners/18025035/1400382120',
                                  'profile_image_url': 'http://pbs.twimg.com/profile_images/801276518420738048/gmPpwv0H_normal.jpg',
                                  'profile_image_url_https': 'https://pbs.twimg.com/profile_images/801276518420738048/gmPpwv0H_normal.jpg',
                                  'profile_link_color': 'B30000',
                                  'profile_sidebar_border_color': 'C0DEED',
                                  'profile_sidebar_fill_color': 'DDEEF6',
                                  'profile_text_color': '333333',
                                  'profile_use_background_image': True,
                                  'protected': False,
                                  'screen_name': 'ScottMendelson',
                                  'statuses_count': 61133,
                                  'time_zone': None,
                                  'translator_type': 'none',
                                  'url': 'http://t.co/8zRtgLPhPE',
                                  'utc_offset': None,
                                  'verified': True}},
  'source': '<a href="http://twitter.com/download/iphone" '
            'rel="nofollow">Twitter for iPhone</a>',
  'text': 'RT @ScottMendelson: There will be folks who walk into '
          '#OnceUponATimeInHollywood with little-to-no knowledge of Sharon '
          'Tate, Charles Manson,…',
  'truncated': False,
  'user': { 'contributors_enabled': False,
            'created_at': 'Thu Dec 16 22:33:36 +0000 2010',
            'default_profile': False,
            'default_profile_image': False,
            'description': 'Va au Cinéma depuis 1976 - Lis des Comic Books '
                           'depuis 1978 - I work for Dick Jones.',
            'entities': { 'description': {'urls': []},
                          'url': { 'urls': [ { 'display_url': 'cinemadroide.com',
                                               'expanded_url': 'http://cinemadroide.com',
                                               'indices': [0, 23],
                                               'url': 'https://t.co/hoYhOnxe5o'}]}},
            'favourites_count': 9010,
            'follow_request_sent': None,
            'followers_count': 1314,
            'following': None,
            'friends_count': 971,
            'geo_enabled': True,
            'has_extended_profile': True,
            'id': 227466923,
            'id_str': '227466923',
            'is_translation_enabled': False,
            'is_translator': False,
            'lang': None,
            'listed_count': 97,
            'location': 'Earth 616',
            'name': 'Patrice S.',
            'notifications': None,
            'profile_background_color': '2F517E',
            'profile_background_image_url': 'http://abs.twimg.com/images/themes/theme15/bg.png',
            'profile_background_image_url_https': 'https://abs.twimg.com/images/themes/theme15/bg.png',
            'profile_background_tile': True,
            'profile_banner_url': 'https://pbs.twimg.com/profile_banners/227466923/1563132515',
            'profile_image_url': 'http://pbs.twimg.com/profile_images/1089091182871957506/yN4FhAw9_normal.jpg',
            'profile_image_url_https': 'https://pbs.twimg.com/profile_images/1089091182871957506/yN4FhAw9_normal.jpg',
            'profile_link_color': '2F517E',
            'profile_sidebar_border_color': 'FFFFFF',
            'profile_sidebar_fill_color': 'FFFFFF',
            'profile_text_color': '000000',
            'profile_use_background_image': True,
            'protected': False,
            'screen_name': 'Cinemadroide',
            'statuses_count': 127687,
            'time_zone': None,
            'translator_type': 'none',
            'url': 'https://t.co/hoYhOnxe5o',
            'utc_offset': None,
            'verified': False}}
----------Summary----------
{ 'entities': {},
  'id_str': '1156323382813761536',
  'retweeted_status': { 'entities': { 'urls': { 'display_url': 'twitter.com/i/web/status/1…',
                                                'expanded_url': 'https://twitter.com/i/web/status/1156297540528046080'}},
                        'id_str': '1156297540528046080',
                        'text': 'there will be folks who walk into '
                                '#onceuponatimeinhollywood with little-to-no '
                                'knowledge of sharon tate, charles man '
                                'https://t.co/vwwa2vhfez',
                        'user': { 'entities': {},
                                  'id_str': '18025035',
                                  'twitter_user': 'ScottMendelson'}},
  'text': 'rt @scottmendelson: there will be folks who walk into '
          '#onceuponatimeinhollywood with little-to-no knowledge of sharon '
          'tate, charles manson,',
  'user': { 'entities': {},
            'id_str': '227466923',
            'twitter_user': 'Cinemadroide'}}
----------Groups----------
{ 'Bitcoin': ['bitcoin', 'Bitcoin', 'btc', 'satoshi nakamoto'],
  'Ethereum': ['ethereum', 'Ethereum', 'eth', 'vitalik buterin'],
  'Litecoin': ['litecoin', 'Litecoin', 'ltc', 'charles lee'],
  'Monero': ['monero', 'Monero', 'xmr', 'riccardo spagni'],
  'Ripple': [ 'ripple',
              'Ripple',
              'xrp',
              'xrapid',
              'xcurrent',
              'chris larsen',
              'jed mccaleb']}
---------------------------Fetch-------2019-07-31 16:00:17.555054: Tweet filed under "misc":----------Data----------
{ 'contributors': None,
  'coordinates': None,
  'created_at': 'Tue Jul 30 21:50:58 +0000 2019',
  'entities': { 'hashtags': [],
                'symbols': [],
                'urls': [],
                'user_mentions': [ { 'id': 2330739312,
                                     'id_str': '2330739312',
                                     'indices': [3, 19],
                                     'name': 'Jessica Peña 💞',
                                     'screen_name': 'the_cinemabliss'}]},
  'favorite_count': 0,
  'favorited': False,
  'geo': None,
  'id': 1156321310571671552,
  'id_str': '1156321310571671552',
  'in_reply_to_screen_name': None,
  'in_reply_to_status_id': None,
  'in_reply_to_status_id_str': None,
  'in_reply_to_user_id': None,
  'in_reply_to_user_id_str': None,
  'is_quote_status': True,
  'lang': 'en',
  'metadata': {'iso_language_code': 'en', 'result_type': 'recent'},
  'place': None,
  'quoted_status_id': 1155979805159878656,
  'quoted_status_id_str': '1155979805159878656',
  'retweet_count': 8405,
  'retweeted': False,
  'retweeted_status': { 'contributors': None,
                        'coordinates': None,
                        'created_at': 'Tue Jul 30 05:23:13 +0000 2019',
                        'entities': { 'hashtags': [],
                                      'symbols': [],
                                      'urls': [ { 'display_url': 'twitter.com/i/web/status/1…',
                                                  'expanded_url': 'https://twitter.com/i/web/status/1156072734729887746',
                                                  'indices': [117, 140],
                                                  'url': 'https://t.co/20PDm6apWU'}],
                                      'user_mentions': []},
                        'favorite_count': 35102,
                        'favorited': False,
                        'geo': None,
                        'id': 1156072734729887746,
                        'id_str': '1156072734729887746',
                        'in_reply_to_screen_name': None,
                        'in_reply_to_status_id': None,
                        'in_reply_to_status_id_str': None,
                        'in_reply_to_user_id': None,
                        'in_reply_to_user_id_str': None,
                        'is_quote_status': True,
                        'lang': 'en',
                        'metadata': { 'iso_language_code': 'en',
                                      'result_type': 'recent'},
                        'place': None,
                        'possibly_sensitive': False,
                        'quoted_status': { 'contributors': None,
                                           'coordinates': None,
                                           'created_at': 'Mon Jul 29 23:13:57 '
                                                         '+0000 2019',
                                           'entities': { 'hashtags': [],
                                                         'media': [ { 'display_url': 'pic.twitter.com/fNzP2vkKJo',
                                                                      'expanded_url': 'https://twitter.com/TheWrap/status/1155979805159878656/photo/1',
                                                                      'id': 1155979802836267008,
                                                                      'id_str': '1155979802836267008',
                                                                      'indices': [ 117,
                                                                                   140],
                                                                      'media_url': 'http://pbs.twimg.com/media/EArdgYuU8AAZeLW.jpg',
                                                                      'media_url_https': 'https://pbs.twimg.com/media/EArdgYuU8AAZeLW.jpg',
                                                                      'sizes': { 'large': { 'h': 824,
                                                                                            'resize': 'fit',
                                                                                            'w': 1236},
                                                                                 'medium': { 'h': 800,
                                                                                             'resize': 'fit',
                                                                                             'w': 1200},
                                                                                 'small': { 'h': 453,
                                                                                            'resize': 'fit',
                                                                                            'w': 680},
                                                                                 'thumb': { 'h': 150,
                                                                                            'resize': 'crop',
                                                                                            'w': 150}},
                                                                      'type': 'photo',
                                                                      'url': 'https://t.co/fNzP2vkKJo'}],
                                                         'symbols': [],
                                                         'urls': [ { 'display_url': 'thewrap.com/bruce-lee-daug…',
                                                                     'expanded_url': 'https://www.thewrap.com/bruce-lee-daughter-mockery-once-upon-a-time-in-hollywood-shannon-lee/',
                                                                     'indices': [ 93,
                                                                                  116],
                                                                     'url': 'https://t.co/h6RvKzqeYw'}],
                                                         'user_mentions': []},
                                           'extended_entities': { 'media': [ { 'display_url': 'pic.twitter.com/fNzP2vkKJo',
                                                                               'expanded_url': 'https://twitter.com/TheWrap/status/1155979805159878656/photo/1',
                                                                               'id': 1155979802836267008,
                                                                               'id_str': '1155979802836267008',
                                                                               'indices': [ 117,
                                                                                            140],
                                                                               'media_url': 'http://pbs.twimg.com/media/EArdgYuU8AAZeLW.jpg',
                                                                               'media_url_https': 'https://pbs.twimg.com/media/EArdgYuU8AAZeLW.jpg',
                                                                               'sizes': { 'large': { 'h': 824,
                                                                                                     'resize': 'fit',
                                                                                                     'w': 1236},
                                                                                          'medium': { 'h': 800,
                                                                                                      'resize': 'fit',
                                                                                                      'w': 1200},
                                                                                          'small': { 'h': 453,
                                                                                                     'resize': 'fit',
                                                                                                     'w': 680},
                                                                                          'thumb': { 'h': 150,
                                                                                                     'resize': 'crop',
                                                                                                     'w': 150}},
                                                                               'type': 'photo',
                                                                               'url': 'https://t.co/fNzP2vkKJo'}]},
                                           'favorite_count': 2225,
                                           'favorited': False,
                                           'geo': None,
                                           'id': 1155979805159878656,
                                           'id_str': '1155979805159878656',
                                           'in_reply_to_screen_name': None,
                                           'in_reply_to_status_id': None,
                                           'in_reply_to_status_id_str': None,
                                           'in_reply_to_user_id': None,
                                           'in_reply_to_user_id_str': None,
                                           'is_quote_status': False,
                                           'lang': 'en',
                                           'metadata': { 'iso_language_code': 'en',
                                                         'result_type': 'recent'},
                                           'place': None,
                                           'possibly_sensitive': False,
                                           'retweet_count': 776,
                                           'retweeted': False,
                                           'source': '<a '
                                                     'href="http://www.thewrap.com" '
                                                     'rel="nofollow">TheWrap</a>',
                                           'text': "Bruce Lee's Daughter "
                                                   "Saddened by 'Mockery' in "
                                                   "'Once Upon a Time... in "
                                                   "Hollywood' (Exclusive) "
                                                   'https://t.co/h6RvKzqeYw '
                                                   'https://t.co/fNzP2vkKJo',
                                           'truncated': False,
                                           'user': { 'contributors_enabled': False,
                                                     'created_at': 'Wed Jan 07 '
                                                                   '22:37:11 '
                                                                   '+0000 2009',
                                                     'default_profile': False,
                                                     'default_profile_image': False,
                                                     'description': "We've Got "
                                                                    'Hollywood '
                                                                    'Covered. '
                                                                    'Follow '
                                                                    'our '
                                                                    'Instagram '
                                                                    'for '
                                                                    'behind '
                                                                    'the '
                                                                    'scenes '
                                                                    'everything: '
                                                                    'thewrap',
                                                     'entities': { 'description': { 'urls': [ ]},
                                                                   'url': { 'urls': [ { 'display_url': 'thewrap.com',
                                                                                        'expanded_url': 'http://www.thewrap.com',
                                                                                        'indices': [ 0,
                                                                                                     23],
                                                                                        'url': 'https://t.co/9ZQnO3GK2m'}]}},
                                                     'favourites_count': 16326,
                                                     'follow_request_sent': None,
                                                     'followers_count': 231869,
                                                     'following': None,
                                                     'friends_count': 12460,
                                                     'geo_enabled': True,
                                                     'has_extended_profile': False,
                                                     'id': 18742360,
                                                     'id_str': '18742360',
                                                     'is_translation_enabled': False,
                                                     'is_translator': False,
                                                     'lang': None,
                                                     'listed_count': 4404,
                                                     'location': 'Los Angeles, '
                                                                 'CA',
                                                     'name': 'TheWrap',
                                                     'notifications': None,
                                                     'profile_background_color': 'FA0300',
                                                     'profile_background_image_url': 'http://abs.twimg.com/images/themes/theme7/bg.gif',
                                                     'profile_background_image_url_https': 'https://abs.twimg.com/images/themes/theme7/bg.gif',
                                                     'profile_background_tile': False,
                                                     'profile_banner_url': 'https://pbs.twimg.com/profile_banners/18742360/1560974300',
                                                     'profile_image_url': 'http://pbs.twimg.com/profile_images/953694175647510528/dCLFtQti_normal.jpg',
                                                     'profile_image_url_https': 'https://pbs.twimg.com/profile_images/953694175647510528/dCLFtQti_normal.jpg',
                                                     'profile_link_color': 'C84B4B',
                                                     'profile_sidebar_border_color': 'FFFFFF',
                                                     'profile_sidebar_fill_color': 'F3F3F3',
                                                     'profile_text_color': '333333',
                                                     'profile_use_background_image': False,
                                                     'protected': False,
                                                     'screen_name': 'TheWrap',
                                                     'statuses_count': 193963,
                                                     'time_zone': None,
                                                     'translator_type': 'none',
                                                     'url': 'https://t.co/9ZQnO3GK2m',
                                                     'utc_offset': None,
                                                     'verified': True}},
                        'quoted_status_id': 1155979805159878656,
                        'quoted_status_id_str': '1155979805159878656',
                        'retweet_count': 8405,
                        'retweeted': False,
                        'source': '<a '
                                  'href="http://twitter.com/download/android" '
                                  'rel="nofollow">Twitter for Android</a>',
                        'text': '"Lee said it’s disheartening to see her '
                                'father portrayed as an arrogant blowhard, '
                                'because in truth, as an Asian-Ame… '
                                'https://t.co/20PDm6apWU',
                        'truncated': True,
                        'user': { 'contributors_enabled': False,
                                  'created_at': 'Thu Feb 06 19:25:29 +0000 '
                                                '2014',
                                  'default_profile': False,
                                  'default_profile_image': False,
                                  'description': 'Letterboxd: '
                                                 'https://t.co/HHxr7Xay69 🇺🇾 - '
                                                 '@wfccwomen @theOAFFC & '
                                                 'OFTA.\n'
                                                 'Content Editor '
                                                 '@JUMPCUT_ONLINE News '
                                                 'reporter/writer '
                                                 '@AwardsCircuit '
                                                 'jessica_pena129@yahoo.com',
                                  'entities': { 'description': { 'urls': [ { 'display_url': 'bit.ly/2Cv224E',
                                                                             'expanded_url': 'http://bit.ly/2Cv224E',
                                                                             'indices': [ 12,
                                                                                          35],
                                                                             'url': 'https://t.co/HHxr7Xay69'}]},
                                                'url': { 'urls': [ { 'display_url': 'jumpcutonline.co.uk',
                                                                     'expanded_url': 'http://jumpcutonline.co.uk',
                                                                     'indices': [ 0,
                                                                                  23],
                                                                     'url': 'https://t.co/P5ea81xJRf'}]}},
                                  'favourites_count': 47220,
                                  'follow_request_sent': None,
                                  'followers_count': 2540,
                                  'following': None,
                                  'friends_count': 3337,
                                  'geo_enabled': True,
                                  'has_extended_profile': True,
                                  'id': 2330739312,
                                  'id_str': '2330739312',
                                  'is_translation_enabled': False,
                                  'is_translator': False,
                                  'lang': None,
                                  'listed_count': 47,
                                  'location': 'Birmingham, AL',
                                  'name': 'Jessica Peña 💞',
                                  'notifications': None,
                                  'profile_background_color': '000000',
                                  'profile_background_image_url': 'http://abs.twimg.com/images/themes/theme15/bg.png',
                                  'profile_background_image_url_https': 'https://abs.twimg.com/images/themes/theme15/bg.png',
                                  'profile_background_tile': False,
                                  'profile_banner_url': 'https://pbs.twimg.com/profile_banners/2330739312/1561520833',
                                  'profile_image_url': 'http://pbs.twimg.com/profile_images/1092004316364193797/oUEN-l9H_normal.jpg',
                                  'profile_image_url_https': 'https://pbs.twimg.com/profile_images/1092004316364193797/oUEN-l9H_normal.jpg',
                                  'profile_link_color': '554466',
                                  'profile_sidebar_border_color': '000000',
                                  'profile_sidebar_fill_color': '000000',
                                  'profile_text_color': '000000',
                                  'profile_use_background_image': False,
                                  'protected': False,
                                  'screen_name': 'the_cinemabliss',
                                  'statuses_count': 10185,
                                  'time_zone': None,
                                  'translator_type': 'none',
                                  'url': 'https://t.co/P5ea81xJRf',
                                  'utc_offset': None,
                                  'verified': False}},
  'source': '<a href="http://twitter.com/download/android" '
            'rel="nofollow">Twitter for Android</a>',
  'text': 'RT @the_cinemabliss: "Lee said it’s disheartening to see her father '
          'portrayed as an arrogant blowhard, because in truth, as an '
          'Asian-Americ…',
  'truncated': False,
  'user': { 'contributors_enabled': False,
            'created_at': 'Mon Jan 05 22:08:48 +0000 2015',
            'default_profile': False,
            'default_profile_image': False,
            'description': 'she/her. Black + Asian. family med resident. '
                           '@natlwc4bl organizer. cat mom. mango aficionado. '
                           'occasional creative. RTs ≠ endorsements, views = '
                           'mine, etc.',
            'entities': { 'description': {'urls': []},
                          'url': { 'urls': [ { 'display_url': 'dncharles.com',
                                               'expanded_url': 'http://www.dncharles.com',
                                               'indices': [0, 23],
                                               'url': 'https://t.co/gJ2721DTaW'}]}},
            'favourites_count': 79147,
            'follow_request_sent': None,
            'followers_count': 7169,
            'following': None,
            'friends_count': 511,
            'geo_enabled': False,
            'has_extended_profile': False,
            'id': 2962867564,
            'id_str': '2962867564',
            'is_translation_enabled': False,
            'is_translator': False,
            'lang': None,
            'listed_count': 246,
            'location': 'occupied Illini territory',
            'name': 'cyborg witch, MD',
            'notifications': None,
            'profile_background_color': '000000',
            'profile_background_image_url': 'http://abs.twimg.com/images/themes/theme1/bg.png',
            'profile_background_image_url_https': 'https://abs.twimg.com/images/themes/theme1/bg.png',
            'profile_background_tile': False,
            'profile_banner_url': 'https://pbs.twimg.com/profile_banners/2962867564/1484977259',
            'profile_image_url': 'http://pbs.twimg.com/profile_images/1059615543743991809/IIxOdcoy_normal.jpg',
            'profile_image_url_https': 'https://pbs.twimg.com/profile_images/1059615543743991809/IIxOdcoy_normal.jpg',
            'profile_link_color': '82477C',
            'profile_sidebar_border_color': '000000',
            'profile_sidebar_fill_color': '000000',
            'profile_text_color': '000000',
            'profile_use_background_image': False,
            'protected': False,
            'screen_name': 'dn_charles',
            'statuses_count': 151102,
            'time_zone': None,
            'translator_type': 'none',
            'url': 'https://t.co/gJ2721DTaW',
            'utc_offset': None,
            'verified': False}}
----------Summary----------
{ 'entities': {},
  'id_str': '1156321310571671552',
  'retweeted_status': { 'entities': { 'urls': { 'display_url': 'twitter.com/i/web/status/1…',
                                                'expanded_url': 'https://twitter.com/i/web/status/1156072734729887746'}},
                        'id_str': '1156072734729887746',
                        'quoted_status': { 'entities': { 'urls': { 'display_url': 'thewrap.com/bruce-lee-daug…',
                                                                   'expanded_url': 'https://www.thewrap.com/bruce-lee-daughter-mockery-once-upon-a-time-in-hollywood-shannon-lee/'}},
                                           'id_str': '1155979805159878656',
                                           'text': "bruce lee's daughter "
                                                   "saddened by 'mockery' in "
                                                   "'once upon a time... in "
                                                   "hollywood' (exclusive) "
                                                   'https://t.co/h6rvkzqeyw '
                                                   'https://t.co/fnzp2vkkjo',
                                           'user': { 'entities': {},
                                                     'id_str': '18742360',
                                                     'twitter_user': 'TheWrap'}},
                        'text': '"lee said its disheartening to see her father '
                                'portrayed as an arrogant blowhard, because in '
                                'truth, as an asian-ame '
                                'https://t.co/20pdm6apwu',
                        'user': { 'entities': {},
                                  'id_str': '2330739312',
                                  'twitter_user': 'the_cinemabliss'}},
  'text': 'rt @the_cinemabliss: "lee said its disheartening to see her father '
          'portrayed as an arrogant blowhard, because in truth, as an '
          'asian-americ',
  'user': { 'entities': {},
            'id_str': '2962867564',
            'twitter_user': 'dn_charles'}}
----------Groups----------
{ 'Bitcoin': ['bitcoin', 'Bitcoin', 'btc', 'satoshi nakamoto'],
  'Ethereum': ['ethereum', 'Ethereum', 'eth', 'vitalik buterin'],
  'Litecoin': ['litecoin', 'Litecoin', 'ltc', 'charles lee'],
  'Monero': ['monero', 'Monero', 'xmr', 'riccardo spagni'],
  'Ripple': [ 'ripple',
              'Ripple',
              'xrp',
              'xrapid',
              'xcurrent',
              'chris larsen',
              'jed mccaleb']}
---------------------------Fetch-------2019-07-31 16:00:18.161759: Tweet filed under "misc":----------Data----------
{ 'contributors': None,
  'coordinates': None,
  'created_at': 'Tue Jul 30 21:39:59 +0000 2019',
  'entities': { 'hashtags': [],
                'symbols': [],
                'urls': [],
                'user_mentions': [ { 'id': 25911963,
                                     'id_str': '25911963',
                                     'indices': [0, 13],
                                     'name': 'Charles Gaba',
                                     'screen_name': 'charles_gaba'}]},
  'favorite_count': 0,
  'favorited': False,
  'geo': None,
  'id': 1156318545401135104,
  'id_str': '1156318545401135104',
  'in_reply_to_screen_name': 'charles_gaba',
  'in_reply_to_status_id': 1156317618049048576,
  'in_reply_to_status_id_str': '1156317618049048576',
  'in_reply_to_user_id': 25911963,
  'in_reply_to_user_id_str': '25911963',
  'is_quote_status': False,
  'lang': 'en',
  'metadata': {'iso_language_code': 'en', 'result_type': 'recent'},
  'place': None,
  'retweet_count': 0,
  'retweeted': False,
  'source': '<a href="https://mobile.twitter.com" rel="nofollow">Twitter Web '
            'App</a>',
  'text': '@charles_gaba but they can die in a blaze while you rest knowing '
          "you're right ...",
  'truncated': False,
  'user': { 'contributors_enabled': False,
            'created_at': 'Sun Jan 29 21:12:43 +0000 2017',
            'default_profile': True,
            'default_profile_image': False,
            'description': 'Stuff, mumble mumble, real person ...',
            'entities': {'description': {'urls': []}},
            'favourites_count': 5305,
            'follow_request_sent': None,
            'followers_count': 31,
            'following': None,
            'friends_count': 176,
            'geo_enabled': False,
            'has_extended_profile': False,
            'id': 825813952273711111,
            'id_str': '825813952273711111',
            'is_translation_enabled': False,
            'is_translator': False,
            'lang': None,
            'listed_count': 0,
            'location': '',
            'name': 'Lee Fife',
            'notifications': None,
            'profile_background_color': 'F5F8FA',
            'profile_background_image_url': None,
            'profile_background_image_url_https': None,
            'profile_background_tile': False,
            'profile_banner_url': 'https://pbs.twimg.com/profile_banners/825813952273711111/1535158876',
            'profile_image_url': 'http://pbs.twimg.com/profile_images/1012878523130736643/Q_MAY3ki_normal.jpg',
            'profile_image_url_https': 'https://pbs.twimg.com/profile_images/1012878523130736643/Q_MAY3ki_normal.jpg',
            'profile_link_color': '1DA1F2',
            'profile_sidebar_border_color': 'C0DEED',
            'profile_sidebar_fill_color': 'DDEEF6',
            'profile_text_color': '333333',
            'profile_use_background_image': True,
            'protected': False,
            'screen_name': 'colo_lee',
            'statuses_count': 1794,
            'time_zone': None,
            'translator_type': 'none',
            'url': None,
            'utc_offset': None,
            'verified': False}}
----------Summary----------
{ 'entities': {},
  'id_str': '1156318545401135104',
  'text': '@charles_gaba but they can die in a blaze while you rest knowing '
          "you're right ...",
  'user': { 'entities': {},
            'id_str': '825813952273711111',
            'twitter_user': 'colo_lee'}}
----------Groups----------
{ 'Bitcoin': ['bitcoin', 'Bitcoin', 'btc', 'satoshi nakamoto'],
  'Ethereum': ['ethereum', 'Ethereum', 'eth', 'vitalik buterin'],
  'Litecoin': ['litecoin', 'Litecoin', 'ltc', 'charles lee'],
  'Monero': ['monero', 'Monero', 'xmr', 'riccardo spagni'],
  'Ripple': [ 'ripple',
              'Ripple',
              'xrp',
              'xrapid',
              'xcurrent',
              'chris larsen',
              'jed mccaleb']}
---------------------------Fetch-------2019-07-31 16:00:18.392668: Tweet filed under "misc":----------Data----------
{ 'contributors': None,
  'coordinates': None,
  'created_at': 'Tue Jul 30 21:35:47 +0000 2019',
  'entities': { 'hashtags': [],
                'symbols': [],
                'urls': [ { 'display_url': 'twitter.com/i/web/status/1…',
                            'expanded_url': 'https://twitter.com/i/web/status/1156317487836909568',
                            'indices': [116, 139],
                            'url': 'https://t.co/3kQpYxXf5c'}],
                'user_mentions': []},
  'favorite_count': 1,
  'favorited': False,
  'geo': None,
  'id': 1156317487836909568,
  'id_str': '1156317487836909568',
  'in_reply_to_screen_name': None,
  'in_reply_to_status_id': None,
  'in_reply_to_status_id_str': None,
  'in_reply_to_user_id': None,
  'in_reply_to_user_id_str': None,
  'is_quote_status': False,
  'lang': 'en',
  'metadata': {'iso_language_code': 'en', 'result_type': 'recent'},
  'place': None,
  'possibly_sensitive': False,
  'retweet_count': 0,
  'retweeted': False,
  'source': '<a href="http://twitter.com/download/android" '
            'rel="nofollow">Twitter for Android</a>',
  'text': '1 ) oliver twist - Charles dickens (first book 1 could read '
          'independantly) 2) love , stargirl - Jerry spinelli (my… '
          'https://t.co/3kQpYxXf5c',
  'truncated': True,
  'user': { 'contributors_enabled': False,
            'created_at': 'Sat Jul 09 20:40:45 +0000 2016',
            'default_profile': False,
            'default_profile_image': False,
            'description': 'a not so bengali but kinda eastern asian looking '
                           'person.\n'
                           '🇧🇩🇦🇪',
            'entities': { 'description': {'urls': []},
                          'url': { 'urls': [ { 'display_url': 'instagram.com/angaanaa/',
                                               'expanded_url': 'https://www.instagram.com/angaanaa/',
                                               'indices': [0, 23],
                                               'url': 'https://t.co/LK0bIdCq89'}]}},
            'favourites_count': 666,
            'follow_request_sent': None,
            'followers_count': 23,
            'following': None,
            'friends_count': 53,
            'geo_enabled': True,
            'has_extended_profile': True,
            'id': 751878781279801345,
            'id_str': '751878781279801345',
            'is_translation_enabled': False,
            'is_translator': False,
            'lang': None,
            'listed_count': 0,
            'location': 'Abu Dhabi, United Arab Emirate',
            'name': 'angana🐝',
            'notifications': None,
            'profile_background_color': '000000',
            'profile_background_image_url': 'http://abs.twimg.com/images/themes/theme1/bg.png',
            'profile_background_image_url_https': 'https://abs.twimg.com/images/themes/theme1/bg.png',
            'profile_background_tile': False,
            'profile_banner_url': 'https://pbs.twimg.com/profile_banners/751878781279801345/1564349843',
            'profile_image_url': 'http://pbs.twimg.com/profile_images/1156305572708409344/F7pEs3dB_normal.jpg',
            'profile_image_url_https': 'https://pbs.twimg.com/profile_images/1156305572708409344/F7pEs3dB_normal.jpg',
            'profile_link_color': 'ABB8C2',
            'profile_sidebar_border_color': '000000',
            'profile_sidebar_fill_color': '000000',
            'profile_text_color': '000000',
            'profile_use_background_image': False,
            'protected': False,
            'screen_name': 'stupidangana',
            'statuses_count': 66,
            'time_zone': None,
            'translator_type': 'none',
            'url': 'https://t.co/LK0bIdCq89',
            'utc_offset': None,
            'verified': False}}
----------Summary----------
{ 'entities': { 'urls': { 'display_url': 'twitter.com/i/web/status/1…',
                          'expanded_url': 'https://twitter.com/i/web/status/1156317487836909568'}},
  'id_str': '1156317487836909568',
  'text': '1 ) oliver twist - charles dickens (first book 1 could read '
          'independantly) 2) love , stargirl - jerry spinelli (my '
          'https://t.co/3kqpyxxf5c',
  'user': { 'entities': {},
            'id_str': '751878781279801345',
            'twitter_user': 'stupidangana'}}
----------Groups----------
{ 'Bitcoin': ['bitcoin', 'Bitcoin', 'btc', 'satoshi nakamoto'],
  'Ethereum': ['ethereum', 'Ethereum', 'eth', 'vitalik buterin'],
  'Litecoin': ['litecoin', 'Litecoin', 'ltc', 'charles lee'],
  'Monero': ['monero', 'Monero', 'xmr', 'riccardo spagni'],
  'Ripple': [ 'ripple',
              'Ripple',
              'xrp',
              'xrapid',
              'xcurrent',
              'chris larsen',
              'jed mccaleb']}
---------------------------Fetch-------2019-07-31 16:00:18.678879: Tweet filed under "misc":----------Data----------
{ 'contributors': None,
  'coordinates': None,
  'created_at': 'Tue Jul 30 21:18:48 +0000 2019',
  'entities': { 'hashtags': [],
                'symbols': [],
                'urls': [ { 'display_url': 'twitter.com/i/web/status/1…',
                            'expanded_url': 'https://twitter.com/i/web/status/1156313213790822406',
                            'indices': [116, 139],
                            'url': 'https://t.co/RTadacM1WA'}],
                'user_mentions': []},
  'favorite_count': 0,
  'favorited': False,
  'geo': None,
  'id': 1156313213790822406,
  'id_str': '1156313213790822406',
  'in_reply_to_screen_name': None,
  'in_reply_to_status_id': None,
  'in_reply_to_status_id_str': None,
  'in_reply_to_user_id': None,
  'in_reply_to_user_id_str': None,
  'is_quote_status': False,
  'lang': 'en',
  'metadata': {'iso_language_code': 'en', 'result_type': 'recent'},
  'place': None,
  'retweet_count': 0,
  'retweeted': False,
  'source': '<a href="https://mobile.twitter.com" rel="nofollow">Twitter Web '
            'App</a>',
  'text': 'Tough decision here!\n'
          '1. A Tale of Two Cities (Charles Dickens) -- I may or may not have '
          'shed some tears for Sydney… https://t.co/RTadacM1WA',
  'truncated': True,
  'user': { 'contributors_enabled': False,
            'created_at': 'Tue Jan 05 06:46:09 +0000 2016',
            'default_profile': False,
            'default_profile_image': False,
            'description': 'Natural language processing | Big data | Machine '
                           'learning | Health | Social media... and more.. '
                           'Assistant Professor and #newPI @ Emory DBMI. '
                           'Opinions are my own',
            'entities': { 'description': {'urls': []},
                          'url': { 'urls': [ { 'display_url': 'abeedsarker.com',
                                               'expanded_url': 'https://abeedsarker.com',
                                               'indices': [0, 23],
                                               'url': 'https://t.co/dy92IYdTer'}]}},
            'favourites_count': 1984,
            'follow_request_sent': None,
            'followers_count': 936,
            'following': None,
            'friends_count': 1465,
            'geo_enabled': True,
            'has_extended_profile': True,
            'id': 4712272236,
            'id_str': '4712272236',
            'is_translation_enabled': False,
            'is_translator': False,
            'lang': None,
            'listed_count': 43,
            'location': 'Atlanta, GA',
            'name': 'Abeed Sarker, PhD',
            'notifications': None,
            'profile_background_color': '000000',
            'profile_background_image_url': 'http://abs.twimg.com/images/themes/theme1/bg.png',
            'profile_background_image_url_https': 'https://abs.twimg.com/images/themes/theme1/bg.png',
            'profile_background_tile': False,
            'profile_banner_url': 'https://pbs.twimg.com/profile_banners/4712272236/1476420513',
            'profile_image_url': 'http://pbs.twimg.com/profile_images/1036122618175389696/Mcjl6ARC_normal.jpg',
            'profile_image_url_https': 'https://pbs.twimg.com/profile_images/1036122618175389696/Mcjl6ARC_normal.jpg',
            'profile_link_color': 'E81C4F',
            'profile_sidebar_border_color': '000000',
            'profile_sidebar_fill_color': '000000',
            'profile_text_color': '000000',
            'profile_use_background_image': False,
            'protected': False,
            'screen_name': 'sarkerabeed',
            'statuses_count': 1043,
            'time_zone': None,
            'translator_type': 'none',
            'url': 'https://t.co/dy92IYdTer',
            'utc_offset': None,
            'verified': False}}
----------Summary----------
{ 'entities': { 'urls': { 'display_url': 'twitter.com/i/web/status/1…',
                          'expanded_url': 'https://twitter.com/i/web/status/1156313213790822406'}},
  'id_str': '1156313213790822406',
  'text': 'tough decision here! 1. a tale of two cities (charles dickens) -- i '
          'may or may not have shed some tears for sydney '
          'https://t.co/rtadacm1wa',
  'user': { 'entities': {},
            'id_str': '4712272236',
            'twitter_user': 'sarkerabeed'}}
----------Groups----------
{ 'Bitcoin': ['bitcoin', 'Bitcoin', 'btc', 'satoshi nakamoto'],
  'Ethereum': ['ethereum', 'Ethereum', 'eth', 'vitalik buterin'],
  'Litecoin': ['litecoin', 'Litecoin', 'ltc', 'charles lee'],
  'Monero': ['monero', 'Monero', 'xmr', 'riccardo spagni'],
  'Ripple': [ 'ripple',
              'Ripple',
              'xrp',
              'xrapid',
              'xcurrent',
              'chris larsen',
              'jed mccaleb']}
---------------------------Fetch-------2019-07-31 16:00:19.189931: Tweet filed under "misc":----------Data----------
{ 'contributors': None,
  'coordinates': None,
  'created_at': 'Tue Jul 30 20:16:31 +0000 2019',
  'entities': { 'hashtags': [ { 'indices': [34, 59],
                                'text': 'OnceUponATimeInHollywood'}],
                'symbols': [],
                'urls': [ { 'display_url': 'twitter.com/i/web/status/1…',
                            'expanded_url': 'https://twitter.com/i/web/status/1156297540528046080',
                            'indices': [117, 140],
                            'url': 'https://t.co/vwwA2VHfez'}],
                'user_mentions': []},
  'favorite_count': 56,
  'favorited': False,
  'geo': None,
  'id': 1156297540528046080,
  'id_str': '1156297540528046080',
  'in_reply_to_screen_name': None,
  'in_reply_to_status_id': None,
  'in_reply_to_status_id_str': None,
  'in_reply_to_user_id': None,
  'in_reply_to_user_id_str': None,
  'is_quote_status': False,
  'lang': 'en',
  'metadata': {'iso_language_code': 'en', 'result_type': 'recent'},
  'place': None,
  'possibly_sensitive': False,
  'retweet_count': 6,
  'retweeted': False,
  'source': '<a href="https://mobile.twitter.com" rel="nofollow">Twitter Web '
            'App</a>',
  'text': 'There will be folks who walk into #OnceUponATimeInHollywood with '
          'little-to-no knowledge of Sharon Tate, Charles Man… '
          'https://t.co/vwwA2VHfez',
  'truncated': True,
  'user': { 'contributors_enabled': False,
            'created_at': 'Wed Dec 10 17:49:23 +0000 2008',
            'default_profile': False,
            'default_profile_image': False,
            'description': 'Film Critic and Box Office Pundit for Forbes.  All '
                           'opinions, attempts at humor, speculation, or typos '
                           'contained here are not affiliated with said '
                           'outlet.',
            'entities': { 'description': {'urls': []},
                          'url': { 'urls': [ { 'display_url': 'forbes.com/sites/scottmen…',
                                               'expanded_url': 'http://www.forbes.com/sites/scottmendelson/',
                                               'indices': [0, 22],
                                               'url': 'http://t.co/8zRtgLPhPE'}]}},
            'favourites_count': 136,
            'follow_request_sent': None,
            'followers_count': 24750,
            'following': None,
            'friends_count': 2438,
            'geo_enabled': True,
            'has_extended_profile': True,
            'id': 18025035,
            'id_str': '18025035',
            'is_translation_enabled': False,
            'is_translator': False,
            'lang': None,
            'listed_count': 563,
            'location': 'California',
            'name': 'Scott Mendelson',
            'notifications': None,
            'profile_background_color': 'C0DEED',
            'profile_background_image_url': 'http://abs.twimg.com/images/themes/theme1/bg.png',
            'profile_background_image_url_https': 'https://abs.twimg.com/images/themes/theme1/bg.png',
            'profile_background_tile': False,
            'profile_banner_url': 'https://pbs.twimg.com/profile_banners/18025035/1400382120',
            'profile_image_url': 'http://pbs.twimg.com/profile_images/801276518420738048/gmPpwv0H_normal.jpg',
            'profile_image_url_https': 'https://pbs.twimg.com/profile_images/801276518420738048/gmPpwv0H_normal.jpg',
            'profile_link_color': 'B30000',
            'profile_sidebar_border_color': 'C0DEED',
            'profile_sidebar_fill_color': 'DDEEF6',
            'profile_text_color': '333333',
            'profile_use_background_image': True,
            'protected': False,
            'screen_name': 'ScottMendelson',
            'statuses_count': 61133,
            'time_zone': None,
            'translator_type': 'none',
            'url': 'http://t.co/8zRtgLPhPE',
            'utc_offset': None,
            'verified': True}}
----------Summary----------
{ 'entities': { 'urls': { 'display_url': 'twitter.com/i/web/status/1…',
                          'expanded_url': 'https://twitter.com/i/web/status/1156297540528046080'}},
  'id_str': '1156297540528046080',
  'text': 'there will be folks who walk into #onceuponatimeinhollywood with '
          'little-to-no knowledge of sharon tate, charles man '
          'https://t.co/vwwa2vhfez',
  'user': { 'entities': {},
            'id_str': '18025035',
            'twitter_user': 'ScottMendelson'}}
----------Groups----------
{ 'Bitcoin': ['bitcoin', 'Bitcoin', 'btc', 'satoshi nakamoto'],
  'Ethereum': ['ethereum', 'Ethereum', 'eth', 'vitalik buterin'],
  'Litecoin': ['litecoin', 'Litecoin', 'ltc', 'charles lee'],
  'Monero': ['monero', 'Monero', 'xmr', 'riccardo spagni'],
  'Ripple': [ 'ripple',
              'Ripple',
              'xrp',
              'xrapid',
              'xcurrent',
              'chris larsen',
              'jed mccaleb']}
---------------------------Fetch-------2019-07-31 16:00:20.010414: Tweet filed under "misc":----------Data----------
{ 'contributors': None,
  'coordinates': None,
  'created_at': 'Tue Jul 30 20:03:22 +0000 2019',
  'entities': { 'hashtags': [{'indices': [30, 46], 'text': 'AssassinsCreed3'}],
                'symbols': [],
                'urls': [ { 'display_url': 'twitch.tv/peralt',
                            'expanded_url': 'http://twitch.tv/peralt',
                            'indices': [53, 76],
                            'url': 'https://t.co/84GPAyn8Dt'}],
                'user_mentions': [ { 'id': 769848173997256704,
                                     'id_str': '769848173997256704',
                                     'indices': [3, 18],
                                     'name': 'Peralt',
                                     'screen_name': 'PeraltIsGaming'}]},
  'favorite_count': 0,
  'favorited': False,
  'geo': None,
  'id': 1156294232182796289,
  'id_str': '1156294232182796289',
  'in_reply_to_screen_name': None,
  'in_reply_to_status_id': None,
  'in_reply_to_status_id_str': None,
  'in_reply_to_user_id': None,
  'in_reply_to_user_id_str': None,
  'is_quote_status': False,
  'lang': 'en',
  'metadata': {'iso_language_code': 'en', 'result_type': 'recent'},
  'place': None,
  'possibly_sensitive': False,
  'retweet_count': 6,
  'retweeted': False,
  'retweeted_status': { 'contributors': None,
                        'coordinates': None,
                        'created_at': 'Tue Jul 30 18:51:15 +0000 2019',
                        'entities': { 'hashtags': [ { 'indices': [10, 26],
                                                      'text': 'AssassinsCreed3'}],
                                      'symbols': [],
                                      'urls': [ { 'display_url': 'twitch.tv/peralt',
                                                  'expanded_url': 'http://twitch.tv/peralt',
                                                  'indices': [33, 56],
                                                  'url': 'https://t.co/84GPAyn8Dt'},
                                                { 'display_url': 'twitter.com/i/web/status/1…',
                                                  'expanded_url': 'https://twitter.com/i/web/status/1156276083571998720',
                                                  'indices': [120, 143],
                                                  'url': 'https://t.co/N1p7eyE2Ri'}],
                                      'user_mentions': []},
                        'favorite_count': 7,
                        'favorited': False,
                        'geo': None,
                        'id': 1156276083571998720,
                        'id_str': '1156276083571998720',
                        'in_reply_to_screen_name': None,
                        'in_reply_to_status_id': None,
                        'in_reply_to_status_id_str': None,
                        'in_reply_to_user_id': None,
                        'in_reply_to_user_id_str': None,
                        'is_quote_status': False,
                        'lang': 'en',
                        'metadata': { 'iso_language_code': 'en',
                                      'result_type': 'recent'},
                        'place': None,
                        'possibly_sensitive': False,
                        'retweet_count': 6,
                        'retweeted': False,
                        'source': '<a '
                                  'href="https://about.twitter.com/products/tweetdeck" '
                                  'rel="nofollow">TweetDeck</a>',
                        'text': 'LIVE with #AssassinsCreed3\n'
                                '\n'
                                '~&gt;https://t.co/84GPAyn8Dt\n'
                                '\n'
                                'Join me during the American Revolution and '
                                'Connor Kenway ask… https://t.co/N1p7eyE2Ri',
                        'truncated': True,
                        'user': { 'contributors_enabled': False,
                                  'created_at': 'Sun Aug 28 10:44:42 +0000 '
                                                '2016',
                                  'default_profile': True,
                                  'default_profile_image': False,
                                  'description': 'Streamer. Girl gamer. '
                                                 'Survival Horror freak. '
                                                 'Witcher of Kaer Morhen. '
                                                 "Vivi's no.1 fan. B99 "
                                                 'fangirl. Twitch Affiliate. '
                                                 'Multifandom as hell '
                                                 '[she/her]',
                                  'entities': { 'description': {'urls': []},
                                                'url': { 'urls': [ { 'display_url': 'twitch.tv/peralt',
                                                                     'expanded_url': 'https://www.twitch.tv/peralt',
                                                                     'indices': [ 0,
                                                                                  23],
                                                                     'url': 'https://t.co/UIQwxMSlQL'}]}},
                                  'favourites_count': 2669,
                                  'follow_request_sent': None,
                                  'followers_count': 1580,
                                  'following': None,
                                  'friends_count': 979,
                                  'geo_enabled': False,
                                  'has_extended_profile': True,
                                  'id': 769848173997256704,
                                  'id_str': '769848173997256704',
                                  'is_translation_enabled': False,
                                  'is_translator': False,
                                  'lang': None,
                                  'listed_count': 7,
                                  'location': 'NINE NINE',
                                  'name': 'Birthday Peralt!',
                                  'notifications': None,
                                  'profile_background_color': 'F5F8FA',
                                  'profile_background_image_url': None,
                                  'profile_background_image_url_https': None,
                                  'profile_background_tile': False,
                                  'profile_banner_url': 'https://pbs.twimg.com/profile_banners/769848173997256704/1559083043',
                                  'profile_image_url': 'http://pbs.twimg.com/profile_images/1095748938915815424/ZfYEg24U_normal.jpg',
                                  'profile_image_url_https': 'https://pbs.twimg.com/profile_images/1095748938915815424/ZfYEg24U_normal.jpg',
                                  'profile_link_color': '1DA1F2',
                                  'profile_sidebar_border_color': 'C0DEED',
                                  'profile_sidebar_fill_color': 'DDEEF6',
                                  'profile_text_color': '333333',
                                  'profile_use_background_image': True,
                                  'protected': False,
                                  'screen_name': 'PeraltIsGaming',
                                  'statuses_count': 9796,
                                  'time_zone': None,
                                  'translator_type': 'none',
                                  'url': 'https://t.co/UIQwxMSlQL',
                                  'utc_offset': None,
                                  'verified': False}},
  'source': '<a href="http://twitter.com/download/android" '
            'rel="nofollow">Twitter for Android</a>',
  'text': 'RT @PeraltIsGaming: LIVE with #AssassinsCreed3\n'
          '\n'
          '~&gt;https://t.co/84GPAyn8Dt\n'
          '\n'
          'Join me during the American Revolution and Connor Kenway asks...…',
  'truncated': False,
  'user': { 'contributors_enabled': False,
            'created_at': 'Tue Apr 25 01:19:01 +0000 2017',
            'default_profile': True,
            'default_profile_image': False,
            'description': 'twitch streamer, MTG nerd',
            'entities': { 'description': {'urls': []},
                          'url': { 'urls': [ { 'display_url': 'twitch.tv/immortalgarris…',
                                               'expanded_url': 'http://twitch.tv/immortalgarrison',
                                               'indices': [0, 23],
                                               'url': 'https://t.co/RBwLhg2iuI'}]}},
            'favourites_count': 2252,
            'follow_request_sent': None,
            'followers_count': 552,
            'following': None,
            'friends_count': 568,
            'geo_enabled': False,
            'has_extended_profile': True,
            'id': 856678900797243394,
            'id_str': '856678900797243394',
            'is_translation_enabled': False,
            'is_translator': False,
            'lang': None,
            'listed_count': 4,
            'location': '',
            'name': 'ImmortalGarrison [PftM] [OSF] [B42]',
            'notifications': None,
            'profile_background_color': 'F5F8FA',
            'profile_background_image_url': None,
            'profile_background_image_url_https': None,
            'profile_background_tile': False,
            'profile_banner_url': 'https://pbs.twimg.com/profile_banners/856678900797243394/1506447431',
            'profile_image_url': 'http://pbs.twimg.com/profile_images/1116192325552824320/NiMBzGFj_normal.jpg',
            'profile_image_url_https': 'https://pbs.twimg.com/profile_images/1116192325552824320/NiMBzGFj_normal.jpg',
            'profile_link_color': '1DA1F2',
            'profile_sidebar_border_color': 'C0DEED',
            'profile_sidebar_fill_color': 'DDEEF6',
            'profile_text_color': '333333',
            'profile_use_background_image': True,
            'protected': False,
            'screen_name': 'AaronGarrison88',
            'statuses_count': 2030,
            'time_zone': None,
            'translator_type': 'none',
            'url': 'https://t.co/RBwLhg2iuI',
            'utc_offset': None,
            'verified': False}}
----------Summary----------
{ 'entities': { 'urls': { 'display_url': 'twitch.tv/peralt',
                          'expanded_url': 'http://twitch.tv/peralt'}},
  'id_str': '1156294232182796289',
  'retweeted_status': { 'entities': { 'urls': { 'display_url': 'twitter.com/i/web/status/1…',
                                                'expanded_url': 'https://twitter.com/i/web/status/1156276083571998720'}},
                        'id_str': '1156276083571998720',
                        'text': 'live with #assassinscreed3  '
                                '~&gt;https://t.co/84gpayn8dt  join me during '
                                'the american revolution and connor kenway ask '
                                'https://t.co/n1p7eye2ri',
                        'user': { 'entities': {},
                                  'id_str': '769848173997256704',
                                  'twitter_user': 'PeraltIsGaming'}},
  'text': 'rt @peraltisgaming: live with #assassinscreed3  '
          '~&gt;https://t.co/84gpayn8dt  join me during the american '
          'revolution and connor kenway asks...',
  'user': { 'entities': {},
            'id_str': '856678900797243394',
            'twitter_user': 'AaronGarrison88'}}
----------Groups----------
{ 'Bitcoin': ['bitcoin', 'Bitcoin', 'btc', 'satoshi nakamoto'],
  'Ethereum': ['ethereum', 'Ethereum', 'eth', 'vitalik buterin'],
  'Litecoin': ['litecoin', 'Litecoin', 'ltc', 'charles lee'],
  'Monero': ['monero', 'Monero', 'xmr', 'riccardo spagni'],
  'Ripple': [ 'ripple',
              'Ripple',
              'xrp',
              'xrapid',
              'xcurrent',
              'chris larsen',
              'jed mccaleb']}
---------------------------Fetch-------2019-07-31 16:00:20.624394: Tweet filed under "misc":----------Data----------
{ 'contributors': None,
  'coordinates': None,
  'created_at': 'Tue Jul 30 19:28:16 +0000 2019',
  'entities': { 'hashtags': [],
                'symbols': [],
                'urls': [ { 'display_url': 'twitter.com/i/web/status/1…',
                            'expanded_url': 'https://twitter.com/i/web/status/1156285399708438529',
                            'indices': [117, 140],
                            'url': 'https://t.co/3fQo9mwz0u'}],
                'user_mentions': [ { 'id': 18839937,
                                     'id_str': '18839937',
                                     'indices': [0, 8],
                                     'name': 'UAEApprovedHat',
                                     'screen_name': 'Popehat'}]},
  'favorite_count': 3,
  'favorited': False,
  'geo': None,
  'id': 1156285399708438529,
  'id_str': '1156285399708438529',
  'in_reply_to_screen_name': 'Popehat',
  'in_reply_to_status_id': 1156272491825729536,
  'in_reply_to_status_id_str': '1156272491825729536',
  'in_reply_to_user_id': 18839937,
  'in_reply_to_user_id_str': '18839937',
  'is_quote_status': False,
  'lang': 'en',
  'metadata': {'iso_language_code': 'en', 'result_type': 'recent'},
  'place': None,
  'possibly_sensitive': False,
  'retweet_count': 0,
  'retweeted': False,
  'source': '<a href="https://mobile.twitter.com" rel="nofollow">Twitter Web '
            'App</a>',
  'text': '@Popehat While IQ/heritability is almost 100% a Charles Murray '
          'reference (and evolution/sex differences is a more v… '
          'https://t.co/3fQo9mwz0u',
  'truncated': True,
  'user': { 'contributors_enabled': False,
            'created_at': 'Wed Feb 03 17:59:43 +0000 2016',
            'default_profile': True,
            'default_profile_image': False,
            'description': 'I say what I think. Politically wrong-wing. '
                           'Occasionally tweet music I already tweeted.\n'
                           '\n'
                           'Ask not what art can do for the world, ask what '
                           'art can do for you.',
            'entities': {'description': {'urls': []}},
            'favourites_count': 9273,
            'follow_request_sent': None,
            'followers_count': 106,
            'following': None,
            'friends_count': 173,
            'geo_enabled': False,
            'has_extended_profile': False,
            'id': 694943360277151744,
            'id_str': '694943360277151744',
            'is_translation_enabled': False,
            'is_translator': False,
            'lang': None,
            'listed_count': 10,
            'location': '',
            'name': 'Lightning_Shade',
            'notifications': None,
            'profile_background_color': 'F5F8FA',
            'profile_background_image_url': None,
            'profile_background_image_url_https': None,
            'profile_background_tile': False,
            'profile_banner_url': 'https://pbs.twimg.com/profile_banners/694943360277151744/1564177745',
            'profile_image_url': 'http://pbs.twimg.com/profile_images/1154582756560637952/jIAsJSN8_normal.jpg',
            'profile_image_url_https': 'https://pbs.twimg.com/profile_images/1154582756560637952/jIAsJSN8_normal.jpg',
            'profile_link_color': '1DA1F2',
            'profile_sidebar_border_color': 'C0DEED',
            'profile_sidebar_fill_color': 'DDEEF6',
            'profile_text_color': '333333',
            'profile_use_background_image': True,
            'protected': False,
            'screen_name': 'LightningShade0',
            'statuses_count': 22766,
            'time_zone': None,
            'translator_type': 'none',
            'url': None,
            'utc_offset': None,
            'verified': False}}
----------Summary----------
{ 'entities': { 'urls': { 'display_url': 'twitter.com/i/web/status/1…',
                          'expanded_url': 'https://twitter.com/i/web/status/1156285399708438529'}},
  'id_str': '1156285399708438529',
  'text': '@popehat while iq/heritability is almost 100% a charles murray '
          'reference (and evolution/sex differences is a more v '
          'https://t.co/3fqo9mwz0u',
  'user': { 'entities': {},
            'id_str': '694943360277151744',
            'twitter_user': 'LightningShade0'}}
----------Groups----------
{ 'Bitcoin': ['bitcoin', 'Bitcoin', 'btc', 'satoshi nakamoto'],
  'Ethereum': ['ethereum', 'Ethereum', 'eth', 'vitalik buterin'],
  'Litecoin': ['litecoin', 'Litecoin', 'ltc', 'charles lee'],
  'Monero': ['monero', 'Monero', 'xmr', 'riccardo spagni'],
  'Ripple': [ 'ripple',
              'Ripple',
              'xrp',
              'xrapid',
              'xcurrent',
              'chris larsen',
              'jed mccaleb']}
---------------------------Fetch-------2019-07-31 16:00:21.238190: Tweet filed under "misc":----------Data----------
{ 'contributors': None,
  'coordinates': None,
  'created_at': 'Tue Jul 30 19:15:33 +0000 2019',
  'entities': { 'hashtags': [],
                'symbols': [],
                'urls': [ { 'display_url': 'twitter.com/i/web/status/1…',
                            'expanded_url': 'https://twitter.com/i/web/status/1156282199441924097',
                            'indices': [117, 140],
                            'url': 'https://t.co/KYrLM5T3ew'}],
                'user_mentions': []},
  'favorite_count': 0,
  'favorited': False,
  'geo': None,
  'id': 1156282199441924097,
  'id_str': '1156282199441924097',
  'in_reply_to_screen_name': None,
  'in_reply_to_status_id': None,
  'in_reply_to_status_id_str': None,
  'in_reply_to_user_id': None,
  'in_reply_to_user_id_str': None,
  'is_quote_status': False,
  'lang': 'en',
  'metadata': {'iso_language_code': 'en', 'result_type': 'recent'},
  'place': None,
  'possibly_sensitive': False,
  'retweet_count': 0,
  'retweeted': False,
  'source': '<a href="https://mobile.twitter.com" rel="nofollow">Twitter Web '
            'App</a>',
  'text': 'BILLY JOEL AND THE PIANO MEN - A Tribute\n'
          'August 23 at 8pm\n'
          '\n'
          'Tickets are $42.00.  "Billy Joel and The Piano Men" cele… '
          'https://t.co/KYrLM5T3ew',
  'truncated': True,
  'user': { 'contributors_enabled': False,
            'created_at': 'Fri Feb 24 17:19:55 +0000 2012',
            'default_profile': False,
            'default_profile_image': False,
            'description': 'The Academy Theatre for performing arts is a '
                           'multi-use venue ideal for rehearsals and '
                           'performances located in the heart of historic '
                           'downtown Lindsay.',
            'entities': { 'description': {'urls': []},
                          'url': { 'urls': [ { 'display_url': 'academytheatre.ca',
                                               'expanded_url': 'http://academytheatre.ca',
                                               'indices': [0, 22],
                                               'url': 'http://t.co/q6rRlbNwRi'}]}},
            'favourites_count': 14,
            'follow_request_sent': None,
            'followers_count': 1239,
            'following': None,
            'friends_count': 194,
            'geo_enabled': False,
            'has_extended_profile': False,
            'id': 501963816,
            'id_str': '501963816',
            'is_translation_enabled': False,
            'is_translator': False,
            'lang': None,
            'listed_count': 27,
            'location': 'Lindsay, Ontario',
            'name': 'Academy Theatre',
            'notifications': None,
            'profile_background_color': '131516',
            'profile_background_image_url': 'http://abs.twimg.com/images/themes/theme1/bg.png',
            'profile_background_image_url_https': 'https://abs.twimg.com/images/themes/theme1/bg.png',
            'profile_background_tile': True,
            'profile_banner_url': 'https://pbs.twimg.com/profile_banners/501963816/1549568229',
            'profile_image_url': 'http://pbs.twimg.com/profile_images/1093594811825704961/9YgP2Kq2_normal.jpg',
            'profile_image_url_https': 'https://pbs.twimg.com/profile_images/1093594811825704961/9YgP2Kq2_normal.jpg',
            'profile_link_color': '009999',
            'profile_sidebar_border_color': 'FFFFFF',
            'profile_sidebar_fill_color': 'DDEEF6',
            'profile_text_color': '333333',
            'profile_use_background_image': True,
            'protected': False,
            'screen_name': 'AcademyTheatre1',
            'statuses_count': 9943,
            'time_zone': None,
            'translator_type': 'none',
            'url': 'http://t.co/q6rRlbNwRi',
            'utc_offset': None,
            'verified': False}}
----------Summary----------
{ 'entities': { 'urls': { 'display_url': 'twitter.com/i/web/status/1…',
                          'expanded_url': 'https://twitter.com/i/web/status/1156282199441924097'}},
  'id_str': '1156282199441924097',
  'text': 'billy joel and the piano men - a tribute august 23 at 8pm  tickets '
          'are $42.00.  "billy joel and the piano men" cele '
          'https://t.co/kyrlm5t3ew',
  'user': { 'entities': {},
            'id_str': '501963816',
            'twitter_user': 'AcademyTheatre1'}}
----------Groups----------
{ 'Bitcoin': ['bitcoin', 'Bitcoin', 'btc', 'satoshi nakamoto'],
  'Ethereum': ['ethereum', 'Ethereum', 'eth', 'vitalik buterin'],
  'Litecoin': ['litecoin', 'Litecoin', 'ltc', 'charles lee'],
  'Monero': ['monero', 'Monero', 'xmr', 'riccardo spagni'],
  'Ripple': [ 'ripple',
              'Ripple',
              'xrp',
              'xrapid',
              'xcurrent',
              'chris larsen',
              'jed mccaleb']}
---------------------------Fetch-------2019-07-31 16:00:21.767947: Tweet filed under "misc":----------Data----------
{ 'contributors': None,
  'coordinates': None,
  'created_at': 'Tue Jul 30 19:03:11 +0000 2019',
  'entities': { 'hashtags': [],
                'symbols': [],
                'urls': [ { 'display_url': 'twitter.com/i/web/status/1…',
                            'expanded_url': 'https://twitter.com/i/web/status/1156279085229912065',
                            'indices': [115, 138],
                            'url': 'https://t.co/KT27rVhHRT'}],
                'user_mentions': [ { 'id': 22279296,
                                     'id_str': '22279296',
                                     'indices': [0, 12],
                                     'name': 'Paul Burston',
                                     'screen_name': 'PaulBurston'},
                                   { 'id': 2816947358,
                                     'id_str': '2816947358',
                                     'indices': [13, 23],
                                     'name': 'Kit de Waal',
                                     'screen_name': 'KitdeWaal'},
                                   { 'id': 1875843577,
                                     'id_str': '1875843577',
                                     'indices': [24, 36],
                                     'name': 'Polari Prize',
                                     'screen_name': 'PolariPrize'},
                                   { 'id': 324546384,
                                     'id_str': '324546384',
                                     'indices': [37, 51],
                                     'name': 'Patrick Gale',
                                     'screen_name': 'PNovelistGale'},
                                   { 'id': 169956316,
                                     'id_str': '169956316',
                                     'indices': [52, 68],
                                     'name': 'Charles Lambert #FBPE',
                                     'screen_name': 'charles_lambert'},
                                   { 'id': 23930735,
                                     'id_str': '23930735',
                                     'indices': [69, 82],
                                     'name': 'Andrew McMillan',
                                     'screen_name': 'AndrewPoetry'},
                                   { 'id': 393421515,
                                     'id_str': '393421515',
                                     'indices': [83, 99],
                                     'name': 'Bernardine Evaristo',
                                     'screen_name': 'BernardineEvari'},
                                   { 'id': 12997252,
                                     'id_str': '12997252',
                                     'indices': [100, 113],
                                     'name': 'ChrisGribble',
                                     'screen_name': 'ChrisGribble'}]},
  'favorite_count': 2,
  'favorited': False,
  'geo': None,
  'id': 1156279085229912065,
  'id_str': '1156279085229912065',
  'in_reply_to_screen_name': 'PaulBurston',
  'in_reply_to_status_id': 1156278662435676161,
  'in_reply_to_status_id_str': '1156278662435676161',
  'in_reply_to_user_id': 22279296,
  'in_reply_to_user_id_str': '22279296',
  'is_quote_status': False,
  'lang': 'en',
  'metadata': {'iso_language_code': 'en', 'result_type': 'recent'},
  'place': None,
  'retweet_count': 0,
  'retweeted': False,
  'source': '<a href="http://twitter.com/download/iphone" '
            'rel="nofollow">Twitter for iPhone</a>',
  'text': '@PaulBurston @KitdeWaal @PolariPrize @PNovelistGale '
          '@charles_lambert @AndrewPoetry @BernardineEvari @ChrisGribble… '
          'https://t.co/KT27rVhHRT',
  'truncated': True,
  'user': { 'contributors_enabled': False,
            'created_at': 'Fri Jan 27 19:45:01 +0000 2012',
            'default_profile': True,
            'default_profile_image': False,
            'description': "Novel 'The Good Son' won @PolariPrize. Loves short "
                           'story at @LSSFest & @WordFactoryUK. Judge '
                           '@dylanthomprize & @EHUShortStory. '
                           'Interviews/reviews @irishtimes',
            'entities': { 'description': {'urls': []},
                          'url': { 'urls': [ { 'display_url': 'paulmcveighwriter.com',
                                               'expanded_url': 'https://paulmcveighwriter.com/',
                                               'indices': [0, 23],
                                               'url': 'https://t.co/VZdmlkh9Dz'}]}},
            'favourites_count': 23976,
            'follow_request_sent': None,
            'followers_count': 13693,
            'following': None,
            'friends_count': 10156,
            'geo_enabled': True,
            'has_extended_profile': False,
            'id': 476110720,
            'id_str': '476110720',
            'is_translation_enabled': False,
            'is_translator': False,
            'lang': None,
            'listed_count': 372,
            'location': 'Belfast, Northern Ireland',
            'name': 'Paul McVeigh Writer',
            'notifications': None,
            'profile_background_color': 'C0DEED',
            'profile_background_image_url': 'http://abs.twimg.com/images/themes/theme1/bg.png',
            'profile_background_image_url_https': 'https://abs.twimg.com/images/themes/theme1/bg.png',
            'profile_background_tile': False,
            'profile_banner_url': 'https://pbs.twimg.com/profile_banners/476110720/1546952938',
            'profile_image_url': 'http://pbs.twimg.com/profile_images/1094179690095538176/kXfjucPo_normal.jpg',
            'profile_image_url_https': 'https://pbs.twimg.com/profile_images/1094179690095538176/kXfjucPo_normal.jpg',
            'profile_link_color': '1DA1F2',
            'profile_sidebar_border_color': 'C0DEED',
            'profile_sidebar_fill_color': 'DDEEF6',
            'profile_text_color': '333333',
            'profile_use_background_image': True,
            'protected': False,
            'screen_name': 'paul_mc_veigh',
            'statuses_count': 31366,
            'time_zone': None,
            'translator_type': 'none',
            'url': 'https://t.co/VZdmlkh9Dz',
            'utc_offset': None,
            'verified': False}}
----------Summary----------
{ 'entities': { 'urls': { 'display_url': 'twitter.com/i/web/status/1…',
                          'expanded_url': 'https://twitter.com/i/web/status/1156279085229912065'}},
  'id_str': '1156279085229912065',
  'text': '@paulburston @kitdewaal @polariprize @pnovelistgale '
          '@charles_lambert @andrewpoetry @bernardineevari @chrisgribble '
          'https://t.co/kt27rvhhrt',
  'user': { 'entities': {},
            'id_str': '476110720',
            'twitter_user': 'paul_mc_veigh'}}
----------Groups----------
{ 'Bitcoin': ['bitcoin', 'Bitcoin', 'btc', 'satoshi nakamoto'],
  'Ethereum': ['ethereum', 'Ethereum', 'eth', 'vitalik buterin'],
  'Litecoin': ['litecoin', 'Litecoin', 'ltc', 'charles lee'],
  'Monero': ['monero', 'Monero', 'xmr', 'riccardo spagni'],
  'Ripple': [ 'ripple',
              'Ripple',
              'xrp',
              'xrapid',
              'xcurrent',
              'chris larsen',
              'jed mccaleb']}
---------------------------Fetch-------2019-07-31 16:00:22.362356: Tweet filed under "misc":----------Data----------
{ 'contributors': None,
  'coordinates': None,
  'created_at': 'Tue Jul 30 18:55:30 +0000 2019',
  'entities': { 'hashtags': [],
                'symbols': [],
                'urls': [ { 'display_url': 'twitter.com/i/web/status/1…',
                            'expanded_url': 'https://twitter.com/i/web/status/1156277154461753344',
                            'indices': [115, 138],
                            'url': 'https://t.co/X7PeHbRBbz'}],
                'user_mentions': [ { 'id': 22279296,
                                     'id_str': '22279296',
                                     'indices': [0, 12],
                                     'name': 'Paul Burston',
                                     'screen_name': 'PaulBurston'},
                                   { 'id': 2816947358,
                                     'id_str': '2816947358',
                                     'indices': [13, 23],
                                     'name': 'Kit de Waal',
                                     'screen_name': 'KitdeWaal'},
                                   { 'id': 1875843577,
                                     'id_str': '1875843577',
                                     'indices': [24, 36],
                                     'name': 'Polari Prize',
                                     'screen_name': 'PolariPrize'},
                                   { 'id': 324546384,
                                     'id_str': '324546384',
                                     'indices': [37, 51],
                                     'name': 'Patrick Gale',
                                     'screen_name': 'PNovelistGale'},
                                   { 'id': 169956316,
                                     'id_str': '169956316',
                                     'indices': [52, 68],
                                     'name': 'Charles Lambert #FBPE',
                                     'screen_name': 'charles_lambert'},
                                   { 'id': 23930735,
                                     'id_str': '23930735',
                                     'indices': [69, 82],
                                     'name': 'Andrew McMillan',
                                     'screen_name': 'AndrewPoetry'},
                                   { 'id': 393421515,
                                     'id_str': '393421515',
                                     'indices': [83, 99],
                                     'name': 'Bernardine Evaristo',
                                     'screen_name': 'BernardineEvari'},
                                   { 'id': 12997252,
                                     'id_str': '12997252',
                                     'indices': [100, 113],
                                     'name': 'ChrisGribble',
                                     'screen_name': 'ChrisGribble'}]},
  'favorite_count': 2,
  'favorited': False,
  'geo': None,
  'id': 1156277154461753344,
  'id_str': '1156277154461753344',
  'in_reply_to_screen_name': 'PaulBurston',
  'in_reply_to_status_id': 1156273297568542720,
  'in_reply_to_status_id_str': '1156273297568542720',
  'in_reply_to_user_id': 22279296,
  'in_reply_to_user_id_str': '22279296',
  'is_quote_status': False,
  'lang': 'en',
  'metadata': {'iso_language_code': 'en', 'result_type': 'recent'},
  'place': None,
  'retweet_count': 0,
  'retweeted': False,
  'source': '<a href="http://twitter.com/download/iphone" '
            'rel="nofollow">Twitter for iPhone</a>',
  'text': '@PaulBurston @KitdeWaal @PolariPrize @PNovelistGale '
          '@charles_lambert @AndrewPoetry @BernardineEvari @ChrisGribble… '
          'https://t.co/X7PeHbRBbz',
  'truncated': True,
  'user': { 'contributors_enabled': False,
            'created_at': 'Fri Jan 27 19:45:01 +0000 2012',
            'default_profile': True,
            'default_profile_image': False,
            'description': "Novel 'The Good Son' won @PolariPrize. Loves short "
                           'story at @LSSFest & @WordFactoryUK. Judge '
                           '@dylanthomprize & @EHUShortStory. '
                           'Interviews/reviews @irishtimes',
            'entities': { 'description': {'urls': []},
                          'url': { 'urls': [ { 'display_url': 'paulmcveighwriter.com',
                                               'expanded_url': 'https://paulmcveighwriter.com/',
                                               'indices': [0, 23],
                                               'url': 'https://t.co/VZdmlkh9Dz'}]}},
            'favourites_count': 23976,
            'follow_request_sent': None,
            'followers_count': 13693,
            'following': None,
            'friends_count': 10156,
            'geo_enabled': True,
            'has_extended_profile': False,
            'id': 476110720,
            'id_str': '476110720',
            'is_translation_enabled': False,
            'is_translator': False,
            'lang': None,
            'listed_count': 372,
            'location': 'Belfast, Northern Ireland',
            'name': 'Paul McVeigh Writer',
            'notifications': None,
            'profile_background_color': 'C0DEED',
            'profile_background_image_url': 'http://abs.twimg.com/images/themes/theme1/bg.png',
            'profile_background_image_url_https': 'https://abs.twimg.com/images/themes/theme1/bg.png',
            'profile_background_tile': False,
            'profile_banner_url': 'https://pbs.twimg.com/profile_banners/476110720/1546952938',
            'profile_image_url': 'http://pbs.twimg.com/profile_images/1094179690095538176/kXfjucPo_normal.jpg',
            'profile_image_url_https': 'https://pbs.twimg.com/profile_images/1094179690095538176/kXfjucPo_normal.jpg',
            'profile_link_color': '1DA1F2',
            'profile_sidebar_border_color': 'C0DEED',
            'profile_sidebar_fill_color': 'DDEEF6',
            'profile_text_color': '333333',
            'profile_use_background_image': True,
            'protected': False,
            'screen_name': 'paul_mc_veigh',
            'statuses_count': 31366,
            'time_zone': None,
            'translator_type': 'none',
            'url': 'https://t.co/VZdmlkh9Dz',
            'utc_offset': None,
            'verified': False}}
----------Summary----------
{ 'entities': { 'urls': { 'display_url': 'twitter.com/i/web/status/1…',
                          'expanded_url': 'https://twitter.com/i/web/status/1156277154461753344'}},
  'id_str': '1156277154461753344',
  'text': '@paulburston @kitdewaal @polariprize @pnovelistgale '
          '@charles_lambert @andrewpoetry @bernardineevari @chrisgribble '
          'https://t.co/x7pehbrbbz',
  'user': { 'entities': {},
            'id_str': '476110720',
            'twitter_user': 'paul_mc_veigh'}}
----------Groups----------
{ 'Bitcoin': ['bitcoin', 'Bitcoin', 'btc', 'satoshi nakamoto'],
  'Ethereum': ['ethereum', 'Ethereum', 'eth', 'vitalik buterin'],
  'Litecoin': ['litecoin', 'Litecoin', 'ltc', 'charles lee'],
  'Monero': ['monero', 'Monero', 'xmr', 'riccardo spagni'],
  'Ripple': [ 'ripple',
              'Ripple',
              'xrp',
              'xrapid',
              'xcurrent',
              'chris larsen',
              'jed mccaleb']}
---------------------------Fetch-------2019-07-31 16:00:22.673035: Tweet filed under "misc":----------Data----------
{ 'contributors': None,
  'coordinates': None,
  'created_at': 'Tue Jul 30 18:53:14 +0000 2019',
  'entities': { 'hashtags': [{'indices': [30, 46], 'text': 'AssassinsCreed3'}],
                'symbols': [],
                'urls': [ { 'display_url': 'twitch.tv/peralt',
                            'expanded_url': 'http://twitch.tv/peralt',
                            'indices': [53, 76],
                            'url': 'https://t.co/84GPAyn8Dt'}],
                'user_mentions': [ { 'id': 769848173997256704,
                                     'id_str': '769848173997256704',
                                     'indices': [3, 18],
                                     'name': 'Peralt',
                                     'screen_name': 'PeraltIsGaming'}]},
  'favorite_count': 0,
  'favorited': False,
  'geo': None,
  'id': 1156276583595986945,
  'id_str': '1156276583595986945',
  'in_reply_to_screen_name': None,
  'in_reply_to_status_id': None,
  'in_reply_to_status_id_str': None,
  'in_reply_to_user_id': None,
  'in_reply_to_user_id_str': None,
  'is_quote_status': False,
  'lang': 'en',
  'metadata': {'iso_language_code': 'en', 'result_type': 'recent'},
  'place': None,
  'possibly_sensitive': False,
  'retweet_count': 6,
  'retweeted': False,
  'retweeted_status': { 'contributors': None,
                        'coordinates': None,
                        'created_at': 'Tue Jul 30 18:51:15 +0000 2019',
                        'entities': { 'hashtags': [ { 'indices': [10, 26],
                                                      'text': 'AssassinsCreed3'}],
                                      'symbols': [],
                                      'urls': [ { 'display_url': 'twitch.tv/peralt',
                                                  'expanded_url': 'http://twitch.tv/peralt',
                                                  'indices': [33, 56],
                                                  'url': 'https://t.co/84GPAyn8Dt'},
                                                { 'display_url': 'twitter.com/i/web/status/1…',
                                                  'expanded_url': 'https://twitter.com/i/web/status/1156276083571998720',
                                                  'indices': [120, 143],
                                                  'url': 'https://t.co/N1p7eyE2Ri'}],
                                      'user_mentions': []},
                        'favorite_count': 7,
                        'favorited': False,
                        'geo': None,
                        'id': 1156276083571998720,
                        'id_str': '1156276083571998720',
                        'in_reply_to_screen_name': None,
                        'in_reply_to_status_id': None,
                        'in_reply_to_status_id_str': None,
                        'in_reply_to_user_id': None,
                        'in_reply_to_user_id_str': None,
                        'is_quote_status': False,
                        'lang': 'en',
                        'metadata': { 'iso_language_code': 'en',
                                      'result_type': 'recent'},
                        'place': None,
                        'possibly_sensitive': False,
                        'retweet_count': 6,
                        'retweeted': False,
                        'source': '<a '
                                  'href="https://about.twitter.com/products/tweetdeck" '
                                  'rel="nofollow">TweetDeck</a>',
                        'text': 'LIVE with #AssassinsCreed3\n'
                                '\n'
                                '~&gt;https://t.co/84GPAyn8Dt\n'
                                '\n'
                                'Join me during the American Revolution and '
                                'Connor Kenway ask… https://t.co/N1p7eyE2Ri',
                        'truncated': True,
                        'user': { 'contributors_enabled': False,
                                  'created_at': 'Sun Aug 28 10:44:42 +0000 '
                                                '2016',
                                  'default_profile': True,
                                  'default_profile_image': False,
                                  'description': 'Streamer. Girl gamer. '
                                                 'Survival Horror freak. '
                                                 'Witcher of Kaer Morhen. '
                                                 "Vivi's no.1 fan. B99 "
                                                 'fangirl. Twitch Affiliate. '
                                                 'Multifandom as hell '
                                                 '[she/her]',
                                  'entities': { 'description': {'urls': []},
                                                'url': { 'urls': [ { 'display_url': 'twitch.tv/peralt',
                                                                     'expanded_url': 'https://www.twitch.tv/peralt',
                                                                     'indices': [ 0,
                                                                                  23],
                                                                     'url': 'https://t.co/UIQwxMSlQL'}]}},
                                  'favourites_count': 2669,
                                  'follow_request_sent': None,
                                  'followers_count': 1580,
                                  'following': None,
                                  'friends_count': 979,
                                  'geo_enabled': False,
                                  'has_extended_profile': True,
                                  'id': 769848173997256704,
                                  'id_str': '769848173997256704',
                                  'is_translation_enabled': False,
                                  'is_translator': False,
                                  'lang': None,
                                  'listed_count': 7,
                                  'location': 'NINE NINE',
                                  'name': 'Birthday Peralt!',
                                  'notifications': None,
                                  'profile_background_color': 'F5F8FA',
                                  'profile_background_image_url': None,
                                  'profile_background_image_url_https': None,
                                  'profile_background_tile': False,
                                  'profile_banner_url': 'https://pbs.twimg.com/profile_banners/769848173997256704/1559083043',
                                  'profile_image_url': 'http://pbs.twimg.com/profile_images/1095748938915815424/ZfYEg24U_normal.jpg',
                                  'profile_image_url_https': 'https://pbs.twimg.com/profile_images/1095748938915815424/ZfYEg24U_normal.jpg',
                                  'profile_link_color': '1DA1F2',
                                  'profile_sidebar_border_color': 'C0DEED',
                                  'profile_sidebar_fill_color': 'DDEEF6',
                                  'profile_text_color': '333333',
                                  'profile_use_background_image': True,
                                  'protected': False,
                                  'screen_name': 'PeraltIsGaming',
                                  'statuses_count': 9796,
                                  'time_zone': None,
                                  'translator_type': 'none',
                                  'url': 'https://t.co/UIQwxMSlQL',
                                  'utc_offset': None,
                                  'verified': False}},
  'source': '<a href="http://twitter.com/download/android" '
            'rel="nofollow">Twitter for Android</a>',
  'text': 'RT @PeraltIsGaming: LIVE with #AssassinsCreed3\n'
          '\n'
          '~&gt;https://t.co/84GPAyn8Dt\n'
          '\n'
          'Join me during the American Revolution and Connor Kenway asks...…',
  'truncated': False,
  'user': { 'contributors_enabled': False,
            'created_at': 'Tue Aug 11 13:59:59 +0000 2009',
            'default_profile': False,
            'default_profile_image': False,
            'description': '',
            'entities': { 'description': {'urls': []},
                          'url': { 'urls': [ { 'display_url': 'youtube.com/channel/UC3PjA…',
                                               'expanded_url': 'https://www.youtube.com/channel/UC3PjAR-3-OI9ZayDLPiU1FQ/about?view_as=public',
                                               'indices': [0, 23],
                                               'url': 'https://t.co/gb3DGpm1R4'}]}},
            'favourites_count': 25762,
            'follow_request_sent': None,
            'followers_count': 317,
            'following': None,
            'friends_count': 153,
            'geo_enabled': False,
            'has_extended_profile': True,
            'id': 64720268,
            'id_str': '64720268',
            'is_translation_enabled': False,
            'is_translator': False,
            'lang': None,
            'listed_count': 4,
            'location': 'Space and Time',
            'name': 'Craggles',
            'notifications': None,
            'profile_background_color': '000000',
            'profile_background_image_url': 'http://abs.twimg.com/images/themes/theme1/bg.png',
            'profile_background_image_url_https': 'https://abs.twimg.com/images/themes/theme1/bg.png',
            'profile_background_tile': False,
            'profile_banner_url': 'https://pbs.twimg.com/profile_banners/64720268/1562798138',
            'profile_image_url': 'http://pbs.twimg.com/profile_images/1155930849260347393/sagteBus_normal.jpg',
            'profile_image_url_https': 'https://pbs.twimg.com/profile_images/1155930849260347393/sagteBus_normal.jpg',
            'profile_link_color': '1B95E0',
            'profile_sidebar_border_color': '000000',
            'profile_sidebar_fill_color': '000000',
            'profile_text_color': '000000',
            'profile_use_background_image': False,
            'protected': False,
            'screen_name': 'Crags2034',
            'statuses_count': 16312,
            'time_zone': None,
            'translator_type': 'none',
            'url': 'https://t.co/gb3DGpm1R4',
            'utc_offset': None,
            'verified': False}}
----------Summary----------
{ 'entities': { 'urls': { 'display_url': 'twitch.tv/peralt',
                          'expanded_url': 'http://twitch.tv/peralt'}},
  'id_str': '1156276583595986945',
  'retweeted_status': { 'entities': { 'urls': { 'display_url': 'twitter.com/i/web/status/1…',
                                                'expanded_url': 'https://twitter.com/i/web/status/1156276083571998720'}},
                        'id_str': '1156276083571998720',
                        'text': 'live with #assassinscreed3  '
                                '~&gt;https://t.co/84gpayn8dt  join me during '
                                'the american revolution and connor kenway ask '
                                'https://t.co/n1p7eye2ri',
                        'user': { 'entities': {},
                                  'id_str': '769848173997256704',
                                  'twitter_user': 'PeraltIsGaming'}},
  'text': 'rt @peraltisgaming: live with #assassinscreed3  '
          '~&gt;https://t.co/84gpayn8dt  join me during the american '
          'revolution and connor kenway asks...',
  'user': {'entities': {}, 'id_str': '64720268', 'twitter_user': 'Crags2034'}}
----------Groups----------
{ 'Bitcoin': ['bitcoin', 'Bitcoin', 'btc', 'satoshi nakamoto'],
  'Ethereum': ['ethereum', 'Ethereum', 'eth', 'vitalik buterin'],
  'Litecoin': ['litecoin', 'Litecoin', 'ltc', 'charles lee'],
  'Monero': ['monero', 'Monero', 'xmr', 'riccardo spagni'],
  'Ripple': [ 'ripple',
              'Ripple',
              'xrp',
              'xrapid',
              'xcurrent',
              'chris larsen',
              'jed mccaleb']}
---------------------------Fetch-------2019-07-31 16:00:22.887271: Tweet filed under "misc":----------Data----------
{ 'contributors': None,
  'coordinates': None,
  'created_at': 'Tue Jul 30 18:52:45 +0000 2019',
  'entities': { 'hashtags': [{'indices': [30, 46], 'text': 'AssassinsCreed3'}],
                'symbols': [],
                'urls': [ { 'display_url': 'twitch.tv/peralt',
                            'expanded_url': 'http://twitch.tv/peralt',
                            'indices': [53, 76],
                            'url': 'https://t.co/84GPAyn8Dt'}],
                'user_mentions': [ { 'id': 769848173997256704,
                                     'id_str': '769848173997256704',
                                     'indices': [3, 18],
                                     'name': 'Peralt',
                                     'screen_name': 'PeraltIsGaming'}]},
  'favorite_count': 0,
  'favorited': False,
  'geo': None,
  'id': 1156276462858702850,
  'id_str': '1156276462858702850',
  'in_reply_to_screen_name': None,
  'in_reply_to_status_id': None,
  'in_reply_to_status_id_str': None,
  'in_reply_to_user_id': None,
  'in_reply_to_user_id_str': None,
  'is_quote_status': False,
  'lang': 'en',
  'metadata': {'iso_language_code': 'en', 'result_type': 'recent'},
  'place': None,
  'possibly_sensitive': False,
  'retweet_count': 6,
  'retweeted': False,
  'retweeted_status': { 'contributors': None,
                        'coordinates': None,
                        'created_at': 'Tue Jul 30 18:51:15 +0000 2019',
                        'entities': { 'hashtags': [ { 'indices': [10, 26],
                                                      'text': 'AssassinsCreed3'}],
                                      'symbols': [],
                                      'urls': [ { 'display_url': 'twitch.tv/peralt',
                                                  'expanded_url': 'http://twitch.tv/peralt',
                                                  'indices': [33, 56],
                                                  'url': 'https://t.co/84GPAyn8Dt'},
                                                { 'display_url': 'twitter.com/i/web/status/1…',
                                                  'expanded_url': 'https://twitter.com/i/web/status/1156276083571998720',
                                                  'indices': [120, 143],
                                                  'url': 'https://t.co/N1p7eyE2Ri'}],
                                      'user_mentions': []},
                        'favorite_count': 7,
                        'favorited': False,
                        'geo': None,
                        'id': 1156276083571998720,
                        'id_str': '1156276083571998720',
                        'in_reply_to_screen_name': None,
                        'in_reply_to_status_id': None,
                        'in_reply_to_status_id_str': None,
                        'in_reply_to_user_id': None,
                        'in_reply_to_user_id_str': None,
                        'is_quote_status': False,
                        'lang': 'en',
                        'metadata': { 'iso_language_code': 'en',
                                      'result_type': 'recent'},
                        'place': None,
                        'possibly_sensitive': False,
                        'retweet_count': 6,
                        'retweeted': False,
                        'source': '<a '
                                  'href="https://about.twitter.com/products/tweetdeck" '
                                  'rel="nofollow">TweetDeck</a>',
                        'text': 'LIVE with #AssassinsCreed3\n'
                                '\n'
                                '~&gt;https://t.co/84GPAyn8Dt\n'
                                '\n'
                                'Join me during the American Revolution and '
                                'Connor Kenway ask… https://t.co/N1p7eyE2Ri',
                        'truncated': True,
                        'user': { 'contributors_enabled': False,
                                  'created_at': 'Sun Aug 28 10:44:42 +0000 '
                                                '2016',
                                  'default_profile': True,
                                  'default_profile_image': False,
                                  'description': 'Streamer. Girl gamer. '
                                                 'Survival Horror freak. '
                                                 'Witcher of Kaer Morhen. '
                                                 "Vivi's no.1 fan. B99 "
                                                 'fangirl. Twitch Affiliate. '
                                                 'Multifandom as hell '
                                                 '[she/her]',
                                  'entities': { 'description': {'urls': []},
                                                'url': { 'urls': [ { 'display_url': 'twitch.tv/peralt',
                                                                     'expanded_url': 'https://www.twitch.tv/peralt',
                                                                     'indices': [ 0,
                                                                                  23],
                                                                     'url': 'https://t.co/UIQwxMSlQL'}]}},
                                  'favourites_count': 2669,
                                  'follow_request_sent': None,
                                  'followers_count': 1580,
                                  'following': None,
                                  'friends_count': 979,
                                  'geo_enabled': False,
                                  'has_extended_profile': True,
                                  'id': 769848173997256704,
                                  'id_str': '769848173997256704',
                                  'is_translation_enabled': False,
                                  'is_translator': False,
                                  'lang': None,
                                  'listed_count': 7,
                                  'location': 'NINE NINE',
                                  'name': 'Birthday Peralt!',
                                  'notifications': None,
                                  'profile_background_color': 'F5F8FA',
                                  'profile_background_image_url': None,
                                  'profile_background_image_url_https': None,
                                  'profile_background_tile': False,
                                  'profile_banner_url': 'https://pbs.twimg.com/profile_banners/769848173997256704/1559083043',
                                  'profile_image_url': 'http://pbs.twimg.com/profile_images/1095748938915815424/ZfYEg24U_normal.jpg',
                                  'profile_image_url_https': 'https://pbs.twimg.com/profile_images/1095748938915815424/ZfYEg24U_normal.jpg',
                                  'profile_link_color': '1DA1F2',
                                  'profile_sidebar_border_color': 'C0DEED',
                                  'profile_sidebar_fill_color': 'DDEEF6',
                                  'profile_text_color': '333333',
                                  'profile_use_background_image': True,
                                  'protected': False,
                                  'screen_name': 'PeraltIsGaming',
                                  'statuses_count': 9796,
                                  'time_zone': None,
                                  'translator_type': 'none',
                                  'url': 'https://t.co/UIQwxMSlQL',
                                  'utc_offset': None,
                                  'verified': False}},
  'source': '<a href="http://twitter.com/download/android" '
            'rel="nofollow">Twitter for Android</a>',
  'text': 'RT @PeraltIsGaming: LIVE with #AssassinsCreed3\n'
          '\n'
          '~&gt;https://t.co/84GPAyn8Dt\n'
          '\n'
          'Join me during the American Revolution and Connor Kenway asks...…',
  'truncated': False,
  'user': { 'contributors_enabled': False,
            'created_at': 'Sun Oct 22 16:28:23 +0000 2017',
            'default_profile': False,
            'default_profile_image': False,
            'description': 'The Silver Fox of Twitch! || Xbox and PC || Twitch '
                           'Streamer || Partnered with @GreenManGaming, '
                           '@limeprogaming and @streameremp ||',
            'entities': { 'description': {'urls': []},
                          'url': { 'urls': [ { 'display_url': 'twitch.tv/b0rn_a55assin',
                                               'expanded_url': 'http://www.twitch.tv/b0rn_a55assin',
                                               'indices': [0, 23],
                                               'url': 'https://t.co/HkgVMkV4A7'}]}},
            'favourites_count': 12576,
            'follow_request_sent': None,
            'followers_count': 1985,
            'following': None,
            'friends_count': 1406,
            'geo_enabled': False,
            'has_extended_profile': False,
            'id': 922137569235734528,
            'id_str': '922137569235734528',
            'is_translation_enabled': False,
            'is_translator': False,
            'lang': None,
            'listed_count': 11,
            'location': 'Ancient Greece',
            'name': 'B0RN A55ASSIN',
            'notifications': None,
            'profile_background_color': '000000',
            'profile_background_image_url': 'http://abs.twimg.com/images/themes/theme1/bg.png',
            'profile_background_image_url_https': 'https://abs.twimg.com/images/themes/theme1/bg.png',
            'profile_background_tile': False,
            'profile_banner_url': 'https://pbs.twimg.com/profile_banners/922137569235734528/1537568510',
            'profile_image_url': 'http://pbs.twimg.com/profile_images/1087259119264980993/FTUHtODl_normal.jpg',
            'profile_image_url_https': 'https://pbs.twimg.com/profile_images/1087259119264980993/FTUHtODl_normal.jpg',
            'profile_link_color': '1B95E0',
            'profile_sidebar_border_color': '000000',
            'profile_sidebar_fill_color': '000000',
            'profile_text_color': '000000',
            'profile_use_background_image': False,
            'protected': False,
            'screen_name': 'B0RN_A55ASSIN',
            'statuses_count': 8716,
            'time_zone': None,
            'translator_type': 'none',
            'url': 'https://t.co/HkgVMkV4A7',
            'utc_offset': None,
            'verified': False}}
----------Summary----------
{ 'entities': { 'urls': { 'display_url': 'twitch.tv/peralt',
                          'expanded_url': 'http://twitch.tv/peralt'}},
  'id_str': '1156276462858702850',
  'retweeted_status': { 'entities': { 'urls': { 'display_url': 'twitter.com/i/web/status/1…',
                                                'expanded_url': 'https://twitter.com/i/web/status/1156276083571998720'}},
                        'id_str': '1156276083571998720',
                        'text': 'live with #assassinscreed3  '
                                '~&gt;https://t.co/84gpayn8dt  join me during '
                                'the american revolution and connor kenway ask '
                                'https://t.co/n1p7eye2ri',
                        'user': { 'entities': {},
                                  'id_str': '769848173997256704',
                                  'twitter_user': 'PeraltIsGaming'}},
  'text': 'rt @peraltisgaming: live with #assassinscreed3  '
          '~&gt;https://t.co/84gpayn8dt  join me during the american '
          'revolution and connor kenway asks...',
  'user': { 'entities': {},
            'id_str': '922137569235734528',
            'twitter_user': 'B0RN_A55ASSIN'}}
----------Groups----------
{ 'Bitcoin': ['bitcoin', 'Bitcoin', 'btc', 'satoshi nakamoto'],
  'Ethereum': ['ethereum', 'Ethereum', 'eth', 'vitalik buterin'],
  'Litecoin': ['litecoin', 'Litecoin', 'ltc', 'charles lee'],
  'Monero': ['monero', 'Monero', 'xmr', 'riccardo spagni'],
  'Ripple': [ 'ripple',
              'Ripple',
              'xrp',
              'xrapid',
              'xcurrent',
              'chris larsen',
              'jed mccaleb']}
---------------------------Fetch-------2019-07-31 16:00:23.183918: Tweet filed under "misc":----------Data----------
{ 'contributors': None,
  'coordinates': None,
  'created_at': 'Tue Jul 30 18:51:15 +0000 2019',
  'entities': { 'hashtags': [{'indices': [10, 26], 'text': 'AssassinsCreed3'}],
                'symbols': [],
                'urls': [ { 'display_url': 'twitch.tv/peralt',
                            'expanded_url': 'http://twitch.tv/peralt',
                            'indices': [33, 56],
                            'url': 'https://t.co/84GPAyn8Dt'},
                          { 'display_url': 'twitter.com/i/web/status/1…',
                            'expanded_url': 'https://twitter.com/i/web/status/1156276083571998720',
                            'indices': [120, 143],
                            'url': 'https://t.co/N1p7eyE2Ri'}],
                'user_mentions': []},
  'favorite_count': 7,
  'favorited': False,
  'geo': None,
  'id': 1156276083571998720,
  'id_str': '1156276083571998720',
  'in_reply_to_screen_name': None,
  'in_reply_to_status_id': None,
  'in_reply_to_status_id_str': None,
  'in_reply_to_user_id': None,
  'in_reply_to_user_id_str': None,
  'is_quote_status': False,
  'lang': 'en',
  'metadata': {'iso_language_code': 'en', 'result_type': 'recent'},
  'place': None,
  'possibly_sensitive': False,
  'retweet_count': 6,
  'retweeted': False,
  'source': '<a href="https://about.twitter.com/products/tweetdeck" '
            'rel="nofollow">TweetDeck</a>',
  'text': 'LIVE with #AssassinsCreed3\n'
          '\n'
          '~&gt;https://t.co/84GPAyn8Dt\n'
          '\n'
          'Join me during the American Revolution and Connor Kenway ask… '
          'https://t.co/N1p7eyE2Ri',
  'truncated': True,
  'user': { 'contributors_enabled': False,
            'created_at': 'Sun Aug 28 10:44:42 +0000 2016',
            'default_profile': True,
            'default_profile_image': False,
            'description': 'Streamer. Girl gamer. Survival Horror freak. '
                           "Witcher of Kaer Morhen. Vivi's no.1 fan. B99 "
                           'fangirl. Twitch Affiliate. Multifandom as hell '
                           '[she/her]',
            'entities': { 'description': {'urls': []},
                          'url': { 'urls': [ { 'display_url': 'twitch.tv/peralt',
                                               'expanded_url': 'https://www.twitch.tv/peralt',
                                               'indices': [0, 23],
                                               'url': 'https://t.co/UIQwxMSlQL'}]}},
            'favourites_count': 2669,
            'follow_request_sent': None,
            'followers_count': 1580,
            'following': None,
            'friends_count': 979,
            'geo_enabled': False,
            'has_extended_profile': True,
            'id': 769848173997256704,
            'id_str': '769848173997256704',
            'is_translation_enabled': False,
            'is_translator': False,
            'lang': None,
            'listed_count': 7,
            'location': 'NINE NINE',
            'name': 'Birthday Peralt!',
            'notifications': None,
            'profile_background_color': 'F5F8FA',
            'profile_background_image_url': None,
            'profile_background_image_url_https': None,
            'profile_background_tile': False,
            'profile_banner_url': 'https://pbs.twimg.com/profile_banners/769848173997256704/1559083043',
            'profile_image_url': 'http://pbs.twimg.com/profile_images/1095748938915815424/ZfYEg24U_normal.jpg',
            'profile_image_url_https': 'https://pbs.twimg.com/profile_images/1095748938915815424/ZfYEg24U_normal.jpg',
            'profile_link_color': '1DA1F2',
            'profile_sidebar_border_color': 'C0DEED',
            'profile_sidebar_fill_color': 'DDEEF6',
            'profile_text_color': '333333',
            'profile_use_background_image': True,
            'protected': False,
            'screen_name': 'PeraltIsGaming',
            'statuses_count': 9796,
            'time_zone': None,
            'translator_type': 'none',
            'url': 'https://t.co/UIQwxMSlQL',
            'utc_offset': None,
            'verified': False}}
----------Summary----------
{ 'entities': { 'urls': { 'display_url': 'twitter.com/i/web/status/1…',
                          'expanded_url': 'https://twitter.com/i/web/status/1156276083571998720'}},
  'id_str': '1156276083571998720',
  'text': 'live with #assassinscreed3  ~&gt;https://t.co/84gpayn8dt  join me '
          'during the american revolution and connor kenway ask '
          'https://t.co/n1p7eye2ri',
  'user': { 'entities': {},
            'id_str': '769848173997256704',
            'twitter_user': 'PeraltIsGaming'}}
----------Groups----------
{ 'Bitcoin': ['bitcoin', 'Bitcoin', 'btc', 'satoshi nakamoto'],
  'Ethereum': ['ethereum', 'Ethereum', 'eth', 'vitalik buterin'],
  'Litecoin': ['litecoin', 'Litecoin', 'ltc', 'charles lee'],
  'Monero': ['monero', 'Monero', 'xmr', 'riccardo spagni'],
  'Ripple': [ 'ripple',
              'Ripple',
              'xrp',
              'xrapid',
              'xcurrent',
              'chris larsen',
              'jed mccaleb']}
---------------------------Fetch-------2019-07-31 16:00:23.493475: Tweet filed under "misc":----------Data----------
{ 'contributors': None,
  'coordinates': None,
  'created_at': 'Tue Jul 30 18:44:01 +0000 2019',
  'entities': { 'hashtags': [],
                'symbols': [],
                'urls': [],
                'user_mentions': [ { 'id': 476110720,
                                     'id_str': '476110720',
                                     'indices': [3, 17],
                                     'name': 'Paul McVeigh Writer',
                                     'screen_name': 'paul_mc_veigh'},
                                   { 'id': 22279296,
                                     'id_str': '22279296',
                                     'indices': [20, 32],
                                     'name': 'Paul Burston',
                                     'screen_name': 'PaulBurston'},
                                   { 'id': 1875843577,
                                     'id_str': '1875843577',
                                     'indices': [45, 57],
                                     'name': 'Polari Prize',
                                     'screen_name': 'PolariPrize'},
                                   { 'id': 324546384,
                                     'id_str': '324546384',
                                     'indices': [104, 118],
                                     'name': 'Patrick Gale',
                                     'screen_name': 'PNovelistGale'},
                                   { 'id': 169956316,
                                     'id_str': '169956316',
                                     'indices': [120, 136],
                                     'name': 'Charles Lambert #FBPE',
                                     'screen_name': 'charles_lambert'}]},
  'favorite_count': 0,
  'favorited': False,
  'geo': None,
  'id': 1156274265064378368,
  'id_str': '1156274265064378368',
  'in_reply_to_screen_name': None,
  'in_reply_to_status_id': None,
  'in_reply_to_status_id_str': None,
  'in_reply_to_user_id': None,
  'in_reply_to_user_id_str': None,
  'is_quote_status': False,
  'lang': 'en',
  'metadata': {'iso_language_code': 'en', 'result_type': 'recent'},
  'place': None,
  'possibly_sensitive': False,
  'retweet_count': 13,
  'retweeted': False,
  'retweeted_status': { 'contributors': None,
                        'coordinates': None,
                        'created_at': 'Tue Jul 30 10:32:42 +0000 2019',
                        'entities': { 'hashtags': [],
                                      'symbols': [],
                                      'urls': [ { 'display_url': 'twitter.com/i/web/status/1…',
                                                  'expanded_url': 'https://twitter.com/i/web/status/1156150617779388416',
                                                  'indices': [102, 125],
                                                  'url': 'https://t.co/FfnyoOejTh'}],
                                      'user_mentions': [ { 'id': 22279296,
                                                           'id_str': '22279296',
                                                           'indices': [1, 13],
                                                           'name': 'Paul '
                                                                   'Burston',
                                                           'screen_name': 'PaulBurston'},
                                                         { 'id': 1875843577,
                                                           'id_str': '1875843577',
                                                           'indices': [26, 38],
                                                           'name': 'Polari '
                                                                   'Prize',
                                                           'screen_name': 'PolariPrize'},
                                                         { 'id': 324546384,
                                                           'id_str': '324546384',
                                                           'indices': [85, 99],
                                                           'name': 'Patrick '
                                                                   'Gale',
                                                           'screen_name': 'PNovelistGale'}]},
                        'favorite_count': 22,
                        'favorited': False,
                        'geo': None,
                        'id': 1156150617779388416,
                        'id_str': '1156150617779388416',
                        'in_reply_to_screen_name': None,
                        'in_reply_to_status_id': None,
                        'in_reply_to_status_id_str': None,
                        'in_reply_to_user_id': None,
                        'in_reply_to_user_id_str': None,
                        'is_quote_status': False,
                        'lang': 'en',
                        'metadata': { 'iso_language_code': 'en',
                                      'result_type': 'recent'},
                        'place': None,
                        'possibly_sensitive': False,
                        'retweet_count': 13,
                        'retweeted': False,
                        'source': '<a href="https://mobile.twitter.com" '
                                  'rel="nofollow">Twitter Web App</a>',
                        'text': ".@PaulBurston's essential @PolariPrize "
                                'shortlist has been announced. Congratulations '
                                '@PNovelistGale,… https://t.co/FfnyoOejTh',
                        'truncated': True,
                        'user': { 'contributors_enabled': False,
                                  'created_at': 'Fri Jan 27 19:45:01 +0000 '
                                                '2012',
                                  'default_profile': True,
                                  'default_profile_image': False,
                                  'description': "Novel 'The Good Son' won "
                                                 '@PolariPrize. Loves short '
                                                 'story at @LSSFest & '
                                                 '@WordFactoryUK. Judge '
                                                 '@dylanthomprize & '
                                                 '@EHUShortStory. '
                                                 'Interviews/reviews '
                                                 '@irishtimes',
                                  'entities': { 'description': {'urls': []},
                                                'url': { 'urls': [ { 'display_url': 'paulmcveighwriter.com',
                                                                     'expanded_url': 'https://paulmcveighwriter.com/',
                                                                     'indices': [ 0,
                                                                                  23],
                                                                     'url': 'https://t.co/VZdmlkh9Dz'}]}},
                                  'favourites_count': 23976,
                                  'follow_request_sent': None,
                                  'followers_count': 13693,
                                  'following': None,
                                  'friends_count': 10156,
                                  'geo_enabled': True,
                                  'has_extended_profile': False,
                                  'id': 476110720,
                                  'id_str': '476110720',
                                  'is_translation_enabled': False,
                                  'is_translator': False,
                                  'lang': None,
                                  'listed_count': 372,
                                  'location': 'Belfast, Northern Ireland',
                                  'name': 'Paul McVeigh Writer',
                                  'notifications': None,
                                  'profile_background_color': 'C0DEED',
                                  'profile_background_image_url': 'http://abs.twimg.com/images/themes/theme1/bg.png',
                                  'profile_background_image_url_https': 'https://abs.twimg.com/images/themes/theme1/bg.png',
                                  'profile_background_tile': False,
                                  'profile_banner_url': 'https://pbs.twimg.com/profile_banners/476110720/1546952938',
                                  'profile_image_url': 'http://pbs.twimg.com/profile_images/1094179690095538176/kXfjucPo_normal.jpg',
                                  'profile_image_url_https': 'https://pbs.twimg.com/profile_images/1094179690095538176/kXfjucPo_normal.jpg',
                                  'profile_link_color': '1DA1F2',
                                  'profile_sidebar_border_color': 'C0DEED',
                                  'profile_sidebar_fill_color': 'DDEEF6',
                                  'profile_text_color': '333333',
                                  'profile_use_background_image': True,
                                  'protected': False,
                                  'screen_name': 'paul_mc_veigh',
                                  'statuses_count': 31366,
                                  'time_zone': None,
                                  'translator_type': 'none',
                                  'url': 'https://t.co/VZdmlkh9Dz',
                                  'utc_offset': None,
                                  'verified': False}},
  'source': '<a href="http://twitter.com/download/iphone" '
            'rel="nofollow">Twitter for iPhone</a>',
  'text': "RT @paul_mc_veigh: .@PaulBurston's essential @PolariPrize shortlist "
          'has been announced. Congratulations @PNovelistGale, '
          '@charles_lambert, D…',
  'truncated': False,
  'user': { 'contributors_enabled': False,
            'created_at': 'Thu Dec 01 10:50:40 +0000 2011',
            'default_profile': False,
            'default_profile_image': False,
            'description': 'Publishing Director, Tinder Press. Champion. '
                           'Chunterer.',
            'entities': {'description': {'urls': []}},
            'favourites_count': 15763,
            'follow_request_sent': None,
            'followers_count': 4247,
            'following': None,
            'friends_count': 1328,
            'geo_enabled': False,
            'has_extended_profile': False,
            'id': 425729190,
            'id_str': '425729190',
            'is_translation_enabled': False,
            'is_translator': False,
            'lang': None,
            'listed_count': 62,
            'location': 'London',
            'name': 'Imogen Taylor',
            'notifications': None,
            'profile_background_color': 'BADFCD',
            'profile_background_image_url': 'http://abs.twimg.com/images/themes/theme12/bg.gif',
            'profile_background_image_url_https': 'https://abs.twimg.com/images/themes/theme12/bg.gif',
            'profile_background_tile': False,
            'profile_banner_url': 'https://pbs.twimg.com/profile_banners/425729190/1537219794',
            'profile_image_url': 'http://pbs.twimg.com/profile_images/1041800843635437568/b-oJE95r_normal.jpg',
            'profile_image_url_https': 'https://pbs.twimg.com/profile_images/1041800843635437568/b-oJE95r_normal.jpg',
            'profile_link_color': 'FF0000',
            'profile_sidebar_border_color': 'F2E195',
            'profile_sidebar_fill_color': 'FFF7CC',
            'profile_text_color': '0C3E53',
            'profile_use_background_image': True,
            'protected': False,
            'screen_name': 'ImogenTaylor338',
            'statuses_count': 11557,
            'time_zone': None,
            'translator_type': 'none',
            'url': None,
            'utc_offset': None,
            'verified': False}}
----------Summary----------
{ 'entities': {},
  'id_str': '1156274265064378368',
  'retweeted_status': { 'entities': { 'urls': { 'display_url': 'twitter.com/i/web/status/1…',
                                                'expanded_url': 'https://twitter.com/i/web/status/1156150617779388416'}},
                        'id_str': '1156150617779388416',
                        'text': ".@paulburston's essential @polariprize "
                                'shortlist has been announced. congratulations '
                                '@pnovelistgale, https://t.co/ffnyooejth',
                        'user': { 'entities': {},
                                  'id_str': '476110720',
                                  'twitter_user': 'paul_mc_veigh'}},
  'text': "rt @paul_mc_veigh: .@paulburston's essential @polariprize shortlist "
          'has been announced. congratulations @pnovelistgale, '
          '@charles_lambert, d',
  'user': { 'entities': {},
            'id_str': '425729190',
            'twitter_user': 'ImogenTaylor338'}}
----------Groups----------
{ 'Bitcoin': ['bitcoin', 'Bitcoin', 'btc', 'satoshi nakamoto'],
  'Ethereum': ['ethereum', 'Ethereum', 'eth', 'vitalik buterin'],
  'Litecoin': ['litecoin', 'Litecoin', 'ltc', 'charles lee'],
  'Monero': ['monero', 'Monero', 'xmr', 'riccardo spagni'],
  'Ripple': [ 'ripple',
              'Ripple',
              'xrp',
              'xrapid',
              'xcurrent',
              'chris larsen',
              'jed mccaleb']}
---------------------------Fetch-------2019-07-31 16:00:23.798104: Tweet filed under "misc":----------Data----------
{ 'contributors': None,
  'coordinates': None,
  'created_at': 'Tue Jul 30 18:40:11 +0000 2019',
  'entities': { 'hashtags': [],
                'symbols': [],
                'urls': [ { 'display_url': 'twitter.com/i/web/status/1…',
                            'expanded_url': 'https://twitter.com/i/web/status/1156273297568542720',
                            'indices': [117, 140],
                            'url': 'https://t.co/qnbCcE292X'}],
                'user_mentions': [ { 'id': 476110720,
                                     'id_str': '476110720',
                                     'indices': [0, 14],
                                     'name': 'Paul McVeigh Writer',
                                     'screen_name': 'paul_mc_veigh'},
                                   { 'id': 2816947358,
                                     'id_str': '2816947358',
                                     'indices': [15, 25],
                                     'name': 'Kit de Waal',
                                     'screen_name': 'KitdeWaal'},
                                   { 'id': 1875843577,
                                     'id_str': '1875843577',
                                     'indices': [26, 38],
                                     'name': 'Polari Prize',
                                     'screen_name': 'PolariPrize'},
                                   { 'id': 324546384,
                                     'id_str': '324546384',
                                     'indices': [39, 53],
                                     'name': 'Patrick Gale',
                                     'screen_name': 'PNovelistGale'},
                                   { 'id': 169956316,
                                     'id_str': '169956316',
                                     'indices': [54, 70],
                                     'name': 'Charles Lambert #FBPE',
                                     'screen_name': 'charles_lambert'},
                                   { 'id': 23930735,
                                     'id_str': '23930735',
                                     'indices': [71, 84],
                                     'name': 'Andrew McMillan',
                                     'screen_name': 'AndrewPoetry'},
                                   { 'id': 393421515,
                                     'id_str': '393421515',
                                     'indices': [85, 101],
                                     'name': 'Bernardine Evaristo',
                                     'screen_name': 'BernardineEvari'},
                                   { 'id': 12997252,
                                     'id_str': '12997252',
                                     'indices': [102, 115],
                                     'name': 'ChrisGribble',
                                     'screen_name': 'ChrisGribble'}]},
  'favorite_count': 2,
  'favorited': False,
  'geo': None,
  'id': 1156273297568542720,
  'id_str': '1156273297568542720',
  'in_reply_to_screen_name': 'paul_mc_veigh',
  'in_reply_to_status_id': 1156150617779388416,
  'in_reply_to_status_id_str': '1156150617779388416',
  'in_reply_to_user_id': 476110720,
  'in_reply_to_user_id_str': '476110720',
  'is_quote_status': False,
  'lang': 'en',
  'metadata': {'iso_language_code': 'en', 'result_type': 'recent'},
  'place': None,
  'retweet_count': 0,
  'retweeted': False,
  'source': '<a href="http://twitter.com/download/iphone" '
            'rel="nofollow">Twitter for iPhone</a>',
  'text': '@paul_mc_veigh @KitdeWaal @PolariPrize @PNovelistGale '
          '@charles_lambert @AndrewPoetry @BernardineEvari @ChrisGribble… '
          'https://t.co/qnbCcE292X',
  'truncated': True,
  'user': { 'contributors_enabled': False,
            'created_at': 'Sat Feb 28 18:05:43 +0000 2009',
            'default_profile': False,
            'default_profile_image': False,
            'description': 'Author. Journalist. Founder @polarisalon & '
                           '@PolariPrize. New novel #TheCloserIGet '
                           '@OrendaBooks long-listed for @guardian '
                           '#NotTheBookerPrize Agent @DavidHHeadley',
            'entities': { 'description': {'urls': []},
                          'url': { 'urls': [ { 'display_url': 'paulburston.com',
                                               'expanded_url': 'http://www.paulburston.com',
                                               'indices': [0, 23],
                                               'url': 'https://t.co/f8FrkTEZnY'}]}},
            'favourites_count': 33355,
            'follow_request_sent': None,
            'followers_count': 13292,
            'following': None,
            'friends_count': 9370,
            'geo_enabled': True,
            'has_extended_profile': True,
            'id': 22279296,
            'id_str': '22279296',
            'is_translation_enabled': False,
            'is_translator': False,
            'lang': None,
            'listed_count': 317,
            'location': 'London/Hastings',
            'name': 'Paul Burston',
            'notifications': None,
            'profile_background_color': 'C0DEED',
            'profile_background_image_url': 'http://abs.twimg.com/images/themes/theme1/bg.png',
            'profile_background_image_url_https': 'https://abs.twimg.com/images/themes/theme1/bg.png',
            'profile_background_tile': True,
            'profile_banner_url': 'https://pbs.twimg.com/profile_banners/22279296/1560409566',
            'profile_image_url': 'http://pbs.twimg.com/profile_images/1149623456964608000/J7-N7E_0_normal.jpg',
            'profile_image_url_https': 'https://pbs.twimg.com/profile_images/1149623456964608000/J7-N7E_0_normal.jpg',
            'profile_link_color': '0084B4',
            'profile_sidebar_border_color': 'C0DEED',
            'profile_sidebar_fill_color': 'DDEEF6',
            'profile_text_color': '333333',
            'profile_use_background_image': True,
            'protected': False,
            'screen_name': 'PaulBurston',
            'statuses_count': 40762,
            'time_zone': None,
            'translator_type': 'none',
            'url': 'https://t.co/f8FrkTEZnY',
            'utc_offset': None,
            'verified': True}}
----------Summary----------
{ 'entities': { 'urls': { 'display_url': 'twitter.com/i/web/status/1…',
                          'expanded_url': 'https://twitter.com/i/web/status/1156273297568542720'}},
  'id_str': '1156273297568542720',
  'text': '@paul_mc_veigh @kitdewaal @polariprize @pnovelistgale '
          '@charles_lambert @andrewpoetry @bernardineevari @chrisgribble '
          'https://t.co/qnbcce292x',
  'user': {'entities': {}, 'id_str': '22279296', 'twitter_user': 'PaulBurston'}}
----------Groups----------
{ 'Bitcoin': ['bitcoin', 'Bitcoin', 'btc', 'satoshi nakamoto'],
  'Ethereum': ['ethereum', 'Ethereum', 'eth', 'vitalik buterin'],
  'Litecoin': ['litecoin', 'Litecoin', 'ltc', 'charles lee'],
  'Monero': ['monero', 'Monero', 'xmr', 'riccardo spagni'],
  'Ripple': [ 'ripple',
              'Ripple',
              'xrp',
              'xrapid',
              'xcurrent',
              'chris larsen',
              'jed mccaleb']}
---------------------------Fetch-------2019-07-31 16:00:24.008776: Tweet filed under "misc":----------Data----------
{ 'contributors': None,
  'coordinates': None,
  'created_at': 'Tue Jul 30 18:39:21 +0000 2019',
  'entities': { 'hashtags': [],
                'symbols': [],
                'urls': [],
                'user_mentions': [ { 'id': 476110720,
                                     'id_str': '476110720',
                                     'indices': [3, 17],
                                     'name': 'Paul McVeigh Writer',
                                     'screen_name': 'paul_mc_veigh'},
                                   { 'id': 22279296,
                                     'id_str': '22279296',
                                     'indices': [20, 32],
                                     'name': 'Paul Burston',
                                     'screen_name': 'PaulBurston'},
                                   { 'id': 1875843577,
                                     'id_str': '1875843577',
                                     'indices': [45, 57],
                                     'name': 'Polari Prize',
                                     'screen_name': 'PolariPrize'},
                                   { 'id': 324546384,
                                     'id_str': '324546384',
                                     'indices': [104, 118],
                                     'name': 'Patrick Gale',
                                     'screen_name': 'PNovelistGale'},
                                   { 'id': 169956316,
                                     'id_str': '169956316',
                                     'indices': [120, 136],
                                     'name': 'Charles Lambert #FBPE',
                                     'screen_name': 'charles_lambert'}]},
  'favorite_count': 0,
  'favorited': False,
  'geo': None,
  'id': 1156273087115157504,
  'id_str': '1156273087115157504',
  'in_reply_to_screen_name': None,
  'in_reply_to_status_id': None,
  'in_reply_to_status_id_str': None,
  'in_reply_to_user_id': None,
  'in_reply_to_user_id_str': None,
  'is_quote_status': False,
  'lang': 'en',
  'metadata': {'iso_language_code': 'en', 'result_type': 'recent'},
  'place': None,
  'possibly_sensitive': False,
  'retweet_count': 13,
  'retweeted': False,
  'retweeted_status': { 'contributors': None,
                        'coordinates': None,
                        'created_at': 'Tue Jul 30 10:32:42 +0000 2019',
                        'entities': { 'hashtags': [],
                                      'symbols': [],
                                      'urls': [ { 'display_url': 'twitter.com/i/web/status/1…',
                                                  'expanded_url': 'https://twitter.com/i/web/status/1156150617779388416',
                                                  'indices': [102, 125],
                                                  'url': 'https://t.co/FfnyoOejTh'}],
                                      'user_mentions': [ { 'id': 22279296,
                                                           'id_str': '22279296',
                                                           'indices': [1, 13],
                                                           'name': 'Paul '
                                                                   'Burston',
                                                           'screen_name': 'PaulBurston'},
                                                         { 'id': 1875843577,
                                                           'id_str': '1875843577',
                                                           'indices': [26, 38],
                                                           'name': 'Polari '
                                                                   'Prize',
                                                           'screen_name': 'PolariPrize'},
                                                         { 'id': 324546384,
                                                           'id_str': '324546384',
                                                           'indices': [85, 99],
                                                           'name': 'Patrick '
                                                                   'Gale',
                                                           'screen_name': 'PNovelistGale'}]},
                        'favorite_count': 22,
                        'favorited': False,
                        'geo': None,
                        'id': 1156150617779388416,
                        'id_str': '1156150617779388416',
                        'in_reply_to_screen_name': None,
                        'in_reply_to_status_id': None,
                        'in_reply_to_status_id_str': None,
                        'in_reply_to_user_id': None,
                        'in_reply_to_user_id_str': None,
                        'is_quote_status': False,
                        'lang': 'en',
                        'metadata': { 'iso_language_code': 'en',
                                      'result_type': 'recent'},
                        'place': None,
                        'possibly_sensitive': False,
                        'retweet_count': 13,
                        'retweeted': False,
                        'source': '<a href="https://mobile.twitter.com" '
                                  'rel="nofollow">Twitter Web App</a>',
                        'text': ".@PaulBurston's essential @PolariPrize "
                                'shortlist has been announced. Congratulations '
                                '@PNovelistGale,… https://t.co/FfnyoOejTh',
                        'truncated': True,
                        'user': { 'contributors_enabled': False,
                                  'created_at': 'Fri Jan 27 19:45:01 +0000 '
                                                '2012',
                                  'default_profile': True,
                                  'default_profile_image': False,
                                  'description': "Novel 'The Good Son' won "
                                                 '@PolariPrize. Loves short '
                                                 'story at @LSSFest & '
                                                 '@WordFactoryUK. Judge '
                                                 '@dylanthomprize & '
                                                 '@EHUShortStory. '
                                                 'Interviews/reviews '
                                                 '@irishtimes',
                                  'entities': { 'description': {'urls': []},
                                                'url': { 'urls': [ { 'display_url': 'paulmcveighwriter.com',
                                                                     'expanded_url': 'https://paulmcveighwriter.com/',
                                                                     'indices': [ 0,
                                                                                  23],
                                                                     'url': 'https://t.co/VZdmlkh9Dz'}]}},
                                  'favourites_count': 23976,
                                  'follow_request_sent': None,
                                  'followers_count': 13693,
                                  'following': None,
                                  'friends_count': 10156,
                                  'geo_enabled': True,
                                  'has_extended_profile': False,
                                  'id': 476110720,
                                  'id_str': '476110720',
                                  'is_translation_enabled': False,
                                  'is_translator': False,
                                  'lang': None,
                                  'listed_count': 372,
                                  'location': 'Belfast, Northern Ireland',
                                  'name': 'Paul McVeigh Writer',
                                  'notifications': None,
                                  'profile_background_color': 'C0DEED',
                                  'profile_background_image_url': 'http://abs.twimg.com/images/themes/theme1/bg.png',
                                  'profile_background_image_url_https': 'https://abs.twimg.com/images/themes/theme1/bg.png',
                                  'profile_background_tile': False,
                                  'profile_banner_url': 'https://pbs.twimg.com/profile_banners/476110720/1546952938',
                                  'profile_image_url': 'http://pbs.twimg.com/profile_images/1094179690095538176/kXfjucPo_normal.jpg',
                                  'profile_image_url_https': 'https://pbs.twimg.com/profile_images/1094179690095538176/kXfjucPo_normal.jpg',
                                  'profile_link_color': '1DA1F2',
                                  'profile_sidebar_border_color': 'C0DEED',
                                  'profile_sidebar_fill_color': 'DDEEF6',
                                  'profile_text_color': '333333',
                                  'profile_use_background_image': True,
                                  'protected': False,
                                  'screen_name': 'paul_mc_veigh',
                                  'statuses_count': 31366,
                                  'time_zone': None,
                                  'translator_type': 'none',
                                  'url': 'https://t.co/VZdmlkh9Dz',
                                  'utc_offset': None,
                                  'verified': False}},
  'source': '<a href="http://twitter.com/download/android" '
            'rel="nofollow">Twitter for Android</a>',
  'text': "RT @paul_mc_veigh: .@PaulBurston's essential @PolariPrize shortlist "
          'has been announced. Congratulations @PNovelistGale, '
          '@charles_lambert, D…',
  'truncated': False,
  'user': { 'contributors_enabled': False,
            'created_at': 'Fri Jan 23 23:10:16 +0000 2009',
            'default_profile': False,
            'default_profile_image': False,
            'description': 'Northern Writer.  Shortlist @nwn Sid Chaplin Award '
                           '2019 for wip. @mslexia First Novel longlist 2017 '
                           'for The Peacemaker @jhpfiction',
            'entities': { 'description': {'urls': []},
                          'url': { 'urls': [ { 'display_url': 'jdeanknight.com',
                                               'expanded_url': 'http://www.jdeanknight.com',
                                               'indices': [0, 23],
                                               'url': 'https://t.co/FcjZxIS3nj'}]}},
            'favourites_count': 8354,
            'follow_request_sent': None,
            'followers_count': 826,
            'following': None,
            'friends_count': 1389,
            'geo_enabled': True,
            'has_extended_profile': False,
            'id': 19420961,
            'id_str': '19420961',
            'is_translation_enabled': False,
            'is_translator': False,
            'lang': None,
            'listed_count': 33,
            'location': 'York, UK',
            'name': 'Janet Dean Knight',
            'notifications': None,
            'profile_background_color': '9AE4E8',
            'profile_background_image_url': 'http://abs.twimg.com/images/themes/theme1/bg.png',
            'profile_background_image_url_https': 'https://abs.twimg.com/images/themes/theme1/bg.png',
            'profile_background_tile': False,
            'profile_banner_url': 'https://pbs.twimg.com/profile_banners/19420961/1530702623',
            'profile_image_url': 'http://pbs.twimg.com/profile_images/1079034501571989504/x6pdyvS-_normal.jpg',
            'profile_image_url_https': 'https://pbs.twimg.com/profile_images/1079034501571989504/x6pdyvS-_normal.jpg',
            'profile_link_color': '1B95E0',
            'profile_sidebar_border_color': 'BDDCAD',
            'profile_sidebar_fill_color': 'DDFFCC',
            'profile_text_color': '333333',
            'profile_use_background_image': True,
            'protected': False,
            'screen_name': 'jdeanknight',
            'statuses_count': 12164,
            'time_zone': None,
            'translator_type': 'none',
            'url': 'https://t.co/FcjZxIS3nj',
            'utc_offset': None,
            'verified': False}}
----------Summary----------
{ 'entities': {},
  'id_str': '1156273087115157504',
  'retweeted_status': { 'entities': { 'urls': { 'display_url': 'twitter.com/i/web/status/1…',
                                                'expanded_url': 'https://twitter.com/i/web/status/1156150617779388416'}},
                        'id_str': '1156150617779388416',
                        'text': ".@paulburston's essential @polariprize "
                                'shortlist has been announced. congratulations '
                                '@pnovelistgale, https://t.co/ffnyooejth',
                        'user': { 'entities': {},
                                  'id_str': '476110720',
                                  'twitter_user': 'paul_mc_veigh'}},
  'text': "rt @paul_mc_veigh: .@paulburston's essential @polariprize shortlist "
          'has been announced. congratulations @pnovelistgale, '
          '@charles_lambert, d',
  'user': {'entities': {}, 'id_str': '19420961', 'twitter_user': 'jdeanknight'}}
----------Groups----------
{ 'Bitcoin': ['bitcoin', 'Bitcoin', 'btc', 'satoshi nakamoto'],
  'Ethereum': ['ethereum', 'Ethereum', 'eth', 'vitalik buterin'],
  'Litecoin': ['litecoin', 'Litecoin', 'ltc', 'charles lee'],
  'Monero': ['monero', 'Monero', 'xmr', 'riccardo spagni'],
  'Ripple': [ 'ripple',
              'Ripple',
              'xrp',
              'xrapid',
              'xcurrent',
              'chris larsen',
              'jed mccaleb']}
---------------------------Fetch-------2019-07-31 16:00:24.248012: Tweet filed under "misc":----------Data----------
{ 'contributors': None,
  'coordinates': None,
  'created_at': 'Tue Jul 30 18:38:34 +0000 2019',
  'entities': { 'hashtags': [],
                'symbols': [],
                'urls': [],
                'user_mentions': [ { 'id': 476110720,
                                     'id_str': '476110720',
                                     'indices': [3, 17],
                                     'name': 'Paul McVeigh Writer',
                                     'screen_name': 'paul_mc_veigh'},
                                   { 'id': 22279296,
                                     'id_str': '22279296',
                                     'indices': [20, 32],
                                     'name': 'Paul Burston',
                                     'screen_name': 'PaulBurston'},
                                   { 'id': 1875843577,
                                     'id_str': '1875843577',
                                     'indices': [45, 57],
                                     'name': 'Polari Prize',
                                     'screen_name': 'PolariPrize'},
                                   { 'id': 324546384,
                                     'id_str': '324546384',
                                     'indices': [104, 118],
                                     'name': 'Patrick Gale',
                                     'screen_name': 'PNovelistGale'},
                                   { 'id': 169956316,
                                     'id_str': '169956316',
                                     'indices': [120, 136],
                                     'name': 'Charles Lambert #FBPE',
                                     'screen_name': 'charles_lambert'}]},
  'favorite_count': 0,
  'favorited': False,
  'geo': None,
  'id': 1156272890351935489,
  'id_str': '1156272890351935489',
  'in_reply_to_screen_name': None,
  'in_reply_to_status_id': None,
  'in_reply_to_status_id_str': None,
  'in_reply_to_user_id': None,
  'in_reply_to_user_id_str': None,
  'is_quote_status': False,
  'lang': 'en',
  'metadata': {'iso_language_code': 'en', 'result_type': 'recent'},
  'place': None,
  'possibly_sensitive': False,
  'retweet_count': 13,
  'retweeted': False,
  'retweeted_status': { 'contributors': None,
                        'coordinates': None,
                        'created_at': 'Tue Jul 30 10:32:42 +0000 2019',
                        'entities': { 'hashtags': [],
                                      'symbols': [],
                                      'urls': [ { 'display_url': 'twitter.com/i/web/status/1…',
                                                  'expanded_url': 'https://twitter.com/i/web/status/1156150617779388416',
                                                  'indices': [102, 125],
                                                  'url': 'https://t.co/FfnyoOejTh'}],
                                      'user_mentions': [ { 'id': 22279296,
                                                           'id_str': '22279296',
                                                           'indices': [1, 13],
                                                           'name': 'Paul '
                                                                   'Burston',
                                                           'screen_name': 'PaulBurston'},
                                                         { 'id': 1875843577,
                                                           'id_str': '1875843577',
                                                           'indices': [26, 38],
                                                           'name': 'Polari '
                                                                   'Prize',
                                                           'screen_name': 'PolariPrize'},
                                                         { 'id': 324546384,
                                                           'id_str': '324546384',
                                                           'indices': [85, 99],
                                                           'name': 'Patrick '
                                                                   'Gale',
                                                           'screen_name': 'PNovelistGale'}]},
                        'favorite_count': 22,
                        'favorited': False,
                        'geo': None,
                        'id': 1156150617779388416,
                        'id_str': '1156150617779388416',
                        'in_reply_to_screen_name': None,
                        'in_reply_to_status_id': None,
                        'in_reply_to_status_id_str': None,
                        'in_reply_to_user_id': None,
                        'in_reply_to_user_id_str': None,
                        'is_quote_status': False,
                        'lang': 'en',
                        'metadata': { 'iso_language_code': 'en',
                                      'result_type': 'recent'},
                        'place': None,
                        'possibly_sensitive': False,
                        'retweet_count': 13,
                        'retweeted': False,
                        'source': '<a href="https://mobile.twitter.com" '
                                  'rel="nofollow">Twitter Web App</a>',
                        'text': ".@PaulBurston's essential @PolariPrize "
                                'shortlist has been announced. Congratulations '
                                '@PNovelistGale,… https://t.co/FfnyoOejTh',
                        'truncated': True,
                        'user': { 'contributors_enabled': False,
                                  'created_at': 'Fri Jan 27 19:45:01 +0000 '
                                                '2012',
                                  'default_profile': True,
                                  'default_profile_image': False,
                                  'description': "Novel 'The Good Son' won "
                                                 '@PolariPrize. Loves short '
                                                 'story at @LSSFest & '
                                                 '@WordFactoryUK. Judge '
                                                 '@dylanthomprize & '
                                                 '@EHUShortStory. '
                                                 'Interviews/reviews '
                                                 '@irishtimes',
                                  'entities': { 'description': {'urls': []},
                                                'url': { 'urls': [ { 'display_url': 'paulmcveighwriter.com',
                                                                     'expanded_url': 'https://paulmcveighwriter.com/',
                                                                     'indices': [ 0,
                                                                                  23],
                                                                     'url': 'https://t.co/VZdmlkh9Dz'}]}},
                                  'favourites_count': 23976,
                                  'follow_request_sent': None,
                                  'followers_count': 13693,
                                  'following': None,
                                  'friends_count': 10156,
                                  'geo_enabled': True,
                                  'has_extended_profile': False,
                                  'id': 476110720,
                                  'id_str': '476110720',
                                  'is_translation_enabled': False,
                                  'is_translator': False,
                                  'lang': None,
                                  'listed_count': 372,
                                  'location': 'Belfast, Northern Ireland',
                                  'name': 'Paul McVeigh Writer',
                                  'notifications': None,
                                  'profile_background_color': 'C0DEED',
                                  'profile_background_image_url': 'http://abs.twimg.com/images/themes/theme1/bg.png',
                                  'profile_background_image_url_https': 'https://abs.twimg.com/images/themes/theme1/bg.png',
                                  'profile_background_tile': False,
                                  'profile_banner_url': 'https://pbs.twimg.com/profile_banners/476110720/1546952938',
                                  'profile_image_url': 'http://pbs.twimg.com/profile_images/1094179690095538176/kXfjucPo_normal.jpg',
                                  'profile_image_url_https': 'https://pbs.twimg.com/profile_images/1094179690095538176/kXfjucPo_normal.jpg',
                                  'profile_link_color': '1DA1F2',
                                  'profile_sidebar_border_color': 'C0DEED',
                                  'profile_sidebar_fill_color': 'DDEEF6',
                                  'profile_text_color': '333333',
                                  'profile_use_background_image': True,
                                  'protected': False,
                                  'screen_name': 'paul_mc_veigh',
                                  'statuses_count': 31366,
                                  'time_zone': None,
                                  'translator_type': 'none',
                                  'url': 'https://t.co/VZdmlkh9Dz',
                                  'utc_offset': None,
                                  'verified': False}},
  'source': '<a href="http://twitter.com/download/iphone" '
            'rel="nofollow">Twitter for iPhone</a>',
  'text': "RT @paul_mc_veigh: .@PaulBurston's essential @PolariPrize shortlist "
          'has been announced. Congratulations @PNovelistGale, '
          '@charles_lambert, D…',
  'truncated': False,
  'user': { 'contributors_enabled': False,
            'created_at': 'Thu Sep 18 12:20:07 +0000 2014',
            'default_profile': False,
            'default_profile_image': False,
            'description': "Writer, daydreamer, swearer, giggler. 'My Name is "
                           "Leon' 2017. ‘The Trick To Time’ 2018. 'Common "
                           "People' out 1st May.  'Becoming Dinah' out July "
                           '19.',
            'entities': {'description': {'urls': []}},
            'favourites_count': 76416,
            'follow_request_sent': None,
            'followers_count': 16914,
            'following': None,
            'friends_count': 4674,
            'geo_enabled': True,
            'has_extended_profile': True,
            'id': 2816947358,
            'id_str': '2816947358',
            'is_translation_enabled': False,
            'is_translator': False,
            'lang': None,
            'listed_count': 219,
            'location': 'Between Middle, south and over the water',
            'name': 'Kit de Waal',
            'notifications': None,
            'profile_background_color': '000000',
            'profile_background_image_url': 'http://abs.twimg.com/images/themes/theme1/bg.png',
            'profile_background_image_url_https': 'https://abs.twimg.com/images/themes/theme1/bg.png',
            'profile_background_tile': False,
            'profile_banner_url': 'https://pbs.twimg.com/profile_banners/2816947358/1556462063',
            'profile_image_url': 'http://pbs.twimg.com/profile_images/1076241841287282689/VrMk45Bn_normal.jpg',
            'profile_image_url_https': 'https://pbs.twimg.com/profile_images/1076241841287282689/VrMk45Bn_normal.jpg',
            'profile_link_color': 'ABB8C2',
            'profile_sidebar_border_color': '000000',
            'profile_sidebar_fill_color': '000000',
            'profile_text_color': '000000',
            'profile_use_background_image': False,
            'protected': False,
            'screen_name': 'KitdeWaal',
            'statuses_count': 41601,
            'time_zone': None,
            'translator_type': 'none',
            'url': None,
            'utc_offset': None,
            'verified': False}}
----------Summary----------
{ 'entities': {},
  'id_str': '1156272890351935489',
  'retweeted_status': { 'entities': { 'urls': { 'display_url': 'twitter.com/i/web/status/1…',
                                                'expanded_url': 'https://twitter.com/i/web/status/1156150617779388416'}},
                        'id_str': '1156150617779388416',
                        'text': ".@paulburston's essential @polariprize "
                                'shortlist has been announced. congratulations '
                                '@pnovelistgale, https://t.co/ffnyooejth',
                        'user': { 'entities': {},
                                  'id_str': '476110720',
                                  'twitter_user': 'paul_mc_veigh'}},
  'text': "rt @paul_mc_veigh: .@paulburston's essential @polariprize shortlist "
          'has been announced. congratulations @pnovelistgale, '
          '@charles_lambert, d',
  'user': {'entities': {}, 'id_str': '2816947358', 'twitter_user': 'KitdeWaal'}}
----------Groups----------
{ 'Bitcoin': ['bitcoin', 'Bitcoin', 'btc', 'satoshi nakamoto'],
  'Ethereum': ['ethereum', 'Ethereum', 'eth', 'vitalik buterin'],
  'Litecoin': ['litecoin', 'Litecoin', 'ltc', 'charles lee'],
  'Monero': ['monero', 'Monero', 'xmr', 'riccardo spagni'],
  'Ripple': [ 'ripple',
              'Ripple',
              'xrp',
              'xrapid',
              'xcurrent',
              'chris larsen',
              'jed mccaleb']}
---------------------------Fetch-------2019-07-31 16:00:25.130717: Tweet filed under "misc":----------Data----------
{ 'contributors': None,
  'coordinates': None,
  'created_at': 'Wed Jul 31 19:47:03 +0000 2019',
  'entities': { 'hashtags': [],
                'symbols': [],
                'urls': [],
                'user_mentions': [ { 'id': 1096422697108684800,
                                     'id_str': '1096422697108684800',
                                     'indices': [3, 14],
                                     'name': 'Alex Fazel',
                                     'screen_name': 'alex_fazel'},
                                   { 'id': 874348944570159106,
                                     'id_str': '874348944570159106',
                                     'indices': [70, 82],
                                     'name': 'electroneum',
                                     'screen_name': 'electroneum'}]},
  'favorite_count': 0,
  'favorited': False,
  'geo': None,
  'id': 1156652514458177537,
  'id_str': '1156652514458177537',
  'in_reply_to_screen_name': None,
  'in_reply_to_status_id': None,
  'in_reply_to_status_id_str': None,
  'in_reply_to_user_id': None,
  'in_reply_to_user_id_str': None,
  'is_quote_status': False,
  'lang': 'en',
  'metadata': {'iso_language_code': 'en', 'result_type': 'recent'},
  'place': None,
  'possibly_sensitive': False,
  'retweet_count': 1,
  'retweeted': False,
  'retweeted_status': { 'contributors': None,
                        'coordinates': None,
                        'created_at': 'Wed Jul 31 17:27:37 +0000 2019',
                        'entities': { 'hashtags': [],
                                      'symbols': [],
                                      'urls': [ { 'display_url': 'twitter.com/i/web/status/1…',
                                                  'expanded_url': 'https://twitter.com/i/web/status/1156617423837192193',
                                                  'indices': [117, 140],
                                                  'url': 'https://t.co/c56RI8Nrp8'}],
                                      'user_mentions': [ { 'id': 874348944570159106,
                                                           'id_str': '874348944570159106',
                                                           'indices': [54, 66],
                                                           'name': 'electroneum',
                                                           'screen_name': 'electroneum'}]},
                        'favorite_count': 5,
                        'favorited': False,
                        'geo': None,
                        'id': 1156617423837192193,
                        'id_str': '1156617423837192193',
                        'in_reply_to_screen_name': None,
                        'in_reply_to_status_id': None,
                        'in_reply_to_status_id_str': None,
                        'in_reply_to_user_id': None,
                        'in_reply_to_user_id_str': None,
                        'is_quote_status': False,
                        'lang': 'en',
                        'metadata': { 'iso_language_code': 'en',
                                      'result_type': 'recent'},
                        'place': None,
                        'possibly_sensitive': False,
                        'retweet_count': 1,
                        'retweeted': False,
                        'source': '<a href="https://mobile.twitter.com" '
                                  'rel="nofollow">Twitter Web App</a>',
                        'text': 'Catch this inspiring interview w/ Richard '
                                'Ells CEO of @electroneum and hear the truth '
                                'about mining, emerging nation… '
                                'https://t.co/c56RI8Nrp8',
                        'truncated': True,
                        'user': { 'contributors_enabled': False,
                                  'created_at': 'Fri Feb 15 14:55:16 +0000 '
                                                '2019',
                                  'default_profile': False,
                                  'default_profile_image': False,
                                  'description': 'SwissBorg Family I '
                                                 'Cryptonites Creator & Host I '
                                                 'TEDx speaker & Coach',
                                  'entities': { 'description': {'urls': []},
                                                'url': { 'urls': [ { 'display_url': 'swissborg.com',
                                                                     'expanded_url': 'http://swissborg.com',
                                                                     'indices': [ 0,
                                                                                  23],
                                                                     'url': 'https://t.co/ZHUHPKiUxl'}]}},
                                  'favourites_count': 273,
                                  'follow_request_sent': None,
                                  'followers_count': 108,
                                  'following': None,
                                  'friends_count': 99,
                                  'geo_enabled': False,
                                  'has_extended_profile': True,
                                  'id': 1096422697108684800,
                                  'id_str': '1096422697108684800',
                                  'is_translation_enabled': False,
                                  'is_translator': False,
                                  'lang': None,
                                  'listed_count': 0,
                                  'location': 'London, England',
                                  'name': 'Alex Fazel',
                                  'notifications': None,
                                  'profile_background_color': '000000',
                                  'profile_background_image_url': 'http://abs.twimg.com/images/themes/theme1/bg.png',
                                  'profile_background_image_url_https': 'https://abs.twimg.com/images/themes/theme1/bg.png',
                                  'profile_background_tile': False,
                                  'profile_banner_url': 'https://pbs.twimg.com/profile_banners/1096422697108684800/1550244086',
                                  'profile_image_url': 'http://pbs.twimg.com/profile_images/1096423038994792449/JAGtPm_a_normal.png',
                                  'profile_image_url_https': 'https://pbs.twimg.com/profile_images/1096423038994792449/JAGtPm_a_normal.png',
                                  'profile_link_color': '7FDBB6',
                                  'profile_sidebar_border_color': '000000',
                                  'profile_sidebar_fill_color': '000000',
                                  'profile_text_color': '000000',
                                  'profile_use_background_image': False,
                                  'protected': False,
                                  'screen_name': 'alex_fazel',
                                  'statuses_count': 110,
                                  'time_zone': None,
                                  'translator_type': 'none',
                                  'url': 'https://t.co/ZHUHPKiUxl',
                                  'utc_offset': None,
                                  'verified': False}},
  'source': '<a href="https://mobile.twitter.com" rel="nofollow">Twitter Web '
            'App</a>',
  'text': 'RT @alex_fazel: Catch this inspiring interview w/ Richard Ells CEO '
          'of @electroneum and hear the truth about mining, emerging nations '
          'and wh…',
  'truncated': False,
  'user': { 'contributors_enabled': False,
            'created_at': 'Wed Nov 13 14:22:46 +0000 2013',
            'default_profile': True,
            'default_profile_image': False,
            'description': 'Latest News & Info about #Electroneum #ETN $ETN '
                           '#ETN242 +#Investor #Cryptocurrency #Altcoins '
                           '#Cryptonews #fintech #Blockchain & #Crypto '
                           'influencer! DM for promo',
            'entities': { 'description': {'urls': []},
                          'url': { 'urls': [ { 'display_url': 'my.electroneum.com/join/988AF6',
                                               'expanded_url': 'http://my.electroneum.com/join/988AF6',
                                               'indices': [0, 23],
                                               'url': 'https://t.co/on54aA0P7E'}]}},
            'favourites_count': 32696,
            'follow_request_sent': None,
            'followers_count': 8355,
            'following': None,
            'friends_count': 8382,
            'geo_enabled': False,
            'has_extended_profile': False,
            'id': 2179672299,
            'id_str': '2179672299',
            'is_translation_enabled': False,
            'is_translator': False,
            'lang': None,
            'listed_count': 24,
            'location': 'Everywhere',
            'name': 'Mr.CryptoCZ',
            'notifications': None,
            'profile_background_color': 'C0DEED',
            'profile_background_image_url': 'http://abs.twimg.com/images/themes/theme1/bg.png',
            'profile_background_image_url_https': 'https://abs.twimg.com/images/themes/theme1/bg.png',
            'profile_background_tile': False,
            'profile_banner_url': 'https://pbs.twimg.com/profile_banners/2179672299/1552925794',
            'profile_image_url': 'http://pbs.twimg.com/profile_images/1152165135324237825/fv1l8lSI_normal.jpg',
            'profile_image_url_https': 'https://pbs.twimg.com/profile_images/1152165135324237825/fv1l8lSI_normal.jpg',
            'profile_link_color': '1DA1F2',
            'profile_sidebar_border_color': 'C0DEED',
            'profile_sidebar_fill_color': 'DDEEF6',
            'profile_text_color': '333333',
            'profile_use_background_image': True,
            'protected': False,
            'screen_name': 'cechv2',
            'statuses_count': 11382,
            'time_zone': None,
            'translator_type': 'none',
            'url': 'https://t.co/on54aA0P7E',
            'utc_offset': None,
            'verified': False}}
----------Summary----------
{ 'entities': {},
  'id_str': '1156652514458177537',
  'retweeted_status': { 'entities': { 'urls': { 'display_url': 'twitter.com/i/web/status/1…',
                                                'expanded_url': 'https://twitter.com/i/web/status/1156617423837192193'}},
                        'id_str': '1156617423837192193',
                        'text': 'catch this inspiring interview w/ richard '
                                'ells ceo of @electroneum and hear the truth '
                                'about mining, emerging nation '
                                'https://t.co/c56ri8nrp8',
                        'user': { 'entities': {},
                                  'id_str': '1096422697108684800',
                                  'twitter_user': 'alex_fazel'}},
  'text': 'rt @alex_fazel: catch this inspiring interview w/ richard ells ceo '
          'of @electroneum and hear the truth about mining, emerging nations '
          'and wh',
  'user': {'entities': {}, 'id_str': '2179672299', 'twitter_user': 'cechv2'}}
----------Groups----------
{ 'Bitcoin': ['bitcoin', 'Bitcoin', 'btc', 'satoshi nakamoto'],
  'Ethereum': ['ethereum', 'Ethereum', 'eth', 'vitalik buterin'],
  'Litecoin': ['litecoin', 'Litecoin', 'ltc', 'charles lee'],
  'Monero': ['monero', 'Monero', 'xmr', 'riccardo spagni'],
  'Ripple': [ 'ripple',
              'Ripple',
              'xrp',
              'xrapid',
              'xcurrent',
              'chris larsen',
              'jed mccaleb']}
---------------------------Fetch-------2019-07-31 16:00:31.171396: Tweet filed under "misc":----------Data----------
{ 'contributors': None,
  'coordinates': None,
  'created_at': 'Wed Jul 31 19:05:45 +0000 2019',
  'entities': { 'hashtags': [],
                'symbols': [],
                'urls': [],
                'user_mentions': [ { 'id': 1018909015487549440,
                                     'id_str': '1018909015487549440',
                                     'indices': [3, 19],
                                     'name': 'Ralph Potter',
                                     'screen_name': 'RalphPo91162800'}]},
  'favorite_count': 0,
  'favorited': False,
  'geo': None,
  'id': 1156642121627000833,
  'id_str': '1156642121627000833',
  'in_reply_to_screen_name': None,
  'in_reply_to_status_id': None,
  'in_reply_to_status_id_str': None,
  'in_reply_to_user_id': None,
  'in_reply_to_user_id_str': None,
  'is_quote_status': False,
  'lang': 'en',
  'metadata': {'iso_language_code': 'en', 'result_type': 'recent'},
  'place': None,
  'retweet_count': 19,
  'retweeted': False,
  'retweeted_status': { 'contributors': None,
                        'coordinates': None,
                        'created_at': 'Wed Jul 31 12:22:01 +0000 2019',
                        'entities': { 'hashtags': [],
                                      'symbols': [],
                                      'urls': [ { 'display_url': 'twitter.com/i/web/status/1…',
                                                  'expanded_url': 'https://twitter.com/i/web/status/1156540517728997376',
                                                  'indices': [117, 140],
                                                  'url': 'https://t.co/rRonqAWral'}],
                                      'user_mentions': []},
                        'favorite_count': 28,
                        'favorited': False,
                        'geo': None,
                        'id': 1156540517728997376,
                        'id_str': '1156540517728997376',
                        'in_reply_to_screen_name': None,
                        'in_reply_to_status_id': None,
                        'in_reply_to_status_id_str': None,
                        'in_reply_to_user_id': None,
                        'in_reply_to_user_id_str': None,
                        'is_quote_status': False,
                        'lang': 'en',
                        'metadata': { 'iso_language_code': 'en',
                                      'result_type': 'recent'},
                        'place': None,
                        'retweet_count': 19,
                        'retweeted': False,
                        'source': '<a '
                                  'href="http://twitter.com/download/android" '
                                  'rel="nofollow">Twitter for Android</a>',
                        'text': 'Diversify diversify diversify...APOLLO '
                                'CURRENCY has endless use cases, features '
                                "you're all ready amplified with the… "
                                'https://t.co/rRonqAWral',
                        'truncated': True,
                        'user': { 'contributors_enabled': False,
                                  'created_at': 'Mon Jul 16 17:23:34 +0000 '
                                                '2018',
                                  'default_profile': True,
                                  'default_profile_image': False,
                                  'description': '',
                                  'entities': {'description': {'urls': []}},
                                  'favourites_count': 10502,
                                  'follow_request_sent': None,
                                  'followers_count': 361,
                                  'following': None,
                                  'friends_count': 203,
                                  'geo_enabled': False,
                                  'has_extended_profile': False,
                                  'id': 1018909015487549440,
                                  'id_str': '1018909015487549440',
                                  'is_translation_enabled': False,
                                  'is_translator': False,
                                  'lang': None,
                                  'listed_count': 2,
                                  'location': '',
                                  'name': 'Ralph Potter',
                                  'notifications': None,
                                  'profile_background_color': 'F5F8FA',
                                  'profile_background_image_url': None,
                                  'profile_background_image_url_https': None,
                                  'profile_background_tile': False,
                                  'profile_banner_url': 'https://pbs.twimg.com/profile_banners/1018909015487549440/1542070862',
                                  'profile_image_url': 'http://pbs.twimg.com/profile_images/1122043536738668545/iq7o5BaP_normal.jpg',
                                  'profile_image_url_https': 'https://pbs.twimg.com/profile_images/1122043536738668545/iq7o5BaP_normal.jpg',
                                  'profile_link_color': '1DA1F2',
                                  'profile_sidebar_border_color': 'C0DEED',
                                  'profile_sidebar_fill_color': 'DDEEF6',
                                  'profile_text_color': '333333',
                                  'profile_use_background_image': True,
                                  'protected': False,
                                  'screen_name': 'RalphPo91162800',
                                  'statuses_count': 10369,
                                  'time_zone': None,
                                  'translator_type': 'none',
                                  'url': None,
                                  'utc_offset': None,
                                  'verified': False}},
  'source': '<a href="http://twitter.com/download/android" '
            'rel="nofollow">Twitter for Android</a>',
  'text': 'RT @RalphPo91162800: Diversify diversify diversify...APOLLO '
          "CURRENCY has endless use cases, features you're all ready amplified "
          'with the AL…',
  'truncated': False,
  'user': { 'contributors_enabled': False,
            'created_at': 'Sat Dec 19 04:31:06 +0000 2015',
            'default_profile': True,
            'default_profile_image': False,
            'description': 'Cryptotrader investor in\nCryptocurrency',
            'entities': {'description': {'urls': []}},
            'favourites_count': 33020,
            'follow_request_sent': None,
            'followers_count': 712,
            'following': None,
            'friends_count': 318,
            'geo_enabled': False,
            'has_extended_profile': True,
            'id': 4599821232,
            'id_str': '4599821232',
            'is_translation_enabled': False,
            'is_translator': False,
            'lang': None,
            'listed_count': 7,
            'location': 'India',
            'name': 'Crypto_boss',
            'notifications': None,
            'profile_background_color': 'F5F8FA',
            'profile_background_image_url': None,
            'profile_background_image_url_https': None,
            'profile_background_tile': False,
            'profile_image_url': 'http://pbs.twimg.com/profile_images/716721201410744320/7XmTsGno_normal.jpg',
            'profile_image_url_https': 'https://pbs.twimg.com/profile_images/716721201410744320/7XmTsGno_normal.jpg',
            'profile_link_color': '1DA1F2',
            'profile_sidebar_border_color': 'C0DEED',
            'profile_sidebar_fill_color': 'DDEEF6',
            'profile_text_color': '333333',
            'profile_use_background_image': True,
            'protected': False,
            'screen_name': 'DGDanish07',
            'statuses_count': 29046,
            'time_zone': None,
            'translator_type': 'none',
            'url': None,
            'utc_offset': None,
            'verified': False}}
----------Summary----------
{ 'entities': {},
  'id_str': '1156642121627000833',
  'retweeted_status': { 'entities': { 'urls': { 'display_url': 'twitter.com/i/web/status/1…',
                                                'expanded_url': 'https://twitter.com/i/web/status/1156540517728997376'}},
                        'id_str': '1156540517728997376',
                        'text': 'diversify diversify diversify...apollo '
                                'currency has endless use cases, features '
                                "you're all ready amplified with the "
                                'https://t.co/rronqawral',
                        'user': { 'entities': {},
                                  'id_str': '1018909015487549440',
                                  'twitter_user': 'RalphPo91162800'}},
  'text': 'rt @ralphpo91162800: diversify diversify diversify...apollo '
          "currency has endless use cases, features you're all ready amplified "
          'with the al',
  'user': { 'entities': {},
            'id_str': '4599821232',
            'twitter_user': 'DGDanish07'}}
----------Groups----------
{ 'Bitcoin': ['bitcoin', 'Bitcoin', 'btc', 'satoshi nakamoto'],
  'Ethereum': ['ethereum', 'Ethereum', 'eth', 'vitalik buterin'],
  'Litecoin': ['litecoin', 'Litecoin', 'ltc', 'charles lee'],
  'Monero': ['monero', 'Monero', 'xmr', 'riccardo spagni'],
  'Ripple': [ 'ripple',
              'Ripple',
              'xrp',
              'xrapid',
              'xcurrent',
              'chris larsen',
              'jed mccaleb']}
---------------------------Fetch-------2019-07-31 16:00:33.525954: Tweet filed under "misc":----------Data----------
{ 'contributors': None,
  'coordinates': None,
  'created_at': 'Wed Jul 31 18:58:29 +0000 2019',
  'entities': { 'hashtags': [],
                'symbols': [],
                'urls': [],
                'user_mentions': [ { 'id': 1018909015487549440,
                                     'id_str': '1018909015487549440',
                                     'indices': [3, 19],
                                     'name': 'Ralph Potter',
                                     'screen_name': 'RalphPo91162800'}]},
  'favorite_count': 0,
  'favorited': False,
  'geo': None,
  'id': 1156640291203497984,
  'id_str': '1156640291203497984',
  'in_reply_to_screen_name': None,
  'in_reply_to_status_id': None,
  'in_reply_to_status_id_str': None,
  'in_reply_to_user_id': None,
  'in_reply_to_user_id_str': None,
  'is_quote_status': False,
  'lang': 'en',
  'metadata': {'iso_language_code': 'en', 'result_type': 'recent'},
  'place': None,
  'retweet_count': 19,
  'retweeted': False,
  'retweeted_status': { 'contributors': None,
                        'coordinates': None,
                        'created_at': 'Wed Jul 31 12:22:01 +0000 2019',
                        'entities': { 'hashtags': [],
                                      'symbols': [],
                                      'urls': [ { 'display_url': 'twitter.com/i/web/status/1…',
                                                  'expanded_url': 'https://twitter.com/i/web/status/1156540517728997376',
                                                  'indices': [117, 140],
                                                  'url': 'https://t.co/rRonqAWral'}],
                                      'user_mentions': []},
                        'favorite_count': 28,
                        'favorited': False,
                        'geo': None,
                        'id': 1156540517728997376,
                        'id_str': '1156540517728997376',
                        'in_reply_to_screen_name': None,
                        'in_reply_to_status_id': None,
                        'in_reply_to_status_id_str': None,
                        'in_reply_to_user_id': None,
                        'in_reply_to_user_id_str': None,
                        'is_quote_status': False,
                        'lang': 'en',
                        'metadata': { 'iso_language_code': 'en',
                                      'result_type': 'recent'},
                        'place': None,
                        'retweet_count': 19,
                        'retweeted': False,
                        'source': '<a '
                                  'href="http://twitter.com/download/android" '
                                  'rel="nofollow">Twitter for Android</a>',
                        'text': 'Diversify diversify diversify...APOLLO '
                                'CURRENCY has endless use cases, features '
                                "you're all ready amplified with the… "
                                'https://t.co/rRonqAWral',
                        'truncated': True,
                        'user': { 'contributors_enabled': False,
                                  'created_at': 'Mon Jul 16 17:23:34 +0000 '
                                                '2018',
                                  'default_profile': True,
                                  'default_profile_image': False,
                                  'description': '',
                                  'entities': {'description': {'urls': []}},
                                  'favourites_count': 10502,
                                  'follow_request_sent': None,
                                  'followers_count': 361,
                                  'following': None,
                                  'friends_count': 203,
                                  'geo_enabled': False,
                                  'has_extended_profile': False,
                                  'id': 1018909015487549440,
                                  'id_str': '1018909015487549440',
                                  'is_translation_enabled': False,
                                  'is_translator': False,
                                  'lang': None,
                                  'listed_count': 2,
                                  'location': '',
                                  'name': 'Ralph Potter',
                                  'notifications': None,
                                  'profile_background_color': 'F5F8FA',
                                  'profile_background_image_url': None,
                                  'profile_background_image_url_https': None,
                                  'profile_background_tile': False,
                                  'profile_banner_url': 'https://pbs.twimg.com/profile_banners/1018909015487549440/1542070862',
                                  'profile_image_url': 'http://pbs.twimg.com/profile_images/1122043536738668545/iq7o5BaP_normal.jpg',
                                  'profile_image_url_https': 'https://pbs.twimg.com/profile_images/1122043536738668545/iq7o5BaP_normal.jpg',
                                  'profile_link_color': '1DA1F2',
                                  'profile_sidebar_border_color': 'C0DEED',
                                  'profile_sidebar_fill_color': 'DDEEF6',
                                  'profile_text_color': '333333',
                                  'profile_use_background_image': True,
                                  'protected': False,
                                  'screen_name': 'RalphPo91162800',
                                  'statuses_count': 10369,
                                  'time_zone': None,
                                  'translator_type': 'none',
                                  'url': None,
                                  'utc_offset': None,
                                  'verified': False}},
  'source': '<a href="http://twitter.com/download/iphone" '
            'rel="nofollow">Twitter for iPhone</a>',
  'text': 'RT @RalphPo91162800: Diversify diversify diversify...APOLLO '
          "CURRENCY has endless use cases, features you're all ready amplified "
          'with the AL…',
  'truncated': False,
  'user': { 'contributors_enabled': False,
            'created_at': 'Sun Jul 29 17:45:41 +0000 2018',
            'default_profile': True,
            'default_profile_image': False,
            'description': '#Tron #TRX',
            'entities': {'description': {'urls': []}},
            'favourites_count': 1221,
            'follow_request_sent': None,
            'followers_count': 55,
            'following': None,
            'friends_count': 78,
            'geo_enabled': False,
            'has_extended_profile': False,
            'id': 1023625624265662466,
            'id_str': '1023625624265662466',
            'is_translation_enabled': False,
            'is_translator': False,
            'lang': None,
            'listed_count': 0,
            'location': '',
            'name': 'LG',
            'notifications': None,
            'profile_background_color': 'F5F8FA',
            'profile_background_image_url': None,
            'profile_background_image_url_https': None,
            'profile_background_tile': False,
            'profile_image_url': 'http://pbs.twimg.com/profile_images/1067455508137811969/6fCtprC6_normal.jpg',
            'profile_image_url_https': 'https://pbs.twimg.com/profile_images/1067455508137811969/6fCtprC6_normal.jpg',
            'profile_link_color': '1DA1F2',
            'profile_sidebar_border_color': 'C0DEED',
            'profile_sidebar_fill_color': 'DDEEF6',
            'profile_text_color': '333333',
            'profile_use_background_image': True,
            'protected': False,
            'screen_name': 'CryptoGeorg',
            'statuses_count': 1194,
            'time_zone': None,
            'translator_type': 'none',
            'url': None,
            'utc_offset': None,
            'verified': False}}
----------Summary----------
{ 'entities': {},
  'id_str': '1156640291203497984',
  'retweeted_status': { 'entities': { 'urls': { 'display_url': 'twitter.com/i/web/status/1…',
                                                'expanded_url': 'https://twitter.com/i/web/status/1156540517728997376'}},
                        'id_str': '1156540517728997376',
                        'text': 'diversify diversify diversify...apollo '
                                'currency has endless use cases, features '
                                "you're all ready amplified with the "
                                'https://t.co/rronqawral',
                        'user': { 'entities': {},
                                  'id_str': '1018909015487549440',
                                  'twitter_user': 'RalphPo91162800'}},
  'text': 'rt @ralphpo91162800: diversify diversify diversify...apollo '
          "currency has endless use cases, features you're all ready amplified "
          'with the al',
  'user': { 'entities': {},
            'id_str': '1023625624265662466',
            'twitter_user': 'CryptoGeorg'}}
----------Groups----------
{ 'Bitcoin': ['bitcoin', 'Bitcoin', 'btc', 'satoshi nakamoto'],
  'Ethereum': ['ethereum', 'Ethereum', 'eth', 'vitalik buterin'],
  'Litecoin': ['litecoin', 'Litecoin', 'ltc', 'charles lee'],
  'Monero': ['monero', 'Monero', 'xmr', 'riccardo spagni'],
  'Ripple': [ 'ripple',
              'Ripple',
              'xrp',
              'xrapid',
              'xcurrent',
              'chris larsen',
              'jed mccaleb']}
---------------------------Fetch-------2019-07-31 16:00:39.466626: Tweet filed under "misc":----------Data----------
{ 'contributors': None,
  'coordinates': None,
  'created_at': 'Wed Jul 31 18:29:40 +0000 2019',
  'entities': { 'hashtags': [],
                'symbols': [],
                'urls': [ { 'display_url': 'twitter.com/i/web/status/1…',
                            'expanded_url': 'https://twitter.com/i/web/status/1156633040367603712',
                            'indices': [117, 140],
                            'url': 'https://t.co/NrezUwqT5S'}],
                'user_mentions': [ { 'id': 853610477116682241,
                                     'id_str': '853610477116682241',
                                     'indices': [0, 9],
                                     'name': 'CryptoNews',
                                     'screen_name': 'Crypt0NL'}]},
  'favorite_count': 0,
  'favorited': False,
  'geo': None,
  'id': 1156633040367603712,
  'id_str': '1156633040367603712',
  'in_reply_to_screen_name': 'Crypt0NL',
  'in_reply_to_status_id': None,
  'in_reply_to_status_id_str': None,
  'in_reply_to_user_id': 853610477116682241,
  'in_reply_to_user_id_str': '853610477116682241',
  'is_quote_status': False,
  'lang': 'en',
  'metadata': {'iso_language_code': 'en', 'result_type': 'recent'},
  'place': None,
  'possibly_sensitive': False,
  'retweet_count': 0,
  'retweeted': False,
  'source': '<a href="https://mobile.twitter.com" rel="nofollow">Twitter Web '
            'App</a>',
  'text': '@Crypt0NL It is always great to see such great stuff on your '
          "timeline, can you please make a review on Ryocurrency'… "
          'https://t.co/NrezUwqT5S',
  'truncated': True,
  'user': { 'contributors_enabled': False,
            'created_at': 'Sat May 18 15:31:20 +0000 2019',
            'default_profile': True,
            'default_profile_image': False,
            'description': 'Cryptocurrency enthusiast, GPU mining, Currently '
                           'mining Cryptonight coins.',
            'entities': {'description': {'urls': []}},
            'favourites_count': 484,
            'follow_request_sent': None,
            'followers_count': 133,
            'following': None,
            'friends_count': 808,
            'geo_enabled': False,
            'has_extended_profile': False,
            'id': 1129771455921700864,
            'id_str': '1129771455921700864',
            'is_translation_enabled': False,
            'is_translator': False,
            'lang': None,
            'listed_count': 1,
            'location': 'United States',
            'name': 'Jayson Garret',
            'notifications': None,
            'profile_background_color': 'F5F8FA',
            'profile_background_image_url': None,
            'profile_background_image_url_https': None,
            'profile_background_tile': False,
            'profile_banner_url': 'https://pbs.twimg.com/profile_banners/1129771455921700864/1561802840',
            'profile_image_url': 'http://pbs.twimg.com/profile_images/1144909511343452160/a-nuNtg-_normal.png',
            'profile_image_url_https': 'https://pbs.twimg.com/profile_images/1144909511343452160/a-nuNtg-_normal.png',
            'profile_link_color': '1DA1F2',
            'profile_sidebar_border_color': 'C0DEED',
            'profile_sidebar_fill_color': 'DDEEF6',
            'profile_text_color': '333333',
            'profile_use_background_image': True,
            'protected': False,
            'screen_name': 'jassongreat',
            'statuses_count': 275,
            'time_zone': None,
            'translator_type': 'none',
            'url': None,
            'utc_offset': None,
            'verified': False}}
----------Summary----------
{ 'entities': { 'urls': { 'display_url': 'twitter.com/i/web/status/1…',
                          'expanded_url': 'https://twitter.com/i/web/status/1156633040367603712'}},
  'id_str': '1156633040367603712',
  'text': '@crypt0nl it is always great to see such great stuff on your '
          "timeline, can you please make a review on ryocurrency' "
          'https://t.co/nrezuwqt5s',
  'user': { 'entities': {},
            'id_str': '1129771455921700864',
            'twitter_user': 'jassongreat'}}
----------Groups----------
{ 'Bitcoin': ['bitcoin', 'Bitcoin', 'btc', 'satoshi nakamoto'],
  'Ethereum': ['ethereum', 'Ethereum', 'eth', 'vitalik buterin'],
  'Litecoin': ['litecoin', 'Litecoin', 'ltc', 'charles lee'],
  'Monero': ['monero', 'Monero', 'xmr', 'riccardo spagni'],
  'Ripple': [ 'ripple',
              'Ripple',
              'xrp',
              'xrapid',
              'xcurrent',
              'chris larsen',
              'jed mccaleb']}
---------------------------Fetch-------2019-07-31 16:00:44.676752: Tweet filed under "misc":----------Data----------
{ 'contributors': None,
  'coordinates': None,
  'created_at': 'Wed Jul 31 18:09:28 +0000 2019',
  'entities': { 'hashtags': [],
                'symbols': [],
                'urls': [],
                'user_mentions': [ { 'id': 1018909015487549440,
                                     'id_str': '1018909015487549440',
                                     'indices': [3, 19],
                                     'name': 'Ralph Potter',
                                     'screen_name': 'RalphPo91162800'}]},
  'favorite_count': 0,
  'favorited': False,
  'geo': None,
  'id': 1156627955084226560,
  'id_str': '1156627955084226560',
  'in_reply_to_screen_name': None,
  'in_reply_to_status_id': None,
  'in_reply_to_status_id_str': None,
  'in_reply_to_user_id': None,
  'in_reply_to_user_id_str': None,
  'is_quote_status': False,
  'lang': 'en',
  'metadata': {'iso_language_code': 'en', 'result_type': 'recent'},
  'place': None,
  'retweet_count': 19,
  'retweeted': False,
  'retweeted_status': { 'contributors': None,
                        'coordinates': None,
                        'created_at': 'Wed Jul 31 12:22:01 +0000 2019',
                        'entities': { 'hashtags': [],
                                      'symbols': [],
                                      'urls': [ { 'display_url': 'twitter.com/i/web/status/1…',
                                                  'expanded_url': 'https://twitter.com/i/web/status/1156540517728997376',
                                                  'indices': [117, 140],
                                                  'url': 'https://t.co/rRonqAWral'}],
                                      'user_mentions': []},
                        'favorite_count': 28,
                        'favorited': False,
                        'geo': None,
                        'id': 1156540517728997376,
                        'id_str': '1156540517728997376',
                        'in_reply_to_screen_name': None,
                        'in_reply_to_status_id': None,
                        'in_reply_to_status_id_str': None,
                        'in_reply_to_user_id': None,
                        'in_reply_to_user_id_str': None,
                        'is_quote_status': False,
                        'lang': 'en',
                        'metadata': { 'iso_language_code': 'en',
                                      'result_type': 'recent'},
                        'place': None,
                        'retweet_count': 19,
                        'retweeted': False,
                        'source': '<a '
                                  'href="http://twitter.com/download/android" '
                                  'rel="nofollow">Twitter for Android</a>',
                        'text': 'Diversify diversify diversify...APOLLO '
                                'CURRENCY has endless use cases, features '
                                "you're all ready amplified with the… "
                                'https://t.co/rRonqAWral',
                        'truncated': True,
                        'user': { 'contributors_enabled': False,
                                  'created_at': 'Mon Jul 16 17:23:34 +0000 '
                                                '2018',
                                  'default_profile': True,
                                  'default_profile_image': False,
                                  'description': '',
                                  'entities': {'description': {'urls': []}},
                                  'favourites_count': 10502,
                                  'follow_request_sent': None,
                                  'followers_count': 361,
                                  'following': None,
                                  'friends_count': 203,
                                  'geo_enabled': False,
                                  'has_extended_profile': False,
                                  'id': 1018909015487549440,
                                  'id_str': '1018909015487549440',
                                  'is_translation_enabled': False,
                                  'is_translator': False,
                                  'lang': None,
                                  'listed_count': 2,
                                  'location': '',
                                  'name': 'Ralph Potter',
                                  'notifications': None,
                                  'profile_background_color': 'F5F8FA',
                                  'profile_background_image_url': None,
                                  'profile_background_image_url_https': None,
                                  'profile_background_tile': False,
                                  'profile_banner_url': 'https://pbs.twimg.com/profile_banners/1018909015487549440/1542070862',
                                  'profile_image_url': 'http://pbs.twimg.com/profile_images/1122043536738668545/iq7o5BaP_normal.jpg',
                                  'profile_image_url_https': 'https://pbs.twimg.com/profile_images/1122043536738668545/iq7o5BaP_normal.jpg',
                                  'profile_link_color': '1DA1F2',
                                  'profile_sidebar_border_color': 'C0DEED',
                                  'profile_sidebar_fill_color': 'DDEEF6',
                                  'profile_text_color': '333333',
                                  'profile_use_background_image': True,
                                  'protected': False,
                                  'screen_name': 'RalphPo91162800',
                                  'statuses_count': 10369,
                                  'time_zone': None,
                                  'translator_type': 'none',
                                  'url': None,
                                  'utc_offset': None,
                                  'verified': False}},
  'source': '<a href="http://twitter.com/download/iphone" '
            'rel="nofollow">Twitter for iPhone</a>',
  'text': 'RT @RalphPo91162800: Diversify diversify diversify...APOLLO '
          "CURRENCY has endless use cases, features you're all ready amplified "
          'with the AL…',
  'truncated': False,
  'user': { 'contributors_enabled': False,
            'created_at': 'Sat Feb 14 04:34:04 +0000 2015',
            'default_profile': True,
            'default_profile_image': True,
            'description': '',
            'entities': {'description': {'urls': []}},
            'favourites_count': 0,
            'follow_request_sent': None,
            'followers_count': 14,
            'following': None,
            'friends_count': 27,
            'geo_enabled': False,
            'has_extended_profile': False,
            'id': 3019168891,
            'id_str': '3019168891',
            'is_translation_enabled': False,
            'is_translator': False,
            'lang': None,
            'listed_count': 1,
            'location': '',
            'name': 'Eric Langston',
            'notifications': None,
            'profile_background_color': 'C0DEED',
            'profile_background_image_url': 'http://abs.twimg.com/images/themes/theme1/bg.png',
            'profile_background_image_url_https': 'https://abs.twimg.com/images/themes/theme1/bg.png',
            'profile_background_tile': False,
            'profile_image_url': 'http://abs.twimg.com/sticky/default_profile_images/default_profile_normal.png',
            'profile_image_url_https': 'https://abs.twimg.com/sticky/default_profile_images/default_profile_normal.png',
            'profile_link_color': '1DA1F2',
            'profile_sidebar_border_color': 'C0DEED',
            'profile_sidebar_fill_color': 'DDEEF6',
            'profile_text_color': '333333',
            'profile_use_background_image': True,
            'protected': False,
            'screen_name': 'muscle_langston',
            'statuses_count': 297,
            'time_zone': None,
            'translator_type': 'none',
            'url': None,
            'utc_offset': None,
            'verified': False}}
----------Summary----------
{ 'entities': {},
  'id_str': '1156627955084226560',
  'retweeted_status': { 'entities': { 'urls': { 'display_url': 'twitter.com/i/web/status/1…',
                                                'expanded_url': 'https://twitter.com/i/web/status/1156540517728997376'}},
                        'id_str': '1156540517728997376',
                        'text': 'diversify diversify diversify...apollo '
                                'currency has endless use cases, features '
                                "you're all ready amplified with the "
                                'https://t.co/rronqawral',
                        'user': { 'entities': {},
                                  'id_str': '1018909015487549440',
                                  'twitter_user': 'RalphPo91162800'}},
  'text': 'rt @ralphpo91162800: diversify diversify diversify...apollo '
          "currency has endless use cases, features you're all ready amplified "
          'with the al',
  'user': { 'entities': {},
            'id_str': '3019168891',
            'twitter_user': 'muscle_langston'}}
----------Groups----------
{ 'Bitcoin': ['bitcoin', 'Bitcoin', 'btc', 'satoshi nakamoto'],
  'Ethereum': ['ethereum', 'Ethereum', 'eth', 'vitalik buterin'],
  'Litecoin': ['litecoin', 'Litecoin', 'ltc', 'charles lee'],
  'Monero': ['monero', 'Monero', 'xmr', 'riccardo spagni'],
  'Ripple': [ 'ripple',
              'Ripple',
              'xrp',
              'xrapid',
              'xcurrent',
              'chris larsen',
              'jed mccaleb']}
---------------------------Fetch-------2019-07-31 16:00:47.477190: Tweet filed under "misc":----------Data----------
{ 'contributors': None,
  'coordinates': None,
  'created_at': 'Wed Jul 31 19:47:03 +0000 2019',
  'entities': { 'hashtags': [],
                'symbols': [],
                'urls': [],
                'user_mentions': [ { 'id': 1096422697108684800,
                                     'id_str': '1096422697108684800',
                                     'indices': [3, 14],
                                     'name': 'Alex Fazel',
                                     'screen_name': 'alex_fazel'},
                                   { 'id': 874348944570159106,
                                     'id_str': '874348944570159106',
                                     'indices': [70, 82],
                                     'name': 'electroneum',
                                     'screen_name': 'electroneum'}]},
  'favorite_count': 0,
  'favorited': False,
  'geo': None,
  'id': 1156652514458177537,
  'id_str': '1156652514458177537',
  'in_reply_to_screen_name': None,
  'in_reply_to_status_id': None,
  'in_reply_to_status_id_str': None,
  'in_reply_to_user_id': None,
  'in_reply_to_user_id_str': None,
  'is_quote_status': False,
  'lang': 'en',
  'metadata': {'iso_language_code': 'en', 'result_type': 'recent'},
  'place': None,
  'possibly_sensitive': False,
  'retweet_count': 1,
  'retweeted': False,
  'retweeted_status': { 'contributors': None,
                        'coordinates': None,
                        'created_at': 'Wed Jul 31 17:27:37 +0000 2019',
                        'entities': { 'hashtags': [],
                                      'symbols': [],
                                      'urls': [ { 'display_url': 'twitter.com/i/web/status/1…',
                                                  'expanded_url': 'https://twitter.com/i/web/status/1156617423837192193',
                                                  'indices': [117, 140],
                                                  'url': 'https://t.co/c56RI8Nrp8'}],
                                      'user_mentions': [ { 'id': 874348944570159106,
                                                           'id_str': '874348944570159106',
                                                           'indices': [54, 66],
                                                           'name': 'electroneum',
                                                           'screen_name': 'electroneum'}]},
                        'favorite_count': 5,
                        'favorited': False,
                        'geo': None,
                        'id': 1156617423837192193,
                        'id_str': '1156617423837192193',
                        'in_reply_to_screen_name': None,
                        'in_reply_to_status_id': None,
                        'in_reply_to_status_id_str': None,
                        'in_reply_to_user_id': None,
                        'in_reply_to_user_id_str': None,
                        'is_quote_status': False,
                        'lang': 'en',
                        'metadata': { 'iso_language_code': 'en',
                                      'result_type': 'recent'},
                        'place': None,
                        'possibly_sensitive': False,
                        'retweet_count': 1,
                        'retweeted': False,
                        'source': '<a href="https://mobile.twitter.com" '
                                  'rel="nofollow">Twitter Web App</a>',
                        'text': 'Catch this inspiring interview w/ Richard '
                                'Ells CEO of @electroneum and hear the truth '
                                'about mining, emerging nation… '
                                'https://t.co/c56RI8Nrp8',
                        'truncated': True,
                        'user': { 'contributors_enabled': False,
                                  'created_at': 'Fri Feb 15 14:55:16 +0000 '
                                                '2019',
                                  'default_profile': False,
                                  'default_profile_image': False,
                                  'description': 'SwissBorg Family I '
                                                 'Cryptonites Creator & Host I '
                                                 'TEDx speaker & Coach',
                                  'entities': { 'description': {'urls': []},
                                                'url': { 'urls': [ { 'display_url': 'swissborg.com',
                                                                     'expanded_url': 'http://swissborg.com',
                                                                     'indices': [ 0,
                                                                                  23],
                                                                     'url': 'https://t.co/ZHUHPKiUxl'}]}},
                                  'favourites_count': 273,
                                  'follow_request_sent': None,
                                  'followers_count': 108,
                                  'following': None,
                                  'friends_count': 99,
                                  'geo_enabled': False,
                                  'has_extended_profile': True,
                                  'id': 1096422697108684800,
                                  'id_str': '1096422697108684800',
                                  'is_translation_enabled': False,
                                  'is_translator': False,
                                  'lang': None,
                                  'listed_count': 0,
                                  'location': 'London, England',
                                  'name': 'Alex Fazel',
                                  'notifications': None,
                                  'profile_background_color': '000000',
                                  'profile_background_image_url': 'http://abs.twimg.com/images/themes/theme1/bg.png',
                                  'profile_background_image_url_https': 'https://abs.twimg.com/images/themes/theme1/bg.png',
                                  'profile_background_tile': False,
                                  'profile_banner_url': 'https://pbs.twimg.com/profile_banners/1096422697108684800/1550244086',
                                  'profile_image_url': 'http://pbs.twimg.com/profile_images/1096423038994792449/JAGtPm_a_normal.png',
                                  'profile_image_url_https': 'https://pbs.twimg.com/profile_images/1096423038994792449/JAGtPm_a_normal.png',
                                  'profile_link_color': '7FDBB6',
                                  'profile_sidebar_border_color': '000000',
                                  'profile_sidebar_fill_color': '000000',
                                  'profile_text_color': '000000',
                                  'profile_use_background_image': False,
                                  'protected': False,
                                  'screen_name': 'alex_fazel',
                                  'statuses_count': 110,
                                  'time_zone': None,
                                  'translator_type': 'none',
                                  'url': 'https://t.co/ZHUHPKiUxl',
                                  'utc_offset': None,
                                  'verified': False}},
  'source': '<a href="https://mobile.twitter.com" rel="nofollow">Twitter Web '
            'App</a>',
  'text': 'RT @alex_fazel: Catch this inspiring interview w/ Richard Ells CEO '
          'of @electroneum and hear the truth about mining, emerging nations '
          'and wh…',
  'truncated': False,
  'user': { 'contributors_enabled': False,
            'created_at': 'Wed Nov 13 14:22:46 +0000 2013',
            'default_profile': True,
            'default_profile_image': False,
            'description': 'Latest News & Info about #Electroneum #ETN $ETN '
                           '#ETN242 +#Investor #Cryptocurrency #Altcoins '
                           '#Cryptonews #fintech #Blockchain & #Crypto '
                           'influencer! DM for promo',
            'entities': { 'description': {'urls': []},
                          'url': { 'urls': [ { 'display_url': 'my.electroneum.com/join/988AF6',
                                               'expanded_url': 'http://my.electroneum.com/join/988AF6',
                                               'indices': [0, 23],
                                               'url': 'https://t.co/on54aA0P7E'}]}},
            'favourites_count': 32696,
            'follow_request_sent': None,
            'followers_count': 8355,
            'following': None,
            'friends_count': 8382,
            'geo_enabled': False,
            'has_extended_profile': False,
            'id': 2179672299,
            'id_str': '2179672299',
            'is_translation_enabled': False,
            'is_translator': False,
            'lang': None,
            'listed_count': 24,
            'location': 'Everywhere',
            'name': 'Mr.CryptoCZ',
            'notifications': None,
            'profile_background_color': 'C0DEED',
            'profile_background_image_url': 'http://abs.twimg.com/images/themes/theme1/bg.png',
            'profile_background_image_url_https': 'https://abs.twimg.com/images/themes/theme1/bg.png',
            'profile_background_tile': False,
            'profile_banner_url': 'https://pbs.twimg.com/profile_banners/2179672299/1552925794',
            'profile_image_url': 'http://pbs.twimg.com/profile_images/1152165135324237825/fv1l8lSI_normal.jpg',
            'profile_image_url_https': 'https://pbs.twimg.com/profile_images/1152165135324237825/fv1l8lSI_normal.jpg',
            'profile_link_color': '1DA1F2',
            'profile_sidebar_border_color': 'C0DEED',
            'profile_sidebar_fill_color': 'DDEEF6',
            'profile_text_color': '333333',
            'profile_use_background_image': True,
            'protected': False,
            'screen_name': 'cechv2',
            'statuses_count': 11382,
            'time_zone': None,
            'translator_type': 'none',
            'url': 'https://t.co/on54aA0P7E',
            'utc_offset': None,
            'verified': False}}
----------Summary----------
{ 'entities': {},
  'id_str': '1156652514458177537',
  'retweeted_status': { 'entities': { 'urls': { 'display_url': 'twitter.com/i/web/status/1…',
                                                'expanded_url': 'https://twitter.com/i/web/status/1156617423837192193'}},
                        'id_str': '1156617423837192193',
                        'text': 'catch this inspiring interview w/ richard '
                                'ells ceo of @electroneum and hear the truth '
                                'about mining, emerging nation '
                                'https://t.co/c56ri8nrp8',
                        'user': { 'entities': {},
                                  'id_str': '1096422697108684800',
                                  'twitter_user': 'alex_fazel'}},
  'text': 'rt @alex_fazel: catch this inspiring interview w/ richard ells ceo '
          'of @electroneum and hear the truth about mining, emerging nations '
          'and wh',
  'user': {'entities': {}, 'id_str': '2179672299', 'twitter_user': 'cechv2'}}
----------Groups----------
{ 'Bitcoin': ['bitcoin', 'Bitcoin', 'btc', 'satoshi nakamoto'],
  'Ethereum': ['ethereum', 'Ethereum', 'eth', 'vitalik buterin'],
  'Litecoin': ['litecoin', 'Litecoin', 'ltc', 'charles lee'],
  'Monero': ['monero', 'Monero', 'xmr', 'riccardo spagni'],
  'Ripple': [ 'ripple',
              'Ripple',
              'xrp',
              'xrapid',
              'xcurrent',
              'chris larsen',
              'jed mccaleb']}
---------------------------Fetch-------2019-07-31 16:00:53.596664: Tweet filed under "misc":----------Data----------
{ 'contributors': None,
  'coordinates': None,
  'created_at': 'Wed Jul 31 19:05:45 +0000 2019',
  'entities': { 'hashtags': [],
                'symbols': [],
                'urls': [],
                'user_mentions': [ { 'id': 1018909015487549440,
                                     'id_str': '1018909015487549440',
                                     'indices': [3, 19],
                                     'name': 'Ralph Potter',
                                     'screen_name': 'RalphPo91162800'}]},
  'favorite_count': 0,
  'favorited': False,
  'geo': None,
  'id': 1156642121627000833,
  'id_str': '1156642121627000833',
  'in_reply_to_screen_name': None,
  'in_reply_to_status_id': None,
  'in_reply_to_status_id_str': None,
  'in_reply_to_user_id': None,
  'in_reply_to_user_id_str': None,
  'is_quote_status': False,
  'lang': 'en',
  'metadata': {'iso_language_code': 'en', 'result_type': 'recent'},
  'place': None,
  'retweet_count': 19,
  'retweeted': False,
  'retweeted_status': { 'contributors': None,
                        'coordinates': None,
                        'created_at': 'Wed Jul 31 12:22:01 +0000 2019',
                        'entities': { 'hashtags': [],
                                      'symbols': [],
                                      'urls': [ { 'display_url': 'twitter.com/i/web/status/1…',
                                                  'expanded_url': 'https://twitter.com/i/web/status/1156540517728997376',
                                                  'indices': [117, 140],
                                                  'url': 'https://t.co/rRonqAWral'}],
                                      'user_mentions': []},
                        'favorite_count': 28,
                        'favorited': False,
                        'geo': None,
                        'id': 1156540517728997376,
                        'id_str': '1156540517728997376',
                        'in_reply_to_screen_name': None,
                        'in_reply_to_status_id': None,
                        'in_reply_to_status_id_str': None,
                        'in_reply_to_user_id': None,
                        'in_reply_to_user_id_str': None,
                        'is_quote_status': False,
                        'lang': 'en',
                        'metadata': { 'iso_language_code': 'en',
                                      'result_type': 'recent'},
                        'place': None,
                        'retweet_count': 19,
                        'retweeted': False,
                        'source': '<a '
                                  'href="http://twitter.com/download/android" '
                                  'rel="nofollow">Twitter for Android</a>',
                        'text': 'Diversify diversify diversify...APOLLO '
                                'CURRENCY has endless use cases, features '
                                "you're all ready amplified with the… "
                                'https://t.co/rRonqAWral',
                        'truncated': True,
                        'user': { 'contributors_enabled': False,
                                  'created_at': 'Mon Jul 16 17:23:34 +0000 '
                                                '2018',
                                  'default_profile': True,
                                  'default_profile_image': False,
                                  'description': '',
                                  'entities': {'description': {'urls': []}},
                                  'favourites_count': 10502,
                                  'follow_request_sent': None,
                                  'followers_count': 361,
                                  'following': None,
                                  'friends_count': 203,
                                  'geo_enabled': False,
                                  'has_extended_profile': False,
                                  'id': 1018909015487549440,
                                  'id_str': '1018909015487549440',
                                  'is_translation_enabled': False,
                                  'is_translator': False,
                                  'lang': None,
                                  'listed_count': 2,
                                  'location': '',
                                  'name': 'Ralph Potter',
                                  'notifications': None,
                                  'profile_background_color': 'F5F8FA',
                                  'profile_background_image_url': None,
                                  'profile_background_image_url_https': None,
                                  'profile_background_tile': False,
                                  'profile_banner_url': 'https://pbs.twimg.com/profile_banners/1018909015487549440/1542070862',
                                  'profile_image_url': 'http://pbs.twimg.com/profile_images/1122043536738668545/iq7o5BaP_normal.jpg',
                                  'profile_image_url_https': 'https://pbs.twimg.com/profile_images/1122043536738668545/iq7o5BaP_normal.jpg',
                                  'profile_link_color': '1DA1F2',
                                  'profile_sidebar_border_color': 'C0DEED',
                                  'profile_sidebar_fill_color': 'DDEEF6',
                                  'profile_text_color': '333333',
                                  'profile_use_background_image': True,
                                  'protected': False,
                                  'screen_name': 'RalphPo91162800',
                                  'statuses_count': 10369,
                                  'time_zone': None,
                                  'translator_type': 'none',
                                  'url': None,
                                  'utc_offset': None,
                                  'verified': False}},
  'source': '<a href="http://twitter.com/download/android" '
            'rel="nofollow">Twitter for Android</a>',
  'text': 'RT @RalphPo91162800: Diversify diversify diversify...APOLLO '
          "CURRENCY has endless use cases, features you're all ready amplified "
          'with the AL…',
  'truncated': False,
  'user': { 'contributors_enabled': False,
            'created_at': 'Sat Dec 19 04:31:06 +0000 2015',
            'default_profile': True,
            'default_profile_image': False,
            'description': 'Cryptotrader investor in\nCryptocurrency',
            'entities': {'description': {'urls': []}},
            'favourites_count': 33020,
            'follow_request_sent': None,
            'followers_count': 712,
            'following': None,
            'friends_count': 318,
            'geo_enabled': False,
            'has_extended_profile': True,
            'id': 4599821232,
            'id_str': '4599821232',
            'is_translation_enabled': False,
            'is_translator': False,
            'lang': None,
            'listed_count': 7,
            'location': 'India',
            'name': 'Crypto_boss',
            'notifications': None,
            'profile_background_color': 'F5F8FA',
            'profile_background_image_url': None,
            'profile_background_image_url_https': None,
            'profile_background_tile': False,
            'profile_image_url': 'http://pbs.twimg.com/profile_images/716721201410744320/7XmTsGno_normal.jpg',
            'profile_image_url_https': 'https://pbs.twimg.com/profile_images/716721201410744320/7XmTsGno_normal.jpg',
            'profile_link_color': '1DA1F2',
            'profile_sidebar_border_color': 'C0DEED',
            'profile_sidebar_fill_color': 'DDEEF6',
            'profile_text_color': '333333',
            'profile_use_background_image': True,
            'protected': False,
            'screen_name': 'DGDanish07',
            'statuses_count': 29046,
            'time_zone': None,
            'translator_type': 'none',
            'url': None,
            'utc_offset': None,
            'verified': False}}
----------Summary----------
{ 'entities': {},
  'id_str': '1156642121627000833',
  'retweeted_status': { 'entities': { 'urls': { 'display_url': 'twitter.com/i/web/status/1…',
                                                'expanded_url': 'https://twitter.com/i/web/status/1156540517728997376'}},
                        'id_str': '1156540517728997376',
                        'text': 'diversify diversify diversify...apollo '
                                'currency has endless use cases, features '
                                "you're all ready amplified with the "
                                'https://t.co/rronqawral',
                        'user': { 'entities': {},
                                  'id_str': '1018909015487549440',
                                  'twitter_user': 'RalphPo91162800'}},
  'text': 'rt @ralphpo91162800: diversify diversify diversify...apollo '
          "currency has endless use cases, features you're all ready amplified "
          'with the al',
  'user': { 'entities': {},
            'id_str': '4599821232',
            'twitter_user': 'DGDanish07'}}
----------Groups----------
{ 'Bitcoin': ['bitcoin', 'Bitcoin', 'btc', 'satoshi nakamoto'],
  'Ethereum': ['ethereum', 'Ethereum', 'eth', 'vitalik buterin'],
  'Litecoin': ['litecoin', 'Litecoin', 'ltc', 'charles lee'],
  'Monero': ['monero', 'Monero', 'xmr', 'riccardo spagni'],
  'Ripple': [ 'ripple',
              'Ripple',
              'xrp',
              'xrapid',
              'xcurrent',
              'chris larsen',
              'jed mccaleb']}
---------------------------Fetch-------2019-07-31 16:00:55.746868: Tweet filed under "misc":----------Data----------
{ 'contributors': None,
  'coordinates': None,
  'created_at': 'Wed Jul 31 18:58:29 +0000 2019',
  'entities': { 'hashtags': [],
                'symbols': [],
                'urls': [],
                'user_mentions': [ { 'id': 1018909015487549440,
                                     'id_str': '1018909015487549440',
                                     'indices': [3, 19],
                                     'name': 'Ralph Potter',
                                     'screen_name': 'RalphPo91162800'}]},
  'favorite_count': 0,
  'favorited': False,
  'geo': None,
  'id': 1156640291203497984,
  'id_str': '1156640291203497984',
  'in_reply_to_screen_name': None,
  'in_reply_to_status_id': None,
  'in_reply_to_status_id_str': None,
  'in_reply_to_user_id': None,
  'in_reply_to_user_id_str': None,
  'is_quote_status': False,
  'lang': 'en',
  'metadata': {'iso_language_code': 'en', 'result_type': 'recent'},
  'place': None,
  'retweet_count': 19,
  'retweeted': False,
  'retweeted_status': { 'contributors': None,
                        'coordinates': None,
                        'created_at': 'Wed Jul 31 12:22:01 +0000 2019',
                        'entities': { 'hashtags': [],
                                      'symbols': [],
                                      'urls': [ { 'display_url': 'twitter.com/i/web/status/1…',
                                                  'expanded_url': 'https://twitter.com/i/web/status/1156540517728997376',
                                                  'indices': [117, 140],
                                                  'url': 'https://t.co/rRonqAWral'}],
                                      'user_mentions': []},
                        'favorite_count': 28,
                        'favorited': False,
                        'geo': None,
                        'id': 1156540517728997376,
                        'id_str': '1156540517728997376',
                        'in_reply_to_screen_name': None,
                        'in_reply_to_status_id': None,
                        'in_reply_to_status_id_str': None,
                        'in_reply_to_user_id': None,
                        'in_reply_to_user_id_str': None,
                        'is_quote_status': False,
                        'lang': 'en',
                        'metadata': { 'iso_language_code': 'en',
                                      'result_type': 'recent'},
                        'place': None,
                        'retweet_count': 19,
                        'retweeted': False,
                        'source': '<a '
                                  'href="http://twitter.com/download/android" '
                                  'rel="nofollow">Twitter for Android</a>',
                        'text': 'Diversify diversify diversify...APOLLO '
                                'CURRENCY has endless use cases, features '
                                "you're all ready amplified with the… "
                                'https://t.co/rRonqAWral',
                        'truncated': True,
                        'user': { 'contributors_enabled': False,
                                  'created_at': 'Mon Jul 16 17:23:34 +0000 '
                                                '2018',
                                  'default_profile': True,
                                  'default_profile_image': False,
                                  'description': '',
                                  'entities': {'description': {'urls': []}},
                                  'favourites_count': 10502,
                                  'follow_request_sent': None,
                                  'followers_count': 361,
                                  'following': None,
                                  'friends_count': 203,
                                  'geo_enabled': False,
                                  'has_extended_profile': False,
                                  'id': 1018909015487549440,
                                  'id_str': '1018909015487549440',
                                  'is_translation_enabled': False,
                                  'is_translator': False,
                                  'lang': None,
                                  'listed_count': 2,
                                  'location': '',
                                  'name': 'Ralph Potter',
                                  'notifications': None,
                                  'profile_background_color': 'F5F8FA',
                                  'profile_background_image_url': None,
                                  'profile_background_image_url_https': None,
                                  'profile_background_tile': False,
                                  'profile_banner_url': 'https://pbs.twimg.com/profile_banners/1018909015487549440/1542070862',
                                  'profile_image_url': 'http://pbs.twimg.com/profile_images/1122043536738668545/iq7o5BaP_normal.jpg',
                                  'profile_image_url_https': 'https://pbs.twimg.com/profile_images/1122043536738668545/iq7o5BaP_normal.jpg',
                                  'profile_link_color': '1DA1F2',
                                  'profile_sidebar_border_color': 'C0DEED',
                                  'profile_sidebar_fill_color': 'DDEEF6',
                                  'profile_text_color': '333333',
                                  'profile_use_background_image': True,
                                  'protected': False,
                                  'screen_name': 'RalphPo91162800',
                                  'statuses_count': 10369,
                                  'time_zone': None,
                                  'translator_type': 'none',
                                  'url': None,
                                  'utc_offset': None,
                                  'verified': False}},
  'source': '<a href="http://twitter.com/download/iphone" '
            'rel="nofollow">Twitter for iPhone</a>',
  'text': 'RT @RalphPo91162800: Diversify diversify diversify...APOLLO '
          "CURRENCY has endless use cases, features you're all ready amplified "
          'with the AL…',
  'truncated': False,
  'user': { 'contributors_enabled': False,
            'created_at': 'Sun Jul 29 17:45:41 +0000 2018',
            'default_profile': True,
            'default_profile_image': False,
            'description': '#Tron #TRX',
            'entities': {'description': {'urls': []}},
            'favourites_count': 1221,
            'follow_request_sent': None,
            'followers_count': 55,
            'following': None,
            'friends_count': 78,
            'geo_enabled': False,
            'has_extended_profile': False,
            'id': 1023625624265662466,
            'id_str': '1023625624265662466',
            'is_translation_enabled': False,
            'is_translator': False,
            'lang': None,
            'listed_count': 0,
            'location': '',
            'name': 'LG',
            'notifications': None,
            'profile_background_color': 'F5F8FA',
            'profile_background_image_url': None,
            'profile_background_image_url_https': None,
            'profile_background_tile': False,
            'profile_image_url': 'http://pbs.twimg.com/profile_images/1067455508137811969/6fCtprC6_normal.jpg',
            'profile_image_url_https': 'https://pbs.twimg.com/profile_images/1067455508137811969/6fCtprC6_normal.jpg',
            'profile_link_color': '1DA1F2',
            'profile_sidebar_border_color': 'C0DEED',
            'profile_sidebar_fill_color': 'DDEEF6',
            'profile_text_color': '333333',
            'profile_use_background_image': True,
            'protected': False,
            'screen_name': 'CryptoGeorg',
            'statuses_count': 1194,
            'time_zone': None,
            'translator_type': 'none',
            'url': None,
            'utc_offset': None,
            'verified': False}}
----------Summary----------
{ 'entities': {},
  'id_str': '1156640291203497984',
  'retweeted_status': { 'entities': { 'urls': { 'display_url': 'twitter.com/i/web/status/1…',
                                                'expanded_url': 'https://twitter.com/i/web/status/1156540517728997376'}},
                        'id_str': '1156540517728997376',
                        'text': 'diversify diversify diversify...apollo '
                                'currency has endless use cases, features '
                                "you're all ready amplified with the "
                                'https://t.co/rronqawral',
                        'user': { 'entities': {},
                                  'id_str': '1018909015487549440',
                                  'twitter_user': 'RalphPo91162800'}},
  'text': 'rt @ralphpo91162800: diversify diversify diversify...apollo '
          "currency has endless use cases, features you're all ready amplified "
          'with the al',
  'user': { 'entities': {},
            'id_str': '1023625624265662466',
            'twitter_user': 'CryptoGeorg'}}
----------Groups----------
{ 'Bitcoin': ['bitcoin', 'Bitcoin', 'btc', 'satoshi nakamoto'],
  'Ethereum': ['ethereum', 'Ethereum', 'eth', 'vitalik buterin'],
  'Litecoin': ['litecoin', 'Litecoin', 'ltc', 'charles lee'],
  'Monero': ['monero', 'Monero', 'xmr', 'riccardo spagni'],
  'Ripple': [ 'ripple',
              'Ripple',
              'xrp',
              'xrapid',
              'xcurrent',
              'chris larsen',
              'jed mccaleb']}
---------------------------Fetch-------2019-07-31 16:01:01.482531: Tweet filed under "misc":----------Data----------
{ 'contributors': None,
  'coordinates': None,
  'created_at': 'Wed Jul 31 18:29:40 +0000 2019',
  'entities': { 'hashtags': [],
                'symbols': [],
                'urls': [ { 'display_url': 'twitter.com/i/web/status/1…',
                            'expanded_url': 'https://twitter.com/i/web/status/1156633040367603712',
                            'indices': [117, 140],
                            'url': 'https://t.co/NrezUwqT5S'}],
                'user_mentions': [ { 'id': 853610477116682241,
                                     'id_str': '853610477116682241',
                                     'indices': [0, 9],
                                     'name': 'CryptoNews',
                                     'screen_name': 'Crypt0NL'}]},
  'favorite_count': 0,
  'favorited': False,
  'geo': None,
  'id': 1156633040367603712,
  'id_str': '1156633040367603712',
  'in_reply_to_screen_name': 'Crypt0NL',
  'in_reply_to_status_id': None,
  'in_reply_to_status_id_str': None,
  'in_reply_to_user_id': 853610477116682241,
  'in_reply_to_user_id_str': '853610477116682241',
  'is_quote_status': False,
  'lang': 'en',
  'metadata': {'iso_language_code': 'en', 'result_type': 'recent'},
  'place': None,
  'possibly_sensitive': False,
  'retweet_count': 0,
  'retweeted': False,
  'source': '<a href="https://mobile.twitter.com" rel="nofollow">Twitter Web '
            'App</a>',
  'text': '@Crypt0NL It is always great to see such great stuff on your '
          "timeline, can you please make a review on Ryocurrency'… "
          'https://t.co/NrezUwqT5S',
  'truncated': True,
  'user': { 'contributors_enabled': False,
            'created_at': 'Sat May 18 15:31:20 +0000 2019',
            'default_profile': True,
            'default_profile_image': False,
            'description': 'Cryptocurrency enthusiast, GPU mining, Currently '
                           'mining Cryptonight coins.',
            'entities': {'description': {'urls': []}},
            'favourites_count': 484,
            'follow_request_sent': None,
            'followers_count': 133,
            'following': None,
            'friends_count': 808,
            'geo_enabled': False,
            'has_extended_profile': False,
            'id': 1129771455921700864,
            'id_str': '1129771455921700864',
            'is_translation_enabled': False,
            'is_translator': False,
            'lang': None,
            'listed_count': 1,
            'location': 'United States',
            'name': 'Jayson Garret',
            'notifications': None,
            'profile_background_color': 'F5F8FA',
            'profile_background_image_url': None,
            'profile_background_image_url_https': None,
            'profile_background_tile': False,
            'profile_banner_url': 'https://pbs.twimg.com/profile_banners/1129771455921700864/1561802840',
            'profile_image_url': 'http://pbs.twimg.com/profile_images/1144909511343452160/a-nuNtg-_normal.png',
            'profile_image_url_https': 'https://pbs.twimg.com/profile_images/1144909511343452160/a-nuNtg-_normal.png',
            'profile_link_color': '1DA1F2',
            'profile_sidebar_border_color': 'C0DEED',
            'profile_sidebar_fill_color': 'DDEEF6',
            'profile_text_color': '333333',
            'profile_use_background_image': True,
            'protected': False,
            'screen_name': 'jassongreat',
            'statuses_count': 275,
            'time_zone': None,
            'translator_type': 'none',
            'url': None,
            'utc_offset': None,
            'verified': False}}
----------Summary----------
{ 'entities': { 'urls': { 'display_url': 'twitter.com/i/web/status/1…',
                          'expanded_url': 'https://twitter.com/i/web/status/1156633040367603712'}},
  'id_str': '1156633040367603712',
  'text': '@crypt0nl it is always great to see such great stuff on your '
          "timeline, can you please make a review on ryocurrency' "
          'https://t.co/nrezuwqt5s',
  'user': { 'entities': {},
            'id_str': '1129771455921700864',
            'twitter_user': 'jassongreat'}}
----------Groups----------
{ 'Bitcoin': ['bitcoin', 'Bitcoin', 'btc', 'satoshi nakamoto'],
  'Ethereum': ['ethereum', 'Ethereum', 'eth', 'vitalik buterin'],
  'Litecoin': ['litecoin', 'Litecoin', 'ltc', 'charles lee'],
  'Monero': ['monero', 'Monero', 'xmr', 'riccardo spagni'],
  'Ripple': [ 'ripple',
              'Ripple',
              'xrp',
              'xrapid',
              'xcurrent',
              'chris larsen',
              'jed mccaleb']}
---------------------------Fetch-------2019-07-31 16:01:06.693392: Tweet filed under "misc":----------Data----------
{ 'contributors': None,
  'coordinates': None,
  'created_at': 'Wed Jul 31 18:09:28 +0000 2019',
  'entities': { 'hashtags': [],
                'symbols': [],
                'urls': [],
                'user_mentions': [ { 'id': 1018909015487549440,
                                     'id_str': '1018909015487549440',
                                     'indices': [3, 19],
                                     'name': 'Ralph Potter',
                                     'screen_name': 'RalphPo91162800'}]},
  'favorite_count': 0,
  'favorited': False,
  'geo': None,
  'id': 1156627955084226560,
  'id_str': '1156627955084226560',
  'in_reply_to_screen_name': None,
  'in_reply_to_status_id': None,
  'in_reply_to_status_id_str': None,
  'in_reply_to_user_id': None,
  'in_reply_to_user_id_str': None,
  'is_quote_status': False,
  'lang': 'en',
  'metadata': {'iso_language_code': 'en', 'result_type': 'recent'},
  'place': None,
  'retweet_count': 19,
  'retweeted': False,
  'retweeted_status': { 'contributors': None,
                        'coordinates': None,
                        'created_at': 'Wed Jul 31 12:22:01 +0000 2019',
                        'entities': { 'hashtags': [],
                                      'symbols': [],
                                      'urls': [ { 'display_url': 'twitter.com/i/web/status/1…',
                                                  'expanded_url': 'https://twitter.com/i/web/status/1156540517728997376',
                                                  'indices': [117, 140],
                                                  'url': 'https://t.co/rRonqAWral'}],
                                      'user_mentions': []},
                        'favorite_count': 28,
                        'favorited': False,
                        'geo': None,
                        'id': 1156540517728997376,
                        'id_str': '1156540517728997376',
                        'in_reply_to_screen_name': None,
                        'in_reply_to_status_id': None,
                        'in_reply_to_status_id_str': None,
                        'in_reply_to_user_id': None,
                        'in_reply_to_user_id_str': None,
                        'is_quote_status': False,
                        'lang': 'en',
                        'metadata': { 'iso_language_code': 'en',
                                      'result_type': 'recent'},
                        'place': None,
                        'retweet_count': 19,
                        'retweeted': False,
                        'source': '<a '
                                  'href="http://twitter.com/download/android" '
                                  'rel="nofollow">Twitter for Android</a>',
                        'text': 'Diversify diversify diversify...APOLLO '
                                'CURRENCY has endless use cases, features '
                                "you're all ready amplified with the… "
                                'https://t.co/rRonqAWral',
                        'truncated': True,
                        'user': { 'contributors_enabled': False,
                                  'created_at': 'Mon Jul 16 17:23:34 +0000 '
                                                '2018',
                                  'default_profile': True,
                                  'default_profile_image': False,
                                  'description': '',
                                  'entities': {'description': {'urls': []}},
                                  'favourites_count': 10502,
                                  'follow_request_sent': None,
                                  'followers_count': 361,
                                  'following': None,
                                  'friends_count': 203,
                                  'geo_enabled': False,
                                  'has_extended_profile': False,
                                  'id': 1018909015487549440,
                                  'id_str': '1018909015487549440',
                                  'is_translation_enabled': False,
                                  'is_translator': False,
                                  'lang': None,
                                  'listed_count': 2,
                                  'location': '',
                                  'name': 'Ralph Potter',
                                  'notifications': None,
                                  'profile_background_color': 'F5F8FA',
                                  'profile_background_image_url': None,
                                  'profile_background_image_url_https': None,
                                  'profile_background_tile': False,
                                  'profile_banner_url': 'https://pbs.twimg.com/profile_banners/1018909015487549440/1542070862',
                                  'profile_image_url': 'http://pbs.twimg.com/profile_images/1122043536738668545/iq7o5BaP_normal.jpg',
                                  'profile_image_url_https': 'https://pbs.twimg.com/profile_images/1122043536738668545/iq7o5BaP_normal.jpg',
                                  'profile_link_color': '1DA1F2',
                                  'profile_sidebar_border_color': 'C0DEED',
                                  'profile_sidebar_fill_color': 'DDEEF6',
                                  'profile_text_color': '333333',
                                  'profile_use_background_image': True,
                                  'protected': False,
                                  'screen_name': 'RalphPo91162800',
                                  'statuses_count': 10369,
                                  'time_zone': None,
                                  'translator_type': 'none',
                                  'url': None,
                                  'utc_offset': None,
                                  'verified': False}},
  'source': '<a href="http://twitter.com/download/iphone" '
            'rel="nofollow">Twitter for iPhone</a>',
  'text': 'RT @RalphPo91162800: Diversify diversify diversify...APOLLO '
          "CURRENCY has endless use cases, features you're all ready amplified "
          'with the AL…',
  'truncated': False,
  'user': { 'contributors_enabled': False,
            'created_at': 'Sat Feb 14 04:34:04 +0000 2015',
            'default_profile': True,
            'default_profile_image': True,
            'description': '',
            'entities': {'description': {'urls': []}},
            'favourites_count': 0,
            'follow_request_sent': None,
            'followers_count': 14,
            'following': None,
            'friends_count': 27,
            'geo_enabled': False,
            'has_extended_profile': False,
            'id': 3019168891,
            'id_str': '3019168891',
            'is_translation_enabled': False,
            'is_translator': False,
            'lang': None,
            'listed_count': 1,
            'location': '',
            'name': 'Eric Langston',
            'notifications': None,
            'profile_background_color': 'C0DEED',
            'profile_background_image_url': 'http://abs.twimg.com/images/themes/theme1/bg.png',
            'profile_background_image_url_https': 'https://abs.twimg.com/images/themes/theme1/bg.png',
            'profile_background_tile': False,
            'profile_image_url': 'http://abs.twimg.com/sticky/default_profile_images/default_profile_normal.png',
            'profile_image_url_https': 'https://abs.twimg.com/sticky/default_profile_images/default_profile_normal.png',
            'profile_link_color': '1DA1F2',
            'profile_sidebar_border_color': 'C0DEED',
            'profile_sidebar_fill_color': 'DDEEF6',
            'profile_text_color': '333333',
            'profile_use_background_image': True,
            'protected': False,
            'screen_name': 'muscle_langston',
            'statuses_count': 297,
            'time_zone': None,
            'translator_type': 'none',
            'url': None,
            'utc_offset': None,
            'verified': False}}
----------Summary----------
{ 'entities': {},
  'id_str': '1156627955084226560',
  'retweeted_status': { 'entities': { 'urls': { 'display_url': 'twitter.com/i/web/status/1…',
                                                'expanded_url': 'https://twitter.com/i/web/status/1156540517728997376'}},
                        'id_str': '1156540517728997376',
                        'text': 'diversify diversify diversify...apollo '
                                'currency has endless use cases, features '
                                "you're all ready amplified with the "
                                'https://t.co/rronqawral',
                        'user': { 'entities': {},
                                  'id_str': '1018909015487549440',
                                  'twitter_user': 'RalphPo91162800'}},
  'text': 'rt @ralphpo91162800: diversify diversify diversify...apollo '
          "currency has endless use cases, features you're all ready amplified "
          'with the al',
  'user': { 'entities': {},
            'id_str': '3019168891',
            'twitter_user': 'muscle_langston'}}
----------Groups----------
{ 'Bitcoin': ['bitcoin', 'Bitcoin', 'btc', 'satoshi nakamoto'],
  'Ethereum': ['ethereum', 'Ethereum', 'eth', 'vitalik buterin'],
  'Litecoin': ['litecoin', 'Litecoin', 'ltc', 'charles lee'],
  'Monero': ['monero', 'Monero', 'xmr', 'riccardo spagni'],
  'Ripple': [ 'ripple',
              'Ripple',
              'xrp',
              'xrapid',
              'xcurrent',
              'chris larsen',
              'jed mccaleb']}
---------------------------Fetch-------2019-07-31 16:01:13.052417: Tweet filed under "misc":----------Data----------
{ 'contributors': None,
  'coordinates': None,
  'created_at': 'Wed Jul 31 19:26:17 +0000 2019',
  'entities': { 'hashtags': [],
                'symbols': [{'indices': [20, 24], 'text': 'DGB'}],
                'urls': [ { 'display_url': 'twitter.com/i/web/status/1…',
                            'expanded_url': 'https://twitter.com/i/web/status/1156647288154009601',
                            'indices': [98, 121],
                            'url': 'https://t.co/aaeRRmCMdZ'}],
                'user_mentions': []},
  'favorite_count': 0,
  'favorited': False,
  'geo': None,
  'id': 1156647288154009601,
  'id_str': '1156647288154009601',
  'in_reply_to_screen_name': None,
  'in_reply_to_status_id': None,
  'in_reply_to_status_id_str': None,
  'in_reply_to_user_id': None,
  'in_reply_to_user_id_str': None,
  'is_quote_status': False,
  'lang': 'en',
  'metadata': {'iso_language_code': 'en', 'result_type': 'recent'},
  'place': None,
  'possibly_sensitive': False,
  'retweet_count': 0,
  'retweeted': False,
  'source': '<a href="https://www.binance.com/invite.html" '
            'rel="nofollow">tweetbot111111</a>',
  'text': 'this channel called $DGB before it made 6x. they only share high '
          'reward, low risk signals. join:… https://t.co/aaeRRmCMdZ',
  'truncated': True,
  'user': { 'contributors_enabled': False,
            'created_at': 'Wed Jan 10 09:38:04 +0000 2018',
            'default_profile': True,
            'default_profile_image': False,
            'description': '',
            'entities': {'description': {'urls': []}},
            'favourites_count': 0,
            'follow_request_sent': None,
            'followers_count': 251,
            'following': None,
            'friends_count': 0,
            'geo_enabled': False,
            'has_extended_profile': False,
            'id': 951025335876902912,
            'id_str': '951025335876902912',
            'is_translation_enabled': False,
            'is_translator': False,
            'lang': None,
            'listed_count': 7,
            'location': '',
            'name': 'Jason Clark',
            'notifications': None,
            'profile_background_color': 'F5F8FA',
            'profile_background_image_url': None,
            'profile_background_image_url_https': None,
            'profile_background_tile': False,
            'profile_image_url': 'http://pbs.twimg.com/profile_images/951026068751777792/PnW0EFqM_normal.jpg',
            'profile_image_url_https': 'https://pbs.twimg.com/profile_images/951026068751777792/PnW0EFqM_normal.jpg',
            'profile_link_color': '1DA1F2',
            'profile_sidebar_border_color': 'C0DEED',
            'profile_sidebar_fill_color': 'DDEEF6',
            'profile_text_color': '333333',
            'profile_use_background_image': True,
            'protected': False,
            'screen_name': 'jasonclarktwit',
            'statuses_count': 58581,
            'time_zone': None,
            'translator_type': 'none',
            'url': None,
            'utc_offset': None,
            'verified': False}}
----------Summary----------
{ 'entities': { 'urls': { 'display_url': 'twitter.com/i/web/status/1…',
                          'expanded_url': 'https://twitter.com/i/web/status/1156647288154009601'}},
  'id_str': '1156647288154009601',
  'text': 'this channel called $dgb before it made 6x. they only share high '
          'reward, low risk signals. join: https://t.co/aaerrmcmdz',
  'user': { 'entities': {},
            'id_str': '951025335876902912',
            'twitter_user': 'jasonclarktwit'}}
----------Groups----------
{ 'Bitcoin': ['bitcoin', 'Bitcoin', 'btc', 'satoshi nakamoto'],
  'Ethereum': ['ethereum', 'Ethereum', 'eth', 'vitalik buterin'],
  'Litecoin': ['litecoin', 'Litecoin', 'ltc', 'charles lee'],
  'Monero': ['monero', 'Monero', 'xmr', 'riccardo spagni'],
  'Ripple': [ 'ripple',
              'Ripple',
              'xrp',
              'xrapid',
              'xcurrent',
              'chris larsen',
              'jed mccaleb']}
---------------------------Fetch-------2019-07-31 16:01:16.330982: Tweet filed under "misc":----------Data----------
{ 'contributors': None,
  'coordinates': None,
  'created_at': 'Wed Jul 31 19:05:40 +0000 2019',
  'entities': { 'hashtags': [],
                'symbols': [],
                'urls': [],
                'user_mentions': [ { 'id': 892389800891863045,
                                     'id_str': '892389800891863045',
                                     'indices': [3, 14],
                                     'name': 'CoinMover',
                                     'screen_name': 'Coin_Mover'}]},
  'favorite_count': 0,
  'favorited': False,
  'geo': None,
  'id': 1156642100290756608,
  'id_str': '1156642100290756608',
  'in_reply_to_screen_name': None,
  'in_reply_to_status_id': None,
  'in_reply_to_status_id_str': None,
  'in_reply_to_user_id': None,
  'in_reply_to_user_id_str': None,
  'is_quote_status': False,
  'lang': 'en',
  'metadata': {'iso_language_code': 'en', 'result_type': 'recent'},
  'place': None,
  'retweet_count': 2,
  'retweeted': False,
  'retweeted_status': { 'contributors': None,
                        'coordinates': None,
                        'created_at': 'Wed Jul 31 18:57:41 +0000 2019',
                        'entities': { 'hashtags': [],
                                      'symbols': [],
                                      'urls': [ { 'display_url': 'twitter.com/i/web/status/1…',
                                                  'expanded_url': 'https://twitter.com/i/web/status/1156640088983580672',
                                                  'indices': [117, 140],
                                                  'url': 'https://t.co/PEUGK2V0Fw'}],
                                      'user_mentions': []},
                        'favorite_count': 2,
                        'favorited': False,
                        'geo': None,
                        'id': 1156640088983580672,
                        'id_str': '1156640088983580672',
                        'in_reply_to_screen_name': None,
                        'in_reply_to_status_id': None,
                        'in_reply_to_status_id_str': None,
                        'in_reply_to_user_id': None,
                        'in_reply_to_user_id_str': None,
                        'is_quote_status': False,
                        'lang': 'en',
                        'metadata': { 'iso_language_code': 'en',
                                      'result_type': 'recent'},
                        'place': None,
                        'possibly_sensitive': False,
                        'retweet_count': 2,
                        'retweeted': False,
                        'source': '<a href="https://mobile.twitter.com" '
                                  'rel="nofollow">Twitter Web App</a>',
                        'text': 'Students coming back in town next month + our '
                                'first 24x7 location = more crypto for '
                                'everyone. Check out our machine… '
                                'https://t.co/PEUGK2V0Fw',
                        'truncated': True,
                        'user': { 'contributors_enabled': False,
                                  'created_at': 'Tue Aug 01 14:21:23 +0000 '
                                                '2017',
                                  'default_profile': True,
                                  'default_profile_image': False,
                                  'description': 'The simple and safe way to '
                                                 'exchange digital currency. '
                                                 'Instantly. Buy and sell BTC, '
                                                 'ETH, LTC, XMR, and DASH via '
                                                 'our ATM network with a '
                                                 'smartphone in 90 seconds.',
                                  'entities': { 'description': {'urls': []},
                                                'url': { 'urls': [ { 'display_url': 'coinmover.com',
                                                                     'expanded_url': 'http://www.coinmover.com',
                                                                     'indices': [ 0,
                                                                                  23],
                                                                     'url': 'https://t.co/DGVj0ID9vw'}]}},
                                  'favourites_count': 13,
                                  'follow_request_sent': None,
                                  'followers_count': 50,
                                  'following': None,
                                  'friends_count': 108,
                                  'geo_enabled': False,
                                  'has_extended_profile': False,
                                  'id': 892389800891863045,
                                  'id_str': '892389800891863045',
                                  'is_translation_enabled': False,
                                  'is_translator': False,
                                  'lang': None,
                                  'listed_count': 2,
                                  'location': 'Boston, MA',
                                  'name': 'CoinMover',
                                  'notifications': None,
                                  'profile_background_color': 'F5F8FA',
                                  'profile_background_image_url': None,
                                  'profile_background_image_url_https': None,
                                  'profile_background_tile': False,
                                  'profile_banner_url': 'https://pbs.twimg.com/profile_banners/892389800891863045/1551403959',
                                  'profile_image_url': 'http://pbs.twimg.com/profile_images/894868742995271680/CXGHOTpq_normal.jpg',
                                  'profile_image_url_https': 'https://pbs.twimg.com/profile_images/894868742995271680/CXGHOTpq_normal.jpg',
                                  'profile_link_color': '1DA1F2',
                                  'profile_sidebar_border_color': 'C0DEED',
                                  'profile_sidebar_fill_color': 'DDEEF6',
                                  'profile_text_color': '333333',
                                  'profile_use_background_image': True,
                                  'protected': False,
                                  'screen_name': 'Coin_Mover',
                                  'statuses_count': 38,
                                  'time_zone': None,
                                  'translator_type': 'none',
                                  'url': 'https://t.co/DGVj0ID9vw',
                                  'utc_offset': None,
                                  'verified': False}},
  'source': '<a href="http://www.tweetcaster.com" rel="nofollow">TweetCaster '
            'for Android</a>',
  'text': 'RT @Coin_Mover: Students coming back in town next month + our first '
          '24x7 location = more crypto for everyone. Check out our machine now '
          'at…',
  'truncated': False,
  'user': { 'contributors_enabled': False,
            'created_at': 'Fri Feb 07 08:52:14 +0000 2014',
            'default_profile': True,
            'default_profile_image': False,
            'description': 'We bring Bitcoin and blockchain based technologies '
                           'to new and unexpected places. Our mission is to '
                           "become world's leading blockchain technology "
                           'provider.',
            'entities': { 'description': {'urls': []},
                          'url': { 'urls': [ { 'display_url': 'generalbytes.com',
                                               'expanded_url': 'https://www.generalbytes.com',
                                               'indices': [0, 23],
                                               'url': 'https://t.co/SxnQeVXdIw'}]}},
            'favourites_count': 917,
            'follow_request_sent': None,
            'followers_count': 3522,
            'following': None,
            'friends_count': 1456,
            'geo_enabled': True,
            'has_extended_profile': False,
            'id': 2331558145,
            'id_str': '2331558145',
            'is_translation_enabled': False,
            'is_translator': False,
            'lang': None,
            'listed_count': 77,
            'location': 'Prague, Czech Republic',
            'name': 'GENERAL BYTES',
            'notifications': None,
            'profile_background_color': 'C0DEED',
            'profile_background_image_url': 'http://abs.twimg.com/images/themes/theme1/bg.png',
            'profile_background_image_url_https': 'https://abs.twimg.com/images/themes/theme1/bg.png',
            'profile_background_tile': False,
            'profile_banner_url': 'https://pbs.twimg.com/profile_banners/2331558145/1475690697',
            'profile_image_url': 'http://pbs.twimg.com/profile_images/582930516376092672/cjOKFzpH_normal.png',
            'profile_image_url_https': 'https://pbs.twimg.com/profile_images/582930516376092672/cjOKFzpH_normal.png',
            'profile_link_color': '1DA1F2',
            'profile_sidebar_border_color': 'C0DEED',
            'profile_sidebar_fill_color': 'DDEEF6',
            'profile_text_color': '333333',
            'profile_use_background_image': True,
            'protected': False,
            'screen_name': 'generalbytes',
            'statuses_count': 1843,
            'time_zone': None,
            'translator_type': 'none',
            'url': 'https://t.co/SxnQeVXdIw',
            'utc_offset': None,
            'verified': False}}
----------Summary----------
{ 'entities': {},
  'id_str': '1156642100290756608',
  'retweeted_status': { 'entities': { 'urls': { 'display_url': 'twitter.com/i/web/status/1…',
                                                'expanded_url': 'https://twitter.com/i/web/status/1156640088983580672'}},
                        'id_str': '1156640088983580672',
                        'text': 'students coming back in town next month + our '
                                'first 24x7 location = more crypto for '
                                'everyone. check out our machine '
                                'https://t.co/peugk2v0fw',
                        'user': { 'entities': {},
                                  'id_str': '892389800891863045',
                                  'twitter_user': 'Coin_Mover'}},
  'text': 'rt @coin_mover: students coming back in town next month + our first '
          '24x7 location = more crypto for everyone. check out our machine now '
          'at',
  'user': { 'entities': {},
            'id_str': '2331558145',
            'twitter_user': 'generalbytes'}}
----------Groups----------
{ 'Bitcoin': ['bitcoin', 'Bitcoin', 'btc', 'satoshi nakamoto'],
  'Ethereum': ['ethereum', 'Ethereum', 'eth', 'vitalik buterin'],
  'Litecoin': ['litecoin', 'Litecoin', 'ltc', 'charles lee'],
  'Monero': ['monero', 'Monero', 'xmr', 'riccardo spagni'],
  'Ripple': [ 'ripple',
              'Ripple',
              'xrp',
              'xrapid',
              'xcurrent',
              'chris larsen',
              'jed mccaleb']}
---------------------------Fetch-------2019-07-31 16:01:17.762561: Tweet filed under "misc":----------Data----------
{ 'contributors': None,
  'coordinates': None,
  'created_at': 'Wed Jul 31 19:01:20 +0000 2019',
  'entities': { 'hashtags': [],
                'symbols': [ {'indices': [19, 23], 'text': 'USD'},
                             {'indices': [35, 39], 'text': 'EOS'},
                             {'indices': [63, 68], 'text': 'DASH'},
                             {'indices': [91, 95], 'text': 'XLM'}],
                'urls': [ { 'display_url': 'twitter.com/i/web/status/1…',
                            'expanded_url': 'https://twitter.com/i/web/status/1156641007032836097',
                            'indices': [117, 140],
                            'url': 'https://t.co/PENcNJ25r9'}],
                'user_mentions': []},
  'favorite_count': 0,
  'favorited': False,
  'geo': None,
  'id': 1156641007032836097,
  'id_str': '1156641007032836097',
  'in_reply_to_screen_name': None,
  'in_reply_to_status_id': None,
  'in_reply_to_status_id_str': None,
  'in_reply_to_user_id': None,
  'in_reply_to_user_id_str': None,
  'is_quote_status': False,
  'lang': 'en',
  'metadata': {'iso_language_code': 'en', 'result_type': 'recent'},
  'place': None,
  'retweet_count': 0,
  'retweeted': False,
  'source': '<a href="https://www.google.com" rel="nofollow">Kraken prices</a>',
  'text': '🔄 Prices update in $USD (1 hour):\n'
          '\n'
          '$EOS - 4.28 $     (-1.08 %)\n'
          '$DASH - 106.56 $   (-0.4 %)\n'
          '$XLM - 0.08 $     (-1.05… https://t.co/PENcNJ25r9',
  'truncated': True,
  'user': { 'contributors_enabled': False,
            'created_at': 'Fri May 25 21:11:08 +0000 2018',
            'default_profile': True,
            'default_profile_image': False,
            'description': "Scans Kraken's main currencies hourly | Also "
                           '@BittrexPrices @BinancePrices | Not official, we '
                           'are not @Krakenfx | Suggestions: DMs open',
            'entities': {'description': {'urls': []}},
            'favourites_count': 4,
            'follow_request_sent': None,
            'followers_count': 1328,
            'following': None,
            'friends_count': 1161,
            'geo_enabled': False,
            'has_extended_profile': False,
            'id': 1000122114169561088,
            'id_str': '1000122114169561088',
            'is_translation_enabled': False,
            'is_translator': False,
            'lang': None,
            'listed_count': 9,
            'location': '',
            'name': 'KrakenPrices',
            'notifications': None,
            'profile_background_color': 'F5F8FA',
            'profile_background_image_url': None,
            'profile_background_image_url_https': None,
            'profile_background_tile': False,
            'profile_banner_url': 'https://pbs.twimg.com/profile_banners/1000122114169561088/1550750197',
            'profile_image_url': 'http://pbs.twimg.com/profile_images/1008356908573569024/VgEVV5RN_normal.jpg',
            'profile_image_url_https': 'https://pbs.twimg.com/profile_images/1008356908573569024/VgEVV5RN_normal.jpg',
            'profile_link_color': '1DA1F2',
            'profile_sidebar_border_color': 'C0DEED',
            'profile_sidebar_fill_color': 'DDEEF6',
            'profile_text_color': '333333',
            'profile_use_background_image': True,
            'protected': False,
            'screen_name': 'KrakenPrices',
            'statuses_count': 15724,
            'time_zone': None,
            'translator_type': 'none',
            'url': None,
            'utc_offset': None,
            'verified': False}}
----------Summary----------
{ 'entities': { 'urls': { 'display_url': 'twitter.com/i/web/status/1…',
                          'expanded_url': 'https://twitter.com/i/web/status/1156641007032836097'}},
  'id_str': '1156641007032836097',
  'text': ' prices update in $usd (1 hour):  $eos - 4.28 $     (-1.08 %) $dash '
          '- 106.56 $   (-0.4 %) $xlm - 0.08 $     (-1.05 '
          'https://t.co/pencnj25r9',
  'user': { 'entities': {},
            'id_str': '1000122114169561088',
            'twitter_user': 'KrakenPrices'}}
----------Groups----------
{ 'Bitcoin': ['bitcoin', 'Bitcoin', 'btc', 'satoshi nakamoto'],
  'Ethereum': ['ethereum', 'Ethereum', 'eth', 'vitalik buterin'],
  'Litecoin': ['litecoin', 'Litecoin', 'ltc', 'charles lee'],
  'Monero': ['monero', 'Monero', 'xmr', 'riccardo spagni'],
  'Ripple': [ 'ripple',
              'Ripple',
              'xrp',
              'xrapid',
              'xcurrent',
              'chris larsen',
              'jed mccaleb']}
---------------------------Fetch-------2019-07-31 16:01:18.808931: Tweet filed under "misc":----------Data----------
{ 'contributors': None,
  'coordinates': None,
  'created_at': 'Wed Jul 31 19:00:01 +0000 2019',
  'entities': { 'hashtags': [],
                'symbols': [],
                'urls': [],
                'user_mentions': [ { 'id': 892389800891863045,
                                     'id_str': '892389800891863045',
                                     'indices': [3, 14],
                                     'name': 'CoinMover',
                                     'screen_name': 'Coin_Mover'}]},
  'favorite_count': 0,
  'favorited': False,
  'geo': None,
  'id': 1156640676915884032,
  'id_str': '1156640676915884032',
  'in_reply_to_screen_name': None,
  'in_reply_to_status_id': None,
  'in_reply_to_status_id_str': None,
  'in_reply_to_user_id': None,
  'in_reply_to_user_id_str': None,
  'is_quote_status': False,
  'lang': 'en',
  'metadata': {'iso_language_code': 'en', 'result_type': 'recent'},
  'place': None,
  'retweet_count': 2,
  'retweeted': False,
  'retweeted_status': { 'contributors': None,
                        'coordinates': None,
                        'created_at': 'Wed Jul 31 18:57:41 +0000 2019',
                        'entities': { 'hashtags': [],
                                      'symbols': [],
                                      'urls': [ { 'display_url': 'twitter.com/i/web/status/1…',
                                                  'expanded_url': 'https://twitter.com/i/web/status/1156640088983580672',
                                                  'indices': [117, 140],
                                                  'url': 'https://t.co/PEUGK2V0Fw'}],
                                      'user_mentions': []},
                        'favorite_count': 2,
                        'favorited': False,
                        'geo': None,
                        'id': 1156640088983580672,
                        'id_str': '1156640088983580672',
                        'in_reply_to_screen_name': None,
                        'in_reply_to_status_id': None,
                        'in_reply_to_status_id_str': None,
                        'in_reply_to_user_id': None,
                        'in_reply_to_user_id_str': None,
                        'is_quote_status': False,
                        'lang': 'en',
                        'metadata': { 'iso_language_code': 'en',
                                      'result_type': 'recent'},
                        'place': None,
                        'possibly_sensitive': False,
                        'retweet_count': 2,
                        'retweeted': False,
                        'source': '<a href="https://mobile.twitter.com" '
                                  'rel="nofollow">Twitter Web App</a>',
                        'text': 'Students coming back in town next month + our '
                                'first 24x7 location = more crypto for '
                                'everyone. Check out our machine… '
                                'https://t.co/PEUGK2V0Fw',
                        'truncated': True,
                        'user': { 'contributors_enabled': False,
                                  'created_at': 'Tue Aug 01 14:21:23 +0000 '
                                                '2017',
                                  'default_profile': True,
                                  'default_profile_image': False,
                                  'description': 'The simple and safe way to '
                                                 'exchange digital currency. '
                                                 'Instantly. Buy and sell BTC, '
                                                 'ETH, LTC, XMR, and DASH via '
                                                 'our ATM network with a '
                                                 'smartphone in 90 seconds.',
                                  'entities': { 'description': {'urls': []},
                                                'url': { 'urls': [ { 'display_url': 'coinmover.com',
                                                                     'expanded_url': 'http://www.coinmover.com',
                                                                     'indices': [ 0,
                                                                                  23],
                                                                     'url': 'https://t.co/DGVj0ID9vw'}]}},
                                  'favourites_count': 13,
                                  'follow_request_sent': None,
                                  'followers_count': 50,
                                  'following': None,
                                  'friends_count': 108,
                                  'geo_enabled': False,
                                  'has_extended_profile': False,
                                  'id': 892389800891863045,
                                  'id_str': '892389800891863045',
                                  'is_translation_enabled': False,
                                  'is_translator': False,
                                  'lang': None,
                                  'listed_count': 2,
                                  'location': 'Boston, MA',
                                  'name': 'CoinMover',
                                  'notifications': None,
                                  'profile_background_color': 'F5F8FA',
                                  'profile_background_image_url': None,
                                  'profile_background_image_url_https': None,
                                  'profile_background_tile': False,
                                  'profile_banner_url': 'https://pbs.twimg.com/profile_banners/892389800891863045/1551403959',
                                  'profile_image_url': 'http://pbs.twimg.com/profile_images/894868742995271680/CXGHOTpq_normal.jpg',
                                  'profile_image_url_https': 'https://pbs.twimg.com/profile_images/894868742995271680/CXGHOTpq_normal.jpg',
                                  'profile_link_color': '1DA1F2',
                                  'profile_sidebar_border_color': 'C0DEED',
                                  'profile_sidebar_fill_color': 'DDEEF6',
                                  'profile_text_color': '333333',
                                  'profile_use_background_image': True,
                                  'protected': False,
                                  'screen_name': 'Coin_Mover',
                                  'statuses_count': 38,
                                  'time_zone': None,
                                  'translator_type': 'none',
                                  'url': 'https://t.co/DGVj0ID9vw',
                                  'utc_offset': None,
                                  'verified': False}},
  'source': '<a href="https://mobile.twitter.com" rel="nofollow">Twitter Web '
            'App</a>',
  'text': 'RT @Coin_Mover: Students coming back in town next month + our first '
          '24x7 location = more crypto for everyone. Check out our machine now '
          'at…',
  'truncated': False,
  'user': { 'contributors_enabled': False,
            'created_at': 'Tue Apr 03 14:44:15 +0000 2018',
            'default_profile': True,
            'default_profile_image': False,
            'description': '#bitcoin #btc #xlm',
            'entities': {'description': {'urls': []}},
            'favourites_count': 5,
            'follow_request_sent': None,
            'followers_count': 4,
            'following': None,
            'friends_count': 33,
            'geo_enabled': False,
            'has_extended_profile': False,
            'id': 981180585182879749,
            'id_str': '981180585182879749',
            'is_translation_enabled': False,
            'is_translator': False,
            'lang': None,
            'listed_count': 0,
            'location': '',
            'name': 'Blokhin',
            'notifications': None,
            'profile_background_color': 'F5F8FA',
            'profile_background_image_url': None,
            'profile_background_image_url_https': None,
            'profile_background_tile': False,
            'profile_banner_url': 'https://pbs.twimg.com/profile_banners/981180585182879749/1564599367',
            'profile_image_url': 'http://pbs.twimg.com/profile_images/1156639681628581888/uLglYv2M_normal.png',
            'profile_image_url_https': 'https://pbs.twimg.com/profile_images/1156639681628581888/uLglYv2M_normal.png',
            'profile_link_color': '1DA1F2',
            'profile_sidebar_border_color': 'C0DEED',
            'profile_sidebar_fill_color': 'DDEEF6',
            'profile_text_color': '333333',
            'profile_use_background_image': True,
            'protected': False,
            'screen_name': 'NikBlokhin',
            'statuses_count': 15,
            'time_zone': None,
            'translator_type': 'none',
            'url': None,
            'utc_offset': None,
            'verified': False}}
----------Summary----------
{ 'entities': {},
  'id_str': '1156640676915884032',
  'retweeted_status': { 'entities': { 'urls': { 'display_url': 'twitter.com/i/web/status/1…',
                                                'expanded_url': 'https://twitter.com/i/web/status/1156640088983580672'}},
                        'id_str': '1156640088983580672',
                        'text': 'students coming back in town next month + our '
                                'first 24x7 location = more crypto for '
                                'everyone. check out our machine '
                                'https://t.co/peugk2v0fw',
                        'user': { 'entities': {},
                                  'id_str': '892389800891863045',
                                  'twitter_user': 'Coin_Mover'}},
  'text': 'rt @coin_mover: students coming back in town next month + our first '
          '24x7 location = more crypto for everyone. check out our machine now '
          'at',
  'user': { 'entities': {},
            'id_str': '981180585182879749',
            'twitter_user': 'NikBlokhin'}}
----------Groups----------
{ 'Bitcoin': ['bitcoin', 'Bitcoin', 'btc', 'satoshi nakamoto'],
  'Ethereum': ['ethereum', 'Ethereum', 'eth', 'vitalik buterin'],
  'Litecoin': ['litecoin', 'Litecoin', 'ltc', 'charles lee'],
  'Monero': ['monero', 'Monero', 'xmr', 'riccardo spagni'],
  'Ripple': [ 'ripple',
              'Ripple',
              'xrp',
              'xrapid',
              'xcurrent',
              'chris larsen',
              'jed mccaleb']}
---------------------------Fetch-------2019-07-31 16:01:19.401964: Tweet filed under "misc":----------Data----------
{ 'contributors': None,
  'coordinates': None,
  'created_at': 'Wed Jul 31 18:57:41 +0000 2019',
  'entities': { 'hashtags': [],
                'symbols': [],
                'urls': [ { 'display_url': 'twitter.com/i/web/status/1…',
                            'expanded_url': 'https://twitter.com/i/web/status/1156640088983580672',
                            'indices': [117, 140],
                            'url': 'https://t.co/PEUGK2V0Fw'}],
                'user_mentions': []},
  'favorite_count': 2,
  'favorited': False,
  'geo': None,
  'id': 1156640088983580672,
  'id_str': '1156640088983580672',
  'in_reply_to_screen_name': None,
  'in_reply_to_status_id': None,
  'in_reply_to_status_id_str': None,
  'in_reply_to_user_id': None,
  'in_reply_to_user_id_str': None,
  'is_quote_status': False,
  'lang': 'en',
  'metadata': {'iso_language_code': 'en', 'result_type': 'recent'},
  'place': None,
  'possibly_sensitive': False,
  'retweet_count': 2,
  'retweeted': False,
  'source': '<a href="https://mobile.twitter.com" rel="nofollow">Twitter Web '
            'App</a>',
  'text': 'Students coming back in town next month + our first 24x7 location = '
          'more crypto for everyone. Check out our machine… '
          'https://t.co/PEUGK2V0Fw',
  'truncated': True,
  'user': { 'contributors_enabled': False,
            'created_at': 'Tue Aug 01 14:21:23 +0000 2017',
            'default_profile': True,
            'default_profile_image': False,
            'description': 'The simple and safe way to exchange digital '
                           'currency. Instantly. Buy and sell BTC, ETH, LTC, '
                           'XMR, and DASH via our ATM network with a '
                           'smartphone in 90 seconds.',
            'entities': { 'description': {'urls': []},
                          'url': { 'urls': [ { 'display_url': 'coinmover.com',
                                               'expanded_url': 'http://www.coinmover.com',
                                               'indices': [0, 23],
                                               'url': 'https://t.co/DGVj0ID9vw'}]}},
            'favourites_count': 13,
            'follow_request_sent': None,
            'followers_count': 50,
            'following': None,
            'friends_count': 108,
            'geo_enabled': False,
            'has_extended_profile': False,
            'id': 892389800891863045,
            'id_str': '892389800891863045',
            'is_translation_enabled': False,
            'is_translator': False,
            'lang': None,
            'listed_count': 2,
            'location': 'Boston, MA',
            'name': 'CoinMover',
            'notifications': None,
            'profile_background_color': 'F5F8FA',
            'profile_background_image_url': None,
            'profile_background_image_url_https': None,
            'profile_background_tile': False,
            'profile_banner_url': 'https://pbs.twimg.com/profile_banners/892389800891863045/1551403959',
            'profile_image_url': 'http://pbs.twimg.com/profile_images/894868742995271680/CXGHOTpq_normal.jpg',
            'profile_image_url_https': 'https://pbs.twimg.com/profile_images/894868742995271680/CXGHOTpq_normal.jpg',
            'profile_link_color': '1DA1F2',
            'profile_sidebar_border_color': 'C0DEED',
            'profile_sidebar_fill_color': 'DDEEF6',
            'profile_text_color': '333333',
            'profile_use_background_image': True,
            'protected': False,
            'screen_name': 'Coin_Mover',
            'statuses_count': 38,
            'time_zone': None,
            'translator_type': 'none',
            'url': 'https://t.co/DGVj0ID9vw',
            'utc_offset': None,
            'verified': False}}
----------Summary----------
{ 'entities': { 'urls': { 'display_url': 'twitter.com/i/web/status/1…',
                          'expanded_url': 'https://twitter.com/i/web/status/1156640088983580672'}},
  'id_str': '1156640088983580672',
  'text': 'students coming back in town next month + our first 24x7 location = '
          'more crypto for everyone. check out our machine '
          'https://t.co/peugk2v0fw',
  'user': { 'entities': {},
            'id_str': '892389800891863045',
            'twitter_user': 'Coin_Mover'}}
----------Groups----------
{ 'Bitcoin': ['bitcoin', 'Bitcoin', 'btc', 'satoshi nakamoto'],
  'Ethereum': ['ethereum', 'Ethereum', 'eth', 'vitalik buterin'],
  'Litecoin': ['litecoin', 'Litecoin', 'ltc', 'charles lee'],
  'Monero': ['monero', 'Monero', 'xmr', 'riccardo spagni'],
  'Ripple': [ 'ripple',
              'Ripple',
              'xrp',
              'xrapid',
              'xcurrent',
              'chris larsen',
              'jed mccaleb']}
---------------------------Fetch-------2019-07-31 16:01:20.527733: Tweet filed under "misc":----------Data----------
{ 'contributors': None,
  'coordinates': None,
  'created_at': 'Wed Jul 31 18:52:25 +0000 2019',
  'entities': { 'hashtags': [],
                'symbols': [],
                'urls': [ { 'display_url': 'timeanddate.com/countdown/gene…',
                            'expanded_url': 'https://www.timeanddate.com/countdown/generic?iso=20190807T12&p0=1440&msg=XMR+Giveaway+on+SouthXchange&font=slab&csz=1',
                            'indices': [61, 84],
                            'url': 'https://t.co/DFjYgyPEq2'}],
                'user_mentions': [ { 'id': 6253282,
                                     'id_str': '6253282',
                                     'indices': [89, 100],
                                     'name': 'Twitter API',
                                     'screen_name': 'TwitterAPI'}]},
  'favorite_count': 0,
  'favorited': False,
  'geo': None,
  'id': 1156638764787216392,
  'id_str': '1156638764787216392',
  'in_reply_to_screen_name': None,
  'in_reply_to_status_id': None,
  'in_reply_to_status_id_str': None,
  'in_reply_to_user_id': None,
  'in_reply_to_user_id_str': None,
  'is_quote_status': False,
  'lang': 'en',
  'metadata': {'iso_language_code': 'en', 'result_type': 'recent'},
  'place': None,
  'possibly_sensitive': False,
  'retweet_count': 0,
  'retweeted': False,
  'source': '<a href="http://twitter.com" rel="nofollow">Twitter Web '
            'Client</a>',
  'text': 'Countdown Timer - Countdown to 7 de ago de 2019 12:00 in UTC '
          'https://t.co/DFjYgyPEq2 vía @twitterapi',
  'truncated': False,
  'user': { 'contributors_enabled': False,
            'created_at': 'Thu Aug 21 00:29:28 +0000 2014',
            'default_profile': False,
            'default_profile_image': False,
            'description': 'Head Cryptoeconomy en Business Blockchain '
                           'Association',
            'entities': { 'description': {'urls': []},
                          'url': { 'urls': [ { 'display_url': 'linkedin.com/in/cryptomario/',
                                               'expanded_url': 'https://www.linkedin.com/in/cryptomario/',
                                               'indices': [0, 23],
                                               'url': 'https://t.co/IkoYNnmCK7'}]}},
            'favourites_count': 4644,
            'follow_request_sent': None,
            'followers_count': 2998,
            'following': None,
            'friends_count': 2990,
            'geo_enabled': False,
            'has_extended_profile': True,
            'id': 2750884351,
            'id_str': '2750884351',
            'is_translation_enabled': False,
            'is_translator': False,
            'lang': None,
            'listed_count': 22,
            'location': 'Peru',
            'name': 'MARIOSOLIS',
            'notifications': None,
            'profile_background_color': '000000',
            'profile_background_image_url': 'http://abs.twimg.com/images/themes/theme1/bg.png',
            'profile_background_image_url_https': 'https://abs.twimg.com/images/themes/theme1/bg.png',
            'profile_background_tile': False,
            'profile_image_url': 'http://pbs.twimg.com/profile_images/996432786193043459/5M6tSU0d_normal.jpg',
            'profile_image_url_https': 'https://pbs.twimg.com/profile_images/996432786193043459/5M6tSU0d_normal.jpg',
            'profile_link_color': '1B95E0',
            'profile_sidebar_border_color': '000000',
            'profile_sidebar_fill_color': '000000',
            'profile_text_color': '000000',
            'profile_use_background_image': False,
            'protected': False,
            'screen_name': 'mariosolis001',
            'statuses_count': 17399,
            'time_zone': None,
            'translator_type': 'none',
            'url': 'https://t.co/IkoYNnmCK7',
            'utc_offset': None,
            'verified': False}}
----------Summary----------
{ 'entities': { 'urls': { 'display_url': 'timeanddate.com/countdown/gene…',
                          'expanded_url': 'https://www.timeanddate.com/countdown/generic?iso=20190807T12&p0=1440&msg=XMR+Giveaway+on+SouthXchange&font=slab&csz=1'}},
  'id_str': '1156638764787216392',
  'text': 'countdown timer - countdown to 7 de ago de 2019 12:00 in utc '
          'https://t.co/dfjygypeq2 va @twitterapi',
  'user': { 'entities': {},
            'id_str': '2750884351',
            'twitter_user': 'mariosolis001'}}
----------Groups----------
{ 'Bitcoin': ['bitcoin', 'Bitcoin', 'btc', 'satoshi nakamoto'],
  'Ethereum': ['ethereum', 'Ethereum', 'eth', 'vitalik buterin'],
  'Litecoin': ['litecoin', 'Litecoin', 'ltc', 'charles lee'],
  'Monero': ['monero', 'Monero', 'xmr', 'riccardo spagni'],
  'Ripple': [ 'ripple',
              'Ripple',
              'xrp',
              'xrapid',
              'xcurrent',
              'chris larsen',
              'jed mccaleb']}
---------------------------Fetch-------2019-07-31 16:01:22.985326: Tweet filed under "misc":----------Data----------
{ 'contributors': None,
  'coordinates': None,
  'created_at': 'Wed Jul 31 18:41:17 +0000 2019',
  'entities': { 'hashtags': [],
                'symbols': [{'indices': [20, 24], 'text': 'DGB'}],
                'urls': [ { 'display_url': 'twitter.com/i/web/status/1…',
                            'expanded_url': 'https://twitter.com/i/web/status/1156635962925101059',
                            'indices': [98, 121],
                            'url': 'https://t.co/V7REhsm6Ko'}],
                'user_mentions': []},
  'favorite_count': 0,
  'favorited': False,
  'geo': None,
  'id': 1156635962925101059,
  'id_str': '1156635962925101059',
  'in_reply_to_screen_name': None,
  'in_reply_to_status_id': None,
  'in_reply_to_status_id_str': None,
  'in_reply_to_user_id': None,
  'in_reply_to_user_id_str': None,
  'is_quote_status': False,
  'lang': 'en',
  'metadata': {'iso_language_code': 'en', 'result_type': 'recent'},
  'place': None,
  'possibly_sensitive': False,
  'retweet_count': 0,
  'retweeted': False,
  'source': '<a href="https://www.binance.com/invite.html" '
            'rel="nofollow">tweetbot111111</a>',
  'text': 'this channel called $DGB before it made 6x. they only share high '
          'reward, low risk signals. join:… https://t.co/V7REhsm6Ko',
  'truncated': True,
  'user': { 'contributors_enabled': False,
            'created_at': 'Wed Jan 10 09:38:04 +0000 2018',
            'default_profile': True,
            'default_profile_image': False,
            'description': '',
            'entities': {'description': {'urls': []}},
            'favourites_count': 0,
            'follow_request_sent': None,
            'followers_count': 251,
            'following': None,
            'friends_count': 0,
            'geo_enabled': False,
            'has_extended_profile': False,
            'id': 951025335876902912,
            'id_str': '951025335876902912',
            'is_translation_enabled': False,
            'is_translator': False,
            'lang': None,
            'listed_count': 7,
            'location': '',
            'name': 'Jason Clark',
            'notifications': None,
            'profile_background_color': 'F5F8FA',
            'profile_background_image_url': None,
            'profile_background_image_url_https': None,
            'profile_background_tile': False,
            'profile_image_url': 'http://pbs.twimg.com/profile_images/951026068751777792/PnW0EFqM_normal.jpg',
            'profile_image_url_https': 'https://pbs.twimg.com/profile_images/951026068751777792/PnW0EFqM_normal.jpg',
            'profile_link_color': '1DA1F2',
            'profile_sidebar_border_color': 'C0DEED',
            'profile_sidebar_fill_color': 'DDEEF6',
            'profile_text_color': '333333',
            'profile_use_background_image': True,
            'protected': False,
            'screen_name': 'jasonclarktwit',
            'statuses_count': 58581,
            'time_zone': None,
            'translator_type': 'none',
            'url': None,
            'utc_offset': None,
            'verified': False}}
----------Summary----------
{ 'entities': { 'urls': { 'display_url': 'twitter.com/i/web/status/1…',
                          'expanded_url': 'https://twitter.com/i/web/status/1156635962925101059'}},
  'id_str': '1156635962925101059',
  'text': 'this channel called $dgb before it made 6x. they only share high '
          'reward, low risk signals. join: https://t.co/v7rehsm6ko',
  'user': { 'entities': {},
            'id_str': '951025335876902912',
            'twitter_user': 'jasonclarktwit'}}
----------Groups----------
{ 'Bitcoin': ['bitcoin', 'Bitcoin', 'btc', 'satoshi nakamoto'],
  'Ethereum': ['ethereum', 'Ethereum', 'eth', 'vitalik buterin'],
  'Litecoin': ['litecoin', 'Litecoin', 'ltc', 'charles lee'],
  'Monero': ['monero', 'Monero', 'xmr', 'riccardo spagni'],
  'Ripple': [ 'ripple',
              'Ripple',
              'xrp',
              'xrapid',
              'xcurrent',
              'chris larsen',
              'jed mccaleb']}
---------------------------Fetch-------2019-07-31 16:01:23.599979: Tweet filed under "misc":----------Data----------
{ 'contributors': None,
  'coordinates': None,
  'created_at': 'Wed Jul 31 18:39:42 +0000 2019',
  'entities': { 'hashtags': [],
                'symbols': [],
                'urls': [ { 'display_url': 'timeanddate.com/countdown/gene…',
                            'expanded_url': 'https://www.timeanddate.com/countdown/generic?iso=20190807T12&p0=1440&msg=XMR+Giveaway+on+SouthXchange&font=slab&csz=1',
                            'indices': [55, 78],
                            'url': 'https://t.co/NK3HFT2yKm'}],
                'user_mentions': [ { 'id': 6253282,
                                     'id_str': '6253282',
                                     'indices': [83, 94],
                                     'name': 'Twitter API',
                                     'screen_name': 'TwitterAPI'}]},
  'favorite_count': 0,
  'favorited': False,
  'geo': None,
  'id': 1156635562918535168,
  'id_str': '1156635562918535168',
  'in_reply_to_screen_name': None,
  'in_reply_to_status_id': None,
  'in_reply_to_status_id_str': None,
  'in_reply_to_user_id': None,
  'in_reply_to_user_id_str': None,
  'is_quote_status': False,
  'lang': 'en',
  'metadata': {'iso_language_code': 'en', 'result_type': 'recent'},
  'place': None,
  'possibly_sensitive': False,
  'retweet_count': 0,
  'retweeted': False,
  'source': '<a href="http://twitter.com" rel="nofollow">Twitter Web '
            'Client</a>',
  'text': 'Countdown Timer - Countdown to 7 Aug 2019 12:00 in UTC '
          'https://t.co/NK3HFT2yKm via @twitterapi',
  'truncated': False,
  'user': { 'contributors_enabled': False,
            'created_at': 'Wed Jul 31 18:31:52 +0000 2019',
            'default_profile': True,
            'default_profile_image': False,
            'description': '',
            'entities': {'description': {'urls': []}},
            'favourites_count': 0,
            'follow_request_sent': None,
            'followers_count': 0,
            'following': None,
            'friends_count': 1,
            'geo_enabled': False,
            'has_extended_profile': False,
            'id': 1156633594049306624,
            'id_str': '1156633594049306624',
            'is_translation_enabled': False,
            'is_translator': False,
            'lang': None,
            'listed_count': 0,
            'location': '',
            'name': 'Abdul mateen',
            'notifications': None,
            'profile_background_color': 'F5F8FA',
            'profile_background_image_url': None,
            'profile_background_image_url_https': None,
            'profile_background_tile': False,
            'profile_image_url': 'http://pbs.twimg.com/profile_images/1156634922779631616/-EFEaMez_normal.jpg',
            'profile_image_url_https': 'https://pbs.twimg.com/profile_images/1156634922779631616/-EFEaMez_normal.jpg',
            'profile_link_color': '1DA1F2',
            'profile_sidebar_border_color': 'C0DEED',
            'profile_sidebar_fill_color': 'DDEEF6',
            'profile_text_color': '333333',
            'profile_use_background_image': True,
            'protected': False,
            'screen_name': 'Abdulma20362352',
            'statuses_count': 1,
            'time_zone': None,
            'translator_type': 'none',
            'url': None,
            'utc_offset': None,
            'verified': False}}
----------Summary----------
{ 'entities': { 'urls': { 'display_url': 'timeanddate.com/countdown/gene…',
                          'expanded_url': 'https://www.timeanddate.com/countdown/generic?iso=20190807T12&p0=1440&msg=XMR+Giveaway+on+SouthXchange&font=slab&csz=1'}},
  'id_str': '1156635562918535168',
  'text': 'countdown timer - countdown to 7 aug 2019 12:00 in utc '
          'https://t.co/nk3hft2ykm via @twitterapi',
  'user': { 'entities': {},
            'id_str': '1156633594049306624',
            'twitter_user': 'Abdulma20362352'}}
----------Groups----------
{ 'Bitcoin': ['bitcoin', 'Bitcoin', 'btc', 'satoshi nakamoto'],
  'Ethereum': ['ethereum', 'Ethereum', 'eth', 'vitalik buterin'],
  'Litecoin': ['litecoin', 'Litecoin', 'ltc', 'charles lee'],
  'Monero': ['monero', 'Monero', 'xmr', 'riccardo spagni'],
  'Ripple': [ 'ripple',
              'Ripple',
              'xrp',
              'xrapid',
              'xcurrent',
              'chris larsen',
              'jed mccaleb']}
---------------------------Fetch-------2019-07-31 16:01:30.361211: Tweet filed under "misc":----------Data----------
{ 'contributors': None,
  'coordinates': None,
  'created_at': 'Wed Jul 31 18:01:06 +0000 2019',
  'entities': { 'hashtags': [],
                'symbols': [ {'indices': [19, 23], 'text': 'USD'},
                             {'indices': [35, 39], 'text': 'EOS'},
                             {'indices': [63, 68], 'text': 'DASH'},
                             {'indices': [92, 96], 'text': 'XLM'}],
                'urls': [ { 'display_url': 'twitter.com/i/web/status/1…',
                            'expanded_url': 'https://twitter.com/i/web/status/1156625849673768960',
                            'indices': [117, 140],
                            'url': 'https://t.co/nTctBmVO9Y'}],
                'user_mentions': []},
  'favorite_count': 0,
  'favorited': False,
  'geo': None,
  'id': 1156625849673768960,
  'id_str': '1156625849673768960',
  'in_reply_to_screen_name': None,
  'in_reply_to_status_id': None,
  'in_reply_to_status_id_str': None,
  'in_reply_to_user_id': None,
  'in_reply_to_user_id_str': None,
  'is_quote_status': False,
  'lang': 'en',
  'metadata': {'iso_language_code': 'en', 'result_type': 'recent'},
  'place': None,
  'retweet_count': 0,
  'retweeted': False,
  'source': '<a href="https://www.google.com" rel="nofollow">Kraken prices</a>',
  'text': '🔄 Prices update in $USD (1 hour):\n'
          '\n'
          '$EOS - 4.33 $     (+0.45 %)\n'
          '$DASH - 106.98 $   (+0.26 %)\n'
          '$XLM - 0.08 $     (+0.5… https://t.co/nTctBmVO9Y',
  'truncated': True,
  'user': { 'contributors_enabled': False,
            'created_at': 'Fri May 25 21:11:08 +0000 2018',
            'default_profile': True,
            'default_profile_image': False,
            'description': "Scans Kraken's main currencies hourly | Also "
                           '@BittrexPrices @BinancePrices | Not official, we '
                           'are not @Krakenfx | Suggestions: DMs open',
            'entities': {'description': {'urls': []}},
            'favourites_count': 4,
            'follow_request_sent': None,
            'followers_count': 1328,
            'following': None,
            'friends_count': 1161,
            'geo_enabled': False,
            'has_extended_profile': False,
            'id': 1000122114169561088,
            'id_str': '1000122114169561088',
            'is_translation_enabled': False,
            'is_translator': False,
            'lang': None,
            'listed_count': 9,
            'location': '',
            'name': 'KrakenPrices',
            'notifications': None,
            'profile_background_color': 'F5F8FA',
            'profile_background_image_url': None,
            'profile_background_image_url_https': None,
            'profile_background_tile': False,
            'profile_banner_url': 'https://pbs.twimg.com/profile_banners/1000122114169561088/1550750197',
            'profile_image_url': 'http://pbs.twimg.com/profile_images/1008356908573569024/VgEVV5RN_normal.jpg',
            'profile_image_url_https': 'https://pbs.twimg.com/profile_images/1008356908573569024/VgEVV5RN_normal.jpg',
            'profile_link_color': '1DA1F2',
            'profile_sidebar_border_color': 'C0DEED',
            'profile_sidebar_fill_color': 'DDEEF6',
            'profile_text_color': '333333',
            'profile_use_background_image': True,
            'protected': False,
            'screen_name': 'KrakenPrices',
            'statuses_count': 15724,
            'time_zone': None,
            'translator_type': 'none',
            'url': None,
            'utc_offset': None,
            'verified': False}}
----------Summary----------
{ 'entities': { 'urls': { 'display_url': 'twitter.com/i/web/status/1…',
                          'expanded_url': 'https://twitter.com/i/web/status/1156625849673768960'}},
  'id_str': '1156625849673768960',
  'text': ' prices update in $usd (1 hour):  $eos - 4.33 $     (+0.45 %) $dash '
          '- 106.98 $   (+0.26 %) $xlm - 0.08 $     (+0.5 '
          'https://t.co/ntctbmvo9y',
  'user': { 'entities': {},
            'id_str': '1000122114169561088',
            'twitter_user': 'KrakenPrices'}}
----------Groups----------
{ 'Bitcoin': ['bitcoin', 'Bitcoin', 'btc', 'satoshi nakamoto'],
  'Ethereum': ['ethereum', 'Ethereum', 'eth', 'vitalik buterin'],
  'Litecoin': ['litecoin', 'Litecoin', 'ltc', 'charles lee'],
  'Monero': ['monero', 'Monero', 'xmr', 'riccardo spagni'],
  'Ripple': [ 'ripple',
              'Ripple',
              'xrp',
              'xrapid',
              'xcurrent',
              'chris larsen',
              'jed mccaleb']}
---------------------------Fetch-------2019-07-31 16:01:32.143331: Tweet filed under "misc":----------Data----------
{ 'contributors': None,
  'coordinates': None,
  'created_at': 'Wed Jul 31 17:56:17 +0000 2019',
  'entities': { 'hashtags': [],
                'symbols': [{'indices': [20, 24], 'text': 'DGB'}],
                'urls': [ { 'display_url': 'twitter.com/i/web/status/1…',
                            'expanded_url': 'https://twitter.com/i/web/status/1156624638564323331',
                            'indices': [98, 121],
                            'url': 'https://t.co/hmOTOrD4AO'}],
                'user_mentions': []},
  'favorite_count': 0,
  'favorited': False,
  'geo': None,
  'id': 1156624638564323331,
  'id_str': '1156624638564323331',
  'in_reply_to_screen_name': None,
  'in_reply_to_status_id': None,
  'in_reply_to_status_id_str': None,
  'in_reply_to_user_id': None,
  'in_reply_to_user_id_str': None,
  'is_quote_status': False,
  'lang': 'en',
  'metadata': {'iso_language_code': 'en', 'result_type': 'recent'},
  'place': None,
  'possibly_sensitive': False,
  'retweet_count': 0,
  'retweeted': False,
  'source': '<a href="https://www.binance.com/invite.html" '
            'rel="nofollow">tweetbot111111</a>',
  'text': 'this channel called $DGB before it made 6x. they only share high '
          'reward, low risk signals. join:… https://t.co/hmOTOrD4AO',
  'truncated': True,
  'user': { 'contributors_enabled': False,
            'created_at': 'Wed Jan 10 09:38:04 +0000 2018',
            'default_profile': True,
            'default_profile_image': False,
            'description': '',
            'entities': {'description': {'urls': []}},
            'favourites_count': 0,
            'follow_request_sent': None,
            'followers_count': 251,
            'following': None,
            'friends_count': 0,
            'geo_enabled': False,
            'has_extended_profile': False,
            'id': 951025335876902912,
            'id_str': '951025335876902912',
            'is_translation_enabled': False,
            'is_translator': False,
            'lang': None,
            'listed_count': 7,
            'location': '',
            'name': 'Jason Clark',
            'notifications': None,
            'profile_background_color': 'F5F8FA',
            'profile_background_image_url': None,
            'profile_background_image_url_https': None,
            'profile_background_tile': False,
            'profile_image_url': 'http://pbs.twimg.com/profile_images/951026068751777792/PnW0EFqM_normal.jpg',
            'profile_image_url_https': 'https://pbs.twimg.com/profile_images/951026068751777792/PnW0EFqM_normal.jpg',
            'profile_link_color': '1DA1F2',
            'profile_sidebar_border_color': 'C0DEED',
            'profile_sidebar_fill_color': 'DDEEF6',
            'profile_text_color': '333333',
            'profile_use_background_image': True,
            'protected': False,
            'screen_name': 'jasonclarktwit',
            'statuses_count': 58581,
            'time_zone': None,
            'translator_type': 'none',
            'url': None,
            'utc_offset': None,
            'verified': False}}
----------Summary----------
{ 'entities': { 'urls': { 'display_url': 'twitter.com/i/web/status/1…',
                          'expanded_url': 'https://twitter.com/i/web/status/1156624638564323331'}},
  'id_str': '1156624638564323331',
  'text': 'this channel called $dgb before it made 6x. they only share high '
          'reward, low risk signals. join: https://t.co/hmotord4ao',
  'user': { 'entities': {},
            'id_str': '951025335876902912',
            'twitter_user': 'jasonclarktwit'}}
----------Groups----------
{ 'Bitcoin': ['bitcoin', 'Bitcoin', 'btc', 'satoshi nakamoto'],
  'Ethereum': ['ethereum', 'Ethereum', 'eth', 'vitalik buterin'],
  'Litecoin': ['litecoin', 'Litecoin', 'ltc', 'charles lee'],
  'Monero': ['monero', 'Monero', 'xmr', 'riccardo spagni'],
  'Ripple': [ 'ripple',
              'Ripple',
              'xrp',
              'xrapid',
              'xcurrent',
              'chris larsen',
              'jed mccaleb']}
---------------------------Fetch-------2019-07-31 16:01:34.168321: Tweet filed under "misc":----------Data----------
{ 'contributors': None,
  'coordinates': None,
  'created_at': 'Wed Jul 31 17:51:52 +0000 2019',
  'entities': { 'hashtags': [],
                'symbols': [ {'indices': [34, 39], 'text': 'NPXS'},
                             {'indices': [44, 49], 'text': 'DERO'}],
                'urls': [ { 'display_url': 'twitter.com/i/web/status/1…',
                            'expanded_url': 'https://twitter.com/i/web/status/1156623528101388296',
                            'indices': [117, 140],
                            'url': 'https://t.co/d97uLpt4JM'}],
                'user_mentions': []},
  'favorite_count': 0,
  'favorited': False,
  'geo': None,
  'id': 1156623528101388296,
  'id_str': '1156623528101388296',
  'in_reply_to_screen_name': None,
  'in_reply_to_status_id': None,
  'in_reply_to_status_id_str': None,
  'in_reply_to_user_id': None,
  'in_reply_to_user_id_str': None,
  'is_quote_status': False,
  'lang': 'en',
  'metadata': {'iso_language_code': 'en', 'result_type': 'recent'},
  'place': None,
  'retweet_count': 0,
  'retweeted': False,
  'source': '<a href="https://mobile.twitter.com" rel="nofollow">Twitter Web '
            'App</a>',
  'text': 'Three months ago I decided to cut $NPXS for $DERO. That decision is '
          'looking better and better by the day🌛🚀\n'
          'Dero fou… https://t.co/d97uLpt4JM',
  'truncated': True,
  'user': { 'contributors_enabled': False,
            'created_at': 'Wed Mar 27 14:15:50 +0000 2019',
            'default_profile': True,
            'default_profile_image': False,
            'description': 'My old profile was suspended | Recruitment '
                           'consultant and work ould be crypto trader in my '
                           'spare time | 📊\n'
                           'Startedat the top in 2017 and now I’m here📉📈',
            'entities': {'description': {'urls': []}},
            'favourites_count': 420,
            'follow_request_sent': None,
            'followers_count': 32,
            'following': None,
            'friends_count': 141,
            'geo_enabled': False,
            'has_extended_profile': False,
            'id': 1110908289854902272,
            'id_str': '1110908289854902272',
            'is_translation_enabled': False,
            'is_translator': False,
            'lang': None,
            'listed_count': 0,
            'location': 'London, England',
            'name': '₿ Funky trades 👨\u200d🚀',
            'notifications': None,
            'profile_background_color': 'F5F8FA',
            'profile_background_image_url': None,
            'profile_background_image_url_https': None,
            'profile_background_tile': False,
            'profile_banner_url': 'https://pbs.twimg.com/profile_banners/1110908289854902272/1556100187',
            'profile_image_url': 'http://pbs.twimg.com/profile_images/1120991237992005632/t_BIM08W_normal.png',
            'profile_image_url_https': 'https://pbs.twimg.com/profile_images/1120991237992005632/t_BIM08W_normal.png',
            'profile_link_color': '1DA1F2',
            'profile_sidebar_border_color': 'C0DEED',
            'profile_sidebar_fill_color': 'DDEEF6',
            'profile_text_color': '333333',
            'profile_use_background_image': True,
            'protected': False,
            'screen_name': 'OneFunkyTrader',
            'statuses_count': 108,
            'time_zone': None,
            'translator_type': 'none',
            'url': None,
            'utc_offset': None,
            'verified': False}}
----------Summary----------
{ 'entities': { 'urls': { 'display_url': 'twitter.com/i/web/status/1…',
                          'expanded_url': 'https://twitter.com/i/web/status/1156623528101388296'}},
  'id_str': '1156623528101388296',
  'text': 'three months ago i decided to cut $npxs for $dero. that decision is '
          'looking better and better by the day dero fou '
          'https://t.co/d97ulpt4jm',
  'user': { 'entities': {},
            'id_str': '1110908289854902272',
            'twitter_user': 'OneFunkyTrader'}}
----------Groups----------
{ 'Bitcoin': ['bitcoin', 'Bitcoin', 'btc', 'satoshi nakamoto'],
  'Ethereum': ['ethereum', 'Ethereum', 'eth', 'vitalik buterin'],
  'Litecoin': ['litecoin', 'Litecoin', 'ltc', 'charles lee'],
  'Monero': ['monero', 'Monero', 'xmr', 'riccardo spagni'],
  'Ripple': [ 'ripple',
              'Ripple',
              'xrp',
              'xrapid',
              'xcurrent',
              'chris larsen',
              'jed mccaleb']}
---------------------------Fetch-------2019-07-31 16:01:40.820604: Tweet filed under "misc":----------Data----------
{ 'contributors': None,
  'coordinates': None,
  'created_at': 'Wed Jul 24 20:58:14 +0000 2019',
  'entities': { 'hashtags': [],
                'symbols': [],
                'urls': [],
                'user_mentions': [ { 'id': 918804624303382528,
                                     'id_str': '918804624303382528',
                                     'indices': [3, 18],
                                     'name': 'PlanB',
                                     'screen_name': '100trillionUSD'}]},
  'favorite_count': 0,
  'favorited': False,
  'geo': None,
  'id': 1154133712226967552,
  'id_str': '1154133712226967552',
  'in_reply_to_screen_name': None,
  'in_reply_to_status_id': None,
  'in_reply_to_status_id_str': None,
  'in_reply_to_user_id': None,
  'in_reply_to_user_id_str': None,
  'is_quote_status': False,
  'lang': 'en',
  'metadata': {'iso_language_code': 'en', 'result_type': 'recent'},
  'place': None,
  'retweet_count': 368,
  'retweeted': False,
  'retweeted_status': { 'contributors': None,
                        'coordinates': None,
                        'created_at': 'Wed Jul 24 11:05:23 +0000 2019',
                        'entities': { 'hashtags': [],
                                      'symbols': [],
                                      'urls': [ { 'display_url': 'twitter.com/i/web/status/1…',
                                                  'expanded_url': 'https://twitter.com/i/web/status/1153984515045502981',
                                                  'indices': [109, 132],
                                                  'url': 'https://t.co/5jt5BLa1Hv'}],
                                      'user_mentions': []},
                        'favorite_count': 1351,
                        'favorited': False,
                        'geo': None,
                        'id': 1153984515045502981,
                        'id_str': '1153984515045502981',
                        'in_reply_to_screen_name': None,
                        'in_reply_to_status_id': None,
                        'in_reply_to_status_id_str': None,
                        'in_reply_to_user_id': None,
                        'in_reply_to_user_id_str': None,
                        'is_quote_status': False,
                        'lang': 'en',
                        'metadata': { 'iso_language_code': 'en',
                                      'result_type': 'recent'},
                        'place': None,
                        'possibly_sensitive': False,
                        'retweet_count': 368,
                        'retweeted': False,
                        'source': '<a href="https://mobile.twitter.com" '
                                  'rel="nofollow">Twitter Web App</a>',
                        'text': 'If money printing and currency devaluation '
                                "creates wealth, why isn't Zimbabwe the "
                                'richest country on Earth?… '
                                'https://t.co/5jt5BLa1Hv',
                        'truncated': True,
                        'user': { 'contributors_enabled': False,
                                  'created_at': 'Fri Oct 13 11:44:27 +0000 '
                                                '2017',
                                  'default_profile': True,
                                  'default_profile_image': False,
                                  'description': 'Quant stuff. For information '
                                                 'purposes only. Not financial '
                                                 'advice. '
                                                 'https://t.co/qNkPd92wUv',
                                  'entities': { 'description': { 'urls': [ { 'display_url': 'medium.com/@100trillionUS…',
                                                                             'expanded_url': 'https://medium.com/@100trillionUSD/modeling-bitcoins-value-with-scarcity-91fa0fc03e25',
                                                                             'indices': [ 66,
                                                                                          89],
                                                                             'url': 'https://t.co/qNkPd92wUv'}]},
                                                'url': { 'urls': [ { 'display_url': 'github.com/100trillionUSD…',
                                                                     'expanded_url': 'https://github.com/100trillionUSD/bitcoin',
                                                                     'indices': [ 0,
                                                                                  23],
                                                                     'url': 'https://t.co/ACNkHZkPzR'}]}},
                                  'favourites_count': 8049,
                                  'follow_request_sent': None,
                                  'followers_count': 25538,
                                  'following': None,
                                  'friends_count': 107,
                                  'geo_enabled': False,
                                  'has_extended_profile': True,
                                  'id': 918804624303382528,
                                  'id_str': '918804624303382528',
                                  'is_translation_enabled': False,
                                  'is_translator': False,
                                  'lang': None,
                                  'listed_count': 497,
                                  'location': 'Decentralized',
                                  'name': 'PlanB',
                                  'notifications': None,
                                  'profile_background_color': 'F5F8FA',
                                  'profile_background_image_url': None,
                                  'profile_background_image_url_https': None,
                                  'profile_background_tile': False,
                                  'profile_banner_url': 'https://pbs.twimg.com/profile_banners/918804624303382528/1550866560',
                                  'profile_image_url': 'http://pbs.twimg.com/profile_images/1117537706584702982/lMHLne7O_normal.jpg',
                                  'profile_image_url_https': 'https://pbs.twimg.com/profile_images/1117537706584702982/lMHLne7O_normal.jpg',
                                  'profile_link_color': '1DA1F2',
                                  'profile_sidebar_border_color': 'C0DEED',
                                  'profile_sidebar_fill_color': 'DDEEF6',
                                  'profile_text_color': '333333',
                                  'profile_use_background_image': True,
                                  'protected': False,
                                  'screen_name': '100trillionUSD',
                                  'statuses_count': 1637,
                                  'time_zone': None,
                                  'translator_type': 'none',
                                  'url': 'https://t.co/ACNkHZkPzR',
                                  'utc_offset': None,
                                  'verified': False}},
  'source': '<a href="http://twitter.com/download/iphone" '
            'rel="nofollow">Twitter for iPhone</a>',
  'text': 'RT @100trillionUSD: If money printing and currency devaluation '
          "creates wealth, why isn't Zimbabwe the richest country on Earth? "
          '#Quantitati…',
  'truncated': False,
  'user': { 'contributors_enabled': False,
            'created_at': 'Mon Feb 04 03:14:57 +0000 2019',
            'default_profile': True,
            'default_profile_image': False,
            'description': 'My only bags are handbags. Here for #bitcoin '
                           '#crypto, witty shitposts and majestic memes. Often '
                           'inappropriate, mostly sarcastic, super cereal😼No '
                           'soyboys 🙅\u200d♀️',
            'entities': {'description': {'urls': []}},
            'favourites_count': 9912,
            'follow_request_sent': None,
            'followers_count': 726,
            'following': None,
            'friends_count': 381,
            'geo_enabled': False,
            'has_extended_profile': False,
            'id': 1092260190441881600,
            'id_str': '1092260190441881600',
            'is_translation_enabled': False,
            'is_translator': False,
            'lang': None,
            'listed_count': 8,
            'location': 'Manhattan, NY',
            'name': 'Barbie Trades',
            'notifications': None,
            'profile_background_color': 'F5F8FA',
            'profile_background_image_url': None,
            'profile_background_image_url_https': None,
            'profile_background_tile': False,
            'profile_banner_url': 'https://pbs.twimg.com/profile_banners/1092260190441881600/1550273498',
            'profile_image_url': 'http://pbs.twimg.com/profile_images/1116106014514917378/YT55YO3M_normal.jpg',
            'profile_image_url_https': 'https://pbs.twimg.com/profile_images/1116106014514917378/YT55YO3M_normal.jpg',
            'profile_link_color': '1DA1F2',
            'profile_sidebar_border_color': 'C0DEED',
            'profile_sidebar_fill_color': 'DDEEF6',
            'profile_text_color': '333333',
            'profile_use_background_image': True,
            'protected': False,
            'screen_name': 'BTradez',
            'statuses_count': 3190,
            'time_zone': None,
            'translator_type': 'none',
            'url': None,
            'utc_offset': None,
            'verified': False}}
----------Summary----------
{ 'entities': {},
  'id_str': '1154133712226967552',
  'retweeted_status': { 'entities': { 'urls': { 'display_url': 'twitter.com/i/web/status/1…',
                                                'expanded_url': 'https://twitter.com/i/web/status/1153984515045502981'}},
                        'id_str': '1153984515045502981',
                        'text': 'if money printing and currency devaluation '
                                "creates wealth, why isn't zimbabwe the "
                                'richest country on earth? '
                                'https://t.co/5jt5bla1hv',
                        'user': { 'entities': {},
                                  'id_str': '918804624303382528',
                                  'twitter_user': '100trillionUSD'}},
  'text': 'rt @100trillionusd: if money printing and currency devaluation '
          "creates wealth, why isn't zimbabwe the richest country on earth? "
          '#quantitati',
  'user': { 'entities': {},
            'id_str': '1092260190441881600',
            'twitter_user': 'BTradez'}}
----------Groups----------
{ 'Bitcoin': ['bitcoin', 'Bitcoin', 'btc', 'satoshi nakamoto'],
  'Ethereum': ['ethereum', 'Ethereum', 'eth', 'vitalik buterin'],
  'Litecoin': ['litecoin', 'Litecoin', 'ltc', 'charles lee'],
  'Monero': ['monero', 'Monero', 'xmr', 'riccardo spagni'],
  'Ripple': [ 'ripple',
              'Ripple',
              'xrp',
              'xrapid',
              'xcurrent',
              'chris larsen',
              'jed mccaleb']}
---------------------------Fetch-------2019-07-31 16:01:42.747077: Tweet filed under "misc":----------Data----------
{ 'contributors': None,
  'coordinates': None,
  'created_at': 'Wed Jul 24 20:58:14 +0000 2019',
  'entities': { 'hashtags': [],
                'symbols': [],
                'urls': [],
                'user_mentions': [ { 'id': 918804624303382528,
                                     'id_str': '918804624303382528',
                                     'indices': [3, 18],
                                     'name': 'PlanB',
                                     'screen_name': '100trillionUSD'}]},
  'favorite_count': 0,
  'favorited': False,
  'geo': None,
  'id': 1154133712226967552,
  'id_str': '1154133712226967552',
  'in_reply_to_screen_name': None,
  'in_reply_to_status_id': None,
  'in_reply_to_status_id_str': None,
  'in_reply_to_user_id': None,
  'in_reply_to_user_id_str': None,
  'is_quote_status': False,
  'lang': 'en',
  'metadata': {'iso_language_code': 'en', 'result_type': 'recent'},
  'place': None,
  'retweet_count': 368,
  'retweeted': False,
  'retweeted_status': { 'contributors': None,
                        'coordinates': None,
                        'created_at': 'Wed Jul 24 11:05:23 +0000 2019',
                        'entities': { 'hashtags': [],
                                      'symbols': [],
                                      'urls': [ { 'display_url': 'twitter.com/i/web/status/1…',
                                                  'expanded_url': 'https://twitter.com/i/web/status/1153984515045502981',
                                                  'indices': [109, 132],
                                                  'url': 'https://t.co/5jt5BLa1Hv'}],
                                      'user_mentions': []},
                        'favorite_count': 1351,
                        'favorited': False,
                        'geo': None,
                        'id': 1153984515045502981,
                        'id_str': '1153984515045502981',
                        'in_reply_to_screen_name': None,
                        'in_reply_to_status_id': None,
                        'in_reply_to_status_id_str': None,
                        'in_reply_to_user_id': None,
                        'in_reply_to_user_id_str': None,
                        'is_quote_status': False,
                        'lang': 'en',
                        'metadata': { 'iso_language_code': 'en',
                                      'result_type': 'recent'},
                        'place': None,
                        'possibly_sensitive': False,
                        'retweet_count': 368,
                        'retweeted': False,
                        'source': '<a href="https://mobile.twitter.com" '
                                  'rel="nofollow">Twitter Web App</a>',
                        'text': 'If money printing and currency devaluation '
                                "creates wealth, why isn't Zimbabwe the "
                                'richest country on Earth?… '
                                'https://t.co/5jt5BLa1Hv',
                        'truncated': True,
                        'user': { 'contributors_enabled': False,
                                  'created_at': 'Fri Oct 13 11:44:27 +0000 '
                                                '2017',
                                  'default_profile': True,
                                  'default_profile_image': False,
                                  'description': 'Quant stuff. For information '
                                                 'purposes only. Not financial '
                                                 'advice. '
                                                 'https://t.co/qNkPd92wUv',
                                  'entities': { 'description': { 'urls': [ { 'display_url': 'medium.com/@100trillionUS…',
                                                                             'expanded_url': 'https://medium.com/@100trillionUSD/modeling-bitcoins-value-with-scarcity-91fa0fc03e25',
                                                                             'indices': [ 66,
                                                                                          89],
                                                                             'url': 'https://t.co/qNkPd92wUv'}]},
                                                'url': { 'urls': [ { 'display_url': 'github.com/100trillionUSD…',
                                                                     'expanded_url': 'https://github.com/100trillionUSD/bitcoin',
                                                                     'indices': [ 0,
                                                                                  23],
                                                                     'url': 'https://t.co/ACNkHZkPzR'}]}},
                                  'favourites_count': 8049,
                                  'follow_request_sent': None,
                                  'followers_count': 25538,
                                  'following': None,
                                  'friends_count': 107,
                                  'geo_enabled': False,
                                  'has_extended_profile': True,
                                  'id': 918804624303382528,
                                  'id_str': '918804624303382528',
                                  'is_translation_enabled': False,
                                  'is_translator': False,
                                  'lang': None,
                                  'listed_count': 497,
                                  'location': 'Decentralized',
                                  'name': 'PlanB',
                                  'notifications': None,
                                  'profile_background_color': 'F5F8FA',
                                  'profile_background_image_url': None,
                                  'profile_background_image_url_https': None,
                                  'profile_background_tile': False,
                                  'profile_banner_url': 'https://pbs.twimg.com/profile_banners/918804624303382528/1550866560',
                                  'profile_image_url': 'http://pbs.twimg.com/profile_images/1117537706584702982/lMHLne7O_normal.jpg',
                                  'profile_image_url_https': 'https://pbs.twimg.com/profile_images/1117537706584702982/lMHLne7O_normal.jpg',
                                  'profile_link_color': '1DA1F2',
                                  'profile_sidebar_border_color': 'C0DEED',
                                  'profile_sidebar_fill_color': 'DDEEF6',
                                  'profile_text_color': '333333',
                                  'profile_use_background_image': True,
                                  'protected': False,
                                  'screen_name': '100trillionUSD',
                                  'statuses_count': 1637,
                                  'time_zone': None,
                                  'translator_type': 'none',
                                  'url': 'https://t.co/ACNkHZkPzR',
                                  'utc_offset': None,
                                  'verified': False}},
  'source': '<a href="http://twitter.com/download/iphone" '
            'rel="nofollow">Twitter for iPhone</a>',
  'text': 'RT @100trillionUSD: If money printing and currency devaluation '
          "creates wealth, why isn't Zimbabwe the richest country on Earth? "
          '#Quantitati…',
  'truncated': False,
  'user': { 'contributors_enabled': False,
            'created_at': 'Mon Feb 04 03:14:57 +0000 2019',
            'default_profile': True,
            'default_profile_image': False,
            'description': 'My only bags are handbags. Here for #bitcoin '
                           '#crypto, witty shitposts and majestic memes. Often '
                           'inappropriate, mostly sarcastic, super cereal😼No '
                           'soyboys 🙅\u200d♀️',
            'entities': {'description': {'urls': []}},
            'favourites_count': 9912,
            'follow_request_sent': None,
            'followers_count': 726,
            'following': None,
            'friends_count': 381,
            'geo_enabled': False,
            'has_extended_profile': False,
            'id': 1092260190441881600,
            'id_str': '1092260190441881600',
            'is_translation_enabled': False,
            'is_translator': False,
            'lang': None,
            'listed_count': 8,
            'location': 'Manhattan, NY',
            'name': 'Barbie Trades',
            'notifications': None,
            'profile_background_color': 'F5F8FA',
            'profile_background_image_url': None,
            'profile_background_image_url_https': None,
            'profile_background_tile': False,
            'profile_banner_url': 'https://pbs.twimg.com/profile_banners/1092260190441881600/1550273498',
            'profile_image_url': 'http://pbs.twimg.com/profile_images/1116106014514917378/YT55YO3M_normal.jpg',
            'profile_image_url_https': 'https://pbs.twimg.com/profile_images/1116106014514917378/YT55YO3M_normal.jpg',
            'profile_link_color': '1DA1F2',
            'profile_sidebar_border_color': 'C0DEED',
            'profile_sidebar_fill_color': 'DDEEF6',
            'profile_text_color': '333333',
            'profile_use_background_image': True,
            'protected': False,
            'screen_name': 'BTradez',
            'statuses_count': 3190,
            'time_zone': None,
            'translator_type': 'none',
            'url': None,
            'utc_offset': None,
            'verified': False}}
----------Summary----------
{ 'entities': {},
  'id_str': '1154133712226967552',
  'retweeted_status': { 'entities': { 'urls': { 'display_url': 'twitter.com/i/web/status/1…',
                                                'expanded_url': 'https://twitter.com/i/web/status/1153984515045502981'}},
                        'id_str': '1153984515045502981',
                        'text': 'if money printing and currency devaluation '
                                "creates wealth, why isn't zimbabwe the "
                                'richest country on earth? '
                                'https://t.co/5jt5bla1hv',
                        'user': { 'entities': {},
                                  'id_str': '918804624303382528',
                                  'twitter_user': '100trillionUSD'}},
  'text': 'rt @100trillionusd: if money printing and currency devaluation '
          "creates wealth, why isn't zimbabwe the richest country on earth? "
          '#quantitati',
  'user': { 'entities': {},
            'id_str': '1092260190441881600',
            'twitter_user': 'BTradez'}}
----------Groups----------
{ 'Bitcoin': ['bitcoin', 'Bitcoin', 'btc', 'satoshi nakamoto'],
  'Ethereum': ['ethereum', 'Ethereum', 'eth', 'vitalik buterin'],
  'Litecoin': ['litecoin', 'Litecoin', 'ltc', 'charles lee'],
  'Monero': ['monero', 'Monero', 'xmr', 'riccardo spagni'],
  'Ripple': [ 'ripple',
              'Ripple',
              'xrp',
              'xrapid',
              'xcurrent',
              'chris larsen',
              'jed mccaleb']}
---------------------------Fetch-------2019-07-31 16:01:45.617539: Tweet filed under "misc":----------Data----------
{ 'contributors': None,
  'coordinates': None,
  'created_at': 'Wed Jul 24 20:57:52 +0000 2019',
  'entities': { 'hashtags': [ {'indices': [29, 40], 'text': 'TronWallet'},
                              {'indices': [63, 70], 'text': 'Ledger'}],
                'symbols': [],
                'urls': [],
                'user_mentions': [ { 'id': 1003282031147737088,
                                     'id_str': '1003282031147737088',
                                     'indices': [3, 16],
                                     'name': 'TronWallet',
                                     'screen_name': 'TronWalletMe'},
                                   { 'id': 990974146455666689,
                                     'id_str': '990974146455666689',
                                     'indices': [104, 118],
                                     'name': 'CryptoChain',
                                     'screen_name': '_CryptoChain_'},
                                   { 'id': 1003282031147737088,
                                     'id_str': '1003282031147737088',
                                     'indices': [119, 132],
                                     'name': 'TronWallet',
                                     'screen_name': 'TronWalletMe'}]},
  'favorite_count': 0,
  'favorited': False,
  'geo': None,
  'id': 1154133620031967233,
  'id_str': '1154133620031967233',
  'in_reply_to_screen_name': None,
  'in_reply_to_status_id': None,
  'in_reply_to_status_id_str': None,
  'in_reply_to_user_id': None,
  'in_reply_to_user_id_str': None,
  'is_quote_status': False,
  'lang': 'en',
  'metadata': {'iso_language_code': 'en', 'result_type': 'recent'},
  'place': None,
  'retweet_count': 222,
  'retweeted': False,
  'retweeted_status': { 'contributors': None,
                        'coordinates': None,
                        'created_at': 'Wed Jul 24 16:27:06 +0000 2019',
                        'entities': { 'hashtags': [ { 'indices': [11, 22],
                                                      'text': 'TronWallet'},
                                                    { 'indices': [45, 52],
                                                      'text': 'Ledger'}],
                                      'symbols': [],
                                      'urls': [ { 'display_url': 'twitter.com/i/web/status/1…',
                                                  'expanded_url': 'https://twitter.com/i/web/status/1154065477917925378',
                                                  'indices': [116, 139],
                                                  'url': 'https://t.co/8V3vOuNey7'}],
                                      'user_mentions': [ { 'id': 990974146455666689,
                                                           'id_str': '990974146455666689',
                                                           'indices': [86, 100],
                                                           'name': 'CryptoChain',
                                                           'screen_name': '_CryptoChain_'},
                                                         { 'id': 1003282031147737088,
                                                           'id_str': '1003282031147737088',
                                                           'indices': [ 101,
                                                                        114],
                                                           'name': 'TronWallet',
                                                           'screen_name': 'TronWalletMe'}]},
                        'favorite_count': 426,
                        'favorited': False,
                        'geo': None,
                        'id': 1154065477917925378,
                        'id_str': '1154065477917925378',
                        'in_reply_to_screen_name': None,
                        'in_reply_to_status_id': None,
                        'in_reply_to_status_id_str': None,
                        'in_reply_to_user_id': None,
                        'in_reply_to_user_id_str': None,
                        'is_quote_status': False,
                        'lang': 'en',
                        'metadata': { 'iso_language_code': 'en',
                                      'result_type': 'recent'},
                        'place': None,
                        'possibly_sensitive': False,
                        'retweet_count': 222,
                        'retweeted': False,
                        'source': '<a href="https://mobile.twitter.com" '
                                  'rel="nofollow">Twitter Web App</a>',
                        'text': 'Announcing #TronWallet Play For Desktop With '
                                '#Ledger Integration. The future is here! '
                                '@_CryptoChain_ @TronWalletMe… '
                                'https://t.co/8V3vOuNey7',
                        'truncated': True,
                        'user': { 'contributors_enabled': False,
                                  'created_at': 'Sun Jun 03 14:27:31 +0000 '
                                                '2018',
                                  'default_profile': False,
                                  'default_profile_image': False,
                                  'description': 'A fully decentralized p2p '
                                                 'crypto wallet for TRON. \n'
                                                 'Official Telegram: \n'
                                                 'https://t.co/LIhnwBPAjU',
                                  'entities': { 'description': { 'urls': [ { 'display_url': 't.me/TronWalletMe',
                                                                             'expanded_url': 'https://t.me/TronWalletMe',
                                                                             'indices': [ 71,
                                                                                          94],
                                                                             'url': 'https://t.co/LIhnwBPAjU'}]},
                                                'url': { 'urls': [ { 'display_url': 'tronwallet.me',
                                                                     'expanded_url': 'https://www.tronwallet.me/',
                                                                     'indices': [ 0,
                                                                                  23],
                                                                     'url': 'https://t.co/edBXeqsTTv'}]}},
                                  'favourites_count': 6200,
                                  'follow_request_sent': None,
                                  'followers_count': 14863,
                                  'following': None,
                                  'friends_count': 2589,
                                  'geo_enabled': True,
                                  'has_extended_profile': False,
                                  'id': 1003282031147737088,
                                  'id_str': '1003282031147737088',
                                  'is_translation_enabled': False,
                                  'is_translator': False,
                                  'lang': None,
                                  'listed_count': 34,
                                  'location': 'United States',
                                  'name': 'TronWallet',
                                  'notifications': None,
                                  'profile_background_color': '000000',
                                  'profile_background_image_url': 'http://abs.twimg.com/images/themes/theme1/bg.png',
                                  'profile_background_image_url_https': 'https://abs.twimg.com/images/themes/theme1/bg.png',
                                  'profile_background_tile': False,
                                  'profile_banner_url': 'https://pbs.twimg.com/profile_banners/1003282031147737088/1557959232',
                                  'profile_image_url': 'http://pbs.twimg.com/profile_images/1112894753555800065/rh96r4T0_normal.jpg',
                                  'profile_image_url_https': 'https://pbs.twimg.com/profile_images/1112894753555800065/rh96r4T0_normal.jpg',
                                  'profile_link_color': '981CEB',
                                  'profile_sidebar_border_color': '000000',
                                  'profile_sidebar_fill_color': '000000',
                                  'profile_text_color': '000000',
                                  'profile_use_background_image': False,
                                  'protected': False,
                                  'screen_name': 'TronWalletMe',
                                  'statuses_count': 2057,
                                  'time_zone': None,
                                  'translator_type': 'none',
                                  'url': 'https://t.co/edBXeqsTTv',
                                  'utc_offset': None,
                                  'verified': False}},
  'source': '<a href="http://twitter.com/download/android" '
            'rel="nofollow">Twitter for Android</a>',
  'text': 'RT @TronWalletMe: Announcing #TronWallet Play For Desktop With '
          '#Ledger Integration. The future is here! @_CryptoChain_ '
          '@TronWalletMe @Tronf…',
  'truncated': False,
  'user': { 'contributors_enabled': False,
            'created_at': 'Thu Oct 12 21:04:11 +0000 2017',
            'default_profile': True,
            'default_profile_image': False,
            'description': '',
            'entities': {'description': {'urls': []}},
            'favourites_count': 29480,
            'follow_request_sent': None,
            'followers_count': 110,
            'following': None,
            'friends_count': 367,
            'geo_enabled': False,
            'has_extended_profile': False,
            'id': 918583098199150592,
            'id_str': '918583098199150592',
            'is_translation_enabled': False,
            'is_translator': False,
            'lang': None,
            'listed_count': 0,
            'location': 'North Carolina, USA',
            'name': 'Sr.Captain Crypto',
            'notifications': None,
            'profile_background_color': 'F5F8FA',
            'profile_background_image_url': None,
            'profile_background_image_url_https': None,
            'profile_background_tile': False,
            'profile_image_url': 'http://pbs.twimg.com/profile_images/1105561805273923584/_mkTFkTQ_normal.jpg',
            'profile_image_url_https': 'https://pbs.twimg.com/profile_images/1105561805273923584/_mkTFkTQ_normal.jpg',
            'profile_link_color': '1DA1F2',
            'profile_sidebar_border_color': 'C0DEED',
            'profile_sidebar_fill_color': 'DDEEF6',
            'profile_text_color': '333333',
            'profile_use_background_image': True,
            'protected': False,
            'screen_name': 'SrCaptainCrypto',
            'statuses_count': 2339,
            'time_zone': None,
            'translator_type': 'none',
            'url': None,
            'utc_offset': None,
            'verified': False}}
----------Summary----------
{ 'entities': {},
  'id_str': '1154133620031967233',
  'retweeted_status': { 'entities': { 'urls': { 'display_url': 'twitter.com/i/web/status/1…',
                                                'expanded_url': 'https://twitter.com/i/web/status/1154065477917925378'}},
                        'id_str': '1154065477917925378',
                        'text': 'announcing #tronwallet play for desktop with '
                                '#ledger integration. the future is here! '
                                '@_cryptochain_ @tronwalletme '
                                'https://t.co/8v3vouney7',
                        'user': { 'entities': {},
                                  'id_str': '1003282031147737088',
                                  'twitter_user': 'TronWalletMe'}},
  'text': 'rt @tronwalletme: announcing #tronwallet play for desktop with '
          '#ledger integration. the future is here! @_cryptochain_ '
          '@tronwalletme @tronf',
  'user': { 'entities': {},
            'id_str': '918583098199150592',
            'twitter_user': 'SrCaptainCrypto'}}
----------Groups----------
{ 'Bitcoin': ['bitcoin', 'Bitcoin', 'btc', 'satoshi nakamoto'],
  'Ethereum': ['ethereum', 'Ethereum', 'eth', 'vitalik buterin'],
  'Litecoin': ['litecoin', 'Litecoin', 'ltc', 'charles lee'],
  'Monero': ['monero', 'Monero', 'xmr', 'riccardo spagni'],
  'Ripple': [ 'ripple',
              'Ripple',
              'xrp',
              'xrapid',
              'xcurrent',
              'chris larsen',
              'jed mccaleb']}
---------------------------Fetch-------2019-07-31 16:01:46.721457: Tweet filed under "misc":----------Data----------
{ 'contributors': None,
  'coordinates': None,
  'created_at': 'Wed Jul 24 20:29:44 +0000 2019',
  'entities': { 'hashtags': [],
                'symbols': [],
                'urls': [ { 'display_url': 'twitter.com/i/web/status/1…',
                            'expanded_url': 'https://twitter.com/i/web/status/1154126539585458178',
                            'indices': [117, 140],
                            'url': 'https://t.co/jmNtgVUA7E'}],
                'user_mentions': [ { 'id': 36903049,
                                     'id_str': '36903049',
                                     'indices': [0, 14],
                                     'name': 'Daniel Krawisz',
                                     'screen_name': 'DanielKrawisz'}]},
  'favorite_count': 1,
  'favorited': False,
  'geo': None,
  'id': 1154126539585458178,
  'id_str': '1154126539585458178',
  'in_reply_to_screen_name': 'DanielKrawisz',
  'in_reply_to_status_id': None,
  'in_reply_to_status_id_str': None,
  'in_reply_to_user_id': 36903049,
  'in_reply_to_user_id_str': '36903049',
  'is_quote_status': False,
  'lang': 'en',
  'metadata': {'iso_language_code': 'en', 'result_type': 'recent'},
  'place': None,
  'possibly_sensitive': False,
  'retweet_count': 0,
  'retweeted': False,
  'source': '<a href="https://mobile.twitter.com" rel="nofollow">Twitter Web '
            'App</a>',
  'text': '@DanielKrawisz I think not everybody realizes. At the end of this '
          'war, when there will be only one peer to peer ele… '
          'https://t.co/jmNtgVUA7E',
  'truncated': True,
  'user': { 'contributors_enabled': False,
            'created_at': 'Mon Mar 11 14:43:08 +0000 2019',
            'default_profile': True,
            'default_profile_image': False,
            'description': 'flaw in the system',
            'entities': {'description': {'urls': []}},
            'favourites_count': 6,
            'follow_request_sent': None,
            'followers_count': 0,
            'following': None,
            'friends_count': 2,
            'geo_enabled': False,
            'has_extended_profile': False,
            'id': 1105116954770227201,
            'id_str': '1105116954770227201',
            'is_translation_enabled': False,
            'is_translator': False,
            'lang': None,
            'listed_count': 2,
            'location': '',
            'name': 'DanDevil',
            'notifications': None,
            'profile_background_color': 'F5F8FA',
            'profile_background_image_url': None,
            'profile_background_image_url_https': None,
            'profile_background_tile': False,
            'profile_image_url': 'http://pbs.twimg.com/profile_images/1105117778275696641/GUAHgdGM_normal.jpg',
            'profile_image_url_https': 'https://pbs.twimg.com/profile_images/1105117778275696641/GUAHgdGM_normal.jpg',
            'profile_link_color': '1DA1F2',
            'profile_sidebar_border_color': 'C0DEED',
            'profile_sidebar_fill_color': 'DDEEF6',
            'profile_text_color': '333333',
            'profile_use_background_image': True,
            'protected': False,
            'screen_name': 'riseoftheevil',
            'statuses_count': 70,
            'time_zone': None,
            'translator_type': 'none',
            'url': None,
            'utc_offset': None,
            'verified': False}}
----------Summary----------
{ 'entities': { 'urls': { 'display_url': 'twitter.com/i/web/status/1…',
                          'expanded_url': 'https://twitter.com/i/web/status/1154126539585458178'}},
  'id_str': '1154126539585458178',
  'text': '@danielkrawisz i think not everybody realizes. at the end of this '
          'war, when there will be only one peer to peer ele '
          'https://t.co/jmntgvua7e',
  'user': { 'entities': {},
            'id_str': '1105116954770227201',
            'twitter_user': 'riseoftheevil'}}
----------Groups----------
{ 'Bitcoin': ['bitcoin', 'Bitcoin', 'btc', 'satoshi nakamoto'],
  'Ethereum': ['ethereum', 'Ethereum', 'eth', 'vitalik buterin'],
  'Litecoin': ['litecoin', 'Litecoin', 'ltc', 'charles lee'],
  'Monero': ['monero', 'Monero', 'xmr', 'riccardo spagni'],
  'Ripple': [ 'ripple',
              'Ripple',
              'xrp',
              'xrapid',
              'xcurrent',
              'chris larsen',
              'jed mccaleb']}
---------------------------Fetch-------2019-07-31 16:01:47.254025: Tweet filed under "misc":----------Data----------
{ 'contributors': None,
  'coordinates': None,
  'created_at': 'Wed Jul 24 20:14:50 +0000 2019',
  'entities': { 'hashtags': [],
                'symbols': [],
                'urls': [],
                'user_mentions': [ { 'id': 4194920189,
                                     'id_str': '4194920189',
                                     'indices': [3, 16],
                                     'name': 'Satoshi Nakamoto',
                                     'screen_name': 'realSatoshiN'},
                                   { 'id': 9253672,
                                     'id_str': '9253672',
                                     'indices': [87, 94],
                                     'name': 'halfin',
                                     'screen_name': 'halfin'},
                                   { 'id': 143053926,
                                     'id_str': '143053926',
                                     'indices': [112, 126],
                                     'name': 'Gavin Andresen',
                                     'screen_name': 'gavinandresen'}]},
  'favorite_count': 0,
  'favorited': False,
  'geo': None,
  'id': 1154122789626028032,
  'id_str': '1154122789626028032',
  'in_reply_to_screen_name': None,
  'in_reply_to_status_id': None,
  'in_reply_to_status_id_str': None,
  'in_reply_to_user_id': None,
  'in_reply_to_user_id_str': None,
  'is_quote_status': False,
  'lang': 'en',
  'metadata': {'iso_language_code': 'en', 'result_type': 'recent'},
  'place': None,
  'retweet_count': 9,
  'retweeted': False,
  'retweeted_status': { 'contributors': None,
                        'coordinates': None,
                        'created_at': 'Thu Jul 04 09:51:24 +0000 2019',
                        'entities': { 'hashtags': [],
                                      'symbols': [],
                                      'urls': [ { 'display_url': 'twitter.com/i/web/status/1…',
                                                  'expanded_url': 'https://twitter.com/i/web/status/1146718142196015105',
                                                  'indices': [117, 140],
                                                  'url': 'https://t.co/dfV1uIo7pI'}],
                                      'user_mentions': [ { 'id': 9253672,
                                                           'id_str': '9253672',
                                                           'indices': [69, 76],
                                                           'name': 'halfin',
                                                           'screen_name': 'halfin'},
                                                         { 'id': 143053926,
                                                           'id_str': '143053926',
                                                           'indices': [94, 108],
                                                           'name': 'Gavin '
                                                                   'Andresen',
                                                           'screen_name': 'gavinandresen'}]},
                        'favorite_count': 25,
                        'favorited': False,
                        'geo': None,
                        'id': 1146718142196015105,
                        'id_str': '1146718142196015105',
                        'in_reply_to_screen_name': 'realSatoshiN',
                        'in_reply_to_status_id': 1146714098454933504,
                        'in_reply_to_status_id_str': '1146714098454933504',
                        'in_reply_to_user_id': 4194920189,
                        'in_reply_to_user_id_str': '4194920189',
                        'is_quote_status': False,
                        'lang': 'en',
                        'metadata': { 'iso_language_code': 'en',
                                      'result_type': 'recent'},
                        'place': None,
                        'retweet_count': 9,
                        'retweeted': False,
                        'source': '<a href="http://twitter.com" '
                                  'rel="nofollow">Twitter Web Client</a>',
                        'text': 'Yes. My pgp key 0x18C09E865EC948A1 was trust '
                                'signed by Hal T. Finney @halfin , Gavin '
                                'Andresen @gavinandresen, Pete(… '
                                'https://t.co/dfV1uIo7pI',
                        'truncated': True,
                        'user': { 'contributors_enabled': False,
                                  'created_at': 'Sun Nov 15 15:40:34 +0000 '
                                                '2015',
                                  'default_profile': True,
                                  'default_profile_image': False,
                                  'description': 'Wisdom is inside the '
                                                 'Heart. \n'
                                                 '#sato #shi #naka #moto\n'
                                                 'Jurgen Etienne Guido DEBO \n'
                                                 'PGP key: 0x18C09E865EC948A1\n'
                                                 'DE4E FCA3 E1AB 9E41 CE96  '
                                                 'CECB 18C0 9E86 5EC9 48A1',
                                  'entities': {'description': {'urls': []}},
                                  'favourites_count': 578,
                                  'follow_request_sent': None,
                                  'followers_count': 4634,
                                  'following': None,
                                  'friends_count': 381,
                                  'geo_enabled': False,
                                  'has_extended_profile': True,
                                  'id': 4194920189,
                                  'id_str': '4194920189',
                                  'is_translation_enabled': False,
                                  'is_translator': False,
                                  'lang': None,
                                  'listed_count': 76,
                                  'location': 'Belgium',
                                  'name': 'Satoshi Nakamoto',
                                  'notifications': None,
                                  'profile_background_color': 'C0DEED',
                                  'profile_background_image_url': 'http://abs.twimg.com/images/themes/theme1/bg.png',
                                  'profile_background_image_url_https': 'https://abs.twimg.com/images/themes/theme1/bg.png',
                                  'profile_background_tile': False,
                                  'profile_banner_url': 'https://pbs.twimg.com/profile_banners/4194920189/1457295362',
                                  'profile_image_url': 'http://pbs.twimg.com/profile_images/762317430030995456/lKx-oKC4_normal.jpg',
                                  'profile_image_url_https': 'https://pbs.twimg.com/profile_images/762317430030995456/lKx-oKC4_normal.jpg',
                                  'profile_link_color': '1DA1F2',
                                  'profile_sidebar_border_color': 'C0DEED',
                                  'profile_sidebar_fill_color': 'DDEEF6',
                                  'profile_text_color': '333333',
                                  'profile_use_background_image': True,
                                  'protected': False,
                                  'screen_name': 'realSatoshiN',
                                  'statuses_count': 2272,
                                  'time_zone': None,
                                  'translator_type': 'none',
                                  'url': None,
                                  'utc_offset': None,
                                  'verified': False}},
  'source': '<a href="http://twitter.com/download/android" '
            'rel="nofollow">Twitter for Android</a>',
  'text': 'RT @realSatoshiN: Yes. My pgp key 0x18C09E865EC948A1 was trust '
          'signed by Hal T. Finney @halfin , Gavin Andresen @gavinandresen, '
          'Pete(r) Tod…',
  'truncated': False,
  'user': { 'contributors_enabled': False,
            'created_at': 'Mon May 09 16:07:25 +0000 2011',
            'default_profile': True,
            'default_profile_image': False,
            'description': 'Crypto Investor, Trader, Tech Enthusiast and '
                           'Medico. So much Love for #IOTA #Bitcoin '
                           '#Bitcoincash #Ethereum & #Litecoin. Tweets #Tangle '
                           'and #Blockchain.',
            'entities': { 'description': {'urls': []},
                          'url': { 'urls': [ { 'display_url': 'honest.cash/profile/Captain',
                                               'expanded_url': 'https://honest.cash/profile/Captain',
                                               'indices': [0, 23],
                                               'url': 'https://t.co/oD2yyt3IIq'}]}},
            'favourites_count': 2331,
            'follow_request_sent': None,
            'followers_count': 201,
            'following': None,
            'friends_count': 701,
            'geo_enabled': False,
            'has_extended_profile': False,
            'id': 295748523,
            'id_str': '295748523',
            'is_translation_enabled': False,
            'is_translator': False,
            'lang': None,
            'listed_count': 3,
            'location': 'nigeria',
            'name': 'Captain ⏳IOTA Coordicide is Coming!!',
            'notifications': None,
            'profile_background_color': 'C0DEED',
            'profile_background_image_url': 'http://abs.twimg.com/images/themes/theme1/bg.png',
            'profile_background_image_url_https': 'https://abs.twimg.com/images/themes/theme1/bg.png',
            'profile_background_tile': False,
            'profile_banner_url': 'https://pbs.twimg.com/profile_banners/295748523/1521898901',
            'profile_image_url': 'http://pbs.twimg.com/profile_images/1584950419/image444-001_normal.jpg',
            'profile_image_url_https': 'https://pbs.twimg.com/profile_images/1584950419/image444-001_normal.jpg',
            'profile_link_color': '1DA1F2',
            'profile_sidebar_border_color': 'C0DEED',
            'profile_sidebar_fill_color': 'DDEEF6',
            'profile_text_color': '333333',
            'profile_use_background_image': True,
            'protected': False,
            'screen_name': 'realCaptainsan',
            'statuses_count': 2031,
            'time_zone': None,
            'translator_type': 'none',
            'url': 'https://t.co/oD2yyt3IIq',
            'utc_offset': None,
            'verified': False}}
----------Summary----------
{ 'entities': {},
  'id_str': '1154122789626028032',
  'retweeted_status': { 'entities': { 'urls': { 'display_url': 'twitter.com/i/web/status/1…',
                                                'expanded_url': 'https://twitter.com/i/web/status/1146718142196015105'}},
                        'id_str': '1146718142196015105',
                        'text': 'yes. my pgp key 0x18c09e865ec948a1 was trust '
                                'signed by hal t. finney @halfin , gavin '
                                'andresen @gavinandresen, pete( '
                                'https://t.co/dfv1uio7pi',
                        'user': { 'entities': {},
                                  'id_str': '4194920189',
                                  'twitter_user': 'realSatoshiN'}},
  'text': 'rt @realsatoshin: yes. my pgp key 0x18c09e865ec948a1 was trust '
          'signed by hal t. finney @halfin , gavin andresen @gavinandresen, '
          'pete(r) tod',
  'user': { 'entities': {},
            'id_str': '295748523',
            'twitter_user': 'realCaptainsan'}}
----------Groups----------
{ 'Bitcoin': ['bitcoin', 'Bitcoin', 'btc', 'satoshi nakamoto'],
  'Ethereum': ['ethereum', 'Ethereum', 'eth', 'vitalik buterin'],
  'Litecoin': ['litecoin', 'Litecoin', 'ltc', 'charles lee'],
  'Monero': ['monero', 'Monero', 'xmr', 'riccardo spagni'],
  'Ripple': [ 'ripple',
              'Ripple',
              'xrp',
              'xrapid',
              'xcurrent',
              'chris larsen',
              'jed mccaleb']}
---------------------------Fetch-------2019-07-31 16:01:49.814620: Tweet filed under "misc":----------Data----------
{ 'contributors': None,
  'coordinates': None,
  'created_at': 'Wed Jul 24 20:58:02 +0000 2019',
  'entities': { 'hashtags': [],
                'symbols': [],
                'urls': [],
                'user_mentions': [ { 'id': 1034995954783379456,
                                     'id_str': '1034995954783379456',
                                     'indices': [3, 11],
                                     'name': 'AIGOPay Protocol',
                                     'screen_name': 'aigopay'}]},
  'favorite_count': 0,
  'favorited': False,
  'geo': None,
  'id': 1154133662096490496,
  'id_str': '1154133662096490496',
  'in_reply_to_screen_name': None,
  'in_reply_to_status_id': None,
  'in_reply_to_status_id_str': None,
  'in_reply_to_user_id': None,
  'in_reply_to_user_id_str': None,
  'is_quote_status': False,
  'lang': 'en',
  'metadata': {'iso_language_code': 'en', 'result_type': 'recent'},
  'place': None,
  'retweet_count': 228,
  'retweeted': False,
  'retweeted_status': { 'contributors': None,
                        'coordinates': None,
                        'created_at': 'Mon Jul 22 09:14:33 +0000 2019',
                        'entities': { 'hashtags': [],
                                      'symbols': [],
                                      'urls': [ { 'display_url': 'twitter.com/i/web/status/1…',
                                                  'expanded_url': 'https://twitter.com/i/web/status/1153231847586844673',
                                                  'indices': [117, 140],
                                                  'url': 'https://t.co/34Y3GTUio8'}],
                                      'user_mentions': []},
                        'favorite_count': 298,
                        'favorited': False,
                        'geo': None,
                        'id': 1153231847586844673,
                        'id_str': '1153231847586844673',
                        'in_reply_to_screen_name': None,
                        'in_reply_to_status_id': None,
                        'in_reply_to_status_id_str': None,
                        'in_reply_to_user_id': None,
                        'in_reply_to_user_id_str': None,
                        'is_quote_status': False,
                        'lang': 'en',
                        'metadata': { 'iso_language_code': 'en',
                                      'result_type': 'recent'},
                        'place': None,
                        'possibly_sensitive': False,
                        'retweet_count': 228,
                        'retweeted': False,
                        'source': '<a href="https://mobile.twitter.com" '
                                  'rel="nofollow">Twitter Web App</a>',
                        'text': 'Sorry as much as possible there is a little '
                                'problem for XGO Public-sale, we will return '
                                'as soon as possible and bri… '
                                'https://t.co/34Y3GTUio8',
                        'truncated': True,
                        'user': { 'contributors_enabled': False,
                                  'created_at': 'Thu Aug 30 02:47:19 +0000 '
                                                '2018',
                                  'default_profile': False,
                                  'default_profile_image': False,
                                  'description': '$XGO Adoption Blockchain '
                                                 'e-Commerce to World',
                                  'entities': { 'description': {'urls': []},
                                                'url': { 'urls': [ { 'display_url': 'aigopay.tech',
                                                                     'expanded_url': 'https://aigopay.tech',
                                                                     'indices': [ 0,
                                                                                  23],
                                                                     'url': 'https://t.co/06FHrqrF75'}]}},
                                  'favourites_count': 259,
                                  'follow_request_sent': None,
                                  'followers_count': 27271,
                                  'following': None,
                                  'friends_count': 122,
                                  'geo_enabled': False,
                                  'has_extended_profile': True,
                                  'id': 1034995954783379456,
                                  'id_str': '1034995954783379456',
                                  'is_translation_enabled': False,
                                  'is_translator': False,
                                  'lang': None,
                                  'listed_count': 15,
                                  'location': 'Indonesia',
                                  'name': 'AIGO Protocol',
                                  'notifications': None,
                                  'profile_background_color': '000000',
                                  'profile_background_image_url': 'http://abs.twimg.com/images/themes/theme1/bg.png',
                                  'profile_background_image_url_https': 'https://abs.twimg.com/images/themes/theme1/bg.png',
                                  'profile_background_tile': False,
                                  'profile_banner_url': 'https://pbs.twimg.com/profile_banners/1034995954783379456/1563168237',
                                  'profile_image_url': 'http://pbs.twimg.com/profile_images/1146614720880771072/kI0WwsdB_normal.png',
                                  'profile_image_url_https': 'https://pbs.twimg.com/profile_images/1146614720880771072/kI0WwsdB_normal.png',
                                  'profile_link_color': '91D2FA',
                                  'profile_sidebar_border_color': '000000',
                                  'profile_sidebar_fill_color': '000000',
                                  'profile_text_color': '000000',
                                  'profile_use_background_image': False,
                                  'protected': False,
                                  'screen_name': 'aigopay',
                                  'statuses_count': 91,
                                  'time_zone': None,
                                  'translator_type': 'none',
                                  'url': 'https://t.co/06FHrqrF75',
                                  'utc_offset': None,
                                  'verified': False}},
  'source': '<a href="https://mobile.twitter.com" rel="nofollow">Twitter Web '
            'App</a>',
  'text': 'RT @aigopay: Sorry as much as possible there is a little problem '
          'for XGO Public-sale, we will return as soon as possible and bring '
          'good new…',
  'truncated': False,
  'user': { 'contributors_enabled': False,
            'created_at': 'Mon Mar 20 05:58:22 +0000 2017',
            'default_profile': True,
            'default_profile_image': False,
            'description': '',
            'entities': {'description': {'urls': []}},
            'favourites_count': 579,
            'follow_request_sent': None,
            'followers_count': 755,
            'following': None,
            'friends_count': 1136,
            'geo_enabled': False,
            'has_extended_profile': False,
            'id': 843703240252260354,
            'id_str': '843703240252260354',
            'is_translation_enabled': False,
            'is_translator': False,
            'lang': None,
            'listed_count': 2,
            'location': 'LA',
            'name': 'Jack. #Xcrypt',
            'notifications': None,
            'profile_background_color': 'F5F8FA',
            'profile_background_image_url': None,
            'profile_background_image_url_https': None,
            'profile_background_tile': False,
            'profile_banner_url': 'https://pbs.twimg.com/profile_banners/843703240252260354/1563690855',
            'profile_image_url': 'http://pbs.twimg.com/profile_images/1152829110042816517/PYOT1MmZ_normal.jpg',
            'profile_image_url_https': 'https://pbs.twimg.com/profile_images/1152829110042816517/PYOT1MmZ_normal.jpg',
            'profile_link_color': '1DA1F2',
            'profile_sidebar_border_color': 'C0DEED',
            'profile_sidebar_fill_color': 'DDEEF6',
            'profile_text_color': '333333',
            'profile_use_background_image': True,
            'protected': False,
            'screen_name': 'Jack22OK',
            'statuses_count': 6824,
            'time_zone': None,
            'translator_type': 'none',
            'url': None,
            'utc_offset': None,
            'verified': False}}
----------Summary----------
{ 'entities': {},
  'id_str': '1154133662096490496',
  'retweeted_status': { 'entities': { 'urls': { 'display_url': 'twitter.com/i/web/status/1…',
                                                'expanded_url': 'https://twitter.com/i/web/status/1153231847586844673'}},
                        'id_str': '1153231847586844673',
                        'text': 'sorry as much as possible there is a little '
                                'problem for xgo public-sale, we will return '
                                'as soon as possible and bri '
                                'https://t.co/34y3gtuio8',
                        'user': { 'entities': {},
                                  'id_str': '1034995954783379456',
                                  'twitter_user': 'aigopay'}},
  'text': 'rt @aigopay: sorry as much as possible there is a little problem '
          'for xgo public-sale, we will return as soon as possible and bring '
          'good new',
  'user': { 'entities': {},
            'id_str': '843703240252260354',
            'twitter_user': 'Jack22OK'}}
----------Groups----------
{ 'Bitcoin': ['bitcoin', 'Bitcoin', 'btc', 'satoshi nakamoto'],
  'Ethereum': ['ethereum', 'Ethereum', 'eth', 'vitalik buterin'],
  'Litecoin': ['litecoin', 'Litecoin', 'ltc', 'charles lee'],
  'Monero': ['monero', 'Monero', 'xmr', 'riccardo spagni'],
  'Ripple': [ 'ripple',
              'Ripple',
              'xrp',
              'xrapid',
              'xcurrent',
              'chris larsen',
              'jed mccaleb']}
---------------------------Fetch-------2019-07-31 16:01:50.532302: Tweet filed under "misc":----------Data----------
{ 'contributors': None,
  'coordinates': None,
  'created_at': 'Wed Jul 24 20:57:32 +0000 2019',
  'entities': { 'hashtags': [{'indices': [134, 139], 'text': 'TRON'}],
                'symbols': [],
                'urls': [],
                'user_mentions': [ { 'id': 902839045356744704,
                                     'id_str': '902839045356744704',
                                     'indices': [3, 17],
                                     'name': 'Justin Sun',
                                     'screen_name': 'justinsuntron'}]},
  'favorite_count': 0,
  'favorited': False,
  'geo': None,
  'id': 1154133536976384006,
  'id_str': '1154133536976384006',
  'in_reply_to_screen_name': None,
  'in_reply_to_status_id': None,
  'in_reply_to_status_id_str': None,
  'in_reply_to_user_id': None,
  'in_reply_to_user_id_str': None,
  'is_quote_status': False,
  'lang': 'en',
  'metadata': {'iso_language_code': 'en', 'result_type': 'recent'},
  'place': None,
  'retweet_count': 905,
  'retweeted': False,
  'retweeted_status': { 'contributors': None,
                        'coordinates': None,
                        'created_at': 'Mon Jun 24 11:27:56 +0000 2019',
                        'entities': { 'hashtags': [],
                                      'symbols': [],
                                      'urls': [ { 'display_url': 'twitter.com/i/web/status/1…',
                                                  'expanded_url': 'https://twitter.com/i/web/status/1143118554637582337',
                                                  'indices': [116, 139],
                                                  'url': 'https://t.co/vvD4JVUzkF'}],
                                      'user_mentions': []},
                        'favorite_count': 486,
                        'favorited': False,
                        'geo': None,
                        'id': 1143118554637582337,
                        'id_str': '1143118554637582337',
                        'in_reply_to_screen_name': None,
                        'in_reply_to_status_id': None,
                        'in_reply_to_status_id_str': None,
                        'in_reply_to_user_id': None,
                        'in_reply_to_user_id_str': None,
                        'is_quote_status': False,
                        'lang': 'en',
                        'metadata': { 'iso_language_code': 'en',
                                      'result_type': 'recent'},
                        'place': None,
                        'possibly_sensitive': False,
                        'retweet_count': 905,
                        'retweeted': False,
                        'source': '<a href="https://mobile.twitter.com" '
                                  'rel="nofollow">Twitter Web App</a>',
                        'text': 'TRON Weekly Report\n'
                                '1. Improved demo on network log collection '
                                'function.\n'
                                '2. Odyssey-V3.6 is Officially Released.\n'
                                '3.… https://t.co/vvD4JVUzkF',
                        'truncated': True,
                        'user': { 'contributors_enabled': False,
                                  'created_at': 'Wed Aug 30 10:22:57 +0000 '
                                                '2017',
                                  'default_profile': True,
                                  'default_profile_image': False,
                                  'description': '@tronfoundation丨@BitTorrent丨@utorrent丨#1 '
                                                 'Player on @winkorg丨1st '
                                                 'Millennial Grad Hupan Uni by '
                                                 'Jack Ma @alibabagroup #TRON '
                                                 '$TRX #BitTorrent $BTT #WINk '
                                                 '$WIN',
                                  'entities': {'description': {'urls': []}},
                                  'favourites_count': 1469,
                                  'follow_request_sent': None,
                                  'followers_count': 1478095,
                                  'following': None,
                                  'friends_count': 1040,
                                  'geo_enabled': True,
                                  'has_extended_profile': True,
                                  'id': 902839045356744704,
                                  'id_str': '902839045356744704',
                                  'is_translation_enabled': False,
                                  'is_translator': False,
                                  'lang': None,
                                  'listed_count': 3140,
                                  'location': 'Singapore',
                                  'name': 'Justin Sun',
                                  'notifications': None,
                                  'profile_background_color': 'F5F8FA',
                                  'profile_background_image_url': None,
                                  'profile_background_image_url_https': None,
                                  'profile_background_tile': False,
                                  'profile_banner_url': 'https://pbs.twimg.com/profile_banners/902839045356744704/1563942248',
                                  'profile_image_url': 'http://pbs.twimg.com/profile_images/1037498944987652097/SdbtPeEs_normal.jpg',
                                  'profile_image_url_https': 'https://pbs.twimg.com/profile_images/1037498944987652097/SdbtPeEs_normal.jpg',
                                  'profile_link_color': '1DA1F2',
                                  'profile_sidebar_border_color': 'C0DEED',
                                  'profile_sidebar_fill_color': 'DDEEF6',
                                  'profile_text_color': '333333',
                                  'profile_use_background_image': True,
                                  'protected': False,
                                  'screen_name': 'justinsuntron',
                                  'statuses_count': 4745,
                                  'time_zone': None,
                                  'translator_type': 'none',
                                  'url': None,
                                  'utc_offset': None,
                                  'verified': True}},
  'source': '<a href="http://twitter.com" rel="nofollow">Twitter Web '
            'Client</a>',
  'text': 'RT @justinsuntron: TRON Weekly Report\n'
          '1. Improved demo on network log collection function.\n'
          '2. Odyssey-V3.6 is Officially Released.\n'
          '3. #TRON…',
  'truncated': False,
  'user': { 'contributors_enabled': False,
            'created_at': 'Wed Jul 24 20:18:26 +0000 2019',
            'default_profile': True,
            'default_profile_image': True,
            'description': '',
            'entities': {'description': {'urls': []}},
            'favourites_count': 12,
            'follow_request_sent': None,
            'followers_count': 1,
            'following': None,
            'friends_count': 0,
            'geo_enabled': False,
            'has_extended_profile': False,
            'id': 1154123694748442629,
            'id_str': '1154123694748442629',
            'is_translation_enabled': False,
            'is_translator': False,
            'lang': None,
            'listed_count': 0,
            'location': '',
            'name': 'alisia rivero',
            'notifications': None,
            'profile_background_color': 'F5F8FA',
            'profile_background_image_url': None,
            'profile_background_image_url_https': None,
            'profile_background_tile': False,
            'profile_image_url': 'http://abs.twimg.com/sticky/default_profile_images/default_profile_normal.png',
            'profile_image_url_https': 'https://abs.twimg.com/sticky/default_profile_images/default_profile_normal.png',
            'profile_link_color': '1DA1F2',
            'profile_sidebar_border_color': 'C0DEED',
            'profile_sidebar_fill_color': 'DDEEF6',
            'profile_text_color': '333333',
            'profile_use_background_image': True,
            'protected': False,
            'screen_name': 'alisiarivero2',
            'statuses_count': 23,
            'time_zone': None,
            'translator_type': 'none',
            'url': None,
            'utc_offset': None,
            'verified': False}}
----------Summary----------
{ 'entities': {},
  'id_str': '1154133536976384006',
  'retweeted_status': { 'entities': { 'urls': { 'display_url': 'twitter.com/i/web/status/1…',
                                                'expanded_url': 'https://twitter.com/i/web/status/1143118554637582337'}},
                        'id_str': '1143118554637582337',
                        'text': 'tron weekly report 1. improved demo on '
                                'network log collection function. 2. '
                                'odyssey-v3.6 is officially released. 3. '
                                'https://t.co/vvd4jvuzkf',
                        'user': { 'entities': {},
                                  'id_str': '902839045356744704',
                                  'twitter_user': 'justinsuntron'}},
  'text': 'rt @justinsuntron: tron weekly report 1. improved demo on network '
          'log collection function. 2. odyssey-v3.6 is officially released. 3. '
          '#tron',
  'user': { 'entities': {},
            'id_str': '1154123694748442629',
            'twitter_user': 'alisiarivero2'}}
----------Groups----------
{ 'Bitcoin': ['bitcoin', 'Bitcoin', 'btc', 'satoshi nakamoto'],
  'Ethereum': ['ethereum', 'Ethereum', 'eth', 'vitalik buterin'],
  'Litecoin': ['litecoin', 'Litecoin', 'ltc', 'charles lee'],
  'Monero': ['monero', 'Monero', 'xmr', 'riccardo spagni'],
  'Ripple': [ 'ripple',
              'Ripple',
              'xrp',
              'xrapid',
              'xcurrent',
              'chris larsen',
              'jed mccaleb']}
---------------------------Fetch-------2019-07-31 16:01:51.350959: Tweet filed under "misc":----------Data----------
{ 'contributors': None,
  'coordinates': None,
  'created_at': 'Wed Jul 24 20:56:59 +0000 2019',
  'entities': { 'hashtags': [ {'indices': [42, 57], 'text': 'NFTMarketplace'},
                              { 'indices': [110, 130],
                                'text': 'digitalcollectibles'}],
                'symbols': [],
                'urls': [],
                'user_mentions': [ { 'id': 1107345901259915264,
                                     'id_str': '1107345901259915264',
                                     'indices': [3, 17],
                                     'name': 'Skullys',
                                     'screen_name': 'cryptoskullys'}]},
  'favorite_count': 0,
  'favorited': False,
  'geo': None,
  'id': 1154133398002253825,
  'id_str': '1154133398002253825',
  'in_reply_to_screen_name': None,
  'in_reply_to_status_id': None,
  'in_reply_to_status_id_str': None,
  'in_reply_to_user_id': None,
  'in_reply_to_user_id_str': None,
  'is_quote_status': False,
  'lang': 'en',
  'metadata': {'iso_language_code': 'en', 'result_type': 'recent'},
  'place': None,
  'retweet_count': 536,
  'retweeted': False,
  'retweeted_status': { 'contributors': None,
                        'coordinates': None,
                        'created_at': 'Mon Jul 15 22:08:06 +0000 2019',
                        'entities': { 'hashtags': [ { 'indices': [23, 38],
                                                      'text': 'NFTMarketplace'},
                                                    { 'indices': [91, 111],
                                                      'text': 'digitalcollectibles'}],
                                      'symbols': [],
                                      'urls': [ { 'display_url': 'twitter.com/i/web/status/1…',
                                                  'expanded_url': 'https://twitter.com/i/web/status/1150889803329593344',
                                                  'indices': [117, 140],
                                                  'url': 'https://t.co/aFntaqZEd2'}],
                                      'user_mentions': []},
                        'favorite_count': 572,
                        'favorited': False,
                        'geo': None,
                        'id': 1150889803329593344,
                        'id_str': '1150889803329593344',
                        'in_reply_to_screen_name': None,
                        'in_reply_to_status_id': None,
                        'in_reply_to_status_id_str': None,
                        'in_reply_to_user_id': None,
                        'in_reply_to_user_id_str': None,
                        'is_quote_status': False,
                        'lang': 'en',
                        'metadata': { 'iso_language_code': 'en',
                                      'result_type': 'recent'},
                        'place': None,
                        'possibly_sensitive': False,
                        'retweet_count': 536,
                        'retweeted': False,
                        'source': '<a href="http://twitter.com" '
                                  'rel="nofollow">Twitter Web Client</a>',
                        'text': "Visit our Port o' Call #NFTMarketplace t' "
                                "check out our newly released lineup o' "
                                'Skullys 💀 #digitalcollectibles.  T… '
                                'https://t.co/aFntaqZEd2',
                        'truncated': True,
                        'user': { 'contributors_enabled': False,
                                  'created_at': 'Sun Mar 17 18:20:11 +0000 '
                                                '2019',
                                  'default_profile': False,
                                  'default_profile_image': False,
                                  'description': 'Ahoy me hearties!!   Skullys '
                                                 '💀 be a a reward-based '
                                                 'digital collectibles '
                                                 "featurin' uniquely designed "
                                                 "ghost pirate skulls on th' "
                                                 'Ethereum Blockchain.  '
                                                 'Arrrgh!!',
                                  'entities': { 'description': {'urls': []},
                                                'url': { 'urls': [ { 'display_url': 'skullys.co',
                                                                     'expanded_url': 'http://skullys.co',
                                                                     'indices': [ 0,
                                                                                  23],
                                                                     'url': 'https://t.co/cPH8UUEfNQ'}]}},
                                  'favourites_count': 274,
                                  'follow_request_sent': None,
                                  'followers_count': 3692,
                                  'following': None,
                                  'friends_count': 205,
                                  'geo_enabled': False,
                                  'has_extended_profile': False,
                                  'id': 1107345901259915264,
                                  'id_str': '1107345901259915264',
                                  'is_translation_enabled': False,
                                  'is_translator': False,
                                  'lang': None,
                                  'listed_count': 3,
                                  'location': 'The Caribbean',
                                  'name': 'Skullys',
                                  'notifications': None,
                                  'profile_background_color': '000000',
                                  'profile_background_image_url': 'http://abs.twimg.com/images/themes/theme1/bg.png',
                                  'profile_background_image_url_https': 'https://abs.twimg.com/images/themes/theme1/bg.png',
                                  'profile_background_tile': False,
                                  'profile_banner_url': 'https://pbs.twimg.com/profile_banners/1107345901259915264/1560497003',
                                  'profile_image_url': 'http://pbs.twimg.com/profile_images/1141194259191623680/CTN5wnKm_normal.png',
                                  'profile_image_url_https': 'https://pbs.twimg.com/profile_images/1141194259191623680/CTN5wnKm_normal.png',
                                  'profile_link_color': 'E81C4F',
                                  'profile_sidebar_border_color': '000000',
                                  'profile_sidebar_fill_color': '000000',
                                  'profile_text_color': '000000',
                                  'profile_use_background_image': False,
                                  'protected': False,
                                  'screen_name': 'cryptoskullys',
                                  'statuses_count': 152,
                                  'time_zone': None,
                                  'translator_type': 'none',
                                  'url': 'https://t.co/cPH8UUEfNQ',
                                  'utc_offset': None,
                                  'verified': False}},
  'source': '<a href="https://mobile.twitter.com" rel="nofollow">Twitter Web '
            'App</a>',
  'text': "RT @cryptoskullys: Visit our Port o' Call #NFTMarketplace t' check "
          "out our newly released lineup o' Skullys 💀 #digitalcollectibles.  "
          'Tell u…',
  'truncated': False,
  'user': { 'contributors_enabled': False,
            'created_at': 'Wed Jul 24 13:24:40 +0000 2019',
            'default_profile': True,
            'default_profile_image': True,
            'description': 'i am younes',
            'entities': {'description': {'urls': []}},
            'favourites_count': 26,
            'follow_request_sent': None,
            'followers_count': 1,
            'following': None,
            'friends_count': 44,
            'geo_enabled': False,
            'has_extended_profile': True,
            'id': 1154019567628378112,
            'id_str': '1154019567628378112',
            'is_translation_enabled': False,
            'is_translator': False,
            'lang': None,
            'listed_count': 0,
            'location': '',
            'name': 'younes',
            'notifications': None,
            'profile_background_color': 'F5F8FA',
            'profile_background_image_url': None,
            'profile_background_image_url_https': None,
            'profile_background_tile': False,
            'profile_image_url': 'http://abs.twimg.com/sticky/default_profile_images/default_profile_normal.png',
            'profile_image_url_https': 'https://abs.twimg.com/sticky/default_profile_images/default_profile_normal.png',
            'profile_link_color': '1DA1F2',
            'profile_sidebar_border_color': 'C0DEED',
            'profile_sidebar_fill_color': 'DDEEF6',
            'profile_text_color': '333333',
            'profile_use_background_image': True,
            'protected': False,
            'screen_name': 'younes28701579',
            'statuses_count': 39,
            'time_zone': None,
            'translator_type': 'none',
            'url': None,
            'utc_offset': None,
            'verified': False}}
----------Summary----------
{ 'entities': {},
  'id_str': '1154133398002253825',
  'retweeted_status': { 'entities': { 'urls': { 'display_url': 'twitter.com/i/web/status/1…',
                                                'expanded_url': 'https://twitter.com/i/web/status/1150889803329593344'}},
                        'id_str': '1150889803329593344',
                        'text': "visit our port o' call #nftmarketplace t' "
                                "check out our newly released lineup o' "
                                'skullys  #digitalcollectibles.  t '
                                'https://t.co/afntaqzed2',
                        'user': { 'entities': {},
                                  'id_str': '1107345901259915264',
                                  'twitter_user': 'cryptoskullys'}},
  'text': "rt @cryptoskullys: visit our port o' call #nftmarketplace t' check "
          "out our newly released lineup o' skullys  #digitalcollectibles.  "
          'tell u',
  'user': { 'entities': {},
            'id_str': '1154019567628378112',
            'twitter_user': 'younes28701579'}}
----------Groups----------
{ 'Bitcoin': ['bitcoin', 'Bitcoin', 'btc', 'satoshi nakamoto'],
  'Ethereum': ['ethereum', 'Ethereum', 'eth', 'vitalik buterin'],
  'Litecoin': ['litecoin', 'Litecoin', 'ltc', 'charles lee'],
  'Monero': ['monero', 'Monero', 'xmr', 'riccardo spagni'],
  'Ripple': [ 'ripple',
              'Ripple',
              'xrp',
              'xrapid',
              'xcurrent',
              'chris larsen',
              'jed mccaleb']}
---------------------------Fetch-------2019-07-31 16:01:52.476457: Tweet filed under "misc":----------Data----------
{ 'contributors': None,
  'coordinates': None,
  'created_at': 'Wed Jul 24 20:58:02 +0000 2019',
  'entities': { 'hashtags': [],
                'symbols': [],
                'urls': [],
                'user_mentions': [ { 'id': 1034995954783379456,
                                     'id_str': '1034995954783379456',
                                     'indices': [3, 11],
                                     'name': 'AIGOPay Protocol',
                                     'screen_name': 'aigopay'}]},
  'favorite_count': 0,
  'favorited': False,
  'geo': None,
  'id': 1154133662096490496,
  'id_str': '1154133662096490496',
  'in_reply_to_screen_name': None,
  'in_reply_to_status_id': None,
  'in_reply_to_status_id_str': None,
  'in_reply_to_user_id': None,
  'in_reply_to_user_id_str': None,
  'is_quote_status': False,
  'lang': 'en',
  'metadata': {'iso_language_code': 'en', 'result_type': 'recent'},
  'place': None,
  'retweet_count': 228,
  'retweeted': False,
  'retweeted_status': { 'contributors': None,
                        'coordinates': None,
                        'created_at': 'Mon Jul 22 09:14:33 +0000 2019',
                        'entities': { 'hashtags': [],
                                      'symbols': [],
                                      'urls': [ { 'display_url': 'twitter.com/i/web/status/1…',
                                                  'expanded_url': 'https://twitter.com/i/web/status/1153231847586844673',
                                                  'indices': [117, 140],
                                                  'url': 'https://t.co/34Y3GTUio8'}],
                                      'user_mentions': []},
                        'favorite_count': 298,
                        'favorited': False,
                        'geo': None,
                        'id': 1153231847586844673,
                        'id_str': '1153231847586844673',
                        'in_reply_to_screen_name': None,
                        'in_reply_to_status_id': None,
                        'in_reply_to_status_id_str': None,
                        'in_reply_to_user_id': None,
                        'in_reply_to_user_id_str': None,
                        'is_quote_status': False,
                        'lang': 'en',
                        'metadata': { 'iso_language_code': 'en',
                                      'result_type': 'recent'},
                        'place': None,
                        'possibly_sensitive': False,
                        'retweet_count': 228,
                        'retweeted': False,
                        'source': '<a href="https://mobile.twitter.com" '
                                  'rel="nofollow">Twitter Web App</a>',
                        'text': 'Sorry as much as possible there is a little '
                                'problem for XGO Public-sale, we will return '
                                'as soon as possible and bri… '
                                'https://t.co/34Y3GTUio8',
                        'truncated': True,
                        'user': { 'contributors_enabled': False,
                                  'created_at': 'Thu Aug 30 02:47:19 +0000 '
                                                '2018',
                                  'default_profile': False,
                                  'default_profile_image': False,
                                  'description': '$XGO Adoption Blockchain '
                                                 'e-Commerce to World',
                                  'entities': { 'description': {'urls': []},
                                                'url': { 'urls': [ { 'display_url': 'aigopay.tech',
                                                                     'expanded_url': 'https://aigopay.tech',
                                                                     'indices': [ 0,
                                                                                  23],
                                                                     'url': 'https://t.co/06FHrqrF75'}]}},
                                  'favourites_count': 259,
                                  'follow_request_sent': None,
                                  'followers_count': 27271,
                                  'following': None,
                                  'friends_count': 122,
                                  'geo_enabled': False,
                                  'has_extended_profile': True,
                                  'id': 1034995954783379456,
                                  'id_str': '1034995954783379456',
                                  'is_translation_enabled': False,
                                  'is_translator': False,
                                  'lang': None,
                                  'listed_count': 15,
                                  'location': 'Indonesia',
                                  'name': 'AIGO Protocol',
                                  'notifications': None,
                                  'profile_background_color': '000000',
                                  'profile_background_image_url': 'http://abs.twimg.com/images/themes/theme1/bg.png',
                                  'profile_background_image_url_https': 'https://abs.twimg.com/images/themes/theme1/bg.png',
                                  'profile_background_tile': False,
                                  'profile_banner_url': 'https://pbs.twimg.com/profile_banners/1034995954783379456/1563168237',
                                  'profile_image_url': 'http://pbs.twimg.com/profile_images/1146614720880771072/kI0WwsdB_normal.png',
                                  'profile_image_url_https': 'https://pbs.twimg.com/profile_images/1146614720880771072/kI0WwsdB_normal.png',
                                  'profile_link_color': '91D2FA',
                                  'profile_sidebar_border_color': '000000',
                                  'profile_sidebar_fill_color': '000000',
                                  'profile_text_color': '000000',
                                  'profile_use_background_image': False,
                                  'protected': False,
                                  'screen_name': 'aigopay',
                                  'statuses_count': 91,
                                  'time_zone': None,
                                  'translator_type': 'none',
                                  'url': 'https://t.co/06FHrqrF75',
                                  'utc_offset': None,
                                  'verified': False}},
  'source': '<a href="https://mobile.twitter.com" rel="nofollow">Twitter Web '
            'App</a>',
  'text': 'RT @aigopay: Sorry as much as possible there is a little problem '
          'for XGO Public-sale, we will return as soon as possible and bring '
          'good new…',
  'truncated': False,
  'user': { 'contributors_enabled': False,
            'created_at': 'Mon Mar 20 05:58:22 +0000 2017',
            'default_profile': True,
            'default_profile_image': False,
            'description': '',
            'entities': {'description': {'urls': []}},
            'favourites_count': 579,
            'follow_request_sent': None,
            'followers_count': 755,
            'following': None,
            'friends_count': 1136,
            'geo_enabled': False,
            'has_extended_profile': False,
            'id': 843703240252260354,
            'id_str': '843703240252260354',
            'is_translation_enabled': False,
            'is_translator': False,
            'lang': None,
            'listed_count': 2,
            'location': 'LA',
            'name': 'Jack. #Xcrypt',
            'notifications': None,
            'profile_background_color': 'F5F8FA',
            'profile_background_image_url': None,
            'profile_background_image_url_https': None,
            'profile_background_tile': False,
            'profile_banner_url': 'https://pbs.twimg.com/profile_banners/843703240252260354/1563690855',
            'profile_image_url': 'http://pbs.twimg.com/profile_images/1152829110042816517/PYOT1MmZ_normal.jpg',
            'profile_image_url_https': 'https://pbs.twimg.com/profile_images/1152829110042816517/PYOT1MmZ_normal.jpg',
            'profile_link_color': '1DA1F2',
            'profile_sidebar_border_color': 'C0DEED',
            'profile_sidebar_fill_color': 'DDEEF6',
            'profile_text_color': '333333',
            'profile_use_background_image': True,
            'protected': False,
            'screen_name': 'Jack22OK',
            'statuses_count': 6824,
            'time_zone': None,
            'translator_type': 'none',
            'url': None,
            'utc_offset': None,
            'verified': False}}
----------Summary----------
{ 'entities': {},
  'id_str': '1154133662096490496',
  'retweeted_status': { 'entities': { 'urls': { 'display_url': 'twitter.com/i/web/status/1…',
                                                'expanded_url': 'https://twitter.com/i/web/status/1153231847586844673'}},
                        'id_str': '1153231847586844673',
                        'text': 'sorry as much as possible there is a little '
                                'problem for xgo public-sale, we will return '
                                'as soon as possible and bri '
                                'https://t.co/34y3gtuio8',
                        'user': { 'entities': {},
                                  'id_str': '1034995954783379456',
                                  'twitter_user': 'aigopay'}},
  'text': 'rt @aigopay: sorry as much as possible there is a little problem '
          'for xgo public-sale, we will return as soon as possible and bring '
          'good new',
  'user': { 'entities': {},
            'id_str': '843703240252260354',
            'twitter_user': 'Jack22OK'}}
----------Groups----------
{ 'Bitcoin': ['bitcoin', 'Bitcoin', 'btc', 'satoshi nakamoto'],
  'Ethereum': ['ethereum', 'Ethereum', 'eth', 'vitalik buterin'],
  'Litecoin': ['litecoin', 'Litecoin', 'ltc', 'charles lee'],
  'Monero': ['monero', 'Monero', 'xmr', 'riccardo spagni'],
  'Ripple': [ 'ripple',
              'Ripple',
              'xrp',
              'xrapid',
              'xcurrent',
              'chris larsen',
              'jed mccaleb']}
---------------------------Fetch-------2019-07-31 16:01:53.091352: Tweet filed under "misc":----------Data----------
{ 'contributors': None,
  'coordinates': None,
  'created_at': 'Wed Jul 24 20:57:32 +0000 2019',
  'entities': { 'hashtags': [{'indices': [134, 139], 'text': 'TRON'}],
                'symbols': [],
                'urls': [],
                'user_mentions': [ { 'id': 902839045356744704,
                                     'id_str': '902839045356744704',
                                     'indices': [3, 17],
                                     'name': 'Justin Sun',
                                     'screen_name': 'justinsuntron'}]},
  'favorite_count': 0,
  'favorited': False,
  'geo': None,
  'id': 1154133536976384006,
  'id_str': '1154133536976384006',
  'in_reply_to_screen_name': None,
  'in_reply_to_status_id': None,
  'in_reply_to_status_id_str': None,
  'in_reply_to_user_id': None,
  'in_reply_to_user_id_str': None,
  'is_quote_status': False,
  'lang': 'en',
  'metadata': {'iso_language_code': 'en', 'result_type': 'recent'},
  'place': None,
  'retweet_count': 905,
  'retweeted': False,
  'retweeted_status': { 'contributors': None,
                        'coordinates': None,
                        'created_at': 'Mon Jun 24 11:27:56 +0000 2019',
                        'entities': { 'hashtags': [],
                                      'symbols': [],
                                      'urls': [ { 'display_url': 'twitter.com/i/web/status/1…',
                                                  'expanded_url': 'https://twitter.com/i/web/status/1143118554637582337',
                                                  'indices': [116, 139],
                                                  'url': 'https://t.co/vvD4JVUzkF'}],
                                      'user_mentions': []},
                        'favorite_count': 486,
                        'favorited': False,
                        'geo': None,
                        'id': 1143118554637582337,
                        'id_str': '1143118554637582337',
                        'in_reply_to_screen_name': None,
                        'in_reply_to_status_id': None,
                        'in_reply_to_status_id_str': None,
                        'in_reply_to_user_id': None,
                        'in_reply_to_user_id_str': None,
                        'is_quote_status': False,
                        'lang': 'en',
                        'metadata': { 'iso_language_code': 'en',
                                      'result_type': 'recent'},
                        'place': None,
                        'possibly_sensitive': False,
                        'retweet_count': 905,
                        'retweeted': False,
                        'source': '<a href="https://mobile.twitter.com" '
                                  'rel="nofollow">Twitter Web App</a>',
                        'text': 'TRON Weekly Report\n'
                                '1. Improved demo on network log collection '
                                'function.\n'
                                '2. Odyssey-V3.6 is Officially Released.\n'
                                '3.… https://t.co/vvD4JVUzkF',
                        'truncated': True,
                        'user': { 'contributors_enabled': False,
                                  'created_at': 'Wed Aug 30 10:22:57 +0000 '
                                                '2017',
                                  'default_profile': True,
                                  'default_profile_image': False,
                                  'description': '@tronfoundation丨@BitTorrent丨@utorrent丨#1 '
                                                 'Player on @winkorg丨1st '
                                                 'Millennial Grad Hupan Uni by '
                                                 'Jack Ma @alibabagroup #TRON '
                                                 '$TRX #BitTorrent $BTT #WINk '
                                                 '$WIN',
                                  'entities': {'description': {'urls': []}},
                                  'favourites_count': 1469,
                                  'follow_request_sent': None,
                                  'followers_count': 1478095,
                                  'following': None,
                                  'friends_count': 1040,
                                  'geo_enabled': True,
                                  'has_extended_profile': True,
                                  'id': 902839045356744704,
                                  'id_str': '902839045356744704',
                                  'is_translation_enabled': False,
                                  'is_translator': False,
                                  'lang': None,
                                  'listed_count': 3140,
                                  'location': 'Singapore',
                                  'name': 'Justin Sun',
                                  'notifications': None,
                                  'profile_background_color': 'F5F8FA',
                                  'profile_background_image_url': None,
                                  'profile_background_image_url_https': None,
                                  'profile_background_tile': False,
                                  'profile_banner_url': 'https://pbs.twimg.com/profile_banners/902839045356744704/1563942248',
                                  'profile_image_url': 'http://pbs.twimg.com/profile_images/1037498944987652097/SdbtPeEs_normal.jpg',
                                  'profile_image_url_https': 'https://pbs.twimg.com/profile_images/1037498944987652097/SdbtPeEs_normal.jpg',
                                  'profile_link_color': '1DA1F2',
                                  'profile_sidebar_border_color': 'C0DEED',
                                  'profile_sidebar_fill_color': 'DDEEF6',
                                  'profile_text_color': '333333',
                                  'profile_use_background_image': True,
                                  'protected': False,
                                  'screen_name': 'justinsuntron',
                                  'statuses_count': 4745,
                                  'time_zone': None,
                                  'translator_type': 'none',
                                  'url': None,
                                  'utc_offset': None,
                                  'verified': True}},
  'source': '<a href="http://twitter.com" rel="nofollow">Twitter Web '
            'Client</a>',
  'text': 'RT @justinsuntron: TRON Weekly Report\n'
          '1. Improved demo on network log collection function.\n'
          '2. Odyssey-V3.6 is Officially Released.\n'
          '3. #TRON…',
  'truncated': False,
  'user': { 'contributors_enabled': False,
            'created_at': 'Wed Jul 24 20:18:26 +0000 2019',
            'default_profile': True,
            'default_profile_image': True,
            'description': '',
            'entities': {'description': {'urls': []}},
            'favourites_count': 12,
            'follow_request_sent': None,
            'followers_count': 1,
            'following': None,
            'friends_count': 0,
            'geo_enabled': False,
            'has_extended_profile': False,
            'id': 1154123694748442629,
            'id_str': '1154123694748442629',
            'is_translation_enabled': False,
            'is_translator': False,
            'lang': None,
            'listed_count': 0,
            'location': '',
            'name': 'alisia rivero',
            'notifications': None,
            'profile_background_color': 'F5F8FA',
            'profile_background_image_url': None,
            'profile_background_image_url_https': None,
            'profile_background_tile': False,
            'profile_image_url': 'http://abs.twimg.com/sticky/default_profile_images/default_profile_normal.png',
            'profile_image_url_https': 'https://abs.twimg.com/sticky/default_profile_images/default_profile_normal.png',
            'profile_link_color': '1DA1F2',
            'profile_sidebar_border_color': 'C0DEED',
            'profile_sidebar_fill_color': 'DDEEF6',
            'profile_text_color': '333333',
            'profile_use_background_image': True,
            'protected': False,
            'screen_name': 'alisiarivero2',
            'statuses_count': 23,
            'time_zone': None,
            'translator_type': 'none',
            'url': None,
            'utc_offset': None,
            'verified': False}}
----------Summary----------
{ 'entities': {},
  'id_str': '1154133536976384006',
  'retweeted_status': { 'entities': { 'urls': { 'display_url': 'twitter.com/i/web/status/1…',
                                                'expanded_url': 'https://twitter.com/i/web/status/1143118554637582337'}},
                        'id_str': '1143118554637582337',
                        'text': 'tron weekly report 1. improved demo on '
                                'network log collection function. 2. '
                                'odyssey-v3.6 is officially released. 3. '
                                'https://t.co/vvd4jvuzkf',
                        'user': { 'entities': {},
                                  'id_str': '902839045356744704',
                                  'twitter_user': 'justinsuntron'}},
  'text': 'rt @justinsuntron: tron weekly report 1. improved demo on network '
          'log collection function. 2. odyssey-v3.6 is officially released. 3. '
          '#tron',
  'user': { 'entities': {},
            'id_str': '1154123694748442629',
            'twitter_user': 'alisiarivero2'}}
----------Groups----------
{ 'Bitcoin': ['bitcoin', 'Bitcoin', 'btc', 'satoshi nakamoto'],
  'Ethereum': ['ethereum', 'Ethereum', 'eth', 'vitalik buterin'],
  'Litecoin': ['litecoin', 'Litecoin', 'ltc', 'charles lee'],
  'Monero': ['monero', 'Monero', 'xmr', 'riccardo spagni'],
  'Ripple': [ 'ripple',
              'Ripple',
              'xrp',
              'xrapid',
              'xcurrent',
              'chris larsen',
              'jed mccaleb']}
---------------------------Fetch-------2019-07-31 16:01:53.910441: Tweet filed under "misc":----------Data----------
{ 'contributors': None,
  'coordinates': None,
  'created_at': 'Wed Jul 24 20:56:59 +0000 2019',
  'entities': { 'hashtags': [ {'indices': [42, 57], 'text': 'NFTMarketplace'},
                              { 'indices': [110, 130],
                                'text': 'digitalcollectibles'}],
                'symbols': [],
                'urls': [],
                'user_mentions': [ { 'id': 1107345901259915264,
                                     'id_str': '1107345901259915264',
                                     'indices': [3, 17],
                                     'name': 'Skullys',
                                     'screen_name': 'cryptoskullys'}]},
  'favorite_count': 0,
  'favorited': False,
  'geo': None,
  'id': 1154133398002253825,
  'id_str': '1154133398002253825',
  'in_reply_to_screen_name': None,
  'in_reply_to_status_id': None,
  'in_reply_to_status_id_str': None,
  'in_reply_to_user_id': None,
  'in_reply_to_user_id_str': None,
  'is_quote_status': False,
  'lang': 'en',
  'metadata': {'iso_language_code': 'en', 'result_type': 'recent'},
  'place': None,
  'retweet_count': 536,
  'retweeted': False,
  'retweeted_status': { 'contributors': None,
                        'coordinates': None,
                        'created_at': 'Mon Jul 15 22:08:06 +0000 2019',
                        'entities': { 'hashtags': [ { 'indices': [23, 38],
                                                      'text': 'NFTMarketplace'},
                                                    { 'indices': [91, 111],
                                                      'text': 'digitalcollectibles'}],
                                      'symbols': [],
                                      'urls': [ { 'display_url': 'twitter.com/i/web/status/1…',
                                                  'expanded_url': 'https://twitter.com/i/web/status/1150889803329593344',
                                                  'indices': [117, 140],
                                                  'url': 'https://t.co/aFntaqZEd2'}],
                                      'user_mentions': []},
                        'favorite_count': 572,
                        'favorited': False,
                        'geo': None,
                        'id': 1150889803329593344,
                        'id_str': '1150889803329593344',
                        'in_reply_to_screen_name': None,
                        'in_reply_to_status_id': None,
                        'in_reply_to_status_id_str': None,
                        'in_reply_to_user_id': None,
                        'in_reply_to_user_id_str': None,
                        'is_quote_status': False,
                        'lang': 'en',
                        'metadata': { 'iso_language_code': 'en',
                                      'result_type': 'recent'},
                        'place': None,
                        'possibly_sensitive': False,
                        'retweet_count': 536,
                        'retweeted': False,
                        'source': '<a href="http://twitter.com" '
                                  'rel="nofollow">Twitter Web Client</a>',
                        'text': "Visit our Port o' Call #NFTMarketplace t' "
                                "check out our newly released lineup o' "
                                'Skullys 💀 #digitalcollectibles.  T… '
                                'https://t.co/aFntaqZEd2',
                        'truncated': True,
                        'user': { 'contributors_enabled': False,
                                  'created_at': 'Sun Mar 17 18:20:11 +0000 '
                                                '2019',
                                  'default_profile': False,
                                  'default_profile_image': False,
                                  'description': 'Ahoy me hearties!!   Skullys '
                                                 '💀 be a a reward-based '
                                                 'digital collectibles '
                                                 "featurin' uniquely designed "
                                                 "ghost pirate skulls on th' "
                                                 'Ethereum Blockchain.  '
                                                 'Arrrgh!!',
                                  'entities': { 'description': {'urls': []},
                                                'url': { 'urls': [ { 'display_url': 'skullys.co',
                                                                     'expanded_url': 'http://skullys.co',
                                                                     'indices': [ 0,
                                                                                  23],
                                                                     'url': 'https://t.co/cPH8UUEfNQ'}]}},
                                  'favourites_count': 274,
                                  'follow_request_sent': None,
                                  'followers_count': 3692,
                                  'following': None,
                                  'friends_count': 205,
                                  'geo_enabled': False,
                                  'has_extended_profile': False,
                                  'id': 1107345901259915264,
                                  'id_str': '1107345901259915264',
                                  'is_translation_enabled': False,
                                  'is_translator': False,
                                  'lang': None,
                                  'listed_count': 3,
                                  'location': 'The Caribbean',
                                  'name': 'Skullys',
                                  'notifications': None,
                                  'profile_background_color': '000000',
                                  'profile_background_image_url': 'http://abs.twimg.com/images/themes/theme1/bg.png',
                                  'profile_background_image_url_https': 'https://abs.twimg.com/images/themes/theme1/bg.png',
                                  'profile_background_tile': False,
                                  'profile_banner_url': 'https://pbs.twimg.com/profile_banners/1107345901259915264/1560497003',
                                  'profile_image_url': 'http://pbs.twimg.com/profile_images/1141194259191623680/CTN5wnKm_normal.png',
                                  'profile_image_url_https': 'https://pbs.twimg.com/profile_images/1141194259191623680/CTN5wnKm_normal.png',
                                  'profile_link_color': 'E81C4F',
                                  'profile_sidebar_border_color': '000000',
                                  'profile_sidebar_fill_color': '000000',
                                  'profile_text_color': '000000',
                                  'profile_use_background_image': False,
                                  'protected': False,
                                  'screen_name': 'cryptoskullys',
                                  'statuses_count': 152,
                                  'time_zone': None,
                                  'translator_type': 'none',
                                  'url': 'https://t.co/cPH8UUEfNQ',
                                  'utc_offset': None,
                                  'verified': False}},
  'source': '<a href="https://mobile.twitter.com" rel="nofollow">Twitter Web '
            'App</a>',
  'text': "RT @cryptoskullys: Visit our Port o' Call #NFTMarketplace t' check "
          "out our newly released lineup o' Skullys 💀 #digitalcollectibles.  "
          'Tell u…',
  'truncated': False,
  'user': { 'contributors_enabled': False,
            'created_at': 'Wed Jul 24 13:24:40 +0000 2019',
            'default_profile': True,
            'default_profile_image': True,
            'description': 'i am younes',
            'entities': {'description': {'urls': []}},
            'favourites_count': 26,
            'follow_request_sent': None,
            'followers_count': 1,
            'following': None,
            'friends_count': 44,
            'geo_enabled': False,
            'has_extended_profile': True,
            'id': 1154019567628378112,
            'id_str': '1154019567628378112',
            'is_translation_enabled': False,
            'is_translator': False,
            'lang': None,
            'listed_count': 0,
            'location': '',
            'name': 'younes',
            'notifications': None,
            'profile_background_color': 'F5F8FA',
            'profile_background_image_url': None,
            'profile_background_image_url_https': None,
            'profile_background_tile': False,
            'profile_image_url': 'http://abs.twimg.com/sticky/default_profile_images/default_profile_normal.png',
            'profile_image_url_https': 'https://abs.twimg.com/sticky/default_profile_images/default_profile_normal.png',
            'profile_link_color': '1DA1F2',
            'profile_sidebar_border_color': 'C0DEED',
            'profile_sidebar_fill_color': 'DDEEF6',
            'profile_text_color': '333333',
            'profile_use_background_image': True,
            'protected': False,
            'screen_name': 'younes28701579',
            'statuses_count': 39,
            'time_zone': None,
            'translator_type': 'none',
            'url': None,
            'utc_offset': None,
            'verified': False}}
----------Summary----------
{ 'entities': {},
  'id_str': '1154133398002253825',
  'retweeted_status': { 'entities': { 'urls': { 'display_url': 'twitter.com/i/web/status/1…',
                                                'expanded_url': 'https://twitter.com/i/web/status/1150889803329593344'}},
                        'id_str': '1150889803329593344',
                        'text': "visit our port o' call #nftmarketplace t' "
                                "check out our newly released lineup o' "
                                'skullys  #digitalcollectibles.  t '
                                'https://t.co/afntaqzed2',
                        'user': { 'entities': {},
                                  'id_str': '1107345901259915264',
                                  'twitter_user': 'cryptoskullys'}},
  'text': "rt @cryptoskullys: visit our port o' call #nftmarketplace t' check "
          "out our newly released lineup o' skullys  #digitalcollectibles.  "
          'tell u',
  'user': { 'entities': {},
            'id_str': '1154019567628378112',
            'twitter_user': 'younes28701579'}}
----------Groups----------
{ 'Bitcoin': ['bitcoin', 'Bitcoin', 'btc', 'satoshi nakamoto'],
  'Ethereum': ['ethereum', 'Ethereum', 'eth', 'vitalik buterin'],
  'Litecoin': ['litecoin', 'Litecoin', 'ltc', 'charles lee'],
  'Monero': ['monero', 'Monero', 'xmr', 'riccardo spagni'],
  'Ripple': [ 'ripple',
              'Ripple',
              'xrp',
              'xrapid',
              'xcurrent',
              'chris larsen',
              'jed mccaleb']}
---------------------------Fetch-------2019-07-31 16:01:55.551381: Tweet filed under "misc":----------Data----------
{ 'contributors': None,
  'coordinates': None,
  'created_at': 'Wed Jul 24 20:57:36 +0000 2019',
  'entities': { 'hashtags': [],
                'symbols': [],
                'urls': [],
                'user_mentions': [ { 'id': 1141388132186824704,
                                     'id_str': '1141388132186824704',
                                     'indices': [3, 14],
                                     'name': 'M.O.A.B Token',
                                     'screen_name': 'MOABToken1'}]},
  'favorite_count': 0,
  'favorited': False,
  'geo': None,
  'id': 1154133551455133697,
  'id_str': '1154133551455133697',
  'in_reply_to_screen_name': None,
  'in_reply_to_status_id': None,
  'in_reply_to_status_id_str': None,
  'in_reply_to_user_id': None,
  'in_reply_to_user_id_str': None,
  'is_quote_status': False,
  'lang': 'en',
  'metadata': {'iso_language_code': 'en', 'result_type': 'recent'},
  'place': None,
  'retweet_count': 607,
  'retweeted': False,
  'retweeted_status': { 'contributors': None,
                        'coordinates': None,
                        'created_at': 'Tue Jul 23 06:37:38 +0000 2019',
                        'entities': { 'hashtags': [],
                                      'symbols': [],
                                      'urls': [ { 'display_url': 'twitter.com/i/web/status/1…',
                                                  'expanded_url': 'https://twitter.com/i/web/status/1153554749209206785',
                                                  'indices': [117, 140],
                                                  'url': 'https://t.co/n4HUNSDRQ1'}],
                                      'user_mentions': []},
                        'favorite_count': 744,
                        'favorited': False,
                        'geo': None,
                        'id': 1153554749209206785,
                        'id_str': '1153554749209206785',
                        'in_reply_to_screen_name': None,
                        'in_reply_to_status_id': None,
                        'in_reply_to_status_id_str': None,
                        'in_reply_to_user_id': None,
                        'in_reply_to_user_id_str': None,
                        'is_quote_status': False,
                        'lang': 'en',
                        'metadata': { 'iso_language_code': 'en',
                                      'result_type': 'recent'},
                        'place': None,
                        'possibly_sensitive': False,
                        'retweet_count': 607,
                        'retweeted': False,
                        'source': '<a href="http://twitter.com" '
                                  'rel="nofollow">Twitter Web Client</a>',
                        'text': '💥💥💥 We have another AIRDROP BOT out there, so '
                                'that you can earn more MOAB! Please join '
                                '@MOABAirdropNewBot in Telegr… '
                                'https://t.co/n4HUNSDRQ1',
                        'truncated': True,
                        'user': { 'contributors_enabled': False,
                                  'created_at': 'Wed Jun 19 16:51:51 +0000 '
                                                '2019',
                                  'default_profile': True,
                                  'default_profile_image': False,
                                  'description': 'M.O.A.B TOKEN',
                                  'entities': { 'description': {'urls': []},
                                                'url': { 'urls': [ { 'display_url': 'moabtoken.com',
                                                                     'expanded_url': 'https://moabtoken.com',
                                                                     'indices': [ 0,
                                                                                  23],
                                                                     'url': 'https://t.co/jweBKeF4X1'}]}},
                                  'favourites_count': 13,
                                  'follow_request_sent': None,
                                  'followers_count': 15440,
                                  'following': None,
                                  'friends_count': 14,
                                  'geo_enabled': False,
                                  'has_extended_profile': False,
                                  'id': 1141388132186824704,
                                  'id_str': '1141388132186824704',
                                  'is_translation_enabled': False,
                                  'is_translator': False,
                                  'lang': None,
                                  'listed_count': 5,
                                  'location': 'Moon!',
                                  'name': 'M.O.A.B Token',
                                  'notifications': None,
                                  'profile_background_color': 'F5F8FA',
                                  'profile_background_image_url': None,
                                  'profile_background_image_url_https': None,
                                  'profile_background_tile': False,
                                  'profile_banner_url': 'https://pbs.twimg.com/profile_banners/1141388132186824704/1561793630',
                                  'profile_image_url': 'http://pbs.twimg.com/profile_images/1142828020157288450/RE-D3jrK_normal.png',
                                  'profile_image_url_https': 'https://pbs.twimg.com/profile_images/1142828020157288450/RE-D3jrK_normal.png',
                                  'profile_link_color': '1DA1F2',
                                  'profile_sidebar_border_color': 'C0DEED',
                                  'profile_sidebar_fill_color': 'DDEEF6',
                                  'profile_text_color': '333333',
                                  'profile_use_background_image': True,
                                  'protected': False,
                                  'screen_name': 'MOABToken1',
                                  'statuses_count': 56,
                                  'time_zone': None,
                                  'translator_type': 'none',
                                  'url': 'https://t.co/jweBKeF4X1',
                                  'utc_offset': None,
                                  'verified': False}},
  'source': '<a href="https://mobile.twitter.com" rel="nofollow">Twitter Web '
            'App</a>',
  'text': 'RT @MOABToken1: 💥💥💥 We have another AIRDROP BOT out there, so that '
          'you can earn more MOAB! Please join @MOABAirdropNewBot in Telegram '
          'and y…',
  'truncated': False,
  'user': { 'contributors_enabled': False,
            'created_at': 'Wed Jul 24 20:04:28 +0000 2019',
            'default_profile': True,
            'default_profile_image': True,
            'description': '',
            'entities': {'description': {'urls': []}},
            'favourites_count': 49,
            'follow_request_sent': None,
            'followers_count': 4,
            'following': None,
            'friends_count': 34,
            'geo_enabled': False,
            'has_extended_profile': False,
            'id': 1154120182882865154,
            'id_str': '1154120182882865154',
            'is_translation_enabled': False,
            'is_translator': False,
            'lang': None,
            'listed_count': 0,
            'location': '',
            'name': 'Roz',
            'notifications': None,
            'profile_background_color': 'F5F8FA',
            'profile_background_image_url': None,
            'profile_background_image_url_https': None,
            'profile_background_tile': False,
            'profile_image_url': 'http://abs.twimg.com/sticky/default_profile_images/default_profile_normal.png',
            'profile_image_url_https': 'https://abs.twimg.com/sticky/default_profile_images/default_profile_normal.png',
            'profile_link_color': '1DA1F2',
            'profile_sidebar_border_color': 'C0DEED',
            'profile_sidebar_fill_color': 'DDEEF6',
            'profile_text_color': '333333',
            'profile_use_background_image': True,
            'protected': False,
            'screen_name': 'Roz76086994',
            'statuses_count': 28,
            'time_zone': None,
            'translator_type': 'none',
            'url': None,
            'utc_offset': None,
            'verified': False}}
----------Summary----------
{ 'entities': {},
  'id_str': '1154133551455133697',
  'retweeted_status': { 'entities': { 'urls': { 'display_url': 'twitter.com/i/web/status/1…',
                                                'expanded_url': 'https://twitter.com/i/web/status/1153554749209206785'}},
                        'id_str': '1153554749209206785',
                        'text': ' we have another airdrop bot out there, so '
                                'that you can earn more moab! please join '
                                '@moabairdropnewbot in telegr '
                                'https://t.co/n4hunsdrq1',
                        'user': { 'entities': {},
                                  'id_str': '1141388132186824704',
                                  'twitter_user': 'MOABToken1'}},
  'text': 'rt @moabtoken1:  we have another airdrop bot out there, so that you '
          'can earn more moab! please join @moabairdropnewbot in telegram and '
          'y',
  'user': { 'entities': {},
            'id_str': '1154120182882865154',
            'twitter_user': 'Roz76086994'}}
----------Groups----------
{ 'Bitcoin': ['bitcoin', 'Bitcoin', 'btc', 'satoshi nakamoto'],
  'Ethereum': ['ethereum', 'Ethereum', 'eth', 'vitalik buterin'],
  'Litecoin': ['litecoin', 'Litecoin', 'ltc', 'charles lee'],
  'Monero': ['monero', 'Monero', 'xmr', 'riccardo spagni'],
  'Ripple': [ 'ripple',
              'Ripple',
              'xrp',
              'xrapid',
              'xcurrent',
              'chris larsen',
              'jed mccaleb']}
---------------------------Fetch-------2019-07-31 16:01:55.852568: Tweet filed under "misc":----------Data----------
{ 'contributors': None,
  'coordinates': None,
  'created_at': 'Wed Jul 24 20:57:30 +0000 2019',
  'entities': { 'hashtags': [],
                'symbols': [],
                'urls': [ { 'display_url': 'twitter.com/i/web/status/1…',
                            'expanded_url': 'https://twitter.com/i/web/status/1154133528373805056',
                            'indices': [117, 140],
                            'url': 'https://t.co/i6vHp0EUyM'}],
                'user_mentions': [ { 'id': 1042456352734539776,
                                     'id_str': '1042456352734539776',
                                     'indices': [0, 14],
                                     'name': "HuntingIsland - 'ETH is "
                                             "programmable money'",
                                     'screen_name': 'IslandHunting'},
                                   { 'id': 3306210644,
                                     'id_str': '3306210644',
                                     'indices': [15, 26],
                                     'name': 'grubles',
                                     'screen_name': 'notgrubles'},
                                   { 'id': 4541672247,
                                     'id_str': '4541672247',
                                     'indices': [27, 35],
                                     'name': 'Christopher K Navarro',
                                     'screen_name': 'Chr1sKN'},
                                   { 'id': 32955689,
                                     'id_str': '32955689',
                                     'indices': [36, 47],
                                     'name': 'Adam Soltys',
                                     'screen_name': 'adamsoltys'}]},
  'favorite_count': 1,
  'favorited': False,
  'geo': None,
  'id': 1154133528373805056,
  'id_str': '1154133528373805056',
  'in_reply_to_screen_name': 'IslandHunting',
  'in_reply_to_status_id': 1154132764142292995,
  'in_reply_to_status_id_str': '1154132764142292995',
  'in_reply_to_user_id': 1042456352734539776,
  'in_reply_to_user_id_str': '1042456352734539776',
  'is_quote_status': False,
  'lang': 'en',
  'metadata': {'iso_language_code': 'en', 'result_type': 'recent'},
  'place': None,
  'retweet_count': 0,
  'retweeted': False,
  'source': '<a href="http://twitter.com/download/iphone" '
            'rel="nofollow">Twitter for iPhone</a>',
  'text': '@IslandHunting @notgrubles @Chr1sKN @adamsoltys Without the VC’s '
          'there would never had been a pump. And this is not… '
          'https://t.co/i6vHp0EUyM',
  'truncated': True,
  'user': { 'contributors_enabled': False,
            'created_at': 'Thu Sep 15 22:03:21 +0000 2016',
            'default_profile': True,
            'default_profile_image': False,
            'description': '',
            'entities': {'description': {'urls': []}},
            'favourites_count': 2179,
            'follow_request_sent': None,
            'followers_count': 528,
            'following': None,
            'friends_count': 383,
            'geo_enabled': True,
            'has_extended_profile': False,
            'id': 776541940963696640,
            'id_str': '776541940963696640',
            'is_translation_enabled': False,
            'is_translator': False,
            'lang': None,
            'listed_count': 18,
            'location': 'Bolivia',
            'name': 'Hanakookie',
            'notifications': None,
            'profile_background_color': 'F5F8FA',
            'profile_background_image_url': None,
            'profile_background_image_url_https': None,
            'profile_background_tile': False,
            'profile_image_url': 'http://pbs.twimg.com/profile_images/1035557523351371776/vnpNoEEa_normal.jpg',
            'profile_image_url_https': 'https://pbs.twimg.com/profile_images/1035557523351371776/vnpNoEEa_normal.jpg',
            'profile_link_color': '1DA1F2',
            'profile_sidebar_border_color': 'C0DEED',
            'profile_sidebar_fill_color': 'DDEEF6',
            'profile_text_color': '333333',
            'profile_use_background_image': True,
            'protected': False,
            'screen_name': 'Hanakookie1',
            'statuses_count': 21797,
            'time_zone': None,
            'translator_type': 'none',
            'url': None,
            'utc_offset': None,
            'verified': False}}
----------Summary----------
{ 'entities': { 'urls': { 'display_url': 'twitter.com/i/web/status/1…',
                          'expanded_url': 'https://twitter.com/i/web/status/1154133528373805056'}},
  'id_str': '1154133528373805056',
  'text': '@islandhunting @notgrubles @chr1skn @adamsoltys without the vcs '
          'there would never had been a pump. and this is not '
          'https://t.co/i6vhp0euym',
  'user': { 'entities': {},
            'id_str': '776541940963696640',
            'twitter_user': 'Hanakookie1'}}
----------Groups----------
{ 'Bitcoin': ['bitcoin', 'Bitcoin', 'btc', 'satoshi nakamoto'],
  'Ethereum': ['ethereum', 'Ethereum', 'eth', 'vitalik buterin'],
  'Litecoin': ['litecoin', 'Litecoin', 'ltc', 'charles lee'],
  'Monero': ['monero', 'Monero', 'xmr', 'riccardo spagni'],
  'Ripple': [ 'ripple',
              'Ripple',
              'xrp',
              'xrapid',
              'xcurrent',
              'chris larsen',
              'jed mccaleb']}
---------------------------Fetch-------2019-07-31 16:01:56.164270: Tweet filed under "misc":----------Data----------
{ 'contributors': None,
  'coordinates': None,
  'created_at': 'Wed Jul 24 20:52:12 +0000 2019',
  'entities': { 'hashtags': [ {'indices': [126, 132], 'text': '52sec'},
                              {'indices': [133, 138], 'text': 'life'}],
                'symbols': [],
                'urls': [],
                'user_mentions': [ { 'id': 1069664446388363267,
                                     'id_str': '1069664446388363267',
                                     'indices': [3, 14],
                                     'name': 'Iskra-coin',
                                     'screen_name': 'Iskra_Coin'}]},
  'favorite_count': 0,
  'favorited': False,
  'geo': None,
  'id': 1154132195562401792,
  'id_str': '1154132195562401792',
  'in_reply_to_screen_name': None,
  'in_reply_to_status_id': None,
  'in_reply_to_status_id_str': None,
  'in_reply_to_user_id': None,
  'in_reply_to_user_id_str': None,
  'is_quote_status': False,
  'lang': 'en',
  'metadata': {'iso_language_code': 'en', 'result_type': 'recent'},
  'place': None,
  'retweet_count': 189,
  'retweeted': False,
  'retweeted_status': { 'contributors': None,
                        'coordinates': None,
                        'created_at': 'Wed Jul 17 14:25:13 +0000 2019',
                        'entities': { 'hashtags': [],
                                      'symbols': [],
                                      'urls': [ { 'display_url': 'twitter.com/i/web/status/1…',
                                                  'expanded_url': 'https://twitter.com/i/web/status/1151498091075428363',
                                                  'indices': [111, 134],
                                                  'url': 'https://t.co/8rFuvoGvCf'}],
                                      'user_mentions': []},
                        'favorite_count': 213,
                        'favorited': False,
                        'geo': None,
                        'id': 1151498091075428363,
                        'id_str': '1151498091075428363',
                        'in_reply_to_screen_name': None,
                        'in_reply_to_status_id': None,
                        'in_reply_to_status_id_str': None,
                        'in_reply_to_user_id': None,
                        'in_reply_to_user_id_str': None,
                        'is_quote_status': False,
                        'lang': 'en',
                        'metadata': { 'iso_language_code': 'en',
                                      'result_type': 'recent'},
                        'place': None,
                        'possibly_sensitive': False,
                        'retweet_count': 189,
                        'retweeted': False,
                        'source': '<a '
                                  'href="http://twitter.com/download/iphone" '
                                  'rel="nofollow">Twitter for iPhone</a>',
                        'text': '🎉🎉🎉Congratulations🎉🎉🎉\n'
                                'The 3⃣ distribution of awards - completed '
                                'successfully.\n'
                                '⚡️⚡️🥇⚡️⚡️\n'
                                '496 tnx\n'
                                '180 150 ISKRA… https://t.co/8rFuvoGvCf',
                        'truncated': True,
                        'user': { 'contributors_enabled': False,
                                  'created_at': 'Mon Dec 03 18:47:32 +0000 '
                                                '2018',
                                  'default_profile': True,
                                  'default_profile_image': False,
                                  'description': 'You give a hope.\n'
                                                 'An innovative method for '
                                                 'supporting children around '
                                                 'the world. \n'
                                                 '\n'
                                                 'ISKRA does not just help '
                                                 'children. It is also a '
                                                 'profitable investment.',
                                  'entities': { 'description': {'urls': []},
                                                'url': { 'urls': [ { 'display_url': 'iskra-coin.io',
                                                                     'expanded_url': 'https://iskra-coin.io/',
                                                                     'indices': [ 0,
                                                                                  23],
                                                                     'url': 'https://t.co/1qAIKROXSX'}]}},
                                  'favourites_count': 16,
                                  'follow_request_sent': None,
                                  'followers_count': 2263,
                                  'following': None,
                                  'friends_count': 13,
                                  'geo_enabled': False,
                                  'has_extended_profile': False,
                                  'id': 1069664446388363267,
                                  'id_str': '1069664446388363267',
                                  'is_translation_enabled': False,
                                  'is_translator': False,
                                  'lang': None,
                                  'listed_count': 5,
                                  'location': '',
                                  'name': 'Iskra-coin',
                                  'notifications': None,
                                  'profile_background_color': 'F5F8FA',
                                  'profile_background_image_url': None,
                                  'profile_background_image_url_https': None,
                                  'profile_background_tile': False,
                                  'profile_banner_url': 'https://pbs.twimg.com/profile_banners/1069664446388363267/1545769176',
                                  'profile_image_url': 'http://pbs.twimg.com/profile_images/1094700802072027136/Op71cmuK_normal.jpg',
                                  'profile_image_url_https': 'https://pbs.twimg.com/profile_images/1094700802072027136/Op71cmuK_normal.jpg',
                                  'profile_link_color': '1DA1F2',
                                  'profile_sidebar_border_color': 'C0DEED',
                                  'profile_sidebar_fill_color': 'DDEEF6',
                                  'profile_text_color': '333333',
                                  'profile_use_background_image': True,
                                  'protected': False,
                                  'screen_name': 'Iskra_Coin',
                                  'statuses_count': 78,
                                  'time_zone': None,
                                  'translator_type': 'none',
                                  'url': 'https://t.co/1qAIKROXSX',
                                  'utc_offset': None,
                                  'verified': False}},
  'source': '<a href="https://mobile.twitter.com" rel="nofollow">Twitter Web '
            'App</a>',
  'text': 'RT @Iskra_Coin: 🎉🎉🎉Congratulations🎉🎉🎉\n'
          'The 3⃣ distribution of awards - completed successfully.\n'
          '⚡️⚡️🥇⚡️⚡️\n'
          '496 tnx\n'
          '180 150 ISKRA #52sec #life…',
  'truncated': False,
  'user': { 'contributors_enabled': False,
            'created_at': 'Sat Mar 06 14:23:22 +0000 2010',
            'default_profile': True,
            'default_profile_image': False,
            'description': 'Special in my own way!!! got a very small heart '
                           'for few people #TeamMMBM #Teamfollowback '
                           'IG:slymfit_darmee',
            'entities': { 'description': {'urls': []},
                          'url': { 'urls': [ { 'display_url': 'IDGAF.com/askme',
                                               'expanded_url': 'http://www.IDGAF.com/askme',
                                               'indices': [0, 23],
                                               'url': 'https://t.co/qzyz2jWOKv'}]}},
            'favourites_count': 330,
            'follow_request_sent': None,
            'followers_count': 732,
            'following': None,
            'friends_count': 749,
            'geo_enabled': True,
            'has_extended_profile': False,
            'id': 120465110,
            'id_str': '120465110',
            'is_translation_enabled': False,
            'is_translator': False,
            'lang': None,
            'listed_count': 1,
            'location': ' Lagos',
            'name': '†Ͽåm¡Łøίå†™',
            'notifications': None,
            'profile_background_color': 'C0DEED',
            'profile_background_image_url': 'http://abs.twimg.com/images/themes/theme1/bg.png',
            'profile_background_image_url_https': 'https://abs.twimg.com/images/themes/theme1/bg.png',
            'profile_background_tile': False,
            'profile_banner_url': 'https://pbs.twimg.com/profile_banners/120465110/1410252633',
            'profile_image_url': 'http://pbs.twimg.com/profile_images/1156223427457486849/hMuYeBzd_normal.jpg',
            'profile_image_url_https': 'https://pbs.twimg.com/profile_images/1156223427457486849/hMuYeBzd_normal.jpg',
            'profile_link_color': '1DA1F2',
            'profile_sidebar_border_color': 'C0DEED',
            'profile_sidebar_fill_color': 'DDEEF6',
            'profile_text_color': '333333',
            'profile_use_background_image': True,
            'protected': False,
            'screen_name': 'slymfit_darmee',
            'statuses_count': 13475,
            'time_zone': None,
            'translator_type': 'none',
            'url': 'https://t.co/qzyz2jWOKv',
            'utc_offset': None,
            'verified': False}}
----------Summary----------
{ 'entities': {},
  'id_str': '1154132195562401792',
  'retweeted_status': { 'entities': { 'urls': { 'display_url': 'twitter.com/i/web/status/1…',
                                                'expanded_url': 'https://twitter.com/i/web/status/1151498091075428363'}},
                        'id_str': '1151498091075428363',
                        'text': 'congratulations the 3 distribution of awards '
                                '- completed successfully.  496 tnx 180 150 '
                                'iskra https://t.co/8rfuvogvcf',
                        'user': { 'entities': {},
                                  'id_str': '1069664446388363267',
                                  'twitter_user': 'Iskra_Coin'}},
  'text': 'rt @iskra_coin: congratulations the 3 distribution of awards - '
          'completed successfully.  496 tnx 180 150 iskra #52sec #life',
  'user': { 'entities': {},
            'id_str': '120465110',
            'twitter_user': 'slymfit_darmee'}}
----------Groups----------
{ 'Bitcoin': ['bitcoin', 'Bitcoin', 'btc', 'satoshi nakamoto'],
  'Ethereum': ['ethereum', 'Ethereum', 'eth', 'vitalik buterin'],
  'Litecoin': ['litecoin', 'Litecoin', 'ltc', 'charles lee'],
  'Monero': ['monero', 'Monero', 'xmr', 'riccardo spagni'],
  'Ripple': [ 'ripple',
              'Ripple',
              'xrp',
              'xrapid',
              'xcurrent',
              'chris larsen',
              'jed mccaleb']}
---------------------------Fetch-------2019-07-31 16:02:05.187560: Tweet filed under "misc":----------Data----------
{ 'contributors': None,
  'coordinates': None,
  'created_at': 'Wed Jul 24 20:57:31 +0000 2019',
  'entities': {'hashtags': [], 'symbols': [], 'urls': [], 'user_mentions': []},
  'favorite_count': 83,
  'favorited': False,
  'geo': None,
  'id': 1154133530613448704,
  'id_str': '1154133530613448704',
  'in_reply_to_screen_name': None,
  'in_reply_to_status_id': None,
  'in_reply_to_status_id_str': None,
  'in_reply_to_user_id': None,
  'in_reply_to_user_id_str': None,
  'is_quote_status': False,
  'lang': 'en',
  'metadata': {'iso_language_code': 'en', 'result_type': 'recent'},
  'place': None,
  'retweet_count': 9,
  'retweeted': False,
  'source': '<a href="https://mobile.twitter.com" rel="nofollow">Twitter Web '
            'App</a>',
  'text': 'Notice Bob Way and how he focused on atomic settlement between '
          'central banks. That’s the ultimate goal for world domination',
  'truncated': False,
  'user': { 'contributors_enabled': False,
            'created_at': 'Tue Dec 19 10:09:39 +0000 2017',
            'default_profile': False,
            'default_profile_image': False,
            'description': 'Tweets are just my own opinion. Not financial '
                           'advice. Check out my blog: https://t.co/plSkU2BVSV',
            'entities': { 'description': { 'urls': [ { 'display_url': 'neospeculate.com',
                                                       'expanded_url': 'http://www.neospeculate.com',
                                                       'indices': [73, 96],
                                                       'url': 'https://t.co/plSkU2BVSV'}]}},
            'favourites_count': 20089,
            'follow_request_sent': None,
            'followers_count': 5852,
            'following': None,
            'friends_count': 361,
            'geo_enabled': False,
            'has_extended_profile': False,
            'id': 943060751668805633,
            'id_str': '943060751668805633',
            'is_translation_enabled': False,
            'is_translator': False,
            'lang': None,
            'listed_count': 22,
            'location': 'Unknown',
            'name': 'XRP NEO',
            'notifications': None,
            'profile_background_color': '000000',
            'profile_background_image_url': 'http://abs.twimg.com/images/themes/theme1/bg.png',
            'profile_background_image_url_https': 'https://abs.twimg.com/images/themes/theme1/bg.png',
            'profile_background_tile': False,
            'profile_banner_url': 'https://pbs.twimg.com/profile_banners/943060751668805633/1548314236',
            'profile_image_url': 'http://pbs.twimg.com/profile_images/1088333142551814145/IznRM0qX_normal.jpg',
            'profile_image_url_https': 'https://pbs.twimg.com/profile_images/1088333142551814145/IznRM0qX_normal.jpg',
            'profile_link_color': '19CF86',
            'profile_sidebar_border_color': '000000',
            'profile_sidebar_fill_color': '000000',
            'profile_text_color': '000000',
            'profile_use_background_image': False,
            'protected': False,
            'screen_name': 'XRP_Anderson',
            'statuses_count': 8168,
            'time_zone': None,
            'translator_type': 'none',
            'url': None,
            'utc_offset': None,
            'verified': False}}
----------Summary----------
{ 'entities': {},
  'id_str': '1154133530613448704',
  'text': 'notice bob way and how he focused on atomic settlement between '
          'central banks. thats the ultimate goal for world domination',
  'user': { 'entities': {},
            'id_str': '943060751668805633',
            'twitter_user': 'XRP_Anderson'}}
----------Groups----------
{ 'Bitcoin': ['bitcoin', 'Bitcoin', 'btc', 'satoshi nakamoto'],
  'Ethereum': ['ethereum', 'Ethereum', 'eth', 'vitalik buterin'],
  'Litecoin': ['litecoin', 'Litecoin', 'ltc', 'charles lee'],
  'Monero': ['monero', 'Monero', 'xmr', 'riccardo spagni'],
  'Ripple': [ 'ripple',
              'Ripple',
              'xrp',
              'xrapid',
              'xcurrent',
              'chris larsen',
              'jed mccaleb']}
---------------------------Fetch-------2019-07-31 16:02:12.141254: Tweet filed under "misc":----------Data----------
{ 'contributors': None,
  'coordinates': None,
  'created_at': 'Wed Jul 24 18:06:53 +0000 2019',
  'entities': { 'hashtags': [],
                'symbols': [],
                'urls': [ { 'display_url': 'twitter.com/i/web/status/1…',
                            'expanded_url': 'https://twitter.com/i/web/status/1154090590373416960',
                            'indices': [117, 140],
                            'url': 'https://t.co/EX9FZzvfhO'}],
                'user_mentions': [ { 'id': 938119622276014080,
                                     'id_str': '938119622276014080',
                                     'indices': [0, 16],
                                     'name': 'Shalini⚡',
                                     'screen_name': 'DesiCryptoHodlr'},
                                   { 'id': 34197952,
                                     'id_str': '34197952',
                                     'indices': [17, 31],
                                     'name': 'anand mahindra',
                                     'screen_name': 'anandmahindra'}]},
  'favorite_count': 0,
  'favorited': False,
  'geo': None,
  'id': 1154090590373416960,
  'id_str': '1154090590373416960',
  'in_reply_to_screen_name': 'DesiCryptoHodlr',
  'in_reply_to_status_id': 1153710740068425729,
  'in_reply_to_status_id_str': '1153710740068425729',
  'in_reply_to_user_id': 938119622276014080,
  'in_reply_to_user_id_str': '938119622276014080',
  'is_quote_status': False,
  'lang': 'en',
  'metadata': {'iso_language_code': 'en', 'result_type': 'recent'},
  'place': None,
  'retweet_count': 0,
  'retweeted': False,
  'source': '<a href="http://twitter.com/download/android" '
            'rel="nofollow">Twitter for Android</a>',
  'text': '@DesiCryptoHodlr @anandmahindra You are giving your best shot..... '
          'to try educate India and Indians ...\n'
          'You will be… https://t.co/EX9FZzvfhO',
  'truncated': True,
  'user': { 'contributors_enabled': False,
            'created_at': 'Sat Oct 27 18:12:09 +0000 2018',
            'default_profile': True,
            'default_profile_image': False,
            'description': '#XRP, #EVX, #VirtualCurrency,#DLT, '
                           '#CrossBorderPayments, #XRPcommunity, #BlockChain , '
                           'Affiliated to #IndianNationalCongress',
            'entities': {'description': {'urls': []}},
            'favourites_count': 944,
            'follow_request_sent': None,
            'followers_count': 129,
            'following': None,
            'friends_count': 575,
            'geo_enabled': False,
            'has_extended_profile': False,
            'id': 1056247190257983488,
            'id_str': '1056247190257983488',
            'is_translation_enabled': False,
            'is_translator': False,
            'lang': None,
            'listed_count': 2,
            'location': 'Bengaluru, India',
            'name': 'IndianVibes(♥#XRP)',
            'notifications': None,
            'profile_background_color': 'F5F8FA',
            'profile_background_image_url': None,
            'profile_background_image_url_https': None,
            'profile_background_tile': False,
            'profile_banner_url': 'https://pbs.twimg.com/profile_banners/1056247190257983488/1546805561',
            'profile_image_url': 'http://pbs.twimg.com/profile_images/1056253744046899202/SIsB4nmG_normal.jpg',
            'profile_image_url_https': 'https://pbs.twimg.com/profile_images/1056253744046899202/SIsB4nmG_normal.jpg',
            'profile_link_color': '1DA1F2',
            'profile_sidebar_border_color': 'C0DEED',
            'profile_sidebar_fill_color': 'DDEEF6',
            'profile_text_color': '333333',
            'profile_use_background_image': True,
            'protected': False,
            'screen_name': 'VibesIndian',
            'statuses_count': 1107,
            'time_zone': None,
            'translator_type': 'none',
            'url': None,
            'utc_offset': None,
            'verified': False}}
----------Summary----------
{ 'entities': { 'urls': { 'display_url': 'twitter.com/i/web/status/1…',
                          'expanded_url': 'https://twitter.com/i/web/status/1154090590373416960'}},
  'id_str': '1154090590373416960',
  'text': '@desicryptohodlr @anandmahindra you are giving your best shot..... '
          'to try educate india and indians ... you will be '
          'https://t.co/ex9fzzvfho',
  'user': { 'entities': {},
            'id_str': '1056247190257983488',
            'twitter_user': 'VibesIndian'}}
----------Groups----------
{ 'Bitcoin': ['bitcoin', 'Bitcoin', 'btc', 'satoshi nakamoto'],
  'Ethereum': ['ethereum', 'Ethereum', 'eth', 'vitalik buterin'],
  'Litecoin': ['litecoin', 'Litecoin', 'ltc', 'charles lee'],
  'Monero': ['monero', 'Monero', 'xmr', 'riccardo spagni'],
  'Ripple': [ 'ripple',
              'Ripple',
              'xrp',
              'xrapid',
              'xcurrent',
              'chris larsen',
              'jed mccaleb']}
---------------------------Fetch-------2019-07-31 16:02:15.314981: Tweet filed under "misc":----------Data----------
{ 'contributors': None,
  'coordinates': None,
  'created_at': 'Wed Jul 24 19:51:48 +0000 2019',
  'entities': { 'hashtags': [ {'indices': [61, 68], 'text': 'JETMan'},
                              {'indices': [78, 83], 'text': 'LIVE'}],
                'symbols': [],
                'urls': [],
                'user_mentions': [ { 'id': 2305446138,
                                     'id_str': '2305446138',
                                     'indices': [3, 11],
                                     'name': 'Larsen Motorsports',
                                     'screen_name': 'LMSjets'}]},
  'favorite_count': 0,
  'favorited': False,
  'geo': None,
  'id': 1154116994041556993,
  'id_str': '1154116994041556993',
  'in_reply_to_screen_name': None,
  'in_reply_to_status_id': None,
  'in_reply_to_status_id_str': None,
  'in_reply_to_user_id': None,
  'in_reply_to_user_id_str': None,
  'is_quote_status': False,
  'lang': 'en',
  'metadata': {'iso_language_code': 'en', 'result_type': 'recent'},
  'place': None,
  'retweet_count': 1,
  'retweeted': False,
  'retweeted_status': { 'contributors': None,
                        'coordinates': None,
                        'created_at': 'Wed Jul 24 18:58:13 +0000 2019',
                        'entities': { 'hashtags': [ { 'indices': [48, 55],
                                                      'text': 'JETMan'},
                                                    { 'indices': [65, 70],
                                                      'text': 'LIVE'}],
                                      'symbols': [],
                                      'urls': [ { 'display_url': 'twitter.com/i/web/status/1…',
                                                  'expanded_url': 'https://twitter.com/i/web/status/1154103509484232704',
                                                  'indices': [117, 140],
                                                  'url': 'https://t.co/yCnwb47P2D'}],
                                      'user_mentions': []},
                        'favorite_count': 1,
                        'favorited': False,
                        'geo': None,
                        'id': 1154103509484232704,
                        'id_str': '1154103509484232704',
                        'in_reply_to_screen_name': None,
                        'in_reply_to_status_id': None,
                        'in_reply_to_status_id_str': None,
                        'in_reply_to_user_id': None,
                        'in_reply_to_user_id_str': None,
                        'is_quote_status': False,
                        'lang': 'en',
                        'metadata': { 'iso_language_code': 'en',
                                      'result_type': 'recent'},
                        'place': None,
                        'possibly_sensitive': False,
                        'retweet_count': 1,
                        'retweeted': False,
                        'source': '<a href="https://mobile.twitter.com" '
                                  'rel="nofollow">Twitter Web App</a>',
                        'text': "What's happening tonight?? Oh that's right, "
                                'the #JETMan is going #LIVE on YouTube and you '
                                "DON'T want to miss it! 7p… "
                                'https://t.co/yCnwb47P2D',
                        'truncated': True,
                        'user': { 'contributors_enabled': False,
                                  'created_at': 'Wed Jan 22 20:49:41 +0000 '
                                                '2014',
                                  'default_profile': False,
                                  'default_profile_image': False,
                                  'description': 'The Official Twitter Account '
                                                 'of Larsen Motorsports Jet '
                                                 'Racing Teams. #JetLife Like '
                                                 'our Facebook page\n'
                                                 'https://t.co/h2g9FHuyLY',
                                  'entities': { 'description': { 'urls': [ { 'display_url': 'facebook.com/LarsenMotorspo…',
                                                                             'expanded_url': 'http://facebook.com/LarsenMotorsports',
                                                                             'indices': [ 101,
                                                                                          124],
                                                                             'url': 'https://t.co/h2g9FHuyLY'}]},
                                                'url': { 'urls': [ { 'display_url': 'lmsjets.com',
                                                                     'expanded_url': 'http://www.lmsjets.com',
                                                                     'indices': [ 0,
                                                                                  23],
                                                                     'url': 'https://t.co/ZynW3PRr0b'}]}},
                                  'favourites_count': 1311,
                                  'follow_request_sent': None,
                                  'followers_count': 673,
                                  'following': None,
                                  'friends_count': 877,
                                  'geo_enabled': True,
                                  'has_extended_profile': False,
                                  'id': 2305446138,
                                  'id_str': '2305446138',
                                  'is_translation_enabled': False,
                                  'is_translator': False,
                                  'lang': None,
                                  'listed_count': 9,
                                  'location': 'Palm Bay, FL',
                                  'name': 'Larsen Motorsports',
                                  'notifications': None,
                                  'profile_background_color': 'C0DEED',
                                  'profile_background_image_url': 'http://abs.twimg.com/images/themes/theme1/bg.png',
                                  'profile_background_image_url_https': 'https://abs.twimg.com/images/themes/theme1/bg.png',
                                  'profile_background_tile': False,
                                  'profile_banner_url': 'https://pbs.twimg.com/profile_banners/2305446138/1553279586',
                                  'profile_image_url': 'http://pbs.twimg.com/profile_images/672095007965388800/YJDzfl2M_normal.png',
                                  'profile_image_url_https': 'https://pbs.twimg.com/profile_images/672095007965388800/YJDzfl2M_normal.png',
                                  'profile_link_color': '1B95E0',
                                  'profile_sidebar_border_color': '000000',
                                  'profile_sidebar_fill_color': 'DDEEF6',
                                  'profile_text_color': '333333',
                                  'profile_use_background_image': True,
                                  'protected': False,
                                  'screen_name': 'LMSjets',
                                  'statuses_count': 1427,
                                  'time_zone': None,
                                  'translator_type': 'none',
                                  'url': 'https://t.co/ZynW3PRr0b',
                                  'utc_offset': None,
                                  'verified': False}},
  'source': '<a href="http://twitter.com/download/android" '
            'rel="nofollow">Twitter for Android</a>',
  'text': "RT @LMSjets: What's happening tonight?? Oh that's right, the "
          "#JETMan is going #LIVE on YouTube and you DON'T want to miss it! "
          '7pm EST Chris…',
  'truncated': False,
  'user': { 'contributors_enabled': False,
            'created_at': 'Wed Aug 05 11:22:00 +0000 2009',
            'default_profile': True,
            'default_profile_image': False,
            'description': 'Lover of God and His Son, my son Levi is my '
                           'rock,Telecommunicator @ NCSHP FC-911, Panthers Tar '
                           'Heels Drag Racer',
            'entities': {'description': {'urls': []}},
            'favourites_count': 23279,
            'follow_request_sent': None,
            'followers_count': 1194,
            'following': None,
            'friends_count': 3163,
            'geo_enabled': True,
            'has_extended_profile': True,
            'id': 63104567,
            'id_str': '63104567',
            'is_translation_enabled': False,
            'is_translator': False,
            'lang': None,
            'listed_count': 12,
            'location': 'Youngsville, NC',
            'name': 'Marc Kinton',
            'notifications': None,
            'profile_background_color': 'C0DEED',
            'profile_background_image_url': 'http://abs.twimg.com/images/themes/theme1/bg.png',
            'profile_background_image_url_https': 'https://abs.twimg.com/images/themes/theme1/bg.png',
            'profile_background_tile': False,
            'profile_banner_url': 'https://pbs.twimg.com/profile_banners/63104567/1495555440',
            'profile_image_url': 'http://pbs.twimg.com/profile_images/673889894956187648/6oDCQcXX_normal.jpg',
            'profile_image_url_https': 'https://pbs.twimg.com/profile_images/673889894956187648/6oDCQcXX_normal.jpg',
            'profile_link_color': '1DA1F2',
            'profile_sidebar_border_color': 'C0DEED',
            'profile_sidebar_fill_color': 'DDEEF6',
            'profile_text_color': '333333',
            'profile_use_background_image': True,
            'protected': False,
            'screen_name': 'marc_kinton',
            'statuses_count': 12590,
            'time_zone': None,
            'translator_type': 'none',
            'url': None,
            'utc_offset': None,
            'verified': False}}
----------Summary----------
{ 'entities': {},
  'id_str': '1154116994041556993',
  'retweeted_status': { 'entities': { 'urls': { 'display_url': 'twitter.com/i/web/status/1…',
                                                'expanded_url': 'https://twitter.com/i/web/status/1154103509484232704'}},
                        'id_str': '1154103509484232704',
                        'text': "what's happening tonight?? oh that's right, "
                                'the #jetman is going #live on youtube and you '
                                "don't want to miss it! 7p "
                                'https://t.co/ycnwb47p2d',
                        'user': { 'entities': {},
                                  'id_str': '2305446138',
                                  'twitter_user': 'LMSjets'}},
  'text': "rt @lmsjets: what's happening tonight?? oh that's right, the "
          "#jetman is going #live on youtube and you don't want to miss it! "
          '7pm est chris',
  'user': {'entities': {}, 'id_str': '63104567', 'twitter_user': 'marc_kinton'}}
----------Groups----------
{ 'Bitcoin': ['bitcoin', 'Bitcoin', 'btc', 'satoshi nakamoto'],
  'Ethereum': ['ethereum', 'Ethereum', 'eth', 'vitalik buterin'],
  'Litecoin': ['litecoin', 'Litecoin', 'ltc', 'charles lee'],
  'Monero': ['monero', 'Monero', 'xmr', 'riccardo spagni'],
  'Ripple': [ 'ripple',
              'Ripple',
              'xrp',
              'xrapid',
              'xcurrent',
              'chris larsen',
              'jed mccaleb']}
---------------------------Fetch-------2019-07-31 16:02:15.650110: Tweet filed under "misc":----------Data----------
{ 'contributors': None,
  'coordinates': None,
  'created_at': 'Wed Jul 24 18:58:13 +0000 2019',
  'entities': { 'hashtags': [ {'indices': [48, 55], 'text': 'JETMan'},
                              {'indices': [65, 70], 'text': 'LIVE'}],
                'symbols': [],
                'urls': [ { 'display_url': 'twitter.com/i/web/status/1…',
                            'expanded_url': 'https://twitter.com/i/web/status/1154103509484232704',
                            'indices': [117, 140],
                            'url': 'https://t.co/yCnwb47P2D'}],
                'user_mentions': []},
  'favorite_count': 1,
  'favorited': False,
  'geo': None,
  'id': 1154103509484232704,
  'id_str': '1154103509484232704',
  'in_reply_to_screen_name': None,
  'in_reply_to_status_id': None,
  'in_reply_to_status_id_str': None,
  'in_reply_to_user_id': None,
  'in_reply_to_user_id_str': None,
  'is_quote_status': False,
  'lang': 'en',
  'metadata': {'iso_language_code': 'en', 'result_type': 'recent'},
  'place': None,
  'possibly_sensitive': False,
  'retweet_count': 1,
  'retweeted': False,
  'source': '<a href="https://mobile.twitter.com" rel="nofollow">Twitter Web '
            'App</a>',
  'text': "What's happening tonight?? Oh that's right, the #JETMan is going "
          "#LIVE on YouTube and you DON'T want to miss it! 7p… "
          'https://t.co/yCnwb47P2D',
  'truncated': True,
  'user': { 'contributors_enabled': False,
            'created_at': 'Wed Jan 22 20:49:41 +0000 2014',
            'default_profile': False,
            'default_profile_image': False,
            'description': 'The Official Twitter Account of Larsen Motorsports '
                           'Jet Racing Teams. #JetLife Like our Facebook page\n'
                           'https://t.co/h2g9FHuyLY',
            'entities': { 'description': { 'urls': [ { 'display_url': 'facebook.com/LarsenMotorspo…',
                                                       'expanded_url': 'http://facebook.com/LarsenMotorsports',
                                                       'indices': [101, 124],
                                                       'url': 'https://t.co/h2g9FHuyLY'}]},
                          'url': { 'urls': [ { 'display_url': 'lmsjets.com',
                                               'expanded_url': 'http://www.lmsjets.com',
                                               'indices': [0, 23],
                                               'url': 'https://t.co/ZynW3PRr0b'}]}},
            'favourites_count': 1311,
            'follow_request_sent': None,
            'followers_count': 673,
            'following': None,
            'friends_count': 877,
            'geo_enabled': True,
            'has_extended_profile': False,
            'id': 2305446138,
            'id_str': '2305446138',
            'is_translation_enabled': False,
            'is_translator': False,
            'lang': None,
            'listed_count': 9,
            'location': 'Palm Bay, FL',
            'name': 'Larsen Motorsports',
            'notifications': None,
            'profile_background_color': 'C0DEED',
            'profile_background_image_url': 'http://abs.twimg.com/images/themes/theme1/bg.png',
            'profile_background_image_url_https': 'https://abs.twimg.com/images/themes/theme1/bg.png',
            'profile_background_tile': False,
            'profile_banner_url': 'https://pbs.twimg.com/profile_banners/2305446138/1553279586',
            'profile_image_url': 'http://pbs.twimg.com/profile_images/672095007965388800/YJDzfl2M_normal.png',
            'profile_image_url_https': 'https://pbs.twimg.com/profile_images/672095007965388800/YJDzfl2M_normal.png',
            'profile_link_color': '1B95E0',
            'profile_sidebar_border_color': '000000',
            'profile_sidebar_fill_color': 'DDEEF6',
            'profile_text_color': '333333',
            'profile_use_background_image': True,
            'protected': False,
            'screen_name': 'LMSjets',
            'statuses_count': 1427,
            'time_zone': None,
            'translator_type': 'none',
            'url': 'https://t.co/ZynW3PRr0b',
            'utc_offset': None,
            'verified': False}}
----------Summary----------
{ 'entities': { 'urls': { 'display_url': 'twitter.com/i/web/status/1…',
                          'expanded_url': 'https://twitter.com/i/web/status/1154103509484232704'}},
  'id_str': '1154103509484232704',
  'text': "what's happening tonight?? oh that's right, the #jetman is going "
          "#live on youtube and you don't want to miss it! 7p "
          'https://t.co/ycnwb47p2d',
  'user': {'entities': {}, 'id_str': '2305446138', 'twitter_user': 'LMSjets'}}
----------Groups----------
{ 'Bitcoin': ['bitcoin', 'Bitcoin', 'btc', 'satoshi nakamoto'],
  'Ethereum': ['ethereum', 'Ethereum', 'eth', 'vitalik buterin'],
  'Litecoin': ['litecoin', 'Litecoin', 'ltc', 'charles lee'],
  'Monero': ['monero', 'Monero', 'xmr', 'riccardo spagni'],
  'Ripple': [ 'ripple',
              'Ripple',
              'xrp',
              'xrapid',
              'xcurrent',
              'chris larsen',
              'jed mccaleb']}
---------------------------Fetch-------2019-07-31 16:02:15.949605: Tweet filed under "misc":----------Data----------
{ 'contributors': None,
  'coordinates': None,
  'created_at': 'Wed Jul 24 18:57:44 +0000 2019',
  'entities': { 'hashtags': [ {'indices': [56, 61], 'text': 'Utes'},
                              {'indices': [83, 97], 'text': 'Pac12MediaDay'}],
                'media': [ { 'display_url': 'pic.twitter.com/CMEzyRpCl1',
                             'expanded_url': 'https://twitter.com/ESPN700/status/1154102096636940288/video/1',
                             'id': 1154101946191503361,
                             'id_str': '1154101946191503361',
                             'indices': [99, 122],
                             'media_url': 'http://pbs.twimg.com/ext_tw_video_thumb/1154101946191503361/pu/img/LvRGrWj8M243MNqd.jpg',
                             'media_url_https': 'https://pbs.twimg.com/ext_tw_video_thumb/1154101946191503361/pu/img/LvRGrWj8M243MNqd.jpg',
                             'sizes': { 'large': { 'h': 720,
                                                   'resize': 'fit',
                                                   'w': 1280},
                                        'medium': { 'h': 675,
                                                    'resize': 'fit',
                                                    'w': 1200},
                                        'small': { 'h': 383,
                                                   'resize': 'fit',
                                                   'w': 680},
                                        'thumb': { 'h': 150,
                                                   'resize': 'crop',
                                                   'w': 150}},
                             'source_status_id': 1154102096636940288,
                             'source_status_id_str': '1154102096636940288',
                             'source_user_id': 36116210,
                             'source_user_id_str': '36116210',
                             'type': 'photo',
                             'url': 'https://t.co/CMEzyRpCl1'}],
                'symbols': [],
                'urls': [],
                'user_mentions': []},
  'extended_entities': { 'media': [ { 'additional_media_info': { 'monetizable': False},
                                      'display_url': 'pic.twitter.com/CMEzyRpCl1',
                                      'expanded_url': 'https://twitter.com/ESPN700/status/1154102096636940288/video/1',
                                      'id': 1154101946191503361,
                                      'id_str': '1154101946191503361',
                                      'indices': [99, 122],
                                      'media_url': 'http://pbs.twimg.com/ext_tw_video_thumb/1154101946191503361/pu/img/LvRGrWj8M243MNqd.jpg',
                                      'media_url_https': 'https://pbs.twimg.com/ext_tw_video_thumb/1154101946191503361/pu/img/LvRGrWj8M243MNqd.jpg',
                                      'sizes': { 'large': { 'h': 720,
                                                            'resize': 'fit',
                                                            'w': 1280},
                                                 'medium': { 'h': 675,
                                                             'resize': 'fit',
                                                             'w': 1200},
                                                 'small': { 'h': 383,
                                                            'resize': 'fit',
                                                            'w': 680},
                                                 'thumb': { 'h': 150,
                                                            'resize': 'crop',
                                                            'w': 150}},
                                      'source_status_id': 1154102096636940288,
                                      'source_status_id_str': '1154102096636940288',
                                      'source_user_id': 36116210,
                                      'source_user_id_str': '36116210',
                                      'type': 'video',
                                      'url': 'https://t.co/CMEzyRpCl1',
                                      'video_info': { 'aspect_ratio': [16, 9],
                                                      'duration_millis': 46633,
                                                      'variants': [ { 'bitrate': 832000,
                                                                      'content_type': 'video/mp4',
                                                                      'url': 'https://video.twimg.com/ext_tw_video/1154101946191503361/pu/vid/640x360/3g_z_5irESHF3F2w.mp4?tag=10'},
                                                                    { 'content_type': 'application/x-mpegURL',
                                                                      'url': 'https://video.twimg.com/ext_tw_video/1154101946191503361/pu/pl/p4GFwyhIoesWpwsx.m3u8?tag=10'},
                                                                    { 'bitrate': 256000,
                                                                      'content_type': 'video/mp4',
                                                                      'url': 'https://video.twimg.com/ext_tw_video/1154101946191503361/pu/vid/480x270/Rr61N-HAwViwff2s.mp4?tag=10'},
                                                                    { 'bitrate': 2176000,
                                                                      'content_type': 'video/mp4',
                                                                      'url': 'https://video.twimg.com/ext_tw_video/1154101946191503361/pu/vid/1280x720/eM8Z98Ihr08mFO4T.mp4?tag=10'}]}}]},
  'favorite_count': 16,
  'favorited': False,
  'geo': None,
  'id': 1154103388918824960,
  'id_str': '1154103388918824960',
  'in_reply_to_screen_name': None,
  'in_reply_to_status_id': None,
  'in_reply_to_status_id_str': None,
  'in_reply_to_user_id': None,
  'in_reply_to_user_id_str': None,
  'is_quote_status': False,
  'lang': 'en',
  'metadata': {'iso_language_code': 'en', 'result_type': 'recent'},
  'place': None,
  'possibly_sensitive': False,
  'retweet_count': 5,
  'retweeted': False,
  'source': '<a href="http://twitter.com/download/iphone" '
            'rel="nofollow">Twitter for iPhone</a>',
  'text': 'An enthused Chris Petersen has some high praise for the #Utes, Kyle '
          'Whittingham at #Pac12MediaDay \n'
          'https://t.co/CMEzyRpCl1',
  'truncated': False,
  'user': { 'contributors_enabled': False,
            'created_at': 'Wed Dec 17 22:11:30 +0000 2014',
            'default_profile': False,
            'default_profile_image': False,
            'description': '@ESPN700 | EP: The Bill Riley Show | Utah '
                           'Athletics and Jazz Insider | Covering the Utes, '
                           'Jazz, RSL and more on-air and on the sideline.',
            'entities': { 'description': {'urls': []},
                          'url': { 'urls': [ { 'display_url': 'espn700sports.com',
                                               'expanded_url': 'http://espn700sports.com',
                                               'indices': [0, 23],
                                               'url': 'https://t.co/Kzg3HbI2KP'}]}},
            'favourites_count': 31857,
            'follow_request_sent': None,
            'followers_count': 3000,
            'following': None,
            'friends_count': 513,
            'geo_enabled': True,
            'has_extended_profile': True,
            'id': 2934044965,
            'id_str': '2934044965',
            'is_translation_enabled': False,
            'is_translator': False,
            'lang': None,
            'listed_count': 56,
            'location': 'Salt Lake City, UT',
            'name': 'Porter Larsen',
            'notifications': None,
            'profile_background_color': 'DD2E44',
            'profile_background_image_url': 'http://abs.twimg.com/images/themes/theme15/bg.png',
            'profile_background_image_url_https': 'https://abs.twimg.com/images/themes/theme15/bg.png',
            'profile_background_tile': False,
            'profile_banner_url': 'https://pbs.twimg.com/profile_banners/2934044965/1564031690',
            'profile_image_url': 'http://pbs.twimg.com/profile_images/1131299147871473664/fm4nh072_normal.jpg',
            'profile_image_url_https': 'https://pbs.twimg.com/profile_images/1131299147871473664/fm4nh072_normal.jpg',
            'profile_link_color': 'DD2E44',
            'profile_sidebar_border_color': '000000',
            'profile_sidebar_fill_color': '000000',
            'profile_text_color': '000000',
            'profile_use_background_image': False,
            'protected': False,
            'screen_name': 'Larsen_ESPN',
            'statuses_count': 11465,
            'time_zone': None,
            'translator_type': 'none',
            'url': 'https://t.co/Kzg3HbI2KP',
            'utc_offset': None,
            'verified': False}}
----------Summary----------
{ 'entities': {},
  'id_str': '1154103388918824960',
  'text': 'an enthused chris petersen has some high praise for the #utes, kyle '
          'whittingham at #pac12mediaday  https://t.co/cmezyrpcl1',
  'user': { 'entities': {},
            'id_str': '2934044965',
            'twitter_user': 'Larsen_ESPN'}}
----------Groups----------
{ 'Bitcoin': ['bitcoin', 'Bitcoin', 'btc', 'satoshi nakamoto'],
  'Ethereum': ['ethereum', 'Ethereum', 'eth', 'vitalik buterin'],
  'Litecoin': ['litecoin', 'Litecoin', 'ltc', 'charles lee'],
  'Monero': ['monero', 'Monero', 'xmr', 'riccardo spagni'],
  'Ripple': [ 'ripple',
              'Ripple',
              'xrp',
              'xrapid',
              'xcurrent',
              'chris larsen',
              'jed mccaleb']}
---------------------------Fetch-------2019-07-31 16:02:18.692455: Tweet filed under "misc":----------Data----------
{ 'contributors': None,
  'coordinates': None,
  'created_at': 'Tue Jul 23 19:03:09 +0000 2019',
  'entities': { 'hashtags': [],
                'symbols': [],
                'urls': [ { 'display_url': 'twitter.com/i/web/status/1…',
                            'expanded_url': 'https://twitter.com/i/web/status/1153742361144569857',
                            'indices': [117, 140],
                            'url': 'https://t.co/2PKr33ZWoP'}],
                'user_mentions': [ { 'id': 422215943,
                                     'id_str': '422215943',
                                     'indices': [0, 10],
                                     'name': 'Philixrpe Deblixrpe',
                                     'screen_name': 'alezan111'}]},
  'favorite_count': 0,
  'favorited': False,
  'geo': None,
  'id': 1153742361144569857,
  'id_str': '1153742361144569857',
  'in_reply_to_screen_name': 'alezan111',
  'in_reply_to_status_id': 1153738317458026498,
  'in_reply_to_status_id_str': '1153738317458026498',
  'in_reply_to_user_id': 422215943,
  'in_reply_to_user_id_str': '422215943',
  'is_quote_status': False,
  'lang': 'en',
  'metadata': {'iso_language_code': 'en', 'result_type': 'recent'},
  'place': None,
  'retweet_count': 0,
  'retweeted': False,
  'source': '<a href="http://twitter.com/download/android" '
            'rel="nofollow">Twitter for Android</a>',
  'text': '@alezan111 2/2 500 million in 2018.tgeur digital asset which is '
          'simply a very sms part of a computer programm was v… '
          'https://t.co/2PKr33ZWoP',
  'truncated': True,
  'user': { 'contributors_enabled': False,
            'created_at': 'Sun Sep 29 17:16:29 +0000 2013',
            'default_profile': True,
            'default_profile_image': False,
            'description': 'OVERLEDGER bigger interledger...... 😊 🏖️ 🏖️ 🏖️ 🏖️ '
                           '🏖️ 🏖️ 🏖️ 🏖️ 🏖️ 🏖️ 🏖️ 🏖️ 🏖️',
            'entities': {'description': {'urls': []}},
            'favourites_count': 6420,
            'follow_request_sent': None,
            'followers_count': 312,
            'following': None,
            'friends_count': 86,
            'geo_enabled': False,
            'has_extended_profile': False,
            'id': 1917687253,
            'id_str': '1917687253',
            'is_translation_enabled': False,
            'is_translator': False,
            'lang': None,
            'listed_count': 1,
            'location': '',
            'name': 'QNT',
            'notifications': None,
            'profile_background_color': 'C0DEED',
            'profile_background_image_url': 'http://abs.twimg.com/images/themes/theme1/bg.png',
            'profile_background_image_url_https': 'https://abs.twimg.com/images/themes/theme1/bg.png',
            'profile_background_tile': False,
            'profile_banner_url': 'https://pbs.twimg.com/profile_banners/1917687253/1559052695',
            'profile_image_url': 'http://pbs.twimg.com/profile_images/1155131218863775750/MkFhdHZF_normal.jpg',
            'profile_image_url_https': 'https://pbs.twimg.com/profile_images/1155131218863775750/MkFhdHZF_normal.jpg',
            'profile_link_color': '1DA1F2',
            'profile_sidebar_border_color': 'C0DEED',
            'profile_sidebar_fill_color': 'DDEEF6',
            'profile_text_color': '333333',
            'profile_use_background_image': True,
            'protected': False,
            'screen_name': 'HALLOOCKER',
            'statuses_count': 8573,
            'time_zone': None,
            'translator_type': 'none',
            'url': None,
            'utc_offset': None,
            'verified': False}}
----------Summary----------
{ 'entities': { 'urls': { 'display_url': 'twitter.com/i/web/status/1…',
                          'expanded_url': 'https://twitter.com/i/web/status/1153742361144569857'}},
  'id_str': '1153742361144569857',
  'text': '@alezan111 2/2 500 million in 2018.tgeur digital asset which is '
          'simply a very sms part of a computer programm was v '
          'https://t.co/2pkr33zwop',
  'user': { 'entities': {},
            'id_str': '1917687253',
            'twitter_user': 'HALLOOCKER'}}
----------Groups----------
{ 'Bitcoin': ['bitcoin', 'Bitcoin', 'btc', 'satoshi nakamoto'],
  'Ethereum': ['ethereum', 'Ethereum', 'eth', 'vitalik buterin'],
  'Litecoin': ['litecoin', 'Litecoin', 'ltc', 'charles lee'],
  'Monero': ['monero', 'Monero', 'xmr', 'riccardo spagni'],
  'Ripple': [ 'ripple',
              'Ripple',
              'xrp',
              'xrapid',
              'xcurrent',
              'chris larsen',
              'jed mccaleb']}
---------------------------Fetch-------2019-07-31 16:02:20.746915: Tweet filed under "misc":----------Data----------
{ 'contributors': None,
  'coordinates': None,
  'created_at': 'Wed Jul 24 20:53:04 +0000 2019',
  'entities': { 'hashtags': [ {'indices': [43, 51], 'text': 'storeum'},
                              {'indices': [81, 89], 'text': 'coinlim'}],
                'symbols': [{'indices': [52, 56], 'text': 'STO'}],
                'urls': [],
                'user_mentions': [ { 'id': 1124427587009286144,
                                     'id_str': '1124427587009286144',
                                     'indices': [3, 11],
                                     'name': 'storeum',
                                     'screen_name': 'storeum'}]},
  'favorite_count': 0,
  'favorited': False,
  'geo': None,
  'id': 1154132412227444737,
  'id_str': '1154132412227444737',
  'in_reply_to_screen_name': None,
  'in_reply_to_status_id': None,
  'in_reply_to_status_id_str': None,
  'in_reply_to_user_id': None,
  'in_reply_to_user_id_str': None,
  'is_quote_status': False,
  'lang': 'en',
  'metadata': {'iso_language_code': 'en', 'result_type': 'recent'},
  'place': None,
  'retweet_count': 21,
  'retweeted': False,
  'retweeted_status': { 'contributors': None,
                        'coordinates': None,
                        'created_at': 'Sat Jul 20 02:52:16 +0000 2019',
                        'entities': { 'hashtags': [ { 'indices': [30, 38],
                                                      'text': 'storeum'},
                                                    { 'indices': [68, 76],
                                                      'text': 'coinlim'}],
                                      'symbols': [ { 'indices': [39, 43],
                                                     'text': 'STO'}],
                                      'urls': [ { 'display_url': 'twitter.com/i/web/status/1…',
                                                  'expanded_url': 'https://twitter.com/i/web/status/1152410868275208193',
                                                  'indices': [117, 140],
                                                  'url': 'https://t.co/gbmhcvqqNJ'}],
                                      'user_mentions': []},
                        'favorite_count': 28,
                        'favorited': False,
                        'geo': None,
                        'id': 1152410868275208193,
                        'id_str': '1152410868275208193',
                        'in_reply_to_screen_name': None,
                        'in_reply_to_status_id': None,
                        'in_reply_to_status_id_str': None,
                        'in_reply_to_user_id': None,
                        'in_reply_to_user_id_str': None,
                        'is_quote_status': False,
                        'lang': 'en',
                        'metadata': { 'iso_language_code': 'en',
                                      'result_type': 'recent'},
                        'place': None,
                        'possibly_sensitive': False,
                        'retweet_count': 21,
                        'retweeted': False,
                        'source': '<a href="https://mobile.twitter.com" '
                                  'rel="nofollow">Twitter Web App</a>',
                        'text': 'we are happy to announce that #storeum $STO '
                                'token will be listed on #coinlim exchange '
                                'this month , stay tuned for m… '
                                'https://t.co/gbmhcvqqNJ',
                        'truncated': True,
                        'user': { 'contributors_enabled': False,
                                  'created_at': 'Fri May 03 21:36:42 +0000 '
                                                '2019',
                                  'default_profile': True,
                                  'default_profile_image': False,
                                  'description': "the world's first "
                                                 'decentralized,\n'
                                                 'peer-to-peer marketplace',
                                  'entities': { 'description': {'urls': []},
                                                'url': { 'urls': [ { 'display_url': 'storeum.co',
                                                                     'expanded_url': 'http://storeum.co',
                                                                     'indices': [ 0,
                                                                                  23],
                                                                     'url': 'https://t.co/PEZjOgaICf'}]}},
                                  'favourites_count': 37,
                                  'follow_request_sent': None,
                                  'followers_count': 6205,
                                  'following': None,
                                  'friends_count': 76,
                                  'geo_enabled': False,
                                  'has_extended_profile': False,
                                  'id': 1124427587009286144,
                                  'id_str': '1124427587009286144',
                                  'is_translation_enabled': False,
                                  'is_translator': False,
                                  'lang': None,
                                  'listed_count': 2,
                                  'location': '',
                                  'name': 'storeum',
                                  'notifications': None,
                                  'profile_background_color': 'F5F8FA',
                                  'profile_background_image_url': None,
                                  'profile_background_image_url_https': None,
                                  'profile_background_tile': False,
                                  'profile_banner_url': 'https://pbs.twimg.com/profile_banners/1124427587009286144/1556992572',
                                  'profile_image_url': 'http://pbs.twimg.com/profile_images/1124731635386208256/nEVCIeIW_normal.png',
                                  'profile_image_url_https': 'https://pbs.twimg.com/profile_images/1124731635386208256/nEVCIeIW_normal.png',
                                  'profile_link_color': '1DA1F2',
                                  'profile_sidebar_border_color': 'C0DEED',
                                  'profile_sidebar_fill_color': 'DDEEF6',
                                  'profile_text_color': '333333',
                                  'profile_use_background_image': True,
                                  'protected': False,
                                  'screen_name': 'storeum',
                                  'statuses_count': 26,
                                  'time_zone': None,
                                  'translator_type': 'none',
                                  'url': 'https://t.co/PEZjOgaICf',
                                  'utc_offset': None,
                                  'verified': False}},
  'source': '<a href="https://mobile.twitter.com" rel="nofollow">Twitter Web '
            'App</a>',
  'text': 'RT @storeum: we are happy to announce that #storeum $STO token will '
          'be listed on #coinlim exchange this month , stay tuned for more '
          'updates…',
  'truncated': False,
  'user': { 'contributors_enabled': False,
            'created_at': 'Mon May 20 02:02:27 +0000 2019',
            'default_profile': True,
            'default_profile_image': False,
            'description': 'diam bukan tak sayang',
            'entities': {'description': {'urls': []}},
            'favourites_count': 91,
            'follow_request_sent': None,
            'followers_count': 1,
            'following': None,
            'friends_count': 33,
            'geo_enabled': False,
            'has_extended_profile': False,
            'id': 1130292669802921989,
            'id_str': '1130292669802921989',
            'is_translation_enabled': False,
            'is_translator': False,
            'lang': None,
            'listed_count': 0,
            'location': '',
            'name': 'Ewo Darwa',
            'notifications': None,
            'profile_background_color': 'F5F8FA',
            'profile_background_image_url': None,
            'profile_background_image_url_https': None,
            'profile_background_tile': False,
            'profile_image_url': 'http://pbs.twimg.com/profile_images/1130293931676119040/vUflLBEM_normal.jpg',
            'profile_image_url_https': 'https://pbs.twimg.com/profile_images/1130293931676119040/vUflLBEM_normal.jpg',
            'profile_link_color': '1DA1F2',
            'profile_sidebar_border_color': 'C0DEED',
            'profile_sidebar_fill_color': 'DDEEF6',
            'profile_text_color': '333333',
            'profile_use_background_image': True,
            'protected': False,
            'screen_name': 'EwoDarwa',
            'statuses_count': 65,
            'time_zone': None,
            'translator_type': 'none',
            'url': None,
            'utc_offset': None,
            'verified': False}}
----------Summary----------
{ 'entities': {},
  'id_str': '1154132412227444737',
  'retweeted_status': { 'entities': { 'urls': { 'display_url': 'twitter.com/i/web/status/1…',
                                                'expanded_url': 'https://twitter.com/i/web/status/1152410868275208193'}},
                        'id_str': '1152410868275208193',
                        'text': 'we are happy to announce that #storeum $sto '
                                'token will be listed on #coinlim exchange '
                                'this month , stay tuned for m '
                                'https://t.co/gbmhcvqqnj',
                        'user': { 'entities': {},
                                  'id_str': '1124427587009286144',
                                  'twitter_user': 'storeum'}},
  'text': 'rt @storeum: we are happy to announce that #storeum $sto token will '
          'be listed on #coinlim exchange this month , stay tuned for more '
          'updates',
  'user': { 'entities': {},
            'id_str': '1130292669802921989',
            'twitter_user': 'EwoDarwa'}}
----------Groups----------
{ 'Bitcoin': ['bitcoin', 'Bitcoin', 'btc', 'satoshi nakamoto'],
  'Ethereum': ['ethereum', 'Ethereum', 'eth', 'vitalik buterin'],
  'Litecoin': ['litecoin', 'Litecoin', 'ltc', 'charles lee'],
  'Monero': ['monero', 'Monero', 'xmr', 'riccardo spagni'],
  'Ripple': [ 'ripple',
              'Ripple',
              'xrp',
              'xrapid',
              'xcurrent',
              'chris larsen',
              'jed mccaleb']}
---------------------------Fetch-------2019-07-31 16:02:21.254569: Tweet filed under "misc":----------Data----------
{ 'contributors': None,
  'coordinates': None,
  'created_at': 'Wed Jul 24 20:52:56 +0000 2019',
  'entities': { 'hashtags': [ {'indices': [43, 51], 'text': 'storeum'},
                              {'indices': [63, 71], 'text': 'airdrop'},
                              {'indices': [78, 85], 'text': 'bounty'},
                              {'indices': [86, 94], 'text': 'program'}],
                'symbols': [{'indices': [52, 56], 'text': 'STO'}],
                'urls': [],
                'user_mentions': [ { 'id': 1124427587009286144,
                                     'id_str': '1124427587009286144',
                                     'indices': [3, 11],
                                     'name': 'storeum',
                                     'screen_name': 'storeum'}]},
  'favorite_count': 0,
  'favorited': False,
  'geo': None,
  'id': 1154132380367503360,
  'id_str': '1154132380367503360',
  'in_reply_to_screen_name': None,
  'in_reply_to_status_id': None,
  'in_reply_to_status_id_str': None,
  'in_reply_to_user_id': None,
  'in_reply_to_user_id_str': None,
  'is_quote_status': False,
  'lang': 'en',
  'metadata': {'iso_language_code': 'en', 'result_type': 'recent'},
  'place': None,
  'retweet_count': 31,
  'retweeted': False,
  'retweeted_status': { 'contributors': None,
                        'coordinates': None,
                        'created_at': 'Sun Jul 21 00:13:52 +0000 2019',
                        'entities': { 'hashtags': [ { 'indices': [30, 38],
                                                      'text': 'storeum'},
                                                    { 'indices': [50, 58],
                                                      'text': 'airdrop'},
                                                    { 'indices': [65, 72],
                                                      'text': 'bounty'},
                                                    { 'indices': [73, 81],
                                                      'text': 'program'}],
                                      'symbols': [ { 'indices': [39, 43],
                                                     'text': 'STO'}],
                                      'urls': [ { 'display_url': 'twitter.com/i/web/status/1…',
                                                  'expanded_url': 'https://twitter.com/i/web/status/1152733391831412741',
                                                  'indices': [121, 144],
                                                  'url': 'https://t.co/dUoyCTX6GH'}],
                                      'user_mentions': []},
                        'favorite_count': 44,
                        'favorited': False,
                        'geo': None,
                        'id': 1152733391831412741,
                        'id_str': '1152733391831412741',
                        'in_reply_to_screen_name': None,
                        'in_reply_to_status_id': None,
                        'in_reply_to_status_id_str': None,
                        'in_reply_to_user_id': None,
                        'in_reply_to_user_id_str': None,
                        'is_quote_status': False,
                        'lang': 'en',
                        'metadata': { 'iso_language_code': 'en',
                                      'result_type': 'recent'},
                        'place': None,
                        'possibly_sensitive': False,
                        'retweet_count': 31,
                        'retweeted': False,
                        'source': '<a href="https://mobile.twitter.com" '
                                  'rel="nofollow">Twitter Web App</a>',
                        'text': 'we are happy to announce that #storeum $STO '
                                'token #airdrop &amp; #bounty #program will be '
                                'live very soon , we will keep… '
                                'https://t.co/dUoyCTX6GH',
                        'truncated': True,
                        'user': { 'contributors_enabled': False,
                                  'created_at': 'Fri May 03 21:36:42 +0000 '
                                                '2019',
                                  'default_profile': True,
                                  'default_profile_image': False,
                                  'description': "the world's first "
                                                 'decentralized,\n'
                                                 'peer-to-peer marketplace',
                                  'entities': { 'description': {'urls': []},
                                                'url': { 'urls': [ { 'display_url': 'storeum.co',
                                                                     'expanded_url': 'http://storeum.co',
                                                                     'indices': [ 0,
                                                                                  23],
                                                                     'url': 'https://t.co/PEZjOgaICf'}]}},
                                  'favourites_count': 37,
                                  'follow_request_sent': None,
                                  'followers_count': 6205,
                                  'following': None,
                                  'friends_count': 76,
                                  'geo_enabled': False,
                                  'has_extended_profile': False,
                                  'id': 1124427587009286144,
                                  'id_str': '1124427587009286144',
                                  'is_translation_enabled': False,
                                  'is_translator': False,
                                  'lang': None,
                                  'listed_count': 2,
                                  'location': '',
                                  'name': 'storeum',
                                  'notifications': None,
                                  'profile_background_color': 'F5F8FA',
                                  'profile_background_image_url': None,
                                  'profile_background_image_url_https': None,
                                  'profile_background_tile': False,
                                  'profile_banner_url': 'https://pbs.twimg.com/profile_banners/1124427587009286144/1556992572',
                                  'profile_image_url': 'http://pbs.twimg.com/profile_images/1124731635386208256/nEVCIeIW_normal.png',
                                  'profile_image_url_https': 'https://pbs.twimg.com/profile_images/1124731635386208256/nEVCIeIW_normal.png',
                                  'profile_link_color': '1DA1F2',
                                  'profile_sidebar_border_color': 'C0DEED',
                                  'profile_sidebar_fill_color': 'DDEEF6',
                                  'profile_text_color': '333333',
                                  'profile_use_background_image': True,
                                  'protected': False,
                                  'screen_name': 'storeum',
                                  'statuses_count': 26,
                                  'time_zone': None,
                                  'translator_type': 'none',
                                  'url': 'https://t.co/PEZjOgaICf',
                                  'utc_offset': None,
                                  'verified': False}},
  'source': '<a href="https://mobile.twitter.com" rel="nofollow">Twitter Web '
            'App</a>',
  'text': 'RT @storeum: we are happy to announce that #storeum $STO token '
          '#airdrop &amp; #bounty #program will be live very soon , we will '
          'keep you update…',
  'truncated': False,
  'user': { 'contributors_enabled': False,
            'created_at': 'Mon May 20 02:02:27 +0000 2019',
            'default_profile': True,
            'default_profile_image': False,
            'description': 'diam bukan tak sayang',
            'entities': {'description': {'urls': []}},
            'favourites_count': 91,
            'follow_request_sent': None,
            'followers_count': 1,
            'following': None,
            'friends_count': 33,
            'geo_enabled': False,
            'has_extended_profile': False,
            'id': 1130292669802921989,
            'id_str': '1130292669802921989',
            'is_translation_enabled': False,
            'is_translator': False,
            'lang': None,
            'listed_count': 0,
            'location': '',
            'name': 'Ewo Darwa',
            'notifications': None,
            'profile_background_color': 'F5F8FA',
            'profile_background_image_url': None,
            'profile_background_image_url_https': None,
            'profile_background_tile': False,
            'profile_image_url': 'http://pbs.twimg.com/profile_images/1130293931676119040/vUflLBEM_normal.jpg',
            'profile_image_url_https': 'https://pbs.twimg.com/profile_images/1130293931676119040/vUflLBEM_normal.jpg',
            'profile_link_color': '1DA1F2',
            'profile_sidebar_border_color': 'C0DEED',
            'profile_sidebar_fill_color': 'DDEEF6',
            'profile_text_color': '333333',
            'profile_use_background_image': True,
            'protected': False,
            'screen_name': 'EwoDarwa',
            'statuses_count': 65,
            'time_zone': None,
            'translator_type': 'none',
            'url': None,
            'utc_offset': None,
            'verified': False}}
----------Summary----------
{ 'entities': {},
  'id_str': '1154132380367503360',
  'retweeted_status': { 'entities': { 'urls': { 'display_url': 'twitter.com/i/web/status/1…',
                                                'expanded_url': 'https://twitter.com/i/web/status/1152733391831412741'}},
                        'id_str': '1152733391831412741',
                        'text': 'we are happy to announce that #storeum $sto '
                                'token #airdrop &amp; #bounty #program will be '
                                'live very soon , we will keep '
                                'https://t.co/duoyctx6gh',
                        'user': { 'entities': {},
                                  'id_str': '1124427587009286144',
                                  'twitter_user': 'storeum'}},
  'text': 'rt @storeum: we are happy to announce that #storeum $sto token '
          '#airdrop &amp; #bounty #program will be live very soon , we will '
          'keep you update',
  'user': { 'entities': {},
            'id_str': '1130292669802921989',
            'twitter_user': 'EwoDarwa'}}
----------Groups----------
{ 'Bitcoin': ['bitcoin', 'Bitcoin', 'btc', 'satoshi nakamoto'],
  'Ethereum': ['ethereum', 'Ethereum', 'eth', 'vitalik buterin'],
  'Litecoin': ['litecoin', 'Litecoin', 'ltc', 'charles lee'],
  'Monero': ['monero', 'Monero', 'xmr', 'riccardo spagni'],
  'Ripple': [ 'ripple',
              'Ripple',
              'xrp',
              'xrapid',
              'xcurrent',
              'chris larsen',
              'jed mccaleb']}
---------------------------Fetch-------2019-07-31 16:02:23.403710: Tweet filed under "misc":----------Data----------
{ 'contributors': None,
  'coordinates': None,
  'created_at': 'Wed Jul 24 20:53:04 +0000 2019',
  'entities': { 'hashtags': [ {'indices': [43, 51], 'text': 'storeum'},
                              {'indices': [81, 89], 'text': 'coinlim'}],
                'symbols': [{'indices': [52, 56], 'text': 'STO'}],
                'urls': [],
                'user_mentions': [ { 'id': 1124427587009286144,
                                     'id_str': '1124427587009286144',
                                     'indices': [3, 11],
                                     'name': 'storeum',
                                     'screen_name': 'storeum'}]},
  'favorite_count': 0,
  'favorited': False,
  'geo': None,
  'id': 1154132412227444737,
  'id_str': '1154132412227444737',
  'in_reply_to_screen_name': None,
  'in_reply_to_status_id': None,
  'in_reply_to_status_id_str': None,
  'in_reply_to_user_id': None,
  'in_reply_to_user_id_str': None,
  'is_quote_status': False,
  'lang': 'en',
  'metadata': {'iso_language_code': 'en', 'result_type': 'recent'},
  'place': None,
  'retweet_count': 21,
  'retweeted': False,
  'retweeted_status': { 'contributors': None,
                        'coordinates': None,
                        'created_at': 'Sat Jul 20 02:52:16 +0000 2019',
                        'entities': { 'hashtags': [ { 'indices': [30, 38],
                                                      'text': 'storeum'},
                                                    { 'indices': [68, 76],
                                                      'text': 'coinlim'}],
                                      'symbols': [ { 'indices': [39, 43],
                                                     'text': 'STO'}],
                                      'urls': [ { 'display_url': 'twitter.com/i/web/status/1…',
                                                  'expanded_url': 'https://twitter.com/i/web/status/1152410868275208193',
                                                  'indices': [117, 140],
                                                  'url': 'https://t.co/gbmhcvqqNJ'}],
                                      'user_mentions': []},
                        'favorite_count': 28,
                        'favorited': False,
                        'geo': None,
                        'id': 1152410868275208193,
                        'id_str': '1152410868275208193',
                        'in_reply_to_screen_name': None,
                        'in_reply_to_status_id': None,
                        'in_reply_to_status_id_str': None,
                        'in_reply_to_user_id': None,
                        'in_reply_to_user_id_str': None,
                        'is_quote_status': False,
                        'lang': 'en',
                        'metadata': { 'iso_language_code': 'en',
                                      'result_type': 'recent'},
                        'place': None,
                        'possibly_sensitive': False,
                        'retweet_count': 21,
                        'retweeted': False,
                        'source': '<a href="https://mobile.twitter.com" '
                                  'rel="nofollow">Twitter Web App</a>',
                        'text': 'we are happy to announce that #storeum $STO '
                                'token will be listed on #coinlim exchange '
                                'this month , stay tuned for m… '
                                'https://t.co/gbmhcvqqNJ',
                        'truncated': True,
                        'user': { 'contributors_enabled': False,
                                  'created_at': 'Fri May 03 21:36:42 +0000 '
                                                '2019',
                                  'default_profile': True,
                                  'default_profile_image': False,
                                  'description': "the world's first "
                                                 'decentralized,\n'
                                                 'peer-to-peer marketplace',
                                  'entities': { 'description': {'urls': []},
                                                'url': { 'urls': [ { 'display_url': 'storeum.co',
                                                                     'expanded_url': 'http://storeum.co',
                                                                     'indices': [ 0,
                                                                                  23],
                                                                     'url': 'https://t.co/PEZjOgaICf'}]}},
                                  'favourites_count': 37,
                                  'follow_request_sent': None,
                                  'followers_count': 6205,
                                  'following': None,
                                  'friends_count': 76,
                                  'geo_enabled': False,
                                  'has_extended_profile': False,
                                  'id': 1124427587009286144,
                                  'id_str': '1124427587009286144',
                                  'is_translation_enabled': False,
                                  'is_translator': False,
                                  'lang': None,
                                  'listed_count': 2,
                                  'location': '',
                                  'name': 'storeum',
                                  'notifications': None,
                                  'profile_background_color': 'F5F8FA',
                                  'profile_background_image_url': None,
                                  'profile_background_image_url_https': None,
                                  'profile_background_tile': False,
                                  'profile_banner_url': 'https://pbs.twimg.com/profile_banners/1124427587009286144/1556992572',
                                  'profile_image_url': 'http://pbs.twimg.com/profile_images/1124731635386208256/nEVCIeIW_normal.png',
                                  'profile_image_url_https': 'https://pbs.twimg.com/profile_images/1124731635386208256/nEVCIeIW_normal.png',
                                  'profile_link_color': '1DA1F2',
                                  'profile_sidebar_border_color': 'C0DEED',
                                  'profile_sidebar_fill_color': 'DDEEF6',
                                  'profile_text_color': '333333',
                                  'profile_use_background_image': True,
                                  'protected': False,
                                  'screen_name': 'storeum',
                                  'statuses_count': 26,
                                  'time_zone': None,
                                  'translator_type': 'none',
                                  'url': 'https://t.co/PEZjOgaICf',
                                  'utc_offset': None,
                                  'verified': False}},
  'source': '<a href="https://mobile.twitter.com" rel="nofollow">Twitter Web '
            'App</a>',
  'text': 'RT @storeum: we are happy to announce that #storeum $STO token will '
          'be listed on #coinlim exchange this month , stay tuned for more '
          'updates…',
  'truncated': False,
  'user': { 'contributors_enabled': False,
            'created_at': 'Mon May 20 02:02:27 +0000 2019',
            'default_profile': True,
            'default_profile_image': False,
            'description': 'diam bukan tak sayang',
            'entities': {'description': {'urls': []}},
            'favourites_count': 91,
            'follow_request_sent': None,
            'followers_count': 1,
            'following': None,
            'friends_count': 33,
            'geo_enabled': False,
            'has_extended_profile': False,
            'id': 1130292669802921989,
            'id_str': '1130292669802921989',
            'is_translation_enabled': False,
            'is_translator': False,
            'lang': None,
            'listed_count': 0,
            'location': '',
            'name': 'Ewo Darwa',
            'notifications': None,
            'profile_background_color': 'F5F8FA',
            'profile_background_image_url': None,
            'profile_background_image_url_https': None,
            'profile_background_tile': False,
            'profile_image_url': 'http://pbs.twimg.com/profile_images/1130293931676119040/vUflLBEM_normal.jpg',
            'profile_image_url_https': 'https://pbs.twimg.com/profile_images/1130293931676119040/vUflLBEM_normal.jpg',
            'profile_link_color': '1DA1F2',
            'profile_sidebar_border_color': 'C0DEED',
            'profile_sidebar_fill_color': 'DDEEF6',
            'profile_text_color': '333333',
            'profile_use_background_image': True,
            'protected': False,
            'screen_name': 'EwoDarwa',
            'statuses_count': 65,
            'time_zone': None,
            'translator_type': 'none',
            'url': None,
            'utc_offset': None,
            'verified': False}}
----------Summary----------
{ 'entities': {},
  'id_str': '1154132412227444737',
  'retweeted_status': { 'entities': { 'urls': { 'display_url': 'twitter.com/i/web/status/1…',
                                                'expanded_url': 'https://twitter.com/i/web/status/1152410868275208193'}},
                        'id_str': '1152410868275208193',
                        'text': 'we are happy to announce that #storeum $sto '
                                'token will be listed on #coinlim exchange '
                                'this month , stay tuned for m '
                                'https://t.co/gbmhcvqqnj',
                        'user': { 'entities': {},
                                  'id_str': '1124427587009286144',
                                  'twitter_user': 'storeum'}},
  'text': 'rt @storeum: we are happy to announce that #storeum $sto token will '
          'be listed on #coinlim exchange this month , stay tuned for more '
          'updates',
  'user': { 'entities': {},
            'id_str': '1130292669802921989',
            'twitter_user': 'EwoDarwa'}}
----------Groups----------
{ 'Bitcoin': ['bitcoin', 'Bitcoin', 'btc', 'satoshi nakamoto'],
  'Ethereum': ['ethereum', 'Ethereum', 'eth', 'vitalik buterin'],
  'Litecoin': ['litecoin', 'Litecoin', 'ltc', 'charles lee'],
  'Monero': ['monero', 'Monero', 'xmr', 'riccardo spagni'],
  'Ripple': [ 'ripple',
              'Ripple',
              'xrp',
              'xrapid',
              'xcurrent',
              'chris larsen',
              'jed mccaleb']}
---------------------------Fetch-------2019-07-31 16:02:24.017223: Tweet filed under "misc":----------Data----------
{ 'contributors': None,
  'coordinates': None,
  'created_at': 'Wed Jul 24 20:52:56 +0000 2019',
  'entities': { 'hashtags': [ {'indices': [43, 51], 'text': 'storeum'},
                              {'indices': [63, 71], 'text': 'airdrop'},
                              {'indices': [78, 85], 'text': 'bounty'},
                              {'indices': [86, 94], 'text': 'program'}],
                'symbols': [{'indices': [52, 56], 'text': 'STO'}],
                'urls': [],
                'user_mentions': [ { 'id': 1124427587009286144,
                                     'id_str': '1124427587009286144',
                                     'indices': [3, 11],
                                     'name': 'storeum',
                                     'screen_name': 'storeum'}]},
  'favorite_count': 0,
  'favorited': False,
  'geo': None,
  'id': 1154132380367503360,
  'id_str': '1154132380367503360',
  'in_reply_to_screen_name': None,
  'in_reply_to_status_id': None,
  'in_reply_to_status_id_str': None,
  'in_reply_to_user_id': None,
  'in_reply_to_user_id_str': None,
  'is_quote_status': False,
  'lang': 'en',
  'metadata': {'iso_language_code': 'en', 'result_type': 'recent'},
  'place': None,
  'retweet_count': 31,
  'retweeted': False,
  'retweeted_status': { 'contributors': None,
                        'coordinates': None,
                        'created_at': 'Sun Jul 21 00:13:52 +0000 2019',
                        'entities': { 'hashtags': [ { 'indices': [30, 38],
                                                      'text': 'storeum'},
                                                    { 'indices': [50, 58],
                                                      'text': 'airdrop'},
                                                    { 'indices': [65, 72],
                                                      'text': 'bounty'},
                                                    { 'indices': [73, 81],
                                                      'text': 'program'}],
                                      'symbols': [ { 'indices': [39, 43],
                                                     'text': 'STO'}],
                                      'urls': [ { 'display_url': 'twitter.com/i/web/status/1…',
                                                  'expanded_url': 'https://twitter.com/i/web/status/1152733391831412741',
                                                  'indices': [121, 144],
                                                  'url': 'https://t.co/dUoyCTX6GH'}],
                                      'user_mentions': []},
                        'favorite_count': 44,
                        'favorited': False,
                        'geo': None,
                        'id': 1152733391831412741,
                        'id_str': '1152733391831412741',
                        'in_reply_to_screen_name': None,
                        'in_reply_to_status_id': None,
                        'in_reply_to_status_id_str': None,
                        'in_reply_to_user_id': None,
                        'in_reply_to_user_id_str': None,
                        'is_quote_status': False,
                        'lang': 'en',
                        'metadata': { 'iso_language_code': 'en',
                                      'result_type': 'recent'},
                        'place': None,
                        'possibly_sensitive': False,
                        'retweet_count': 31,
                        'retweeted': False,
                        'source': '<a href="https://mobile.twitter.com" '
                                  'rel="nofollow">Twitter Web App</a>',
                        'text': 'we are happy to announce that #storeum $STO '
                                'token #airdrop &amp; #bounty #program will be '
                                'live very soon , we will keep… '
                                'https://t.co/dUoyCTX6GH',
                        'truncated': True,
                        'user': { 'contributors_enabled': False,
                                  'created_at': 'Fri May 03 21:36:42 +0000 '
                                                '2019',
                                  'default_profile': True,
                                  'default_profile_image': False,
                                  'description': "the world's first "
                                                 'decentralized,\n'
                                                 'peer-to-peer marketplace',
                                  'entities': { 'description': {'urls': []},
                                                'url': { 'urls': [ { 'display_url': 'storeum.co',
                                                                     'expanded_url': 'http://storeum.co',
                                                                     'indices': [ 0,
                                                                                  23],
                                                                     'url': 'https://t.co/PEZjOgaICf'}]}},
                                  'favourites_count': 37,
                                  'follow_request_sent': None,
                                  'followers_count': 6205,
                                  'following': None,
                                  'friends_count': 76,
                                  'geo_enabled': False,
                                  'has_extended_profile': False,
                                  'id': 1124427587009286144,
                                  'id_str': '1124427587009286144',
                                  'is_translation_enabled': False,
                                  'is_translator': False,
                                  'lang': None,
                                  'listed_count': 2,
                                  'location': '',
                                  'name': 'storeum',
                                  'notifications': None,
                                  'profile_background_color': 'F5F8FA',
                                  'profile_background_image_url': None,
                                  'profile_background_image_url_https': None,
                                  'profile_background_tile': False,
                                  'profile_banner_url': 'https://pbs.twimg.com/profile_banners/1124427587009286144/1556992572',
                                  'profile_image_url': 'http://pbs.twimg.com/profile_images/1124731635386208256/nEVCIeIW_normal.png',
                                  'profile_image_url_https': 'https://pbs.twimg.com/profile_images/1124731635386208256/nEVCIeIW_normal.png',
                                  'profile_link_color': '1DA1F2',
                                  'profile_sidebar_border_color': 'C0DEED',
                                  'profile_sidebar_fill_color': 'DDEEF6',
                                  'profile_text_color': '333333',
                                  'profile_use_background_image': True,
                                  'protected': False,
                                  'screen_name': 'storeum',
                                  'statuses_count': 26,
                                  'time_zone': None,
                                  'translator_type': 'none',
                                  'url': 'https://t.co/PEZjOgaICf',
                                  'utc_offset': None,
                                  'verified': False}},
  'source': '<a href="https://mobile.twitter.com" rel="nofollow">Twitter Web '
            'App</a>',
  'text': 'RT @storeum: we are happy to announce that #storeum $STO token '
          '#airdrop &amp; #bounty #program will be live very soon , we will '
          'keep you update…',
  'truncated': False,
  'user': { 'contributors_enabled': False,
            'created_at': 'Mon May 20 02:02:27 +0000 2019',
            'default_profile': True,
            'default_profile_image': False,
            'description': 'diam bukan tak sayang',
            'entities': {'description': {'urls': []}},
            'favourites_count': 91,
            'follow_request_sent': None,
            'followers_count': 1,
            'following': None,
            'friends_count': 33,
            'geo_enabled': False,
            'has_extended_profile': False,
            'id': 1130292669802921989,
            'id_str': '1130292669802921989',
            'is_translation_enabled': False,
            'is_translator': False,
            'lang': None,
            'listed_count': 0,
            'location': '',
            'name': 'Ewo Darwa',
            'notifications': None,
            'profile_background_color': 'F5F8FA',
            'profile_background_image_url': None,
            'profile_background_image_url_https': None,
            'profile_background_tile': False,
            'profile_image_url': 'http://pbs.twimg.com/profile_images/1130293931676119040/vUflLBEM_normal.jpg',
            'profile_image_url_https': 'https://pbs.twimg.com/profile_images/1130293931676119040/vUflLBEM_normal.jpg',
            'profile_link_color': '1DA1F2',
            'profile_sidebar_border_color': 'C0DEED',
            'profile_sidebar_fill_color': 'DDEEF6',
            'profile_text_color': '333333',
            'profile_use_background_image': True,
            'protected': False,
            'screen_name': 'EwoDarwa',
            'statuses_count': 65,
            'time_zone': None,
            'translator_type': 'none',
            'url': None,
            'utc_offset': None,
            'verified': False}}
----------Summary----------
{ 'entities': {},
  'id_str': '1154132380367503360',
  'retweeted_status': { 'entities': { 'urls': { 'display_url': 'twitter.com/i/web/status/1…',
                                                'expanded_url': 'https://twitter.com/i/web/status/1152733391831412741'}},
                        'id_str': '1152733391831412741',
                        'text': 'we are happy to announce that #storeum $sto '
                                'token #airdrop &amp; #bounty #program will be '
                                'live very soon , we will keep '
                                'https://t.co/duoyctx6gh',
                        'user': { 'entities': {},
                                  'id_str': '1124427587009286144',
                                  'twitter_user': 'storeum'}},
  'text': 'rt @storeum: we are happy to announce that #storeum $sto token '
          '#airdrop &amp; #bounty #program will be live very soon , we will '
          'keep you update',
  'user': { 'entities': {},
            'id_str': '1130292669802921989',
            'twitter_user': 'EwoDarwa'}}
----------Groups----------
{ 'Bitcoin': ['bitcoin', 'Bitcoin', 'btc', 'satoshi nakamoto'],
  'Ethereum': ['ethereum', 'Ethereum', 'eth', 'vitalik buterin'],
  'Litecoin': ['litecoin', 'Litecoin', 'ltc', 'charles lee'],
  'Monero': ['monero', 'Monero', 'xmr', 'riccardo spagni'],
  'Ripple': [ 'ripple',
              'Ripple',
              'xrp',
              'xrapid',
              'xcurrent',
              'chris larsen',
              'jed mccaleb']}
---------------------------Fetch-------2019-07-31 16:02:25.958545: Tweet filed under "misc":----------Data----------
{ 'contributors': None,
  'coordinates': None,
  'created_at': 'Wed Jul 24 20:56:35 +0000 2019',
  'entities': { 'hashtags': [],
                'symbols': [],
                'urls': [],
                'user_mentions': [ { 'id': 931286316,
                                     'id_str': '931286316',
                                     'indices': [3, 16],
                                     'name': '#ThePersistence',
                                     'screen_name': 'ScottPresler'},
                                   { 'id': 25073877,
                                     'id_str': '25073877',
                                     'indices': [18, 34],
                                     'name': 'Donald J. Trump',
                                     'screen_name': 'realDonaldTrump'}]},
  'favorite_count': 0,
  'favorited': False,
  'geo': None,
  'id': 1154133296680448002,
  'id_str': '1154133296680448002',
  'in_reply_to_screen_name': None,
  'in_reply_to_status_id': None,
  'in_reply_to_status_id_str': None,
  'in_reply_to_user_id': None,
  'in_reply_to_user_id_str': None,
  'is_quote_status': False,
  'lang': 'en',
  'metadata': {'iso_language_code': 'en', 'result_type': 'recent'},
  'place': None,
  'retweet_count': 1456,
  'retweeted': False,
  'retweeted_status': { 'contributors': None,
                        'coordinates': None,
                        'created_at': 'Wed Jul 24 19:49:08 +0000 2019',
                        'entities': { 'hashtags': [],
                                      'symbols': [],
                                      'urls': [],
                                      'user_mentions': [ { 'id': 25073877,
                                                           'id_str': '25073877',
                                                           'indices': [0, 16],
                                                           'name': 'Donald J. '
                                                                   'Trump',
                                                           'screen_name': 'realDonaldTrump'}]},
                        'favorite_count': 7052,
                        'favorited': False,
                        'geo': None,
                        'id': 1154116323829526529,
                        'id_str': '1154116323829526529',
                        'in_reply_to_screen_name': 'realDonaldTrump',
                        'in_reply_to_status_id': 1154112475002036234,
                        'in_reply_to_status_id_str': '1154112475002036234',
                        'in_reply_to_user_id': 25073877,
                        'in_reply_to_user_id_str': '25073877',
                        'is_quote_status': False,
                        'lang': 'en',
                        'metadata': { 'iso_language_code': 'en',
                                      'result_type': 'recent'},
                        'place': None,
                        'retweet_count': 1456,
                        'retweeted': False,
                        'source': '<a '
                                  'href="http://twitter.com/download/iphone" '
                                  'rel="nofollow">Twitter for iPhone</a>',
                        'text': "@realDonaldTrump I know people who didn't "
                                'vote for you who now fully support you '
                                'because of the Witch Hunt!',
                        'truncated': False,
                        'user': { 'contributors_enabled': False,
                                  'created_at': 'Wed Nov 07 05:23:07 +0000 '
                                                '2012',
                                  'default_profile': False,
                                  'default_profile_image': False,
                                  'description': "Hi, I'm Scott. I spent 2 "
                                                 'years of my life working to '
                                                 'defeat Hillary / If each of '
                                                 'us registers 5 new '
                                                 'Republican voters, Trump '
                                                 'wins in 2020!',
                                  'entities': { 'description': {'urls': []},
                                                'url': { 'urls': [ { 'display_url': 'ScottPresler.org',
                                                                     'expanded_url': 'http://ScottPresler.org',
                                                                     'indices': [ 0,
                                                                                  23],
                                                                     'url': 'https://t.co/SRaEZoa2Vi'}]}},
                                  'favourites_count': 233388,
                                  'follow_request_sent': None,
                                  'followers_count': 309162,
                                  'following': None,
                                  'friends_count': 41588,
                                  'geo_enabled': True,
                                  'has_extended_profile': True,
                                  'id': 931286316,
                                  'id_str': '931286316',
                                  'is_translation_enabled': False,
                                  'is_translator': False,
                                  'lang': None,
                                  'listed_count': 1986,
                                  'location': 'Invite me to your city!',
                                  'name': '#ThePersistence',
                                  'notifications': None,
                                  'profile_background_color': 'C0DEED',
                                  'profile_background_image_url': 'http://abs.twimg.com/images/themes/theme1/bg.png',
                                  'profile_background_image_url_https': 'https://abs.twimg.com/images/themes/theme1/bg.png',
                                  'profile_background_tile': False,
                                  'profile_banner_url': 'https://pbs.twimg.com/profile_banners/931286316/1564355576',
                                  'profile_image_url': 'http://pbs.twimg.com/profile_images/968332807377387520/B2t52K_P_normal.jpg',
                                  'profile_image_url_https': 'https://pbs.twimg.com/profile_images/968332807377387520/B2t52K_P_normal.jpg',
                                  'profile_link_color': 'DD2E44',
                                  'profile_sidebar_border_color': 'C0DEED',
                                  'profile_sidebar_fill_color': 'DDEEF6',
                                  'profile_text_color': '333333',
                                  'profile_use_background_image': True,
                                  'protected': False,
                                  'screen_name': 'ScottPresler',
                                  'statuses_count': 67579,
                                  'time_zone': None,
                                  'translator_type': 'none',
                                  'url': 'https://t.co/SRaEZoa2Vi',
                                  'utc_offset': None,
                                  'verified': True}},
  'source': '<a href="https://mobile.twitter.com" rel="nofollow">Twitter Web '
            'App</a>',
  'text': "RT @ScottPresler: @realDonaldTrump I know people who didn't vote "
          'for you who now fully support you because of the Witch Hunt!',
  'truncated': False,
  'user': { 'contributors_enabled': False,
            'created_at': 'Mon Jan 28 03:56:47 +0000 2013',
            'default_profile': False,
            'default_profile_image': False,
            'description': "I shoot, I hunt.  Army (retired), '82-'10.  Iraq, "
                           "'03-'04; '07-'08.  NRA Benefactor member and GOA "
                           'member.\n'
                           '#2A #Constitution #Vets #MolonLabe',
            'entities': {'description': {'urls': []}},
            'favourites_count': 69970,
            'follow_request_sent': None,
            'followers_count': 2662,
            'following': None,
            'friends_count': 71,
            'geo_enabled': False,
            'has_extended_profile': False,
            'id': 1126947913,
            'id_str': '1126947913',
            'is_translation_enabled': False,
            'is_translator': False,
            'lang': None,
            'listed_count': 80,
            'location': "People's Republik of Illinois",
            'name': 'LTC Hunter',
            'notifications': None,
            'profile_background_color': '000000',
            'profile_background_image_url': 'http://abs.twimg.com/images/themes/theme1/bg.png',
            'profile_background_image_url_https': 'https://abs.twimg.com/images/themes/theme1/bg.png',
            'profile_background_tile': False,
            'profile_banner_url': 'https://pbs.twimg.com/profile_banners/1126947913/1562159844',
            'profile_image_url': 'http://pbs.twimg.com/profile_images/1082291033046577152/ZdX8H9xY_normal.jpg',
            'profile_image_url_https': 'https://pbs.twimg.com/profile_images/1082291033046577152/ZdX8H9xY_normal.jpg',
            'profile_link_color': '1B95E0',
            'profile_sidebar_border_color': '000000',
            'profile_sidebar_fill_color': '000000',
            'profile_text_color': '000000',
            'profile_use_background_image': False,
            'protected': False,
            'screen_name': 'LTC_Hunter',
            'statuses_count': 77251,
            'time_zone': None,
            'translator_type': 'none',
            'url': None,
            'utc_offset': None,
            'verified': False}}
----------Summary----------
{ 'entities': {},
  'id_str': '1154133296680448002',
  'retweeted_status': { 'entities': {},
                        'id_str': '1154116323829526529',
                        'text': "@realdonaldtrump i know people who didn't "
                                'vote for you who now fully support you '
                                'because of the witch hunt!',
                        'user': { 'entities': {},
                                  'id_str': '931286316',
                                  'twitter_user': 'ScottPresler'}},
  'text': "rt @scottpresler: @realdonaldtrump i know people who didn't vote "
          'for you who now fully support you because of the witch hunt!',
  'user': { 'entities': {},
            'id_str': '1126947913',
            'twitter_user': 'LTC_Hunter'}}
----------Groups----------
{ 'Bitcoin': ['bitcoin', 'Bitcoin', 'btc', 'satoshi nakamoto'],
  'Ethereum': ['ethereum', 'Ethereum', 'eth', 'vitalik buterin'],
  'Litecoin': ['litecoin', 'Litecoin', 'ltc', 'charles lee'],
  'Monero': ['monero', 'Monero', 'xmr', 'riccardo spagni'],
  'Ripple': [ 'ripple',
              'Ripple',
              'xrp',
              'xrapid',
              'xcurrent',
              'chris larsen',
              'jed mccaleb']}
---------------------------Fetch-------2019-07-31 16:02:26.577460: Tweet filed under "misc":----------Data----------
{ 'contributors': None,
  'coordinates': None,
  'created_at': 'Wed Jul 24 20:55:30 +0000 2019',
  'entities': { 'hashtags': [],
                'symbols': [],
                'urls': [],
                'user_mentions': [ { 'id': 27995424,
                                     'id_str': '27995424',
                                     'indices': [3, 16],
                                     'name': 'John Cardillo',
                                     'screen_name': 'johncardillo'}]},
  'favorite_count': 0,
  'favorited': False,
  'geo': None,
  'id': 1154133022985375744,
  'id_str': '1154133022985375744',
  'in_reply_to_screen_name': None,
  'in_reply_to_status_id': None,
  'in_reply_to_status_id_str': None,
  'in_reply_to_user_id': None,
  'in_reply_to_user_id_str': None,
  'is_quote_status': False,
  'lang': 'en',
  'metadata': {'iso_language_code': 'en', 'result_type': 'recent'},
  'place': None,
  'retweet_count': 3001,
  'retweeted': False,
  'retweeted_status': { 'contributors': None,
                        'coordinates': None,
                        'created_at': 'Wed Jul 24 19:12:27 +0000 2019',
                        'entities': { 'hashtags': [],
                                      'symbols': [],
                                      'urls': [],
                                      'user_mentions': []},
                        'favorite_count': 10291,
                        'favorited': False,
                        'geo': None,
                        'id': 1154107089633075205,
                        'id_str': '1154107089633075205',
                        'in_reply_to_screen_name': None,
                        'in_reply_to_status_id': None,
                        'in_reply_to_status_id_str': None,
                        'in_reply_to_user_id': None,
                        'in_reply_to_user_id_str': None,
                        'is_quote_status': False,
                        'lang': 'en',
                        'metadata': { 'iso_language_code': 'en',
                                      'result_type': 'recent'},
                        'place': None,
                        'retweet_count': 3001,
                        'retweeted': False,
                        'source': '<a href="https://mobile.twitter.com" '
                                  'rel="nofollow">Twitter Web App</a>',
                        'text': "Mueller didn't just destroy his own "
                                'reputation today. \n'
                                '\n'
                                'He took the media down with him.',
                        'truncated': False,
                        'user': { 'contributors_enabled': False,
                                  'created_at': 'Tue Mar 31 23:35:52 +0000 '
                                                '2009',
                                  'default_profile': False,
                                  'default_profile_image': False,
                                  'description': 'America Talks Live host on '
                                                 '@Newsmax TV. #NYPD once upon '
                                                 'a time. Opinion is mine. RT '
                                                 '≠ endorsement.',
                                  'entities': { 'description': {'urls': []},
                                                'url': { 'urls': [ { 'display_url': 'newsmaxtv.com/Shows/America-…',
                                                                     'expanded_url': 'https://www.newsmaxtv.com/Shows/America-Talks-Live',
                                                                     'indices': [ 0,
                                                                                  23],
                                                                     'url': 'https://t.co/q38YIg0sQ5'}]}},
                                  'favourites_count': 31773,
                                  'follow_request_sent': None,
                                  'followers_count': 151767,
                                  'following': None,
                                  'friends_count': 1217,
                                  'geo_enabled': True,
                                  'has_extended_profile': True,
                                  'id': 27995424,
                                  'id_str': '27995424',
                                  'is_translation_enabled': False,
                                  'is_translator': False,
                                  'lang': None,
                                  'listed_count': 1678,
                                  'location': 'Florida ',
                                  'name': 'John Cardillo',
                                  'notifications': None,
                                  'profile_background_color': '131516',
                                  'profile_background_image_url': 'http://abs.twimg.com/images/themes/theme14/bg.gif',
                                  'profile_background_image_url_https': 'https://abs.twimg.com/images/themes/theme14/bg.gif',
                                  'profile_background_tile': False,
                                  'profile_banner_url': 'https://pbs.twimg.com/profile_banners/27995424/1560472464',
                                  'profile_image_url': 'http://pbs.twimg.com/profile_images/1139475944354324480/OrpKj9dy_normal.jpg',
                                  'profile_image_url_https': 'https://pbs.twimg.com/profile_images/1139475944354324480/OrpKj9dy_normal.jpg',
                                  'profile_link_color': '1B95E0',
                                  'profile_sidebar_border_color': '000000',
                                  'profile_sidebar_fill_color': 'EFEFEF',
                                  'profile_text_color': '333333',
                                  'profile_use_background_image': True,
                                  'protected': False,
                                  'screen_name': 'johncardillo',
                                  'statuses_count': 88850,
                                  'time_zone': None,
                                  'translator_type': 'none',
                                  'url': 'https://t.co/q38YIg0sQ5',
                                  'utc_offset': None,
                                  'verified': True}},
  'source': '<a href="https://mobile.twitter.com" rel="nofollow">Twitter Web '
            'App</a>',
  'text': "RT @johncardillo: Mueller didn't just destroy his own reputation "
          'today. \n'
          '\n'
          'He took the media down with him.',
  'truncated': False,
  'user': { 'contributors_enabled': False,
            'created_at': 'Mon Jan 28 03:56:47 +0000 2013',
            'default_profile': False,
            'default_profile_image': False,
            'description': "I shoot, I hunt.  Army (retired), '82-'10.  Iraq, "
                           "'03-'04; '07-'08.  NRA Benefactor member and GOA "
                           'member.\n'
                           '#2A #Constitution #Vets #MolonLabe',
            'entities': {'description': {'urls': []}},
            'favourites_count': 69970,
            'follow_request_sent': None,
            'followers_count': 2662,
            'following': None,
            'friends_count': 71,
            'geo_enabled': False,
            'has_extended_profile': False,
            'id': 1126947913,
            'id_str': '1126947913',
            'is_translation_enabled': False,
            'is_translator': False,
            'lang': None,
            'listed_count': 80,
            'location': "People's Republik of Illinois",
            'name': 'LTC Hunter',
            'notifications': None,
            'profile_background_color': '000000',
            'profile_background_image_url': 'http://abs.twimg.com/images/themes/theme1/bg.png',
            'profile_background_image_url_https': 'https://abs.twimg.com/images/themes/theme1/bg.png',
            'profile_background_tile': False,
            'profile_banner_url': 'https://pbs.twimg.com/profile_banners/1126947913/1562159844',
            'profile_image_url': 'http://pbs.twimg.com/profile_images/1082291033046577152/ZdX8H9xY_normal.jpg',
            'profile_image_url_https': 'https://pbs.twimg.com/profile_images/1082291033046577152/ZdX8H9xY_normal.jpg',
            'profile_link_color': '1B95E0',
            'profile_sidebar_border_color': '000000',
            'profile_sidebar_fill_color': '000000',
            'profile_text_color': '000000',
            'profile_use_background_image': False,
            'protected': False,
            'screen_name': 'LTC_Hunter',
            'statuses_count': 77251,
            'time_zone': None,
            'translator_type': 'none',
            'url': None,
            'utc_offset': None,
            'verified': False}}
----------Summary----------
{ 'entities': {},
  'id_str': '1154133022985375744',
  'retweeted_status': { 'entities': {},
                        'id_str': '1154107089633075205',
                        'text': "mueller didn't just destroy his own "
                                'reputation today.   he took the media down '
                                'with him.',
                        'user': { 'entities': {},
                                  'id_str': '27995424',
                                  'twitter_user': 'johncardillo'}},
  'text': "rt @johncardillo: mueller didn't just destroy his own reputation "
          'today.   he took the media down with him.',
  'user': { 'entities': {},
            'id_str': '1126947913',
            'twitter_user': 'LTC_Hunter'}}
----------Groups----------
{ 'Bitcoin': ['bitcoin', 'Bitcoin', 'btc', 'satoshi nakamoto'],
  'Ethereum': ['ethereum', 'Ethereum', 'eth', 'vitalik buterin'],
  'Litecoin': ['litecoin', 'Litecoin', 'ltc', 'charles lee'],
  'Monero': ['monero', 'Monero', 'xmr', 'riccardo spagni'],
  'Ripple': [ 'ripple',
              'Ripple',
              'xrp',
              'xrapid',
              'xcurrent',
              'chris larsen',
              'jed mccaleb']}
---------------------------Fetch-------2019-07-31 16:02:26.830362: Tweet filed under "misc":----------Data----------
{ 'contributors': None,
  'coordinates': None,
  'created_at': 'Wed Jul 24 20:55:27 +0000 2019',
  'entities': { 'hashtags': [],
                'symbols': [],
                'urls': [],
                'user_mentions': [ { 'id': 37881270,
                                     'id_str': '37881270',
                                     'indices': [0, 15],
                                     'name': 'Crypto Capital Venture ⚡',
                                     'screen_name': 'cryptorecruitr'}]},
  'favorite_count': 1,
  'favorited': False,
  'geo': None,
  'id': 1154133012616900608,
  'id_str': '1154133012616900608',
  'in_reply_to_screen_name': 'cryptorecruitr',
  'in_reply_to_status_id': 1154090378947158016,
  'in_reply_to_status_id_str': '1154090378947158016',
  'in_reply_to_user_id': 37881270,
  'in_reply_to_user_id_str': '37881270',
  'is_quote_status': False,
  'lang': 'en',
  'metadata': {'iso_language_code': 'en', 'result_type': 'recent'},
  'place': None,
  'retweet_count': 0,
  'retweeted': False,
  'source': '<a href="http://twitter.com/download/iphone" '
            'rel="nofollow">Twitter for iPhone</a>',
  'text': '@cryptorecruitr Who cares. Keep the price low so i can buy more 😈',
  'truncated': False,
  'user': { 'contributors_enabled': False,
            'created_at': 'Mon Jul 16 08:26:13 +0000 2018',
            'default_profile': True,
            'default_profile_image': False,
            'description': 'Bitcoin/Litecoin Maxi. #StackLites #StackSats '
                           '#DropGold #HODL',
            'entities': {'description': {'urls': []}},
            'favourites_count': 3926,
            'follow_request_sent': None,
            'followers_count': 87,
            'following': None,
            'friends_count': 31,
            'geo_enabled': False,
            'has_extended_profile': False,
            'id': 1018773785221054465,
            'id_str': '1018773785221054465',
            'is_translation_enabled': False,
            'is_translator': False,
            'lang': None,
            'listed_count': 1,
            'location': 'Rocket landing site, CA ',
            'name': 'El Jefe de BitLite',
            'notifications': None,
            'profile_background_color': 'F5F8FA',
            'profile_background_image_url': None,
            'profile_background_image_url_https': None,
            'profile_background_tile': False,
            'profile_banner_url': 'https://pbs.twimg.com/profile_banners/1018773785221054465/1560800521',
            'profile_image_url': 'http://pbs.twimg.com/profile_images/1155020373982765057/j1PFp_Q9_normal.jpg',
            'profile_image_url_https': 'https://pbs.twimg.com/profile_images/1155020373982765057/j1PFp_Q9_normal.jpg',
            'profile_link_color': '1DA1F2',
            'profile_sidebar_border_color': 'C0DEED',
            'profile_sidebar_fill_color': 'DDEEF6',
            'profile_text_color': '333333',
            'profile_use_background_image': True,
            'protected': False,
            'screen_name': 'Another_LTC_Guy',
            'statuses_count': 1705,
            'time_zone': None,
            'translator_type': 'none',
            'url': None,
            'utc_offset': None,
            'verified': False}}
----------Summary----------
{ 'entities': {},
  'id_str': '1154133012616900608',
  'text': '@cryptorecruitr who cares. keep the price low so i can buy more ',
  'user': { 'entities': {},
            'id_str': '1018773785221054465',
            'twitter_user': 'Another_LTC_Guy'}}
----------Groups----------
{ 'Bitcoin': ['bitcoin', 'Bitcoin', 'btc', 'satoshi nakamoto'],
  'Ethereum': ['ethereum', 'Ethereum', 'eth', 'vitalik buterin'],
  'Litecoin': ['litecoin', 'Litecoin', 'ltc', 'charles lee'],
  'Monero': ['monero', 'Monero', 'xmr', 'riccardo spagni'],
  'Ripple': [ 'ripple',
              'Ripple',
              'xrp',
              'xrapid',
              'xcurrent',
              'chris larsen',
              'jed mccaleb']}
---------------------------Fetch-------2019-07-31 16:02:27.121239: Tweet filed under "misc":----------Data----------
{ 'contributors': None,
  'coordinates': None,
  'created_at': 'Wed Jul 24 20:55:17 +0000 2019',
  'entities': { 'hashtags': [],
                'symbols': [],
                'urls': [],
                'user_mentions': [ { 'id': 39344374,
                                     'id_str': '39344374',
                                     'indices': [3, 18],
                                     'name': 'Donald Trump Jr.',
                                     'screen_name': 'DonaldJTrumpJr'}]},
  'favorite_count': 0,
  'favorited': False,
  'geo': None,
  'id': 1154132971466739714,
  'id_str': '1154132971466739714',
  'in_reply_to_screen_name': None,
  'in_reply_to_status_id': None,
  'in_reply_to_status_id_str': None,
  'in_reply_to_user_id': None,
  'in_reply_to_user_id_str': None,
  'is_quote_status': False,
  'lang': 'en',
  'metadata': {'iso_language_code': 'en', 'result_type': 'recent'},
  'place': None,
  'retweet_count': 13709,
  'retweeted': False,
  'retweeted_status': { 'contributors': None,
                        'coordinates': None,
                        'created_at': 'Wed Jul 24 19:04:22 +0000 2019',
                        'entities': { 'hashtags': [],
                                      'symbols': [],
                                      'urls': [ { 'display_url': 'zerohedge.com/news/2019-07-2…',
                                                  'expanded_url': 'https://www.zerohedge.com/news/2019-07-24/ilhan-omar-told-somali-immigrant-why-dont-we-deport-you-back-where-ever-you-came',
                                                  'indices': [115, 138],
                                                  'url': 'https://t.co/j4JtFbKk5U'}],
                                      'user_mentions': []},
                        'favorite_count': 27193,
                        'favorited': False,
                        'geo': None,
                        'id': 1154105055479570433,
                        'id_str': '1154105055479570433',
                        'in_reply_to_screen_name': None,
                        'in_reply_to_status_id': None,
                        'in_reply_to_status_id_str': None,
                        'in_reply_to_user_id': None,
                        'in_reply_to_user_id_str': None,
                        'is_quote_status': False,
                        'lang': 'en',
                        'metadata': { 'iso_language_code': 'en',
                                      'result_type': 'recent'},
                        'place': None,
                        'possibly_sensitive': False,
                        'retweet_count': 13709,
                        'retweeted': False,
                        'source': '<a '
                                  'href="http://twitter.com/download/iphone" '
                                  'rel="nofollow">Twitter for iPhone</a>',
                        'text': 'Awkward: Ilhan Omar Told Somali Immigrant: '
                                'Why Don\'t We Deport You Back To "Where Ever '
                                'You Came From" | Zero Hedge '
                                'https://t.co/j4JtFbKk5U',
                        'truncated': False,
                        'user': { 'contributors_enabled': False,
                                  'created_at': 'Mon May 11 21:18:33 +0000 '
                                                '2009',
                                  'default_profile': False,
                                  'default_profile_image': False,
                                  'description': 'EVP of Development & '
                                                 'Acquisitions The @Trump '
                                                 'Organization, Father, '
                                                 'Outdoorsman, In a past life '
                                                 'Boardroom Advisor on The '
                                                 'Apprentice',
                                  'entities': { 'description': {'urls': []},
                                                'url': { 'urls': [ { 'display_url': 'centerstreet.com/titles/donald-…',
                                                                     'expanded_url': 'https://www.centerstreet.com/titles/donald-trump-jr/triggered/9781546086031/',
                                                                     'indices': [ 0,
                                                                                  23],
                                                                     'url': 'https://t.co/p0wYduKA0W'}]}},
                                  'favourites_count': 12553,
                                  'follow_request_sent': None,
                                  'followers_count': 3726284,
                                  'following': None,
                                  'friends_count': 1340,
                                  'geo_enabled': False,
                                  'has_extended_profile': False,
                                  'id': 39344374,
                                  'id_str': '39344374',
                                  'is_translation_enabled': False,
                                  'is_translator': False,
                                  'lang': None,
                                  'listed_count': 10983,
                                  'location': '',
                                  'name': 'Donald Trump Jr.',
                                  'notifications': None,
                                  'profile_background_color': 'C0DEED',
                                  'profile_background_image_url': 'http://abs.twimg.com/images/themes/theme1/bg.png',
                                  'profile_background_image_url_https': 'https://abs.twimg.com/images/themes/theme1/bg.png',
                                  'profile_background_tile': True,
                                  'profile_banner_url': 'https://pbs.twimg.com/profile_banners/39344374/1471620140',
                                  'profile_image_url': 'http://pbs.twimg.com/profile_images/766652495858896897/LjrJJB9a_normal.jpg',
                                  'profile_image_url_https': 'https://pbs.twimg.com/profile_images/766652495858896897/LjrJJB9a_normal.jpg',
                                  'profile_link_color': '15317E',
                                  'profile_sidebar_border_color': 'C0DEED',
                                  'profile_sidebar_fill_color': 'DDEEF6',
                                  'profile_text_color': '333333',
                                  'profile_use_background_image': True,
                                  'protected': False,
                                  'screen_name': 'DonaldJTrumpJr',
                                  'statuses_count': 29331,
                                  'time_zone': None,
                                  'translator_type': 'none',
                                  'url': 'https://t.co/p0wYduKA0W',
                                  'utc_offset': None,
                                  'verified': True}},
  'source': '<a href="https://mobile.twitter.com" rel="nofollow">Twitter Web '
            'App</a>',
  'text': 'RT @DonaldJTrumpJr: Awkward: Ilhan Omar Told Somali Immigrant: Why '
          'Don\'t We Deport You Back To "Where Ever You Came From" | Zero '
          'Hedge http…',
  'truncated': False,
  'user': { 'contributors_enabled': False,
            'created_at': 'Mon Jan 28 03:56:47 +0000 2013',
            'default_profile': False,
            'default_profile_image': False,
            'description': "I shoot, I hunt.  Army (retired), '82-'10.  Iraq, "
                           "'03-'04; '07-'08.  NRA Benefactor member and GOA "
                           'member.\n'
                           '#2A #Constitution #Vets #MolonLabe',
            'entities': {'description': {'urls': []}},
            'favourites_count': 69970,
            'follow_request_sent': None,
            'followers_count': 2662,
            'following': None,
            'friends_count': 71,
            'geo_enabled': False,
            'has_extended_profile': False,
            'id': 1126947913,
            'id_str': '1126947913',
            'is_translation_enabled': False,
            'is_translator': False,
            'lang': None,
            'listed_count': 80,
            'location': "People's Republik of Illinois",
            'name': 'LTC Hunter',
            'notifications': None,
            'profile_background_color': '000000',
            'profile_background_image_url': 'http://abs.twimg.com/images/themes/theme1/bg.png',
            'profile_background_image_url_https': 'https://abs.twimg.com/images/themes/theme1/bg.png',
            'profile_background_tile': False,
            'profile_banner_url': 'https://pbs.twimg.com/profile_banners/1126947913/1562159844',
            'profile_image_url': 'http://pbs.twimg.com/profile_images/1082291033046577152/ZdX8H9xY_normal.jpg',
            'profile_image_url_https': 'https://pbs.twimg.com/profile_images/1082291033046577152/ZdX8H9xY_normal.jpg',
            'profile_link_color': '1B95E0',
            'profile_sidebar_border_color': '000000',
            'profile_sidebar_fill_color': '000000',
            'profile_text_color': '000000',
            'profile_use_background_image': False,
            'protected': False,
            'screen_name': 'LTC_Hunter',
            'statuses_count': 77251,
            'time_zone': None,
            'translator_type': 'none',
            'url': None,
            'utc_offset': None,
            'verified': False}}
----------Summary----------
{ 'entities': {},
  'id_str': '1154132971466739714',
  'retweeted_status': { 'entities': { 'urls': { 'display_url': 'zerohedge.com/news/2019-07-2…',
                                                'expanded_url': 'https://www.zerohedge.com/news/2019-07-24/ilhan-omar-told-somali-immigrant-why-dont-we-deport-you-back-where-ever-you-came'}},
                        'id_str': '1154105055479570433',
                        'text': 'awkward: ilhan omar told somali immigrant: '
                                'why don\'t we deport you back to "where ever '
                                'you came from" | zero hedge '
                                'https://t.co/j4jtfbkk5u',
                        'user': { 'entities': {},
                                  'id_str': '39344374',
                                  'twitter_user': 'DonaldJTrumpJr'}},
  'text': 'rt @donaldjtrumpjr: awkward: ilhan omar told somali immigrant: why '
          'don\'t we deport you back to "where ever you came from" | zero '
          'hedge http',
  'user': { 'entities': {},
            'id_str': '1126947913',
            'twitter_user': 'LTC_Hunter'}}
----------Groups----------
{ 'Bitcoin': ['bitcoin', 'Bitcoin', 'btc', 'satoshi nakamoto'],
  'Ethereum': ['ethereum', 'Ethereum', 'eth', 'vitalik buterin'],
  'Litecoin': ['litecoin', 'Litecoin', 'ltc', 'charles lee'],
  'Monero': ['monero', 'Monero', 'xmr', 'riccardo spagni'],
  'Ripple': [ 'ripple',
              'Ripple',
              'xrp',
              'xrapid',
              'xcurrent',
              'chris larsen',
              'jed mccaleb']}
---------------------------Fetch-------2019-07-31 16:02:27.916257: Tweet filed under "misc":----------Data----------
{ 'contributors': None,
  'coordinates': None,
  'created_at': 'Wed Jul 24 20:54:24 +0000 2019',
  'entities': { 'hashtags': [],
                'symbols': [],
                'urls': [ { 'display_url': 'Moon3D.io',
                            'expanded_url': 'http://Moon3D.io',
                            'indices': [105, 128],
                            'url': 'https://t.co/0CSmO7ABNK'}],
                'user_mentions': [ { 'id': 1105587959154257922,
                                     'id_str': '1105587959154257922',
                                     'indices': [3, 12],
                                     'name': 'Moon3D',
                                     'screen_name': 'Moon3Dio'}]},
  'favorite_count': 0,
  'favorited': False,
  'geo': None,
  'id': 1154132748694691841,
  'id_str': '1154132748694691841',
  'in_reply_to_screen_name': None,
  'in_reply_to_status_id': None,
  'in_reply_to_status_id_str': None,
  'in_reply_to_user_id': None,
  'in_reply_to_user_id_str': None,
  'is_quote_status': False,
  'lang': 'en',
  'metadata': {'iso_language_code': 'en', 'result_type': 'recent'},
  'place': None,
  'possibly_sensitive': False,
  'retweet_count': 4,
  'retweeted': False,
  'retweeted_status': { 'contributors': None,
                        'coordinates': None,
                        'created_at': 'Wed Jul 24 20:39:39 +0000 2019',
                        'entities': { 'hashtags': [],
                                      'symbols': [],
                                      'urls': [ { 'display_url': 'Moon3D.io',
                                                  'expanded_url': 'http://Moon3D.io',
                                                  'indices': [91, 114],
                                                  'url': 'https://t.co/0CSmO7ABNK'},
                                                { 'display_url': 'twitter.com/i/web/status/1…',
                                                  'expanded_url': 'https://twitter.com/i/web/status/1154129035297021953',
                                                  'indices': [116, 139],
                                                  'url': 'https://t.co/Xd8mKVA0P5'}],
                                      'user_mentions': []},
                        'favorite_count': 9,
                        'favorited': False,
                        'geo': None,
                        'id': 1154129035297021953,
                        'id_str': '1154129035297021953',
                        'in_reply_to_screen_name': None,
                        'in_reply_to_status_id': None,
                        'in_reply_to_status_id_str': None,
                        'in_reply_to_user_id': None,
                        'in_reply_to_user_id_str': None,
                        'is_quote_status': False,
                        'lang': 'en',
                        'metadata': { 'iso_language_code': 'en',
                                      'result_type': 'recent'},
                        'place': None,
                        'possibly_sensitive': False,
                        'retweet_count': 4,
                        'retweeted': False,
                        'source': '<a href="https://mobile.twitter.com" '
                                  'rel="nofollow">Twitter Web App</a>',
                        'text': 'Congratulations to these 15 players who were '
                                'able to hit the top of the moon!\n'
                                '\n'
                                'Try it now 👉https://t.co/0CSmO7ABNK… '
                                'https://t.co/Xd8mKVA0P5',
                        'truncated': True,
                        'user': { 'contributors_enabled': False,
                                  'created_at': 'Tue Mar 12 21:54:45 +0000 '
                                                '2019',
                                  'default_profile': False,
                                  'default_profile_image': False,
                                  'description': "The world's most exciting "
                                                 'crypto game, using Ethereum, '
                                                 'Bitcoin, and more. To the '
                                                 'moon!',
                                  'entities': { 'description': {'urls': []},
                                                'url': { 'urls': [ { 'display_url': 'moon3d.io',
                                                                     'expanded_url': 'http://moon3d.io',
                                                                     'indices': [ 0,
                                                                                  23],
                                                                     'url': 'https://t.co/80lXCWIUoA'}]}},
                                  'favourites_count': 79,
                                  'follow_request_sent': None,
                                  'followers_count': 2067,
                                  'following': None,
                                  'friends_count': 19,
                                  'geo_enabled': False,
                                  'has_extended_profile': False,
                                  'id': 1105587959154257922,
                                  'id_str': '1105587959154257922',
                                  'is_translation_enabled': False,
                                  'is_translator': False,
                                  'lang': None,
                                  'listed_count': 0,
                                  'location': '',
                                  'name': 'Moon3D',
                                  'notifications': None,
                                  'profile_background_color': '000000',
                                  'profile_background_image_url': 'http://abs.twimg.com/images/themes/theme1/bg.png',
                                  'profile_background_image_url_https': 'https://abs.twimg.com/images/themes/theme1/bg.png',
                                  'profile_background_tile': False,
                                  'profile_banner_url': 'https://pbs.twimg.com/profile_banners/1105587959154257922/1556661204',
                                  'profile_image_url': 'http://pbs.twimg.com/profile_images/1120882288118644737/67mjz6tH_normal.png',
                                  'profile_image_url_https': 'https://pbs.twimg.com/profile_images/1120882288118644737/67mjz6tH_normal.png',
                                  'profile_link_color': '000000',
                                  'profile_sidebar_border_color': '000000',
                                  'profile_sidebar_fill_color': '000000',
                                  'profile_text_color': '000000',
                                  'profile_use_background_image': False,
                                  'protected': False,
                                  'screen_name': 'Moon3Dio',
                                  'statuses_count': 146,
                                  'time_zone': None,
                                  'translator_type': 'none',
                                  'url': 'https://t.co/80lXCWIUoA',
                                  'utc_offset': None,
                                  'verified': False}},
  'source': '<a href="http://twitter.com" rel="nofollow">Twitter Web '
            'Client</a>',
  'text': 'RT @Moon3Dio: Congratulations to these 15 players who were able to '
          'hit the top of the moon!\n'
          '\n'
          'Try it now 👉https://t.co/0CSmO7ABNK\n'
          '\n'
          'The world…',
  'truncated': False,
  'user': { 'contributors_enabled': False,
            'created_at': 'Sun Jun 26 18:09:22 +0000 2016',
            'default_profile': False,
            'default_profile_image': False,
            'description': 'Crypto/Wax Streamer | avg 25-35 viewers | '
                           'Working/Worked with: @moon3dio',
            'entities': { 'description': {'urls': []},
                          'url': { 'urls': [ { 'display_url': 'twitch.tv/ssdavidssop1',
                                               'expanded_url': 'http://twitch.tv/ssdavidssop1',
                                               'indices': [0, 23],
                                               'url': 'https://t.co/wwMAOm9Smt'}]}},
            'favourites_count': 5733,
            'follow_request_sent': None,
            'followers_count': 514,
            'following': None,
            'friends_count': 411,
            'geo_enabled': False,
            'has_extended_profile': False,
            'id': 747129640188272640,
            'id_str': '747129640188272640',
            'is_translation_enabled': False,
            'is_translator': False,
            'lang': None,
            'listed_count': 1,
            'location': 'Deutschland',
            'name': 'ssdavidssop1',
            'notifications': None,
            'profile_background_color': '000000',
            'profile_background_image_url': 'http://abs.twimg.com/images/themes/theme1/bg.png',
            'profile_background_image_url_https': 'https://abs.twimg.com/images/themes/theme1/bg.png',
            'profile_background_tile': False,
            'profile_banner_url': 'https://pbs.twimg.com/profile_banners/747129640188272640/1559848139',
            'profile_image_url': 'http://pbs.twimg.com/profile_images/1151715692850417665/gz4_GN7R_normal.jpg',
            'profile_image_url_https': 'https://pbs.twimg.com/profile_images/1151715692850417665/gz4_GN7R_normal.jpg',
            'profile_link_color': '19CF86',
            'profile_sidebar_border_color': '000000',
            'profile_sidebar_fill_color': '000000',
            'profile_text_color': '000000',
            'profile_use_background_image': False,
            'protected': False,
            'screen_name': 'ssdavidssop',
            'statuses_count': 3024,
            'time_zone': None,
            'translator_type': 'none',
            'url': 'https://t.co/wwMAOm9Smt',
            'utc_offset': None,
            'verified': False}}
----------Summary----------
{ 'entities': { 'urls': { 'display_url': 'Moon3D.io',
                          'expanded_url': 'http://Moon3D.io'}},
  'id_str': '1154132748694691841',
  'retweeted_status': { 'entities': { 'urls': { 'display_url': 'twitter.com/i/web/status/1…',
                                                'expanded_url': 'https://twitter.com/i/web/status/1154129035297021953'}},
                        'id_str': '1154129035297021953',
                        'text': 'congratulations to these 15 players who were '
                                'able to hit the top of the moon!  try it now '
                                'https://t.co/0csmo7abnk '
                                'https://t.co/xd8mkva0p5',
                        'user': { 'entities': {},
                                  'id_str': '1105587959154257922',
                                  'twitter_user': 'Moon3Dio'}},
  'text': 'rt @moon3dio: congratulations to these 15 players who were able to '
          'hit the top of the moon!  try it now https://t.co/0csmo7abnk  the '
          'world',
  'user': { 'entities': {},
            'id_str': '747129640188272640',
            'twitter_user': 'ssdavidssop'}}
----------Groups----------
{ 'Bitcoin': ['bitcoin', 'Bitcoin', 'btc', 'satoshi nakamoto'],
  'Ethereum': ['ethereum', 'Ethereum', 'eth', 'vitalik buterin'],
  'Litecoin': ['litecoin', 'Litecoin', 'ltc', 'charles lee'],
  'Monero': ['monero', 'Monero', 'xmr', 'riccardo spagni'],
  'Ripple': [ 'ripple',
              'Ripple',
              'xrp',
              'xrapid',
              'xcurrent',
              'chris larsen',
              'jed mccaleb']}
---------------------------Fetch-------2019-07-31 16:02:28.144474: Tweet filed under "misc":----------Data----------
{ 'contributors': None,
  'coordinates': None,
  'created_at': 'Wed Jul 24 20:54:24 +0000 2019',
  'entities': { 'hashtags': [],
                'symbols': [],
                'urls': [ { 'display_url': 'twitter.com/i/web/status/1…',
                            'expanded_url': 'https://twitter.com/i/web/status/1154132747457138688',
                            'indices': [115, 138],
                            'url': 'https://t.co/tbrlueXxpr'}],
                'user_mentions': []},
  'favorite_count': 0,
  'favorited': False,
  'geo': None,
  'id': 1154132747457138688,
  'id_str': '1154132747457138688',
  'in_reply_to_screen_name': None,
  'in_reply_to_status_id': None,
  'in_reply_to_status_id_str': None,
  'in_reply_to_user_id': None,
  'in_reply_to_user_id_str': None,
  'is_quote_status': False,
  'lang': 'en',
  'metadata': {'iso_language_code': 'en', 'result_type': 'recent'},
  'place': None,
  'possibly_sensitive': False,
  'retweet_count': 0,
  'retweeted': False,
  'source': '<a href="http://hearsaysystems.com" rel="nofollow">Hearsay '
            'Social</a>',
  'text': "Call today to reserve your spot at Saturday's Brunch and Learn on "
          'Protecting Wealth from Long Term Care Expenses.… '
          'https://t.co/tbrlueXxpr',
  'truncated': True,
  'user': { 'contributors_enabled': False,
            'created_at': 'Wed Dec 12 15:10:31 +0000 2018',
            'default_profile': False,
            'default_profile_image': False,
            'description': '"If you can\'t explain it to a six-year-old, you '
                           'don\'t understand it yourself."--Albert Einstein   '
                           'Where to go for advice you can comprehend.',
            'entities': { 'description': {'urls': []},
                          'url': { 'urls': [ { 'display_url': 's2wealth.com',
                                               'expanded_url': 'http://www.s2wealth.com',
                                               'indices': [0, 23],
                                               'url': 'https://t.co/LfV4VKqFiv'}]}},
            'favourites_count': 14,
            'follow_request_sent': None,
            'followers_count': 41,
            'following': None,
            'friends_count': 84,
            'geo_enabled': False,
            'has_extended_profile': False,
            'id': 1072871324660494336,
            'id_str': '1072871324660494336',
            'is_translation_enabled': False,
            'is_translator': False,
            'lang': None,
            'listed_count': 1,
            'location': 'Chicago, IL',
            'name': 'S2 Wealth Planning',
            'notifications': None,
            'profile_background_color': '000000',
            'profile_background_image_url': 'http://abs.twimg.com/images/themes/theme1/bg.png',
            'profile_background_image_url_https': 'https://abs.twimg.com/images/themes/theme1/bg.png',
            'profile_background_tile': False,
            'profile_banner_url': 'https://pbs.twimg.com/profile_banners/1072871324660494336/1544627662',
            'profile_image_url': 'http://pbs.twimg.com/profile_images/1072872397907378176/oIDFVv7g_normal.jpg',
            'profile_image_url_https': 'https://pbs.twimg.com/profile_images/1072872397907378176/oIDFVv7g_normal.jpg',
            'profile_link_color': '1B95E0',
            'profile_sidebar_border_color': '000000',
            'profile_sidebar_fill_color': '000000',
            'profile_text_color': '000000',
            'profile_use_background_image': False,
            'protected': False,
            'screen_name': 'S2WealthPlanni1',
            'statuses_count': 301,
            'time_zone': None,
            'translator_type': 'none',
            'url': 'https://t.co/LfV4VKqFiv',
            'utc_offset': None,
            'verified': False}}
----------Summary----------
{ 'entities': { 'urls': { 'display_url': 'twitter.com/i/web/status/1…',
                          'expanded_url': 'https://twitter.com/i/web/status/1154132747457138688'}},
  'id_str': '1154132747457138688',
  'text': "call today to reserve your spot at saturday's brunch and learn on "
          'protecting wealth from long term care expenses. '
          'https://t.co/tbrluexxpr',
  'user': { 'entities': {},
            'id_str': '1072871324660494336',
            'twitter_user': 'S2WealthPlanni1'}}
----------Groups----------
{ 'Bitcoin': ['bitcoin', 'Bitcoin', 'btc', 'satoshi nakamoto'],
  'Ethereum': ['ethereum', 'Ethereum', 'eth', 'vitalik buterin'],
  'Litecoin': ['litecoin', 'Litecoin', 'ltc', 'charles lee'],
  'Monero': ['monero', 'Monero', 'xmr', 'riccardo spagni'],
  'Ripple': [ 'ripple',
              'Ripple',
              'xrp',
              'xrapid',
              'xcurrent',
              'chris larsen',
              'jed mccaleb']}
---------------------------Fetch-------2019-07-31 16:02:28.420351: Tweet filed under "misc":----------Data----------
{ 'contributors': None,
  'coordinates': None,
  'created_at': 'Wed Jul 24 20:55:37 +0000 2019',
  'entities': { 'hashtags': [ {'indices': [1, 8], 'text': 'SUTTLE'},
                              {'indices': [87, 99], 'text': 'prettinikki'},
                              {'indices': [100, 106], 'text': 'moody'},
                              {'indices': [107, 115], 'text': 'kendall'}],
                'symbols': [],
                'urls': [ { 'display_url': 'twitter.com/i/web/status/1…',
                            'expanded_url': 'https://twitter.com/i/web/status/1154133055709286400',
                            'indices': [117, 140],
                            'url': 'https://t.co/CoB7COIWGf'}],
                'user_mentions': []},
  'favorite_count': 1,
  'favorited': False,
  'geo': None,
  'id': 1154133055709286400,
  'id_str': '1154133055709286400',
  'in_reply_to_screen_name': None,
  'in_reply_to_status_id': None,
  'in_reply_to_status_id_str': None,
  'in_reply_to_user_id': None,
  'in_reply_to_user_id_str': None,
  'is_quote_status': False,
  'lang': 'en',
  'metadata': {'iso_language_code': 'en', 'result_type': 'recent'},
  'place': None,
  'possibly_sensitive': False,
  'retweet_count': 0,
  'retweeted': False,
  'source': '<a href="http://twitter.com/download/android" '
            'rel="nofollow">Twitter for Android</a>',
  'text': '🗣#SUTTLE SHOWS JULY-AUG!!💃🏽🕺🏾🎤🥁🎹🎸🎶 **WEDNESDAY AUG. 14TH BEAT THE '
          'STREETS SUTTLE LIVE \n'
          '#prettinikki #moody #kendall… https://t.co/CoB7COIWGf',
  'truncated': True,
  'user': { 'contributors_enabled': False,
            'created_at': 'Thu Sep 17 07:15:33 +0000 2015',
            'default_profile': True,
            'default_profile_image': False,
            'description': '',
            'entities': {'description': {'urls': []}},
            'favourites_count': 15,
            'follow_request_sent': None,
            'followers_count': 78,
            'following': None,
            'friends_count': 53,
            'geo_enabled': False,
            'has_extended_profile': False,
            'id': 3683190555,
            'id_str': '3683190555',
            'is_translation_enabled': False,
            'is_translator': False,
            'lang': None,
            'listed_count': 1,
            'location': '',
            'name': '#Suttle',
            'notifications': None,
            'profile_background_color': 'C0DEED',
            'profile_background_image_url': 'http://abs.twimg.com/images/themes/theme1/bg.png',
            'profile_background_image_url_https': 'https://abs.twimg.com/images/themes/theme1/bg.png',
            'profile_background_tile': False,
            'profile_banner_url': 'https://pbs.twimg.com/profile_banners/3683190555/1556301777',
            'profile_image_url': 'http://pbs.twimg.com/profile_images/1154891747903836160/C9dmZARW_normal.jpg',
            'profile_image_url_https': 'https://pbs.twimg.com/profile_images/1154891747903836160/C9dmZARW_normal.jpg',
            'profile_link_color': '1DA1F2',
            'profile_sidebar_border_color': 'C0DEED',
            'profile_sidebar_fill_color': 'DDEEF6',
            'profile_text_color': '333333',
            'profile_use_background_image': True,
            'protected': False,
            'screen_name': 'squadsuttle',
            'statuses_count': 1799,
            'time_zone': None,
            'translator_type': 'none',
            'url': None,
            'utc_offset': None,
            'verified': False}}
----------Summary----------
{ 'entities': { 'urls': { 'display_url': 'twitter.com/i/web/status/1…',
                          'expanded_url': 'https://twitter.com/i/web/status/1154133055709286400'}},
  'id_str': '1154133055709286400',
  'text': '#suttle shows july-aug!! **wednesday aug. 14th beat the streets '
          'suttle live  #prettinikki #moody #kendall https://t.co/cob7coiwgf',
  'user': { 'entities': {},
            'id_str': '3683190555',
            'twitter_user': 'squadsuttle'}}
----------Groups----------
{ 'Bitcoin': ['bitcoin', 'Bitcoin', 'btc', 'satoshi nakamoto'],
  'Ethereum': ['ethereum', 'Ethereum', 'eth', 'vitalik buterin'],
  'Litecoin': ['litecoin', 'Litecoin', 'ltc', 'charles lee'],
  'Monero': ['monero', 'Monero', 'xmr', 'riccardo spagni'],
  'Ripple': [ 'ripple',
              'Ripple',
              'xrp',
              'xrapid',
              'xcurrent',
              'chris larsen',
              'jed mccaleb']}
---------------------------Fetch-------2019-07-31 16:02:28.624582: Tweet filed under "misc":----------Data----------
{ 'contributors': None,
  'coordinates': None,
  'created_at': 'Wed Jul 24 20:54:21 +0000 2019',
  'entities': { 'hashtags': [ {'indices': [1, 8], 'text': 'SUTTLE'},
                              {'indices': [87, 99], 'text': 'prettinikki'},
                              {'indices': [100, 106], 'text': 'moody'},
                              {'indices': [107, 115], 'text': 'kendall'}],
                'symbols': [],
                'urls': [ { 'display_url': 'twitter.com/i/web/status/1…',
                            'expanded_url': 'https://twitter.com/i/web/status/1154132733242880000',
                            'indices': [117, 140],
                            'url': 'https://t.co/Q1UfYW6Kjd'}],
                'user_mentions': []},
  'favorite_count': 1,
  'favorited': False,
  'geo': None,
  'id': 1154132733242880000,
  'id_str': '1154132733242880000',
  'in_reply_to_screen_name': None,
  'in_reply_to_status_id': None,
  'in_reply_to_status_id_str': None,
  'in_reply_to_user_id': None,
  'in_reply_to_user_id_str': None,
  'is_quote_status': False,
  'lang': 'en',
  'metadata': {'iso_language_code': 'en', 'result_type': 'recent'},
  'place': None,
  'possibly_sensitive': False,
  'retweet_count': 0,
  'retweeted': False,
  'source': '<a href="http://instagram.com" rel="nofollow">Instagram</a>',
  'text': '🗣#SUTTLE SHOWS JULY-AUG!!💃🏽🕺🏾🎤🥁🎹🎸🎶 **WEDNESDAY AUG. 14TH BEAT THE '
          'STREETS SUTTLE LIVE \n'
          '#prettinikki #moody #kendall… https://t.co/Q1UfYW6Kjd',
  'truncated': True,
  'user': { 'contributors_enabled': False,
            'created_at': 'Thu Sep 17 07:15:33 +0000 2015',
            'default_profile': True,
            'default_profile_image': False,
            'description': '',
            'entities': {'description': {'urls': []}},
            'favourites_count': 15,
            'follow_request_sent': None,
            'followers_count': 78,
            'following': None,
            'friends_count': 53,
            'geo_enabled': False,
            'has_extended_profile': False,
            'id': 3683190555,
            'id_str': '3683190555',
            'is_translation_enabled': False,
            'is_translator': False,
            'lang': None,
            'listed_count': 1,
            'location': '',
            'name': '#Suttle',
            'notifications': None,
            'profile_background_color': 'C0DEED',
            'profile_background_image_url': 'http://abs.twimg.com/images/themes/theme1/bg.png',
            'profile_background_image_url_https': 'https://abs.twimg.com/images/themes/theme1/bg.png',
            'profile_background_tile': False,
            'profile_banner_url': 'https://pbs.twimg.com/profile_banners/3683190555/1556301777',
            'profile_image_url': 'http://pbs.twimg.com/profile_images/1154891747903836160/C9dmZARW_normal.jpg',
            'profile_image_url_https': 'https://pbs.twimg.com/profile_images/1154891747903836160/C9dmZARW_normal.jpg',
            'profile_link_color': '1DA1F2',
            'profile_sidebar_border_color': 'C0DEED',
            'profile_sidebar_fill_color': 'DDEEF6',
            'profile_text_color': '333333',
            'profile_use_background_image': True,
            'protected': False,
            'screen_name': 'squadsuttle',
            'statuses_count': 1799,
            'time_zone': None,
            'translator_type': 'none',
            'url': None,
            'utc_offset': None,
            'verified': False}}
----------Summary----------
{ 'entities': { 'urls': { 'display_url': 'twitter.com/i/web/status/1…',
                          'expanded_url': 'https://twitter.com/i/web/status/1154132733242880000'}},
  'id_str': '1154132733242880000',
  'text': '#suttle shows july-aug!! **wednesday aug. 14th beat the streets '
          'suttle live  #prettinikki #moody #kendall https://t.co/q1ufyw6kjd',
  'user': { 'entities': {},
            'id_str': '3683190555',
            'twitter_user': 'squadsuttle'}}
----------Groups----------
{ 'Bitcoin': ['bitcoin', 'Bitcoin', 'btc', 'satoshi nakamoto'],
  'Ethereum': ['ethereum', 'Ethereum', 'eth', 'vitalik buterin'],
  'Litecoin': ['litecoin', 'Litecoin', 'ltc', 'charles lee'],
  'Monero': ['monero', 'Monero', 'xmr', 'riccardo spagni'],
  'Ripple': [ 'ripple',
              'Ripple',
              'xrp',
              'xrapid',
              'xcurrent',
              'chris larsen',
              'jed mccaleb']}
---------------------------Fetch-------2019-07-31 16:02:29.238599: Tweet filed under "misc":----------Data----------
{ 'contributors': None,
  'coordinates': None,
  'created_at': 'Wed Jul 24 20:14:03 +0000 2019',
  'entities': { 'hashtags': [],
                'symbols': [],
                'urls': [],
                'user_mentions': [ { 'id': 37604523,
                                     'id_str': '37604523',
                                     'indices': [3, 15],
                                     'name': 'Grady Smith',
                                     'screen_name': 'gradywsmith'}]},
  'favorite_count': 0,
  'favorited': False,
  'geo': None,
  'id': 1154122594037248000,
  'id_str': '1154122594037248000',
  'in_reply_to_screen_name': None,
  'in_reply_to_status_id': None,
  'in_reply_to_status_id_str': None,
  'in_reply_to_user_id': None,
  'in_reply_to_user_id_str': None,
  'is_quote_status': False,
  'lang': 'en',
  'metadata': {'iso_language_code': 'en', 'result_type': 'recent'},
  'place': None,
  'possibly_sensitive': False,
  'retweet_count': 14,
  'retweeted': False,
  'retweeted_status': { 'contributors': None,
                        'coordinates': None,
                        'created_at': 'Wed Jul 24 18:19:15 +0000 2019',
                        'entities': { 'hashtags': [],
                                      'symbols': [],
                                      'urls': [ { 'display_url': 'twitter.com/i/web/status/1…',
                                                  'expanded_url': 'https://twitter.com/i/web/status/1154093702366687232',
                                                  'indices': [117, 140],
                                                  'url': 'https://t.co/DbXfnmHP20'}],
                                      'user_mentions': []},
                        'favorite_count': 102,
                        'favorited': False,
                        'geo': None,
                        'id': 1154093702366687232,
                        'id_str': '1154093702366687232',
                        'in_reply_to_screen_name': None,
                        'in_reply_to_status_id': None,
                        'in_reply_to_status_id_str': None,
                        'in_reply_to_user_id': None,
                        'in_reply_to_user_id_str': None,
                        'is_quote_status': False,
                        'lang': 'en',
                        'metadata': { 'iso_language_code': 'en',
                                      'result_type': 'recent'},
                        'place': None,
                        'possibly_sensitive': False,
                        'retweet_count': 14,
                        'retweeted': False,
                        'source': '<a href="http://twitter.com" '
                                  'rel="nofollow">Twitter Web Client</a>',
                        'text': 'The Best Under the Radar Country Artists of '
                                '2019! Featuring some artists that I really '
                                'love right now:\n'
                                'Gabe Lee\n'
                                'Emi… https://t.co/DbXfnmHP20',
                        'truncated': True,
                        'user': { 'contributors_enabled': False,
                                  'created_at': 'Mon May 04 05:42:48 +0000 '
                                                '2009',
                                  'default_profile': False,
                                  'default_profile_image': False,
                                  'description': 'Country music YouTube dude '
                                                 'and sometimes journalist. I '
                                                 'used to write for @Guardian '
                                                 'and @EW, then I quit that '
                                                 'scene. Get in touch at '
                                                 'gradywsmith@gmail.com.',
                                  'entities': { 'description': {'urls': []},
                                                'url': { 'urls': [ { 'display_url': 'youtube.com/GradySmith',
                                                                     'expanded_url': 'http://youtube.com/GradySmith',
                                                                     'indices': [ 0,
                                                                                  23],
                                                                     'url': 'https://t.co/R0v9bXLtuK'}]}},
                                  'favourites_count': 7960,
                                  'follow_request_sent': None,
                                  'followers_count': 12168,
                                  'following': None,
                                  'friends_count': 98,
                                  'geo_enabled': False,
                                  'has_extended_profile': False,
                                  'id': 37604523,
                                  'id_str': '37604523',
                                  'is_translation_enabled': False,
                                  'is_translator': False,
                                  'lang': None,
                                  'listed_count': 227,
                                  'location': 'Charlottesville, VA',
                                  'name': 'Grady Smith',
                                  'notifications': None,
                                  'profile_background_color': '000000',
                                  'profile_background_image_url': 'http://abs.twimg.com/images/themes/theme1/bg.png',
                                  'profile_background_image_url_https': 'https://abs.twimg.com/images/themes/theme1/bg.png',
                                  'profile_background_tile': False,
                                  'profile_banner_url': 'https://pbs.twimg.com/profile_banners/37604523/1489882066',
                                  'profile_image_url': 'http://pbs.twimg.com/profile_images/841487941817925632/BDrVZ3UX_normal.jpg',
                                  'profile_image_url_https': 'https://pbs.twimg.com/profile_images/841487941817925632/BDrVZ3UX_normal.jpg',
                                  'profile_link_color': '068F67',
                                  'profile_sidebar_border_color': '000000',
                                  'profile_sidebar_fill_color': '000000',
                                  'profile_text_color': '000000',
                                  'profile_use_background_image': False,
                                  'protected': False,
                                  'screen_name': 'gradywsmith',
                                  'statuses_count': 11728,
                                  'time_zone': None,
                                  'translator_type': 'none',
                                  'url': 'https://t.co/R0v9bXLtuK',
                                  'utc_offset': None,
                                  'verified': True}},
  'source': '<a href="http://twitter.com/download/iphone" '
            'rel="nofollow">Twitter for iPhone</a>',
  'text': 'RT @gradywsmith: The Best Under the Radar Country Artists of 2019! '
          'Featuring some artists that I really love right now:\n'
          'Gabe Lee\n'
          'Emily Scot…',
  'truncated': False,
  'user': { 'contributors_enabled': False,
            'created_at': 'Sun May 24 16:25:05 +0000 2009',
            'default_profile': False,
            'default_profile_image': False,
            'description': 'Senior Software Engineer, hobbyist photographer, '
                           'Jeep owner, and a big fan of music, sports, beer, '
                           'and bourbon.',
            'entities': {'description': {'urls': []}},
            'favourites_count': 10805,
            'follow_request_sent': None,
            'followers_count': 495,
            'following': None,
            'friends_count': 906,
            'geo_enabled': True,
            'has_extended_profile': False,
            'id': 42236543,
            'id_str': '42236543',
            'is_translation_enabled': False,
            'is_translator': False,
            'lang': None,
            'listed_count': 29,
            'location': 'Garner, NC',
            'name': 'Brandon Florkey',
            'notifications': None,
            'profile_background_color': 'C6E2EE',
            'profile_background_image_url': 'http://abs.twimg.com/images/themes/theme2/bg.gif',
            'profile_background_image_url_https': 'https://abs.twimg.com/images/themes/theme2/bg.gif',
            'profile_background_tile': False,
            'profile_banner_url': 'https://pbs.twimg.com/profile_banners/42236543/1402513310',
            'profile_image_url': 'http://pbs.twimg.com/profile_images/1135697540354125825/VeWNO7wz_normal.jpg',
            'profile_image_url_https': 'https://pbs.twimg.com/profile_images/1135697540354125825/VeWNO7wz_normal.jpg',
            'profile_link_color': '1F98C7',
            'profile_sidebar_border_color': 'C6E2EE',
            'profile_sidebar_fill_color': 'DAECF4',
            'profile_text_color': '663B12',
            'profile_use_background_image': True,
            'protected': False,
            'screen_name': 'BrandonFlorkey',
            'statuses_count': 22822,
            'time_zone': None,
            'translator_type': 'none',
            'url': None,
            'utc_offset': None,
            'verified': False}}
----------Summary----------
{ 'entities': {},
  'id_str': '1154122594037248000',
  'retweeted_status': { 'entities': { 'urls': { 'display_url': 'twitter.com/i/web/status/1…',
                                                'expanded_url': 'https://twitter.com/i/web/status/1154093702366687232'}},
                        'id_str': '1154093702366687232',
                        'text': 'the best under the radar country artists of '
                                '2019! featuring some artists that i really '
                                'love right now: gabe lee emi '
                                'https://t.co/dbxfnmhp20',
                        'user': { 'entities': {},
                                  'id_str': '37604523',
                                  'twitter_user': 'gradywsmith'}},
  'text': 'rt @gradywsmith: the best under the radar country artists of 2019! '
          'featuring some artists that i really love right now: gabe lee emily '
          'scot',
  'user': { 'entities': {},
            'id_str': '42236543',
            'twitter_user': 'BrandonFlorkey'}}
----------Groups----------
{ 'Bitcoin': ['bitcoin', 'Bitcoin', 'btc', 'satoshi nakamoto'],
  'Ethereum': ['ethereum', 'Ethereum', 'eth', 'vitalik buterin'],
  'Litecoin': ['litecoin', 'Litecoin', 'ltc', 'charles lee'],
  'Monero': ['monero', 'Monero', 'xmr', 'riccardo spagni'],
  'Ripple': [ 'ripple',
              'Ripple',
              'xrp',
              'xrapid',
              'xcurrent',
              'chris larsen',
              'jed mccaleb']}
---------------------------Fetch-------2019-07-31 16:02:29.549140: Tweet filed under "misc":----------Data----------
{ 'contributors': None,
  'coordinates': None,
  'created_at': 'Wed Jul 24 20:12:41 +0000 2019',
  'entities': { 'hashtags': [],
                'symbols': [],
                'urls': [],
                'user_mentions': [ { 'id': 37604523,
                                     'id_str': '37604523',
                                     'indices': [3, 15],
                                     'name': 'Grady Smith',
                                     'screen_name': 'gradywsmith'}]},
  'favorite_count': 0,
  'favorited': False,
  'geo': None,
  'id': 1154122250938986496,
  'id_str': '1154122250938986496',
  'in_reply_to_screen_name': None,
  'in_reply_to_status_id': None,
  'in_reply_to_status_id_str': None,
  'in_reply_to_user_id': None,
  'in_reply_to_user_id_str': None,
  'is_quote_status': False,
  'lang': 'en',
  'metadata': {'iso_language_code': 'en', 'result_type': 'recent'},
  'place': None,
  'possibly_sensitive': False,
  'retweet_count': 14,
  'retweeted': False,
  'retweeted_status': { 'contributors': None,
                        'coordinates': None,
                        'created_at': 'Wed Jul 24 18:19:15 +0000 2019',
                        'entities': { 'hashtags': [],
                                      'symbols': [],
                                      'urls': [ { 'display_url': 'twitter.com/i/web/status/1…',
                                                  'expanded_url': 'https://twitter.com/i/web/status/1154093702366687232',
                                                  'indices': [117, 140],
                                                  'url': 'https://t.co/DbXfnmHP20'}],
                                      'user_mentions': []},
                        'favorite_count': 102,
                        'favorited': False,
                        'geo': None,
                        'id': 1154093702366687232,
                        'id_str': '1154093702366687232',
                        'in_reply_to_screen_name': None,
                        'in_reply_to_status_id': None,
                        'in_reply_to_status_id_str': None,
                        'in_reply_to_user_id': None,
                        'in_reply_to_user_id_str': None,
                        'is_quote_status': False,
                        'lang': 'en',
                        'metadata': { 'iso_language_code': 'en',
                                      'result_type': 'recent'},
                        'place': None,
                        'possibly_sensitive': False,
                        'retweet_count': 14,
                        'retweeted': False,
                        'source': '<a href="http://twitter.com" '
                                  'rel="nofollow">Twitter Web Client</a>',
                        'text': 'The Best Under the Radar Country Artists of '
                                '2019! Featuring some artists that I really '
                                'love right now:\n'
                                'Gabe Lee\n'
                                'Emi… https://t.co/DbXfnmHP20',
                        'truncated': True,
                        'user': { 'contributors_enabled': False,
                                  'created_at': 'Mon May 04 05:42:48 +0000 '
                                                '2009',
                                  'default_profile': False,
                                  'default_profile_image': False,
                                  'description': 'Country music YouTube dude '
                                                 'and sometimes journalist. I '
                                                 'used to write for @Guardian '
                                                 'and @EW, then I quit that '
                                                 'scene. Get in touch at '
                                                 'gradywsmith@gmail.com.',
                                  'entities': { 'description': {'urls': []},
                                                'url': { 'urls': [ { 'display_url': 'youtube.com/GradySmith',
                                                                     'expanded_url': 'http://youtube.com/GradySmith',
                                                                     'indices': [ 0,
                                                                                  23],
                                                                     'url': 'https://t.co/R0v9bXLtuK'}]}},
                                  'favourites_count': 7960,
                                  'follow_request_sent': None,
                                  'followers_count': 12168,
                                  'following': None,
                                  'friends_count': 98,
                                  'geo_enabled': False,
                                  'has_extended_profile': False,
                                  'id': 37604523,
                                  'id_str': '37604523',
                                  'is_translation_enabled': False,
                                  'is_translator': False,
                                  'lang': None,
                                  'listed_count': 227,
                                  'location': 'Charlottesville, VA',
                                  'name': 'Grady Smith',
                                  'notifications': None,
                                  'profile_background_color': '000000',
                                  'profile_background_image_url': 'http://abs.twimg.com/images/themes/theme1/bg.png',
                                  'profile_background_image_url_https': 'https://abs.twimg.com/images/themes/theme1/bg.png',
                                  'profile_background_tile': False,
                                  'profile_banner_url': 'https://pbs.twimg.com/profile_banners/37604523/1489882066',
                                  'profile_image_url': 'http://pbs.twimg.com/profile_images/841487941817925632/BDrVZ3UX_normal.jpg',
                                  'profile_image_url_https': 'https://pbs.twimg.com/profile_images/841487941817925632/BDrVZ3UX_normal.jpg',
                                  'profile_link_color': '068F67',
                                  'profile_sidebar_border_color': '000000',
                                  'profile_sidebar_fill_color': '000000',
                                  'profile_text_color': '000000',
                                  'profile_use_background_image': False,
                                  'protected': False,
                                  'screen_name': 'gradywsmith',
                                  'statuses_count': 11728,
                                  'time_zone': None,
                                  'translator_type': 'none',
                                  'url': 'https://t.co/R0v9bXLtuK',
                                  'utc_offset': None,
                                  'verified': True}},
  'source': '<a href="http://twitter.com/download/iphone" '
            'rel="nofollow">Twitter for iPhone</a>',
  'text': 'RT @gradywsmith: The Best Under the Radar Country Artists of 2019! '
          'Featuring some artists that I really love right now:\n'
          'Gabe Lee\n'
          'Emily Scot…',
  'truncated': False,
  'user': { 'contributors_enabled': False,
            'created_at': 'Tue Feb 07 00:15:41 +0000 2017',
            'default_profile': True,
            'default_profile_image': False,
            'description': 'Our group encourages Texas / Red Dirt Country acts '
                           'to perform in the state of Florida. We spread the '
                           'word about this great genre and promote upcoming '
                           'events. 🤠',
            'entities': {'description': {'urls': []}},
            'favourites_count': 30531,
            'follow_request_sent': None,
            'followers_count': 3408,
            'following': None,
            'friends_count': 3834,
            'geo_enabled': True,
            'has_extended_profile': True,
            'id': 828759098632048644,
            'id_str': '828759098632048644',
            'is_translation_enabled': False,
            'is_translator': False,
            'lang': None,
            'listed_count': 60,
            'location': 'Florida, USA',
            'name': 'Fla RedDirt CtryClub',
            'notifications': None,
            'profile_background_color': 'F5F8FA',
            'profile_background_image_url': None,
            'profile_background_image_url_https': None,
            'profile_background_tile': False,
            'profile_banner_url': 'https://pbs.twimg.com/profile_banners/828759098632048644/1561750676',
            'profile_image_url': 'http://pbs.twimg.com/profile_images/910946710620323840/qLwosok3_normal.jpg',
            'profile_image_url_https': 'https://pbs.twimg.com/profile_images/910946710620323840/qLwosok3_normal.jpg',
            'profile_link_color': '1DA1F2',
            'profile_sidebar_border_color': 'C0DEED',
            'profile_sidebar_fill_color': 'DDEEF6',
            'profile_text_color': '333333',
            'profile_use_background_image': True,
            'protected': False,
            'screen_name': 'FlaRedDirtCC',
            'statuses_count': 13195,
            'time_zone': None,
            'translator_type': 'none',
            'url': None,
            'utc_offset': None,
            'verified': False}}
----------Summary----------
{ 'entities': {},
  'id_str': '1154122250938986496',
  'retweeted_status': { 'entities': { 'urls': { 'display_url': 'twitter.com/i/web/status/1…',
                                                'expanded_url': 'https://twitter.com/i/web/status/1154093702366687232'}},
                        'id_str': '1154093702366687232',
                        'text': 'the best under the radar country artists of '
                                '2019! featuring some artists that i really '
                                'love right now: gabe lee emi '
                                'https://t.co/dbxfnmhp20',
                        'user': { 'entities': {},
                                  'id_str': '37604523',
                                  'twitter_user': 'gradywsmith'}},
  'text': 'rt @gradywsmith: the best under the radar country artists of 2019! '
          'featuring some artists that i really love right now: gabe lee emily '
          'scot',
  'user': { 'entities': {},
            'id_str': '828759098632048644',
            'twitter_user': 'FlaRedDirtCC'}}
----------Groups----------
{ 'Bitcoin': ['bitcoin', 'Bitcoin', 'btc', 'satoshi nakamoto'],
  'Ethereum': ['ethereum', 'Ethereum', 'eth', 'vitalik buterin'],
  'Litecoin': ['litecoin', 'Litecoin', 'ltc', 'charles lee'],
  'Monero': ['monero', 'Monero', 'xmr', 'riccardo spagni'],
  'Ripple': [ 'ripple',
              'Ripple',
              'xrp',
              'xrapid',
              'xcurrent',
              'chris larsen',
              'jed mccaleb']}
---------------------------Fetch-------2019-07-31 16:02:29.841208: Tweet filed under "misc":----------Data----------
{ 'contributors': None,
  'coordinates': None,
  'created_at': 'Wed Jul 24 20:09:15 +0000 2019',
  'entities': { 'hashtags': [],
                'symbols': [],
                'urls': [],
                'user_mentions': [ { 'id': 37604523,
                                     'id_str': '37604523',
                                     'indices': [3, 15],
                                     'name': 'Grady Smith',
                                     'screen_name': 'gradywsmith'}]},
  'favorite_count': 0,
  'favorited': False,
  'geo': None,
  'id': 1154121385746358272,
  'id_str': '1154121385746358272',
  'in_reply_to_screen_name': None,
  'in_reply_to_status_id': None,
  'in_reply_to_status_id_str': None,
  'in_reply_to_user_id': None,
  'in_reply_to_user_id_str': None,
  'is_quote_status': False,
  'lang': 'en',
  'metadata': {'iso_language_code': 'en', 'result_type': 'recent'},
  'place': None,
  'possibly_sensitive': False,
  'retweet_count': 14,
  'retweeted': False,
  'retweeted_status': { 'contributors': None,
                        'coordinates': None,
                        'created_at': 'Wed Jul 24 18:19:15 +0000 2019',
                        'entities': { 'hashtags': [],
                                      'symbols': [],
                                      'urls': [ { 'display_url': 'twitter.com/i/web/status/1…',
                                                  'expanded_url': 'https://twitter.com/i/web/status/1154093702366687232',
                                                  'indices': [117, 140],
                                                  'url': 'https://t.co/DbXfnmHP20'}],
                                      'user_mentions': []},
                        'favorite_count': 102,
                        'favorited': False,
                        'geo': None,
                        'id': 1154093702366687232,
                        'id_str': '1154093702366687232',
                        'in_reply_to_screen_name': None,
                        'in_reply_to_status_id': None,
                        'in_reply_to_status_id_str': None,
                        'in_reply_to_user_id': None,
                        'in_reply_to_user_id_str': None,
                        'is_quote_status': False,
                        'lang': 'en',
                        'metadata': { 'iso_language_code': 'en',
                                      'result_type': 'recent'},
                        'place': None,
                        'possibly_sensitive': False,
                        'retweet_count': 14,
                        'retweeted': False,
                        'source': '<a href="http://twitter.com" '
                                  'rel="nofollow">Twitter Web Client</a>',
                        'text': 'The Best Under the Radar Country Artists of '
                                '2019! Featuring some artists that I really '
                                'love right now:\n'
                                'Gabe Lee\n'
                                'Emi… https://t.co/DbXfnmHP20',
                        'truncated': True,
                        'user': { 'contributors_enabled': False,
                                  'created_at': 'Mon May 04 05:42:48 +0000 '
                                                '2009',
                                  'default_profile': False,
                                  'default_profile_image': False,
                                  'description': 'Country music YouTube dude '
                                                 'and sometimes journalist. I '
                                                 'used to write for @Guardian '
                                                 'and @EW, then I quit that '
                                                 'scene. Get in touch at '
                                                 'gradywsmith@gmail.com.',
                                  'entities': { 'description': {'urls': []},
                                                'url': { 'urls': [ { 'display_url': 'youtube.com/GradySmith',
                                                                     'expanded_url': 'http://youtube.com/GradySmith',
                                                                     'indices': [ 0,
                                                                                  23],
                                                                     'url': 'https://t.co/R0v9bXLtuK'}]}},
                                  'favourites_count': 7960,
                                  'follow_request_sent': None,
                                  'followers_count': 12168,
                                  'following': None,
                                  'friends_count': 98,
                                  'geo_enabled': False,
                                  'has_extended_profile': False,
                                  'id': 37604523,
                                  'id_str': '37604523',
                                  'is_translation_enabled': False,
                                  'is_translator': False,
                                  'lang': None,
                                  'listed_count': 227,
                                  'location': 'Charlottesville, VA',
                                  'name': 'Grady Smith',
                                  'notifications': None,
                                  'profile_background_color': '000000',
                                  'profile_background_image_url': 'http://abs.twimg.com/images/themes/theme1/bg.png',
                                  'profile_background_image_url_https': 'https://abs.twimg.com/images/themes/theme1/bg.png',
                                  'profile_background_tile': False,
                                  'profile_banner_url': 'https://pbs.twimg.com/profile_banners/37604523/1489882066',
                                  'profile_image_url': 'http://pbs.twimg.com/profile_images/841487941817925632/BDrVZ3UX_normal.jpg',
                                  'profile_image_url_https': 'https://pbs.twimg.com/profile_images/841487941817925632/BDrVZ3UX_normal.jpg',
                                  'profile_link_color': '068F67',
                                  'profile_sidebar_border_color': '000000',
                                  'profile_sidebar_fill_color': '000000',
                                  'profile_text_color': '000000',
                                  'profile_use_background_image': False,
                                  'protected': False,
                                  'screen_name': 'gradywsmith',
                                  'statuses_count': 11728,
                                  'time_zone': None,
                                  'translator_type': 'none',
                                  'url': 'https://t.co/R0v9bXLtuK',
                                  'utc_offset': None,
                                  'verified': True}},
  'source': '<a href="http://twitter.com/download/iphone" '
            'rel="nofollow">Twitter for iPhone</a>',
  'text': 'RT @gradywsmith: The Best Under the Radar Country Artists of 2019! '
          'Featuring some artists that I really love right now:\n'
          'Gabe Lee\n'
          'Emily Scot…',
  'truncated': False,
  'user': { 'contributors_enabled': False,
            'created_at': 'Wed Apr 18 06:35:47 +0000 2007',
            'default_profile': False,
            'default_profile_image': False,
            'description': 'Music Publicist / Photographer. Sex, drugs and '
                           "rock 'n roll just led to AIDS, crack and techno. "
                           'Nevertheless, #shepersisted. Mostly music and '
                           'politics here.',
            'entities': { 'description': {'urls': []},
                          'url': { 'urls': [ { 'display_url': 'about.me/rachelandtheci…',
                                               'expanded_url': 'http://about.me/rachelandthecity',
                                               'indices': [0, 23],
                                               'url': 'https://t.co/gVMDNiSjWe'}]}},
            'favourites_count': 21956,
            'follow_request_sent': None,
            'followers_count': 12916,
            'following': None,
            'friends_count': 943,
            'geo_enabled': True,
            'has_extended_profile': True,
            'id': 5083721,
            'id_str': '5083721',
            'is_translation_enabled': False,
            'is_translator': False,
            'lang': None,
            'listed_count': 450,
            'location': 'Memphis, TN',
            'name': '💅🏼 Rachel Hurley 💅🏼',
            'notifications': None,
            'profile_background_color': '131516',
            'profile_background_image_url': 'http://abs.twimg.com/images/themes/theme1/bg.png',
            'profile_background_image_url_https': 'https://abs.twimg.com/images/themes/theme1/bg.png',
            'profile_background_tile': True,
            'profile_banner_url': 'https://pbs.twimg.com/profile_banners/5083721/1495465381',
            'profile_image_url': 'http://pbs.twimg.com/profile_images/1039970604479332352/-hvWRLzx_normal.jpg',
            'profile_image_url_https': 'https://pbs.twimg.com/profile_images/1039970604479332352/-hvWRLzx_normal.jpg',
            'profile_link_color': '000000',
            'profile_sidebar_border_color': 'EEEEEE',
            'profile_sidebar_fill_color': 'EFEFEF',
            'profile_text_color': '333333',
            'profile_use_background_image': True,
            'protected': False,
            'screen_name': 'Rachelanthecity',
            'statuses_count': 90847,
            'time_zone': None,
            'translator_type': 'none',
            'url': 'https://t.co/gVMDNiSjWe',
            'utc_offset': None,
            'verified': False}}
----------Summary----------
{ 'entities': {},
  'id_str': '1154121385746358272',
  'retweeted_status': { 'entities': { 'urls': { 'display_url': 'twitter.com/i/web/status/1…',
                                                'expanded_url': 'https://twitter.com/i/web/status/1154093702366687232'}},
                        'id_str': '1154093702366687232',
                        'text': 'the best under the radar country artists of '
                                '2019! featuring some artists that i really '
                                'love right now: gabe lee emi '
                                'https://t.co/dbxfnmhp20',
                        'user': { 'entities': {},
                                  'id_str': '37604523',
                                  'twitter_user': 'gradywsmith'}},
  'text': 'rt @gradywsmith: the best under the radar country artists of 2019! '
          'featuring some artists that i really love right now: gabe lee emily '
          'scot',
  'user': { 'entities': {},
            'id_str': '5083721',
            'twitter_user': 'Rachelanthecity'}}
----------Groups----------
{ 'Bitcoin': ['bitcoin', 'Bitcoin', 'btc', 'satoshi nakamoto'],
  'Ethereum': ['ethereum', 'Ethereum', 'eth', 'vitalik buterin'],
  'Litecoin': ['litecoin', 'Litecoin', 'ltc', 'charles lee'],
  'Monero': ['monero', 'Monero', 'xmr', 'riccardo spagni'],
  'Ripple': [ 'ripple',
              'Ripple',
              'xrp',
              'xrapid',
              'xcurrent',
              'chris larsen',
              'jed mccaleb']}
---------------------------Fetch-------2019-07-31 16:02:30.162872: Tweet filed under "misc":----------Data----------
{ 'contributors': None,
  'coordinates': None,
  'created_at': 'Wed Jul 24 19:52:56 +0000 2019',
  'entities': { 'hashtags': [],
                'symbols': [],
                'urls': [],
                'user_mentions': [ { 'id': 37604523,
                                     'id_str': '37604523',
                                     'indices': [3, 15],
                                     'name': 'Grady Smith',
                                     'screen_name': 'gradywsmith'}]},
  'favorite_count': 0,
  'favorited': False,
  'geo': None,
  'id': 1154117277870120965,
  'id_str': '1154117277870120965',
  'in_reply_to_screen_name': None,
  'in_reply_to_status_id': None,
  'in_reply_to_status_id_str': None,
  'in_reply_to_user_id': None,
  'in_reply_to_user_id_str': None,
  'is_quote_status': False,
  'lang': 'en',
  'metadata': {'iso_language_code': 'en', 'result_type': 'recent'},
  'place': None,
  'possibly_sensitive': False,
  'retweet_count': 14,
  'retweeted': False,
  'retweeted_status': { 'contributors': None,
                        'coordinates': None,
                        'created_at': 'Wed Jul 24 18:19:15 +0000 2019',
                        'entities': { 'hashtags': [],
                                      'symbols': [],
                                      'urls': [ { 'display_url': 'twitter.com/i/web/status/1…',
                                                  'expanded_url': 'https://twitter.com/i/web/status/1154093702366687232',
                                                  'indices': [117, 140],
                                                  'url': 'https://t.co/DbXfnmHP20'}],
                                      'user_mentions': []},
                        'favorite_count': 102,
                        'favorited': False,
                        'geo': None,
                        'id': 1154093702366687232,
                        'id_str': '1154093702366687232',
                        'in_reply_to_screen_name': None,
                        'in_reply_to_status_id': None,
                        'in_reply_to_status_id_str': None,
                        'in_reply_to_user_id': None,
                        'in_reply_to_user_id_str': None,
                        'is_quote_status': False,
                        'lang': 'en',
                        'metadata': { 'iso_language_code': 'en',
                                      'result_type': 'recent'},
                        'place': None,
                        'possibly_sensitive': False,
                        'retweet_count': 14,
                        'retweeted': False,
                        'source': '<a href="http://twitter.com" '
                                  'rel="nofollow">Twitter Web Client</a>',
                        'text': 'The Best Under the Radar Country Artists of '
                                '2019! Featuring some artists that I really '
                                'love right now:\n'
                                'Gabe Lee\n'
                                'Emi… https://t.co/DbXfnmHP20',
                        'truncated': True,
                        'user': { 'contributors_enabled': False,
                                  'created_at': 'Mon May 04 05:42:48 +0000 '
                                                '2009',
                                  'default_profile': False,
                                  'default_profile_image': False,
                                  'description': 'Country music YouTube dude '
                                                 'and sometimes journalist. I '
                                                 'used to write for @Guardian '
                                                 'and @EW, then I quit that '
                                                 'scene. Get in touch at '
                                                 'gradywsmith@gmail.com.',
                                  'entities': { 'description': {'urls': []},
                                                'url': { 'urls': [ { 'display_url': 'youtube.com/GradySmith',
                                                                     'expanded_url': 'http://youtube.com/GradySmith',
                                                                     'indices': [ 0,
                                                                                  23],
                                                                     'url': 'https://t.co/R0v9bXLtuK'}]}},
                                  'favourites_count': 7960,
                                  'follow_request_sent': None,
                                  'followers_count': 12168,
                                  'following': None,
                                  'friends_count': 98,
                                  'geo_enabled': False,
                                  'has_extended_profile': False,
                                  'id': 37604523,
                                  'id_str': '37604523',
                                  'is_translation_enabled': False,
                                  'is_translator': False,
                                  'lang': None,
                                  'listed_count': 227,
                                  'location': 'Charlottesville, VA',
                                  'name': 'Grady Smith',
                                  'notifications': None,
                                  'profile_background_color': '000000',
                                  'profile_background_image_url': 'http://abs.twimg.com/images/themes/theme1/bg.png',
                                  'profile_background_image_url_https': 'https://abs.twimg.com/images/themes/theme1/bg.png',
                                  'profile_background_tile': False,
                                  'profile_banner_url': 'https://pbs.twimg.com/profile_banners/37604523/1489882066',
                                  'profile_image_url': 'http://pbs.twimg.com/profile_images/841487941817925632/BDrVZ3UX_normal.jpg',
                                  'profile_image_url_https': 'https://pbs.twimg.com/profile_images/841487941817925632/BDrVZ3UX_normal.jpg',
                                  'profile_link_color': '068F67',
                                  'profile_sidebar_border_color': '000000',
                                  'profile_sidebar_fill_color': '000000',
                                  'profile_text_color': '000000',
                                  'profile_use_background_image': False,
                                  'protected': False,
                                  'screen_name': 'gradywsmith',
                                  'statuses_count': 11728,
                                  'time_zone': None,
                                  'translator_type': 'none',
                                  'url': 'https://t.co/R0v9bXLtuK',
                                  'utc_offset': None,
                                  'verified': True}},
  'source': '<a href="http://twitter.com/download/iphone" '
            'rel="nofollow">Twitter for iPhone</a>',
  'text': 'RT @gradywsmith: The Best Under the Radar Country Artists of 2019! '
          'Featuring some artists that I really love right now:\n'
          'Gabe Lee\n'
          'Emily Scot…',
  'truncated': False,
  'user': { 'contributors_enabled': False,
            'created_at': 'Mon Jun 17 18:02:57 +0000 2019',
            'default_profile': True,
            'default_profile_image': False,
            'description': 'covering all things country music. raise hell, and '
                           'raise country.',
            'entities': { 'description': {'urls': []},
                          'url': { 'urls': [ { 'display_url': 'raisin-country-87.webself.net',
                                               'expanded_url': 'https://raisin-country-87.webself.net',
                                               'indices': [0, 23],
                                               'url': 'https://t.co/KQwfO8GD7L'}]}},
            'favourites_count': 106,
            'follow_request_sent': None,
            'followers_count': 14,
            'following': None,
            'friends_count': 69,
            'geo_enabled': False,
            'has_extended_profile': False,
            'id': 1140681248735731713,
            'id_str': '1140681248735731713',
            'is_translation_enabled': False,
            'is_translator': False,
            'lang': None,
            'listed_count': 0,
            'location': '',
            'name': 'raisin country',
            'notifications': None,
            'profile_background_color': 'F5F8FA',
            'profile_background_image_url': None,
            'profile_background_image_url_https': None,
            'profile_background_tile': False,
            'profile_banner_url': 'https://pbs.twimg.com/profile_banners/1140681248735731713/1562357087',
            'profile_image_url': 'http://pbs.twimg.com/profile_images/1147230045431324674/ULCC7MJ7_normal.jpg',
            'profile_image_url_https': 'https://pbs.twimg.com/profile_images/1147230045431324674/ULCC7MJ7_normal.jpg',
            'profile_link_color': '1DA1F2',
            'profile_sidebar_border_color': 'C0DEED',
            'profile_sidebar_fill_color': 'DDEEF6',
            'profile_text_color': '333333',
            'profile_use_background_image': True,
            'protected': False,
            'screen_name': 'RaisinCountry',
            'statuses_count': 113,
            'time_zone': None,
            'translator_type': 'none',
            'url': 'https://t.co/KQwfO8GD7L',
            'utc_offset': None,
            'verified': False}}
----------Summary----------
{ 'entities': {},
  'id_str': '1154117277870120965',
  'retweeted_status': { 'entities': { 'urls': { 'display_url': 'twitter.com/i/web/status/1…',
                                                'expanded_url': 'https://twitter.com/i/web/status/1154093702366687232'}},
                        'id_str': '1154093702366687232',
                        'text': 'the best under the radar country artists of '
                                '2019! featuring some artists that i really '
                                'love right now: gabe lee emi '
                                'https://t.co/dbxfnmhp20',
                        'user': { 'entities': {},
                                  'id_str': '37604523',
                                  'twitter_user': 'gradywsmith'}},
  'text': 'rt @gradywsmith: the best under the radar country artists of 2019! '
          'featuring some artists that i really love right now: gabe lee emily '
          'scot',
  'user': { 'entities': {},
            'id_str': '1140681248735731713',
            'twitter_user': 'RaisinCountry'}}
----------Groups----------
{ 'Bitcoin': ['bitcoin', 'Bitcoin', 'btc', 'satoshi nakamoto'],
  'Ethereum': ['ethereum', 'Ethereum', 'eth', 'vitalik buterin'],
  'Litecoin': ['litecoin', 'Litecoin', 'ltc', 'charles lee'],
  'Monero': ['monero', 'Monero', 'xmr', 'riccardo spagni'],
  'Ripple': [ 'ripple',
              'Ripple',
              'xrp',
              'xrapid',
              'xcurrent',
              'chris larsen',
              'jed mccaleb']}
---------------------------Fetch-------2019-07-31 16:02:30.873201: Tweet filed under "misc":----------Data----------
{ 'contributors': None,
  'coordinates': None,
  'created_at': 'Wed Jul 24 18:44:38 +0000 2019',
  'entities': { 'hashtags': [],
                'symbols': [],
                'urls': [],
                'user_mentions': [ { 'id': 37604523,
                                     'id_str': '37604523',
                                     'indices': [3, 15],
                                     'name': 'Grady Smith',
                                     'screen_name': 'gradywsmith'}]},
  'favorite_count': 0,
  'favorited': False,
  'geo': None,
  'id': 1154100089952047106,
  'id_str': '1154100089952047106',
  'in_reply_to_screen_name': None,
  'in_reply_to_status_id': None,
  'in_reply_to_status_id_str': None,
  'in_reply_to_user_id': None,
  'in_reply_to_user_id_str': None,
  'is_quote_status': False,
  'lang': 'en',
  'metadata': {'iso_language_code': 'en', 'result_type': 'recent'},
  'place': None,
  'possibly_sensitive': False,
  'retweet_count': 14,
  'retweeted': False,
  'retweeted_status': { 'contributors': None,
                        'coordinates': None,
                        'created_at': 'Wed Jul 24 18:19:15 +0000 2019',
                        'entities': { 'hashtags': [],
                                      'symbols': [],
                                      'urls': [ { 'display_url': 'twitter.com/i/web/status/1…',
                                                  'expanded_url': 'https://twitter.com/i/web/status/1154093702366687232',
                                                  'indices': [117, 140],
                                                  'url': 'https://t.co/DbXfnmHP20'}],
                                      'user_mentions': []},
                        'favorite_count': 102,
                        'favorited': False,
                        'geo': None,
                        'id': 1154093702366687232,
                        'id_str': '1154093702366687232',
                        'in_reply_to_screen_name': None,
                        'in_reply_to_status_id': None,
                        'in_reply_to_status_id_str': None,
                        'in_reply_to_user_id': None,
                        'in_reply_to_user_id_str': None,
                        'is_quote_status': False,
                        'lang': 'en',
                        'metadata': { 'iso_language_code': 'en',
                                      'result_type': 'recent'},
                        'place': None,
                        'possibly_sensitive': False,
                        'retweet_count': 14,
                        'retweeted': False,
                        'source': '<a href="http://twitter.com" '
                                  'rel="nofollow">Twitter Web Client</a>',
                        'text': 'The Best Under the Radar Country Artists of '
                                '2019! Featuring some artists that I really '
                                'love right now:\n'
                                'Gabe Lee\n'
                                'Emi… https://t.co/DbXfnmHP20',
                        'truncated': True,
                        'user': { 'contributors_enabled': False,
                                  'created_at': 'Mon May 04 05:42:48 +0000 '
                                                '2009',
                                  'default_profile': False,
                                  'default_profile_image': False,
                                  'description': 'Country music YouTube dude '
                                                 'and sometimes journalist. I '
                                                 'used to write for @Guardian '
                                                 'and @EW, then I quit that '
                                                 'scene. Get in touch at '
                                                 'gradywsmith@gmail.com.',
                                  'entities': { 'description': {'urls': []},
                                                'url': { 'urls': [ { 'display_url': 'youtube.com/GradySmith',
                                                                     'expanded_url': 'http://youtube.com/GradySmith',
                                                                     'indices': [ 0,
                                                                                  23],
                                                                     'url': 'https://t.co/R0v9bXLtuK'}]}},
                                  'favourites_count': 7960,
                                  'follow_request_sent': None,
                                  'followers_count': 12168,
                                  'following': None,
                                  'friends_count': 98,
                                  'geo_enabled': False,
                                  'has_extended_profile': False,
                                  'id': 37604523,
                                  'id_str': '37604523',
                                  'is_translation_enabled': False,
                                  'is_translator': False,
                                  'lang': None,
                                  'listed_count': 227,
                                  'location': 'Charlottesville, VA',
                                  'name': 'Grady Smith',
                                  'notifications': None,
                                  'profile_background_color': '000000',
                                  'profile_background_image_url': 'http://abs.twimg.com/images/themes/theme1/bg.png',
                                  'profile_background_image_url_https': 'https://abs.twimg.com/images/themes/theme1/bg.png',
                                  'profile_background_tile': False,
                                  'profile_banner_url': 'https://pbs.twimg.com/profile_banners/37604523/1489882066',
                                  'profile_image_url': 'http://pbs.twimg.com/profile_images/841487941817925632/BDrVZ3UX_normal.jpg',
                                  'profile_image_url_https': 'https://pbs.twimg.com/profile_images/841487941817925632/BDrVZ3UX_normal.jpg',
                                  'profile_link_color': '068F67',
                                  'profile_sidebar_border_color': '000000',
                                  'profile_sidebar_fill_color': '000000',
                                  'profile_text_color': '000000',
                                  'profile_use_background_image': False,
                                  'protected': False,
                                  'screen_name': 'gradywsmith',
                                  'statuses_count': 11728,
                                  'time_zone': None,
                                  'translator_type': 'none',
                                  'url': 'https://t.co/R0v9bXLtuK',
                                  'utc_offset': None,
                                  'verified': True}},
  'source': '<a href="https://about.twitter.com/products/tweetdeck" '
            'rel="nofollow">TweetDeck</a>',
  'text': 'RT @gradywsmith: The Best Under the Radar Country Artists of 2019! '
          'Featuring some artists that I really love right now:\n'
          'Gabe Lee\n'
          'Emily Scot…',
  'truncated': False,
  'user': { 'contributors_enabled': False,
            'created_at': 'Tue Jun 23 14:21:16 +0000 2009',
            'default_profile': False,
            'default_profile_image': False,
            'description': 'Foxes - Strawberries - Music - A Molotov who '
                           "hasn't yet burned out in the night sky.  Older, "
                           'occasionally wiser, always wanting to learn more '
                           'and enjoy life.',
            'entities': {'description': {'urls': []}},
            'favourites_count': 2723,
            'follow_request_sent': None,
            'followers_count': 118,
            'following': None,
            'friends_count': 152,
            'geo_enabled': False,
            'has_extended_profile': True,
            'id': 49987511,
            'id_str': '49987511',
            'is_translation_enabled': False,
            'is_translator': False,
            'lang': None,
            'listed_count': 2,
            'location': 'New York, USA',
            'name': 'Toasty Red Fox',
            'notifications': None,
            'profile_background_color': '131516',
            'profile_background_image_url': 'http://abs.twimg.com/images/themes/theme9/bg.gif',
            'profile_background_image_url_https': 'https://abs.twimg.com/images/themes/theme9/bg.gif',
            'profile_background_tile': True,
            'profile_banner_url': 'https://pbs.twimg.com/profile_banners/49987511/1562721983',
            'profile_image_url': 'http://pbs.twimg.com/profile_images/1144608230187970560/rYPCHlGM_normal.png',
            'profile_image_url_https': 'https://pbs.twimg.com/profile_images/1144608230187970560/rYPCHlGM_normal.png',
            'profile_link_color': '19CF86',
            'profile_sidebar_border_color': '000000',
            'profile_sidebar_fill_color': 'C5C3DB',
            'profile_text_color': '333333',
            'profile_use_background_image': False,
            'protected': False,
            'screen_name': 'kzorrofuego',
            'statuses_count': 946,
            'time_zone': None,
            'translator_type': 'none',
            'url': None,
            'utc_offset': None,
            'verified': False}}
----------Summary----------
{ 'entities': {},
  'id_str': '1154100089952047106',
  'retweeted_status': { 'entities': { 'urls': { 'display_url': 'twitter.com/i/web/status/1…',
                                                'expanded_url': 'https://twitter.com/i/web/status/1154093702366687232'}},
                        'id_str': '1154093702366687232',
                        'text': 'the best under the radar country artists of '
                                '2019! featuring some artists that i really '
                                'love right now: gabe lee emi '
                                'https://t.co/dbxfnmhp20',
                        'user': { 'entities': {},
                                  'id_str': '37604523',
                                  'twitter_user': 'gradywsmith'}},
  'text': 'rt @gradywsmith: the best under the radar country artists of 2019! '
          'featuring some artists that i really love right now: gabe lee emily '
          'scot',
  'user': {'entities': {}, 'id_str': '49987511', 'twitter_user': 'kzorrofuego'}}
----------Groups----------
{ 'Bitcoin': ['bitcoin', 'Bitcoin', 'btc', 'satoshi nakamoto'],
  'Ethereum': ['ethereum', 'Ethereum', 'eth', 'vitalik buterin'],
  'Litecoin': ['litecoin', 'Litecoin', 'ltc', 'charles lee'],
  'Monero': ['monero', 'Monero', 'xmr', 'riccardo spagni'],
  'Ripple': [ 'ripple',
              'Ripple',
              'xrp',
              'xrapid',
              'xcurrent',
              'chris larsen',
              'jed mccaleb']}
---------------------------Fetch-------2019-07-31 16:02:31.185514: Tweet filed under "misc":----------Data----------
{ 'contributors': None,
  'coordinates': None,
  'created_at': 'Wed Jul 24 18:19:15 +0000 2019',
  'entities': { 'hashtags': [],
                'symbols': [],
                'urls': [ { 'display_url': 'twitter.com/i/web/status/1…',
                            'expanded_url': 'https://twitter.com/i/web/status/1154093702366687232',
                            'indices': [117, 140],
                            'url': 'https://t.co/DbXfnmHP20'}],
                'user_mentions': []},
  'favorite_count': 102,
  'favorited': False,
  'geo': None,
  'id': 1154093702366687232,
  'id_str': '1154093702366687232',
  'in_reply_to_screen_name': None,
  'in_reply_to_status_id': None,
  'in_reply_to_status_id_str': None,
  'in_reply_to_user_id': None,
  'in_reply_to_user_id_str': None,
  'is_quote_status': False,
  'lang': 'en',
  'metadata': {'iso_language_code': 'en', 'result_type': 'recent'},
  'place': None,
  'possibly_sensitive': False,
  'retweet_count': 14,
  'retweeted': False,
  'source': '<a href="http://twitter.com" rel="nofollow">Twitter Web '
            'Client</a>',
  'text': 'The Best Under the Radar Country Artists of 2019! Featuring some '
          'artists that I really love right now:\n'
          'Gabe Lee\n'
          'Emi… https://t.co/DbXfnmHP20',
  'truncated': True,
  'user': { 'contributors_enabled': False,
            'created_at': 'Mon May 04 05:42:48 +0000 2009',
            'default_profile': False,
            'default_profile_image': False,
            'description': 'Country music YouTube dude and sometimes '
                           'journalist. I used to write for @Guardian and @EW, '
                           'then I quit that scene. Get in touch at '
                           'gradywsmith@gmail.com.',
            'entities': { 'description': {'urls': []},
                          'url': { 'urls': [ { 'display_url': 'youtube.com/GradySmith',
                                               'expanded_url': 'http://youtube.com/GradySmith',
                                               'indices': [0, 23],
                                               'url': 'https://t.co/R0v9bXLtuK'}]}},
            'favourites_count': 7960,
            'follow_request_sent': None,
            'followers_count': 12168,
            'following': None,
            'friends_count': 98,
            'geo_enabled': False,
            'has_extended_profile': False,
            'id': 37604523,
            'id_str': '37604523',
            'is_translation_enabled': False,
            'is_translator': False,
            'lang': None,
            'listed_count': 227,
            'location': 'Charlottesville, VA',
            'name': 'Grady Smith',
            'notifications': None,
            'profile_background_color': '000000',
            'profile_background_image_url': 'http://abs.twimg.com/images/themes/theme1/bg.png',
            'profile_background_image_url_https': 'https://abs.twimg.com/images/themes/theme1/bg.png',
            'profile_background_tile': False,
            'profile_banner_url': 'https://pbs.twimg.com/profile_banners/37604523/1489882066',
            'profile_image_url': 'http://pbs.twimg.com/profile_images/841487941817925632/BDrVZ3UX_normal.jpg',
            'profile_image_url_https': 'https://pbs.twimg.com/profile_images/841487941817925632/BDrVZ3UX_normal.jpg',
            'profile_link_color': '068F67',
            'profile_sidebar_border_color': '000000',
            'profile_sidebar_fill_color': '000000',
            'profile_text_color': '000000',
            'profile_use_background_image': False,
            'protected': False,
            'screen_name': 'gradywsmith',
            'statuses_count': 11728,
            'time_zone': None,
            'translator_type': 'none',
            'url': 'https://t.co/R0v9bXLtuK',
            'utc_offset': None,
            'verified': True}}
----------Summary----------
{ 'entities': { 'urls': { 'display_url': 'twitter.com/i/web/status/1…',
                          'expanded_url': 'https://twitter.com/i/web/status/1154093702366687232'}},
  'id_str': '1154093702366687232',
  'text': 'the best under the radar country artists of 2019! featuring some '
          'artists that i really love right now: gabe lee emi '
          'https://t.co/dbxfnmhp20',
  'user': {'entities': {}, 'id_str': '37604523', 'twitter_user': 'gradywsmith'}}
----------Groups----------
{ 'Bitcoin': ['bitcoin', 'Bitcoin', 'btc', 'satoshi nakamoto'],
  'Ethereum': ['ethereum', 'Ethereum', 'eth', 'vitalik buterin'],
  'Litecoin': ['litecoin', 'Litecoin', 'ltc', 'charles lee'],
  'Monero': ['monero', 'Monero', 'xmr', 'riccardo spagni'],
  'Ripple': [ 'ripple',
              'Ripple',
              'xrp',
              'xrapid',
              'xcurrent',
              'chris larsen',
              'jed mccaleb']}
---------------------------Fetch-------2019-07-31 16:02:32.311326: Tweet filed under "misc":----------Data----------
{ 'contributors': None,
  'coordinates': None,
  'created_at': 'Wed Jul 24 16:59:00 +0000 2019',
  'entities': { 'hashtags': [],
                'symbols': [],
                'urls': [ { 'display_url': 'csmo.us/pZyFwju',
                            'expanded_url': 'http://csmo.us/pZyFwju',
                            'indices': [65, 88],
                            'url': 'https://t.co/ZMda2JwVQc'}],
                'user_mentions': [ { 'id': 23482952,
                                     'id_str': '23482952',
                                     'indices': [3, 16],
                                     'name': 'Cosmopolitan',
                                     'screen_name': 'Cosmopolitan'}]},
  'favorite_count': 0,
  'favorited': False,
  'geo': None,
  'id': 1154073508160266240,
  'id_str': '1154073508160266240',
  'in_reply_to_screen_name': None,
  'in_reply_to_status_id': None,
  'in_reply_to_status_id_str': None,
  'in_reply_to_user_id': None,
  'in_reply_to_user_id_str': None,
  'is_quote_status': False,
  'lang': 'en',
  'metadata': {'iso_language_code': 'en', 'result_type': 'recent'},
  'place': None,
  'possibly_sensitive': False,
  'retweet_count': 11,
  'retweeted': False,
  'retweeted_status': { 'contributors': None,
                        'coordinates': None,
                        'created_at': 'Tue Jul 23 22:43:26 +0000 2019',
                        'entities': { 'hashtags': [],
                                      'symbols': [],
                                      'urls': [ { 'display_url': 'csmo.us/pZyFwju',
                                                  'expanded_url': 'http://csmo.us/pZyFwju',
                                                  'indices': [47, 70],
                                                  'url': 'https://t.co/ZMda2JwVQc'}],
                                      'user_mentions': []},
                        'favorite_count': 27,
                        'favorited': False,
                        'geo': None,
                        'id': 1153797797637869568,
                        'id_str': '1153797797637869568',
                        'in_reply_to_screen_name': None,
                        'in_reply_to_status_id': None,
                        'in_reply_to_status_id_str': None,
                        'in_reply_to_user_id': None,
                        'in_reply_to_user_id_str': None,
                        'is_quote_status': False,
                        'lang': 'en',
                        'metadata': { 'iso_language_code': 'en',
                                      'result_type': 'recent'},
                        'place': None,
                        'possibly_sensitive': False,
                        'retweet_count': 11,
                        'retweeted': False,
                        'source': '<a href="http://www.socialflow.com" '
                                  'rel="nofollow">SocialFlow</a>',
                        'text': 'The Charles Manson Murder House is Up For '
                                'Sale https://t.co/ZMda2JwVQc',
                        'truncated': False,
                        'user': { 'contributors_enabled': False,
                                  'created_at': 'Mon Mar 09 19:11:03 +0000 '
                                                '2009',
                                  'default_profile': False,
                                  'default_profile_image': False,
                                  'description': '3 parts cranberry, 2 parts '
                                                 'vodka, .5 part triple sec, '
                                                 '.5 part lime.',
                                  'entities': { 'description': {'urls': []},
                                                'url': { 'urls': [ { 'display_url': 'cosmopolitan.com',
                                                                     'expanded_url': 'http://www.cosmopolitan.com',
                                                                     'indices': [ 0,
                                                                                  23],
                                                                     'url': 'https://t.co/y65SHhxl9k'}]}},
                                  'favourites_count': 18163,
                                  'follow_request_sent': None,
                                  'followers_count': 1674664,
                                  'following': None,
                                  'friends_count': 2211,
                                  'geo_enabled': True,
                                  'has_extended_profile': True,
                                  'id': 23482952,
                                  'id_str': '23482952',
                                  'is_translation_enabled': True,
                                  'is_translator': False,
                                  'lang': None,
                                  'listed_count': 7986,
                                  'location': 'New York, NY',
                                  'name': 'Cosmopolitan',
                                  'notifications': None,
                                  'profile_background_color': 'FFFFFF',
                                  'profile_background_image_url': 'http://abs.twimg.com/images/themes/theme1/bg.png',
                                  'profile_background_image_url_https': 'https://abs.twimg.com/images/themes/theme1/bg.png',
                                  'profile_background_tile': True,
                                  'profile_banner_url': 'https://pbs.twimg.com/profile_banners/23482952/1556127953',
                                  'profile_image_url': 'http://pbs.twimg.com/profile_images/995996391750107136/Uz6Zw4gO_normal.jpg',
                                  'profile_image_url_https': 'https://pbs.twimg.com/profile_images/995996391750107136/Uz6Zw4gO_normal.jpg',
                                  'profile_link_color': 'EF0088',
                                  'profile_sidebar_border_color': 'FFFFFF',
                                  'profile_sidebar_fill_color': 'E9E7E3',
                                  'profile_text_color': '333333',
                                  'profile_use_background_image': True,
                                  'protected': False,
                                  'screen_name': 'Cosmopolitan',
                                  'statuses_count': 209359,
                                  'time_zone': None,
                                  'translator_type': 'regular',
                                  'url': 'https://t.co/y65SHhxl9k',
                                  'utc_offset': None,
                                  'verified': True}},
  'source': '<a href="http://twitter.com/download/iphone" '
            'rel="nofollow">Twitter for iPhone</a>',
  'text': 'RT @Cosmopolitan: The Charles Manson Murder House is Up For Sale '
          'https://t.co/ZMda2JwVQc',
  'truncated': False,
  'user': { 'contributors_enabled': False,
            'created_at': 'Tue Sep 17 22:58:56 +0000 2013',
            'default_profile': False,
            'default_profile_image': False,
            'description': 'https://t.co/m8kQvTuEoy',
            'entities': { 'description': { 'urls': [ { 'display_url': 'youngliving.com/vo/#/signup/ne…',
                                                       'expanded_url': 'https://www.youngliving.com/vo/#/signup/new-start?sponsorid=18469306&enrollerid=18469306&isocountrycode=US&culture=en-US&type=member',
                                                       'indices': [0, 23],
                                                       'url': 'https://t.co/m8kQvTuEoy'}]},
                          'url': { 'urls': [ { 'display_url': 'instagram.com/essentiallyshe…',
                                               'expanded_url': 'https://www.instagram.com/essentiallyshelbs/',
                                               'indices': [0, 23],
                                               'url': 'https://t.co/nFXXswcYo9'}]}},
            'favourites_count': 9398,
            'follow_request_sent': None,
            'followers_count': 358,
            'following': None,
            'friends_count': 276,
            'geo_enabled': True,
            'has_extended_profile': True,
            'id': 1877241355,
            'id_str': '1877241355',
            'is_translation_enabled': False,
            'is_translator': False,
            'lang': None,
            'listed_count': 1,
            'location': '',
            'name': 'Shelby 🌻',
            'notifications': None,
            'profile_background_color': 'C0DEED',
            'profile_background_image_url': 'http://abs.twimg.com/images/themes/theme1/bg.png',
            'profile_background_image_url_https': 'https://abs.twimg.com/images/themes/theme1/bg.png',
            'profile_background_tile': True,
            'profile_banner_url': 'https://pbs.twimg.com/profile_banners/1877241355/1515373620',
            'profile_image_url': 'http://pbs.twimg.com/profile_images/1127360273218711552/W2m_6kPb_normal.jpg',
            'profile_image_url_https': 'https://pbs.twimg.com/profile_images/1127360273218711552/W2m_6kPb_normal.jpg',
            'profile_link_color': '0084B4',
            'profile_sidebar_border_color': 'FFFFFF',
            'profile_sidebar_fill_color': 'DDEEF6',
            'profile_text_color': '333333',
            'profile_use_background_image': True,
            'protected': False,
            'screen_name': 'Shelbbby_Lee',
            'statuses_count': 9721,
            'time_zone': None,
            'translator_type': 'none',
            'url': 'https://t.co/nFXXswcYo9',
            'utc_offset': None,
            'verified': False}}
----------Summary----------
{ 'entities': { 'urls': { 'display_url': 'csmo.us/pZyFwju',
                          'expanded_url': 'http://csmo.us/pZyFwju'}},
  'id_str': '1154073508160266240',
  'retweeted_status': { 'entities': { 'urls': { 'display_url': 'csmo.us/pZyFwju',
                                                'expanded_url': 'http://csmo.us/pZyFwju'}},
                        'id_str': '1153797797637869568',
                        'text': 'the charles manson murder house is up for '
                                'sale https://t.co/zmda2jwvqc',
                        'user': { 'entities': {},
                                  'id_str': '23482952',
                                  'twitter_user': 'Cosmopolitan'}},
  'text': 'rt @cosmopolitan: the charles manson murder house is up for sale '
          'https://t.co/zmda2jwvqc',
  'user': { 'entities': {},
            'id_str': '1877241355',
            'twitter_user': 'Shelbbby_Lee'}}
----------Groups----------
{ 'Bitcoin': ['bitcoin', 'Bitcoin', 'btc', 'satoshi nakamoto'],
  'Ethereum': ['ethereum', 'Ethereum', 'eth', 'vitalik buterin'],
  'Litecoin': ['litecoin', 'Litecoin', 'ltc', 'charles lee'],
  'Monero': ['monero', 'Monero', 'xmr', 'riccardo spagni'],
  'Ripple': [ 'ripple',
              'Ripple',
              'xrp',
              'xrapid',
              'xcurrent',
              'chris larsen',
              'jed mccaleb']}
---------------------------Fetch-------2019-07-31 16:02:38.455262: Tweet filed under "misc":----------Data----------
{ 'contributors': None,
  'coordinates': None,
  'created_at': 'Wed Jul 24 20:47:40 +0000 2019',
  'entities': { 'hashtags': [],
                'symbols': [],
                'urls': [],
                'user_mentions': [ { 'id': 972114284091183106,
                                     'id_str': '972114284091183106',
                                     'indices': [3, 11],
                                     'name': 'Noshyxa',
                                     'screen_name': 'Noshyxa'},
                                   { 'id': 969649866937745408,
                                     'id_str': '969649866937745408',
                                     'indices': [39, 51],
                                     'name': 'DERO',
                                     'screen_name': 'DeroProject'}]},
  'favorite_count': 0,
  'favorited': False,
  'geo': None,
  'id': 1154131054657064960,
  'id_str': '1154131054657064960',
  'in_reply_to_screen_name': None,
  'in_reply_to_status_id': None,
  'in_reply_to_status_id_str': None,
  'in_reply_to_user_id': None,
  'in_reply_to_user_id_str': None,
  'is_quote_status': False,
  'lang': 'en',
  'metadata': {'iso_language_code': 'en', 'result_type': 'recent'},
  'place': None,
  'retweet_count': 30,
  'retweeted': False,
  'retweeted_status': { 'contributors': None,
                        'coordinates': None,
                        'created_at': 'Wed Jul 24 18:53:42 +0000 2019',
                        'entities': { 'hashtags': [],
                                      'symbols': [],
                                      'urls': [ { 'display_url': 'twitter.com/i/web/status/1…',
                                                  'expanded_url': 'https://twitter.com/i/web/status/1154102374782447619',
                                                  'indices': [117, 140],
                                                  'url': 'https://t.co/VVKfiLeX2r'}],
                                      'user_mentions': [ { 'id': 969649866937745408,
                                                           'id_str': '969649866937745408',
                                                           'indices': [26, 38],
                                                           'name': 'DERO',
                                                           'screen_name': 'DeroProject'}]},
                        'favorite_count': 54,
                        'favorited': False,
                        'geo': None,
                        'id': 1154102374782447619,
                        'id_str': '1154102374782447619',
                        'in_reply_to_screen_name': None,
                        'in_reply_to_status_id': None,
                        'in_reply_to_status_id_str': None,
                        'in_reply_to_user_id': None,
                        'in_reply_to_user_id_str': None,
                        'is_quote_status': False,
                        'lang': 'en',
                        'metadata': { 'iso_language_code': 'en',
                                      'result_type': 'recent'},
                        'place': None,
                        'possibly_sensitive': False,
                        'retweet_count': 30,
                        'retweeted': False,
                        'source': '<a href="https://mobile.twitter.com" '
                                  'rel="nofollow">Twitter Web App</a>',
                        'text': 'I have been following the @DeroProject '
                                'project for more than a year. \n'
                                '\n'
                                'Today I decided to do an article on everythi… '
                                'https://t.co/VVKfiLeX2r',
                        'truncated': True,
                        'user': { 'contributors_enabled': False,
                                  'created_at': 'Fri Mar 09 14:18:01 +0000 '
                                                '2018',
                                  'default_profile': False,
                                  'default_profile_image': False,
                                  'description': 'Member of $dero community '
                                                 '🇫🇷\n'
                                                 '\n'
                                                 'Moderator discord Dero : '
                                                 'https://t.co/VlvO4GhsgW\n'
                                                 'Moderator telegram Dero FR : '
                                                 'https://t.co/jQs0UaM41t\n'
                                                 '\n'
                                                 'My respect to the entire '
                                                 'crypto community',
                                  'entities': { 'description': { 'urls': [ { 'display_url': 'discord.gg/39rvSC5',
                                                                             'expanded_url': 'http://discord.gg/39rvSC5',
                                                                             'indices': [ 55,
                                                                                          78],
                                                                             'url': 'https://t.co/VlvO4GhsgW'},
                                                                           { 'display_url': 't.me/DERO_FR',
                                                                             'expanded_url': 'http://t.me/DERO_FR',
                                                                             'indices': [ 108,
                                                                                          131],
                                                                             'url': 'https://t.co/jQs0UaM41t'}]}},
                                  'favourites_count': 295,
                                  'follow_request_sent': None,
                                  'followers_count': 70,
                                  'following': None,
                                  'friends_count': 10,
                                  'geo_enabled': False,
                                  'has_extended_profile': False,
                                  'id': 972114284091183106,
                                  'id_str': '972114284091183106',
                                  'is_translation_enabled': False,
                                  'is_translator': False,
                                  'lang': None,
                                  'listed_count': 0,
                                  'location': '',
                                  'name': 'Noshyxa',
                                  'notifications': None,
                                  'profile_background_color': '000000',
                                  'profile_background_image_url': 'http://abs.twimg.com/images/themes/theme1/bg.png',
                                  'profile_background_image_url_https': 'https://abs.twimg.com/images/themes/theme1/bg.png',
                                  'profile_background_tile': False,
                                  'profile_banner_url': 'https://pbs.twimg.com/profile_banners/972114284091183106/1555969776',
                                  'profile_image_url': 'http://pbs.twimg.com/profile_images/1120444717467090944/PTbwKaUO_normal.png',
                                  'profile_image_url_https': 'https://pbs.twimg.com/profile_images/1120444717467090944/PTbwKaUO_normal.png',
                                  'profile_link_color': 'ABB8C2',
                                  'profile_sidebar_border_color': '000000',
                                  'profile_sidebar_fill_color': '000000',
                                  'profile_text_color': '000000',
                                  'profile_use_background_image': False,
                                  'protected': False,
                                  'screen_name': 'Noshyxa',
                                  'statuses_count': 104,
                                  'time_zone': None,
                                  'translator_type': 'none',
                                  'url': None,
                                  'utc_offset': None,
                                  'verified': False}},
  'source': '<a href="https://mobile.twitter.com" rel="nofollow">Twitter Web '
            'App</a>',
  'text': 'RT @Noshyxa: I have been following the @DeroProject project for '
          'more than a year. \n'
          '\n'
          'Today I decided to do an article on everything I could…',
  'truncated': False,
  'user': { 'contributors_enabled': False,
            'created_at': 'Wed Dec 06 03:14:03 +0000 2017',
            'default_profile': True,
            'default_profile_image': False,
            'description': '21st Century CryptoMagi\n'
                           '\n'
                           '#BTC\n'
                           '#DGB\n'
                           '#SAFEX\n'
                           '#RVN\n'
                           '#ACM\n'
                           '#Dero\n'
                           '#Graft\n'
                           '#BTCZ\n'
                           '#ADA\n'
                           'Blockchain/Dag Evangelist\n'
                           '\n'
                           'Digibyte tips address\n'
                           '\n'
                           'DM6JDjcQk6XySWf1einMZ3hkKoWG4x3YUo',
            'entities': {'description': {'urls': []}},
            'favourites_count': 2729,
            'follow_request_sent': None,
            'followers_count': 329,
            'following': None,
            'friends_count': 1442,
            'geo_enabled': False,
            'has_extended_profile': False,
            'id': 938245123191619584,
            'id_str': '938245123191619584',
            'is_translation_enabled': False,
            'is_translator': False,
            'lang': None,
            'listed_count': 2,
            'location': 'At the Blockchain Space',
            'name': 'Krypto Magi',
            'notifications': None,
            'profile_background_color': 'F5F8FA',
            'profile_background_image_url': None,
            'profile_background_image_url_https': None,
            'profile_background_tile': False,
            'profile_banner_url': 'https://pbs.twimg.com/profile_banners/938245123191619584/1562605066',
            'profile_image_url': 'http://pbs.twimg.com/profile_images/1011301223125868544/3J5IoE-K_normal.jpg',
            'profile_image_url_https': 'https://pbs.twimg.com/profile_images/1011301223125868544/3J5IoE-K_normal.jpg',
            'profile_link_color': '1DA1F2',
            'profile_sidebar_border_color': 'C0DEED',
            'profile_sidebar_fill_color': 'DDEEF6',
            'profile_text_color': '333333',
            'profile_use_background_image': True,
            'protected': False,
            'screen_name': 'CryptoMessiah1',
            'statuses_count': 1199,
            'time_zone': None,
            'translator_type': 'none',
            'url': None,
            'utc_offset': None,
            'verified': False}}
----------Summary----------
{ 'entities': {},
  'id_str': '1154131054657064960',
  'retweeted_status': { 'entities': { 'urls': { 'display_url': 'twitter.com/i/web/status/1…',
                                                'expanded_url': 'https://twitter.com/i/web/status/1154102374782447619'}},
                        'id_str': '1154102374782447619',
                        'text': 'i have been following the @deroproject '
                                'project for more than a year.   today i '
                                'decided to do an article on everythi '
                                'https://t.co/vvkfilex2r',
                        'user': { 'entities': {},
                                  'id_str': '972114284091183106',
                                  'twitter_user': 'Noshyxa'}},
  'text': 'rt @noshyxa: i have been following the @deroproject project for '
          'more than a year.   today i decided to do an article on everything '
          'i could',
  'user': { 'entities': {},
            'id_str': '938245123191619584',
            'twitter_user': 'CryptoMessiah1'}}
----------Groups----------
{ 'Bitcoin': ['bitcoin', 'Bitcoin', 'btc', 'satoshi nakamoto'],
  'Ethereum': ['ethereum', 'Ethereum', 'eth', 'vitalik buterin'],
  'Litecoin': ['litecoin', 'Litecoin', 'ltc', 'charles lee'],
  'Monero': ['monero', 'Monero', 'xmr', 'riccardo spagni'],
  'Ripple': [ 'ripple',
              'Ripple',
              'xrp',
              'xrapid',
              'xcurrent',
              'chris larsen',
              'jed mccaleb']}
----------------------------------------2019-07-31 17:04:05.805284: Tweet filed under "misc":----------Data----------
{ 'contributors': None,
  'coordinates': None,
  'created_at': 'Wed Jul 31 21:03:59 +0000 2019',
  'entities': { 'hashtags': [{'indices': [13, 21], 'text': 'TheBest'}],
                'symbols': [],
                'urls': [],
                'user_mentions': [ { 'id': 153000691,
                                     'id_str': '153000691',
                                     'indices': [3, 11],
                                     'name': 'AFC Ajax',
                                     'screen_name': 'AFCAjax'},
                                   { 'id': 627673190,
                                     'id_str': '627673190',
                                     'indices': [107, 123],
                                     'name': 'UEFA Champions League',
                                     'screen_name': 'ChampionsLeague'}]},
  'favorite_count': 0,
  'favorited': False,
  'filter_level': 'low',
  'geo': None,
  'id': 1156671874526568448,
  'id_str': '1156671874526568448',
  'in_reply_to_screen_name': None,
  'in_reply_to_status_id': None,
  'in_reply_to_status_id_str': None,
  'in_reply_to_user_id': None,
  'in_reply_to_user_id_str': None,
  'is_quote_status': False,
  'lang': 'en',
  'place': None,
  'quote_count': 0,
  'reply_count': 0,
  'retweet_count': 0,
  'retweeted': False,
  'retweeted_status': { 'contributors': None,
                        'coordinates': None,
                        'created_at': 'Wed Jul 31 17:07:01 +0000 2019',
                        'entities': { 'hashtags': [ { 'indices': [0, 8],
                                                      'text': 'TheBest'}],
                                      'symbols': [],
                                      'urls': [ { 'display_url': 'Ajax.ms/ETH',
                                                  'expanded_url': 'http://Ajax.ms/ETH',
                                                  'indices': [124, 147],
                                                  'url': 'https://t.co/N4Vd16Oqin'}],
                                      'user_mentions': [ { 'id': 627673190,
                                                           'id_str': '627673190',
                                                           'indices': [94, 110],
                                                           'name': 'UEFA '
                                                                   'Champions '
                                                                   'League',
                                                           'screen_name': 'ChampionsLeague'}]},
                        'favorite_count': 1371,
                        'favorited': False,
                        'filter_level': 'low',
                        'geo': None,
                        'id': 1156612241577402368,
                        'id_str': '1156612241577402368',
                        'in_reply_to_screen_name': None,
                        'in_reply_to_status_id': None,
                        'in_reply_to_status_id_str': None,
                        'in_reply_to_user_id': None,
                        'in_reply_to_user_id_str': None,
                        'is_quote_status': False,
                        'lang': 'en',
                        'place': None,
                        'possibly_sensitive': False,
                        'quote_count': 8,
                        'reply_count': 16,
                        'retweet_count': 111,
                        'retweeted': False,
                        'source': '<a href="https://ads-api.twitter.com" '
                                  'rel="nofollow">Twitter Ads Composer</a>',
                        'text': '#TheBest Men’s Coach Candidate 😱\n'
                                '\n'
                                '🧠 Erik ten Hag\n'
                                '\n'
                                '❌ Dutch Championship &amp; Cup\n'
                                '❌ Semi-final @ChampionsLeague\n'
                                '❌ VOTE -&gt; https://t.co/N4Vd16Oqin',
                        'truncated': False,
                        'user': { 'contributors_enabled': False,
                                  'created_at': 'Mon Jun 07 12:32:21 +0000 '
                                                '2010',
                                  'default_profile': False,
                                  'default_profile_image': False,
                                  'description': 'Official AFC Ajax Twitter '
                                                 'account. English: '
                                                 '@AFCAjax_EN Support: '
                                                 '@AjaxFancare',
                                  'favourites_count': 2168,
                                  'follow_request_sent': None,
                                  'followers_count': 1207669,
                                  'following': None,
                                  'friends_count': 94,
                                  'geo_enabled': False,
                                  'id': 153000691,
                                  'id_str': '153000691',
                                  'is_translator': False,
                                  'lang': None,
                                  'listed_count': 3109,
                                  'location': 'Johan Cruijff ArenA',
                                  'name': 'AFC Ajax',
                                  'notifications': None,
                                  'profile_background_color': 'C20518',
                                  'profile_background_image_url': 'http://abs.twimg.com/images/themes/theme1/bg.png',
                                  'profile_background_image_url_https': 'https://abs.twimg.com/images/themes/theme1/bg.png',
                                  'profile_background_tile': False,
                                  'profile_banner_url': 'https://pbs.twimg.com/profile_banners/153000691/1564256410',
                                  'profile_image_url': 'http://pbs.twimg.com/profile_images/1074351770950868994/A-IF3u71_normal.jpg',
                                  'profile_image_url_https': 'https://pbs.twimg.com/profile_images/1074351770950868994/A-IF3u71_normal.jpg',
                                  'profile_link_color': 'C20518',
                                  'profile_sidebar_border_color': 'FFFFFF',
                                  'profile_sidebar_fill_color': 'F2F2F2',
                                  'profile_text_color': '828282',
                                  'profile_use_background_image': True,
                                  'protected': False,
                                  'screen_name': 'AFCAjax',
                                  'statuses_count': 61583,
                                  'time_zone': None,
                                  'translator_type': 'none',
                                  'url': 'http://www.ajax.nl',
                                  'utc_offset': None,
                                  'verified': True}},
  'source': '<a href="http://twitter.com/download/android" '
            'rel="nofollow">Twitter for Android</a>',
  'text': 'RT @AFCAjax: #TheBest Men’s Coach Candidate 😱\n'
          '\n'
          '🧠 Erik ten Hag\n'
          '\n'
          '❌ Dutch Championship &amp; Cup\n'
          '❌ Semi-final @ChampionsLeague\n'
          '❌ VOTE -&gt; https://t…',
  'timestamp_ms': '1564607039468',
  'truncated': False,
  'user': { 'contributors_enabled': False,
            'created_at': 'Wed Jan 14 04:47:00 +0000 2015',
            'default_profile': True,
            'default_profile_image': False,
            'description': 'Lic. Estudios Latinoamericanos\n'
                           'Universidad Nacional Autónoma de México.\n'
                           'Pasión y vocación: La educación.',
            'favourites_count': 194796,
            'follow_request_sent': None,
            'followers_count': 2296,
            'following': None,
            'friends_count': 5002,
            'geo_enabled': True,
            'id': 2981594310,
            'id_str': '2981594310',
            'is_translator': False,
            'lang': None,
            'listed_count': 566,
            'location': None,
            'name': 'Eduardo Jiménez',
            'notifications': None,
            'profile_background_color': 'C0DEED',
            'profile_background_image_url': 'http://abs.twimg.com/images/themes/theme1/bg.png',
            'profile_background_image_url_https': 'https://abs.twimg.com/images/themes/theme1/bg.png',
            'profile_background_tile': False,
            'profile_image_url': 'http://pbs.twimg.com/profile_images/1150228749453078528/Fae7lbRG_normal.jpg',
            'profile_image_url_https': 'https://pbs.twimg.com/profile_images/1150228749453078528/Fae7lbRG_normal.jpg',
            'profile_link_color': '1DA1F2',
            'profile_sidebar_border_color': 'C0DEED',
            'profile_sidebar_fill_color': 'DDEEF6',
            'profile_text_color': '333333',
            'profile_use_background_image': True,
            'protected': False,
            'screen_name': 'lalojimjuarez',
            'statuses_count': 401679,
            'time_zone': None,
            'translator_type': 'none',
            'url': None,
            'utc_offset': None,
            'verified': False}}
----------Summary----------
{ 'entities': {},
  'id_str': '1156671874526568448',
  'retweeted_status': { 'entities': { 'urls': { 'display_url': 'Ajax.ms/ETH',
                                                'expanded_url': 'http://Ajax.ms/ETH'}},
                        'id_str': '1156612241577402368',
                        'text': '#thebest mens coach candidate    erik ten '
                                'hag   dutch championship &amp; cup  '
                                'semi-final @championsleague  vote -&gt; '
                                'https://t.co/n4vd16oqin',
                        'user': { 'id_str': '153000691',
                                  'twitter_user': 'AFCAjax'}},
  'text': 'rt @afcajax: #thebest mens coach candidate    erik ten hag   dutch '
          'championship &amp; cup  semi-final @championsleague  vote -&gt; '
          'https://t',
  'user': {'id_str': '2981594310', 'twitter_user': 'lalojimjuarez'}}
----------Groups----------
{ 'Bitcoin': ['bitcoin', 'Bitcoin', 'btc', 'satoshi nakamoto'],
  'Ethereum': ['ethereum', 'Ethereum', 'eth', 'vitalik buterin'],
  'Litecoin': ['litecoin', 'Litecoin', 'ltc', 'charles lee'],
  'Monero': ['monero', 'Monero', 'xmr', 'riccardo spagni'],
  'Ripple': [ 'ripple',
              'Ripple',
              'xrp',
              'xrapid',
              'xcurrent',
              'chris larsen',
              'jed mccaleb']}
----------------------------------------2019-07-31 17:09:44.528573: Tweet filed under "misc":----------Data----------
{ 'contributors': None,
  'coordinates': None,
  'created_at': 'Wed Jul 31 21:09:40 +0000 2019',
  'entities': { 'hashtags': [{'indices': [13, 21], 'text': 'TheBest'}],
                'symbols': [],
                'urls': [],
                'user_mentions': [ { 'id': 153000691,
                                     'id_str': '153000691',
                                     'indices': [3, 11],
                                     'name': 'AFC Ajax',
                                     'screen_name': 'AFCAjax'},
                                   { 'id': 627673190,
                                     'id_str': '627673190',
                                     'indices': [107, 123],
                                     'name': 'UEFA Champions League',
                                     'screen_name': 'ChampionsLeague'}]},
  'favorite_count': 0,
  'favorited': False,
  'filter_level': 'low',
  'geo': None,
  'id': 1156673304507424770,
  'id_str': '1156673304507424770',
  'in_reply_to_screen_name': None,
  'in_reply_to_status_id': None,
  'in_reply_to_status_id_str': None,
  'in_reply_to_user_id': None,
  'in_reply_to_user_id_str': None,
  'is_quote_status': False,
  'lang': 'en',
  'place': None,
  'quote_count': 0,
  'reply_count': 0,
  'retweet_count': 0,
  'retweeted': False,
  'retweeted_status': { 'contributors': None,
                        'coordinates': None,
                        'created_at': 'Wed Jul 31 17:07:01 +0000 2019',
                        'entities': { 'hashtags': [ { 'indices': [0, 8],
                                                      'text': 'TheBest'}],
                                      'symbols': [],
                                      'urls': [ { 'display_url': 'Ajax.ms/ETH',
                                                  'expanded_url': 'http://Ajax.ms/ETH',
                                                  'indices': [124, 147],
                                                  'url': 'https://t.co/N4Vd16Oqin'}],
                                      'user_mentions': [ { 'id': 627673190,
                                                           'id_str': '627673190',
                                                           'indices': [94, 110],
                                                           'name': 'UEFA '
                                                                   'Champions '
                                                                   'League',
                                                           'screen_name': 'ChampionsLeague'}]},
                        'favorite_count': 1396,
                        'favorited': False,
                        'filter_level': 'low',
                        'geo': None,
                        'id': 1156612241577402368,
                        'id_str': '1156612241577402368',
                        'in_reply_to_screen_name': None,
                        'in_reply_to_status_id': None,
                        'in_reply_to_status_id_str': None,
                        'in_reply_to_user_id': None,
                        'in_reply_to_user_id_str': None,
                        'is_quote_status': False,
                        'lang': 'en',
                        'place': None,
                        'possibly_sensitive': False,
                        'quote_count': 8,
                        'reply_count': 16,
                        'retweet_count': 112,
                        'retweeted': False,
                        'source': '<a href="https://ads-api.twitter.com" '
                                  'rel="nofollow">Twitter Ads Composer</a>',
                        'text': '#TheBest Men’s Coach Candidate 😱\n'
                                '\n'
                                '🧠 Erik ten Hag\n'
                                '\n'
                                '❌ Dutch Championship &amp; Cup\n'
                                '❌ Semi-final @ChampionsLeague\n'
                                '❌ VOTE -&gt; https://t.co/N4Vd16Oqin',
                        'truncated': False,
                        'user': { 'contributors_enabled': False,
                                  'created_at': 'Mon Jun 07 12:32:21 +0000 '
                                                '2010',
                                  'default_profile': False,
                                  'default_profile_image': False,
                                  'description': 'Official AFC Ajax Twitter '
                                                 'account. English: '
                                                 '@AFCAjax_EN Support: '
                                                 '@AjaxFancare',
                                  'favourites_count': 2168,
                                  'follow_request_sent': None,
                                  'followers_count': 1207683,
                                  'following': None,
                                  'friends_count': 94,
                                  'geo_enabled': False,
                                  'id': 153000691,
                                  'id_str': '153000691',
                                  'is_translator': False,
                                  'lang': None,
                                  'listed_count': 3109,
                                  'location': 'Johan Cruijff ArenA',
                                  'name': 'AFC Ajax',
                                  'notifications': None,
                                  'profile_background_color': 'C20518',
                                  'profile_background_image_url': 'http://abs.twimg.com/images/themes/theme1/bg.png',
                                  'profile_background_image_url_https': 'https://abs.twimg.com/images/themes/theme1/bg.png',
                                  'profile_background_tile': False,
                                  'profile_banner_url': 'https://pbs.twimg.com/profile_banners/153000691/1564256410',
                                  'profile_image_url': 'http://pbs.twimg.com/profile_images/1074351770950868994/A-IF3u71_normal.jpg',
                                  'profile_image_url_https': 'https://pbs.twimg.com/profile_images/1074351770950868994/A-IF3u71_normal.jpg',
                                  'profile_link_color': 'C20518',
                                  'profile_sidebar_border_color': 'FFFFFF',
                                  'profile_sidebar_fill_color': 'F2F2F2',
                                  'profile_text_color': '828282',
                                  'profile_use_background_image': True,
                                  'protected': False,
                                  'screen_name': 'AFCAjax',
                                  'statuses_count': 61583,
                                  'time_zone': None,
                                  'translator_type': 'none',
                                  'url': 'http://www.ajax.nl',
                                  'utc_offset': None,
                                  'verified': True}},
  'source': '<a href="http://twitter.com/download/android" '
            'rel="nofollow">Twitter for Android</a>',
  'text': 'RT @AFCAjax: #TheBest Men’s Coach Candidate 😱\n'
          '\n'
          '🧠 Erik ten Hag\n'
          '\n'
          '❌ Dutch Championship &amp; Cup\n'
          '❌ Semi-final @ChampionsLeague\n'
          '❌ VOTE -&gt; https://t…',
  'timestamp_ms': '1564607380402',
  'truncated': False,
  'user': { 'contributors_enabled': False,
            'created_at': 'Fri Jun 09 18:17:35 +0000 2017',
            'default_profile': True,
            'default_profile_image': False,
            'description': None,
            'favourites_count': 36652,
            'follow_request_sent': None,
            'followers_count': 225,
            'following': None,
            'friends_count': 416,
            'geo_enabled': True,
            'id': 873242688593817606,
            'id_str': '873242688593817606',
            'is_translator': False,
            'lang': None,
            'listed_count': 1,
            'location': 'Kumasi, Ghana',
            'name': 'Alex Thompson kofi',
            'notifications': None,
            'profile_background_color': 'F5F8FA',
            'profile_background_image_url': '',
            'profile_background_image_url_https': '',
            'profile_background_tile': False,
            'profile_image_url': 'http://pbs.twimg.com/profile_images/1037383068238184448/KyZQJl_3_normal.jpg',
            'profile_image_url_https': 'https://pbs.twimg.com/profile_images/1037383068238184448/KyZQJl_3_normal.jpg',
            'profile_link_color': '1DA1F2',
            'profile_sidebar_border_color': 'C0DEED',
            'profile_sidebar_fill_color': 'DDEEF6',
            'profile_text_color': '333333',
            'profile_use_background_image': True,
            'protected': False,
            'screen_name': 'AlexTho99475974',
            'statuses_count': 36671,
            'time_zone': None,
            'translator_type': 'none',
            'url': None,
            'utc_offset': None,
            'verified': False}}
----------Summary----------
{ 'entities': {},
  'id_str': '1156673304507424770',
  'retweeted_status': { 'entities': { 'urls': { 'display_url': 'Ajax.ms/ETH',
                                                'expanded_url': 'http://Ajax.ms/ETH'}},
                        'id_str': '1156612241577402368',
                        'text': '#thebest mens coach candidate    erik ten '
                                'hag   dutch championship &amp; cup  '
                                'semi-final @championsleague  vote -&gt; '
                                'https://t.co/n4vd16oqin',
                        'user': { 'id_str': '153000691',
                                  'twitter_user': 'AFCAjax'}},
  'text': 'rt @afcajax: #thebest mens coach candidate    erik ten hag   dutch '
          'championship &amp; cup  semi-final @championsleague  vote -&gt; '
          'https://t',
  'user': {'id_str': '873242688593817606', 'twitter_user': 'AlexTho99475974'}}
----------Groups----------
{ 'Bitcoin': ['bitcoin', 'Bitcoin', 'btc', 'satoshi nakamoto'],
  'Ethereum': ['ethereum', 'Ethereum', 'eth', 'vitalik buterin'],
  'Litecoin': ['litecoin', 'Litecoin', 'ltc', 'charles lee'],
  'Monero': ['monero', 'Monero', 'xmr', 'riccardo spagni'],
  'Ripple': [ 'ripple',
              'Ripple',
              'xrp',
              'xrapid',
              'xcurrent',
              'chris larsen',
              'jed mccaleb']}
--------------------